Java HotSpot(TM) 64-Bit Server VM (25.131-b11) for windows-amd64 JRE (1.8.0_131-b11), built on Mar 15 2017 01:23:53 by "java_re" with MS VC++ 10.0 (VS2010)
Memory: 4k page, physical 8300384k(4837836k free), swap 10266464k(5805964k free)
CommandLine flags: -XX:InitialHeapSize=536870912 -XX:MaxHeapSize=536870912 -XX:+PrintGC -XX:+PrintGCDateStamps -XX:+PrintGCDetails -XX:+PrintGCTimeStamps -XX:+UseCompressedClassPointers -XX:+UseCompressedOops -XX:-UseConcMarkSweepGC -XX:-UseLargePagesIndividualAllocation -XX:-UseParallelGC -XX:+UseSerialGC 
2018-05-21T21:26:29.965+0500: 0.439: [GC (Allocation Failure) 2018-05-21T21:26:29.965+0500: 0.439: [DefNew: 139776K->17472K(157248K), 0.4060224 secs] 335088K->324489K(506816K), 0.4062247 secs] [Times: user=0.34 sys=0.05, real=0.41 secs] 
2018-05-21T21:26:30.418+0500: 0.880: [GC (Allocation Failure) 2018-05-21T21:26:30.418+0500: 0.880: [DefNew: 157248K->157248K(157248K), 0.0000184 secs]2018-05-21T21:26:30.418+0500: 0.880: [Tenured: 307017K->349568K(349568K), 0.8170189 secs] 464265K->464264K(506816K), [Metaspace: 5311K->5311K(1056768K)], 0.8171249 secs] [Times: user=0.78 sys=0.02, real=0.81 secs] 
2018-05-21T21:26:31.418+0500: 1.879: [Full GC (Allocation Failure) 2018-05-21T21:26:31.418+0500: 1.879: [Tenured: 349568K->349568K(349568K), 0.5900607 secs] 506815K->506815K(506816K), [Metaspace: 5311K->5311K(1056768K)], 0.5901300 secs] [Times: user=0.58 sys=0.00, real=0.58 secs] 
2018-05-21T21:26:31.996+0500: 2.470: [Full GC (Allocation Failure) 2018-05-21T21:26:31.996+0500: 2.470: [Tenured: 349568K->349568K(349568K), 0.5699772 secs] 506815K->506815K(506816K), [Metaspace: 5311K->5311K(1056768K)], 0.5700306 secs] [Times: user=0.58 sys=0.00, real=0.58 secs] 
2018-05-21T21:26:32.574+0500: 3.040: [Full GC (Allocation Failure) 2018-05-21T21:26:32.574+0500: 3.040: [Tenured: 349568K->349567K(349568K), 0.7154371 secs] 506815K->506748K(506816K), [Metaspace: 5311K->5311K(1056768K)], 0.7154850 secs] [Times: user=0.72 sys=0.00, real=0.72 secs] 
2018-05-21T21:26:33.293+0500: 3.756: [Full GC (Allocation Failure) 2018-05-21T21:26:33.293+0500: 3.756: [Tenured: 349567K->349567K(349568K), 0.5762175 secs] 506815K->506815K(506816K), [Metaspace: 5312K->5312K(1056768K)], 0.5762663 secs] [Times: user=0.58 sys=0.00, real=0.58 secs] 
2018-05-21T21:26:33.871+0500: 4.332: [Full GC (Allocation Failure) 2018-05-21T21:26:33.871+0500: 4.332: [Tenured: 349567K->349567K(349568K), 0.7522582 secs] 506815K->506815K(506816K), [Metaspace: 5312K->5312K(1056768K)], 0.7523096 secs] [Times: user=0.67 sys=0.08, real=0.75 secs] 
2018-05-21T21:26:34.621+0500: 5.085: [Full GC (Allocation Failure) 2018-05-21T21:26:34.621+0500: 5.085: [Tenured: 349567K->349567K(349568K), 0.8365139 secs] 506815K->506815K(506816K), [Metaspace: 5312K->5312K(1056768K)], 0.8365601 secs] [Times: user=0.81 sys=0.02, real=0.83 secs] 
2018-05-21T21:26:35.449+0500: 5.921: [Full GC (Allocation Failure) 2018-05-21T21:26:35.449+0500: 5.921: [Tenured: 349567K->349567K(349568K), 0.7258877 secs] 506815K->506815K(506816K), [Metaspace: 5312K->5312K(1056768K)], 0.7259361 secs] [Times: user=0.69 sys=0.05, real=0.73 secs] 
2018-05-21T21:26:36.183+0500: 6.647: [Full GC (Allocation Failure) 2018-05-21T21:26:36.183+0500: 6.647: [Tenured: 349567K->349567K(349568K), 0.7382564 secs] 506815K->506815K(506816K), [Metaspace: 5312K->5312K(1056768K)], 0.7383021 secs] [Times: user=0.72 sys=0.02, real=0.73 secs] 
2018-05-21T21:26:36.918+0500: 7.386: [Full GC (Allocation Failure) 2018-05-21T21:26:36.918+0500: 7.386: [Tenured: 349567K->714K(349568K), 0.1082155 secs] 506815K->714K(506816K), [Metaspace: 5312K->5312K(1056768K)], 0.1082638 secs] [Times: user=0.11 sys=0.00, real=0.11 secs] 
Heap
 def new generation   total 157248K, used 7706K [0x00000000e0000000, 0x00000000eaaa0000, 0x00000000eaaa0000)
  eden space 139776K,   5% used [0x00000000e0000000, 0x00000000e07869e0, 0x00000000e8880000)
  from space 17472K,   0% used [0x00000000e9990000, 0x00000000e9990000, 0x00000000eaaa0000)
  to   space 17472K,   0% used [0x00000000e8880000, 0x00000000e8880000, 0x00000000e9990000)
 tenured generation   total 349568K, used 714K [0x00000000eaaa0000, 0x0000000100000000, 0x0000000100000000)
   the space 349568K,   0% used [0x00000000eaaa0000, 0x00000000eab52ad8, 0x00000000eab52c00, 0x0000000100000000)
 Metaspace       used 5329K, capacity 5356K, committed 5632K, reserved 1056768K
  class space    used 633K, capacity 652K, committed 768K, reserved 1048576K
