Java HotSpot(TM) 64-Bit Server VM (25.131-b11) for windows-amd64 JRE (1.8.0_131-b11), built on Mar 15 2017 01:23:53 by "java_re" with MS VC++ 10.0 (VS2010)
Memory: 4k page, physical 8300384k(3033212k free), swap 14135860k(3219044k free)
CommandLine flags: -XX:InitialHeapSize=536870912 -XX:MaxHeapSize=536870912 -XX:+PrintGC -XX:+PrintGCDateStamps -XX:+PrintGCDetails -XX:+PrintGCTimeStamps -XX:+UseCompressedClassPointers -XX:+UseCompressedOops -XX:-UseConcMarkSweepGC -XX:-UseLargePagesIndividualAllocation -XX:-UseParallelGC -XX:+UseSerialGC 
2018-03-16T23:56:14.463+0500: 0.388: [GC (Allocation Failure) 2018-03-16T23:56:14.464+0500: 0.388: [DefNew: 139776K->17472K(157248K), 0.3673211 secs] 139776K->128925K(506816K), 0.3675251 secs] [Times: user=0.31 sys=0.05, real=0.37 secs] 
2018-03-16T23:56:14.890+0500: 0.814: [GC (Allocation Failure) 2018-03-16T23:56:14.890+0500: 0.814: [DefNew: 157248K->17472K(157248K), 0.4072451 secs] 268701K->262683K(506816K), 0.4073136 secs] [Times: user=0.28 sys=0.11, real=0.41 secs] 
2018-03-16T23:56:15.338+0500: 1.262: [GC (Allocation Failure) 2018-03-16T23:56:15.338+0500: 1.262: [DefNew: 157248K->157248K(157248K), 0.0000231 secs]2018-03-16T23:56:15.338+0500: 1.262: [Tenured: 245211K->187609K(349568K), 0.6626531 secs] 402459K->187609K(506816K), [Metaspace: 5317K->5317K(1056768K)], 0.6627802 secs] [Times: user=0.66 sys=0.00, real=0.66 secs] 
2018-03-16T23:56:16.040+0500: 1.964: [GC (Allocation Failure) 2018-03-16T23:56:16.040+0500: 1.964: [DefNew: 139776K->17471K(157248K), 0.2915554 secs] 327385K->324588K(506816K), 0.2916226 secs] [Times: user=0.28 sys=0.00, real=0.29 secs] 
2018-03-16T23:56:16.358+0500: 2.282: [GC (Allocation Failure) 2018-03-16T23:56:16.358+0500: 2.282: [DefNew: 157247K->157247K(157248K), 0.0000175 secs]2018-03-16T23:56:16.358+0500: 2.282: [Tenured: 307116K->34676K(349568K), 0.1785073 secs] 464364K->34676K(506816K), [Metaspace: 5318K->5318K(1056768K)], 0.1786006 secs] [Times: user=0.17 sys=0.00, real=0.18 secs] 
2018-03-16T23:56:16.572+0500: 2.496: [GC (Allocation Failure) 2018-03-16T23:56:16.572+0500: 2.496: [DefNew: 139776K->17472K(157248K), 0.2609354 secs] 174452K->174451K(506816K), 0.2610026 secs] [Times: user=0.25 sys=0.00, real=0.26 secs] 
2018-03-16T23:56:16.859+0500: 2.783: [GC (Allocation Failure) 2018-03-16T23:56:16.859+0500: 2.783: [DefNew: 157248K->17472K(157248K), 0.2572298 secs] 314227K->314226K(506816K), 0.2572931 secs] [Times: user=0.27 sys=0.00, real=0.26 secs] 
2018-03-16T23:56:17.142+0500: 3.066: [GC (Allocation Failure) 2018-03-16T23:56:17.142+0500: 3.066: [DefNew: 157248K->157248K(157248K), 0.0000163 secs]2018-03-16T23:56:17.142+0500: 3.066: [Tenured: 296754K->24312K(349568K), 0.1579308 secs] 454002K->24312K(506816K), [Metaspace: 5318K->5318K(1056768K)], 0.1580403 secs] [Times: user=0.16 sys=0.00, real=0.16 secs] 
2018-03-16T23:56:17.329+0500: 3.254: [GC (Allocation Failure) 2018-03-16T23:56:17.329+0500: 3.254: [DefNew: 139776K->17471K(157248K), 0.2620315 secs] 164088K->164087K(506816K), 0.2620978 secs] [Times: user=0.27 sys=0.00, real=0.26 secs] 
2018-03-16T23:56:17.622+0500: 3.546: [GC (Allocation Failure) 2018-03-16T23:56:17.622+0500: 3.546: [DefNew: 157247K->17472K(157248K), 0.2629424 secs] 303863K->303862K(506816K), 0.2630044 secs] [Times: user=0.26 sys=0.00, real=0.26 secs] 
2018-03-16T23:56:17.913+0500: 3.837: [GC (Allocation Failure) 2018-03-16T23:56:17.914+0500: 3.837: [DefNew: 145944K->145944K(157248K), 0.0000321 secs]2018-03-16T23:56:17.914+0500: 3.837: [Tenured: 286390K->776K(349568K), 0.1521707 secs] 432334K->776K(506816K), [Metaspace: 5318K->5318K(1056768K)], 0.1523071 secs] [Times: user=0.14 sys=0.00, real=0.15 secs] 
2018-03-16T23:56:18.109+0500: 4.033: [GC (Allocation Failure) 2018-03-16T23:56:18.109+0500: 4.033: [DefNew: 139776K->17472K(157248K), 0.2507620 secs] 140552K->140551K(506816K), 0.2508342 secs] [Times: user=0.25 sys=0.00, real=0.25 secs] 
2018-03-16T23:56:18.421+0500: 4.345: [GC (Allocation Failure) 2018-03-16T23:56:18.421+0500: 4.346: [DefNew: 157248K->17472K(157248K), 0.2956310 secs] 280327K->280320K(506816K), 0.2957062 secs] [Times: user=0.30 sys=0.00, real=0.30 secs] 
2018-03-16T23:56:18.750+0500: 4.674: [GC (Allocation Failure) 2018-03-16T23:56:18.750+0500: 4.674: [DefNew: 157248K->157248K(157248K), 0.0000175 secs]2018-03-16T23:56:18.750+0500: 4.675: [Tenured: 262848K->205250K(349568K), 0.5218003 secs] 420096K->205250K(506816K), [Metaspace: 5319K->5319K(1056768K)], 0.5219081 secs] [Times: user=0.53 sys=0.00, real=0.52 secs] 
2018-03-16T23:56:19.300+0500: 5.223: [GC (Allocation Failure) 2018-03-16T23:56:19.300+0500: 5.223: [DefNew: 139776K->17472K(157248K), 0.2517327 secs] 345026K->345025K(506816K), 0.2517999 secs] [Times: user=0.25 sys=0.00, real=0.25 secs] 
2018-03-16T23:56:19.582+0500: 5.506: [GC (Allocation Failure) 2018-03-16T23:56:19.582+0500: 5.506: [DefNew: 157248K->157248K(157248K), 0.0000150 secs]2018-03-16T23:56:19.582+0500: 5.506: [Tenured: 327553K->55112K(349568K), 0.2282182 secs] 484801K->55112K(506816K), [Metaspace: 5319K->5319K(1056768K)], 0.2283234 secs] [Times: user=0.24 sys=0.00, real=0.23 secs] 
2018-03-16T23:56:19.841+0500: 5.765: [GC (Allocation Failure) 2018-03-16T23:56:19.841+0500: 5.765: [DefNew: 139776K->17472K(157248K), 0.2598860 secs] 194888K->194887K(506816K), 0.2599484 secs] [Times: user=0.27 sys=0.00, real=0.26 secs] 
2018-03-16T23:56:20.128+0500: 6.052: [GC (Allocation Failure) 2018-03-16T23:56:20.128+0500: 6.052: [DefNew: 157248K->17471K(157248K), 0.2513132 secs] 334663K->334662K(506816K), 0.2513769 secs] [Times: user=0.25 sys=0.00, real=0.25 secs] 
2018-03-16T23:56:20.407+0500: 6.331: [GC (Allocation Failure) 2018-03-16T23:56:20.407+0500: 6.331: [DefNew: 157247K->157247K(157248K), 0.0000175 secs]2018-03-16T23:56:20.407+0500: 6.331: [Tenured: 317190K->44749K(349568K), 0.2079089 secs] 474438K->44749K(506816K), [Metaspace: 5319K->5319K(1056768K)], 0.2080064 secs] [Times: user=0.20 sys=0.00, real=0.21 secs] 
2018-03-16T23:56:20.647+0500: 6.571: [GC (Allocation Failure) 2018-03-16T23:56:20.647+0500: 6.571: [DefNew: 139776K->17472K(157248K), 0.2635069 secs] 184525K->184524K(506816K), 0.2635728 secs] [Times: user=0.22 sys=0.00, real=0.26 secs] 
2018-03-16T23:56:20.936+0500: 6.860: [GC (Allocation Failure) 2018-03-16T23:56:20.937+0500: 6.860: [DefNew: 157248K->17472K(157248K), 0.2666382 secs] 324300K->324299K(506816K), 0.2667344 secs] [Times: user=0.26 sys=0.00, real=0.27 secs] 
2018-03-16T23:56:21.230+0500: 7.154: [GC (Allocation Failure) 2018-03-16T23:56:21.230+0500: 7.154: [DefNew: 157248K->157248K(157248K), 0.0000163 secs]2018-03-16T23:56:21.230+0500: 7.154: [Tenured: 306827K->34386K(349568K), 0.1910962 secs] 464075K->34386K(506816K), [Metaspace: 5319K->5319K(1056768K)], 0.1911997 secs] [Times: user=0.19 sys=0.00, real=0.19 secs] 
2018-03-16T23:56:21.462+0500: 7.386: [GC (Allocation Failure) 2018-03-16T23:56:21.462+0500: 7.386: [DefNew: 139776K->17472K(157248K), 0.3153415 secs] 174162K->174161K(506816K), 0.3154061 secs] [Times: user=0.31 sys=0.00, real=0.32 secs] 
2018-03-16T23:56:21.810+0500: 7.733: [GC (Allocation Failure) 2018-03-16T23:56:21.810+0500: 7.733: [DefNew: 157248K->17472K(157248K), 0.2672591 secs] 313937K->313936K(506816K), 0.2673340 secs] [Times: user=0.26 sys=0.00, real=0.27 secs] 
2018-03-16T23:56:22.106+0500: 8.030: [GC (Allocation Failure) 2018-03-16T23:56:22.106+0500: 8.030: [DefNew: 157248K->157248K(157248K), 0.0000167 secs]2018-03-16T23:56:22.106+0500: 8.030: [Tenured: 296464K->24023K(349568K), 0.1595255 secs] 453712K->24023K(506816K), [Metaspace: 5319K->5319K(1056768K)], 0.1596136 secs] [Times: user=0.16 sys=0.00, real=0.16 secs] 
2018-03-16T23:56:22.295+0500: 8.219: [GC (Allocation Failure) 2018-03-16T23:56:22.295+0500: 8.219: [DefNew: 139776K->17472K(157248K), 0.2630899 secs] 163799K->163798K(506816K), 0.2631652 secs] [Times: user=0.27 sys=0.00, real=0.26 secs] 
2018-03-16T23:56:22.584+0500: 8.508: [GC (Allocation Failure) 2018-03-16T23:56:22.584+0500: 8.508: [DefNew: 157248K->17472K(157248K), 0.2571798 secs] 303574K->303573K(506816K), 0.2572418 secs] [Times: user=0.25 sys=0.00, real=0.26 secs] 
2018-03-16T23:56:22.868+0500: 8.792: [GC (Allocation Failure) 2018-03-16T23:56:22.868+0500: 8.792: [DefNew: 146064K->146064K(157248K), 0.0000800 secs]2018-03-16T23:56:22.868+0500: 8.792: [Tenured: 286101K->776K(349568K), 0.1388527 secs] 432166K->776K(506816K), [Metaspace: 5319K->5319K(1056768K)], 0.1390071 secs] [Times: user=0.14 sys=0.00, real=0.14 secs] 
2018-03-16T23:56:23.035+0500: 8.958: [GC (Allocation Failure) 2018-03-16T23:56:23.035+0500: 8.958: [DefNew: 139776K->17472K(157248K), 0.2294302 secs] 140552K->140551K(506816K), 0.2294952 secs] [Times: user=0.23 sys=0.00, real=0.23 secs] 
2018-03-16T23:56:23.290+0500: 9.214: [GC (Allocation Failure) 2018-03-16T23:56:23.290+0500: 9.214: [DefNew: 157248K->17472K(157248K), 0.2625408 secs] 280327K->280290K(506816K), 0.2626046 secs] [Times: user=0.25 sys=0.00, real=0.26 secs] 
2018-03-16T23:56:23.583+0500: 9.507: [GC (Allocation Failure) 2018-03-16T23:56:23.583+0500: 9.507: [DefNew: 157248K->157248K(157248K), 0.0000483 secs]2018-03-16T23:56:23.583+0500: 9.507: [Tenured: 262818K->205220K(349568K), 0.5211361 secs] 420066K->205220K(506816K), [Metaspace: 5319K->5319K(1056768K)], 0.5212777 secs] [Times: user=0.53 sys=0.00, real=0.52 secs] 
2018-03-16T23:56:24.131+0500: 10.055: [GC (Allocation Failure) 2018-03-16T23:56:24.131+0500: 10.055: [DefNew: 139776K->17472K(157248K), 0.2317827 secs] 344996K->344995K(506816K), 0.2318460 secs] [Times: user=0.22 sys=0.00, real=0.23 secs] 
2018-03-16T23:56:24.391+0500: 10.315: [GC (Allocation Failure) 2018-03-16T23:56:24.391+0500: 10.315: [DefNew: 157248K->157248K(157248K), 0.0000701 secs]2018-03-16T23:56:24.391+0500: 10.315: [Tenured: 327523K->55083K(349568K), 0.2281985 secs] 484771K->55083K(506816K), [Metaspace: 5319K->5319K(1056768K)], 0.2283713 secs] [Times: user=0.23 sys=0.00, real=0.23 secs] 
2018-03-16T23:56:24.650+0500: 10.573: [GC (Allocation Failure) 2018-03-16T23:56:24.650+0500: 10.573: [DefNew: 139776K->17472K(157248K), 0.2860819 secs] 194859K->194858K(506816K), 0.2861465 secs] [Times: user=0.28 sys=0.00, real=0.29 secs] 
2018-03-16T23:56:24.973+0500: 10.897: [GC (Allocation Failure) 2018-03-16T23:56:24.974+0500: 10.897: [DefNew: 157248K->17471K(157248K), 0.2834719 secs] 334634K->334632K(506816K), 0.2835442 secs] [Times: user=0.30 sys=0.00, real=0.28 secs] 
2018-03-16T23:56:25.285+0500: 11.209: [GC (Allocation Failure) 2018-03-16T23:56:25.285+0500: 11.209: [DefNew: 157247K->157247K(157248K), 0.0000175 secs]2018-03-16T23:56:25.285+0500: 11.209: [Tenured: 317160K->44719K(349568K), 0.2078281 secs] 474408K->44719K(506816K), [Metaspace: 5319K->5319K(1056768K)], 0.2079342 secs] [Times: user=0.22 sys=0.00, real=0.21 secs] 
2018-03-16T23:56:25.527+0500: 11.452: [GC (Allocation Failure) 2018-03-16T23:56:25.527+0500: 11.452: [DefNew: 139776K->17471K(157248K), 0.3143712 secs] 184495K->184494K(506816K), 0.3144417 secs] [Times: user=0.31 sys=0.00, real=0.32 secs] 
2018-03-16T23:56:25.870+0500: 11.793: [GC (Allocation Failure) 2018-03-16T23:56:25.870+0500: 11.793: [DefNew: 157247K->17472K(157248K), 0.2601319 secs] 324270K->324269K(506816K), 0.2601926 secs] [Times: user=0.25 sys=0.00, real=0.26 secs] 
2018-03-16T23:56:26.158+0500: 12.082: [GC (Allocation Failure) 2018-03-16T23:56:26.158+0500: 12.082: [DefNew: 157248K->157248K(157248K), 0.0000163 secs]2018-03-16T23:56:26.158+0500: 12.082: [Tenured: 306797K->34333K(349568K), 0.1795961 secs] 464045K->34333K(506816K), [Metaspace: 5319K->5319K(1056768K)], 0.1796825 secs] [Times: user=0.19 sys=0.00, real=0.18 secs] 
2018-03-16T23:56:26.368+0500: 12.292: [GC (Allocation Failure) 2018-03-16T23:56:26.368+0500: 12.292: [DefNew: 139776K->17472K(157248K), 0.2638371 secs] 174109K->174108K(506816K), 0.2638978 secs] [Times: user=0.27 sys=0.00, real=0.26 secs] 
2018-03-16T23:56:26.658+0500: 12.582: [GC (Allocation Failure) 2018-03-16T23:56:26.658+0500: 12.582: [DefNew: 157248K->17472K(157248K), 0.2545638 secs] 313884K->313883K(506816K), 0.2546275 secs] [Times: user=0.27 sys=0.00, real=0.25 secs] 
2018-03-16T23:56:26.938+0500: 12.862: [GC (Allocation Failure) 2018-03-16T23:56:26.938+0500: 12.862: [DefNew: 157248K->157248K(157248K), 0.0000158 secs]2018-03-16T23:56:26.938+0500: 12.862: [Tenured: 296411K->23970K(349568K), 0.1576648 secs] 453659K->23970K(506816K), [Metaspace: 5319K->5319K(1056768K)], 0.1577580 secs] [Times: user=0.16 sys=0.00, real=0.16 secs] 
2018-03-16T23:56:27.124+0500: 13.049: [GC (Allocation Failure) 2018-03-16T23:56:27.124+0500: 13.049: [DefNew: 139776K->17471K(157248K), 0.2601374 secs] 163746K->163745K(506816K), 0.2602003 secs] [Times: user=0.24 sys=0.00, real=0.26 secs] 
2018-03-16T23:56:27.412+0500: 13.336: [GC (Allocation Failure) 2018-03-16T23:56:27.412+0500: 13.336: [DefNew: 157247K->17472K(157248K), 0.2824319 secs] 303521K->303519K(506816K), 0.2825118 secs] [Times: user=0.30 sys=0.00, real=0.28 secs] 
2018-03-16T23:56:27.722+0500: 13.645: [GC (Allocation Failure) 2018-03-16T23:56:27.722+0500: 13.646: [DefNew: 146063K->146063K(157248K), 0.0000171 secs]2018-03-16T23:56:27.722+0500: 13.646: [Tenured: 286047K->776K(349568K), 0.1439499 secs] 432111K->776K(506816K), [Metaspace: 5320K->5320K(1056768K)], 0.1440427 secs] [Times: user=0.16 sys=0.00, real=0.14 secs] 
2018-03-16T23:56:27.897+0500: 13.821: [GC (Allocation Failure) 2018-03-16T23:56:27.897+0500: 13.821: [DefNew: 139776K->17472K(157248K), 0.2507474 secs] 140552K->140551K(506816K), 0.2508129 secs] [Times: user=0.25 sys=0.00, real=0.25 secs] 
2018-03-16T23:56:28.174+0500: 14.098: [GC (Allocation Failure) 2018-03-16T23:56:28.174+0500: 14.098: [DefNew: 157248K->17472K(157248K), 0.2893654 secs] 280327K->280290K(506816K), 0.2894278 secs] [Times: user=0.30 sys=0.00, real=0.29 secs] 
2018-03-16T23:56:28.508+0500: 14.432: [GC (Allocation Failure) 2018-03-16T23:56:28.508+0500: 14.432: [DefNew: 157248K->157248K(157248K), 0.0000278 secs]2018-03-16T23:56:28.508+0500: 14.432: [Tenured: 262818K->205221K(349568K), 0.5287479 secs] 420066K->205221K(506816K), [Metaspace: 5320K->5320K(1056768K)], 0.5288797 secs] [Times: user=0.50 sys=0.00, real=0.53 secs] 
2018-03-16T23:56:29.064+0500: 14.988: [GC (Allocation Failure) 2018-03-16T23:56:29.064+0500: 14.988: [DefNew: 139776K->17472K(157248K), 0.2292228 secs] 344997K->343599K(506816K), 0.2293109 secs] [Times: user=0.23 sys=0.00, real=0.23 secs] 
2018-03-16T23:56:29.321+0500: 15.245: [GC (Allocation Failure) 2018-03-16T23:56:29.321+0500: 15.245: [DefNew: 157248K->157248K(157248K), 0.0000175 secs]2018-03-16T23:56:29.321+0500: 15.245: [Tenured: 326127K->53686K(349568K), 0.2420832 secs] 483375K->53686K(506816K), [Metaspace: 5322K->5322K(1056768K)], 0.2421734 secs] [Times: user=0.23 sys=0.00, real=0.24 secs] 
2018-03-16T23:56:29.593+0500: 15.517: [GC (Allocation Failure) 2018-03-16T23:56:29.593+0500: 15.517: [DefNew: 139776K->17472K(157248K), 0.2578059 secs] 193462K->193461K(506816K), 0.2578674 secs] [Times: user=0.27 sys=0.00, real=0.26 secs] 
2018-03-16T23:56:29.877+0500: 15.801: [GC (Allocation Failure) 2018-03-16T23:56:29.877+0500: 15.801: [DefNew: 157248K->17472K(157248K), 0.2544590 secs] 333237K->333235K(506816K), 0.2545215 secs] [Times: user=0.26 sys=0.00, real=0.25 secs] 
2018-03-16T23:56:30.162+0500: 16.085: [GC (Allocation Failure) 2018-03-16T23:56:30.162+0500: 16.085: [DefNew: 157248K->157248K(157248K), 0.0000163 secs]2018-03-16T23:56:30.162+0500: 16.085: [Tenured: 315763K->43323K(349568K), 0.1987593 secs] 473011K->43323K(506816K), [Metaspace: 5325K->5325K(1056768K)], 0.1988491 secs] [Times: user=0.20 sys=0.00, real=0.20 secs] 
2018-03-16T23:56:30.392+0500: 16.316: [GC (Allocation Failure) 2018-03-16T23:56:30.392+0500: 16.316: [DefNew: 139776K->17471K(157248K), 0.2583160 secs] 183099K->183097K(506816K), 0.2583781 secs] [Times: user=0.27 sys=0.00, real=0.26 secs] 
2018-03-16T23:56:30.677+0500: 16.601: [GC (Allocation Failure) 2018-03-16T23:56:30.677+0500: 16.601: [DefNew: 157247K->17472K(157248K), 0.2553952 secs] 322873K->322872K(506816K), 0.2554580 secs] [Times: user=0.25 sys=0.00, real=0.25 secs] 
2018-03-16T23:56:30.958+0500: 16.882: [GC (Allocation Failure) 2018-03-16T23:56:30.958+0500: 16.882: [DefNew: 157248K->157248K(157248K), 0.0000167 secs]2018-03-16T23:56:30.958+0500: 16.882: [Tenured: 305400K->32959K(349568K), 0.1773544 secs] 462648K->32959K(506816K), [Metaspace: 5325K->5325K(1056768K)], 0.1774553 secs] [Times: user=0.19 sys=0.00, real=0.18 secs] 
2018-03-16T23:56:31.166+0500: 17.090: [GC (Allocation Failure) 2018-03-16T23:56:31.166+0500: 17.090: [DefNew: 139776K->17471K(157248K), 0.2591632 secs] 172735K->172734K(506816K), 0.2592240 secs] [Times: user=0.25 sys=0.00, real=0.26 secs] 
2018-03-16T23:56:31.452+0500: 17.377: [GC (Allocation Failure) 2018-03-16T23:56:31.452+0500: 17.377: [DefNew: 157247K->17472K(157248K), 0.2601165 secs] 312510K->312509K(506816K), 0.2601819 secs] [Times: user=0.27 sys=0.00, real=0.26 secs] 
2018-03-16T23:56:31.740+0500: 17.664: [GC (Allocation Failure) 2018-03-16T23:56:31.740+0500: 17.664: [DefNew: 157248K->157248K(157248K), 0.0000158 secs]2018-03-16T23:56:31.740+0500: 17.664: [Tenured: 295037K->22596K(349568K), 0.1566166 secs] 452285K->22596K(506816K), [Metaspace: 5325K->5325K(1056768K)], 0.1567085 secs] [Times: user=0.17 sys=0.00, real=0.16 secs] 
2018-03-16T23:56:31.927+0500: 17.851: [GC (Allocation Failure) 2018-03-16T23:56:31.927+0500: 17.851: [DefNew: 139776K->17471K(157248K), 0.2623638 secs] 162372K->162371K(506816K), 0.2624249 secs] [Times: user=0.26 sys=0.00, real=0.26 secs] 
2018-03-16T23:56:32.216+0500: 18.140: [GC (Allocation Failure) 2018-03-16T23:56:32.216+0500: 18.140: [DefNew: 157247K->17472K(157248K), 0.2618822 secs] 302147K->302146K(506816K), 0.2619447 secs] [Times: user=0.27 sys=0.00, real=0.26 secs] 
2018-03-16T23:56:32.506+0500: 18.430: [GC (Allocation Failure) 2018-03-16T23:56:32.506+0500: 18.430: [DefNew: 146062K->146062K(157248K), 0.0000163 secs]2018-03-16T23:56:32.506+0500: 18.430: [Tenured: 284674K->776K(349568K), 0.1373683 secs] 430736K->776K(506816K), [Metaspace: 5325K->5325K(1056768K)], 0.1374543 secs] [Times: user=0.13 sys=0.00, real=0.14 secs] 
2018-03-16T23:56:32.670+0500: 18.594: [GC (Allocation Failure) 2018-03-16T23:56:32.670+0500: 18.594: [DefNew: 139776K->17472K(157248K), 0.2274253 secs] 140552K->140551K(506816K), 0.2274861 secs] [Times: user=0.24 sys=0.00, real=0.23 secs] 
2018-03-16T23:56:32.926+0500: 18.849: [GC (Allocation Failure) 2018-03-16T23:56:32.926+0500: 18.849: [DefNew: 157248K->17472K(157248K), 0.2642972 secs] 280327K->280290K(506816K), 0.2643592 secs] [Times: user=0.27 sys=0.00, real=0.26 secs] 
2018-03-16T23:56:33.219+0500: 19.143: [GC (Allocation Failure) 2018-03-16T23:56:33.219+0500: 19.143: [DefNew: 157248K->157248K(157248K), 0.0000184 secs]2018-03-16T23:56:33.219+0500: 19.143: [Tenured: 262818K->205222K(349568K), 0.4992373 secs] 420066K->205222K(506816K), [Metaspace: 5325K->5325K(1056768K)], 0.4993647 secs] [Times: user=0.50 sys=0.00, real=0.50 secs] 
2018-03-16T23:56:33.748+0500: 19.672: [GC (Allocation Failure) 2018-03-16T23:56:33.748+0500: 19.672: [DefNew: 139776K->17472K(157248K), 0.2403751 secs] 344998K->344997K(506816K), 0.2404683 secs] [Times: user=0.23 sys=0.00, real=0.24 secs] 
2018-03-16T23:56:34.017+0500: 19.941: [GC (Allocation Failure) 2018-03-16T23:56:34.017+0500: 19.941: [DefNew: 157248K->157248K(157248K), 0.0000167 secs]2018-03-16T23:56:34.017+0500: 19.941: [Tenured: 327525K->55084K(349568K), 0.2338034 secs] 484773K->55084K(506816K), [Metaspace: 5326K->5326K(1056768K)], 0.2339137 secs] [Times: user=0.23 sys=0.00, real=0.23 secs] 
2018-03-16T23:56:34.283+0500: 20.208: [GC (Allocation Failure) 2018-03-16T23:56:34.283+0500: 20.208: [DefNew: 139776K->17471K(157248K), 0.2714335 secs] 194860K->194859K(506816K), 0.2715079 secs] [Times: user=0.28 sys=0.00, real=0.27 secs] 
2018-03-16T23:56:34.584+0500: 20.507: [GC (Allocation Failure) 2018-03-16T23:56:34.584+0500: 20.507: [DefNew: 157247K->17471K(157248K), 0.2651914 secs] 334635K->334633K(506816K), 0.2652517 secs] [Times: user=0.27 sys=0.00, real=0.26 secs] 
2018-03-16T23:56:34.878+0500: 20.802: [GC (Allocation Failure) 2018-03-16T23:56:34.878+0500: 20.802: [DefNew: 157247K->157247K(157248K), 0.0000158 secs]2018-03-16T23:56:34.878+0500: 20.802: [Tenured: 317162K->44720K(349568K), 0.2103064 secs] 474409K->44720K(506816K), [Metaspace: 5327K->5327K(1056768K)], 0.2103953 secs] [Times: user=0.22 sys=0.00, real=0.21 secs] 
2018-03-16T23:56:35.121+0500: 21.045: [GC (Allocation Failure) 2018-03-16T23:56:35.121+0500: 21.045: [DefNew: 139776K->17471K(157248K), 0.2752661 secs] 184496K->184496K(506816K), 0.2753341 secs] [Times: user=0.27 sys=0.00, real=0.27 secs] 
2018-03-16T23:56:35.425+0500: 21.349: [GC (Allocation Failure) 2018-03-16T23:56:35.425+0500: 21.349: [DefNew: 157247K->17472K(157248K), 0.2802294 secs] 324272K->324270K(506816K), 0.2802889 secs] [Times: user=0.28 sys=0.00, real=0.28 secs] 
2018-03-16T23:56:35.734+0500: 21.658: [GC (Allocation Failure) 2018-03-16T23:56:35.734+0500: 21.658: [DefNew: 157248K->157248K(157248K), 0.0000163 secs]2018-03-16T23:56:35.734+0500: 21.658: [Tenured: 306798K->34333K(349568K), 0.1867401 secs] 464046K->34333K(506816K), [Metaspace: 5327K->5327K(1056768K)], 0.1868299 secs] [Times: user=0.19 sys=0.00, real=0.19 secs] 
2018-03-16T23:56:35.953+0500: 21.877: [GC (Allocation Failure) 2018-03-16T23:56:35.953+0500: 21.877: [DefNew: 139776K->17472K(157248K), 0.2885721 secs] 174109K->174108K(506816K), 0.2886534 secs] [Times: user=0.30 sys=0.00, real=0.29 secs] 
2018-03-16T23:56:36.270+0500: 22.194: [GC (Allocation Failure) 2018-03-16T23:56:36.270+0500: 22.194: [DefNew: 157248K->17472K(157248K), 0.2742765 secs] 313884K->313883K(506816K), 0.2743505 secs] [Times: user=0.25 sys=0.00, real=0.27 secs] 
2018-03-16T23:56:36.573+0500: 22.497: [GC (Allocation Failure) 2018-03-16T23:56:36.573+0500: 22.497: [DefNew: 157248K->157248K(157248K), 0.0000163 secs]2018-03-16T23:56:36.573+0500: 22.497: [Tenured: 296411K->23970K(349568K), 0.1637028 secs] 453659K->23970K(506816K), [Metaspace: 5328K->5328K(1056768K)], 0.1637909 secs] [Times: user=0.16 sys=0.00, real=0.16 secs] 
2018-03-16T23:56:36.768+0500: 22.692: [GC (Allocation Failure) 2018-03-16T23:56:36.768+0500: 22.692: [DefNew: 139776K->17472K(157248K), 0.2736461 secs] 163746K->163745K(506816K), 0.2737073 secs] [Times: user=0.28 sys=0.00, real=0.27 secs] 
2018-03-16T23:56:37.071+0500: 22.996: [GC (Allocation Failure) 2018-03-16T23:56:37.071+0500: 22.996: [DefNew: 157248K->17472K(157248K), 0.2714027 secs] 303521K->303520K(506816K), 0.2714814 secs] [Times: user=0.27 sys=0.00, real=0.27 secs] 
2018-03-16T23:56:37.373+0500: 23.296: [GC (Allocation Failure) 2018-03-16T23:56:37.373+0500: 23.296: [DefNew: 146063K->146063K(157248K), 0.0000218 secs]2018-03-16T23:56:37.373+0500: 23.296: [Tenured: 286048K->776K(349568K), 0.1406775 secs] 432112K->776K(506816K), [Metaspace: 5328K->5328K(1056768K)], 0.1407968 secs] [Times: user=0.14 sys=0.00, real=0.14 secs] 
2018-03-16T23:56:37.543+0500: 23.467: [GC (Allocation Failure) 2018-03-16T23:56:37.543+0500: 23.467: [DefNew: 139776K->17472K(157248K), 0.2361525 secs] 140552K->140551K(506816K), 0.2362149 secs] [Times: user=0.23 sys=0.00, real=0.24 secs] 
2018-03-16T23:56:37.809+0500: 23.733: [GC (Allocation Failure) 2018-03-16T23:56:37.809+0500: 23.733: [DefNew: 157248K->17472K(157248K), 0.2732950 secs] 280327K->280290K(506816K), 0.2733571 secs] [Times: user=0.26 sys=0.00, real=0.27 secs] 
2018-03-16T23:56:38.114+0500: 24.038: [GC (Allocation Failure) 2018-03-16T23:56:38.114+0500: 24.038: [DefNew: 157248K->157248K(157248K), 0.0000222 secs]2018-03-16T23:56:38.114+0500: 24.038: [Tenured: 262818K->205221K(349568K), 0.5009145 secs] 420066K->205221K(506816K), [Metaspace: 5328K->5328K(1056768K)], 0.5010458 secs] [Times: user=0.50 sys=0.02, real=0.50 secs] 
2018-03-16T23:56:38.645+0500: 24.568: [GC (Allocation Failure) 2018-03-16T23:56:38.645+0500: 24.568: [DefNew: 139776K->17472K(157248K), 0.2401344 secs] 344997K->344996K(506816K), 0.2403127 secs] [Times: user=0.25 sys=0.00, real=0.24 secs] 
2018-03-16T23:56:38.913+0500: 24.837: [GC (Allocation Failure) 2018-03-16T23:56:38.913+0500: 24.837: [DefNew: 157248K->157248K(157248K), 0.0000248 secs]2018-03-16T23:56:38.913+0500: 24.837: [Tenured: 327524K->55084K(349568K), 0.2427456 secs] 484772K->55084K(506816K), [Metaspace: 5328K->5328K(1056768K)], 0.2428564 secs] [Times: user=0.22 sys=0.00, real=0.24 secs] 
2018-03-16T23:56:39.188+0500: 25.112: [GC (Allocation Failure) 2018-03-16T23:56:39.188+0500: 25.112: [DefNew: 139776K->17472K(157248K), 0.2674567 secs] 194860K->194859K(506816K), 0.2675234 secs] [Times: user=0.27 sys=0.00, real=0.27 secs] 
2018-03-16T23:56:39.488+0500: 25.413: [GC (Allocation Failure) 2018-03-16T23:56:39.488+0500: 25.413: [DefNew: 157248K->17471K(157248K), 0.2814397 secs] 334635K->334633K(506816K), 0.2815175 secs] [Times: user=0.28 sys=0.00, real=0.28 secs] 
2018-03-16T23:56:39.797+0500: 25.721: [GC (Allocation Failure) 2018-03-16T23:56:39.797+0500: 25.721: [DefNew: 157247K->157247K(157248K), 0.0000167 secs]2018-03-16T23:56:39.797+0500: 25.721: [Tenured: 317162K->44720K(349568K), 0.2033591 secs] 474409K->44720K(506816K), [Metaspace: 5328K->5328K(1056768K)], 0.2034571 secs] [Times: user=0.20 sys=0.00, real=0.20 secs] 
2018-03-16T23:56:40.030+0500: 25.954: [GC (Allocation Failure) 2018-03-16T23:56:40.030+0500: 25.954: [DefNew: 139776K->17471K(157248K), 0.2698648 secs] 184496K->184496K(506816K), 0.2699392 secs] [Times: user=0.27 sys=0.00, real=0.27 secs] 
2018-03-16T23:56:40.335+0500: 26.259: [GC (Allocation Failure) 2018-03-16T23:56:40.335+0500: 26.259: [DefNew: 157247K->17472K(157248K), 0.2684429 secs] 324272K->324270K(506816K), 0.2685053 secs] [Times: user=0.26 sys=0.00, real=0.27 secs] 
2018-03-16T23:56:40.631+0500: 26.555: [GC (Allocation Failure) 2018-03-16T23:56:40.631+0500: 26.555: [DefNew: 157248K->157248K(157248K), 0.0000154 secs]2018-03-16T23:56:40.631+0500: 26.555: [Tenured: 306798K->34333K(349568K), 0.1824101 secs] 464046K->34333K(506816K), [Metaspace: 5328K->5328K(1056768K)], 0.1824999 secs] [Times: user=0.17 sys=0.00, real=0.18 secs] 
2018-03-16T23:56:40.844+0500: 26.768: [GC (Allocation Failure) 2018-03-16T23:56:40.844+0500: 26.769: [DefNew: 139776K->17472K(157248K), 0.2607096 secs] 174109K->174108K(506816K), 0.2607832 secs] [Times: user=0.26 sys=0.00, real=0.26 secs] 
2018-03-16T23:56:41.148+0500: 27.073: [GC (Allocation Failure) 2018-03-16T23:56:41.149+0500: 27.073: [DefNew: 157248K->17472K(157248K), 0.2740751 secs] 313884K->313883K(506816K), 0.2741495 secs] [Times: user=0.27 sys=0.00, real=0.28 secs] 
2018-03-16T23:56:41.453+0500: 27.377: [GC (Allocation Failure) 2018-03-16T23:56:41.453+0500: 27.377: [DefNew: 157248K->157248K(157248K), 0.0000154 secs]2018-03-16T23:56:41.453+0500: 27.377: [Tenured: 296411K->23970K(349568K), 0.1584367 secs] 453659K->23970K(506816K), [Metaspace: 5328K->5328K(1056768K)], 0.1585282 secs] [Times: user=0.16 sys=0.00, real=0.16 secs] 
2018-03-16T23:56:41.642+0500: 27.565: [GC (Allocation Failure) 2018-03-16T23:56:41.642+0500: 27.565: [DefNew: 139776K->17472K(157248K), 0.3751365 secs] 163746K->163745K(506816K), 0.3752096 secs] [Times: user=0.34 sys=0.00, real=0.37 secs] 
2018-03-16T23:56:42.042+0500: 27.966: [GC (Allocation Failure) 2018-03-16T23:56:42.043+0500: 27.966: [DefNew: 157248K->17472K(157248K), 0.2544167 secs] 303521K->303520K(506816K), 0.2544826 secs] [Times: user=0.25 sys=0.00, real=0.25 secs] 
2018-03-16T23:56:42.323+0500: 28.247: [GC (Allocation Failure) 2018-03-16T23:56:42.323+0500: 28.247: [DefNew: 146063K->146063K(157248K), 0.0000154 secs]2018-03-16T23:56:42.323+0500: 28.247: [Tenured: 286048K->776K(349568K), 0.1366935 secs] 432112K->776K(506816K), [Metaspace: 5328K->5328K(1056768K)], 0.1367747 secs] [Times: user=0.14 sys=0.00, real=0.14 secs] 
2018-03-16T23:56:42.487+0500: 28.411: [GC (Allocation Failure) 2018-03-16T23:56:42.487+0500: 28.411: [DefNew: 139776K->17472K(157248K), 0.2253867 secs] 140552K->140551K(506816K), 0.2254474 secs] [Times: user=0.23 sys=0.00, real=0.22 secs] 
2018-03-16T23:56:42.738+0500: 28.662: [GC (Allocation Failure) 2018-03-16T23:56:42.738+0500: 28.662: [DefNew: 157248K->17472K(157248K), 0.2590499 secs] 280327K->280290K(506816K), 0.2591106 secs] [Times: user=0.27 sys=0.00, real=0.26 secs] 
2018-03-16T23:56:43.027+0500: 28.951: [GC (Allocation Failure) 2018-03-16T23:56:43.027+0500: 28.951: [DefNew: 157248K->157248K(157248K), 0.0000222 secs]2018-03-16T23:56:43.027+0500: 28.951: [Tenured: 262818K->205221K(349568K), 0.4720723 secs] 420066K->205221K(506816K), [Metaspace: 5331K->5331K(1056768K)], 0.4721766 secs] [Times: user=0.47 sys=0.00, real=0.47 secs] 
2018-03-16T23:56:43.524+0500: 29.448: [GC (Allocation Failure) 2018-03-16T23:56:43.524+0500: 29.448: [DefNew: 139776K->17472K(157248K), 0.2267223 secs] 344997K->344996K(506816K), 0.2267830 secs] [Times: user=0.22 sys=0.00, real=0.23 secs] 
2018-03-16T23:56:43.777+0500: 29.701: [GC (Allocation Failure) 2018-03-16T23:56:43.777+0500: 29.701: [DefNew: 157248K->157248K(157248K), 0.0000167 secs]2018-03-16T23:56:43.777+0500: 29.701: [Tenured: 327524K->55084K(349568K), 0.2245571 secs] 484772K->55084K(506816K), [Metaspace: 5331K->5331K(1056768K)], 0.2246460 secs] [Times: user=0.22 sys=0.00, real=0.22 secs] 
2018-03-16T23:56:44.030+0500: 29.955: [GC (Allocation Failure) 2018-03-16T23:56:44.031+0500: 29.955: [DefNew: 139776K->17472K(157248K), 0.2577734 secs] 194860K->194859K(506816K), 0.2578563 secs] [Times: user=0.26 sys=0.00, real=0.26 secs] 
2018-03-16T23:56:44.315+0500: 30.239: [GC (Allocation Failure) 2018-03-16T23:56:44.315+0500: 30.239: [DefNew: 157248K->17471K(157248K), 0.2529379 secs] 334635K->334633K(506816K), 0.2529990 secs] [Times: user=0.25 sys=0.00, real=0.25 secs] 
2018-03-16T23:56:44.594+0500: 30.517: [GC (Allocation Failure) 2018-03-16T23:56:44.594+0500: 30.517: [DefNew: 157247K->157247K(157248K), 0.0000158 secs]2018-03-16T23:56:44.594+0500: 30.517: [Tenured: 317162K->44720K(349568K), 0.2020779 secs] 474409K->44720K(506816K), [Metaspace: 5331K->5331K(1056768K)], 0.2021741 secs] [Times: user=0.20 sys=0.00, real=0.20 secs] 
2018-03-16T23:56:44.826+0500: 30.750: [GC (Allocation Failure) 2018-03-16T23:56:44.826+0500: 30.750: [DefNew: 139776K->17471K(157248K), 0.2589447 secs] 184496K->184496K(506816K), 0.2590076 secs] [Times: user=0.25 sys=0.00, real=0.26 secs] 
2018-03-16T23:56:45.110+0500: 31.034: [GC (Allocation Failure) 2018-03-16T23:56:45.110+0500: 31.034: [DefNew: 157247K->17472K(157248K), 0.2531804 secs] 324272K->324270K(506816K), 0.2532394 secs] [Times: user=0.25 sys=0.00, real=0.25 secs] 
2018-03-16T23:56:45.389+0500: 31.314: [GC (Allocation Failure) 2018-03-16T23:56:45.389+0500: 31.314: [DefNew: 157248K->157248K(157248K), 0.0000158 secs]2018-03-16T23:56:45.389+0500: 31.314: [Tenured: 306798K->34333K(349568K), 0.1779484 secs] 464046K->34333K(506816K), [Metaspace: 5331K->5331K(1056768K)], 0.1780386 secs] [Times: user=0.17 sys=0.00, real=0.18 secs] 
2018-03-16T23:56:45.599+0500: 31.523: [GC (Allocation Failure) 2018-03-16T23:56:45.599+0500: 31.523: [DefNew: 139776K->17472K(157248K), 0.2612942 secs] 174109K->174108K(506816K), 0.2613571 secs] [Times: user=0.27 sys=0.00, real=0.26 secs] 
2018-03-16T23:56:45.886+0500: 31.810: [GC (Allocation Failure) 2018-03-16T23:56:45.886+0500: 31.810: [DefNew: 157248K->17472K(157248K), 0.2544488 secs] 313884K->313883K(506816K), 0.2545112 secs] [Times: user=0.25 sys=0.00, real=0.25 secs] 
2018-03-16T23:56:46.167+0500: 32.090: [GC (Allocation Failure) 2018-03-16T23:56:46.167+0500: 32.091: [DefNew: 157248K->157248K(157248K), 0.0000287 secs]2018-03-16T23:56:46.167+0500: 32.091: [Tenured: 296411K->23970K(349568K), 0.1545754 secs] 453659K->23970K(506816K), [Metaspace: 5331K->5331K(1056768K)], 0.1546947 secs] [Times: user=0.16 sys=0.00, real=0.15 secs] 
2018-03-16T23:56:46.349+0500: 32.273: [GC (Allocation Failure) 2018-03-16T23:56:46.349+0500: 32.273: [DefNew: 139776K->17472K(157248K), 0.2567940 secs] 163746K->163745K(506816K), 0.2568552 secs] [Times: user=0.27 sys=0.00, real=0.26 secs] 
2018-03-16T23:56:46.631+0500: 32.556: [GC (Allocation Failure) 2018-03-16T23:56:46.631+0500: 32.556: [DefNew: 157248K->17472K(157248K), 0.2578632 secs] 303521K->303520K(506816K), 0.2579260 secs] [Times: user=0.25 sys=0.00, real=0.26 secs] 
2018-03-16T23:56:46.915+0500: 32.840: [GC (Allocation Failure) 2018-03-16T23:56:46.915+0500: 32.840: [DefNew: 146063K->146063K(157248K), 0.0000163 secs]2018-03-16T23:56:46.915+0500: 32.840: [Tenured: 286048K->776K(349568K), 0.1370360 secs] 432112K->776K(506816K), [Metaspace: 5331K->5331K(1056768K)], 0.1371224 secs] [Times: user=0.13 sys=0.00, real=0.14 secs] 
2018-03-16T23:56:47.079+0500: 33.002: [GC (Allocation Failure) 2018-03-16T23:56:47.079+0500: 33.002: [DefNew: 139776K->17472K(157248K), 0.2254752 secs] 140552K->140551K(506816K), 0.2255916 secs] [Times: user=0.23 sys=0.00, real=0.22 secs] 
2018-03-16T23:56:47.330+0500: 33.254: [GC (Allocation Failure) 2018-03-16T23:56:47.330+0500: 33.254: [DefNew: 157248K->17472K(157248K), 0.2563467 secs] 280327K->280290K(506816K), 0.2564087 secs] [Times: user=0.27 sys=0.00, real=0.26 secs] 
2018-03-16T23:56:47.615+0500: 33.539: [GC (Allocation Failure) 2018-03-16T23:56:47.615+0500: 33.539: [DefNew: 157248K->157248K(157248K), 0.0000167 secs]2018-03-16T23:56:47.615+0500: 33.539: [Tenured: 262818K->205221K(349568K), 0.4858705 secs] 420066K->205221K(506816K), [Metaspace: 5331K->5331K(1056768K)], 0.4859595 secs] [Times: user=0.50 sys=0.00, real=0.48 secs] 
2018-03-16T23:56:48.127+0500: 34.051: [GC (Allocation Failure) 2018-03-16T23:56:48.127+0500: 34.051: [DefNew: 139776K->17472K(157248K), 0.2810163 secs] 344997K->344996K(506816K), 0.2810775 secs] [Times: user=0.28 sys=0.00, real=0.28 secs] 
2018-03-16T23:56:48.438+0500: 34.361: [GC (Allocation Failure) 2018-03-16T23:56:48.438+0500: 34.361: [DefNew: 157248K->157248K(157248K), 0.0000167 secs]2018-03-16T23:56:48.438+0500: 34.361: [Tenured: 327524K->55084K(349568K), 0.2233827 secs] 484772K->55084K(506816K), [Metaspace: 5331K->5331K(1056768K)], 0.2234704 secs] [Times: user=0.22 sys=0.00, real=0.22 secs] 
2018-03-16T23:56:48.691+0500: 34.614: [GC (Allocation Failure) 2018-03-16T23:56:48.691+0500: 34.614: [DefNew: 139776K->17472K(157248K), 0.2562081 secs] 194860K->194859K(506816K), 0.2562787 secs] [Times: user=0.26 sys=0.00, real=0.26 secs] 
2018-03-16T23:56:48.973+0500: 34.897: [GC (Allocation Failure) 2018-03-16T23:56:48.973+0500: 34.897: [DefNew: 157248K->17471K(157248K), 0.2552579 secs] 334635K->334633K(506816K), 0.2553156 secs] [Times: user=0.27 sys=0.00, real=0.26 secs] 
2018-03-16T23:56:49.255+0500: 35.179: [GC (Allocation Failure) 2018-03-16T23:56:49.255+0500: 35.179: [DefNew: 157247K->157247K(157248K), 0.0000154 secs]2018-03-16T23:56:49.255+0500: 35.179: [Tenured: 317162K->44720K(349568K), 0.1999011 secs] 474409K->44720K(506816K), [Metaspace: 5331K->5331K(1056768K)], 0.1999965 secs] [Times: user=0.20 sys=0.00, real=0.20 secs] 
2018-03-16T23:56:49.484+0500: 35.408: [GC (Allocation Failure) 2018-03-16T23:56:49.484+0500: 35.408: [DefNew: 139776K->17471K(157248K), 0.2640282 secs] 184496K->184496K(506816K), 0.2640936 secs] [Times: user=0.27 sys=0.00, real=0.26 secs] 
2018-03-16T23:56:49.774+0500: 35.698: [GC (Allocation Failure) 2018-03-16T23:56:49.774+0500: 35.698: [DefNew: 157247K->17472K(157248K), 0.2527339 secs] 324272K->324270K(506816K), 0.2528062 secs] [Times: user=0.25 sys=0.00, real=0.25 secs] 
2018-03-16T23:56:50.054+0500: 35.977: [GC (Allocation Failure) 2018-03-16T23:56:50.054+0500: 35.977: [DefNew: 157248K->157248K(157248K), 0.0000167 secs]2018-03-16T23:56:50.054+0500: 35.977: [Tenured: 306798K->34333K(349568K), 0.1783632 secs] 464046K->34333K(506816K), [Metaspace: 5331K->5331K(1056768K)], 0.1784530 secs] [Times: user=0.17 sys=0.00, real=0.18 secs] 
2018-03-16T23:56:50.261+0500: 36.185: [GC (Allocation Failure) 2018-03-16T23:56:50.261+0500: 36.185: [DefNew: 139776K->17472K(157248K), 0.2555038 secs] 174109K->174108K(506816K), 0.2555863 secs] [Times: user=0.25 sys=0.00, real=0.26 secs] 
2018-03-16T23:56:50.542+0500: 36.466: [GC (Allocation Failure) 2018-03-16T23:56:50.542+0500: 36.466: [DefNew: 157248K->17472K(157248K), 0.2526017 secs] 313884K->313883K(506816K), 0.2526637 secs] [Times: user=0.25 sys=0.00, real=0.25 secs] 
2018-03-16T23:56:50.821+0500: 36.745: [GC (Allocation Failure) 2018-03-16T23:56:50.821+0500: 36.745: [DefNew: 157248K->157248K(157248K), 0.0000171 secs]2018-03-16T23:56:50.821+0500: 36.745: [Tenured: 296411K->23970K(349568K), 0.1548162 secs] 453659K->23970K(506816K), [Metaspace: 5331K->5331K(1056768K)], 0.1549060 secs] [Times: user=0.16 sys=0.00, real=0.15 secs] 
2018-03-16T23:56:51.004+0500: 36.928: [GC (Allocation Failure) 2018-03-16T23:56:51.004+0500: 36.928: [DefNew: 139776K->17472K(157248K), 0.2576207 secs] 163746K->163745K(506816K), 0.2577152 secs] [Times: user=0.27 sys=0.00, real=0.26 secs] 
2018-03-16T23:56:51.288+0500: 37.212: [GC (Allocation Failure) 2018-03-16T23:56:51.288+0500: 37.212: [DefNew: 157248K->17472K(157248K), 0.2568047 secs] 303521K->303520K(506816K), 0.2568663 secs] [Times: user=0.25 sys=0.00, real=0.26 secs] 
2018-03-16T23:56:51.571+0500: 37.495: [GC (Allocation Failure) 2018-03-16T23:56:51.571+0500: 37.495: [DefNew: 146063K->146063K(157248K), 0.0000167 secs]2018-03-16T23:56:51.571+0500: 37.495: [Tenured: 286048K->776K(349568K), 0.1394433 secs] 432112K->776K(506816K), [Metaspace: 5331K->5331K(1056768K)], 0.1395605 secs] [Times: user=0.13 sys=0.00, real=0.14 secs] 
2018-03-16T23:56:51.736+0500: 37.660: [GC (Allocation Failure) 2018-03-16T23:56:51.736+0500: 37.660: [DefNew: 139776K->17472K(157248K), 0.2239797 secs] 140552K->140551K(506816K), 0.2240379 secs] [Times: user=0.23 sys=0.00, real=0.22 secs] 
2018-03-16T23:56:51.985+0500: 37.909: [GC (Allocation Failure) 2018-03-16T23:56:51.985+0500: 37.909: [DefNew: 157248K->17472K(157248K), 0.2568090 secs] 280327K->280290K(506816K), 0.2568697 secs] [Times: user=0.27 sys=0.00, real=0.26 secs] 
2018-03-16T23:56:52.270+0500: 38.195: [GC (Allocation Failure) 2018-03-16T23:56:52.270+0500: 38.195: [DefNew: 157248K->157248K(157248K), 0.0000381 secs]2018-03-16T23:56:52.271+0500: 38.195: [Tenured: 262818K->205221K(349568K), 0.4716395 secs] 420066K->205221K(506816K), [Metaspace: 5331K->5331K(1056768K)], 0.4717554 secs] [Times: user=0.48 sys=0.00, real=0.47 secs] 
2018-03-16T23:56:52.768+0500: 38.692: [GC (Allocation Failure) 2018-03-16T23:56:52.768+0500: 38.692: [DefNew: 139776K->17472K(157248K), 0.2261201 secs] 344997K->344996K(506816K), 0.2261822 secs] [Times: user=0.23 sys=0.00, real=0.23 secs] 
2018-03-16T23:56:53.020+0500: 38.944: [GC (Allocation Failure) 2018-03-16T23:56:53.020+0500: 38.944: [DefNew: 157248K->157248K(157248K), 0.0000163 secs]2018-03-16T23:56:53.020+0500: 38.944: [Tenured: 327524K->55084K(349568K), 0.2245699 secs] 484772K->55084K(506816K), [Metaspace: 5331K->5331K(1056768K)], 0.2246772 secs] [Times: user=0.23 sys=0.00, real=0.22 secs] 
2018-03-16T23:56:53.273+0500: 39.197: [GC (Allocation Failure) 2018-03-16T23:56:53.273+0500: 39.197: [DefNew: 139776K->17472K(157248K), 0.2552797 secs] 194860K->194859K(506816K), 0.2553409 secs] [Times: user=0.25 sys=0.00, real=0.26 secs] 
2018-03-16T23:56:53.554+0500: 39.478: [GC (Allocation Failure) 2018-03-16T23:56:53.554+0500: 39.478: [DefNew: 157248K->17471K(157248K), 0.2514723 secs] 334635K->334633K(506816K), 0.2515459 secs] [Times: user=0.24 sys=0.00, real=0.25 secs] 
2018-03-16T23:56:53.831+0500: 39.756: [GC (Allocation Failure) 2018-03-16T23:56:53.831+0500: 39.756: [DefNew: 157247K->157247K(157248K), 0.0000171 secs]2018-03-16T23:56:53.831+0500: 39.756: [Tenured: 317162K->44720K(349568K), 0.1987764 secs] 474409K->44720K(506816K), [Metaspace: 5331K->5331K(1056768K)], 0.1988718 secs] [Times: user=0.20 sys=0.00, real=0.20 secs] 
2018-03-16T23:56:54.060+0500: 39.983: [GC (Allocation Failure) 2018-03-16T23:56:54.060+0500: 39.983: [DefNew: 139776K->17471K(157248K), 0.2569501 secs] 184496K->184496K(506816K), 0.2570258 secs] [Times: user=0.25 sys=0.00, real=0.26 secs] 
2018-03-16T23:56:54.342+0500: 40.266: [GC (Allocation Failure) 2018-03-16T23:56:54.342+0500: 40.266: [DefNew: 157247K->17472K(157248K), 0.2530978 secs] 324272K->324270K(506816K), 0.2531585 secs] [Times: user=0.25 sys=0.00, real=0.25 secs] 
2018-03-16T23:56:54.621+0500: 40.545: [GC (Allocation Failure) 2018-03-16T23:56:54.621+0500: 40.545: [DefNew: 157248K->157248K(157248K), 0.0000171 secs]2018-03-16T23:56:54.621+0500: 40.545: [Tenured: 306798K->34333K(349568K), 0.1776597 secs] 464046K->34333K(506816K), [Metaspace: 5331K->5331K(1056768K)], 0.1777474 secs] [Times: user=0.17 sys=0.00, real=0.18 secs] 
2018-03-16T23:56:54.828+0500: 40.752: [GC (Allocation Failure) 2018-03-16T23:56:54.828+0500: 40.752: [DefNew: 139776K->17472K(157248K), 0.2566499 secs] 174109K->174108K(506816K), 0.2567132 secs] [Times: user=0.27 sys=0.00, real=0.26 secs] 
2018-03-16T23:56:55.110+0500: 41.034: [GC (Allocation Failure) 2018-03-16T23:56:55.110+0500: 41.034: [DefNew: 157248K->17472K(157248K), 0.2539908 secs] 313884K->313883K(506816K), 0.2540549 secs] [Times: user=0.25 sys=0.00, real=0.25 secs] 
2018-03-16T23:56:55.390+0500: 41.314: [GC (Allocation Failure) 2018-03-16T23:56:55.390+0500: 41.314: [DefNew: 157248K->157248K(157248K), 0.0000175 secs]2018-03-16T23:56:55.390+0500: 41.314: [Tenured: 296411K->23970K(349568K), 0.1553221 secs] 453659K->23970K(506816K), [Metaspace: 5331K->5331K(1056768K)], 0.1554230 secs] [Times: user=0.16 sys=0.00, real=0.16 secs] 
2018-03-16T23:56:55.574+0500: 41.498: [GC (Allocation Failure) 2018-03-16T23:56:55.574+0500: 41.498: [DefNew: 139776K->17472K(157248K), 0.2573294 secs] 163746K->163745K(506816K), 0.2574073 secs] [Times: user=0.25 sys=0.00, real=0.26 secs] 
2018-03-16T23:56:55.857+0500: 41.781: [GC (Allocation Failure) 2018-03-16T23:56:55.857+0500: 41.781: [DefNew: 157248K->17472K(157248K), 0.2527878 secs] 303521K->303520K(506816K), 0.2528489 secs] [Times: user=0.25 sys=0.00, real=0.25 secs] 
2018-03-16T23:56:56.136+0500: 42.060: [GC (Allocation Failure) 2018-03-16T23:56:56.136+0500: 42.060: [DefNew: 146063K->146063K(157248K), 0.0000154 secs]2018-03-16T23:56:56.136+0500: 42.060: [Tenured: 286048K->776K(349568K), 0.1367239 secs] 432112K->776K(506816K), [Metaspace: 5331K->5331K(1056768K)], 0.1368132 secs] [Times: user=0.14 sys=0.00, real=0.14 secs] 
2018-03-16T23:56:56.298+0500: 42.222: [GC (Allocation Failure) 2018-03-16T23:56:56.298+0500: 42.222: [DefNew: 139776K->17472K(157248K), 0.2238442 secs] 140552K->140551K(506816K), 0.2239083 secs] [Times: user=0.23 sys=0.00, real=0.22 secs] 
2018-03-16T23:56:56.549+0500: 42.473: [GC (Allocation Failure) 2018-03-16T23:56:56.549+0500: 42.473: [DefNew: 157248K->17472K(157248K), 0.2562248 secs] 280327K->280290K(506816K), 0.2562941 secs] [Times: user=0.27 sys=0.00, real=0.26 secs] 
2018-03-16T23:56:56.833+0500: 42.758: [GC (Allocation Failure) 2018-03-16T23:56:56.833+0500: 42.758: [DefNew: 157248K->157248K(157248K), 0.0000167 secs]2018-03-16T23:56:56.833+0500: 42.758: [Tenured: 262818K->205221K(349568K), 0.4717426 secs] 420066K->205221K(506816K), [Metaspace: 5332K->5332K(1056768K)], 0.4718349 secs] [Times: user=0.49 sys=0.00, real=0.47 secs] 
2018-03-16T23:56:57.332+0500: 43.255: [GC (Allocation Failure) 2018-03-16T23:56:57.332+0500: 43.255: [DefNew: 139776K->17472K(157248K), 0.2239986 secs] 344997K->344996K(506816K), 0.2240670 secs] [Times: user=0.24 sys=0.00, real=0.22 secs] 
2018-03-16T23:56:57.582+0500: 43.506: [GC (Allocation Failure) 2018-03-16T23:56:57.582+0500: 43.506: [DefNew: 157248K->157248K(157248K), 0.0000154 secs]2018-03-16T23:56:57.582+0500: 43.506: [Tenured: 327524K->55084K(349568K), 0.2225415 secs] 484772K->55084K(506816K), [Metaspace: 5332K->5332K(1056768K)], 0.2226309 secs] [Times: user=0.24 sys=0.00, real=0.22 secs] 
2018-03-16T23:56:57.833+0500: 43.757: [GC (Allocation Failure) 2018-03-16T23:56:57.833+0500: 43.757: [DefNew: 139776K->17472K(157248K), 0.2594254 secs] 194860K->194859K(506816K), 0.2594895 secs] [Times: user=0.27 sys=0.00, real=0.26 secs] 
2018-03-16T23:56:58.118+0500: 44.042: [GC (Allocation Failure) 2018-03-16T23:56:58.118+0500: 44.042: [DefNew: 157248K->17471K(157248K), 0.2521441 secs] 334635K->334633K(506816K), 0.2522044 secs] [Times: user=0.23 sys=0.00, real=0.25 secs] 
2018-03-16T23:56:58.397+0500: 44.320: [GC (Allocation Failure) 2018-03-16T23:56:58.397+0500: 44.320: [DefNew: 157247K->157247K(157248K), 0.0000163 secs]2018-03-16T23:56:58.397+0500: 44.320: [Tenured: 317162K->44720K(349568K), 0.1993918 secs] 474409K->44720K(506816K), [Metaspace: 5332K->5332K(1056768K)], 0.1994803 secs] [Times: user=0.19 sys=0.00, real=0.20 secs] 
2018-03-16T23:56:58.625+0500: 44.549: [GC (Allocation Failure) 2018-03-16T23:56:58.625+0500: 44.549: [DefNew: 139776K->17471K(157248K), 0.2556954 secs] 184496K->184496K(506816K), 0.2557595 secs] [Times: user=0.27 sys=0.00, real=0.26 secs] 
2018-03-16T23:56:58.907+0500: 44.830: [GC (Allocation Failure) 2018-03-16T23:56:58.907+0500: 44.830: [DefNew: 157247K->17472K(157248K), 0.2514697 secs] 324272K->324270K(506816K), 0.2515369 secs] [Times: user=0.25 sys=0.00, real=0.25 secs] 
2018-03-16T23:56:59.184+0500: 45.108: [GC (Allocation Failure) 2018-03-16T23:56:59.184+0500: 45.108: [DefNew: 157248K->157248K(157248K), 0.0000171 secs]2018-03-16T23:56:59.184+0500: 45.108: [Tenured: 306798K->34333K(349568K), 0.1773621 secs] 464046K->34333K(506816K), [Metaspace: 5332K->5332K(1056768K)], 0.1774553 secs] [Times: user=0.16 sys=0.00, real=0.18 secs] 
2018-03-16T23:56:59.391+0500: 45.315: [GC (Allocation Failure) 2018-03-16T23:56:59.391+0500: 45.315: [DefNew: 139776K->17472K(157248K), 0.2570583 secs] 174109K->174108K(506816K), 0.2571225 secs] [Times: user=0.27 sys=0.00, real=0.26 secs] 
2018-03-16T23:56:59.674+0500: 45.599: [GC (Allocation Failure) 2018-03-16T23:56:59.674+0500: 45.599: [DefNew: 157248K->17472K(157248K), 0.2530555 secs] 313884K->313883K(506816K), 0.2531149 secs] [Times: user=0.25 sys=0.00, real=0.25 secs] 
2018-03-16T23:56:59.954+0500: 45.877: [GC (Allocation Failure) 2018-03-16T23:56:59.954+0500: 45.877: [DefNew: 157248K->157248K(157248K), 0.0000167 secs]2018-03-16T23:56:59.954+0500: 45.877: [Tenured: 296411K->23970K(349568K), 0.1589845 secs] 453659K->23970K(506816K), [Metaspace: 5332K->5332K(1056768K)], 0.1590867 secs] [Times: user=0.16 sys=0.00, real=0.16 secs] 
2018-03-16T23:57:00.141+0500: 46.064: [GC (Allocation Failure) 2018-03-16T23:57:00.141+0500: 46.064: [DefNew: 139776K->17472K(157248K), 0.2565413 secs] 163746K->163745K(506816K), 0.2566020 secs] [Times: user=0.26 sys=0.00, real=0.26 secs] 
2018-03-16T23:57:00.423+0500: 46.347: [GC (Allocation Failure) 2018-03-16T23:57:00.423+0500: 46.347: [DefNew: 157248K->17472K(157248K), 0.2540570 secs] 303521K->303520K(506816K), 0.2541191 secs] [Times: user=0.25 sys=0.00, real=0.25 secs] 
2018-03-16T23:57:00.703+0500: 46.627: [GC (Allocation Failure) 2018-03-16T23:57:00.703+0500: 46.627: [DefNew: 146063K->146063K(157248K), 0.0000163 secs]2018-03-16T23:57:00.703+0500: 46.627: [Tenured: 286048K->776K(349568K), 0.1365336 secs] 432112K->776K(506816K), [Metaspace: 5332K->5332K(1056768K)], 0.1366191 secs] [Times: user=0.14 sys=0.00, real=0.14 secs] 
2018-03-16T23:57:00.865+0500: 46.789: [GC (Allocation Failure) 2018-03-16T23:57:00.865+0500: 46.789: [DefNew: 139776K->17472K(157248K), 0.2273467 secs] 140552K->140551K(506816K), 0.2274082 secs] [Times: user=0.22 sys=0.00, real=0.23 secs] 
2018-03-16T23:57:01.119+0500: 47.043: [GC (Allocation Failure) 2018-03-16T23:57:01.119+0500: 47.043: [DefNew: 157248K->17472K(157248K), 0.2595178 secs] 280327K->280290K(506816K), 0.2595798 secs] [Times: user=0.25 sys=0.00, real=0.26 secs] 
2018-03-16T23:57:01.407+0500: 47.331: [GC (Allocation Failure) 2018-03-16T23:57:01.407+0500: 47.331: [DefNew: 157248K->157248K(157248K), 0.0000163 secs]2018-03-16T23:57:01.407+0500: 47.331: [Tenured: 262818K->205221K(349568K), 0.4725786 secs] 420066K->205221K(506816K), [Metaspace: 5332K->5332K(1056768K)], 0.4726774 secs] [Times: user=0.47 sys=0.00, real=0.47 secs] 
2018-03-16T23:57:01.912+0500: 47.836: [GC (Allocation Failure) 2018-03-16T23:57:01.912+0500: 47.836: [DefNew: 139776K->17472K(157248K), 0.2818468 secs] 344997K->344996K(506816K), 0.2819071 secs] [Times: user=0.28 sys=0.00, real=0.28 secs] 
2018-03-16T23:57:02.222+0500: 48.146: [GC (Allocation Failure) 2018-03-16T23:57:02.222+0500: 48.146: [DefNew: 157248K->157248K(157248K), 0.0000184 secs]2018-03-16T23:57:02.222+0500: 48.146: [Tenured: 327524K->55084K(349568K), 0.2351992 secs] 484772K->55084K(506816K), [Metaspace: 5332K->5332K(1056768K)], 0.2353066 secs] [Times: user=0.23 sys=0.00, real=0.24 secs] 
2018-03-16T23:57:02.497+0500: 48.421: [GC (Allocation Failure) 2018-03-16T23:57:02.497+0500: 48.421: [DefNew: 139776K->17472K(157248K), 0.3206427 secs] 194860K->194859K(506816K), 0.3207060 secs] [Times: user=0.31 sys=0.00, real=0.32 secs] 
2018-03-16T23:57:02.847+0500: 48.770: [GC (Allocation Failure) 2018-03-16T23:57:02.847+0500: 48.770: [DefNew: 157248K->17471K(157248K), 0.2544466 secs] 334635K->334633K(506816K), 0.2545078 secs] [Times: user=0.27 sys=0.00, real=0.25 secs] 
2018-03-16T23:57:03.127+0500: 49.051: [GC (Allocation Failure) 2018-03-16T23:57:03.127+0500: 49.051: [DefNew: 157247K->157247K(157248K), 0.0000167 secs]2018-03-16T23:57:03.127+0500: 49.051: [Tenured: 317162K->44720K(349568K), 0.2016511 secs] 474409K->44720K(506816K), [Metaspace: 5332K->5332K(1056768K)], 0.2017606 secs] [Times: user=0.20 sys=0.00, real=0.20 secs] 
2018-03-16T23:57:03.358+0500: 49.282: [GC (Allocation Failure) 2018-03-16T23:57:03.358+0500: 49.282: [DefNew: 139776K->17471K(157248K), 0.2591910 secs] 184496K->184496K(506816K), 0.2592500 secs] [Times: user=0.26 sys=0.00, real=0.26 secs] 
2018-03-16T23:57:03.642+0500: 49.567: [GC (Allocation Failure) 2018-03-16T23:57:03.643+0500: 49.567: [DefNew: 157247K->17472K(157248K), 0.2520548 secs] 324272K->324270K(506816K), 0.2521429 secs] [Times: user=0.25 sys=0.00, real=0.25 secs] 
2018-03-16T23:57:03.921+0500: 49.844: [GC (Allocation Failure) 2018-03-16T23:57:03.921+0500: 49.844: [DefNew: 157248K->157248K(157248K), 0.0000158 secs]2018-03-16T23:57:03.921+0500: 49.844: [Tenured: 306798K->34333K(349568K), 0.1849221 secs] 464046K->34333K(506816K), [Metaspace: 5332K->5332K(1056768K)], 0.1850124 secs] [Times: user=0.19 sys=0.00, real=0.18 secs] 
2018-03-16T23:57:04.135+0500: 50.058: [GC (Allocation Failure) 2018-03-16T23:57:04.135+0500: 50.058: [DefNew: 139776K->17472K(157248K), 0.2558228 secs] 174109K->174108K(506816K), 0.2558848 secs] [Times: user=0.25 sys=0.00, real=0.26 secs] 
2018-03-16T23:57:04.415+0500: 50.339: [GC (Allocation Failure) 2018-03-16T23:57:04.416+0500: 50.339: [DefNew: 157248K->17472K(157248K), 0.2572307 secs] 313884K->313883K(506816K), 0.2573166 secs] [Times: user=0.25 sys=0.00, real=0.26 secs] 
2018-03-16T23:57:04.699+0500: 50.623: [GC (Allocation Failure) 2018-03-16T23:57:04.699+0500: 50.623: [DefNew: 157248K->157248K(157248K), 0.0000167 secs]2018-03-16T23:57:04.699+0500: 50.623: [Tenured: 296411K->23970K(349568K), 0.1556929 secs] 453659K->23970K(506816K), [Metaspace: 5332K->5332K(1056768K)], 0.1557810 secs] [Times: user=0.16 sys=0.00, real=0.16 secs] 
2018-03-16T23:57:04.885+0500: 50.809: [GC (Allocation Failure) 2018-03-16T23:57:04.885+0500: 50.809: [DefNew: 139776K->17472K(157248K), 0.2872177 secs] 163746K->163745K(506816K), 0.2872789 secs] [Times: user=0.28 sys=0.00, real=0.29 secs] 
2018-03-16T23:57:05.198+0500: 51.122: [GC (Allocation Failure) 2018-03-16T23:57:05.198+0500: 51.122: [DefNew: 157248K->17472K(157248K), 0.2523948 secs] 303521K->303520K(506816K), 0.2524568 secs] [Times: user=0.25 sys=0.00, real=0.25 secs] 
2018-03-16T23:57:05.477+0500: 51.400: [GC (Allocation Failure) 2018-03-16T23:57:05.477+0500: 51.401: [DefNew: 146063K->146063K(157248K), 0.0000163 secs]2018-03-16T23:57:05.477+0500: 51.401: [Tenured: 286048K->776K(349568K), 0.1416603 secs] 432112K->776K(506816K), [Metaspace: 5332K->5332K(1056768K)], 0.1417479 secs] [Times: user=0.14 sys=0.00, real=0.14 secs] 
2018-03-16T23:57:05.651+0500: 51.574: [GC (Allocation Failure) 2018-03-16T23:57:05.651+0500: 51.574: [DefNew: 139776K->17472K(157248K), 0.2323895 secs] 140552K->140551K(506816K), 0.2324563 secs] [Times: user=0.24 sys=0.00, real=0.23 secs] 
2018-03-16T23:57:05.908+0500: 51.832: [GC (Allocation Failure) 2018-03-16T23:57:05.908+0500: 51.832: [DefNew: 157248K->17472K(157248K), 0.2566362 secs] 280327K->280290K(506816K), 0.2566969 secs] [Times: user=0.27 sys=0.00, real=0.26 secs] 
2018-03-16T23:57:06.194+0500: 52.118: [GC (Allocation Failure) 2018-03-16T23:57:06.194+0500: 52.118: [DefNew: 157248K->157248K(157248K), 0.0000163 secs]2018-03-16T23:57:06.194+0500: 52.118: [Tenured: 262818K->205221K(349568K), 0.4708672 secs] 420066K->205221K(506816K), [Metaspace: 5332K->5332K(1056768K)], 0.4709711 secs] [Times: user=0.47 sys=0.00, real=0.47 secs] 
2018-03-16T23:57:06.691+0500: 52.615: [GC (Allocation Failure) 2018-03-16T23:57:06.691+0500: 52.615: [DefNew: 139776K->17472K(157248K), 0.2229132 secs] 344997K->344996K(506816K), 0.2229756 secs] [Times: user=0.23 sys=0.00, real=0.22 secs] 
2018-03-16T23:57:06.941+0500: 52.865: [GC (Allocation Failure) 2018-03-16T23:57:06.941+0500: 52.865: [DefNew: 157248K->157248K(157248K), 0.0000201 secs]2018-03-16T23:57:06.941+0500: 52.865: [Tenured: 327524K->55084K(349568K), 0.2245032 secs] 484772K->55084K(506816K), [Metaspace: 5332K->5332K(1056768K)], 0.2246033 secs] [Times: user=0.23 sys=0.00, real=0.22 secs] 
2018-03-16T23:57:07.196+0500: 53.119: [GC (Allocation Failure) 2018-03-16T23:57:07.196+0500: 53.119: [DefNew: 139776K->17472K(157248K), 0.2553357 secs] 194860K->194859K(506816K), 0.2554110 secs] [Times: user=0.23 sys=0.00, real=0.25 secs] 
2018-03-16T23:57:07.476+0500: 53.400: [GC (Allocation Failure) 2018-03-16T23:57:07.476+0500: 53.400: [DefNew: 157248K->17471K(157248K), 0.2533313 secs] 334635K->334633K(506816K), 0.2534237 secs] [Times: user=0.25 sys=0.00, real=0.25 secs] 
2018-03-16T23:57:07.755+0500: 53.679: [GC (Allocation Failure) 2018-03-16T23:57:07.755+0500: 53.679: [DefNew: 157247K->157247K(157248K), 0.0000158 secs]2018-03-16T23:57:07.755+0500: 53.679: [Tenured: 317162K->44720K(349568K), 0.1988833 secs] 474409K->44720K(506816K), [Metaspace: 5332K->5332K(1056768K)], 0.1989778 secs] [Times: user=0.20 sys=0.00, real=0.20 secs] 
2018-03-16T23:57:07.983+0500: 53.907: [GC (Allocation Failure) 2018-03-16T23:57:07.983+0500: 53.907: [DefNew: 139776K->17471K(157248K), 0.2571220 secs] 184496K->184496K(506816K), 0.2571828 secs] [Times: user=0.27 sys=0.00, real=0.26 secs] 
2018-03-16T23:57:08.266+0500: 54.190: [GC (Allocation Failure) 2018-03-16T23:57:08.267+0500: 54.190: [DefNew: 157247K->17472K(157248K), 0.2511866 secs] 324272K->324270K(506816K), 0.2512713 secs] [Times: user=0.25 sys=0.00, real=0.25 secs] 
2018-03-16T23:57:08.543+0500: 54.467: [GC (Allocation Failure) 2018-03-16T23:57:08.543+0500: 54.467: [DefNew: 157248K->157248K(157248K), 0.0000158 secs]2018-03-16T23:57:08.543+0500: 54.467: [Tenured: 306798K->34333K(349568K), 0.1785856 secs] 464046K->34333K(506816K), [Metaspace: 5332K->5332K(1056768K)], 0.1786728 secs] [Times: user=0.17 sys=0.00, real=0.18 secs] 
2018-03-16T23:57:08.752+0500: 54.676: [GC (Allocation Failure) 2018-03-16T23:57:08.752+0500: 54.676: [DefNew: 139776K->17472K(157248K), 0.2566264 secs] 174109K->174108K(506816K), 0.2566880 secs] [Times: user=0.26 sys=0.00, real=0.26 secs] 
2018-03-16T23:57:09.034+0500: 54.958: [GC (Allocation Failure) 2018-03-16T23:57:09.034+0500: 54.958: [DefNew: 157248K->17472K(157248K), 0.2557694 secs] 313884K->313883K(506816K), 0.2558335 secs] [Times: user=0.26 sys=0.00, real=0.26 secs] 
2018-03-16T23:57:09.315+0500: 55.240: [GC (Allocation Failure) 2018-03-16T23:57:09.315+0500: 55.240: [DefNew: 157248K->157248K(157248K), 0.0000150 secs]2018-03-16T23:57:09.315+0500: 55.240: [Tenured: 296411K->23970K(349568K), 0.1551493 secs] 453659K->23970K(506816K), [Metaspace: 5332K->5332K(1056768K)], 0.1552353 secs] [Times: user=0.16 sys=0.00, real=0.15 secs] 
2018-03-16T23:57:09.498+0500: 55.423: [GC (Allocation Failure) 2018-03-16T23:57:09.498+0500: 55.423: [DefNew: 139776K->17472K(157248K), 0.2581933 secs] 163746K->163745K(506816K), 0.2582557 secs] [Times: user=0.26 sys=0.00, real=0.26 secs] 
2018-03-16T23:57:09.783+0500: 55.707: [GC (Allocation Failure) 2018-03-16T23:57:09.783+0500: 55.707: [DefNew: 157248K->17472K(157248K), 0.2543196 secs] 303521K->303520K(506816K), 0.2543829 secs] [Times: user=0.25 sys=0.00, real=0.25 secs] 
2018-03-16T23:57:10.063+0500: 55.987: [GC (Allocation Failure) 2018-03-16T23:57:10.063+0500: 55.987: [DefNew: 146063K->146063K(157248K), 0.0000163 secs]2018-03-16T23:57:10.063+0500: 55.987: [Tenured: 286048K->776K(349568K), 0.1370921 secs] 432112K->776K(506816K), [Metaspace: 5349K->5349K(1056768K)], 0.1371776 secs] [Times: user=0.14 sys=0.00, real=0.14 secs] 
2018-03-16T23:57:10.227+0500: 56.151: [GC (Allocation Failure) 2018-03-16T23:57:10.227+0500: 56.151: [DefNew: 139776K->17472K(157248K), 0.2238780 secs] 140552K->140551K(506816K), 0.2239412 secs] [Times: user=0.22 sys=0.00, real=0.22 secs] 
2018-03-16T23:57:10.477+0500: 56.401: [GC (Allocation Failure) 2018-03-16T23:57:10.477+0500: 56.401: [DefNew: 157248K->17472K(157248K), 0.2594904 secs] 280327K->280290K(506816K), 0.2595669 secs] [Times: user=0.25 sys=0.00, real=0.26 secs] 
2018-03-16T23:57:10.764+0500: 56.689: [GC (Allocation Failure) 2018-03-16T23:57:10.764+0500: 56.689: [DefNew: 157248K->157248K(157248K), 0.0000167 secs]2018-03-16T23:57:10.764+0500: 56.689: [Tenured: 262818K->205221K(349568K), 0.4775629 secs] 420066K->205221K(506816K), [Metaspace: 5350K->5350K(1056768K)], 0.4776562 secs] [Times: user=0.48 sys=0.00, real=0.48 secs] 
2018-03-16T23:57:11.268+0500: 57.192: [GC (Allocation Failure) 2018-03-16T23:57:11.268+0500: 57.192: [DefNew: 139776K->17472K(157248K), 0.2250484 secs] 344997K->344996K(506816K), 0.2251083 secs] [Times: user=0.23 sys=0.00, real=0.23 secs] 
2018-03-16T23:57:11.520+0500: 57.444: [GC (Allocation Failure) 2018-03-16T23:57:11.520+0500: 57.444: [DefNew: 157248K->157248K(157248K), 0.0000171 secs]2018-03-16T23:57:11.520+0500: 57.444: [Tenured: 327524K->55084K(349568K), 0.2231304 secs] 484772K->55084K(506816K), [Metaspace: 5350K->5350K(1056768K)], 0.2232177 secs] [Times: user=0.23 sys=0.00, real=0.22 secs] 
2018-03-16T23:57:11.772+0500: 57.696: [GC (Allocation Failure) 2018-03-16T23:57:11.772+0500: 57.696: [DefNew: 139776K->17472K(157248K), 0.2622791 secs] 194860K->194859K(506816K), 0.2623651 secs] [Times: user=0.25 sys=0.00, real=0.26 secs] 
2018-03-16T23:57:12.059+0500: 57.984: [GC (Allocation Failure) 2018-03-16T23:57:12.059+0500: 57.984: [DefNew: 157248K->17471K(157248K), 0.2522784 secs] 334635K->334633K(506816K), 0.2523400 secs] [Times: user=0.25 sys=0.00, real=0.25 secs] 
2018-03-16T23:57:12.338+0500: 58.262: [GC (Allocation Failure) 2018-03-16T23:57:12.338+0500: 58.262: [DefNew: 157247K->157247K(157248K), 0.0000163 secs]2018-03-16T23:57:12.338+0500: 58.262: [Tenured: 317162K->44720K(349568K), 0.1999918 secs] 474409K->44720K(506816K), [Metaspace: 5350K->5350K(1056768K)], 0.2000944 secs] [Times: user=0.20 sys=0.00, real=0.20 secs] 
2018-03-16T23:57:12.569+0500: 58.492: [GC (Allocation Failure) 2018-03-16T23:57:12.569+0500: 58.492: [DefNew: 139776K->17471K(157248K), 0.2570254 secs] 184496K->184496K(506816K), 0.2570844 secs] [Times: user=0.25 sys=0.00, real=0.26 secs] 
2018-03-16T23:57:12.851+0500: 58.775: [GC (Allocation Failure) 2018-03-16T23:57:12.851+0500: 58.775: [DefNew: 157247K->17472K(157248K), 0.2595999 secs] 324272K->324270K(506816K), 0.2596743 secs] [Times: user=0.25 sys=0.00, real=0.26 secs] 
2018-03-16T23:57:13.136+0500: 59.060: [GC (Allocation Failure) 2018-03-16T23:57:13.136+0500: 59.060: [DefNew: 157248K->157248K(157248K), 0.0000163 secs]2018-03-16T23:57:13.136+0500: 59.060: [Tenured: 306798K->34333K(349568K), 0.1777080 secs] 464046K->34333K(506816K), [Metaspace: 5350K->5350K(1056768K)], 0.1778017 secs] [Times: user=0.17 sys=0.00, real=0.18 secs] 
2018-03-16T23:57:13.343+0500: 59.267: [GC (Allocation Failure) 2018-03-16T23:57:13.343+0500: 59.267: [DefNew: 139776K->17472K(157248K), 0.2582771 secs] 174109K->174108K(506816K), 0.2583349 secs] [Times: user=0.27 sys=0.00, real=0.26 secs] 
2018-03-16T23:57:13.627+0500: 59.551: [GC (Allocation Failure) 2018-03-16T23:57:13.627+0500: 59.552: [DefNew: 157248K->17472K(157248K), 0.2538184 secs] 313884K->313883K(506816K), 0.2538796 secs] [Times: user=0.27 sys=0.00, real=0.25 secs] 
2018-03-16T23:57:13.908+0500: 59.832: [GC (Allocation Failure) 2018-03-16T23:57:13.908+0500: 59.832: [DefNew: 157248K->157248K(157248K), 0.0000154 secs]2018-03-16T23:57:13.908+0500: 59.832: [Tenured: 296411K->23970K(349568K), 0.1560624 secs] 453659K->23970K(506816K), [Metaspace: 5350K->5350K(1056768K)], 0.1561475 secs] [Times: user=0.16 sys=0.00, real=0.16 secs] 
2018-03-16T23:57:14.092+0500: 60.016: [GC (Allocation Failure) 2018-03-16T23:57:14.092+0500: 60.016: [DefNew: 139776K->17472K(157248K), 0.2591538 secs] 163746K->163745K(506816K), 0.2592154 secs] [Times: user=0.27 sys=0.00, real=0.26 secs] 
2018-03-16T23:57:14.377+0500: 60.301: [GC (Allocation Failure) 2018-03-16T23:57:14.377+0500: 60.301: [DefNew: 157248K->17472K(157248K), 0.2534596 secs] 303521K->303520K(506816K), 0.2535199 secs] [Times: user=0.25 sys=0.00, real=0.25 secs] 
2018-03-16T23:57:14.656+0500: 60.581: [GC (Allocation Failure) 2018-03-16T23:57:14.657+0500: 60.581: [DefNew: 146063K->146063K(157248K), 0.0000278 secs]2018-03-16T23:57:14.657+0500: 60.581: [Tenured: 286048K->776K(349568K), 0.1374979 secs] 432112K->776K(506816K), [Metaspace: 5350K->5350K(1056768K)], 0.1376313 secs] [Times: user=0.14 sys=0.00, real=0.14 secs] 
2018-03-16T23:57:14.820+0500: 60.744: [GC (Allocation Failure) 2018-03-16T23:57:14.820+0500: 60.744: [DefNew: 139776K->17472K(157248K), 0.2244386 secs] 140552K->140551K(506816K), 0.2245092 secs] [Times: user=0.22 sys=0.00, real=0.22 secs] 
2018-03-16T23:57:15.069+0500: 60.994: [GC (Allocation Failure) 2018-03-16T23:57:15.069+0500: 60.994: [DefNew: 157248K->17472K(157248K), 0.2574526 secs] 280327K->280290K(506816K), 0.2575129 secs] [Times: user=0.25 sys=0.00, real=0.26 secs] 
2018-03-16T23:57:15.357+0500: 61.280: [GC (Allocation Failure) 2018-03-16T23:57:15.357+0500: 61.280: [DefNew: 157248K->157248K(157248K), 0.0000163 secs]2018-03-16T23:57:15.357+0500: 61.280: [Tenured: 262818K->205221K(349568K), 0.4764664 secs] 420066K->205221K(506816K), [Metaspace: 5350K->5350K(1056768K)], 0.4765550 secs] [Times: user=0.47 sys=0.00, real=0.48 secs] 
2018-03-16T23:57:15.858+0500: 61.782: [GC (Allocation Failure) 2018-03-16T23:57:15.858+0500: 61.782: [DefNew: 139776K->17472K(157248K), 0.2253978 secs] 344997K->344996K(506816K), 0.2254645 secs] [Times: user=0.22 sys=0.00, real=0.23 secs] 
2018-03-16T23:57:16.110+0500: 62.034: [GC (Allocation Failure) 2018-03-16T23:57:16.110+0500: 62.034: [DefNew: 157248K->157248K(157248K), 0.0000167 secs]2018-03-16T23:57:16.110+0500: 62.034: [Tenured: 327524K->55084K(349568K), 0.2231060 secs] 484772K->55084K(506816K), [Metaspace: 5350K->5350K(1056768K)], 0.2231946 secs] [Times: user=0.22 sys=0.00, real=0.22 secs] 
2018-03-16T23:57:16.362+0500: 62.286: [GC (Allocation Failure) 2018-03-16T23:57:16.362+0500: 62.286: [DefNew: 139776K->17472K(157248K), 0.2551976 secs] 194860K->194859K(506816K), 0.2552596 secs] [Times: user=0.25 sys=0.00, real=0.26 secs] 
2018-03-16T23:57:16.643+0500: 62.567: [GC (Allocation Failure) 2018-03-16T23:57:16.643+0500: 62.567: [DefNew: 157248K->17471K(157248K), 0.2505156 secs] 334635K->334633K(506816K), 0.2505794 secs] [Times: user=0.25 sys=0.00, real=0.25 secs] 
2018-03-16T23:57:16.919+0500: 62.843: [GC (Allocation Failure) 2018-03-16T23:57:16.919+0500: 62.843: [DefNew: 157247K->157247K(157248K), 0.0000163 secs]2018-03-16T23:57:16.919+0500: 62.843: [Tenured: 317162K->44720K(349568K), 0.2006653 secs] 474409K->44720K(506816K), [Metaspace: 5350K->5350K(1056768K)], 0.2007590 secs] [Times: user=0.20 sys=0.00, real=0.20 secs] 
2018-03-16T23:57:17.150+0500: 63.074: [GC (Allocation Failure) 2018-03-16T23:57:17.150+0500: 63.074: [DefNew: 139776K->17471K(157248K), 0.2760560 secs] 184496K->184496K(506816K), 0.2761180 secs] [Times: user=0.27 sys=0.00, real=0.28 secs] 
2018-03-16T23:57:17.451+0500: 63.375: [GC (Allocation Failure) 2018-03-16T23:57:17.451+0500: 63.375: [DefNew: 157247K->17472K(157248K), 0.2842541 secs] 324272K->324270K(506816K), 0.2843247 secs] [Times: user=0.28 sys=0.00, real=0.29 secs] 
2018-03-16T23:57:17.771+0500: 63.695: [GC (Allocation Failure) 2018-03-16T23:57:17.771+0500: 63.695: [DefNew: 157248K->157248K(157248K), 0.0000175 secs]2018-03-16T23:57:17.771+0500: 63.695: [Tenured: 306798K->34333K(349568K), 0.1896439 secs] 464046K->34333K(506816K), [Metaspace: 5350K->5350K(1056768K)], 0.1897354 secs] [Times: user=0.20 sys=0.00, real=0.19 secs] 
2018-03-16T23:57:17.990+0500: 63.914: [GC (Allocation Failure) 2018-03-16T23:57:17.990+0500: 63.915: [DefNew: 139776K->17472K(157248K), 0.2590011 secs] 174109K->174108K(506816K), 0.2590623 secs] [Times: user=0.25 sys=0.00, real=0.26 secs] 
2018-03-16T23:57:18.276+0500: 64.199: [GC (Allocation Failure) 2018-03-16T23:57:18.276+0500: 64.199: [DefNew: 157248K->17472K(157248K), 0.2521732 secs] 313884K->313883K(506816K), 0.2522344 secs] [Times: user=0.25 sys=0.00, real=0.25 secs] 
2018-03-16T23:57:18.554+0500: 64.478: [GC (Allocation Failure) 2018-03-16T23:57:18.554+0500: 64.478: [DefNew: 157248K->157248K(157248K), 0.0000210 secs]2018-03-16T23:57:18.554+0500: 64.478: [Tenured: 296411K->23970K(349568K), 0.1555487 secs] 453659K->23970K(506816K), [Metaspace: 5350K->5350K(1056768K)], 0.1557040 secs] [Times: user=0.16 sys=0.00, real=0.16 secs] 
2018-03-16T23:57:18.739+0500: 64.663: [GC (Allocation Failure) 2018-03-16T23:57:18.739+0500: 64.663: [DefNew: 139776K->17472K(157248K), 0.2593599 secs] 163746K->163745K(506816K), 0.2594224 secs] [Times: user=0.27 sys=0.00, real=0.26 secs] 
2018-03-16T23:57:19.024+0500: 64.948: [GC (Allocation Failure) 2018-03-16T23:57:19.024+0500: 64.948: [DefNew: 157248K->17472K(157248K), 0.2582891 secs] 303521K->303520K(506816K), 0.2583498 secs] [Times: user=0.25 sys=0.00, real=0.26 secs] 
2018-03-16T23:57:19.308+0500: 65.233: [GC (Allocation Failure) 2018-03-16T23:57:19.308+0500: 65.233: [DefNew: 146063K->146063K(157248K), 0.0000201 secs]2018-03-16T23:57:19.308+0500: 65.233: [Tenured: 286048K->776K(349568K), 0.1365639 secs] 432112K->776K(506816K), [Metaspace: 5350K->5350K(1056768K)], 0.1366678 secs] [Times: user=0.14 sys=0.00, real=0.14 secs] 
2018-03-16T23:57:19.472+0500: 65.395: [GC (Allocation Failure) 2018-03-16T23:57:19.472+0500: 65.395: [DefNew: 139776K->17472K(157248K), 0.2265611 secs] 140552K->140551K(506816K), 0.2266385 secs] [Times: user=0.23 sys=0.00, real=0.23 secs] 
2018-03-16T23:57:19.724+0500: 65.648: [GC (Allocation Failure) 2018-03-16T23:57:19.724+0500: 65.648: [DefNew: 157248K->17472K(157248K), 0.2572593 secs] 280327K->280290K(506816K), 0.2573218 secs] [Times: user=0.27 sys=0.00, real=0.26 secs] 
2018-03-16T23:57:20.010+0500: 65.934: [GC (Allocation Failure) 2018-03-16T23:57:20.010+0500: 65.934: [DefNew: 157248K->157248K(157248K), 0.0000167 secs]2018-03-16T23:57:20.010+0500: 65.934: [Tenured: 262818K->205221K(349568K), 0.4721369 secs] 420066K->205221K(506816K), [Metaspace: 5350K->5350K(1056768K)], 0.4722262 secs] [Times: user=0.47 sys=0.00, real=0.47 secs] 
2018-03-16T23:57:20.507+0500: 66.431: [GC (Allocation Failure) 2018-03-16T23:57:20.507+0500: 66.431: [DefNew: 139776K->17472K(157248K), 0.2348965 secs] 344997K->344996K(506816K), 0.2349559 secs] [Times: user=0.23 sys=0.00, real=0.24 secs] 
2018-03-16T23:57:20.769+0500: 66.693: [GC (Allocation Failure) 2018-03-16T23:57:20.769+0500: 66.693: [DefNew: 157248K->157248K(157248K), 0.0000295 secs]2018-03-16T23:57:20.769+0500: 66.693: [Tenured: 327524K->55084K(349568K), 0.2215921 secs] 484772K->55084K(506816K), [Metaspace: 5350K->5350K(1056768K)], 0.2217222 secs] [Times: user=0.23 sys=0.00, real=0.22 secs] 
2018-03-16T23:57:21.020+0500: 66.944: [GC (Allocation Failure) 2018-03-16T23:57:21.020+0500: 66.944: [DefNew: 139776K->17472K(157248K), 0.2561705 secs] 194860K->194859K(506816K), 0.2562329 secs] [Times: user=0.26 sys=0.00, real=0.26 secs] 
2018-03-16T23:57:21.302+0500: 67.225: [GC (Allocation Failure) 2018-03-16T23:57:21.302+0500: 67.225: [DefNew: 157248K->17471K(157248K), 0.2517469 secs] 334635K->334633K(506816K), 0.2518119 secs] [Times: user=0.26 sys=0.00, real=0.25 secs] 
2018-03-16T23:57:21.579+0500: 67.503: [GC (Allocation Failure) 2018-03-16T23:57:21.579+0500: 67.503: [DefNew: 157247K->157247K(157248K), 0.0000154 secs]2018-03-16T23:57:21.579+0500: 67.503: [Tenured: 317162K->44720K(349568K), 0.2005845 secs] 474409K->44720K(506816K), [Metaspace: 5350K->5350K(1056768K)], 0.2007077 secs] [Times: user=0.20 sys=0.00, real=0.20 secs] 
2018-03-16T23:57:21.809+0500: 67.733: [GC (Allocation Failure) 2018-03-16T23:57:21.809+0500: 67.733: [DefNew: 139776K->17471K(157248K), 0.2566632 secs] 184496K->184496K(506816K), 0.2567342 secs] [Times: user=0.25 sys=0.00, real=0.26 secs] 
2018-03-16T23:57:22.091+0500: 68.016: [GC (Allocation Failure) 2018-03-16T23:57:22.091+0500: 68.016: [DefNew: 157247K->17472K(157248K), 0.2537880 secs] 324272K->324270K(506816K), 0.2538535 secs] [Times: user=0.25 sys=0.00, real=0.25 secs] 
2018-03-16T23:57:22.372+0500: 68.295: [GC (Allocation Failure) 2018-03-16T23:57:22.372+0500: 68.295: [DefNew: 157248K->157248K(157248K), 0.0000205 secs]2018-03-16T23:57:22.372+0500: 68.295: [Tenured: 306798K->34333K(349568K), 0.1776948 secs] 464046K->34333K(506816K), [Metaspace: 5350K->5350K(1056768K)], 0.1778676 secs] [Times: user=0.17 sys=0.00, real=0.18 secs] 
2018-03-16T23:57:22.579+0500: 68.502: [GC (Allocation Failure) 2018-03-16T23:57:22.579+0500: 68.502: [DefNew: 139776K->17472K(157248K), 0.2576891 secs] 174109K->174108K(506816K), 0.2577498 secs] [Times: user=0.27 sys=0.00, real=0.26 secs] 
2018-03-16T23:57:22.862+0500: 68.786: [GC (Allocation Failure) 2018-03-16T23:57:22.862+0500: 68.786: [DefNew: 157248K->17472K(157248K), 0.2527360 secs] 313884K->313883K(506816K), 0.2528002 secs] [Times: user=0.25 sys=0.00, real=0.25 secs] 
2018-03-16T23:57:23.141+0500: 69.065: [GC (Allocation Failure) 2018-03-16T23:57:23.141+0500: 69.065: [DefNew: 157248K->157248K(157248K), 0.0000158 secs]2018-03-16T23:57:23.141+0500: 69.065: [Tenured: 296411K->23970K(349568K), 0.1556232 secs] 453659K->23970K(506816K), [Metaspace: 5350K->5350K(1056768K)], 0.1557117 secs] [Times: user=0.16 sys=0.00, real=0.15 secs] 
2018-03-16T23:57:23.325+0500: 69.249: [GC (Allocation Failure) 2018-03-16T23:57:23.325+0500: 69.249: [DefNew: 139776K->17472K(157248K), 0.2573722 secs] 163746K->163745K(506816K), 0.2574560 secs] [Times: user=0.25 sys=0.00, real=0.26 secs] 
2018-03-16T23:57:23.607+0500: 69.532: [GC (Allocation Failure) 2018-03-16T23:57:23.608+0500: 69.532: [DefNew: 157248K->17472K(157248K), 0.2555158 secs] 303521K->303520K(506816K), 0.2555915 secs] [Times: user=0.25 sys=0.00, real=0.26 secs] 
2018-03-16T23:57:23.890+0500: 69.814: [GC (Allocation Failure) 2018-03-16T23:57:23.890+0500: 69.814: [DefNew: 146063K->146063K(157248K), 0.0000154 secs]2018-03-16T23:57:23.890+0500: 69.814: [Tenured: 286048K->776K(349568K), 0.1372071 secs] 432112K->776K(506816K), [Metaspace: 5350K->5350K(1056768K)], 0.1373050 secs] [Times: user=0.14 sys=0.00, real=0.14 secs] 
2018-03-16T23:57:24.053+0500: 69.977: [GC (Allocation Failure) 2018-03-16T23:57:24.053+0500: 69.977: [DefNew: 139776K->17472K(157248K), 0.2233896 secs] 140552K->140551K(506816K), 0.2234571 secs] [Times: user=0.22 sys=0.00, real=0.22 secs] 
2018-03-16T23:57:24.302+0500: 70.226: [GC (Allocation Failure) 2018-03-16T23:57:24.302+0500: 70.226: [DefNew: 157248K->17472K(157248K), 0.2557266 secs] 280327K->280290K(506816K), 0.2557972 secs] [Times: user=0.26 sys=0.00, real=0.26 secs] 
2018-03-16T23:57:24.587+0500: 70.511: [GC (Allocation Failure) 2018-03-16T23:57:24.587+0500: 70.511: [DefNew: 157248K->157248K(157248K), 0.0000180 secs]2018-03-16T23:57:24.587+0500: 70.511: [Tenured: 262818K->205221K(349568K), 0.4718880 secs] 420066K->205221K(506816K), [Metaspace: 5350K->5350K(1056768K)], 0.4719825 secs] [Times: user=0.47 sys=0.00, real=0.47 secs] 
2018-03-16T23:57:25.087+0500: 71.010: [GC (Allocation Failure) 2018-03-16T23:57:25.087+0500: 71.010: [DefNew: 139776K->17472K(157248K), 0.2247290 secs] 344997K->344996K(506816K), 0.2247923 secs] [Times: user=0.22 sys=0.00, real=0.23 secs] 
2018-03-16T23:57:25.338+0500: 71.261: [GC (Allocation Failure) 2018-03-16T23:57:25.338+0500: 71.261: [DefNew: 157248K->157248K(157248K), 0.0000167 secs]2018-03-16T23:57:25.338+0500: 71.261: [Tenured: 327524K->55084K(349568K), 0.2211183 secs] 484772K->55084K(506816K), [Metaspace: 5350K->5350K(1056768K)], 0.2212090 secs] [Times: user=0.22 sys=0.00, real=0.22 secs] 
2018-03-16T23:57:25.588+0500: 71.512: [GC (Allocation Failure) 2018-03-16T23:57:25.588+0500: 71.512: [DefNew: 139776K->17472K(157248K), 0.2585560 secs] 194860K->194859K(506816K), 0.2586163 secs] [Times: user=0.23 sys=0.00, real=0.26 secs] 
2018-03-16T23:57:25.873+0500: 71.797: [GC (Allocation Failure) 2018-03-16T23:57:25.873+0500: 71.797: [DefNew: 157248K->17471K(157248K), 0.2507534 secs] 334635K->334633K(506816K), 0.2508163 secs] [Times: user=0.25 sys=0.00, real=0.25 secs] 
2018-03-16T23:57:26.149+0500: 72.073: [GC (Allocation Failure) 2018-03-16T23:57:26.149+0500: 72.073: [DefNew: 157247K->157247K(157248K), 0.0000158 secs]2018-03-16T23:57:26.149+0500: 72.073: [Tenured: 317162K->44720K(349568K), 0.1999336 secs] 474409K->44720K(506816K), [Metaspace: 5350K->5350K(1056768K)], 0.2000294 secs] [Times: user=0.19 sys=0.00, real=0.20 secs] 
2018-03-16T23:57:26.378+0500: 72.302: [GC (Allocation Failure) 2018-03-16T23:57:26.378+0500: 72.302: [DefNew: 139776K->17471K(157248K), 0.2546378 secs] 184496K->184496K(506816K), 0.2547101 secs] [Times: user=0.27 sys=0.00, real=0.25 secs] 
2018-03-16T23:57:26.659+0500: 72.582: [GC (Allocation Failure) 2018-03-16T23:57:26.659+0500: 72.582: [DefNew: 157247K->17472K(157248K), 0.2505712 secs] 324272K->324270K(506816K), 0.2506457 secs] [Times: user=0.23 sys=0.00, real=0.25 secs] 
2018-03-16T23:57:26.935+0500: 72.859: [GC (Allocation Failure) 2018-03-16T23:57:26.935+0500: 72.859: [DefNew: 157248K->157248K(157248K), 0.0000167 secs]2018-03-16T23:57:26.935+0500: 72.859: [Tenured: 306798K->34333K(349568K), 0.1799673 secs] 464046K->34333K(506816K), [Metaspace: 5350K->5350K(1056768K)], 0.1800571 secs] [Times: user=0.17 sys=0.00, real=0.18 secs] 
2018-03-16T23:57:27.144+0500: 73.068: [GC (Allocation Failure) 2018-03-16T23:57:27.144+0500: 73.068: [DefNew: 139776K->17472K(157248K), 0.2560118 secs] 174109K->174108K(506816K), 0.2560709 secs] [Times: user=0.27 sys=0.00, real=0.26 secs] 
2018-03-16T23:57:27.426+0500: 73.350: [GC (Allocation Failure) 2018-03-16T23:57:27.426+0500: 73.350: [DefNew: 157248K->17472K(157248K), 0.2561034 secs] 313884K->313883K(506816K), 0.2561748 secs] [Times: user=0.26 sys=0.00, real=0.26 secs] 
2018-03-16T23:57:27.708+0500: 73.632: [GC (Allocation Failure) 2018-03-16T23:57:27.708+0500: 73.632: [DefNew: 157248K->157248K(157248K), 0.0000171 secs]2018-03-16T23:57:27.708+0500: 73.632: [Tenured: 296411K->23970K(349568K), 0.1552400 secs] 453659K->23970K(506816K), [Metaspace: 5350K->5350K(1056768K)], 0.1553298 secs] [Times: user=0.16 sys=0.00, real=0.15 secs] 
2018-03-16T23:57:27.892+0500: 73.815: [GC (Allocation Failure) 2018-03-16T23:57:27.892+0500: 73.816: [DefNew: 139776K->17472K(157248K), 0.2613173 secs] 163746K->163745K(506816K), 0.2613780 secs] [Times: user=0.27 sys=0.00, real=0.26 secs] 
2018-03-16T23:57:28.180+0500: 74.103: [GC (Allocation Failure) 2018-03-16T23:57:28.180+0500: 74.103: [DefNew: 157248K->17472K(157248K), 0.2535434 secs] 303521K->303520K(506816K), 0.2536238 secs] [Times: user=0.25 sys=0.00, real=0.25 secs] 
2018-03-16T23:57:28.459+0500: 74.383: [GC (Allocation Failure) 2018-03-16T23:57:28.459+0500: 74.383: [DefNew: 146063K->146063K(157248K), 0.0000154 secs]2018-03-16T23:57:28.459+0500: 74.383: [Tenured: 286048K->776K(349568K), 0.1365451 secs] 432112K->776K(506816K), [Metaspace: 5350K->5350K(1056768K)], 0.1366281 secs] [Times: user=0.13 sys=0.00, real=0.14 secs] 
2018-03-16T23:57:28.621+0500: 74.545: [GC (Allocation Failure) 2018-03-16T23:57:28.621+0500: 74.545: [DefNew: 139776K->17472K(157248K), 0.2229662 secs] 140552K->140551K(506816K), 0.2230269 secs] [Times: user=0.22 sys=0.00, real=0.22 secs] 
2018-03-16T23:57:28.869+0500: 74.793: [GC (Allocation Failure) 2018-03-16T23:57:28.869+0500: 74.793: [DefNew: 157248K->17472K(157248K), 0.2575822 secs] 280327K->280290K(506816K), 0.2576553 secs] [Times: user=0.25 sys=0.00, real=0.26 secs] 
2018-03-16T23:57:29.155+0500: 75.080: [GC (Allocation Failure) 2018-03-16T23:57:29.156+0500: 75.080: [DefNew: 157248K->157248K(157248K), 0.0000167 secs]2018-03-16T23:57:29.156+0500: 75.080: [Tenured: 262818K->205221K(349568K), 0.4710553 secs] 420066K->205221K(506816K), [Metaspace: 5350K->5350K(1056768K)], 0.4711597 secs] [Times: user=0.47 sys=0.00, real=0.47 secs] 
2018-03-16T23:57:29.653+0500: 75.576: [GC (Allocation Failure) 2018-03-16T23:57:29.653+0500: 75.576: [DefNew: 139776K->17472K(157248K), 0.2296235 secs] 344997K->344996K(506816K), 0.2297227 secs] [Times: user=0.23 sys=0.00, real=0.23 secs] 
2018-03-16T23:57:29.909+0500: 75.832: [GC (Allocation Failure) 2018-03-16T23:57:29.909+0500: 75.832: [DefNew: 157248K->157248K(157248K), 0.0000231 secs]2018-03-16T23:57:29.909+0500: 75.832: [Tenured: 327524K->55084K(349568K), 0.2214390 secs] 484772K->55084K(506816K), [Metaspace: 5350K->5350K(1056768K)], 0.2215464 secs] [Times: user=0.22 sys=0.00, real=0.22 secs] 
2018-03-16T23:57:30.159+0500: 76.083: [GC (Allocation Failure) 2018-03-16T23:57:30.159+0500: 76.083: [DefNew: 139776K->17472K(157248K), 0.2559310 secs] 194860K->194859K(506816K), 0.2559986 secs] [Times: user=0.27 sys=0.00, real=0.26 secs] 
2018-03-16T23:57:30.440+0500: 76.364: [GC (Allocation Failure) 2018-03-16T23:57:30.440+0500: 76.364: [DefNew: 157248K->17471K(157248K), 0.2533044 secs] 334635K->334633K(506816K), 0.2533672 secs] [Times: user=0.25 sys=0.00, real=0.25 secs] 
2018-03-16T23:57:30.722+0500: 76.645: [GC (Allocation Failure) 2018-03-16T23:57:30.722+0500: 76.645: [DefNew: 157247K->157247K(157248K), 0.0000141 secs]2018-03-16T23:57:30.722+0500: 76.645: [Tenured: 317162K->44720K(349568K), 0.1986930 secs] 474409K->44720K(506816K), [Metaspace: 5350K->5350K(1056768K)], 0.1987956 secs] [Times: user=0.20 sys=0.00, real=0.20 secs] 
2018-03-16T23:57:30.950+0500: 76.874: [GC (Allocation Failure) 2018-03-16T23:57:30.950+0500: 76.874: [DefNew: 139776K->17471K(157248K), 0.2579128 secs] 184496K->184496K(506816K), 0.2579927 secs] [Times: user=0.25 sys=0.00, real=0.26 secs] 
2018-03-16T23:57:31.234+0500: 77.158: [GC (Allocation Failure) 2018-03-16T23:57:31.234+0500: 77.158: [DefNew: 157247K->17472K(157248K), 0.2515955 secs] 324272K->324270K(506816K), 0.2516592 secs] [Times: user=0.23 sys=0.00, real=0.25 secs] 
2018-03-16T23:57:31.511+0500: 77.435: [GC (Allocation Failure) 2018-03-16T23:57:31.512+0500: 77.435: [DefNew: 157248K->157248K(157248K), 0.0000334 secs]2018-03-16T23:57:31.512+0500: 77.436: [Tenured: 306798K->34333K(349568K), 0.1786792 secs] 464046K->34333K(506816K), [Metaspace: 5350K->5350K(1056768K)], 0.1788028 secs] [Times: user=0.17 sys=0.00, real=0.18 secs] 
2018-03-16T23:57:31.721+0500: 77.645: [GC (Allocation Failure) 2018-03-16T23:57:31.721+0500: 77.645: [DefNew: 139776K->17472K(157248K), 0.2568599 secs] 174109K->174108K(506816K), 0.2569240 secs] [Times: user=0.26 sys=0.00, real=0.26 secs] 
2018-03-16T23:57:32.003+0500: 77.927: [GC (Allocation Failure) 2018-03-16T23:57:32.003+0500: 77.927: [DefNew: 157248K->17472K(157248K), 0.2554435 secs] 313884K->313883K(506816K), 0.2555068 secs] [Times: user=0.26 sys=0.00, real=0.26 secs] 
2018-03-16T23:57:32.285+0500: 78.209: [GC (Allocation Failure) 2018-03-16T23:57:32.285+0500: 78.209: [DefNew: 157248K->157248K(157248K), 0.0000163 secs]2018-03-16T23:57:32.285+0500: 78.209: [Tenured: 296411K->23970K(349568K), 0.1550219 secs] 453659K->23970K(506816K), [Metaspace: 5350K->5350K(1056768K)], 0.1551100 secs] [Times: user=0.16 sys=0.00, real=0.15 secs] 
2018-03-16T23:57:32.468+0500: 78.392: [GC (Allocation Failure) 2018-03-16T23:57:32.468+0500: 78.392: [DefNew: 139776K->17472K(157248K), 0.2570399 secs] 163746K->163745K(506816K), 0.2571011 secs] [Times: user=0.26 sys=0.00, real=0.26 secs] 
2018-03-16T23:57:32.752+0500: 78.675: [GC (Allocation Failure) 2018-03-16T23:57:32.752+0500: 78.675: [DefNew: 157248K->17472K(157248K), 0.2549992 secs] 303521K->303520K(506816K), 0.2550612 secs] [Times: user=0.26 sys=0.00, real=0.25 secs] 
2018-03-16T23:57:33.032+0500: 78.956: [GC (Allocation Failure) 2018-03-16T23:57:33.032+0500: 78.956: [DefNew: 146063K->146063K(157248K), 0.0000154 secs]2018-03-16T23:57:33.032+0500: 78.956: [Tenured: 286048K->776K(349568K), 0.1377866 secs] 432112K->776K(506816K), [Metaspace: 5350K->5350K(1056768K)], 0.1378717 secs] [Times: user=0.14 sys=0.00, real=0.14 secs] 
2018-03-16T23:57:33.196+0500: 79.120: [GC (Allocation Failure) 2018-03-16T23:57:33.196+0500: 79.120: [DefNew: 139776K->17472K(157248K), 0.2241850 secs] 140552K->140551K(506816K), 0.2242470 secs] [Times: user=0.22 sys=0.00, real=0.22 secs] 
2018-03-16T23:57:33.446+0500: 79.370: [GC (Allocation Failure) 2018-03-16T23:57:33.446+0500: 79.370: [DefNew: 157248K->17472K(157248K), 0.2581454 secs] 280327K->280290K(506816K), 0.2582185 secs] [Times: user=0.25 sys=0.00, real=0.26 secs] 
2018-03-16T23:57:33.734+0500: 79.658: [GC (Allocation Failure) 2018-03-16T23:57:33.734+0500: 79.658: [DefNew: 157248K->157248K(157248K), 0.0000158 secs]2018-03-16T23:57:33.734+0500: 79.658: [Tenured: 262818K->205221K(349568K), 0.4703702 secs] 420066K->205221K(506816K), [Metaspace: 5350K->5350K(1056768K)], 0.4704639 secs] [Times: user=0.47 sys=0.00, real=0.47 secs] 
2018-03-16T23:57:34.231+0500: 80.154: [GC (Allocation Failure) 2018-03-16T23:57:34.231+0500: 80.155: [DefNew: 139776K->17472K(157248K), 0.2235576 secs] 344997K->344996K(506816K), 0.2236205 secs] [Times: user=0.22 sys=0.00, real=0.22 secs] 
2018-03-16T23:57:34.481+0500: 80.405: [GC (Allocation Failure) 2018-03-16T23:57:34.481+0500: 80.405: [DefNew: 157248K->157248K(157248K), 0.0000261 secs]2018-03-16T23:57:34.481+0500: 80.405: [Tenured: 327524K->55084K(349568K), 0.2241029 secs] 484772K->55084K(506816K), [Metaspace: 5350K->5350K(1056768K)], 0.2242094 secs] [Times: user=0.22 sys=0.00, real=0.22 secs] 
2018-03-16T23:57:34.734+0500: 80.658: [GC (Allocation Failure) 2018-03-16T23:57:34.734+0500: 80.658: [DefNew: 139776K->17472K(157248K), 0.2572221 secs] 194860K->194859K(506816K), 0.2572833 secs] [Times: user=0.27 sys=0.00, real=0.26 secs] 
2018-03-16T23:57:35.018+0500: 80.941: [GC (Allocation Failure) 2018-03-16T23:57:35.018+0500: 80.941: [DefNew: 157248K->17471K(157248K), 0.2514757 secs] 334635K->334633K(506816K), 0.2515493 secs] [Times: user=0.25 sys=0.00, real=0.25 secs] 
2018-03-16T23:57:35.295+0500: 81.218: [GC (Allocation Failure) 2018-03-16T23:57:35.295+0500: 81.218: [DefNew: 157247K->157247K(157248K), 0.0000158 secs]2018-03-16T23:57:35.295+0500: 81.218: [Tenured: 317162K->44720K(349568K), 0.1994854 secs] 474409K->44720K(506816K), [Metaspace: 5350K->5350K(1056768K)], 0.1995795 secs] [Times: user=0.20 sys=0.00, real=0.20 secs] 
2018-03-16T23:57:35.524+0500: 81.448: [GC (Allocation Failure) 2018-03-16T23:57:35.524+0500: 81.448: [DefNew: 139776K->17471K(157248K), 0.2569848 secs] 184496K->184496K(506816K), 0.2570442 secs] [Times: user=0.25 sys=0.00, real=0.26 secs] 
2018-03-16T23:57:35.807+0500: 81.731: [GC (Allocation Failure) 2018-03-16T23:57:35.807+0500: 81.731: [DefNew: 157247K->17472K(157248K), 0.2506790 secs] 324272K->324270K(506816K), 0.2507483 secs] [Times: user=0.25 sys=0.00, real=0.25 secs] 
2018-03-16T23:57:36.083+0500: 82.008: [GC (Allocation Failure) 2018-03-16T23:57:36.083+0500: 82.008: [DefNew: 157248K->157248K(157248K), 0.0000163 secs]2018-03-16T23:57:36.083+0500: 82.008: [Tenured: 306798K->34333K(349568K), 0.1774438 secs] 464046K->34333K(506816K), [Metaspace: 5350K->5350K(1056768K)], 0.1775340 secs] [Times: user=0.19 sys=0.00, real=0.18 secs] 
2018-03-16T23:57:36.290+0500: 82.214: [GC (Allocation Failure) 2018-03-16T23:57:36.290+0500: 82.214: [DefNew: 139776K->17472K(157248K), 0.2557253 secs] 174109K->174108K(506816K), 0.2557963 secs] [Times: user=0.25 sys=0.00, real=0.26 secs] 
2018-03-16T23:57:36.572+0500: 82.496: [GC (Allocation Failure) 2018-03-16T23:57:36.572+0500: 82.496: [DefNew: 157248K->17472K(157248K), 0.2541028 secs] 313884K->313883K(506816K), 0.2541648 secs] [Times: user=0.25 sys=0.00, real=0.25 secs] 
2018-03-16T23:57:36.852+0500: 82.776: [GC (Allocation Failure) 2018-03-16T23:57:36.852+0500: 82.776: [DefNew: 157248K->157248K(157248K), 0.0000154 secs]2018-03-16T23:57:36.852+0500: 82.776: [Tenured: 296411K->23970K(349568K), 0.1562428 secs] 453659K->23970K(506816K), [Metaspace: 5350K->5350K(1056768K)], 0.1563284 secs] [Times: user=0.16 sys=0.00, real=0.16 secs] 
2018-03-16T23:57:37.036+0500: 82.960: [GC (Allocation Failure) 2018-03-16T23:57:37.036+0500: 82.960: [DefNew: 139776K->17472K(157248K), 0.2575916 secs] 163746K->163745K(506816K), 0.2576545 secs] [Times: user=0.27 sys=0.00, real=0.26 secs] 
2018-03-16T23:57:37.319+0500: 83.243: [GC (Allocation Failure) 2018-03-16T23:57:37.319+0500: 83.243: [DefNew: 157248K->17472K(157248K), 0.2536914 secs] 303521K->303520K(506816K), 0.2537573 secs] [Times: user=0.25 sys=0.00, real=0.25 secs] 
2018-03-16T23:57:37.599+0500: 83.523: [GC (Allocation Failure) 2018-03-16T23:57:37.599+0500: 83.523: [DefNew: 146063K->146063K(157248K), 0.0000163 secs]2018-03-16T23:57:37.599+0500: 83.523: [Tenured: 286048K->776K(349568K), 0.1383900 secs] 432112K->776K(506816K), [Metaspace: 5350K->5350K(1056768K)], 0.1384781 secs] [Times: user=0.14 sys=0.00, real=0.14 secs] 
2018-03-16T23:57:37.763+0500: 83.687: [GC (Allocation Failure) 2018-03-16T23:57:37.763+0500: 83.687: [DefNew: 139776K->17472K(157248K), 0.2225167 secs] 140552K->140551K(506816K), 0.2225762 secs] [Times: user=0.22 sys=0.00, real=0.22 secs] 
2018-03-16T23:57:38.012+0500: 83.935: [GC (Allocation Failure) 2018-03-16T23:57:38.012+0500: 83.935: [DefNew: 157248K->17472K(157248K), 0.2594429 secs] 280327K->280290K(506816K), 0.2595156 secs] [Times: user=0.25 sys=0.00, real=0.26 secs] 
2018-03-16T23:57:38.300+0500: 84.223: [GC (Allocation Failure) 2018-03-16T23:57:38.300+0500: 84.223: [DefNew: 157248K->157248K(157248K), 0.0000175 secs]2018-03-16T23:57:38.300+0500: 84.223: [Tenured: 262818K->205221K(349568K), 0.4742940 secs] 420066K->205221K(506816K), [Metaspace: 5350K->5350K(1056768K)], 0.4743897 secs] [Times: user=0.48 sys=0.00, real=0.47 secs] 
2018-03-16T23:57:38.800+0500: 84.724: [GC (Allocation Failure) 2018-03-16T23:57:38.800+0500: 84.724: [DefNew: 139776K->17472K(157248K), 0.2254359 secs] 344997K->344996K(506816K), 0.2254983 secs] [Times: user=0.23 sys=0.00, real=0.23 secs] 
2018-03-16T23:57:39.051+0500: 84.975: [GC (Allocation Failure) 2018-03-16T23:57:39.051+0500: 84.975: [DefNew: 157248K->157248K(157248K), 0.0000163 secs]2018-03-16T23:57:39.051+0500: 84.975: [Tenured: 327524K->55084K(349568K), 0.2218911 secs] 484772K->55084K(506816K), [Metaspace: 5350K->5350K(1056768K)], 0.2219830 secs] [Times: user=0.23 sys=0.00, real=0.22 secs] 
2018-03-16T23:57:39.303+0500: 85.226: [GC (Allocation Failure) 2018-03-16T23:57:39.303+0500: 85.226: [DefNew: 139776K->17472K(157248K), 0.2556428 secs] 194860K->194859K(506816K), 0.2556997 secs] [Times: user=0.27 sys=0.00, real=0.26 secs] 
2018-03-16T23:57:39.583+0500: 85.507: [GC (Allocation Failure) 2018-03-16T23:57:39.583+0500: 85.507: [DefNew: 157248K->17471K(157248K), 0.2524298 secs] 334635K->334633K(506816K), 0.2525111 secs] [Times: user=0.27 sys=0.00, real=0.25 secs] 
2018-03-16T23:57:39.861+0500: 85.785: [GC (Allocation Failure) 2018-03-16T23:57:39.861+0500: 85.785: [DefNew: 157247K->157247K(157248K), 0.0000163 secs]2018-03-16T23:57:39.861+0500: 85.785: [Tenured: 317162K->44720K(349568K), 0.1997027 secs] 474409K->44720K(506816K), [Metaspace: 5350K->5350K(1056768K)], 0.1998156 secs] [Times: user=0.20 sys=0.00, real=0.20 secs] 
2018-03-16T23:57:40.090+0500: 86.014: [GC (Allocation Failure) 2018-03-16T23:57:40.090+0500: 86.014: [DefNew: 139776K->17471K(157248K), 0.2571802 secs] 184496K->184496K(506816K), 0.2572418 secs] [Times: user=0.25 sys=0.00, real=0.26 secs] 
2018-03-16T23:57:40.372+0500: 86.296: [GC (Allocation Failure) 2018-03-16T23:57:40.372+0500: 86.296: [DefNew: 157247K->17472K(157248K), 0.2522784 secs] 324272K->324270K(506816K), 0.2523404 secs] [Times: user=0.25 sys=0.00, real=0.25 secs] 
2018-03-16T23:57:40.651+0500: 86.574: [GC (Allocation Failure) 2018-03-16T23:57:40.651+0500: 86.574: [DefNew: 157248K->157248K(157248K), 0.0000163 secs]2018-03-16T23:57:40.651+0500: 86.574: [Tenured: 306798K->34333K(349568K), 0.1778919 secs] 464046K->34333K(506816K), [Metaspace: 5350K->5350K(1056768K)], 0.1779830 secs] [Times: user=0.17 sys=0.00, real=0.18 secs] 
2018-03-16T23:57:40.857+0500: 86.781: [GC (Allocation Failure) 2018-03-16T23:57:40.858+0500: 86.781: [DefNew: 139776K->17472K(157248K), 0.2591376 secs] 174109K->174108K(506816K), 0.2592436 secs] [Times: user=0.27 sys=0.00, real=0.26 secs] 
2018-03-16T23:57:41.142+0500: 87.066: [GC (Allocation Failure) 2018-03-16T23:57:41.142+0500: 87.066: [DefNew: 157248K->17472K(157248K), 0.2535828 secs] 313884K->313883K(506816K), 0.2536469 secs] [Times: user=0.25 sys=0.00, real=0.25 secs] 
2018-03-16T23:57:41.422+0500: 87.346: [GC (Allocation Failure) 2018-03-16T23:57:41.422+0500: 87.346: [DefNew: 157248K->157248K(157248K), 0.0000227 secs]2018-03-16T23:57:41.422+0500: 87.346: [Tenured: 296411K->23970K(349568K), 0.1558738 secs] 453659K->23970K(506816K), [Metaspace: 5350K->5350K(1056768K)], 0.1559909 secs] [Times: user=0.16 sys=0.00, real=0.15 secs] 
2018-03-16T23:57:41.605+0500: 87.529: [GC (Allocation Failure) 2018-03-16T23:57:41.605+0500: 87.530: [DefNew: 139776K->17472K(157248K), 0.2578183 secs] 163746K->163745K(506816K), 0.2578854 secs] [Times: user=0.24 sys=0.00, real=0.26 secs] 
2018-03-16T23:57:41.889+0500: 87.813: [GC (Allocation Failure) 2018-03-16T23:57:41.889+0500: 87.813: [DefNew: 157248K->17472K(157248K), 0.2535451 secs] 303521K->303520K(506816K), 0.2536307 secs] [Times: user=0.25 sys=0.00, real=0.25 secs] 
2018-03-16T23:57:42.169+0500: 88.092: [GC (Allocation Failure) 2018-03-16T23:57:42.169+0500: 88.092: [DefNew: 146063K->146063K(157248K), 0.0000201 secs]2018-03-16T23:57:42.169+0500: 88.092: [Tenured: 286048K->776K(349568K), 0.1371434 secs] 432112K->776K(506816K), [Metaspace: 5350K->5350K(1056768K)], 0.1372379 secs] [Times: user=0.14 sys=0.00, real=0.14 secs] 
2018-03-16T23:57:42.331+0500: 88.255: [GC (Allocation Failure) 2018-03-16T23:57:42.331+0500: 88.255: [DefNew: 139776K->17472K(157248K), 0.2235303 secs] 140552K->140551K(506816K), 0.2235978 secs] [Times: user=0.23 sys=0.00, real=0.22 secs] 
2018-03-16T23:57:42.580+0500: 88.504: [GC (Allocation Failure) 2018-03-16T23:57:42.580+0500: 88.504: [DefNew: 157248K->17472K(157248K), 0.2582211 secs] 280327K->280290K(506816K), 0.2582861 secs] [Times: user=0.27 sys=0.00, real=0.26 secs] 
2018-03-16T23:57:42.866+0500: 88.790: [GC (Allocation Failure) 2018-03-16T23:57:42.866+0500: 88.791: [DefNew: 157248K->157248K(157248K), 0.0000706 secs]2018-03-16T23:57:42.867+0500: 88.791: [Tenured: 262818K->205221K(349568K), 0.4776070 secs] 420066K->205221K(506816K), [Metaspace: 5350K->5350K(1056768K)], 0.4777584 secs] [Times: user=0.47 sys=0.00, real=0.48 secs] 
2018-03-16T23:57:43.369+0500: 89.294: [GC (Allocation Failure) 2018-03-16T23:57:43.369+0500: 89.294: [DefNew: 139776K->17472K(157248K), 0.2254838 secs] 344997K->344996K(506816K), 0.2255441 secs] [Times: user=0.22 sys=0.00, real=0.23 secs] 
2018-03-16T23:57:43.622+0500: 89.546: [GC (Allocation Failure) 2018-03-16T23:57:43.622+0500: 89.546: [DefNew: 157248K->157248K(157248K), 0.0000167 secs]2018-03-16T23:57:43.622+0500: 89.546: [Tenured: 327524K->55084K(349568K), 0.2238998 secs] 484772K->55084K(506816K), [Metaspace: 5350K->5350K(1056768K)], 0.2239909 secs] [Times: user=0.22 sys=0.00, real=0.22 secs] 
2018-03-16T23:57:43.875+0500: 89.799: [GC (Allocation Failure) 2018-03-16T23:57:43.875+0500: 89.799: [DefNew: 139776K->17472K(157248K), 0.2569428 secs] 194860K->194859K(506816K), 0.2570070 secs] [Times: user=0.27 sys=0.00, real=0.26 secs] 
2018-03-16T23:57:44.157+0500: 90.081: [GC (Allocation Failure) 2018-03-16T23:57:44.157+0500: 90.081: [DefNew: 157248K->17471K(157248K), 0.2504861 secs] 334635K->334633K(506816K), 0.2505473 secs] [Times: user=0.25 sys=0.00, real=0.25 secs] 
2018-03-16T23:57:44.433+0500: 90.357: [GC (Allocation Failure) 2018-03-16T23:57:44.433+0500: 90.357: [DefNew: 157247K->157247K(157248K), 0.0000158 secs]2018-03-16T23:57:44.433+0500: 90.357: [Tenured: 317162K->44720K(349568K), 0.1992109 secs] 474409K->44720K(506816K), [Metaspace: 5350K->5350K(1056768K)], 0.1993170 secs] [Times: user=0.20 sys=0.00, real=0.20 secs] 
2018-03-16T23:57:44.661+0500: 90.585: [GC (Allocation Failure) 2018-03-16T23:57:44.661+0500: 90.585: [DefNew: 139776K->17471K(157248K), 0.2549273 secs] 184496K->184496K(506816K), 0.2549983 secs] [Times: user=0.27 sys=0.00, real=0.26 secs] 
2018-03-16T23:57:44.943+0500: 90.866: [GC (Allocation Failure) 2018-03-16T23:57:44.943+0500: 90.866: [DefNew: 157247K->17472K(157248K), 0.2518102 secs] 324272K->324270K(506816K), 0.2518829 secs] [Times: user=0.27 sys=0.00, real=0.25 secs] 
2018-03-16T23:57:45.221+0500: 91.144: [GC (Allocation Failure) 2018-03-16T23:57:45.221+0500: 91.144: [DefNew: 157248K->157248K(157248K), 0.0000163 secs]2018-03-16T23:57:45.221+0500: 91.144: [Tenured: 306798K->34333K(349568K), 0.1776948 secs] 464046K->34333K(506816K), [Metaspace: 5350K->5350K(1056768K)], 0.1777872 secs] [Times: user=0.19 sys=0.00, real=0.18 secs] 
2018-03-16T23:57:45.427+0500: 91.351: [GC (Allocation Failure) 2018-03-16T23:57:45.427+0500: 91.351: [DefNew: 139776K->17472K(157248K), 0.2573431 secs] 174109K->174108K(506816K), 0.2574090 secs] [Times: user=0.25 sys=0.00, real=0.26 secs] 
2018-03-16T23:57:45.710+0500: 91.634: [GC (Allocation Failure) 2018-03-16T23:57:45.710+0500: 91.634: [DefNew: 157248K->17472K(157248K), 0.2528139 secs] 313884K->313883K(506816K), 0.2528771 secs] [Times: user=0.25 sys=0.00, real=0.25 secs] 
2018-03-16T23:57:45.989+0500: 91.913: [GC (Allocation Failure) 2018-03-16T23:57:45.989+0500: 91.913: [DefNew: 157248K->157248K(157248K), 0.0000158 secs]2018-03-16T23:57:45.989+0500: 91.913: [Tenured: 296411K->23970K(349568K), 0.1549103 secs] 453659K->23970K(506816K), [Metaspace: 5350K->5350K(1056768K)], 0.1550078 secs] [Times: user=0.16 sys=0.00, real=0.15 secs] 
2018-03-16T23:57:46.172+0500: 92.096: [GC (Allocation Failure) 2018-03-16T23:57:46.172+0500: 92.096: [DefNew: 139776K->17472K(157248K), 0.2555115 secs] 163746K->163745K(506816K), 0.2555714 secs] [Times: user=0.27 sys=0.00, real=0.26 secs] 
2018-03-16T23:57:46.454+0500: 92.377: [GC (Allocation Failure) 2018-03-16T23:57:46.454+0500: 92.377: [DefNew: 157248K->17472K(157248K), 0.2538227 secs] 303521K->303520K(506816K), 0.2538997 secs] [Times: user=0.25 sys=0.00, real=0.25 secs] 
2018-03-16T23:57:46.734+0500: 92.658: [GC (Allocation Failure) 2018-03-16T23:57:46.734+0500: 92.658: [DefNew: 146063K->146063K(157248K), 0.0000171 secs]2018-03-16T23:57:46.734+0500: 92.658: [Tenured: 286048K->776K(349568K), 0.1367867 secs] 432112K->776K(506816K), [Metaspace: 5350K->5350K(1056768K)], 0.1368735 secs] [Times: user=0.14 sys=0.00, real=0.14 secs] 
2018-03-16T23:57:46.896+0500: 92.820: [GC (Allocation Failure) 2018-03-16T23:57:46.896+0500: 92.820: [DefNew: 139776K->17472K(157248K), 0.2236466 secs] 140552K->140551K(506816K), 0.2237077 secs] [Times: user=0.24 sys=0.00, real=0.22 secs] 
2018-03-16T23:57:47.145+0500: 93.069: [GC (Allocation Failure) 2018-03-16T23:57:47.145+0500: 93.069: [DefNew: 157248K->17472K(157248K), 0.2580654 secs] 280327K->280290K(506816K), 0.2581257 secs] [Times: user=0.27 sys=0.00, real=0.26 secs] 
2018-03-16T23:57:47.431+0500: 93.356: [GC (Allocation Failure) 2018-03-16T23:57:47.432+0500: 93.356: [DefNew: 157248K->157248K(157248K), 0.0000329 secs]2018-03-16T23:57:47.432+0500: 93.356: [Tenured: 262818K->205221K(349568K), 0.4705272 secs] 420066K->205221K(506816K), [Metaspace: 5350K->5350K(1056768K)], 0.4706585 secs] [Times: user=0.47 sys=0.00, real=0.47 secs] 
2018-03-16T23:57:47.928+0500: 93.852: [GC (Allocation Failure) 2018-03-16T23:57:47.928+0500: 93.852: [DefNew: 139776K->17472K(157248K), 0.2269323 secs] 344997K->344996K(506816K), 0.2269951 secs] [Times: user=0.19 sys=0.00, real=0.23 secs] 
2018-03-16T23:57:48.182+0500: 94.106: [GC (Allocation Failure) 2018-03-16T23:57:48.182+0500: 94.106: [DefNew: 157248K->157248K(157248K), 0.0000158 secs]2018-03-16T23:57:48.182+0500: 94.106: [Tenured: 327524K->55084K(349568K), 0.2268164 secs] 484772K->55084K(506816K), [Metaspace: 5350K->5350K(1056768K)], 0.2269117 secs] [Times: user=0.22 sys=0.00, real=0.23 secs] 
2018-03-16T23:57:48.438+0500: 94.362: [GC (Allocation Failure) 2018-03-16T23:57:48.438+0500: 94.362: [DefNew: 139776K->17472K(157248K), 0.2621910 secs] 194860K->194859K(506816K), 0.2622530 secs] [Times: user=0.26 sys=0.00, real=0.26 secs] 
2018-03-16T23:57:48.726+0500: 94.650: [GC (Allocation Failure) 2018-03-16T23:57:48.726+0500: 94.650: [DefNew: 157248K->17471K(157248K), 0.2609423 secs] 334635K->334633K(506816K), 0.2610449 secs] [Times: user=0.25 sys=0.00, real=0.26 secs] 
2018-03-16T23:57:49.012+0500: 94.937: [GC (Allocation Failure) 2018-03-16T23:57:49.012+0500: 94.937: [DefNew: 157247K->157247K(157248K), 0.0000171 secs]2018-03-16T23:57:49.012+0500: 94.937: [Tenured: 317162K->44720K(349568K), 0.1999781 secs] 474409K->44720K(506816K), [Metaspace: 5350K->5350K(1056768K)], 0.2000777 secs] [Times: user=0.20 sys=0.00, real=0.20 secs] 
2018-03-16T23:57:49.243+0500: 95.167: [GC (Allocation Failure) 2018-03-16T23:57:49.243+0500: 95.167: [DefNew: 139776K->17471K(157248K), 0.2554298 secs] 184496K->184496K(506816K), 0.2555115 secs] [Times: user=0.25 sys=0.00, real=0.26 secs] 
2018-03-16T23:57:49.524+0500: 95.448: [GC (Allocation Failure) 2018-03-16T23:57:49.524+0500: 95.448: [DefNew: 157247K->17472K(157248K), 0.2528553 secs] 324272K->324270K(506816K), 0.2529186 secs] [Times: user=0.25 sys=0.00, real=0.25 secs] 
2018-03-16T23:57:49.803+0500: 95.727: [GC (Allocation Failure) 2018-03-16T23:57:49.803+0500: 95.727: [DefNew: 157248K->157248K(157248K), 0.0000167 secs]2018-03-16T23:57:49.803+0500: 95.727: [Tenured: 306798K->34333K(349568K), 0.1772894 secs] 464046K->34333K(506816K), [Metaspace: 5350K->5350K(1056768K)], 0.1773792 secs] [Times: user=0.17 sys=0.00, real=0.18 secs] 
2018-03-16T23:57:50.008+0500: 95.933: [GC (Allocation Failure) 2018-03-16T23:57:50.009+0500: 95.933: [DefNew: 139776K->17472K(157248K), 0.2574586 secs] 174109K->174108K(506816K), 0.2575330 secs] [Times: user=0.23 sys=0.00, real=0.26 secs] 
2018-03-16T23:57:50.291+0500: 96.215: [GC (Allocation Failure) 2018-03-16T23:57:50.291+0500: 96.216: [DefNew: 157248K->17472K(157248K), 0.2523614 secs] 313884K->313883K(506816K), 0.2524255 secs] [Times: user=0.25 sys=0.00, real=0.25 secs] 
2018-03-16T23:57:50.570+0500: 96.494: [GC (Allocation Failure) 2018-03-16T23:57:50.570+0500: 96.494: [DefNew: 157248K->157248K(157248K), 0.0000316 secs]2018-03-16T23:57:50.571+0500: 96.494: [Tenured: 296411K->23970K(349568K), 0.1563835 secs] 453659K->23970K(506816K), [Metaspace: 5350K->5350K(1056768K)], 0.1564909 secs] [Times: user=0.16 sys=0.00, real=0.16 secs] 
2018-03-16T23:57:50.756+0500: 96.679: [GC (Allocation Failure) 2018-03-16T23:57:50.756+0500: 96.679: [DefNew: 139776K->17472K(157248K), 0.2587493 secs] 163746K->163745K(506816K), 0.2588126 secs] [Times: user=0.27 sys=0.00, real=0.26 secs] 
2018-03-16T23:57:51.040+0500: 96.964: [GC (Allocation Failure) 2018-03-16T23:57:51.040+0500: 96.964: [DefNew: 157248K->17472K(157248K), 0.2559862 secs] 303521K->303520K(506816K), 0.2560456 secs] [Times: user=0.25 sys=0.00, real=0.26 secs] 
2018-03-16T23:57:51.322+0500: 97.246: [GC (Allocation Failure) 2018-03-16T23:57:51.322+0500: 97.246: [DefNew: 146063K->146063K(157248K), 0.0000205 secs]2018-03-16T23:57:51.322+0500: 97.246: [Tenured: 286048K->776K(349568K), 0.1355812 secs] 432112K->776K(506816K), [Metaspace: 5350K->5350K(1056768K)], 0.1356800 secs] [Times: user=0.13 sys=0.00, real=0.13 secs] 
2018-03-16T23:57:51.483+0500: 97.407: [GC (Allocation Failure) 2018-03-16T23:57:51.483+0500: 97.407: [DefNew: 139776K->17472K(157248K), 0.2228379 secs] 140552K->140551K(506816K), 0.2229008 secs] [Times: user=0.22 sys=0.00, real=0.22 secs] 
2018-03-16T23:57:51.732+0500: 97.656: [GC (Allocation Failure) 2018-03-16T23:57:51.732+0500: 97.656: [DefNew: 157248K->17472K(157248K), 0.2596110 secs] 280327K->280290K(506816K), 0.2596760 secs] [Times: user=0.27 sys=0.00, real=0.26 secs] 
2018-03-16T23:57:52.028+0500: 97.952: [GC (Allocation Failure) 2018-03-16T23:57:52.028+0500: 97.952: [DefNew: 157248K->157248K(157248K), 0.0000171 secs]2018-03-16T23:57:52.028+0500: 97.952: [Tenured: 262818K->205221K(349568K), 0.5302246 secs] 420066K->205221K(506816K), [Metaspace: 5350K->5350K(1056768K)], 0.5303196 secs] [Times: user=0.53 sys=0.00, real=0.53 secs] 
2018-03-16T23:57:52.584+0500: 98.508: [GC (Allocation Failure) 2018-03-16T23:57:52.584+0500: 98.508: [DefNew: 139776K->17472K(157248K), 0.2251763 secs] 344997K->344996K(506816K), 0.2252383 secs] [Times: user=0.22 sys=0.00, real=0.22 secs] 
2018-03-16T23:57:52.835+0500: 98.759: [GC (Allocation Failure) 2018-03-16T23:57:52.835+0500: 98.759: [DefNew: 157248K->157248K(157248K), 0.0000163 secs]2018-03-16T23:57:52.835+0500: 98.759: [Tenured: 327524K->55084K(349568K), 0.2226750 secs] 484772K->55084K(506816K), [Metaspace: 5350K->5350K(1056768K)], 0.2227810 secs] [Times: user=0.22 sys=0.00, real=0.22 secs] 
2018-03-16T23:57:53.086+0500: 99.010: [GC (Allocation Failure) 2018-03-16T23:57:53.086+0500: 99.011: [DefNew: 139776K->17472K(157248K), 0.2584833 secs] 194860K->194859K(506816K), 0.2585466 secs] [Times: user=0.25 sys=0.00, real=0.26 secs] 
2018-03-16T23:57:53.371+0500: 99.295: [GC (Allocation Failure) 2018-03-16T23:57:53.371+0500: 99.295: [DefNew: 157248K->17471K(157248K), 0.2503330 secs] 334635K->334633K(506816K), 0.2504023 secs] [Times: user=0.25 sys=0.00, real=0.25 secs] 
2018-03-16T23:57:53.647+0500: 99.571: [GC (Allocation Failure) 2018-03-16T23:57:53.647+0500: 99.571: [DefNew: 157247K->157247K(157248K), 0.0000171 secs]2018-03-16T23:57:53.647+0500: 99.571: [Tenured: 317162K->44720K(349568K), 0.1982059 secs] 474409K->44720K(506816K), [Metaspace: 5350K->5350K(1056768K)], 0.1983060 secs] [Times: user=0.19 sys=0.00, real=0.20 secs] 
2018-03-16T23:57:53.875+0500: 99.798: [GC (Allocation Failure) 2018-03-16T23:57:53.875+0500: 99.798: [DefNew: 139776K->17471K(157248K), 0.2549560 secs] 184496K->184496K(506816K), 0.2550167 secs] [Times: user=0.25 sys=0.00, real=0.25 secs] 
2018-03-16T23:57:54.155+0500: 100.079: [GC (Allocation Failure) 2018-03-16T23:57:54.155+0500: 100.079: [DefNew: 157247K->17472K(157248K), 0.2511576 secs] 324272K->324270K(506816K), 0.2512166 secs] [Times: user=0.25 sys=0.00, real=0.25 secs] 
2018-03-16T23:57:54.432+0500: 100.356: [GC (Allocation Failure) 2018-03-16T23:57:54.432+0500: 100.356: [DefNew: 157248K->157248K(157248K), 0.0000158 secs]2018-03-16T23:57:54.432+0500: 100.356: [Tenured: 306798K->34333K(349568K), 0.1767531 secs] 464046K->34333K(506816K), [Metaspace: 5350K->5350K(1056768K)], 0.1768562 secs] [Times: user=0.17 sys=0.00, real=0.18 secs] 
2018-03-16T23:57:54.637+0500: 100.562: [GC (Allocation Failure) 2018-03-16T23:57:54.637+0500: 100.562: [DefNew: 139776K->17472K(157248K), 0.2566508 secs] 174109K->174108K(506816K), 0.2567153 secs] [Times: user=0.25 sys=0.00, real=0.26 secs] 
2018-03-16T23:57:54.920+0500: 100.844: [GC (Allocation Failure) 2018-03-16T23:57:54.920+0500: 100.844: [DefNew: 157248K->17472K(157248K), 0.2554401 secs] 313884K->313883K(506816K), 0.2555021 secs] [Times: user=0.24 sys=0.00, real=0.25 secs] 
2018-03-16T23:57:55.201+0500: 101.125: [GC (Allocation Failure) 2018-03-16T23:57:55.201+0500: 101.125: [DefNew: 157248K->157248K(157248K), 0.0000163 secs]2018-03-16T23:57:55.201+0500: 101.125: [Tenured: 296411K->23970K(349568K), 0.1555599 secs] 453659K->23970K(506816K), [Metaspace: 5350K->5350K(1056768K)], 0.1556475 secs] [Times: user=0.14 sys=0.00, real=0.16 secs] 
2018-03-16T23:57:55.385+0500: 101.309: [GC (Allocation Failure) 2018-03-16T23:57:55.385+0500: 101.309: [DefNew: 139776K->17472K(157248K), 0.2587274 secs] 163746K->163745K(506816K), 0.2587899 secs] [Times: user=0.25 sys=0.00, real=0.26 secs] 
2018-03-16T23:57:55.669+0500: 101.593: [GC (Allocation Failure) 2018-03-16T23:57:55.669+0500: 101.593: [DefNew: 157248K->17472K(157248K), 0.2548089 secs] 303521K->303520K(506816K), 0.2548704 secs] [Times: user=0.25 sys=0.00, real=0.26 secs] 
2018-03-16T23:57:55.949+0500: 101.873: [GC (Allocation Failure) 2018-03-16T23:57:55.949+0500: 101.873: [DefNew: 146063K->146063K(157248K), 0.0000167 secs]2018-03-16T23:57:55.949+0500: 101.874: [Tenured: 286048K->776K(349568K), 0.1370878 secs] 432112K->776K(506816K), [Metaspace: 5350K->5350K(1056768K)], 0.1371737 secs] [Times: user=0.14 sys=0.00, real=0.14 secs] 
2018-03-16T23:57:56.113+0500: 102.036: [GC (Allocation Failure) 2018-03-16T23:57:56.113+0500: 102.036: [DefNew: 139776K->17472K(157248K), 0.2232275 secs] 140552K->140551K(506816K), 0.2232976 secs] [Times: user=0.24 sys=0.00, real=0.22 secs] 
2018-03-16T23:57:56.361+0500: 102.284: [GC (Allocation Failure) 2018-03-16T23:57:56.361+0500: 102.285: [DefNew: 157248K->17472K(157248K), 0.2565054 secs] 280327K->280290K(506816K), 0.2565905 secs] [Times: user=0.27 sys=0.00, real=0.26 secs] 
2018-03-16T23:57:56.645+0500: 102.569: [GC (Allocation Failure) 2018-03-16T23:57:56.645+0500: 102.569: [DefNew: 157248K->157248K(157248K), 0.0000197 secs]2018-03-16T23:57:56.645+0500: 102.569: [Tenured: 262818K->205221K(349568K), 0.4752096 secs] 420066K->205221K(506816K), [Metaspace: 5350K->5350K(1056768K)], 0.4753704 secs] [Times: user=0.48 sys=0.00, real=0.47 secs] 
2018-03-16T23:57:57.146+0500: 103.070: [GC (Allocation Failure) 2018-03-16T23:57:57.146+0500: 103.070: [DefNew: 139776K->17472K(157248K), 0.2263784 secs] 344997K->344996K(506816K), 0.2264486 secs] [Times: user=0.23 sys=0.00, real=0.23 secs] 
2018-03-16T23:57:57.398+0500: 103.323: [GC (Allocation Failure) 2018-03-16T23:57:57.398+0500: 103.323: [DefNew: 157248K->157248K(157248K), 0.0000167 secs]2018-03-16T23:57:57.398+0500: 103.323: [Tenured: 327524K->55084K(349568K), 0.2222704 secs] 484772K->55084K(506816K), [Metaspace: 5350K->5350K(1056768K)], 0.2223683 secs] [Times: user=0.22 sys=0.00, real=0.22 secs] 
2018-03-16T23:57:57.650+0500: 103.574: [GC (Allocation Failure) 2018-03-16T23:57:57.651+0500: 103.574: [DefNew: 139776K->17472K(157248K), 0.2562847 secs] 194860K->194859K(506816K), 0.2563689 secs] [Times: user=0.25 sys=0.00, real=0.26 secs] 
2018-03-16T23:57:57.932+0500: 103.856: [GC (Allocation Failure) 2018-03-16T23:57:57.932+0500: 103.856: [DefNew: 157248K->17471K(157248K), 0.2515651 secs] 334635K->334633K(506816K), 0.2516275 secs] [Times: user=0.25 sys=0.00, real=0.25 secs] 
2018-03-16T23:57:58.209+0500: 104.133: [GC (Allocation Failure) 2018-03-16T23:57:58.209+0500: 104.133: [DefNew: 157247K->157247K(157248K), 0.0000299 secs]2018-03-16T23:57:58.210+0500: 104.133: [Tenured: 317162K->44720K(349568K), 0.2023405 secs] 474409K->44720K(506816K), [Metaspace: 5350K->5350K(1056768K)], 0.2024559 secs] [Times: user=0.20 sys=0.00, real=0.20 secs] 
2018-03-16T23:57:58.440+0500: 104.364: [GC (Allocation Failure) 2018-03-16T23:57:58.440+0500: 104.364: [DefNew: 139776K->17471K(157248K), 0.2571870 secs] 184496K->184496K(506816K), 0.2572542 secs] [Times: user=0.26 sys=0.00, real=0.26 secs] 
2018-03-16T23:57:58.723+0500: 104.648: [GC (Allocation Failure) 2018-03-16T23:57:58.723+0500: 104.648: [DefNew: 157247K->17472K(157248K), 0.2551535 secs] 324272K->324270K(506816K), 0.2552160 secs] [Times: user=0.26 sys=0.00, real=0.26 secs] 
2018-03-16T23:57:59.006+0500: 104.929: [GC (Allocation Failure) 2018-03-16T23:57:59.006+0500: 104.929: [DefNew: 157248K->157248K(157248K), 0.0000180 secs]2018-03-16T23:57:59.006+0500: 104.929: [Tenured: 306798K->34333K(349568K), 0.1763062 secs] 464046K->34333K(506816K), [Metaspace: 5350K->5350K(1056768K)], 0.1764007 secs] [Times: user=0.19 sys=0.00, real=0.18 secs] 
2018-03-16T23:57:59.212+0500: 105.136: [GC (Allocation Failure) 2018-03-16T23:57:59.212+0500: 105.136: [DefNew: 139776K->17472K(157248K), 0.2542315 secs] 174109K->174108K(506816K), 0.2542914 secs] [Times: user=0.23 sys=0.00, real=0.25 secs] 
2018-03-16T23:57:59.492+0500: 105.415: [GC (Allocation Failure) 2018-03-16T23:57:59.492+0500: 105.415: [DefNew: 157248K->17472K(157248K), 0.2516015 secs] 313884K->313883K(506816K), 0.2516746 secs] [Times: user=0.25 sys=0.00, real=0.25 secs] 
2018-03-16T23:57:59.769+0500: 105.693: [GC (Allocation Failure) 2018-03-16T23:57:59.769+0500: 105.693: [DefNew: 157248K->157248K(157248K), 0.0000167 secs]2018-03-16T23:57:59.769+0500: 105.693: [Tenured: 296411K->23970K(349568K), 0.1574266 secs] 453659K->23970K(506816K), [Metaspace: 5350K->5350K(1056768K)], 0.1575245 secs] [Times: user=0.16 sys=0.00, real=0.16 secs] 
2018-03-16T23:57:59.955+0500: 105.879: [GC (Allocation Failure) 2018-03-16T23:57:59.955+0500: 105.879: [DefNew: 139776K->17472K(157248K), 0.2709429 secs] 163746K->163745K(506816K), 0.2710152 secs] [Times: user=0.28 sys=0.00, real=0.27 secs] 
2018-03-16T23:58:00.252+0500: 106.176: [GC (Allocation Failure) 2018-03-16T23:58:00.252+0500: 106.176: [DefNew: 157248K->17472K(157248K), 0.2529883 secs] 303521K->303520K(506816K), 0.2530503 secs] [Times: user=0.25 sys=0.00, real=0.25 secs] 
2018-03-16T23:58:00.531+0500: 106.455: [GC (Allocation Failure) 2018-03-16T23:58:00.532+0500: 106.455: [DefNew: 146063K->146063K(157248K), 0.0000278 secs]2018-03-16T23:58:00.532+0500: 106.455: [Tenured: 286048K->776K(349568K), 0.1369137 secs] 432112K->776K(506816K), [Metaspace: 5350K->5350K(1056768K)], 0.1370348 secs] [Times: user=0.14 sys=0.00, real=0.14 secs] 
2018-03-16T23:58:00.694+0500: 106.617: [GC (Allocation Failure) 2018-03-16T23:58:00.694+0500: 106.617: [DefNew: 139776K->17472K(157248K), 0.2254971 secs] 140552K->140551K(506816K), 0.2255591 secs] [Times: user=0.22 sys=0.00, real=0.22 secs] 
2018-03-16T23:58:00.945+0500: 106.869: [GC (Allocation Failure) 2018-03-16T23:58:00.945+0500: 106.869: [DefNew: 157248K->17472K(157248K), 0.2579098 secs] 280327K->280290K(506816K), 0.2579846 secs] [Times: user=0.25 sys=0.00, real=0.26 secs] 
2018-03-16T23:58:01.231+0500: 107.155: [GC (Allocation Failure) 2018-03-16T23:58:01.231+0500: 107.155: [DefNew: 157248K->157248K(157248K), 0.0000398 secs]2018-03-16T23:58:01.231+0500: 107.155: [Tenured: 262818K->205221K(349568K), 0.4747862 secs] 420066K->205221K(506816K), [Metaspace: 5350K->5350K(1056768K)], 0.4749017 secs] [Times: user=0.47 sys=0.00, real=0.48 secs] 
2018-03-16T23:58:01.732+0500: 107.656: [GC (Allocation Failure) 2018-03-16T23:58:01.732+0500: 107.656: [DefNew: 139776K->17472K(157248K), 0.2247970 secs] 344997K->344996K(506816K), 0.2248650 secs] [Times: user=0.20 sys=0.00, real=0.22 secs] 
2018-03-16T23:58:01.984+0500: 107.907: [GC (Allocation Failure) 2018-03-16T23:58:01.984+0500: 107.907: [DefNew: 157248K->157248K(157248K), 0.0000158 secs]2018-03-16T23:58:01.984+0500: 107.907: [Tenured: 327524K->55084K(349568K), 0.2226694 secs] 484772K->55084K(506816K), [Metaspace: 5350K->5350K(1056768K)], 0.2227631 secs] [Times: user=0.22 sys=0.00, real=0.22 secs] 
2018-03-16T23:58:02.237+0500: 108.160: [GC (Allocation Failure) 2018-03-16T23:58:02.237+0500: 108.160: [DefNew: 139776K->17472K(157248K), 0.2546656 secs] 194860K->194859K(506816K), 0.2547276 secs] [Times: user=0.27 sys=0.00, real=0.25 secs] 
2018-03-16T23:58:02.517+0500: 108.441: [GC (Allocation Failure) 2018-03-16T23:58:02.517+0500: 108.441: [DefNew: 157248K->17471K(157248K), 0.2518662 secs] 334635K->334633K(506816K), 0.2519278 secs] [Times: user=0.25 sys=0.00, real=0.25 secs] 
2018-03-16T23:58:02.794+0500: 108.718: [GC (Allocation Failure) 2018-03-16T23:58:02.794+0500: 108.718: [DefNew: 157247K->157247K(157248K), 0.0000171 secs]2018-03-16T23:58:02.794+0500: 108.718: [Tenured: 317162K->44720K(349568K), 0.1992635 secs] 474409K->44720K(506816K), [Metaspace: 5350K->5350K(1056768K)], 0.1993563 secs] [Times: user=0.20 sys=0.00, real=0.20 secs] 
2018-03-16T23:58:03.022+0500: 108.946: [GC (Allocation Failure) 2018-03-16T23:58:03.022+0500: 108.946: [DefNew: 139776K->17471K(157248K), 0.2588818 secs] 184496K->184496K(506816K), 0.2589456 secs] [Times: user=0.25 sys=0.00, real=0.26 secs] 
2018-03-16T23:58:03.307+0500: 109.231: [GC (Allocation Failure) 2018-03-16T23:58:03.307+0500: 109.231: [DefNew: 157247K->17472K(157248K), 0.2515510 secs] 324272K->324270K(506816K), 0.2516198 secs] [Times: user=0.25 sys=0.00, real=0.25 secs] 
2018-03-16T23:58:03.585+0500: 109.509: [GC (Allocation Failure) 2018-03-16T23:58:03.585+0500: 109.509: [DefNew: 157248K->157248K(157248K), 0.0000163 secs]2018-03-16T23:58:03.585+0500: 109.509: [Tenured: 306798K->34333K(349568K), 0.1772924 secs] 464046K->34333K(506816K), [Metaspace: 5350K->5350K(1056768K)], 0.1773822 secs] [Times: user=0.17 sys=0.00, real=0.18 secs] 
2018-03-16T23:58:03.791+0500: 109.715: [GC (Allocation Failure) 2018-03-16T23:58:03.791+0500: 109.715: [DefNew: 139776K->17472K(157248K), 0.2569531 secs] 174109K->174108K(506816K), 0.2570126 secs] [Times: user=0.25 sys=0.00, real=0.26 secs] 
2018-03-16T23:58:04.073+0500: 109.997: [GC (Allocation Failure) 2018-03-16T23:58:04.073+0500: 109.997: [DefNew: 157248K->17472K(157248K), 0.2531226 secs] 313884K->313883K(506816K), 0.2531859 secs] [Times: user=0.25 sys=0.00, real=0.25 secs] 
2018-03-16T23:58:04.352+0500: 110.276: [GC (Allocation Failure) 2018-03-16T23:58:04.352+0500: 110.276: [DefNew: 157248K->157248K(157248K), 0.0000158 secs]2018-03-16T23:58:04.352+0500: 110.276: [Tenured: 296411K->23970K(349568K), 0.1552648 secs] 453659K->23970K(506816K), [Metaspace: 5350K->5350K(1056768K)], 0.1553529 secs] [Times: user=0.16 sys=0.00, real=0.15 secs] 
2018-03-16T23:58:04.535+0500: 110.460: [GC (Allocation Failure) 2018-03-16T23:58:04.535+0500: 110.460: [DefNew: 139776K->17472K(157248K), 0.2589716 secs] 163746K->163745K(506816K), 0.2590336 secs] [Times: user=0.27 sys=0.00, real=0.26 secs] 
2018-03-16T23:58:04.823+0500: 110.747: [GC (Allocation Failure) 2018-03-16T23:58:04.823+0500: 110.747: [DefNew: 157248K->17472K(157248K), 0.2600570 secs] 303521K->303520K(506816K), 0.2601250 secs] [Times: user=0.25 sys=0.00, real=0.26 secs] 
2018-03-16T23:58:05.116+0500: 111.040: [GC (Allocation Failure) 2018-03-16T23:58:05.116+0500: 111.040: [DefNew: 146063K->146063K(157248K), 0.0000222 secs]2018-03-16T23:58:05.116+0500: 111.040: [Tenured: 286048K->776K(349568K), 0.1376177 secs] 432112K->776K(506816K), [Metaspace: 5350K->5350K(1056768K)], 0.1377211 secs] [Times: user=0.13 sys=0.00, real=0.14 secs] 
2018-03-16T23:58:05.280+0500: 111.204: [GC (Allocation Failure) 2018-03-16T23:58:05.280+0500: 111.204: [DefNew: 139776K->17472K(157248K), 0.2224077 secs] 140552K->140551K(506816K), 0.2224693 secs] [Times: user=0.22 sys=0.00, real=0.22 secs] 
2018-03-16T23:58:05.528+0500: 111.452: [GC (Allocation Failure) 2018-03-16T23:58:05.528+0500: 111.452: [DefNew: 157248K->17472K(157248K), 0.2594352 secs] 280327K->280290K(506816K), 0.2594998 secs] [Times: user=0.27 sys=0.00, real=0.26 secs] 
2018-03-16T23:58:05.817+0500: 111.741: [GC (Allocation Failure) 2018-03-16T23:58:05.817+0500: 111.741: [DefNew: 157248K->157248K(157248K), 0.0000167 secs]2018-03-16T23:58:05.817+0500: 111.741: [Tenured: 262818K->205221K(349568K), 0.4728848 secs] 420066K->205221K(506816K), [Metaspace: 5350K->5350K(1056768K)], 0.4729785 secs] [Times: user=0.48 sys=0.00, real=0.47 secs] 
2018-03-16T23:58:06.316+0500: 112.240: [GC (Allocation Failure) 2018-03-16T23:58:06.316+0500: 112.240: [DefNew: 139776K->17472K(157248K), 0.2233635 secs] 344997K->344996K(506816K), 0.2234306 secs] [Times: user=0.23 sys=0.00, real=0.22 secs] 
2018-03-16T23:58:06.565+0500: 112.489: [GC (Allocation Failure) 2018-03-16T23:58:06.565+0500: 112.489: [DefNew: 157248K->157248K(157248K), 0.0000308 secs]2018-03-16T23:58:06.566+0500: 112.489: [Tenured: 327524K->55084K(349568K), 0.2388450 secs] 484772K->55084K(506816K), [Metaspace: 5350K->5350K(1056768K)], 0.2389549 secs] [Times: user=0.23 sys=0.00, real=0.24 secs] 
2018-03-16T23:58:06.838+0500: 112.762: [GC (Allocation Failure) 2018-03-16T23:58:06.838+0500: 112.762: [DefNew: 139776K->17472K(157248K), 0.2588810 secs] 194860K->194859K(506816K), 0.2589456 secs] [Times: user=0.25 sys=0.00, real=0.26 secs] 
2018-03-16T23:58:07.122+0500: 113.047: [GC (Allocation Failure) 2018-03-16T23:58:07.122+0500: 113.047: [DefNew: 157248K->17471K(157248K), 0.2531222 secs] 334635K->334633K(506816K), 0.2531863 secs] [Times: user=0.25 sys=0.00, real=0.25 secs] 
2018-03-16T23:58:07.402+0500: 113.326: [GC (Allocation Failure) 2018-03-16T23:58:07.402+0500: 113.326: [DefNew: 157247K->157247K(157248K), 0.0000167 secs]2018-03-16T23:58:07.402+0500: 113.326: [Tenured: 317162K->44720K(349568K), 0.2010968 secs] 474409K->44720K(506816K), [Metaspace: 5350K->5350K(1056768K)], 0.2011875 secs] [Times: user=0.20 sys=0.00, real=0.20 secs] 
2018-03-16T23:58:07.633+0500: 113.556: [GC (Allocation Failure) 2018-03-16T23:58:07.633+0500: 113.556: [DefNew: 139776K->17471K(157248K), 0.2557608 secs] 184496K->184496K(506816K), 0.2558233 secs] [Times: user=0.25 sys=0.00, real=0.26 secs] 
2018-03-16T23:58:07.914+0500: 113.837: [GC (Allocation Failure) 2018-03-16T23:58:07.914+0500: 113.838: [DefNew: 157247K->17472K(157248K), 0.2501769 secs] 324272K->324270K(506816K), 0.2502368 secs] [Times: user=0.25 sys=0.00, real=0.25 secs] 
2018-03-16T23:58:08.190+0500: 114.114: [GC (Allocation Failure) 2018-03-16T23:58:08.190+0500: 114.114: [DefNew: 157248K->157248K(157248K), 0.0000192 secs]2018-03-16T23:58:08.190+0500: 114.114: [Tenured: 306798K->34333K(349568K), 0.1787832 secs] 464046K->34333K(506816K), [Metaspace: 5350K->5350K(1056768K)], 0.1788828 secs] [Times: user=0.19 sys=0.00, real=0.18 secs] 
2018-03-16T23:58:08.398+0500: 114.322: [GC (Allocation Failure) 2018-03-16T23:58:08.398+0500: 114.322: [DefNew: 139776K->17472K(157248K), 0.2582331 secs] 174109K->174108K(506816K), 0.2582968 secs] [Times: user=0.25 sys=0.00, real=0.26 secs] 
2018-03-16T23:58:08.682+0500: 114.606: [GC (Allocation Failure) 2018-03-16T23:58:08.682+0500: 114.606: [DefNew: 157248K->17472K(157248K), 0.2526732 secs] 313884K->313883K(506816K), 0.2527514 secs] [Times: user=0.25 sys=0.00, real=0.25 secs] 
2018-03-16T23:58:08.961+0500: 114.884: [GC (Allocation Failure) 2018-03-16T23:58:08.961+0500: 114.884: [DefNew: 157248K->157248K(157248K), 0.0000167 secs]2018-03-16T23:58:08.961+0500: 114.884: [Tenured: 296411K->23970K(349568K), 0.1567218 secs] 453659K->23970K(506816K), [Metaspace: 5350K->5350K(1056768K)], 0.1568107 secs] [Times: user=0.16 sys=0.00, real=0.16 secs] 
2018-03-16T23:58:09.145+0500: 115.069: [GC (Allocation Failure) 2018-03-16T23:58:09.145+0500: 115.069: [DefNew: 139776K->17472K(157248K), 0.2573303 secs] 163746K->163745K(506816K), 0.2574051 secs] [Times: user=0.26 sys=0.00, real=0.26 secs] 
2018-03-16T23:58:09.428+0500: 115.352: [GC (Allocation Failure) 2018-03-16T23:58:09.428+0500: 115.352: [DefNew: 157248K->17472K(157248K), 0.2549436 secs] 303521K->303520K(506816K), 0.2550064 secs] [Times: user=0.25 sys=0.00, real=0.26 secs] 
2018-03-16T23:58:09.708+0500: 115.632: [GC (Allocation Failure) 2018-03-16T23:58:09.708+0500: 115.632: [DefNew: 146063K->146063K(157248K), 0.0000163 secs]2018-03-16T23:58:09.708+0500: 115.632: [Tenured: 286048K->776K(349568K), 0.1376536 secs] 432112K->776K(506816K), [Metaspace: 5350K->5350K(1056768K)], 0.1377383 secs] [Times: user=0.14 sys=0.00, real=0.14 secs] 
2018-03-16T23:58:09.871+0500: 115.796: [GC (Allocation Failure) 2018-03-16T23:58:09.871+0500: 115.796: [DefNew: 139776K->17472K(157248K), 0.2231663 secs] 140552K->140551K(506816K), 0.2232283 secs] [Times: user=0.22 sys=0.00, real=0.22 secs] 
2018-03-16T23:58:10.120+0500: 116.044: [GC (Allocation Failure) 2018-03-16T23:58:10.120+0500: 116.044: [DefNew: 157248K->17472K(157248K), 0.2576686 secs] 280327K->280290K(506816K), 0.2577293 secs] [Times: user=0.24 sys=0.00, real=0.26 secs] 
2018-03-16T23:58:10.407+0500: 116.330: [GC (Allocation Failure) 2018-03-16T23:58:10.407+0500: 116.330: [DefNew: 157248K->157248K(157248K), 0.0000171 secs]2018-03-16T23:58:10.407+0500: 116.330: [Tenured: 262818K->205221K(349568K), 0.4756321 secs] 420066K->205221K(506816K), [Metaspace: 5350K->5350K(1056768K)], 0.4757296 secs] [Times: user=0.48 sys=0.00, real=0.47 secs] 
2018-03-16T23:58:10.907+0500: 116.831: [GC (Allocation Failure) 2018-03-16T23:58:10.907+0500: 116.831: [DefNew: 139776K->17472K(157248K), 0.2238241 secs] 344997K->344996K(506816K), 0.2238865 secs] [Times: user=0.23 sys=0.00, real=0.22 secs] 
2018-03-16T23:58:11.157+0500: 117.081: [GC (Allocation Failure) 2018-03-16T23:58:11.157+0500: 117.081: [DefNew: 157248K->157248K(157248K), 0.0000163 secs]2018-03-16T23:58:11.157+0500: 117.081: [Tenured: 327524K->55084K(349568K), 0.2255244 secs] 484772K->55084K(506816K), [Metaspace: 5350K->5350K(1056768K)], 0.2256151 secs] [Times: user=0.23 sys=0.00, real=0.23 secs] 
2018-03-16T23:58:11.412+0500: 117.336: [GC (Allocation Failure) 2018-03-16T23:58:11.412+0500: 117.336: [DefNew: 139776K->17472K(157248K), 0.2578195 secs] 194860K->194859K(506816K), 0.2578854 secs] [Times: user=0.25 sys=0.00, real=0.26 secs] 
2018-03-16T23:58:11.696+0500: 117.620: [GC (Allocation Failure) 2018-03-16T23:58:11.696+0500: 117.620: [DefNew: 157248K->17471K(157248K), 0.2515792 secs] 334635K->334633K(506816K), 0.2516404 secs] [Times: user=0.25 sys=0.00, real=0.25 secs] 
2018-03-16T23:58:11.973+0500: 117.897: [GC (Allocation Failure) 2018-03-16T23:58:11.973+0500: 117.897: [DefNew: 157247K->157247K(157248K), 0.0000158 secs]2018-03-16T23:58:11.973+0500: 117.897: [Tenured: 317162K->44720K(349568K), 0.2005790 secs] 474409K->44720K(506816K), [Metaspace: 5350K->5350K(1056768K)], 0.2006816 secs] [Times: user=0.20 sys=0.00, real=0.20 secs] 
2018-03-16T23:58:12.204+0500: 118.128: [GC (Allocation Failure) 2018-03-16T23:58:12.204+0500: 118.128: [DefNew: 139776K->17471K(157248K), 0.2560238 secs] 184496K->184496K(506816K), 0.2560871 secs] [Times: user=0.27 sys=0.00, real=0.26 secs] 
2018-03-16T23:58:12.485+0500: 118.409: [GC (Allocation Failure) 2018-03-16T23:58:12.486+0500: 118.410: [DefNew: 157247K->17472K(157248K), 0.2518161 secs] 324272K->324270K(506816K), 0.2519085 secs] [Times: user=0.25 sys=0.00, real=0.25 secs] 
2018-03-16T23:58:12.764+0500: 118.688: [GC (Allocation Failure) 2018-03-16T23:58:12.764+0500: 118.688: [DefNew: 157248K->157248K(157248K), 0.0000158 secs]2018-03-16T23:58:12.764+0500: 118.688: [Tenured: 306798K->34333K(349568K), 0.1778654 secs] 464046K->34333K(506816K), [Metaspace: 5350K->5350K(1056768K)], 0.1779531 secs] [Times: user=0.17 sys=0.00, real=0.18 secs] 
2018-03-16T23:58:12.972+0500: 118.896: [GC (Allocation Failure) 2018-03-16T23:58:12.972+0500: 118.896: [DefNew: 139776K->17472K(157248K), 0.2665946 secs] 174109K->174108K(506816K), 0.2666544 secs] [Times: user=0.27 sys=0.00, real=0.27 secs] 
2018-03-16T23:58:13.265+0500: 119.189: [GC (Allocation Failure) 2018-03-16T23:58:13.265+0500: 119.189: [DefNew: 157248K->17472K(157248K), 0.2567607 secs] 313884K->313883K(506816K), 0.2568240 secs] [Times: user=0.27 sys=0.00, real=0.26 secs] 
2018-03-16T23:58:13.549+0500: 119.473: [GC (Allocation Failure) 2018-03-16T23:58:13.549+0500: 119.473: [DefNew: 157248K->157248K(157248K), 0.0000158 secs]2018-03-16T23:58:13.549+0500: 119.473: [Tenured: 296411K->23970K(349568K), 0.1560303 secs] 453659K->23970K(506816K), [Metaspace: 5350K->5350K(1056768K)], 0.1561192 secs] [Times: user=0.16 sys=0.00, real=0.16 secs] 
2018-03-16T23:58:13.734+0500: 119.658: [GC (Allocation Failure) 2018-03-16T23:58:13.734+0500: 119.658: [DefNew: 139776K->17472K(157248K), 0.2579016 secs] 163746K->163745K(506816K), 0.2579838 secs] [Times: user=0.27 sys=0.00, real=0.26 secs] 
2018-03-16T23:58:14.017+0500: 119.941: [GC (Allocation Failure) 2018-03-16T23:58:14.017+0500: 119.941: [DefNew: 157248K->17472K(157248K), 0.2534934 secs] 303521K->303520K(506816K), 0.2535712 secs] [Times: user=0.27 sys=0.00, real=0.25 secs] 
2018-03-16T23:58:14.297+0500: 120.221: [GC (Allocation Failure) 2018-03-16T23:58:14.297+0500: 120.221: [DefNew: 146063K->146063K(157248K), 0.0000163 secs]2018-03-16T23:58:14.297+0500: 120.221: [Tenured: 286048K->776K(349568K), 0.1359011 secs] 432112K->776K(506816K), [Metaspace: 5350K->5350K(1056768K)], 0.1359866 secs] [Times: user=0.14 sys=0.00, real=0.13 secs] 
2018-03-16T23:58:14.459+0500: 120.382: [GC (Allocation Failure) 2018-03-16T23:58:14.459+0500: 120.382: [DefNew: 139776K->17472K(157248K), 0.2232600 secs] 140552K->140551K(506816K), 0.2233207 secs] [Times: user=0.23 sys=0.00, real=0.22 secs] 
2018-03-16T23:58:14.707+0500: 120.631: [GC (Allocation Failure) 2018-03-16T23:58:14.707+0500: 120.631: [DefNew: 157248K->17472K(157248K), 0.2568654 secs] 280327K->280290K(506816K), 0.2569257 secs] [Times: user=0.27 sys=0.00, real=0.26 secs] 
2018-03-16T23:58:14.993+0500: 120.917: [GC (Allocation Failure) 2018-03-16T23:58:14.994+0500: 120.917: [DefNew: 157248K->157248K(157248K), 0.0000201 secs]2018-03-16T23:58:14.994+0500: 120.917: [Tenured: 262818K->205221K(349568K), 0.4721219 secs] 420066K->205221K(506816K), [Metaspace: 5350K->5350K(1056768K)], 0.4722288 secs] [Times: user=0.47 sys=0.00, real=0.47 secs] 
2018-03-16T23:58:15.491+0500: 121.415: [GC (Allocation Failure) 2018-03-16T23:58:15.491+0500: 121.415: [DefNew: 139776K->17472K(157248K), 0.2250968 secs] 344997K->344996K(506816K), 0.2251571 secs] [Times: user=0.22 sys=0.00, real=0.23 secs] 
2018-03-16T23:58:15.743+0500: 121.667: [GC (Allocation Failure) 2018-03-16T23:58:15.743+0500: 121.667: [DefNew: 157248K->157248K(157248K), 0.0000171 secs]2018-03-16T23:58:15.743+0500: 121.667: [Tenured: 327524K->55084K(349568K), 0.2208686 secs] 484772K->55084K(506816K), [Metaspace: 5350K->5350K(1056768K)], 0.2209584 secs] [Times: user=0.22 sys=0.00, real=0.22 secs] 
2018-03-16T23:58:15.994+0500: 121.917: [GC (Allocation Failure) 2018-03-16T23:58:15.994+0500: 121.917: [DefNew: 139776K->17472K(157248K), 0.2550304 secs] 194860K->194859K(506816K), 0.2551027 secs] [Times: user=0.25 sys=0.00, real=0.25 secs] 
2018-03-16T23:58:16.275+0500: 122.198: [GC (Allocation Failure) 2018-03-16T23:58:16.275+0500: 122.198: [DefNew: 157248K->17471K(157248K), 0.2495179 secs] 334635K->334633K(506816K), 0.2495821 secs] [Times: user=0.25 sys=0.00, real=0.25 secs] 
2018-03-16T23:58:16.550+0500: 122.474: [GC (Allocation Failure) 2018-03-16T23:58:16.550+0500: 122.474: [DefNew: 157247K->157247K(157248K), 0.0000171 secs]2018-03-16T23:58:16.550+0500: 122.474: [Tenured: 317162K->44720K(349568K), 0.2000110 secs] 474409K->44720K(506816K), [Metaspace: 5350K->5350K(1056768K)], 0.2001004 secs] [Times: user=0.20 sys=0.00, real=0.20 secs] 
2018-03-16T23:58:16.779+0500: 122.703: [GC (Allocation Failure) 2018-03-16T23:58:16.779+0500: 122.703: [DefNew: 139776K->17471K(157248K), 0.2545912 secs] 184496K->184496K(506816K), 0.2546519 secs] [Times: user=0.25 sys=0.00, real=0.25 secs] 
2018-03-16T23:58:17.059+0500: 122.983: [GC (Allocation Failure) 2018-03-16T23:58:17.059+0500: 122.983: [DefNew: 157247K->17472K(157248K), 0.2542833 secs] 324272K->324270K(506816K), 0.2543427 secs] [Times: user=0.25 sys=0.00, real=0.25 secs] 
2018-03-16T23:58:17.340+0500: 123.264: [GC (Allocation Failure) 2018-03-16T23:58:17.340+0500: 123.264: [DefNew: 157248K->157248K(157248K), 0.0000150 secs]2018-03-16T23:58:17.340+0500: 123.264: [Tenured: 306798K->34333K(349568K), 0.1770195 secs] 464046K->34333K(506816K), [Metaspace: 5350K->5350K(1056768K)], 0.1771055 secs] [Times: user=0.17 sys=0.00, real=0.18 secs] 
2018-03-16T23:58:17.547+0500: 123.470: [GC (Allocation Failure) 2018-03-16T23:58:17.547+0500: 123.470: [DefNew: 139776K->17472K(157248K), 0.2564023 secs] 174109K->174108K(506816K), 0.2564643 secs] [Times: user=0.25 sys=0.00, real=0.26 secs] 
2018-03-16T23:58:17.830+0500: 123.754: [GC (Allocation Failure) 2018-03-16T23:58:17.830+0500: 123.754: [DefNew: 157248K->17472K(157248K), 0.2514612 secs] 313884K->313883K(506816K), 0.2515232 secs] [Times: user=0.25 sys=0.00, real=0.25 secs] 
2018-03-16T23:58:18.107+0500: 124.031: [GC (Allocation Failure) 2018-03-16T23:58:18.107+0500: 124.031: [DefNew: 157248K->157248K(157248K), 0.0000163 secs]2018-03-16T23:58:18.107+0500: 124.031: [Tenured: 296411K->23970K(349568K), 0.1566435 secs] 453659K->23970K(506816K), [Metaspace: 5350K->5350K(1056768K)], 0.1567333 secs] [Times: user=0.16 sys=0.00, real=0.16 secs] 
2018-03-16T23:58:18.293+0500: 124.217: [GC (Allocation Failure) 2018-03-16T23:58:18.293+0500: 124.217: [DefNew: 139776K->17472K(157248K), 0.2552083 secs] 163746K->163745K(506816K), 0.2552729 secs] [Times: user=0.25 sys=0.00, real=0.26 secs] 
2018-03-16T23:58:18.573+0500: 124.498: [GC (Allocation Failure) 2018-03-16T23:58:18.573+0500: 124.498: [DefNew: 157248K->17472K(157248K), 0.2550411 secs] 303521K->303520K(506816K), 0.2551035 secs] [Times: user=0.25 sys=0.00, real=0.26 secs] 
2018-03-16T23:58:18.855+0500: 124.779: [GC (Allocation Failure) 2018-03-16T23:58:18.855+0500: 124.779: [DefNew: 146063K->146063K(157248K), 0.0000154 secs]2018-03-16T23:58:18.855+0500: 124.779: [Tenured: 286048K->776K(349568K), 0.1365729 secs] 432112K->776K(506816K), [Metaspace: 5350K->5350K(1056768K)], 0.1366661 secs] [Times: user=0.14 sys=0.00, real=0.14 secs] 
2018-03-16T23:58:19.018+0500: 124.941: [GC (Allocation Failure) 2018-03-16T23:58:19.018+0500: 124.941: [DefNew: 139776K->17472K(157248K), 0.2228961 secs] 140552K->140551K(506816K), 0.2229671 secs] [Times: user=0.22 sys=0.00, real=0.22 secs] 
2018-03-16T23:58:19.266+0500: 125.190: [GC (Allocation Failure) 2018-03-16T23:58:19.266+0500: 125.190: [DefNew: 157248K->17472K(157248K), 0.2555483 secs] 280327K->280290K(506816K), 0.2556167 secs] [Times: user=0.27 sys=0.00, real=0.26 secs] 
2018-03-16T23:58:19.550+0500: 125.474: [GC (Allocation Failure) 2018-03-16T23:58:19.550+0500: 125.474: [DefNew: 157248K->157248K(157248K), 0.0000163 secs]2018-03-16T23:58:19.550+0500: 125.474: [Tenured: 262818K->205221K(349568K), 0.4728861 secs] 420066K->205221K(506816K), [Metaspace: 5350K->5350K(1056768K)], 0.4729947 secs] [Times: user=0.49 sys=0.00, real=0.47 secs] 
2018-03-16T23:58:20.048+0500: 125.972: [GC (Allocation Failure) 2018-03-16T23:58:20.048+0500: 125.972: [DefNew: 139776K->17472K(157248K), 0.2239943 secs] 344997K->344996K(506816K), 0.2240567 secs] [Times: user=0.24 sys=0.00, real=0.22 secs] 
2018-03-16T23:58:20.299+0500: 126.223: [GC (Allocation Failure) 2018-03-16T23:58:20.299+0500: 126.223: [DefNew: 157248K->157248K(157248K), 0.0000154 secs]2018-03-16T23:58:20.299+0500: 126.223: [Tenured: 327524K->55084K(349568K), 0.2213668 secs] 484772K->55084K(506816K), [Metaspace: 5350K->5350K(1056768K)], 0.2214613 secs] [Times: user=0.22 sys=0.00, real=0.22 secs] 
2018-03-16T23:58:20.551+0500: 126.474: [GC (Allocation Failure) 2018-03-16T23:58:20.551+0500: 126.475: [DefNew: 139776K->17472K(157248K), 0.2556672 secs] 194860K->194859K(506816K), 0.2557300 secs] [Times: user=0.27 sys=0.00, real=0.25 secs] 
2018-03-16T23:58:20.832+0500: 126.756: [GC (Allocation Failure) 2018-03-16T23:58:20.832+0500: 126.756: [DefNew: 157248K->17471K(157248K), 0.2527587 secs] 334635K->334633K(506816K), 0.2528237 secs] [Times: user=0.27 sys=0.00, real=0.25 secs] 
2018-03-16T23:58:21.110+0500: 127.034: [GC (Allocation Failure) 2018-03-16T23:58:21.110+0500: 127.034: [DefNew: 157247K->157247K(157248K), 0.0000150 secs]2018-03-16T23:58:21.110+0500: 127.034: [Tenured: 317162K->44720K(349568K), 0.2032522 secs] 474409K->44720K(506816K), [Metaspace: 5350K->5350K(1056768K)], 0.2033549 secs] [Times: user=0.20 sys=0.00, real=0.20 secs] 
2018-03-16T23:58:21.343+0500: 127.267: [GC (Allocation Failure) 2018-03-16T23:58:21.343+0500: 127.267: [DefNew: 139776K->17471K(157248K), 0.2563133 secs] 184496K->184496K(506816K), 0.2563758 secs] [Times: user=0.27 sys=0.00, real=0.26 secs] 
2018-03-16T23:58:21.626+0500: 127.549: [GC (Allocation Failure) 2018-03-16T23:58:21.626+0500: 127.549: [DefNew: 157247K->17472K(157248K), 0.2510673 secs] 324272K->324270K(506816K), 0.2511430 secs] [Times: user=0.25 sys=0.00, real=0.25 secs] 
2018-03-16T23:58:21.902+0500: 127.826: [GC (Allocation Failure) 2018-03-16T23:58:21.902+0500: 127.826: [DefNew: 157248K->157248K(157248K), 0.0000154 secs]2018-03-16T23:58:21.902+0500: 127.826: [Tenured: 306798K->34333K(349568K), 0.1767343 secs] 464046K->34333K(506816K), [Metaspace: 5350K->5350K(1056768K)], 0.1768207 secs] [Times: user=0.17 sys=0.00, real=0.18 secs] 
2018-03-16T23:58:22.108+0500: 128.032: [GC (Allocation Failure) 2018-03-16T23:58:22.108+0500: 128.032: [DefNew: 139776K->17472K(157248K), 0.2576061 secs] 174109K->174108K(506816K), 0.2576690 secs] [Times: user=0.25 sys=0.00, real=0.26 secs] 
2018-03-16T23:58:22.391+0500: 128.315: [GC (Allocation Failure) 2018-03-16T23:58:22.391+0500: 128.315: [DefNew: 157248K->17472K(157248K), 0.2542880 secs] 313884K->313883K(506816K), 0.2543496 secs] [Times: user=0.25 sys=0.00, real=0.25 secs] 
2018-03-16T23:58:22.671+0500: 128.595: [GC (Allocation Failure) 2018-03-16T23:58:22.671+0500: 128.595: [DefNew: 157248K->157248K(157248K), 0.0000158 secs]2018-03-16T23:58:22.671+0500: 128.595: [Tenured: 296411K->23970K(349568K), 0.1558109 secs] 453659K->23970K(506816K), [Metaspace: 5350K->5350K(1056768K)], 0.1558981 secs] [Times: user=0.16 sys=0.00, real=0.16 secs] 
2018-03-16T23:58:22.855+0500: 128.779: [GC (Allocation Failure) 2018-03-16T23:58:22.855+0500: 128.779: [DefNew: 139776K->17472K(157248K), 0.2587771 secs] 163746K->163745K(506816K), 0.2588386 secs] [Times: user=0.25 sys=0.00, real=0.26 secs] 
2018-03-16T23:58:23.139+0500: 129.063: [GC (Allocation Failure) 2018-03-16T23:58:23.139+0500: 129.063: [DefNew: 157248K->17472K(157248K), 0.2547699 secs] 303521K->303520K(506816K), 0.2548332 secs] [Times: user=0.25 sys=0.00, real=0.26 secs] 
2018-03-16T23:58:23.420+0500: 129.344: [GC (Allocation Failure) 2018-03-16T23:58:23.420+0500: 129.344: [DefNew: 146063K->146063K(157248K), 0.0000158 secs]2018-03-16T23:58:23.421+0500: 129.344: [Tenured: 286048K->776K(349568K), 0.1375231 secs] 432112K->776K(506816K), [Metaspace: 5350K->5350K(1056768K)], 0.1376254 secs] [Times: user=0.14 sys=0.00, real=0.14 secs] 
2018-03-16T23:58:23.583+0500: 129.507: [GC (Allocation Failure) 2018-03-16T23:58:23.583+0500: 129.507: [DefNew: 139776K->17472K(157248K), 0.2246751 secs] 140552K->140551K(506816K), 0.2247517 secs] [Times: user=0.23 sys=0.00, real=0.23 secs] 
2018-03-16T23:58:23.833+0500: 129.757: [GC (Allocation Failure) 2018-03-16T23:58:23.833+0500: 129.757: [DefNew: 157248K->17472K(157248K), 0.2551001 secs] 280327K->280290K(506816K), 0.2551668 secs] [Times: user=0.27 sys=0.00, real=0.26 secs] 
2018-03-16T23:58:24.117+0500: 130.041: [GC (Allocation Failure) 2018-03-16T23:58:24.117+0500: 130.041: [DefNew: 157248K->157248K(157248K), 0.0000163 secs]2018-03-16T23:58:24.117+0500: 130.041: [Tenured: 262818K->205221K(349568K), 0.4709108 secs] 420066K->205221K(506816K), [Metaspace: 5350K->5350K(1056768K)], 0.4710049 secs] [Times: user=0.47 sys=0.00, real=0.47 secs] 
2018-03-16T23:58:24.613+0500: 130.537: [GC (Allocation Failure) 2018-03-16T23:58:24.613+0500: 130.537: [DefNew: 139776K->17472K(157248K), 0.2248205 secs] 344997K->344996K(506816K), 0.2248842 secs] [Times: user=0.23 sys=0.00, real=0.23 secs] 
2018-03-16T23:58:24.864+0500: 130.788: [GC (Allocation Failure) 2018-03-16T23:58:24.864+0500: 130.788: [DefNew: 157248K->157248K(157248K), 0.0000167 secs]2018-03-16T23:58:24.864+0500: 130.788: [Tenured: 327524K->55084K(349568K), 0.2225574 secs] 484772K->55084K(506816K), [Metaspace: 5350K->5350K(1056768K)], 0.2226668 secs] [Times: user=0.23 sys=0.00, real=0.22 secs] 
2018-03-16T23:58:25.115+0500: 131.039: [GC (Allocation Failure) 2018-03-16T23:58:25.115+0500: 131.039: [DefNew: 139776K->17472K(157248K), 0.2558310 secs] 194860K->194859K(506816K), 0.2558947 secs] [Times: user=0.25 sys=0.00, real=0.26 secs] 
2018-03-16T23:58:25.396+0500: 131.321: [GC (Allocation Failure) 2018-03-16T23:58:25.397+0500: 131.321: [DefNew: 157248K->17471K(157248K), 0.2598017 secs] 334635K->334633K(506816K), 0.2599044 secs] [Times: user=0.25 sys=0.00, real=0.26 secs] 
2018-03-16T23:58:25.683+0500: 131.606: [GC (Allocation Failure) 2018-03-16T23:58:25.683+0500: 131.606: [DefNew: 157247K->157247K(157248K), 0.0000171 secs]2018-03-16T23:58:25.683+0500: 131.607: [Tenured: 317162K->44720K(349568K), 0.1995098 secs] 474409K->44720K(506816K), [Metaspace: 5350K->5350K(1056768K)], 0.1996013 secs] [Times: user=0.19 sys=0.00, real=0.20 secs] 
2018-03-16T23:58:25.912+0500: 131.836: [GC (Allocation Failure) 2018-03-16T23:58:25.912+0500: 131.836: [DefNew: 139776K->17471K(157248K), 0.2559366 secs] 184496K->184496K(506816K), 0.2560029 secs] [Times: user=0.27 sys=0.00, real=0.26 secs] 
2018-03-16T23:58:26.193+0500: 132.117: [GC (Allocation Failure) 2018-03-16T23:58:26.193+0500: 132.117: [DefNew: 157247K->17472K(157248K), 0.2521420 secs] 324272K->324270K(506816K), 0.2522040 secs] [Times: user=0.27 sys=0.00, real=0.25 secs] 
2018-03-16T23:58:26.470+0500: 132.395: [GC (Allocation Failure) 2018-03-16T23:58:26.471+0500: 132.395: [DefNew: 157248K->157248K(157248K), 0.0000282 secs]2018-03-16T23:58:26.471+0500: 132.395: [Tenured: 306798K->34333K(349568K), 0.1784740 secs] 464046K->34333K(506816K), [Metaspace: 5350K->5350K(1056768K)], 0.1786091 secs] [Times: user=0.19 sys=0.00, real=0.18 secs] 
2018-03-16T23:58:26.677+0500: 132.602: [GC (Allocation Failure) 2018-03-16T23:58:26.678+0500: 132.602: [DefNew: 139776K->17472K(157248K), 0.2567008 secs] 174109K->174108K(506816K), 0.2567791 secs] [Times: user=0.26 sys=0.00, real=0.26 secs] 
2018-03-16T23:58:26.960+0500: 132.884: [GC (Allocation Failure) 2018-03-16T23:58:26.960+0500: 132.884: [DefNew: 157248K->17472K(157248K), 0.2541725 secs] 313884K->313883K(506816K), 0.2542341 secs] [Times: user=0.25 sys=0.00, real=0.25 secs] 
2018-03-16T23:58:27.240+0500: 133.164: [GC (Allocation Failure) 2018-03-16T23:58:27.240+0500: 133.164: [DefNew: 157248K->157248K(157248K), 0.0000163 secs]2018-03-16T23:58:27.240+0500: 133.164: [Tenured: 296411K->23970K(349568K), 0.1557993 secs] 453659K->23970K(506816K), [Metaspace: 5350K->5350K(1056768K)], 0.1558862 secs] [Times: user=0.16 sys=0.00, real=0.16 secs] 
2018-03-16T23:58:27.424+0500: 133.348: [GC (Allocation Failure) 2018-03-16T23:58:27.425+0500: 133.348: [DefNew: 139776K->17472K(157248K), 0.2579722 secs] 163746K->163745K(506816K), 0.2580526 secs] [Times: user=0.26 sys=0.00, real=0.26 secs] 
2018-03-16T23:58:27.708+0500: 133.632: [GC (Allocation Failure) 2018-03-16T23:58:27.708+0500: 133.632: [DefNew: 157248K->17472K(157248K), 0.2549290 secs] 303521K->303520K(506816K), 0.2549949 secs] [Times: user=0.27 sys=0.00, real=0.25 secs] 
2018-03-16T23:58:27.988+0500: 133.913: [GC (Allocation Failure) 2018-03-16T23:58:27.988+0500: 133.913: [DefNew: 146063K->146063K(157248K), 0.0000167 secs]2018-03-16T23:58:27.988+0500: 133.913: [Tenured: 286048K->776K(349568K), 0.1371926 secs] 432112K->776K(506816K), [Metaspace: 5350K->5350K(1056768K)], 0.1372999 secs] [Times: user=0.14 sys=0.00, real=0.14 secs] 
2018-03-16T23:58:28.151+0500: 134.076: [GC (Allocation Failure) 2018-03-16T23:58:28.151+0500: 134.076: [DefNew: 139776K->17472K(157248K), 0.2253465 secs] 140552K->140551K(506816K), 0.2254077 secs] [Times: user=0.22 sys=0.00, real=0.23 secs] 
2018-03-16T23:58:28.403+0500: 134.326: [GC (Allocation Failure) 2018-03-16T23:58:28.403+0500: 134.326: [DefNew: 157248K->17472K(157248K), 0.2570433 secs] 280327K->280290K(506816K), 0.2571088 secs] [Times: user=0.25 sys=0.00, real=0.26 secs] 
2018-03-16T23:58:28.688+0500: 134.612: [GC (Allocation Failure) 2018-03-16T23:58:28.688+0500: 134.612: [DefNew: 157248K->157248K(157248K), 0.0000167 secs]2018-03-16T23:58:28.688+0500: 134.612: [Tenured: 262818K->205221K(349568K), 0.4745146 secs] 420066K->205221K(506816K), [Metaspace: 5350K->5350K(1056768K)], 0.4746066 secs] [Times: user=0.49 sys=0.00, real=0.48 secs] 
2018-03-16T23:58:29.188+0500: 135.112: [GC (Allocation Failure) 2018-03-16T23:58:29.188+0500: 135.112: [DefNew: 139776K->17472K(157248K), 0.2302748 secs] 344997K->344996K(506816K), 0.2303372 secs] [Times: user=0.24 sys=0.00, real=0.23 secs] 
2018-03-16T23:58:29.444+0500: 135.369: [GC (Allocation Failure) 2018-03-16T23:58:29.444+0500: 135.369: [DefNew: 157248K->157248K(157248K), 0.0000171 secs]2018-03-16T23:58:29.444+0500: 135.369: [Tenured: 327524K->55084K(349568K), 0.2265722 secs] 484772K->55084K(506816K), [Metaspace: 5350K->5350K(1056768K)], 0.2266658 secs] [Times: user=0.22 sys=0.00, real=0.23 secs] 
2018-03-16T23:58:29.700+0500: 135.624: [GC (Allocation Failure) 2018-03-16T23:58:29.700+0500: 135.624: [DefNew: 139776K->17472K(157248K), 0.2641535 secs] 194860K->194859K(506816K), 0.2642232 secs] [Times: user=0.27 sys=0.00, real=0.26 secs] 
2018-03-16T23:58:29.990+0500: 135.914: [GC (Allocation Failure) 2018-03-16T23:58:29.990+0500: 135.914: [DefNew: 157248K->17471K(157248K), 0.2500521 secs] 334635K->334633K(506816K), 0.2501145 secs] [Times: user=0.25 sys=0.00, real=0.25 secs] 
2018-03-16T23:58:30.266+0500: 136.190: [GC (Allocation Failure) 2018-03-16T23:58:30.267+0500: 136.190: [DefNew: 157247K->157247K(157248K), 0.0000257 secs]2018-03-16T23:58:30.267+0500: 136.190: [Tenured: 317162K->44720K(349568K), 0.2005268 secs] 474409K->44720K(506816K), [Metaspace: 5350K->5350K(1056768K)], 0.2006649 secs] [Times: user=0.20 sys=0.00, real=0.20 secs] 
2018-03-16T23:58:30.496+0500: 136.420: [GC (Allocation Failure) 2018-03-16T23:58:30.496+0500: 136.420: [DefNew: 139776K->17471K(157248K), 0.2553024 secs] 184496K->184496K(506816K), 0.2553828 secs] [Times: user=0.25 sys=0.00, real=0.25 secs] 
2018-03-16T23:58:30.777+0500: 136.701: [GC (Allocation Failure) 2018-03-16T23:58:30.777+0500: 136.701: [DefNew: 157247K->17472K(157248K), 0.2537145 secs] 324272K->324270K(506816K), 0.2538026 secs] [Times: user=0.25 sys=0.00, real=0.25 secs] 
2018-03-16T23:58:31.056+0500: 136.980: [GC (Allocation Failure) 2018-03-16T23:58:31.056+0500: 136.981: [DefNew: 157248K->157248K(157248K), 0.0000163 secs]2018-03-16T23:58:31.056+0500: 136.981: [Tenured: 306798K->34333K(349568K), 0.1771769 secs] 464046K->34333K(506816K), [Metaspace: 5350K->5350K(1056768K)], 0.1772667 secs] [Times: user=0.17 sys=0.00, real=0.18 secs] 
2018-03-16T23:58:31.264+0500: 137.187: [GC (Allocation Failure) 2018-03-16T23:58:31.264+0500: 137.187: [DefNew: 139776K->17472K(157248K), 0.2551172 secs] 174109K->174108K(506816K), 0.2551749 secs] [Times: user=0.25 sys=0.00, real=0.26 secs] 
2018-03-16T23:58:31.546+0500: 137.470: [GC (Allocation Failure) 2018-03-16T23:58:31.546+0500: 137.470: [DefNew: 157248K->17472K(157248K), 0.2523041 secs] 313884K->313883K(506816K), 0.2523657 secs] [Times: user=0.25 sys=0.00, real=0.25 secs] 
2018-03-16T23:58:31.824+0500: 137.748: [GC (Allocation Failure) 2018-03-16T23:58:31.824+0500: 137.748: [DefNew: 157248K->157248K(157248K), 0.0000158 secs]2018-03-16T23:58:31.824+0500: 137.748: [Tenured: 296411K->23970K(349568K), 0.1549475 secs] 453659K->23970K(506816K), [Metaspace: 5350K->5350K(1056768K)], 0.1550510 secs] [Times: user=0.16 sys=0.00, real=0.16 secs] 
2018-03-16T23:58:32.007+0500: 137.931: [GC (Allocation Failure) 2018-03-16T23:58:32.007+0500: 137.931: [DefNew: 139776K->17472K(157248K), 0.2576613 secs] 163746K->163745K(506816K), 0.2577220 secs] [Times: user=0.25 sys=0.00, real=0.26 secs] 
2018-03-16T23:58:32.291+0500: 138.215: [GC (Allocation Failure) 2018-03-16T23:58:32.291+0500: 138.215: [DefNew: 157248K->17472K(157248K), 0.2532992 secs] 303521K->303520K(506816K), 0.2533741 secs] [Times: user=0.25 sys=0.00, real=0.25 secs] 
2018-03-16T23:58:32.571+0500: 138.494: [GC (Allocation Failure) 2018-03-16T23:58:32.571+0500: 138.494: [DefNew: 146063K->146063K(157248K), 0.0000218 secs]2018-03-16T23:58:32.571+0500: 138.494: [Tenured: 286048K->776K(349568K), 0.1368269 secs] 432112K->776K(506816K), [Metaspace: 5350K->5350K(1056768K)], 0.1369368 secs] [Times: user=0.13 sys=0.00, real=0.14 secs] 
2018-03-16T23:58:32.733+0500: 138.656: [GC (Allocation Failure) 2018-03-16T23:58:32.733+0500: 138.656: [DefNew: 139776K->17472K(157248K), 0.2237364 secs] 140552K->140551K(506816K), 0.2238138 secs] [Times: user=0.22 sys=0.00, real=0.22 secs] 
2018-03-16T23:58:32.982+0500: 138.906: [GC (Allocation Failure) 2018-03-16T23:58:32.982+0500: 138.906: [DefNew: 157248K->17472K(157248K), 0.2569125 secs] 280327K->280290K(506816K), 0.2569813 secs] [Times: user=0.25 sys=0.00, real=0.26 secs] 
2018-03-16T23:58:33.268+0500: 139.192: [GC (Allocation Failure) 2018-03-16T23:58:33.268+0500: 139.192: [DefNew: 157248K->157248K(157248K), 0.0000171 secs]2018-03-16T23:58:33.268+0500: 139.192: [Tenured: 262818K->205221K(349568K), 0.4718978 secs] 420066K->205221K(506816K), [Metaspace: 5350K->5350K(1056768K)], 0.4719910 secs] [Times: user=0.47 sys=0.00, real=0.47 secs] 
2018-03-16T23:58:33.765+0500: 139.689: [GC (Allocation Failure) 2018-03-16T23:58:33.765+0500: 139.690: [DefNew: 139776K->17472K(157248K), 0.2246717 secs] 344997K->344996K(506816K), 0.2247354 secs] [Times: user=0.23 sys=0.00, real=0.23 secs] 
2018-03-16T23:58:34.018+0500: 139.941: [GC (Allocation Failure) 2018-03-16T23:58:34.018+0500: 139.941: [DefNew: 157248K->157248K(157248K), 0.0000163 secs]2018-03-16T23:58:34.018+0500: 139.941: [Tenured: 327524K->55084K(349568K), 0.2223645 secs] 484772K->55084K(506816K), [Metaspace: 5350K->5350K(1056768K)], 0.2224547 secs] [Times: user=0.22 sys=0.00, real=0.22 secs] 
2018-03-16T23:58:34.270+0500: 140.193: [GC (Allocation Failure) 2018-03-16T23:58:34.270+0500: 140.193: [DefNew: 139776K->17472K(157248K), 0.2549594 secs] 194860K->194859K(506816K), 0.2550235 secs] [Times: user=0.26 sys=0.00, real=0.26 secs] 
2018-03-16T23:58:34.551+0500: 140.475: [GC (Allocation Failure) 2018-03-16T23:58:34.551+0500: 140.475: [DefNew: 157248K->17471K(157248K), 0.2500371 secs] 334635K->334633K(506816K), 0.2501000 secs] [Times: user=0.25 sys=0.00, real=0.25 secs] 
2018-03-16T23:58:34.827+0500: 140.751: [GC (Allocation Failure) 2018-03-16T23:58:34.827+0500: 140.751: [DefNew: 157247K->157247K(157248K), 0.0000163 secs]2018-03-16T23:58:34.827+0500: 140.751: [Tenured: 317162K->44720K(349568K), 0.2022481 secs] 474409K->44720K(506816K), [Metaspace: 5350K->5350K(1056768K)], 0.2023439 secs] [Times: user=0.20 sys=0.00, real=0.20 secs] 
2018-03-16T23:58:35.058+0500: 140.982: [GC (Allocation Failure) 2018-03-16T23:58:35.058+0500: 140.982: [DefNew: 139776K->17471K(157248K), 0.2588352 secs] 184496K->184496K(506816K), 0.2588972 secs] [Times: user=0.25 sys=0.00, real=0.26 secs] 
2018-03-16T23:58:35.343+0500: 141.267: [GC (Allocation Failure) 2018-03-16T23:58:35.343+0500: 141.267: [DefNew: 157247K->17472K(157248K), 0.2585491 secs] 324272K->324270K(506816K), 0.2586081 secs] [Times: user=0.27 sys=0.00, real=0.26 secs] 
2018-03-16T23:58:35.630+0500: 141.554: [GC (Allocation Failure) 2018-03-16T23:58:35.631+0500: 141.554: [DefNew: 157248K->157248K(157248K), 0.0000231 secs]2018-03-16T23:58:35.631+0500: 141.554: [Tenured: 306798K->34333K(349568K), 0.1811947 secs] 464046K->34333K(506816K), [Metaspace: 5350K->5350K(1056768K)], 0.1813008 secs] [Times: user=0.19 sys=0.00, real=0.18 secs] 
2018-03-16T23:58:35.842+0500: 141.765: [GC (Allocation Failure) 2018-03-16T23:58:35.842+0500: 141.765: [DefNew: 139776K->17472K(157248K), 0.2601768 secs] 174109K->174108K(506816K), 0.2602525 secs] [Times: user=0.27 sys=0.00, real=0.26 secs] 
2018-03-16T23:58:36.129+0500: 142.053: [GC (Allocation Failure) 2018-03-16T23:58:36.129+0500: 142.053: [DefNew: 157248K->17472K(157248K), 0.2569052 secs] 313884K->313883K(506816K), 0.2569681 secs] [Times: user=0.27 sys=0.00, real=0.26 secs] 
2018-03-16T23:58:36.416+0500: 142.340: [GC (Allocation Failure) 2018-03-16T23:58:36.416+0500: 142.340: [DefNew: 157248K->157248K(157248K), 0.0000150 secs]2018-03-16T23:58:36.416+0500: 142.341: [Tenured: 296411K->23970K(349568K), 0.1822100 secs] 453659K->23970K(506816K), [Metaspace: 5350K->5350K(1056768K)], 0.1823075 secs] [Times: user=0.17 sys=0.00, real=0.18 secs] 
2018-03-16T23:58:36.652+0500: 142.576: [GC (Allocation Failure) 2018-03-16T23:58:36.652+0500: 142.576: [DefNew: 139776K->17472K(157248K), 0.2901788 secs] 163746K->163745K(506816K), 0.2902489 secs] [Times: user=0.28 sys=0.00, real=0.29 secs] 
2018-03-16T23:58:36.969+0500: 142.892: [GC (Allocation Failure) 2018-03-16T23:58:36.969+0500: 142.892: [DefNew: 157248K->17472K(157248K), 0.2585217 secs] 303521K->303520K(506816K), 0.2585932 secs] [Times: user=0.27 sys=0.00, real=0.26 secs] 
2018-03-16T23:58:37.254+0500: 143.177: [GC (Allocation Failure) 2018-03-16T23:58:37.254+0500: 143.177: [DefNew: 146063K->146063K(157248K), 0.0000158 secs]2018-03-16T23:58:37.254+0500: 143.177: [Tenured: 286048K->776K(349568K), 0.1372738 secs] 432112K->776K(506816K), [Metaspace: 5350K->5350K(1056768K)], 0.1373555 secs] [Times: user=0.14 sys=0.00, real=0.14 secs] 
2018-03-16T23:58:37.417+0500: 143.341: [GC (Allocation Failure) 2018-03-16T23:58:37.417+0500: 143.341: [DefNew: 139776K->17472K(157248K), 0.2311002 secs] 140552K->140551K(506816K), 0.2311639 secs] [Times: user=0.23 sys=0.00, real=0.23 secs] 
2018-03-16T23:58:37.681+0500: 143.605: [GC (Allocation Failure) 2018-03-16T23:58:37.681+0500: 143.605: [DefNew: 157248K->17472K(157248K), 0.2678206 secs] 280327K->280290K(506816K), 0.2678951 secs] [Times: user=0.27 sys=0.00, real=0.27 secs] 
2018-03-16T23:58:37.981+0500: 143.905: [GC (Allocation Failure) 2018-03-16T23:58:37.981+0500: 143.905: [DefNew: 157248K->157248K(157248K), 0.0000646 secs]2018-03-16T23:58:37.981+0500: 143.905: [Tenured: 262818K->205221K(349568K), 0.4846688 secs] 420066K->205221K(506816K), [Metaspace: 5350K->5350K(1056768K)], 0.4848177 secs] [Times: user=0.48 sys=0.00, real=0.49 secs] 
2018-03-16T23:58:38.493+0500: 144.416: [GC (Allocation Failure) 2018-03-16T23:58:38.493+0500: 144.416: [DefNew: 139776K->17472K(157248K), 0.2307315 secs] 344997K->344996K(506816K), 0.2308209 secs] [Times: user=0.22 sys=0.00, real=0.23 secs] 
2018-03-16T23:58:38.751+0500: 144.675: [GC (Allocation Failure) 2018-03-16T23:58:38.751+0500: 144.675: [DefNew: 157248K->157248K(157248K), 0.0000167 secs]2018-03-16T23:58:38.751+0500: 144.675: [Tenured: 327524K->55084K(349568K), 0.2243770 secs] 484772K->55084K(506816K), [Metaspace: 5350K->5350K(1056768K)], 0.2244818 secs] [Times: user=0.23 sys=0.00, real=0.23 secs] 
2018-03-16T23:58:39.005+0500: 144.929: [GC (Allocation Failure) 2018-03-16T23:58:39.005+0500: 144.929: [DefNew: 139776K->17472K(157248K), 0.2597953 secs] 194860K->194859K(506816K), 0.2598599 secs] [Times: user=0.27 sys=0.00, real=0.26 secs] 
2018-03-16T23:58:39.293+0500: 145.217: [GC (Allocation Failure) 2018-03-16T23:58:39.293+0500: 145.217: [DefNew: 157248K->17471K(157248K), 0.2554606 secs] 334635K->334633K(506816K), 0.2555248 secs] [Times: user=0.25 sys=0.00, real=0.26 secs] 
2018-03-16T23:58:39.576+0500: 145.501: [GC (Allocation Failure) 2018-03-16T23:58:39.577+0500: 145.501: [DefNew: 157247K->157247K(157248K), 0.0000218 secs]2018-03-16T23:58:39.577+0500: 145.501: [Tenured: 317162K->44720K(349568K), 0.2299853 secs] 474409K->44720K(506816K), [Metaspace: 5350K->5350K(1056768K)], 0.2301230 secs] [Times: user=0.23 sys=0.00, real=0.23 secs] 
2018-03-16T23:58:39.839+0500: 145.762: [GC (Allocation Failure) 2018-03-16T23:58:39.839+0500: 145.763: [DefNew: 139776K->17471K(157248K), 0.2624258 secs] 184496K->184496K(506816K), 0.2624921 secs] [Times: user=0.27 sys=0.00, real=0.26 secs] 
2018-03-16T23:58:40.128+0500: 146.052: [GC (Allocation Failure) 2018-03-16T23:58:40.128+0500: 146.052: [DefNew: 157247K->17472K(157248K), 0.2569582 secs] 324272K->324270K(506816K), 0.2570339 secs] [Times: user=0.27 sys=0.00, real=0.26 secs] 
2018-03-16T23:58:40.411+0500: 146.335: [GC (Allocation Failure) 2018-03-16T23:58:40.411+0500: 146.335: [DefNew: 157248K->157248K(157248K), 0.0000163 secs]2018-03-16T23:58:40.411+0500: 146.335: [Tenured: 306798K->34333K(349568K), 0.1797869 secs] 464046K->34333K(506816K), [Metaspace: 5350K->5350K(1056768K)], 0.1798878 secs] [Times: user=0.19 sys=0.00, real=0.18 secs] 
2018-03-16T23:58:40.620+0500: 146.545: [GC (Allocation Failure) 2018-03-16T23:58:40.620+0500: 146.545: [DefNew: 139776K->17472K(157248K), 0.3366177 secs] 174109K->174108K(506816K), 0.3366810 secs] [Times: user=0.33 sys=0.00, real=0.34 secs] 
2018-03-16T23:58:40.983+0500: 146.907: [GC (Allocation Failure) 2018-03-16T23:58:40.983+0500: 146.907: [DefNew: 157248K->17472K(157248K), 0.2534630 secs] 313884K->313883K(506816K), 0.2535259 secs] [Times: user=0.25 sys=0.00, real=0.25 secs] 
2018-03-16T23:58:41.263+0500: 147.186: [GC (Allocation Failure) 2018-03-16T23:58:41.263+0500: 147.186: [DefNew: 157248K->157248K(157248K), 0.0000158 secs]2018-03-16T23:58:41.263+0500: 147.186: [Tenured: 296411K->23970K(349568K), 0.1564519 secs] 453659K->23970K(506816K), [Metaspace: 5350K->5350K(1056768K)], 0.1565388 secs] [Times: user=0.14 sys=0.00, real=0.16 secs] 
2018-03-16T23:58:41.447+0500: 147.371: [GC (Allocation Failure) 2018-03-16T23:58:41.447+0500: 147.371: [DefNew: 139776K->17472K(157248K), 0.2584247 secs] 163746K->163745K(506816K), 0.2584863 secs] [Times: user=0.25 sys=0.00, real=0.26 secs] 
2018-03-16T23:58:41.736+0500: 147.660: [GC (Allocation Failure) 2018-03-16T23:58:41.736+0500: 147.660: [DefNew: 157248K->17472K(157248K), 0.2844123 secs] 303521K->303520K(506816K), 0.2844991 secs] [Times: user=0.27 sys=0.00, real=0.28 secs] 
2018-03-16T23:58:42.046+0500: 147.970: [GC (Allocation Failure) 2018-03-16T23:58:42.046+0500: 147.970: [DefNew: 146063K->146063K(157248K), 0.0000175 secs]2018-03-16T23:58:42.046+0500: 147.970: [Tenured: 286048K->776K(349568K), 0.1368321 secs] 432112K->776K(506816K), [Metaspace: 5350K->5350K(1056768K)], 0.1369317 secs] [Times: user=0.14 sys=0.00, real=0.14 secs] 
2018-03-16T23:58:42.209+0500: 148.133: [GC (Allocation Failure) 2018-03-16T23:58:42.209+0500: 148.133: [DefNew: 139776K->17472K(157248K), 0.2242102 secs] 140552K->140551K(506816K), 0.2242718 secs] [Times: user=0.22 sys=0.00, real=0.22 secs] 
2018-03-16T23:58:42.460+0500: 148.384: [GC (Allocation Failure) 2018-03-16T23:58:42.460+0500: 148.384: [DefNew: 157248K->17472K(157248K), 0.2563762 secs] 280327K->280290K(506816K), 0.2564382 secs] [Times: user=0.25 sys=0.00, real=0.26 secs] 
2018-03-16T23:58:42.745+0500: 148.668: [GC (Allocation Failure) 2018-03-16T23:58:42.745+0500: 148.668: [DefNew: 157248K->157248K(157248K), 0.0000171 secs]2018-03-16T23:58:42.745+0500: 148.669: [Tenured: 262818K->205221K(349568K), 0.4814824 secs] 420066K->205221K(506816K), [Metaspace: 5350K->5350K(1056768K)], 0.4815730 secs] [Times: user=0.48 sys=0.00, real=0.48 secs] 
2018-03-16T23:58:43.251+0500: 149.175: [GC (Allocation Failure) 2018-03-16T23:58:43.251+0500: 149.175: [DefNew: 139776K->17472K(157248K), 0.2270742 secs] 344997K->344996K(506816K), 0.2271380 secs] [Times: user=0.23 sys=0.00, real=0.23 secs] 
2018-03-16T23:58:43.505+0500: 149.429: [GC (Allocation Failure) 2018-03-16T23:58:43.505+0500: 149.429: [DefNew: 157248K->157248K(157248K), 0.0000171 secs]2018-03-16T23:58:43.505+0500: 149.429: [Tenured: 327524K->55084K(349568K), 0.2224547 secs] 484772K->55084K(506816K), [Metaspace: 5350K->5350K(1056768K)], 0.2225509 secs] [Times: user=0.23 sys=0.00, real=0.22 secs] 
2018-03-16T23:58:43.756+0500: 149.680: [GC (Allocation Failure) 2018-03-16T23:58:43.756+0500: 149.680: [DefNew: 139776K->17472K(157248K), 0.2581035 secs] 194860K->194859K(506816K), 0.2581664 secs] [Times: user=0.25 sys=0.00, real=0.26 secs] 
2018-03-16T23:58:44.042+0500: 149.966: [GC (Allocation Failure) 2018-03-16T23:58:44.042+0500: 149.966: [DefNew: 157248K->17471K(157248K), 0.2513662 secs] 334635K->334633K(506816K), 0.2514265 secs] [Times: user=0.25 sys=0.00, real=0.25 secs] 
2018-03-16T23:58:44.319+0500: 150.243: [GC (Allocation Failure) 2018-03-16T23:58:44.319+0500: 150.243: [DefNew: 157247K->157247K(157248K), 0.0000163 secs]2018-03-16T23:58:44.319+0500: 150.243: [Tenured: 317162K->44720K(349568K), 0.1998340 secs] 474409K->44720K(506816K), [Metaspace: 5350K->5350K(1056768K)], 0.1999225 secs] [Times: user=0.19 sys=0.00, real=0.20 secs] 
2018-03-16T23:58:44.550+0500: 150.474: [GC (Allocation Failure) 2018-03-16T23:58:44.550+0500: 150.474: [DefNew: 139776K->17471K(157248K), 0.2546109 secs] 184496K->184496K(506816K), 0.2546806 secs] [Times: user=0.27 sys=0.00, real=0.25 secs] 
2018-03-16T23:58:44.830+0500: 150.754: [GC (Allocation Failure) 2018-03-16T23:58:44.830+0500: 150.754: [DefNew: 157247K->17472K(157248K), 0.2522408 secs] 324272K->324270K(506816K), 0.2523024 secs] [Times: user=0.25 sys=0.00, real=0.25 secs] 
2018-03-16T23:58:45.108+0500: 151.033: [GC (Allocation Failure) 2018-03-16T23:58:45.108+0500: 151.033: [DefNew: 157248K->157248K(157248K), 0.0000145 secs]2018-03-16T23:58:45.108+0500: 151.033: [Tenured: 306798K->34333K(349568K), 0.1767381 secs] 464046K->34333K(506816K), [Metaspace: 5350K->5350K(1056768K)], 0.1768241 secs] [Times: user=0.17 sys=0.00, real=0.18 secs] 
2018-03-16T23:58:45.314+0500: 151.238: [GC (Allocation Failure) 2018-03-16T23:58:45.315+0500: 151.238: [DefNew: 139776K->17472K(157248K), 0.2559828 secs] 174109K->174108K(506816K), 0.2560589 secs] [Times: user=0.26 sys=0.00, real=0.26 secs] 
2018-03-16T23:58:45.596+0500: 151.520: [GC (Allocation Failure) 2018-03-16T23:58:45.596+0500: 151.520: [DefNew: 157248K->17472K(157248K), 0.2548358 secs] 313884K->313883K(506816K), 0.2549230 secs] [Times: user=0.26 sys=0.00, real=0.26 secs] 
2018-03-16T23:58:45.877+0500: 151.800: [GC (Allocation Failure) 2018-03-16T23:58:45.877+0500: 151.801: [DefNew: 157248K->157248K(157248K), 0.0000171 secs]2018-03-16T23:58:45.877+0500: 151.801: [Tenured: 296411K->23970K(349568K), 0.1556561 secs] 453659K->23970K(506816K), [Metaspace: 5350K->5350K(1056768K)], 0.1557455 secs] [Times: user=0.16 sys=0.00, real=0.15 secs] 
2018-03-16T23:58:46.060+0500: 151.984: [GC (Allocation Failure) 2018-03-16T23:58:46.060+0500: 151.984: [DefNew: 139776K->17472K(157248K), 0.2634842 secs] 163746K->163745K(506816K), 0.2635595 secs] [Times: user=0.26 sys=0.00, real=0.26 secs] 
2018-03-16T23:58:46.349+0500: 152.273: [GC (Allocation Failure) 2018-03-16T23:58:46.349+0500: 152.273: [DefNew: 157248K->17472K(157248K), 0.2540712 secs] 303521K->303520K(506816K), 0.2541293 secs] [Times: user=0.26 sys=0.00, real=0.25 secs] 
2018-03-16T23:58:46.630+0500: 152.553: [GC (Allocation Failure) 2018-03-16T23:58:46.630+0500: 152.553: [DefNew: 146063K->146063K(157248K), 0.0000163 secs]2018-03-16T23:58:46.630+0500: 152.553: [Tenured: 286048K->776K(349568K), 0.1374432 secs] 432112K->776K(506816K), [Metaspace: 5350K->5350K(1056768K)], 0.1375296 secs] [Times: user=0.14 sys=0.00, real=0.14 secs] 
2018-03-16T23:58:46.794+0500: 152.717: [GC (Allocation Failure) 2018-03-16T23:58:46.794+0500: 152.717: [DefNew: 139776K->17472K(157248K), 0.2256181 secs] 140552K->140551K(506816K), 0.2256809 secs] [Times: user=0.22 sys=0.00, real=0.23 secs] 
2018-03-16T23:58:47.045+0500: 152.968: [GC (Allocation Failure) 2018-03-16T23:58:47.045+0500: 152.968: [DefNew: 157248K->17472K(157248K), 0.2565849 secs] 280327K->280290K(506816K), 0.2566465 secs] [Times: user=0.23 sys=0.00, real=0.26 secs] 
2018-03-16T23:58:47.331+0500: 153.255: [GC (Allocation Failure) 2018-03-16T23:58:47.331+0500: 153.255: [DefNew: 157248K->157248K(157248K), 0.0000175 secs]2018-03-16T23:58:47.331+0500: 153.255: [Tenured: 262818K->205221K(349568K), 0.4721146 secs] 420066K->205221K(506816K), [Metaspace: 5350K->5350K(1056768K)], 0.4722040 secs] [Times: user=0.48 sys=0.00, real=0.47 secs] 
2018-03-16T23:58:47.829+0500: 153.753: [GC (Allocation Failure) 2018-03-16T23:58:47.829+0500: 153.753: [DefNew: 139776K->17472K(157248K), 0.2229499 secs] 344997K->344996K(506816K), 0.2230209 secs] [Times: user=0.22 sys=0.00, real=0.22 secs] 
2018-03-16T23:58:48.079+0500: 154.002: [GC (Allocation Failure) 2018-03-16T23:58:48.079+0500: 154.002: [DefNew: 157248K->157248K(157248K), 0.0000167 secs]2018-03-16T23:58:48.079+0500: 154.002: [Tenured: 327524K->55084K(349568K), 0.2226219 secs] 484772K->55084K(506816K), [Metaspace: 5350K->5350K(1056768K)], 0.2227096 secs] [Times: user=0.22 sys=0.00, real=0.22 secs] 
2018-03-16T23:58:48.331+0500: 154.255: [GC (Allocation Failure) 2018-03-16T23:58:48.331+0500: 154.255: [DefNew: 139776K->17472K(157248K), 0.2562099 secs] 194860K->194859K(506816K), 0.2562727 secs] [Times: user=0.26 sys=0.00, real=0.26 secs] 
2018-03-16T23:58:48.613+0500: 154.537: [GC (Allocation Failure) 2018-03-16T23:58:48.613+0500: 154.537: [DefNew: 157248K->17471K(157248K), 0.2520757 secs] 334635K->334633K(506816K), 0.2521403 secs] [Times: user=0.25 sys=0.00, real=0.25 secs] 
2018-03-16T23:58:48.891+0500: 154.815: [GC (Allocation Failure) 2018-03-16T23:58:48.891+0500: 154.815: [DefNew: 157247K->157247K(157248K), 0.0000167 secs]2018-03-16T23:58:48.891+0500: 154.815: [Tenured: 317162K->44720K(349568K), 0.2011961 secs] 474409K->44720K(506816K), [Metaspace: 5350K->5350K(1056768K)], 0.2013017 secs] [Times: user=0.20 sys=0.00, real=0.20 secs] 
2018-03-16T23:58:49.121+0500: 155.045: [GC (Allocation Failure) 2018-03-16T23:58:49.121+0500: 155.045: [DefNew: 139776K->17471K(157248K), 0.2618224 secs] 184496K->184496K(506816K), 0.2618857 secs] [Times: user=0.27 sys=0.00, real=0.26 secs] 
2018-03-16T23:58:49.421+0500: 155.345: [GC (Allocation Failure) 2018-03-16T23:58:49.421+0500: 155.345: [DefNew: 157247K->17472K(157248K), 0.2900441 secs] 324272K->324270K(506816K), 0.2901425 secs] [Times: user=0.30 sys=0.00, real=0.29 secs] 
2018-03-16T23:58:49.737+0500: 155.661: [GC (Allocation Failure) 2018-03-16T23:58:49.737+0500: 155.661: [DefNew: 157248K->157248K(157248K), 0.0000171 secs]2018-03-16T23:58:49.737+0500: 155.661: [Tenured: 306798K->34333K(349568K), 0.1792339 secs] 464046K->34333K(506816K), [Metaspace: 5350K->5350K(1056768K)], 0.1793314 secs] [Times: user=0.19 sys=0.00, real=0.18 secs] 
2018-03-16T23:58:49.945+0500: 155.869: [GC (Allocation Failure) 2018-03-16T23:58:49.945+0500: 155.869: [DefNew: 139776K->17472K(157248K), 0.3104517 secs] 174109K->174108K(506816K), 0.3105150 secs] [Times: user=0.30 sys=0.00, real=0.31 secs] 
2018-03-16T23:58:50.282+0500: 156.206: [GC (Allocation Failure) 2018-03-16T23:58:50.282+0500: 156.206: [DefNew: 157248K->17472K(157248K), 0.2864433 secs] 313884K->313883K(506816K), 0.2865258 secs] [Times: user=0.30 sys=0.00, real=0.29 secs] 
2018-03-16T23:58:50.594+0500: 156.519: [GC (Allocation Failure) 2018-03-16T23:58:50.594+0500: 156.519: [DefNew: 157248K->157248K(157248K), 0.0000244 secs]2018-03-16T23:58:50.595+0500: 156.519: [Tenured: 296411K->23970K(349568K), 0.1589289 secs] 453659K->23970K(506816K), [Metaspace: 5350K->5350K(1056768K)], 0.1590350 secs] [Times: user=0.16 sys=0.00, real=0.16 secs] 
2018-03-16T23:58:50.782+0500: 156.706: [GC (Allocation Failure) 2018-03-16T23:58:50.782+0500: 156.706: [DefNew: 139776K->17472K(157248K), 0.2952918 secs] 163746K->163745K(506816K), 0.2953560 secs] [Times: user=0.30 sys=0.00, real=0.30 secs] 
2018-03-16T23:58:51.105+0500: 157.029: [GC (Allocation Failure) 2018-03-16T23:58:51.105+0500: 157.029: [DefNew: 157248K->17472K(157248K), 0.2615269 secs] 303521K->303520K(506816K), 0.2615966 secs] [Times: user=0.26 sys=0.00, real=0.26 secs] 
2018-03-16T23:58:51.393+0500: 157.317: [GC (Allocation Failure) 2018-03-16T23:58:51.393+0500: 157.317: [DefNew: 146063K->146063K(157248K), 0.0000163 secs]2018-03-16T23:58:51.393+0500: 157.317: [Tenured: 286048K->776K(349568K), 0.1383507 secs] 432112K->776K(506816K), [Metaspace: 5350K->5350K(1056768K)], 0.1384422 secs] [Times: user=0.14 sys=0.00, real=0.14 secs] 
2018-03-16T23:58:51.557+0500: 157.481: [GC (Allocation Failure) 2018-03-16T23:58:51.557+0500: 157.481: [DefNew: 139776K->17472K(157248K), 0.2427400 secs] 140552K->140551K(506816K), 0.2428110 secs] [Times: user=0.23 sys=0.00, real=0.24 secs] 
2018-03-16T23:58:51.827+0500: 157.751: [GC (Allocation Failure) 2018-03-16T23:58:51.827+0500: 157.751: [DefNew: 157248K->17472K(157248K), 0.2613571 secs] 280327K->280290K(506816K), 0.2614200 secs] [Times: user=0.26 sys=0.00, real=0.26 secs] 
2018-03-16T23:58:52.117+0500: 158.042: [GC (Allocation Failure) 2018-03-16T23:58:52.118+0500: 158.042: [DefNew: 157248K->157248K(157248K), 0.0000239 secs]2018-03-16T23:58:52.118+0500: 158.042: [Tenured: 262818K->205221K(349568K), 0.5496649 secs] 420066K->205221K(506816K), [Metaspace: 5350K->5350K(1056768K)], 0.5498779 secs] [Times: user=0.55 sys=0.00, real=0.55 secs] 
2018-03-16T23:58:52.694+0500: 158.618: [GC (Allocation Failure) 2018-03-16T23:58:52.694+0500: 158.618: [DefNew: 139776K->17472K(157248K), 0.2328916 secs] 344997K->344996K(506816K), 0.2329549 secs] [Times: user=0.22 sys=0.00, real=0.23 secs] 
2018-03-16T23:58:52.954+0500: 158.878: [GC (Allocation Failure) 2018-03-16T23:58:52.954+0500: 158.878: [DefNew: 157248K->157248K(157248K), 0.0000167 secs]2018-03-16T23:58:52.954+0500: 158.878: [Tenured: 327524K->55084K(349568K), 0.2315920 secs] 484772K->55084K(506816K), [Metaspace: 5350K->5350K(1056768K)], 0.2316818 secs] [Times: user=0.22 sys=0.00, real=0.23 secs] 
2018-03-16T23:58:53.217+0500: 159.141: [GC (Allocation Failure) 2018-03-16T23:58:53.217+0500: 159.141: [DefNew: 139776K->17472K(157248K), 0.2703194 secs] 194860K->194859K(506816K), 0.2703981 secs] [Times: user=0.26 sys=0.00, real=0.27 secs] 
2018-03-16T23:58:53.514+0500: 159.439: [GC (Allocation Failure) 2018-03-16T23:58:53.514+0500: 159.439: [DefNew: 157248K->17471K(157248K), 0.3485569 secs] 334635K->334633K(506816K), 0.3486267 secs] [Times: user=0.34 sys=0.00, real=0.35 secs] 
2018-03-16T23:58:53.916+0500: 159.840: [GC (Allocation Failure) 2018-03-16T23:58:53.916+0500: 159.840: [DefNew: 157247K->157247K(157248K), 0.0000222 secs]2018-03-16T23:58:53.916+0500: 159.840: [Tenured: 317162K->44720K(349568K), 0.2623959 secs] 474409K->44720K(506816K), [Metaspace: 5350K->5350K(1056768K)], 0.2625105 secs] [Times: user=0.27 sys=0.00, real=0.26 secs] 
2018-03-16T23:58:54.232+0500: 160.155: [GC (Allocation Failure) 2018-03-16T23:58:54.232+0500: 160.156: [DefNew: 139776K->17471K(157248K), 0.3359878 secs] 184496K->184496K(506816K), 0.3360934 secs] [Times: user=0.33 sys=0.00, real=0.34 secs] 
2018-03-16T23:58:54.599+0500: 160.523: [GC (Allocation Failure) 2018-03-16T23:58:54.599+0500: 160.523: [DefNew: 157247K->17472K(157248K), 0.2936317 secs] 324272K->324270K(506816K), 0.2936954 secs] [Times: user=0.30 sys=0.00, real=0.29 secs] 
2018-03-16T23:58:54.919+0500: 160.843: [GC (Allocation Failure) 2018-03-16T23:58:54.919+0500: 160.843: [DefNew: 157248K->157248K(157248K), 0.0000154 secs]2018-03-16T23:58:54.919+0500: 160.843: [Tenured: 306798K->34333K(349568K), 0.1794884 secs] 464046K->34333K(506816K), [Metaspace: 5350K->5350K(1056768K)], 0.1795722 secs] [Times: user=0.17 sys=0.00, real=0.18 secs] 
2018-03-16T23:58:55.128+0500: 161.052: [GC (Allocation Failure) 2018-03-16T23:58:55.128+0500: 161.052: [DefNew: 139776K->17472K(157248K), 0.2571571 secs] 174109K->174108K(506816K), 0.2572191 secs] [Times: user=0.27 sys=0.00, real=0.26 secs] 
2018-03-16T23:58:55.411+0500: 161.335: [GC (Allocation Failure) 2018-03-16T23:58:55.411+0500: 161.335: [DefNew: 157248K->17472K(157248K), 0.2702052 secs] 313884K->313883K(506816K), 0.2702784 secs] [Times: user=0.28 sys=0.00, real=0.27 secs] 
2018-03-16T23:58:55.726+0500: 161.650: [GC (Allocation Failure) 2018-03-16T23:58:55.726+0500: 161.650: [DefNew: 157248K->157248K(157248K), 0.0000205 secs]2018-03-16T23:58:55.726+0500: 161.650: [Tenured: 296411K->23970K(349568K), 0.1693731 secs] 453659K->23970K(506816K), [Metaspace: 5350K->5350K(1056768K)], 0.1694749 secs] [Times: user=0.16 sys=0.00, real=0.17 secs] 
2018-03-16T23:58:55.928+0500: 161.852: [GC (Allocation Failure) 2018-03-16T23:58:55.928+0500: 161.852: [DefNew: 139776K->17472K(157248K), 0.2742757 secs] 163746K->163745K(506816K), 0.2743513 secs] [Times: user=0.27 sys=0.00, real=0.27 secs] 
2018-03-16T23:58:56.231+0500: 162.155: [GC (Allocation Failure) 2018-03-16T23:58:56.231+0500: 162.155: [DefNew: 157248K->17472K(157248K), 0.2600716 secs] 303521K->303520K(506816K), 0.2601340 secs] [Times: user=0.27 sys=0.00, real=0.26 secs] 
2018-03-16T23:58:56.523+0500: 162.446: [GC (Allocation Failure) 2018-03-16T23:58:56.523+0500: 162.446: [DefNew: 146063K->146063K(157248K), 0.0000346 secs]2018-03-16T23:58:56.523+0500: 162.446: [Tenured: 286048K->776K(349568K), 0.1519718 secs] 432112K->776K(506816K), [Metaspace: 5350K->5350K(1056768K)], 0.1521151 secs] [Times: user=0.14 sys=0.00, real=0.15 secs] 
2018-03-16T23:58:56.709+0500: 162.632: [GC (Allocation Failure) 2018-03-16T23:58:56.709+0500: 162.633: [DefNew: 139776K->17472K(157248K), 0.3208501 secs] 140552K->140551K(506816K), 0.3209468 secs] [Times: user=0.33 sys=0.00, real=0.32 secs] 
2018-03-16T23:58:57.065+0500: 162.989: [GC (Allocation Failure) 2018-03-16T23:58:57.065+0500: 162.989: [DefNew: 157248K->17472K(157248K), 0.3754696 secs] 280327K->280290K(506816K), 0.3755415 secs] [Times: user=0.38 sys=0.00, real=0.38 secs] 
2018-03-16T23:58:57.491+0500: 163.415: [GC (Allocation Failure) 2018-03-16T23:58:57.491+0500: 163.415: [DefNew: 157248K->157248K(157248K), 0.0000248 secs]2018-03-16T23:58:57.491+0500: 163.415: [Tenured: 262818K->205221K(349568K), 0.6285683 secs] 420066K->205221K(506816K), [Metaspace: 5350K->5350K(1056768K)], 0.6287509 secs] [Times: user=0.63 sys=0.00, real=0.63 secs] 
2018-03-16T23:58:58.171+0500: 164.094: [GC (Allocation Failure) 2018-03-16T23:58:58.171+0500: 164.094: [DefNew: 139776K->17472K(157248K), 0.3632888 secs] 344997K->344996K(506816K), 0.3633674 secs] [Times: user=0.36 sys=0.00, real=0.36 secs] 
2018-03-16T23:58:58.580+0500: 164.504: [GC (Allocation Failure) 2018-03-16T23:58:58.580+0500: 164.504: [DefNew: 157248K->157248K(157248K), 0.0000278 secs]2018-03-16T23:58:58.580+0500: 164.504: [Tenured: 327524K->55084K(349568K), 0.2697630 secs] 484772K->55084K(506816K), [Metaspace: 5350K->5350K(1056768K)], 0.2698901 secs] [Times: user=0.28 sys=0.00, real=0.27 secs] 
2018-03-16T23:58:58.891+0500: 164.815: [GC (Allocation Failure) 2018-03-16T23:58:58.891+0500: 164.815: [DefNew: 139776K->17472K(157248K), 0.3601382 secs] 194860K->194859K(506816K), 0.3602084 secs] [Times: user=0.36 sys=0.00, real=0.36 secs] 
2018-03-16T23:58:59.288+0500: 165.212: [GC (Allocation Failure) 2018-03-16T23:58:59.288+0500: 165.212: [DefNew: 157248K->17471K(157248K), 0.2683621 secs] 334635K->334633K(506816K), 0.2684301 secs] [Times: user=0.26 sys=0.00, real=0.27 secs] 
2018-03-16T23:58:59.586+0500: 165.509: [GC (Allocation Failure) 2018-03-16T23:58:59.586+0500: 165.509: [DefNew: 157247K->157247K(157248K), 0.0000163 secs]2018-03-16T23:58:59.586+0500: 165.509: [Tenured: 317162K->44720K(349568K), 0.2072290 secs] 474409K->44720K(506816K), [Metaspace: 5350K->5350K(1056768K)], 0.2073329 secs] [Times: user=0.20 sys=0.00, real=0.21 secs] 
2018-03-16T23:58:59.831+0500: 165.755: [GC (Allocation Failure) 2018-03-16T23:58:59.831+0500: 165.755: [DefNew: 139776K->17471K(157248K), 0.2714578 secs] 184496K->184496K(506816K), 0.2715216 secs] [Times: user=0.26 sys=0.00, real=0.27 secs] 
2018-03-16T23:59:00.129+0500: 166.053: [GC (Allocation Failure) 2018-03-16T23:59:00.129+0500: 166.053: [DefNew: 157247K->17472K(157248K), 0.2555496 secs] 324272K->324270K(506816K), 0.2556265 secs] [Times: user=0.27 sys=0.00, real=0.26 secs] 
2018-03-16T23:59:00.410+0500: 166.335: [GC (Allocation Failure) 2018-03-16T23:59:00.410+0500: 166.335: [DefNew: 157248K->157248K(157248K), 0.0000175 secs]2018-03-16T23:59:00.411+0500: 166.335: [Tenured: 306798K->34333K(349568K), 0.1794405 secs] 464046K->34333K(506816K), [Metaspace: 5350K->5350K(1056768K)], 0.1795534 secs] [Times: user=0.17 sys=0.00, real=0.18 secs] 
2018-03-16T23:59:00.619+0500: 166.543: [GC (Allocation Failure) 2018-03-16T23:59:00.619+0500: 166.543: [DefNew: 139776K->17472K(157248K), 0.2578392 secs] 174109K->174108K(506816K), 0.2579273 secs] [Times: user=0.25 sys=0.00, real=0.26 secs] 
2018-03-16T23:59:00.903+0500: 166.826: [GC (Allocation Failure) 2018-03-16T23:59:00.903+0500: 166.826: [DefNew: 157248K->17472K(157248K), 0.2589306 secs] 313884K->313883K(506816K), 0.2589930 secs] [Times: user=0.25 sys=0.00, real=0.26 secs] 
2018-03-16T23:59:01.187+0500: 167.111: [GC (Allocation Failure) 2018-03-16T23:59:01.187+0500: 167.111: [DefNew: 157248K->157248K(157248K), 0.0000167 secs]2018-03-16T23:59:01.187+0500: 167.111: [Tenured: 296411K->23970K(349568K), 0.1577661 secs] 453659K->23970K(506816K), [Metaspace: 5350K->5350K(1056768K)], 0.1578538 secs] [Times: user=0.16 sys=0.00, real=0.16 secs] 
2018-03-16T23:59:01.376+0500: 167.300: [GC (Allocation Failure) 2018-03-16T23:59:01.376+0500: 167.300: [DefNew: 139776K->17472K(157248K), 0.2710366 secs] 163746K->163745K(506816K), 0.2711050 secs] [Times: user=0.28 sys=0.00, real=0.27 secs] 
2018-03-16T23:59:01.672+0500: 167.596: [GC (Allocation Failure) 2018-03-16T23:59:01.672+0500: 167.596: [DefNew: 157248K->17472K(157248K), 0.2547947 secs] 303521K->303520K(506816K), 0.2548559 secs] [Times: user=0.25 sys=0.00, real=0.26 secs] 
2018-03-16T23:59:01.953+0500: 167.877: [GC (Allocation Failure) 2018-03-16T23:59:01.953+0500: 167.877: [DefNew: 146063K->146063K(157248K), 0.0000158 secs]2018-03-16T23:59:01.953+0500: 167.877: [Tenured: 286048K->776K(349568K), 0.1367221 secs] 432112K->776K(506816K), [Metaspace: 5350K->5350K(1056768K)], 0.1368072 secs] [Times: user=0.14 sys=0.00, real=0.14 secs] 
2018-03-16T23:59:02.115+0500: 168.039: [GC (Allocation Failure) 2018-03-16T23:59:02.115+0500: 168.039: [DefNew: 139776K->17472K(157248K), 0.2285278 secs] 140552K->140551K(506816K), 0.2286052 secs] [Times: user=0.22 sys=0.00, real=0.23 secs] 
2018-03-16T23:59:02.372+0500: 168.296: [GC (Allocation Failure) 2018-03-16T23:59:02.372+0500: 168.296: [DefNew: 157248K->17472K(157248K), 0.2814684 secs] 280327K->280290K(506816K), 0.2815556 secs] [Times: user=0.28 sys=0.00, real=0.28 secs] 
2018-03-16T23:59:02.682+0500: 168.606: [GC (Allocation Failure) 2018-03-16T23:59:02.682+0500: 168.606: [DefNew: 157248K->157248K(157248K), 0.0000171 secs]2018-03-16T23:59:02.682+0500: 168.606: [Tenured: 262818K->205221K(349568K), 0.4735605 secs] 420066K->205221K(506816K), [Metaspace: 5350K->5350K(1056768K)], 0.4736503 secs] [Times: user=0.47 sys=0.00, real=0.47 secs] 
2018-03-16T23:59:03.181+0500: 169.105: [GC (Allocation Failure) 2018-03-16T23:59:03.181+0500: 169.105: [DefNew: 139776K->17472K(157248K), 0.2285702 secs] 344997K->344996K(506816K), 0.2286318 secs] [Times: user=0.22 sys=0.00, real=0.23 secs] 
2018-03-16T23:59:03.436+0500: 169.360: [GC (Allocation Failure) 2018-03-16T23:59:03.436+0500: 169.360: [DefNew: 157248K->157248K(157248K), 0.0000167 secs]2018-03-16T23:59:03.436+0500: 169.360: [Tenured: 327524K->55084K(349568K), 0.2270580 secs] 484772K->55084K(506816K), [Metaspace: 5350K->5350K(1056768K)], 0.2271649 secs] [Times: user=0.23 sys=0.00, real=0.23 secs] 
2018-03-16T23:59:03.694+0500: 169.617: [GC (Allocation Failure) 2018-03-16T23:59:03.694+0500: 169.617: [DefNew: 139776K->17472K(157248K), 0.2740280 secs] 194860K->194859K(506816K), 0.2740973 secs] [Times: user=0.26 sys=0.00, real=0.27 secs] 
2018-03-16T23:59:03.994+0500: 169.917: [GC (Allocation Failure) 2018-03-16T23:59:03.994+0500: 169.917: [DefNew: 157248K->17471K(157248K), 0.2663354 secs] 334635K->334633K(506816K), 0.2664047 secs] [Times: user=0.27 sys=0.00, real=0.27 secs] 
2018-03-16T23:59:04.286+0500: 170.210: [GC (Allocation Failure) 2018-03-16T23:59:04.286+0500: 170.210: [DefNew: 157247K->157247K(157248K), 0.0000171 secs]2018-03-16T23:59:04.286+0500: 170.210: [Tenured: 317162K->44720K(349568K), 0.2066824 secs] 474409K->44720K(506816K), [Metaspace: 5350K->5350K(1056768K)], 0.2067748 secs] [Times: user=0.22 sys=0.00, real=0.21 secs] 
2018-03-16T23:59:04.530+0500: 170.454: [GC (Allocation Failure) 2018-03-16T23:59:04.530+0500: 170.454: [DefNew: 139776K->17471K(157248K), 0.3068517 secs] 184496K->184496K(506816K), 0.3069172 secs] [Times: user=0.31 sys=0.00, real=0.31 secs] 
2018-03-16T23:59:04.867+0500: 170.792: [GC (Allocation Failure) 2018-03-16T23:59:04.867+0500: 170.792: [DefNew: 157247K->17472K(157248K), 0.2661900 secs] 324272K->324270K(506816K), 0.2663080 secs] [Times: user=0.27 sys=0.00, real=0.27 secs] 
2018-03-16T23:59:05.164+0500: 171.087: [GC (Allocation Failure) 2018-03-16T23:59:05.164+0500: 171.088: [DefNew: 157248K->157248K(157248K), 0.0000248 secs]2018-03-16T23:59:05.164+0500: 171.088: [Tenured: 306798K->34333K(349568K), 0.1908917 secs] 464046K->34333K(506816K), [Metaspace: 5350K->5350K(1056768K)], 0.1910042 secs] [Times: user=0.19 sys=0.00, real=0.19 secs] 
2018-03-16T23:59:05.390+0500: 171.314: [GC (Allocation Failure) 2018-03-16T23:59:05.390+0500: 171.314: [DefNew: 139776K->17472K(157248K), 0.2982136 secs] 174109K->174108K(506816K), 0.2982850 secs] [Times: user=0.30 sys=0.00, real=0.30 secs] 
2018-03-16T23:59:05.741+0500: 171.665: [GC (Allocation Failure) 2018-03-16T23:59:05.741+0500: 171.665: [DefNew: 157248K->17472K(157248K), 0.2691904 secs] 313884K->313883K(506816K), 0.2692678 secs] [Times: user=0.27 sys=0.00, real=0.27 secs] 
2018-03-16T23:59:06.036+0500: 171.960: [GC (Allocation Failure) 2018-03-16T23:59:06.036+0500: 171.960: [DefNew: 157248K->157248K(157248K), 0.0000163 secs]2018-03-16T23:59:06.036+0500: 171.960: [Tenured: 296411K->23970K(349568K), 0.1563168 secs] 453659K->23970K(506816K), [Metaspace: 5350K->5350K(1056768K)], 0.1564049 secs] [Times: user=0.16 sys=0.00, real=0.16 secs] 
2018-03-16T23:59:06.223+0500: 172.147: [GC (Allocation Failure) 2018-03-16T23:59:06.223+0500: 172.147: [DefNew: 139776K->17472K(157248K), 0.2764186 secs] 163746K->163745K(506816K), 0.2764806 secs] [Times: user=0.28 sys=0.00, real=0.28 secs] 
2018-03-16T23:59:06.526+0500: 172.450: [GC (Allocation Failure) 2018-03-16T23:59:06.526+0500: 172.450: [DefNew: 157248K->17472K(157248K), 0.2602845 secs] 303521K->303520K(506816K), 0.2603474 secs] [Times: user=0.25 sys=0.00, real=0.26 secs] 
2018-03-16T23:59:06.814+0500: 172.737: [GC (Allocation Failure) 2018-03-16T23:59:06.814+0500: 172.737: [DefNew: 146063K->146063K(157248K), 0.0000175 secs]2018-03-16T23:59:06.814+0500: 172.737: [Tenured: 286048K->776K(349568K), 0.1376087 secs] 432112K->776K(506816K), [Metaspace: 5350K->5350K(1056768K)], 0.1376981 secs] [Times: user=0.14 sys=0.00, real=0.14 secs] 
2018-03-16T23:59:06.979+0500: 172.903: [GC (Allocation Failure) 2018-03-16T23:59:06.979+0500: 172.903: [DefNew: 139776K->17472K(157248K), 0.2385324 secs] 140552K->140551K(506816K), 0.2386004 secs] [Times: user=0.23 sys=0.00, real=0.24 secs] 
2018-03-16T23:59:07.243+0500: 173.167: [GC (Allocation Failure) 2018-03-16T23:59:07.243+0500: 173.167: [DefNew: 157248K->17472K(157248K), 0.2560786 secs] 280327K->280290K(506816K), 0.2561393 secs] [Times: user=0.25 sys=0.00, real=0.26 secs] 
2018-03-16T23:59:07.527+0500: 173.451: [GC (Allocation Failure) 2018-03-16T23:59:07.527+0500: 173.451: [DefNew: 157248K->157248K(157248K), 0.0000158 secs]2018-03-16T23:59:07.527+0500: 173.451: [Tenured: 262818K->205221K(349568K), 0.4779393 secs] 420066K->205221K(506816K), [Metaspace: 5350K->5350K(1056768K)], 0.4780287 secs] [Times: user=0.45 sys=0.00, real=0.48 secs] 
2018-03-16T23:59:08.032+0500: 173.956: [GC (Allocation Failure) 2018-03-16T23:59:08.032+0500: 173.956: [DefNew: 139776K->17472K(157248K), 0.2323006 secs] 344997K->344996K(506816K), 0.2324135 secs] [Times: user=0.23 sys=0.00, real=0.23 secs] 
2018-03-16T23:59:08.290+0500: 174.214: [GC (Allocation Failure) 2018-03-16T23:59:08.290+0500: 174.214: [DefNew: 157248K->157248K(157248K), 0.0000158 secs]2018-03-16T23:59:08.290+0500: 174.214: [Tenured: 327524K->55084K(349568K), 0.2228323 secs] 484772K->55084K(506816K), [Metaspace: 5350K->5350K(1056768K)], 0.2229277 secs] [Times: user=0.22 sys=0.00, real=0.22 secs] 
2018-03-16T23:59:08.544+0500: 174.468: [GC (Allocation Failure) 2018-03-16T23:59:08.544+0500: 174.468: [DefNew: 139776K->17472K(157248K), 0.2614200 secs] 194860K->194859K(506816K), 0.2614807 secs] [Times: user=0.27 sys=0.00, real=0.26 secs] 
2018-03-16T23:59:08.831+0500: 174.756: [GC (Allocation Failure) 2018-03-16T23:59:08.831+0500: 174.756: [DefNew: 157248K->17471K(157248K), 0.2526407 secs] 334635K->334633K(506816K), 0.2527027 secs] [Times: user=0.27 sys=0.00, real=0.25 secs] 
2018-03-16T23:59:09.110+0500: 175.035: [GC (Allocation Failure) 2018-03-16T23:59:09.111+0500: 175.035: [DefNew: 157247K->157247K(157248K), 0.0000261 secs]2018-03-16T23:59:09.111+0500: 175.035: [Tenured: 317162K->44720K(349568K), 0.2004331 secs] 474409K->44720K(506816K), [Metaspace: 5350K->5350K(1056768K)], 0.2005520 secs] [Times: user=0.20 sys=0.00, real=0.20 secs] 
2018-03-16T23:59:09.341+0500: 175.265: [GC (Allocation Failure) 2018-03-16T23:59:09.341+0500: 175.265: [DefNew: 139776K->17471K(157248K), 0.2560003 secs] 184496K->184496K(506816K), 0.2560602 secs] [Times: user=0.25 sys=0.00, real=0.26 secs] 
2018-03-16T23:59:09.623+0500: 175.546: [GC (Allocation Failure) 2018-03-16T23:59:09.623+0500: 175.546: [DefNew: 157247K->17472K(157248K), 0.2505417 secs] 324272K->324270K(506816K), 0.2506033 secs] [Times: user=0.25 sys=0.00, real=0.25 secs] 
2018-03-16T23:59:09.899+0500: 175.823: [GC (Allocation Failure) 2018-03-16T23:59:09.899+0500: 175.823: [DefNew: 157248K->157248K(157248K), 0.0000158 secs]2018-03-16T23:59:09.899+0500: 175.823: [Tenured: 306798K->34333K(349568K), 0.1769049 secs] 464046K->34333K(506816K), [Metaspace: 5350K->5350K(1056768K)], 0.1769926 secs] [Times: user=0.17 sys=0.00, real=0.18 secs] 
2018-03-16T23:59:10.104+0500: 176.028: [GC (Allocation Failure) 2018-03-16T23:59:10.104+0500: 176.029: [DefNew: 139776K->17472K(157248K), 0.2547969 secs] 174109K->174108K(506816K), 0.2548593 secs] [Times: user=0.25 sys=0.00, real=0.25 secs] 
2018-03-16T23:59:10.385+0500: 176.309: [GC (Allocation Failure) 2018-03-16T23:59:10.385+0500: 176.309: [DefNew: 157248K->17472K(157248K), 0.2533001 secs] 313884K->313883K(506816K), 0.2533929 secs] [Times: user=0.25 sys=0.00, real=0.25 secs] 
2018-03-16T23:59:10.664+0500: 176.588: [GC (Allocation Failure) 2018-03-16T23:59:10.664+0500: 176.588: [DefNew: 157248K->157248K(157248K), 0.0000154 secs]2018-03-16T23:59:10.664+0500: 176.588: [Tenured: 296411K->23970K(349568K), 0.1550467 secs] 453659K->23970K(506816K), [Metaspace: 5350K->5350K(1056768K)], 0.1551301 secs] [Times: user=0.16 sys=0.00, real=0.15 secs] 
2018-03-16T23:59:10.847+0500: 176.771: [GC (Allocation Failure) 2018-03-16T23:59:10.847+0500: 176.771: [DefNew: 139776K->17472K(157248K), 0.2576211 secs] 163746K->163745K(506816K), 0.2576921 secs] [Times: user=0.26 sys=0.00, real=0.26 secs] 
2018-03-16T23:59:11.130+0500: 177.054: [GC (Allocation Failure) 2018-03-16T23:59:11.130+0500: 177.054: [DefNew: 157248K->17472K(157248K), 0.2535507 secs] 303521K->303520K(506816K), 0.2536101 secs] [Times: user=0.26 sys=0.00, real=0.25 secs] 
2018-03-16T23:59:11.409+0500: 177.333: [GC (Allocation Failure) 2018-03-16T23:59:11.409+0500: 177.333: [DefNew: 146063K->146063K(157248K), 0.0000167 secs]2018-03-16T23:59:11.409+0500: 177.333: [Tenured: 286048K->776K(349568K), 0.1366939 secs] 432112K->776K(506816K), [Metaspace: 5350K->5350K(1056768K)], 0.1367795 secs] [Times: user=0.14 sys=0.00, real=0.14 secs] 
2018-03-16T23:59:11.571+0500: 177.495: [GC (Allocation Failure) 2018-03-16T23:59:11.571+0500: 177.495: [DefNew: 139776K->17472K(157248K), 0.2256425 secs] 140552K->140551K(506816K), 0.2257040 secs] [Times: user=0.22 sys=0.00, real=0.23 secs] 
2018-03-16T23:59:11.822+0500: 177.747: [GC (Allocation Failure) 2018-03-16T23:59:11.822+0500: 177.747: [DefNew: 157248K->17472K(157248K), 0.2550496 secs] 280327K->280290K(506816K), 0.2551104 secs] [Times: user=0.25 sys=0.00, real=0.26 secs] 
2018-03-16T23:59:12.107+0500: 178.030: [GC (Allocation Failure) 2018-03-16T23:59:12.107+0500: 178.030: [DefNew: 157248K->157248K(157248K), 0.0000205 secs]2018-03-16T23:59:12.107+0500: 178.030: [Tenured: 262818K->205221K(349568K), 0.4735862 secs] 420066K->205221K(506816K), [Metaspace: 5350K->5350K(1056768K)], 0.4736880 secs] [Times: user=0.47 sys=0.00, real=0.47 secs] 
2018-03-16T23:59:12.607+0500: 178.531: [GC (Allocation Failure) 2018-03-16T23:59:12.607+0500: 178.531: [DefNew: 139776K->17472K(157248K), 0.2242774 secs] 344997K->344996K(506816K), 0.2243398 secs] [Times: user=0.22 sys=0.00, real=0.22 secs] 
2018-03-16T23:59:12.857+0500: 178.781: [GC (Allocation Failure) 2018-03-16T23:59:12.857+0500: 178.781: [DefNew: 157248K->157248K(157248K), 0.0000158 secs]2018-03-16T23:59:12.857+0500: 178.781: [Tenured: 327524K->55084K(349568K), 0.2232617 secs] 484772K->55084K(506816K), [Metaspace: 5350K->5350K(1056768K)], 0.2233494 secs] [Times: user=0.22 sys=0.00, real=0.22 secs] 
2018-03-16T23:59:13.110+0500: 179.034: [GC (Allocation Failure) 2018-03-16T23:59:13.110+0500: 179.034: [DefNew: 139776K->17472K(157248K), 0.2541922 secs] 194860K->194859K(506816K), 0.2542533 secs] [Times: user=0.25 sys=0.00, real=0.25 secs] 
2018-03-16T23:59:13.389+0500: 179.314: [GC (Allocation Failure) 2018-03-16T23:59:13.389+0500: 179.314: [DefNew: 157248K->17471K(157248K), 0.2520796 secs] 334635K->334633K(506816K), 0.2521407 secs] [Times: user=0.25 sys=0.00, real=0.25 secs] 
2018-03-16T23:59:13.668+0500: 179.591: [GC (Allocation Failure) 2018-03-16T23:59:13.668+0500: 179.591: [DefNew: 157247K->157247K(157248K), 0.0000175 secs]2018-03-16T23:59:13.668+0500: 179.592: [Tenured: 317162K->44720K(349568K), 0.1988102 secs] 474409K->44720K(506816K), [Metaspace: 5350K->5350K(1056768K)], 0.1989261 secs] [Times: user=0.20 sys=0.00, real=0.20 secs] 
2018-03-16T23:59:13.895+0500: 179.819: [GC (Allocation Failure) 2018-03-16T23:59:13.895+0500: 179.819: [DefNew: 139776K->17471K(157248K), 0.2583789 secs] 184496K->184496K(506816K), 0.2584512 secs] [Times: user=0.27 sys=0.00, real=0.26 secs] 
2018-03-16T23:59:14.180+0500: 180.104: [GC (Allocation Failure) 2018-03-16T23:59:14.180+0500: 180.104: [DefNew: 157247K->17472K(157248K), 0.2563116 secs] 324272K->324270K(506816K), 0.2563831 secs] [Times: user=0.25 sys=0.00, real=0.26 secs] 
2018-03-16T23:59:14.462+0500: 180.386: [GC (Allocation Failure) 2018-03-16T23:59:14.462+0500: 180.386: [DefNew: 157248K->157248K(157248K), 0.0000214 secs]2018-03-16T23:59:14.462+0500: 180.386: [Tenured: 306798K->34333K(349568K), 0.1911133 secs] 464046K->34333K(506816K), [Metaspace: 5350K->5350K(1056768K)], 0.1912193 secs] [Times: user=0.19 sys=0.00, real=0.19 secs] 
2018-03-16T23:59:14.685+0500: 180.609: [GC (Allocation Failure) 2018-03-16T23:59:14.685+0500: 180.609: [DefNew: 139776K->17472K(157248K), 0.2610248 secs] 174109K->174108K(506816K), 0.2610949 secs] [Times: user=0.27 sys=0.00, real=0.26 secs] 
2018-03-16T23:59:14.975+0500: 180.898: [GC (Allocation Failure) 2018-03-16T23:59:14.975+0500: 180.898: [DefNew: 157248K->17472K(157248K), 0.2736243 secs] 313884K->313883K(506816K), 0.2736868 secs] [Times: user=0.25 sys=0.00, real=0.27 secs] 
2018-03-16T23:59:15.279+0500: 181.203: [GC (Allocation Failure) 2018-03-16T23:59:15.279+0500: 181.203: [DefNew: 157248K->157248K(157248K), 0.0000150 secs]2018-03-16T23:59:15.279+0500: 181.203: [Tenured: 296411K->23970K(349568K), 0.1565503 secs] 453659K->23970K(506816K), [Metaspace: 5350K->5350K(1056768K)], 0.1566354 secs] [Times: user=0.16 sys=0.00, real=0.16 secs] 
2018-03-16T23:59:15.464+0500: 181.388: [GC (Allocation Failure) 2018-03-16T23:59:15.464+0500: 181.388: [DefNew: 139776K->17472K(157248K), 0.2586201 secs] 163746K->163745K(506816K), 0.2586907 secs] [Times: user=0.25 sys=0.00, real=0.26 secs] 
2018-03-16T23:59:15.749+0500: 181.674: [GC (Allocation Failure) 2018-03-16T23:59:15.750+0500: 181.674: [DefNew: 157248K->17472K(157248K), 0.2648112 secs] 303521K->303520K(506816K), 0.2648891 secs] [Times: user=0.27 sys=0.00, real=0.26 secs] 
2018-03-16T23:59:16.040+0500: 181.964: [GC (Allocation Failure) 2018-03-16T23:59:16.040+0500: 181.964: [DefNew: 146063K->146063K(157248K), 0.0000214 secs]2018-03-16T23:59:16.040+0500: 181.964: [Tenured: 286048K->776K(349568K), 0.1399697 secs] 432112K->776K(506816K), [Metaspace: 5350K->5350K(1056768K)], 0.1401032 secs] [Times: user=0.14 sys=0.00, real=0.14 secs] 
2018-03-16T23:59:16.208+0500: 182.132: [GC (Allocation Failure) 2018-03-16T23:59:16.208+0500: 182.132: [DefNew: 139776K->17472K(157248K), 0.2256613 secs] 140552K->140551K(506816K), 0.2257241 secs] [Times: user=0.23 sys=0.00, real=0.23 secs] 
2018-03-16T23:59:16.461+0500: 182.384: [GC (Allocation Failure) 2018-03-16T23:59:16.461+0500: 182.384: [DefNew: 157248K->17472K(157248K), 0.2593112 secs] 280327K->280290K(506816K), 0.2593715 secs] [Times: user=0.25 sys=0.00, real=0.26 secs] 
2018-03-16T23:59:16.749+0500: 182.673: [GC (Allocation Failure) 2018-03-16T23:59:16.749+0500: 182.673: [DefNew: 157248K->157248K(157248K), 0.0000167 secs]2018-03-16T23:59:16.749+0500: 182.673: [Tenured: 262818K->205221K(349568K), 0.4912812 secs] 420066K->205221K(506816K), [Metaspace: 5350K->5350K(1056768K)], 0.4913680 secs] [Times: user=0.49 sys=0.00, real=0.49 secs] 
2018-03-16T23:59:17.268+0500: 183.192: [GC (Allocation Failure) 2018-03-16T23:59:17.268+0500: 183.192: [DefNew: 139776K->17472K(157248K), 0.2292831 secs] 344997K->344996K(506816K), 0.2293451 secs] [Times: user=0.24 sys=0.00, real=0.23 secs] 
2018-03-16T23:59:17.523+0500: 183.448: [GC (Allocation Failure) 2018-03-16T23:59:17.523+0500: 183.448: [DefNew: 157248K->157248K(157248K), 0.0000210 secs]2018-03-16T23:59:17.524+0500: 183.448: [Tenured: 327524K->55084K(349568K), 0.2325781 secs] 484772K->55084K(506816K), [Metaspace: 5350K->5350K(1056768K)], 0.2326868 secs] [Times: user=0.23 sys=0.00, real=0.23 secs] 
2018-03-16T23:59:17.786+0500: 183.710: [GC (Allocation Failure) 2018-03-16T23:59:17.786+0500: 183.710: [DefNew: 139776K->17472K(157248K), 0.2559563 secs] 194860K->194859K(506816K), 0.2560200 secs] [Times: user=0.26 sys=0.00, real=0.26 secs] 
2018-03-16T23:59:18.068+0500: 183.991: [GC (Allocation Failure) 2018-03-16T23:59:18.068+0500: 183.991: [DefNew: 157248K->17471K(157248K), 0.2625956 secs] 334635K->334633K(506816K), 0.2626905 secs] [Times: user=0.27 sys=0.00, real=0.26 secs] 
2018-03-16T23:59:18.358+0500: 184.282: [GC (Allocation Failure) 2018-03-16T23:59:18.358+0500: 184.282: [DefNew: 157247K->157247K(157248K), 0.0000158 secs]2018-03-16T23:59:18.358+0500: 184.282: [Tenured: 317162K->44720K(349568K), 0.2077430 secs] 474409K->44720K(506816K), [Metaspace: 5350K->5350K(1056768K)], 0.2078533 secs] [Times: user=0.19 sys=0.00, real=0.21 secs] 
2018-03-16T23:59:18.596+0500: 184.520: [GC (Allocation Failure) 2018-03-16T23:59:18.596+0500: 184.520: [DefNew: 139776K->17471K(157248K), 0.2725963 secs] 184496K->184496K(506816K), 0.2726882 secs] [Times: user=0.28 sys=0.00, real=0.27 secs] 
2018-03-16T23:59:18.898+0500: 184.822: [GC (Allocation Failure) 2018-03-16T23:59:18.898+0500: 184.822: [DefNew: 157247K->17472K(157248K), 0.2574885 secs] 324272K->324270K(506816K), 0.2575488 secs] [Times: user=0.25 sys=0.00, real=0.26 secs] 
2018-03-16T23:59:19.182+0500: 185.106: [GC (Allocation Failure) 2018-03-16T23:59:19.182+0500: 185.106: [DefNew: 157248K->157248K(157248K), 0.0000167 secs]2018-03-16T23:59:19.182+0500: 185.106: [Tenured: 306798K->34333K(349568K), 0.1787498 secs] 464046K->34333K(506816K), [Metaspace: 5350K->5350K(1056768K)], 0.1788418 secs] [Times: user=0.17 sys=0.00, real=0.18 secs] 
2018-03-16T23:59:19.391+0500: 185.315: [GC (Allocation Failure) 2018-03-16T23:59:19.391+0500: 185.315: [DefNew: 139776K->17472K(157248K), 0.2582498 secs] 174109K->174108K(506816K), 0.2583118 secs] [Times: user=0.26 sys=0.00, real=0.26 secs] 
2018-03-16T23:59:19.675+0500: 185.599: [GC (Allocation Failure) 2018-03-16T23:59:19.675+0500: 185.599: [DefNew: 157248K->17472K(157248K), 0.2567295 secs] 313884K->313883K(506816K), 0.2567902 secs] [Times: user=0.26 sys=0.00, real=0.26 secs] 
2018-03-16T23:59:19.957+0500: 185.881: [GC (Allocation Failure) 2018-03-16T23:59:19.957+0500: 185.881: [DefNew: 157248K->157248K(157248K), 0.0000167 secs]2018-03-16T23:59:19.957+0500: 185.881: [Tenured: 296411K->23970K(349568K), 0.1576246 secs] 453659K->23970K(506816K), [Metaspace: 5350K->5350K(1056768K)], 0.1577409 secs] [Times: user=0.17 sys=0.00, real=0.16 secs] 
2018-03-16T23:59:20.143+0500: 186.067: [GC (Allocation Failure) 2018-03-16T23:59:20.143+0500: 186.067: [DefNew: 139776K->17472K(157248K), 0.2581724 secs] 163746K->163745K(506816K), 0.2582566 secs] [Times: user=0.26 sys=0.00, real=0.26 secs] 
2018-03-16T23:59:20.426+0500: 186.351: [GC (Allocation Failure) 2018-03-16T23:59:20.426+0500: 186.351: [DefNew: 157248K->17472K(157248K), 0.2539908 secs] 303521K->303520K(506816K), 0.2540515 secs] [Times: user=0.26 sys=0.00, real=0.25 secs] 
2018-03-16T23:59:20.708+0500: 186.632: [GC (Allocation Failure) 2018-03-16T23:59:20.708+0500: 186.632: [DefNew: 146063K->146063K(157248K), 0.0000278 secs]2018-03-16T23:59:20.708+0500: 186.632: [Tenured: 286048K->776K(349568K), 0.1411103 secs] 432112K->776K(506816K), [Metaspace: 5350K->5350K(1056768K)], 0.1412343 secs] [Times: user=0.14 sys=0.00, real=0.14 secs] 
2018-03-16T23:59:20.876+0500: 186.800: [GC (Allocation Failure) 2018-03-16T23:59:20.876+0500: 186.800: [DefNew: 139776K->17472K(157248K), 0.2283059 secs] 140552K->140551K(506816K), 0.2284470 secs] [Times: user=0.23 sys=0.00, real=0.23 secs] 
2018-03-16T23:59:21.131+0500: 187.055: [GC (Allocation Failure) 2018-03-16T23:59:21.131+0500: 187.055: [DefNew: 157248K->17472K(157248K), 0.2630014 secs] 280327K->280290K(506816K), 0.2630660 secs] [Times: user=0.25 sys=0.00, real=0.26 secs] 
2018-03-16T23:59:21.424+0500: 187.348: [GC (Allocation Failure) 2018-03-16T23:59:21.424+0500: 187.348: [DefNew: 157248K->157248K(157248K), 0.0000158 secs]2018-03-16T23:59:21.424+0500: 187.348: [Tenured: 262818K->205221K(349568K), 0.4775313 secs] 420066K->205221K(506816K), [Metaspace: 5350K->5350K(1056768K)], 0.4776207 secs] [Times: user=0.48 sys=0.00, real=0.48 secs] 
2018-03-16T23:59:21.928+0500: 187.852: [GC (Allocation Failure) 2018-03-16T23:59:21.928+0500: 187.852: [DefNew: 139776K->17472K(157248K), 0.2308431 secs] 344997K->344996K(506816K), 0.2309017 secs] [Times: user=0.23 sys=0.00, real=0.23 secs] 
2018-03-16T23:59:22.186+0500: 188.110: [GC (Allocation Failure) 2018-03-16T23:59:22.186+0500: 188.110: [DefNew: 157248K->157248K(157248K), 0.0000158 secs]2018-03-16T23:59:22.186+0500: 188.110: [Tenured: 327524K->55084K(349568K), 0.2252234 secs] 484772K->55084K(506816K), [Metaspace: 5350K->5350K(1056768K)], 0.2253127 secs] [Times: user=0.22 sys=0.00, real=0.22 secs] 
2018-03-16T23:59:22.441+0500: 188.364: [GC (Allocation Failure) 2018-03-16T23:59:22.441+0500: 188.365: [DefNew: 139776K->17472K(157248K), 0.2628526 secs] 194860K->194859K(506816K), 0.2629146 secs] [Times: user=0.27 sys=0.00, real=0.26 secs] 
2018-03-16T23:59:22.730+0500: 188.654: [GC (Allocation Failure) 2018-03-16T23:59:22.730+0500: 188.654: [DefNew: 157248K->17471K(157248K), 0.2566606 secs] 334635K->334633K(506816K), 0.2567230 secs] [Times: user=0.25 sys=0.00, real=0.26 secs] 
2018-03-16T23:59:23.014+0500: 188.938: [GC (Allocation Failure) 2018-03-16T23:59:23.014+0500: 188.938: [DefNew: 157247K->157247K(157248K), 0.0000158 secs]2018-03-16T23:59:23.014+0500: 188.938: [Tenured: 317162K->44720K(349568K), 0.2073004 secs] 474409K->44720K(506816K), [Metaspace: 5350K->5350K(1056768K)], 0.2073970 secs] [Times: user=0.20 sys=0.00, real=0.21 secs] 
2018-03-16T23:59:23.256+0500: 189.180: [GC (Allocation Failure) 2018-03-16T23:59:23.256+0500: 189.180: [DefNew: 139776K->17471K(157248K), 0.2643849 secs] 184496K->184496K(506816K), 0.2644563 secs] [Times: user=0.25 sys=0.00, real=0.26 secs] 
2018-03-16T23:59:23.549+0500: 189.473: [GC (Allocation Failure) 2018-03-16T23:59:23.549+0500: 189.473: [DefNew: 157247K->17472K(157248K), 0.2701963 secs] 324272K->324270K(506816K), 0.2702715 secs] [Times: user=0.28 sys=0.00, real=0.27 secs] 
2018-03-16T23:59:23.846+0500: 189.770: [GC (Allocation Failure) 2018-03-16T23:59:23.846+0500: 189.770: [DefNew: 157248K->157248K(157248K), 0.0000167 secs]2018-03-16T23:59:23.846+0500: 189.770: [Tenured: 306798K->34333K(349568K), 0.1789341 secs] 464046K->34333K(506816K), [Metaspace: 5350K->5350K(1056768K)], 0.1791026 secs] [Times: user=0.19 sys=0.00, real=0.18 secs] 
2018-03-16T23:59:24.057+0500: 189.981: [GC (Allocation Failure) 2018-03-16T23:59:24.057+0500: 189.981: [DefNew: 139776K->17472K(157248K), 0.2629108 secs] 174109K->174108K(506816K), 0.2629753 secs] [Times: user=0.27 sys=0.00, real=0.26 secs] 
2018-03-16T23:59:24.346+0500: 190.270: [GC (Allocation Failure) 2018-03-16T23:59:24.346+0500: 190.270: [DefNew: 157248K->17472K(157248K), 0.2624895 secs] 313884K->313883K(506816K), 0.2625549 secs] [Times: user=0.27 sys=0.00, real=0.26 secs] 
2018-03-16T23:59:24.635+0500: 190.559: [GC (Allocation Failure) 2018-03-16T23:59:24.635+0500: 190.559: [DefNew: 157248K->157248K(157248K), 0.0000218 secs]2018-03-16T23:59:24.635+0500: 190.559: [Tenured: 296411K->23970K(349568K), 0.1762929 secs] 453659K->23970K(506816K), [Metaspace: 5350K->5350K(1056768K)], 0.1763981 secs] [Times: user=0.16 sys=0.00, real=0.18 secs] 
2018-03-16T23:59:24.846+0500: 190.769: [GC (Allocation Failure) 2018-03-16T23:59:24.846+0500: 190.769: [DefNew: 139776K->17472K(157248K), 0.2582733 secs] 163746K->163745K(506816K), 0.2583379 secs] [Times: user=0.27 sys=0.00, real=0.26 secs] 
2018-03-16T23:59:25.129+0500: 191.053: [GC (Allocation Failure) 2018-03-16T23:59:25.130+0500: 191.053: [DefNew: 157248K->17472K(157248K), 0.2516109 secs] 303521K->303520K(506816K), 0.2516994 secs] [Times: user=0.27 sys=0.00, real=0.25 secs] 
2018-03-16T23:59:25.407+0500: 191.330: [GC (Allocation Failure) 2018-03-16T23:59:25.407+0500: 191.331: [DefNew: 146063K->146063K(157248K), 0.0000171 secs]2018-03-16T23:59:25.407+0500: 191.331: [Tenured: 286048K->776K(349568K), 0.1379303 secs] 432112K->776K(506816K), [Metaspace: 5350K->5350K(1056768K)], 0.1380316 secs] [Times: user=0.14 sys=0.00, real=0.14 secs] 
2018-03-16T23:59:25.570+0500: 191.494: [GC (Allocation Failure) 2018-03-16T23:59:25.570+0500: 191.494: [DefNew: 139776K->17472K(157248K), 0.2258067 secs] 140552K->140551K(506816K), 0.2258678 secs] [Times: user=0.22 sys=0.00, real=0.23 secs] 
2018-03-16T23:59:25.825+0500: 191.749: [GC (Allocation Failure) 2018-03-16T23:59:25.825+0500: 191.749: [DefNew: 157248K->17472K(157248K), 0.2571926 secs] 280327K->280290K(506816K), 0.2572512 secs] [Times: user=0.25 sys=0.00, real=0.26 secs] 
2018-03-16T23:59:26.110+0500: 192.035: [GC (Allocation Failure) 2018-03-16T23:59:26.110+0500: 192.035: [DefNew: 157248K->157248K(157248K), 0.0000167 secs]2018-03-16T23:59:26.110+0500: 192.035: [Tenured: 262818K->205221K(349568K), 0.4703232 secs] 420066K->205221K(506816K), [Metaspace: 5350K->5350K(1056768K)], 0.4704190 secs] [Times: user=0.47 sys=0.00, real=0.47 secs] 
2018-03-16T23:59:26.607+0500: 192.531: [GC (Allocation Failure) 2018-03-16T23:59:26.607+0500: 192.531: [DefNew: 139776K->17472K(157248K), 0.2243116 secs] 344997K->344996K(506816K), 0.2243719 secs] [Times: user=0.22 sys=0.00, real=0.22 secs] 
2018-03-16T23:59:26.858+0500: 192.782: [GC (Allocation Failure) 2018-03-16T23:59:26.858+0500: 192.782: [DefNew: 157248K->157248K(157248K), 0.0000163 secs]2018-03-16T23:59:26.858+0500: 192.782: [Tenured: 327524K->55084K(349568K), 0.2207270 secs] 484772K->55084K(506816K), [Metaspace: 5350K->5350K(1056768K)], 0.2208523 secs] [Times: user=0.22 sys=0.00, real=0.22 secs] 
2018-03-16T23:59:27.108+0500: 193.032: [GC (Allocation Failure) 2018-03-16T23:59:27.108+0500: 193.032: [DefNew: 139776K->17472K(157248K), 0.2549034 secs] 194860K->194859K(506816K), 0.2549645 secs] [Times: user=0.25 sys=0.00, real=0.25 secs] 
2018-03-16T23:59:27.389+0500: 193.313: [GC (Allocation Failure) 2018-03-16T23:59:27.389+0500: 193.313: [DefNew: 157248K->17471K(157248K), 0.2565088 secs] 334635K->334633K(506816K), 0.2565716 secs] [Times: user=0.25 sys=0.00, real=0.26 secs] 
2018-03-16T23:59:27.672+0500: 193.596: [GC (Allocation Failure) 2018-03-16T23:59:27.672+0500: 193.596: [DefNew: 157247K->157247K(157248K), 0.0000175 secs]2018-03-16T23:59:27.672+0500: 193.596: [Tenured: 317162K->44720K(349568K), 0.2157200 secs] 474409K->44720K(506816K), [Metaspace: 5350K->5350K(1056768K)], 0.2158124 secs] [Times: user=0.22 sys=0.00, real=0.22 secs] 
2018-03-16T23:59:27.925+0500: 193.848: [GC (Allocation Failure) 2018-03-16T23:59:27.925+0500: 193.848: [DefNew: 139776K->17471K(157248K), 0.2602880 secs] 184496K->184496K(506816K), 0.2603551 secs] [Times: user=0.27 sys=0.00, real=0.26 secs] 
2018-03-16T23:59:28.211+0500: 194.135: [GC (Allocation Failure) 2018-03-16T23:59:28.211+0500: 194.135: [DefNew: 157247K->17472K(157248K), 0.2602272 secs] 324272K->324270K(506816K), 0.2602918 secs] [Times: user=0.23 sys=0.00, real=0.26 secs] 
2018-03-16T23:59:28.498+0500: 194.422: [GC (Allocation Failure) 2018-03-16T23:59:28.498+0500: 194.422: [DefNew: 157248K->157248K(157248K), 0.0000158 secs]2018-03-16T23:59:28.498+0500: 194.422: [Tenured: 306798K->34333K(349568K), 0.1777414 secs] 464046K->34333K(506816K), [Metaspace: 5350K->5350K(1056768K)], 0.1778274 secs] [Times: user=0.17 sys=0.00, real=0.18 secs] 
2018-03-16T23:59:28.706+0500: 194.630: [GC (Allocation Failure) 2018-03-16T23:59:28.706+0500: 194.630: [DefNew: 139776K->17472K(157248K), 0.2628004 secs] 174109K->174108K(506816K), 0.2628616 secs] [Times: user=0.26 sys=0.00, real=0.26 secs] 
2018-03-16T23:59:28.997+0500: 194.920: [GC (Allocation Failure) 2018-03-16T23:59:28.997+0500: 194.920: [DefNew: 157248K->17472K(157248K), 0.2591222 secs] 313884K->313883K(506816K), 0.2591872 secs] [Times: user=0.25 sys=0.00, real=0.26 secs] 
2018-03-16T23:59:29.282+0500: 195.205: [GC (Allocation Failure) 2018-03-16T23:59:29.282+0500: 195.205: [DefNew: 157248K->157248K(157248K), 0.0000167 secs]2018-03-16T23:59:29.282+0500: 195.205: [Tenured: 296411K->23970K(349568K), 0.1568227 secs] 453659K->23970K(506816K), [Metaspace: 5350K->5350K(1056768K)], 0.1569266 secs] [Times: user=0.16 sys=0.00, real=0.16 secs] 
2018-03-16T23:59:29.473+0500: 195.397: [GC (Allocation Failure) 2018-03-16T23:59:29.473+0500: 195.397: [DefNew: 139776K->17472K(157248K), 0.2622368 secs] 163746K->163745K(506816K), 0.2623009 secs] [Times: user=0.27 sys=0.00, real=0.26 secs] 
2018-03-16T23:59:29.760+0500: 195.684: [GC (Allocation Failure) 2018-03-16T23:59:29.760+0500: 195.684: [DefNew: 157248K->17472K(157248K), 0.2959560 secs] 303521K->303520K(506816K), 0.2960372 secs] [Times: user=0.30 sys=0.00, real=0.30 secs] 
2018-03-16T23:59:30.123+0500: 196.047: [GC (Allocation Failure) 2018-03-16T23:59:30.123+0500: 196.047: [DefNew: 146063K->146063K(157248K), 0.0000239 secs]2018-03-16T23:59:30.123+0500: 196.047: [Tenured: 286048K->776K(349568K), 0.1499576 secs] 432112K->776K(506816K), [Metaspace: 5350K->5350K(1056768K)], 0.1500761 secs] [Times: user=0.16 sys=0.00, real=0.15 secs] 
2018-03-16T23:59:30.300+0500: 196.225: [GC (Allocation Failure) 2018-03-16T23:59:30.301+0500: 196.225: [DefNew: 139776K->17472K(157248K), 0.3975464 secs] 140552K->140551K(506816K), 0.3976152 secs] [Times: user=0.36 sys=0.00, real=0.40 secs] 
2018-03-16T23:59:30.726+0500: 196.650: [GC (Allocation Failure) 2018-03-16T23:59:30.726+0500: 196.650: [DefNew: 157248K->17472K(157248K), 0.2580843 secs] 280327K->280290K(506816K), 0.2581471 secs] [Times: user=0.25 sys=0.00, real=0.26 secs] 
2018-03-16T23:59:31.015+0500: 196.939: [GC (Allocation Failure) 2018-03-16T23:59:31.015+0500: 196.939: [DefNew: 157248K->157248K(157248K), 0.0000175 secs]2018-03-16T23:59:31.015+0500: 196.939: [Tenured: 262818K->205221K(349568K), 0.4719025 secs] 420066K->205221K(506816K), [Metaspace: 5350K->5350K(1056768K)], 0.4719932 secs] [Times: user=0.47 sys=0.00, real=0.47 secs] 
2018-03-16T23:59:31.513+0500: 197.437: [GC (Allocation Failure) 2018-03-16T23:59:31.513+0500: 197.437: [DefNew: 139776K->17472K(157248K), 0.2283730 secs] 344997K->344996K(506816K), 0.2284440 secs] [Times: user=0.23 sys=0.00, real=0.23 secs] 
2018-03-16T23:59:31.767+0500: 197.692: [GC (Allocation Failure) 2018-03-16T23:59:31.767+0500: 197.692: [DefNew: 157248K->157248K(157248K), 0.0000175 secs]2018-03-16T23:59:31.767+0500: 197.692: [Tenured: 327524K->55084K(349568K), 0.2225172 secs] 484772K->55084K(506816K), [Metaspace: 5350K->5350K(1056768K)], 0.2226065 secs] [Times: user=0.22 sys=0.00, real=0.22 secs] 
2018-03-16T23:59:32.020+0500: 197.944: [GC (Allocation Failure) 2018-03-16T23:59:32.020+0500: 197.944: [DefNew: 139776K->17472K(157248K), 0.2777828 secs] 194860K->194859K(506816K), 0.2778594 secs] [Times: user=0.27 sys=0.00, real=0.28 secs] 
2018-03-16T23:59:32.338+0500: 198.262: [GC (Allocation Failure) 2018-03-16T23:59:32.339+0500: 198.262: [DefNew: 157248K->17471K(157248K), 0.3310009 secs] 334635K->334633K(506816K), 0.3310847 secs] [Times: user=0.33 sys=0.00, real=0.33 secs] 
2018-03-16T23:59:32.701+0500: 198.625: [GC (Allocation Failure) 2018-03-16T23:59:32.701+0500: 198.625: [DefNew: 157247K->157247K(157248K), 0.0000180 secs]2018-03-16T23:59:32.701+0500: 198.625: [Tenured: 317162K->44720K(349568K), 0.2185344 secs] 474409K->44720K(506816K), [Metaspace: 5350K->5350K(1056768K)], 0.2186460 secs] [Times: user=0.22 sys=0.00, real=0.22 secs] 
2018-03-16T23:59:32.952+0500: 198.877: [GC (Allocation Failure) 2018-03-16T23:59:32.952+0500: 198.877: [DefNew: 139776K->17471K(157248K), 0.2951413 secs] 184496K->184496K(506816K), 0.2952067 secs] [Times: user=0.30 sys=0.00, real=0.30 secs] 
2018-03-16T23:59:33.274+0500: 199.197: [GC (Allocation Failure) 2018-03-16T23:59:33.274+0500: 199.197: [DefNew: 157247K->17472K(157248K), 0.2547712 secs] 324272K->324270K(506816K), 0.2548349 secs] [Times: user=0.25 sys=0.00, real=0.25 secs] 
2018-03-16T23:59:33.554+0500: 199.478: [GC (Allocation Failure) 2018-03-16T23:59:33.554+0500: 199.478: [DefNew: 157248K->157248K(157248K), 0.0000158 secs]2018-03-16T23:59:33.554+0500: 199.478: [Tenured: 306798K->34333K(349568K), 0.1794999 secs] 464046K->34333K(506816K), [Metaspace: 5350K->5350K(1056768K)], 0.1795876 secs] [Times: user=0.17 sys=0.00, real=0.18 secs] 
2018-03-16T23:59:33.764+0500: 199.687: [GC (Allocation Failure) 2018-03-16T23:59:33.764+0500: 199.687: [DefNew: 139776K->17472K(157248K), 0.2572679 secs] 174109K->174108K(506816K), 0.2573294 secs] [Times: user=0.25 sys=0.00, real=0.26 secs] 
2018-03-16T23:59:34.047+0500: 199.971: [GC (Allocation Failure) 2018-03-16T23:59:34.047+0500: 199.971: [DefNew: 157248K->17472K(157248K), 0.2639568 secs] 313884K->313883K(506816K), 0.2640171 secs] [Times: user=0.26 sys=0.00, real=0.26 secs] 
2018-03-16T23:59:34.341+0500: 200.265: [GC (Allocation Failure) 2018-03-16T23:59:34.341+0500: 200.265: [DefNew: 157248K->157248K(157248K), 0.0000137 secs]2018-03-16T23:59:34.341+0500: 200.265: [Tenured: 296411K->23970K(349568K), 0.1561209 secs] 453659K->23970K(506816K), [Metaspace: 5350K->5350K(1056768K)], 0.1562073 secs] [Times: user=0.16 sys=0.00, real=0.16 secs] 
2018-03-16T23:59:34.526+0500: 200.450: [GC (Allocation Failure) 2018-03-16T23:59:34.526+0500: 200.450: [DefNew: 139776K->17472K(157248K), 0.2641005 secs] 163746K->163745K(506816K), 0.2641732 secs] [Times: user=0.27 sys=0.00, real=0.26 secs] 
2018-03-16T23:59:34.819+0500: 200.743: [GC (Allocation Failure) 2018-03-16T23:59:34.819+0500: 200.743: [DefNew: 157248K->17472K(157248K), 0.2584264 secs] 303521K->303520K(506816K), 0.2584884 secs] [Times: user=0.25 sys=0.00, real=0.26 secs] 
2018-03-16T23:59:35.103+0500: 201.027: [GC (Allocation Failure) 2018-03-16T23:59:35.103+0500: 201.027: [DefNew: 146063K->146063K(157248K), 0.0000163 secs]2018-03-16T23:59:35.103+0500: 201.027: [Tenured: 286048K->776K(349568K), 0.1368688 secs] 432112K->776K(506816K), [Metaspace: 5350K->5350K(1056768K)], 0.1369565 secs] [Times: user=0.13 sys=0.00, real=0.14 secs] 
2018-03-16T23:59:35.266+0500: 201.190: [GC (Allocation Failure) 2018-03-16T23:59:35.266+0500: 201.190: [DefNew: 139776K->17472K(157248K), 0.2263630 secs] 140552K->140551K(506816K), 0.2264242 secs] [Times: user=0.22 sys=0.00, real=0.23 secs] 
2018-03-16T23:59:35.519+0500: 201.443: [GC (Allocation Failure) 2018-03-16T23:59:35.519+0500: 201.443: [DefNew: 157248K->17472K(157248K), 0.2586244 secs] 280327K->280290K(506816K), 0.2586864 secs] [Times: user=0.27 sys=0.00, real=0.26 secs] 
2018-03-16T23:59:35.808+0500: 201.732: [GC (Allocation Failure) 2018-03-16T23:59:35.808+0500: 201.732: [DefNew: 157248K->157248K(157248K), 0.0000180 secs]2018-03-16T23:59:35.808+0500: 201.732: [Tenured: 262818K->205221K(349568K), 0.4812814 secs] 420066K->205221K(506816K), [Metaspace: 5350K->5350K(1056768K)], 0.4813797 secs] [Times: user=0.48 sys=0.00, real=0.48 secs] 
2018-03-16T23:59:36.316+0500: 202.240: [GC (Allocation Failure) 2018-03-16T23:59:36.316+0500: 202.240: [DefNew: 139776K->17472K(157248K), 0.2247760 secs] 344997K->344996K(506816K), 0.2248423 secs] [Times: user=0.23 sys=0.00, real=0.22 secs] 
2018-03-16T23:59:36.567+0500: 202.491: [GC (Allocation Failure) 2018-03-16T23:59:36.567+0500: 202.491: [DefNew: 157248K->157248K(157248K), 0.0000167 secs]2018-03-16T23:59:36.567+0500: 202.491: [Tenured: 327524K->55084K(349568K), 0.2234867 secs] 484772K->55084K(506816K), [Metaspace: 5350K->5350K(1056768K)], 0.2235795 secs] [Times: user=0.23 sys=0.00, real=0.22 secs] 
2018-03-16T23:59:36.822+0500: 202.746: [GC (Allocation Failure) 2018-03-16T23:59:36.822+0500: 202.746: [DefNew: 139776K->17472K(157248K), 0.2593099 secs] 194860K->194859K(506816K), 0.2593711 secs] [Times: user=0.25 sys=0.00, real=0.26 secs] 
2018-03-16T23:59:37.108+0500: 203.032: [GC (Allocation Failure) 2018-03-16T23:59:37.108+0500: 203.032: [DefNew: 157248K->17471K(157248K), 0.2532774 secs] 334635K->334633K(506816K), 0.2533394 secs] [Times: user=0.25 sys=0.00, real=0.25 secs] 
2018-03-16T23:59:37.388+0500: 203.312: [GC (Allocation Failure) 2018-03-16T23:59:37.388+0500: 203.312: [DefNew: 157247K->157247K(157248K), 0.0000171 secs]2018-03-16T23:59:37.388+0500: 203.312: [Tenured: 317162K->44720K(349568K), 0.2023516 secs] 474409K->44720K(506816K), [Metaspace: 5350K->5350K(1056768K)], 0.2024418 secs] [Times: user=0.20 sys=0.00, real=0.20 secs] 
2018-03-16T23:59:37.626+0500: 203.549: [GC (Allocation Failure) 2018-03-16T23:59:37.626+0500: 203.549: [DefNew: 139776K->17471K(157248K), 0.2903071 secs] 184496K->184496K(506816K), 0.2903875 secs] [Times: user=0.30 sys=0.00, real=0.29 secs] 
2018-03-16T23:59:37.942+0500: 203.866: [GC (Allocation Failure) 2018-03-16T23:59:37.942+0500: 203.866: [DefNew: 157247K->17472K(157248K), 0.2732702 secs] 324272K->324270K(506816K), 0.2733340 secs] [Times: user=0.28 sys=0.00, real=0.27 secs] 
2018-03-16T23:59:38.243+0500: 204.167: [GC (Allocation Failure) 2018-03-16T23:59:38.243+0500: 204.167: [DefNew: 157248K->157248K(157248K), 0.0000163 secs]2018-03-16T23:59:38.243+0500: 204.167: [Tenured: 306798K->34333K(349568K), 0.1837888 secs] 464046K->34333K(506816K), [Metaspace: 5350K->5350K(1056768K)], 0.1838851 secs] [Times: user=0.17 sys=0.00, real=0.18 secs] 
2018-03-16T23:59:38.457+0500: 204.381: [GC (Allocation Failure) 2018-03-16T23:59:38.457+0500: 204.381: [DefNew: 139776K->17472K(157248K), 0.2643327 secs] 174109K->174108K(506816K), 0.2643956 secs] [Times: user=0.27 sys=0.00, real=0.26 secs] 
2018-03-16T23:59:38.748+0500: 204.672: [GC (Allocation Failure) 2018-03-16T23:59:38.748+0500: 204.672: [DefNew: 157248K->17472K(157248K), 0.2648237 secs] 313884K->313883K(506816K), 0.2648865 secs] [Times: user=0.27 sys=0.00, real=0.27 secs] 
2018-03-16T23:59:39.043+0500: 204.966: [GC (Allocation Failure) 2018-03-16T23:59:39.043+0500: 204.966: [DefNew: 157248K->157248K(157248K), 0.0000291 secs]2018-03-16T23:59:39.043+0500: 204.966: [Tenured: 296411K->23970K(349568K), 0.1618973 secs] 453659K->23970K(506816K), [Metaspace: 5350K->5350K(1056768K)], 0.1620196 secs] [Times: user=0.16 sys=0.00, real=0.16 secs] 
2018-03-16T23:59:39.236+0500: 205.160: [GC (Allocation Failure) 2018-03-16T23:59:39.236+0500: 205.160: [DefNew: 139776K->17472K(157248K), 0.2681842 secs] 163746K->163745K(506816K), 0.2682705 secs] [Times: user=0.27 sys=0.00, real=0.27 secs] 
2018-03-16T23:59:39.531+0500: 205.455: [GC (Allocation Failure) 2018-03-16T23:59:39.531+0500: 205.455: [DefNew: 157248K->17472K(157248K), 0.2760667 secs] 303521K->303520K(506816K), 0.2761317 secs] [Times: user=0.26 sys=0.00, real=0.28 secs] 
2018-03-16T23:59:39.836+0500: 205.761: [GC (Allocation Failure) 2018-03-16T23:59:39.837+0500: 205.761: [DefNew: 146063K->146063K(157248K), 0.0000312 secs]2018-03-16T23:59:39.837+0500: 205.761: [Tenured: 286048K->776K(349568K), 0.1401344 secs] 432112K->776K(506816K), [Metaspace: 5350K->5350K(1056768K)], 0.1402858 secs] [Times: user=0.14 sys=0.00, real=0.14 secs] 
2018-03-16T23:59:40.004+0500: 205.928: [GC (Allocation Failure) 2018-03-16T23:59:40.004+0500: 205.928: [DefNew: 139776K->17472K(157248K), 0.2295200 secs] 140552K->140551K(506816K), 0.2295948 secs] [Times: user=0.23 sys=0.00, real=0.23 secs] 
2018-03-16T23:59:40.260+0500: 206.184: [GC (Allocation Failure) 2018-03-16T23:59:40.260+0500: 206.184: [DefNew: 157248K->17472K(157248K), 0.2588776 secs] 280327K->280290K(506816K), 0.2589408 secs] [Times: user=0.25 sys=0.00, real=0.26 secs] 
2018-03-16T23:59:40.547+0500: 206.471: [GC (Allocation Failure) 2018-03-16T23:59:40.547+0500: 206.471: [DefNew: 157248K->157248K(157248K), 0.0000171 secs]2018-03-16T23:59:40.547+0500: 206.471: [Tenured: 262818K->205221K(349568K), 0.5293377 secs] 420066K->205221K(506816K), [Metaspace: 5350K->5350K(1056768K)], 0.5294292 secs] [Times: user=0.53 sys=0.00, real=0.53 secs] 
2018-03-16T23:59:41.104+0500: 207.028: [GC (Allocation Failure) 2018-03-16T23:59:41.104+0500: 207.028: [DefNew: 139776K->17472K(157248K), 0.3396451 secs] 344997K->344996K(506816K), 0.3397049 secs] [Times: user=0.34 sys=0.00, real=0.34 secs] 
2018-03-16T23:59:41.471+0500: 207.396: [GC (Allocation Failure) 2018-03-16T23:59:41.471+0500: 207.396: [DefNew: 157248K->157248K(157248K), 0.0000248 secs]2018-03-16T23:59:41.472+0500: 207.396: [Tenured: 327524K->55084K(349568K), 0.2434089 secs] 484772K->55084K(506816K), [Metaspace: 5350K->5350K(1056768K)], 0.2435120 secs] [Times: user=0.25 sys=0.00, real=0.25 secs] 
2018-03-16T23:59:41.753+0500: 207.677: [GC (Allocation Failure) 2018-03-16T23:59:41.753+0500: 207.677: [DefNew: 139776K->17472K(157248K), 0.3181298 secs] 194860K->194859K(506816K), 0.3181995 secs] [Times: user=0.33 sys=0.00, real=0.32 secs] 
2018-03-16T23:59:42.102+0500: 208.025: [GC (Allocation Failure) 2018-03-16T23:59:42.102+0500: 208.025: [DefNew: 157248K->17471K(157248K), 0.3157007 secs] 334635K->334633K(506816K), 0.3157717 secs] [Times: user=0.31 sys=0.00, real=0.32 secs] 
2018-03-16T23:59:42.448+0500: 208.372: [GC (Allocation Failure) 2018-03-16T23:59:42.448+0500: 208.372: [DefNew: 157247K->157247K(157248K), 0.0000231 secs]2018-03-16T23:59:42.448+0500: 208.372: [Tenured: 317162K->44720K(349568K), 0.2584071 secs] 474409K->44720K(506816K), [Metaspace: 5350K->5350K(1056768K)], 0.2585209 secs] [Times: user=0.20 sys=0.00, real=0.26 secs] 
2018-03-16T23:59:42.748+0500: 208.672: [GC (Allocation Failure) 2018-03-16T23:59:42.748+0500: 208.673: [DefNew: 139776K->17471K(157248K), 0.3401719 secs] 184496K->184496K(506816K), 0.3402412 secs] [Times: user=0.33 sys=0.00, real=0.34 secs] 
2018-03-16T23:59:43.117+0500: 209.040: [GC (Allocation Failure) 2018-03-16T23:59:43.117+0500: 209.040: [DefNew: 157247K->17472K(157248K), 0.2574864 secs] 324272K->324270K(506816K), 0.2575685 secs] [Times: user=0.25 sys=0.00, real=0.26 secs] 
2018-03-16T23:59:43.402+0500: 209.325: [GC (Allocation Failure) 2018-03-16T23:59:43.402+0500: 209.325: [DefNew: 157248K->157248K(157248K), 0.0000167 secs]2018-03-16T23:59:43.402+0500: 209.325: [Tenured: 306798K->34333K(349568K), 0.1812717 secs] 464046K->34333K(506816K), [Metaspace: 5350K->5350K(1056768K)], 0.1813619 secs] [Times: user=0.17 sys=0.00, real=0.18 secs] 
2018-03-16T23:59:43.613+0500: 209.537: [GC (Allocation Failure) 2018-03-16T23:59:43.613+0500: 209.537: [DefNew: 139776K->17472K(157248K), 0.2687910 secs] 174109K->174108K(506816K), 0.2688547 secs] [Times: user=0.28 sys=0.00, real=0.27 secs] 
2018-03-16T23:59:43.908+0500: 209.832: [GC (Allocation Failure) 2018-03-16T23:59:43.908+0500: 209.832: [DefNew: 157248K->17472K(157248K), 0.2639277 secs] 313884K->313883K(506816K), 0.2639884 secs] [Times: user=0.27 sys=0.00, real=0.26 secs] 
2018-03-16T23:59:44.199+0500: 210.123: [GC (Allocation Failure) 2018-03-16T23:59:44.199+0500: 210.123: [DefNew: 157248K->157248K(157248K), 0.0000167 secs]2018-03-16T23:59:44.199+0500: 210.123: [Tenured: 296411K->23970K(349568K), 0.1600498 secs] 453659K->23970K(506816K), [Metaspace: 5350K->5350K(1056768K)], 0.1601614 secs] [Times: user=0.16 sys=0.00, real=0.16 secs] 
2018-03-16T23:59:44.390+0500: 210.314: [GC (Allocation Failure) 2018-03-16T23:59:44.390+0500: 210.314: [DefNew: 139776K->17472K(157248K), 0.3366181 secs] 163746K->163745K(506816K), 0.3366806 secs] [Times: user=0.34 sys=0.00, real=0.34 secs] 
2018-03-16T23:59:44.753+0500: 210.677: [GC (Allocation Failure) 2018-03-16T23:59:44.753+0500: 210.677: [DefNew: 157248K->17472K(157248K), 0.2630998 secs] 303521K->303520K(506816K), 0.2631592 secs] [Times: user=0.27 sys=0.00, real=0.26 secs] 
2018-03-16T23:59:45.042+0500: 210.965: [GC (Allocation Failure) 2018-03-16T23:59:45.042+0500: 210.965: [DefNew: 146063K->146063K(157248K), 0.0000171 secs]2018-03-16T23:59:45.042+0500: 210.966: [Tenured: 286048K->776K(349568K), 0.1377524 secs] 432112K->776K(506816K), [Metaspace: 5350K->5350K(1056768K)], 0.1378417 secs] [Times: user=0.14 sys=0.00, real=0.14 secs] 
2018-03-16T23:59:45.205+0500: 211.129: [GC (Allocation Failure) 2018-03-16T23:59:45.205+0500: 211.129: [DefNew: 139776K->17472K(157248K), 0.2380145 secs] 140552K->140551K(506816K), 0.2380795 secs] [Times: user=0.25 sys=0.00, real=0.24 secs] 
2018-03-16T23:59:45.469+0500: 211.394: [GC (Allocation Failure) 2018-03-16T23:59:45.469+0500: 211.394: [DefNew: 157248K->17472K(157248K), 0.2788610 secs] 280327K->280290K(506816K), 0.2789200 secs] [Times: user=0.28 sys=0.00, real=0.28 secs] 
2018-03-16T23:59:45.777+0500: 211.701: [GC (Allocation Failure) 2018-03-16T23:59:45.777+0500: 211.701: [DefNew: 157248K->157248K(157248K), 0.0000158 secs]2018-03-16T23:59:45.777+0500: 211.701: [Tenured: 262818K->205221K(349568K), 0.4718238 secs] 420066K->205221K(506816K), [Metaspace: 5350K->5350K(1056768K)], 0.4719162 secs] [Times: user=0.47 sys=0.00, real=0.47 secs] 
2018-03-16T23:59:46.274+0500: 212.198: [GC (Allocation Failure) 2018-03-16T23:59:46.274+0500: 212.198: [DefNew: 139776K->17472K(157248K), 0.2266192 secs] 344997K->344996K(506816K), 0.2266812 secs] [Times: user=0.20 sys=0.00, real=0.23 secs] 
2018-03-16T23:59:46.527+0500: 212.451: [GC (Allocation Failure) 2018-03-16T23:59:46.527+0500: 212.451: [DefNew: 157248K->157248K(157248K), 0.0000171 secs]2018-03-16T23:59:46.527+0500: 212.451: [Tenured: 327524K->55084K(349568K), 0.2223991 secs] 484772K->55084K(506816K), [Metaspace: 5350K->5350K(1056768K)], 0.2224894 secs] [Times: user=0.22 sys=0.00, real=0.22 secs] 
2018-03-16T23:59:46.778+0500: 212.702: [GC (Allocation Failure) 2018-03-16T23:59:46.778+0500: 212.702: [DefNew: 139776K->17472K(157248K), 0.2544218 secs] 194860K->194859K(506816K), 0.2544830 secs] [Times: user=0.25 sys=0.00, real=0.25 secs] 
2018-03-16T23:59:47.058+0500: 212.982: [GC (Allocation Failure) 2018-03-16T23:59:47.058+0500: 212.982: [DefNew: 157248K->17471K(157248K), 0.2500893 secs] 334635K->334633K(506816K), 0.2501513 secs] [Times: user=0.25 sys=0.00, real=0.25 secs] 
2018-03-16T23:59:47.334+0500: 213.258: [GC (Allocation Failure) 2018-03-16T23:59:47.334+0500: 213.258: [DefNew: 157247K->157247K(157248K), 0.0000167 secs]2018-03-16T23:59:47.334+0500: 213.258: [Tenured: 317162K->44720K(349568K), 0.1989757 secs] 474409K->44720K(506816K), [Metaspace: 5350K->5350K(1056768K)], 0.1990711 secs] [Times: user=0.20 sys=0.00, real=0.20 secs] 
2018-03-16T23:59:47.563+0500: 213.487: [GC (Allocation Failure) 2018-03-16T23:59:47.563+0500: 213.487: [DefNew: 139776K->17471K(157248K), 0.2539792 secs] 184496K->184496K(506816K), 0.2540425 secs] [Times: user=0.25 sys=0.00, real=0.25 secs] 
2018-03-16T23:59:47.843+0500: 213.767: [GC (Allocation Failure) 2018-03-16T23:59:47.843+0500: 213.767: [DefNew: 157247K->17472K(157248K), 0.2508064 secs] 324272K->324270K(506816K), 0.2508727 secs] [Times: user=0.25 sys=0.00, real=0.25 secs] 
2018-03-16T23:59:48.119+0500: 214.043: [GC (Allocation Failure) 2018-03-16T23:59:48.119+0500: 214.043: [DefNew: 157248K->157248K(157248K), 0.0000154 secs]2018-03-16T23:59:48.119+0500: 214.043: [Tenured: 306798K->34333K(349568K), 0.1783230 secs] 464046K->34333K(506816K), [Metaspace: 5350K->5350K(1056768K)], 0.1784098 secs] [Times: user=0.17 sys=0.00, real=0.18 secs] 
2018-03-16T23:59:48.326+0500: 214.251: [GC (Allocation Failure) 2018-03-16T23:59:48.326+0500: 214.251: [DefNew: 139776K->17472K(157248K), 0.2549769 secs] 174109K->174108K(506816K), 0.2550406 secs] [Times: user=0.25 sys=0.00, real=0.26 secs] 
2018-03-16T23:59:48.607+0500: 214.531: [GC (Allocation Failure) 2018-03-16T23:59:48.608+0500: 214.531: [DefNew: 157248K->17472K(157248K), 0.2520342 secs] 313884K->313883K(506816K), 0.2521189 secs] [Times: user=0.25 sys=0.00, real=0.25 secs] 
2018-03-16T23:59:48.885+0500: 214.808: [GC (Allocation Failure) 2018-03-16T23:59:48.885+0500: 214.808: [DefNew: 157248K->157248K(157248K), 0.0000158 secs]2018-03-16T23:59:48.885+0500: 214.808: [Tenured: 296411K->23970K(349568K), 0.1562467 secs] 453659K->23970K(506816K), [Metaspace: 5350K->5350K(1056768K)], 0.1563348 secs] [Times: user=0.16 sys=0.00, real=0.16 secs] 
2018-03-16T23:59:49.071+0500: 214.995: [GC (Allocation Failure) 2018-03-16T23:59:49.071+0500: 214.995: [DefNew: 139776K->17472K(157248K), 0.2553019 secs] 163746K->163745K(506816K), 0.2553648 secs] [Times: user=0.25 sys=0.00, real=0.25 secs] 
2018-03-16T23:59:49.352+0500: 215.276: [GC (Allocation Failure) 2018-03-16T23:59:49.352+0500: 215.276: [DefNew: 157248K->17472K(157248K), 0.2643874 secs] 303521K->303520K(506816K), 0.2644507 secs] [Times: user=0.27 sys=0.00, real=0.26 secs] 
2018-03-16T23:59:49.649+0500: 215.573: [GC (Allocation Failure) 2018-03-16T23:59:49.649+0500: 215.573: [DefNew: 146063K->146063K(157248K), 0.0000163 secs]2018-03-16T23:59:49.649+0500: 215.573: [Tenured: 286048K->776K(349568K), 0.1372024 secs] 432112K->776K(506816K), [Metaspace: 5350K->5350K(1056768K)], 0.1372884 secs] [Times: user=0.13 sys=0.00, real=0.14 secs] 
2018-03-16T23:59:49.812+0500: 215.736: [GC (Allocation Failure) 2018-03-16T23:59:49.812+0500: 215.736: [DefNew: 139776K->17472K(157248K), 0.2217140 secs] 140552K->140551K(506816K), 0.2217773 secs] [Times: user=0.22 sys=0.00, real=0.22 secs] 
2018-03-16T23:59:50.060+0500: 215.983: [GC (Allocation Failure) 2018-03-16T23:59:50.060+0500: 215.984: [DefNew: 157248K->17472K(157248K), 0.2587334 secs] 280327K->280290K(506816K), 0.2588036 secs] [Times: user=0.27 sys=0.00, real=0.26 secs] 
2018-03-16T23:59:50.347+0500: 216.271: [GC (Allocation Failure) 2018-03-16T23:59:50.347+0500: 216.271: [DefNew: 157248K->157248K(157248K), 0.0000167 secs]2018-03-16T23:59:50.347+0500: 216.271: [Tenured: 262818K->205221K(349568K), 0.4783579 secs] 420066K->205221K(506816K), [Metaspace: 5350K->5350K(1056768K)], 0.4784525 secs] [Times: user=0.48 sys=0.00, real=0.48 secs] 
2018-03-16T23:59:50.851+0500: 216.775: [GC (Allocation Failure) 2018-03-16T23:59:50.851+0500: 216.775: [DefNew: 139776K->17472K(157248K), 0.2361897 secs] 344997K->344996K(506816K), 0.2362530 secs] [Times: user=0.23 sys=0.00, real=0.24 secs] 
2018-03-16T23:59:51.115+0500: 217.039: [GC (Allocation Failure) 2018-03-16T23:59:51.115+0500: 217.039: [DefNew: 157248K->157248K(157248K), 0.0000163 secs]2018-03-16T23:59:51.115+0500: 217.039: [Tenured: 327524K->55084K(349568K), 0.2281027 secs] 484772K->55084K(506816K), [Metaspace: 5350K->5350K(1056768K)], 0.2281943 secs] [Times: user=0.22 sys=0.00, real=0.23 secs] 
2018-03-16T23:59:51.378+0500: 217.301: [GC (Allocation Failure) 2018-03-16T23:59:51.378+0500: 217.301: [DefNew: 139776K->17472K(157248K), 0.2588391 secs] 194860K->194859K(506816K), 0.2589028 secs] [Times: user=0.26 sys=0.00, real=0.26 secs] 
2018-03-16T23:59:51.662+0500: 217.586: [GC (Allocation Failure) 2018-03-16T23:59:51.662+0500: 217.586: [DefNew: 157248K->17471K(157248K), 0.2539112 secs] 334635K->334633K(506816K), 0.2539813 secs] [Times: user=0.26 sys=0.00, real=0.25 secs] 
2018-03-16T23:59:51.941+0500: 217.865: [GC (Allocation Failure) 2018-03-16T23:59:51.941+0500: 217.865: [DefNew: 157247K->157247K(157248K), 0.0000231 secs]2018-03-16T23:59:51.941+0500: 217.865: [Tenured: 317162K->44720K(349568K), 0.1990916 secs] 474409K->44720K(506816K), [Metaspace: 5350K->5350K(1056768K)], 0.1992083 secs] [Times: user=0.20 sys=0.00, real=0.20 secs] 
2018-03-16T23:59:52.169+0500: 218.093: [GC (Allocation Failure) 2018-03-16T23:59:52.169+0500: 218.093: [DefNew: 139776K->17471K(157248K), 0.2713680 secs] 184496K->184496K(506816K), 0.2714352 secs] [Times: user=0.27 sys=0.00, real=0.27 secs] 
2018-03-16T23:59:52.467+0500: 218.391: [GC (Allocation Failure) 2018-03-16T23:59:52.467+0500: 218.391: [DefNew: 157247K->17472K(157248K), 0.2535045 secs] 324272K->324270K(506816K), 0.2535674 secs] [Times: user=0.25 sys=0.00, real=0.25 secs] 
2018-03-16T23:59:52.746+0500: 218.670: [GC (Allocation Failure) 2018-03-16T23:59:52.746+0500: 218.670: [DefNew: 157248K->157248K(157248K), 0.0000175 secs]2018-03-16T23:59:52.746+0500: 218.670: [Tenured: 306798K->34333K(349568K), 0.1761061 secs] 464046K->34333K(506816K), [Metaspace: 5350K->5350K(1056768K)], 0.1761976 secs] [Times: user=0.17 sys=0.00, real=0.18 secs] 
2018-03-16T23:59:52.952+0500: 218.876: [GC (Allocation Failure) 2018-03-16T23:59:52.952+0500: 218.876: [DefNew: 139776K->17472K(157248K), 0.2569565 secs] 174109K->174108K(506816K), 0.2570181 secs] [Times: user=0.25 sys=0.00, real=0.26 secs] 
2018-03-16T23:59:53.234+0500: 219.158: [GC (Allocation Failure) 2018-03-16T23:59:53.235+0500: 219.158: [DefNew: 157248K->17472K(157248K), 0.2644229 secs] 313884K->313883K(506816K), 0.2644965 secs] [Times: user=0.27 sys=0.00, real=0.27 secs] 
2018-03-16T23:59:53.524+0500: 219.448: [GC (Allocation Failure) 2018-03-16T23:59:53.524+0500: 219.448: [DefNew: 157248K->157248K(157248K), 0.0000145 secs]2018-03-16T23:59:53.524+0500: 219.448: [Tenured: 296411K->23970K(349568K), 0.1567543 secs] 453659K->23970K(506816K), [Metaspace: 5350K->5350K(1056768K)], 0.1568394 secs] [Times: user=0.16 sys=0.00, real=0.16 secs] 
2018-03-16T23:59:53.709+0500: 219.633: [GC (Allocation Failure) 2018-03-16T23:59:53.709+0500: 219.633: [DefNew: 139776K->17472K(157248K), 0.2578922 secs] 163746K->163745K(506816K), 0.2579534 secs] [Times: user=0.25 sys=0.00, real=0.26 secs] 
2018-03-16T23:59:53.993+0500: 219.917: [GC (Allocation Failure) 2018-03-16T23:59:53.993+0500: 219.917: [DefNew: 157248K->17472K(157248K), 0.2526304 secs] 303521K->303520K(506816K), 0.2526984 secs] [Times: user=0.25 sys=0.00, real=0.25 secs] 
2018-03-16T23:59:54.272+0500: 220.195: [GC (Allocation Failure) 2018-03-16T23:59:54.272+0500: 220.195: [DefNew: 146063K->146063K(157248K), 0.0000163 secs]2018-03-16T23:59:54.272+0500: 220.195: [Tenured: 286048K->776K(349568K), 0.1362676 secs] 432112K->776K(506816K), [Metaspace: 5350K->5350K(1056768K)], 0.1363505 secs] [Times: user=0.13 sys=0.00, real=0.14 secs] 
2018-03-16T23:59:54.434+0500: 220.357: [GC (Allocation Failure) 2018-03-16T23:59:54.434+0500: 220.357: [DefNew: 139776K->17472K(157248K), 0.2277504 secs] 140552K->140551K(506816K), 0.2278141 secs] [Times: user=0.22 sys=0.00, real=0.23 secs] 
2018-03-16T23:59:54.687+0500: 220.610: [GC (Allocation Failure) 2018-03-16T23:59:54.687+0500: 220.611: [DefNew: 157248K->17472K(157248K), 0.2560473 secs] 280327K->280290K(506816K), 0.2561158 secs] [Times: user=0.25 sys=0.00, real=0.26 secs] 
2018-03-16T23:59:54.971+0500: 220.895: [GC (Allocation Failure) 2018-03-16T23:59:54.971+0500: 220.895: [DefNew: 157248K->157248K(157248K), 0.0000175 secs]2018-03-16T23:59:54.971+0500: 220.895: [Tenured: 262818K->205221K(349568K), 0.4789156 secs] 420066K->205221K(506816K), [Metaspace: 5350K->5350K(1056768K)], 0.4790067 secs] [Times: user=0.48 sys=0.00, real=0.48 secs] 
2018-03-16T23:59:55.476+0500: 221.401: [GC (Allocation Failure) 2018-03-16T23:59:55.476+0500: 221.401: [DefNew: 139776K->17472K(157248K), 0.2435150 secs] 344997K->344996K(506816K), 0.2435830 secs] [Times: user=0.23 sys=0.00, real=0.24 secs] 
2018-03-16T23:59:55.748+0500: 221.672: [GC (Allocation Failure) 2018-03-16T23:59:55.748+0500: 221.672: [DefNew: 157248K->157248K(157248K), 0.0000163 secs]2018-03-16T23:59:55.748+0500: 221.672: [Tenured: 327524K->55084K(349568K), 0.2269297 secs] 484772K->55084K(506816K), [Metaspace: 5350K->5350K(1056768K)], 0.2270208 secs] [Times: user=0.23 sys=0.00, real=0.23 secs] 
2018-03-16T23:59:56.005+0500: 221.928: [GC (Allocation Failure) 2018-03-16T23:59:56.005+0500: 221.928: [DefNew: 139776K->17472K(157248K), 0.2589669 secs] 194860K->194859K(506816K), 0.2590482 secs] [Times: user=0.26 sys=0.00, real=0.26 secs] 
2018-03-16T23:59:56.289+0500: 222.213: [GC (Allocation Failure) 2018-03-16T23:59:56.290+0500: 222.213: [DefNew: 157248K->17471K(157248K), 0.2977171 secs] 334635K->334633K(506816K), 0.2979163 secs] [Times: user=0.30 sys=0.00, real=0.30 secs] 
2018-03-16T23:59:56.617+0500: 222.541: [GC (Allocation Failure) 2018-03-16T23:59:56.617+0500: 222.542: [DefNew: 157247K->157247K(157248K), 0.0000158 secs]2018-03-16T23:59:56.617+0500: 222.542: [Tenured: 317162K->44720K(349568K), 0.2291193 secs] 474409K->44720K(506816K), [Metaspace: 5350K->5350K(1056768K)], 0.2292099 secs] [Times: user=0.22 sys=0.00, real=0.23 secs] 
2018-03-16T23:59:56.879+0500: 222.803: [GC (Allocation Failure) 2018-03-16T23:59:56.879+0500: 222.803: [DefNew: 139776K->17471K(157248K), 0.2766769 secs] 184496K->184496K(506816K), 0.2767483 secs] [Times: user=0.28 sys=0.00, real=0.28 secs] 
2018-03-16T23:59:57.183+0500: 223.106: [GC (Allocation Failure) 2018-03-16T23:59:57.183+0500: 223.106: [DefNew: 157247K->17472K(157248K), 0.2605895 secs] 324272K->324270K(506816K), 0.2606600 secs] [Times: user=0.25 sys=0.00, real=0.26 secs] 
2018-03-16T23:59:57.471+0500: 223.394: [GC (Allocation Failure) 2018-03-16T23:59:57.471+0500: 223.394: [DefNew: 157248K->157248K(157248K), 0.0000210 secs]2018-03-16T23:59:57.471+0500: 223.394: [Tenured: 306798K->34333K(349568K), 0.1787977 secs] 464046K->34333K(506816K), [Metaspace: 5350K->5350K(1056768K)], 0.1788969 secs] [Times: user=0.19 sys=0.00, real=0.18 secs] 
2018-03-16T23:59:57.683+0500: 223.607: [GC (Allocation Failure) 2018-03-16T23:59:57.683+0500: 223.607: [DefNew: 139776K->17472K(157248K), 0.2905637 secs] 174109K->174108K(506816K), 0.2906304 secs] [Times: user=0.28 sys=0.00, real=0.29 secs] 
2018-03-16T23:59:58.004+0500: 223.928: [GC (Allocation Failure) 2018-03-16T23:59:58.004+0500: 223.928: [DefNew: 157248K->17472K(157248K), 0.2858467 secs] 313884K->313883K(506816K), 0.2859237 secs] [Times: user=0.30 sys=0.00, real=0.29 secs] 
2018-03-16T23:59:58.316+0500: 224.241: [GC (Allocation Failure) 2018-03-16T23:59:58.316+0500: 224.241: [DefNew: 157248K->157248K(157248K), 0.0000158 secs]2018-03-16T23:59:58.316+0500: 224.241: [Tenured: 296411K->23970K(349568K), 0.1665270 secs] 453659K->23970K(506816K), [Metaspace: 5350K->5350K(1056768K)], 0.1666143 secs] [Times: user=0.17 sys=0.00, real=0.17 secs] 
2018-03-16T23:59:58.517+0500: 224.441: [GC (Allocation Failure) 2018-03-16T23:59:58.518+0500: 224.441: [DefNew: 139776K->17472K(157248K), 0.3179340 secs] 163746K->163745K(506816K), 0.3180272 secs] [Times: user=0.33 sys=0.00, real=0.32 secs] 
2018-03-16T23:59:58.867+0500: 224.790: [GC (Allocation Failure) 2018-03-16T23:59:58.867+0500: 224.790: [DefNew: 157248K->17472K(157248K), 0.2892123 secs] 303521K->303520K(506816K), 0.2892812 secs] [Times: user=0.28 sys=0.00, real=0.29 secs] 
2018-03-16T23:59:59.182+0500: 225.106: [GC (Allocation Failure) 2018-03-16T23:59:59.182+0500: 225.106: [DefNew: 146063K->146063K(157248K), 0.0000154 secs]2018-03-16T23:59:59.182+0500: 225.106: [Tenured: 286048K->776K(349568K), 0.1407464 secs] 432112K->776K(506816K), [Metaspace: 5350K->5350K(1056768K)], 0.1408353 secs] [Times: user=0.13 sys=0.00, real=0.14 secs] 
2018-03-16T23:59:59.350+0500: 225.274: [GC (Allocation Failure) 2018-03-16T23:59:59.350+0500: 225.274: [DefNew: 139776K->17472K(157248K), 0.2337486 secs] 140552K->140551K(506816K), 0.2338128 secs] [Times: user=0.23 sys=0.00, real=0.23 secs] 
2018-03-16T23:59:59.610+0500: 225.534: [GC (Allocation Failure) 2018-03-16T23:59:59.610+0500: 225.534: [DefNew: 157248K->17472K(157248K), 0.2604928 secs] 280327K->280290K(506816K), 0.2605544 secs] [Times: user=0.27 sys=0.00, real=0.26 secs] 
2018-03-16T23:59:59.900+0500: 225.823: [GC (Allocation Failure) 2018-03-16T23:59:59.900+0500: 225.823: [DefNew: 157248K->157248K(157248K), 0.0000192 secs]2018-03-16T23:59:59.900+0500: 225.823: [Tenured: 262818K->205221K(349568K), 0.4845534 secs] 420066K->205221K(506816K), [Metaspace: 5350K->5350K(1056768K)], 0.4846671 secs] [Times: user=0.49 sys=0.00, real=0.48 secs] 
2018-03-17T00:00:00.410+0500: 226.334: [GC (Allocation Failure) 2018-03-17T00:00:00.410+0500: 226.334: [DefNew: 139776K->17472K(157248K), 0.2289786 secs] 344997K->344996K(506816K), 0.2290393 secs] [Times: user=0.24 sys=0.00, real=0.23 secs] 
2018-03-17T00:00:00.664+0500: 226.588: [GC (Allocation Failure) 2018-03-17T00:00:00.664+0500: 226.588: [DefNew: 157248K->157248K(157248K), 0.0000167 secs]2018-03-17T00:00:00.664+0500: 226.588: [Tenured: 327524K->55084K(349568K), 0.2221023 secs] 484772K->55084K(506816K), [Metaspace: 5350K->5350K(1056768K)], 0.2221926 secs] [Times: user=0.22 sys=0.00, real=0.22 secs] 
2018-03-17T00:00:00.915+0500: 226.839: [GC (Allocation Failure) 2018-03-17T00:00:00.915+0500: 226.839: [DefNew: 139776K->17472K(157248K), 0.2608302 secs] 194860K->194859K(506816K), 0.2608914 secs] [Times: user=0.25 sys=0.00, real=0.26 secs] 
2018-03-17T00:00:01.201+0500: 227.126: [GC (Allocation Failure) 2018-03-17T00:00:01.201+0500: 227.126: [DefNew: 157248K->17471K(157248K), 0.2501397 secs] 334635K->334633K(506816K), 0.2501988 secs] [Times: user=0.25 sys=0.00, real=0.25 secs] 
2018-03-17T00:00:01.479+0500: 227.402: [GC (Allocation Failure) 2018-03-17T00:00:01.479+0500: 227.402: [DefNew: 157247K->157247K(157248K), 0.0000265 secs]2018-03-17T00:00:01.479+0500: 227.402: [Tenured: 317162K->44720K(349568K), 0.2013825 secs] 474409K->44720K(506816K), [Metaspace: 5350K->5350K(1056768K)], 0.2014894 secs] [Times: user=0.20 sys=0.00, real=0.20 secs] 
2018-03-17T00:00:01.708+0500: 227.632: [GC (Allocation Failure) 2018-03-17T00:00:01.708+0500: 227.632: [DefNew: 139776K->17471K(157248K), 0.2679459 secs] 184496K->184496K(506816K), 0.2680097 secs] [Times: user=0.28 sys=0.00, real=0.27 secs] 
2018-03-17T00:00:02.002+0500: 227.926: [GC (Allocation Failure) 2018-03-17T00:00:02.002+0500: 227.926: [DefNew: 157247K->17472K(157248K), 0.2504263 secs] 324272K->324270K(506816K), 0.2504870 secs] [Times: user=0.25 sys=0.00, real=0.25 secs] 
2018-03-17T00:00:02.278+0500: 228.202: [GC (Allocation Failure) 2018-03-17T00:00:02.278+0500: 228.202: [DefNew: 157248K->157248K(157248K), 0.0000171 secs]2018-03-17T00:00:02.278+0500: 228.202: [Tenured: 306798K->34333K(349568K), 0.1772466 secs] 464046K->34333K(506816K), [Metaspace: 5350K->5350K(1056768K)], 0.1773377 secs] [Times: user=0.17 sys=0.00, real=0.18 secs] 
2018-03-17T00:00:02.484+0500: 228.408: [GC (Allocation Failure) 2018-03-17T00:00:02.484+0500: 228.408: [DefNew: 139776K->17472K(157248K), 0.2614589 secs] 174109K->174108K(506816K), 0.2615213 secs] [Times: user=0.27 sys=0.00, real=0.26 secs] 
2018-03-17T00:00:02.772+0500: 228.695: [GC (Allocation Failure) 2018-03-17T00:00:02.772+0500: 228.695: [DefNew: 157248K->17472K(157248K), 0.2526312 secs] 313884K->313883K(506816K), 0.2527082 secs] [Times: user=0.25 sys=0.00, real=0.25 secs] 
2018-03-17T00:00:03.050+0500: 228.973: [GC (Allocation Failure) 2018-03-17T00:00:03.050+0500: 228.973: [DefNew: 157248K->157248K(157248K), 0.0000265 secs]2018-03-17T00:00:03.050+0500: 228.973: [Tenured: 296411K->23970K(349568K), 0.1541101 secs] 453659K->23970K(506816K), [Metaspace: 5350K->5350K(1056768K)], 0.1542115 secs] [Times: user=0.16 sys=0.00, real=0.15 secs] 
2018-03-17T00:00:03.232+0500: 229.155: [GC (Allocation Failure) 2018-03-17T00:00:03.232+0500: 229.155: [DefNew: 139776K->17472K(157248K), 0.2579132 secs] 163746K->163745K(506816K), 0.2579825 secs] [Times: user=0.25 sys=0.00, real=0.26 secs] 
2018-03-17T00:00:03.515+0500: 229.439: [GC (Allocation Failure) 2018-03-17T00:00:03.515+0500: 229.439: [DefNew: 157248K->17472K(157248K), 0.2541699 secs] 303521K->303520K(506816K), 0.2542495 secs] [Times: user=0.25 sys=0.00, real=0.25 secs] 
2018-03-17T00:00:03.794+0500: 229.719: [GC (Allocation Failure) 2018-03-17T00:00:03.794+0500: 229.719: [DefNew: 146063K->146063K(157248K), 0.0000154 secs]2018-03-17T00:00:03.794+0500: 229.719: [Tenured: 286048K->776K(349568K), 0.1373709 secs] 432112K->776K(506816K), [Metaspace: 5350K->5350K(1056768K)], 0.1374556 secs] [Times: user=0.14 sys=0.00, real=0.14 secs] 
2018-03-17T00:00:03.957+0500: 229.882: [GC (Allocation Failure) 2018-03-17T00:00:03.957+0500: 229.882: [DefNew: 139776K->17472K(157248K), 0.2225958 secs] 140552K->140551K(506816K), 0.2226724 secs] [Times: user=0.24 sys=0.00, real=0.22 secs] 
2018-03-17T00:00:04.206+0500: 230.130: [GC (Allocation Failure) 2018-03-17T00:00:04.206+0500: 230.130: [DefNew: 157248K->17472K(157248K), 0.2561128 secs] 280327K->280290K(506816K), 0.2561769 secs] [Times: user=0.27 sys=0.00, real=0.26 secs] 
2018-03-17T00:00:04.490+0500: 230.414: [GC (Allocation Failure) 2018-03-17T00:00:04.490+0500: 230.414: [DefNew: 157248K->157248K(157248K), 0.0000163 secs]2018-03-17T00:00:04.490+0500: 230.414: [Tenured: 262818K->205221K(349568K), 0.4709211 secs] 420066K->205221K(506816K), [Metaspace: 5350K->5350K(1056768K)], 0.4710117 secs] [Times: user=0.48 sys=0.00, real=0.47 secs] 
2018-03-17T00:00:04.989+0500: 230.913: [GC (Allocation Failure) 2018-03-17T00:00:04.989+0500: 230.913: [DefNew: 139776K->17472K(157248K), 0.2252918 secs] 344997K->344996K(506816K), 0.2253504 secs] [Times: user=0.23 sys=0.00, real=0.23 secs] 
2018-03-17T00:00:05.240+0500: 231.165: [GC (Allocation Failure) 2018-03-17T00:00:05.240+0500: 231.165: [DefNew: 157248K->157248K(157248K), 0.0000163 secs]2018-03-17T00:00:05.240+0500: 231.165: [Tenured: 327524K->55084K(349568K), 0.2221862 secs] 484772K->55084K(506816K), [Metaspace: 5350K->5350K(1056768K)], 0.2222760 secs] [Times: user=0.22 sys=0.00, real=0.22 secs] 
2018-03-17T00:00:05.492+0500: 231.416: [GC (Allocation Failure) 2018-03-17T00:00:05.492+0500: 231.416: [DefNew: 139776K->17472K(157248K), 0.2539647 secs] 194860K->194859K(506816K), 0.2540241 secs] [Times: user=0.25 sys=0.00, real=0.25 secs] 
2018-03-17T00:00:05.771+0500: 231.695: [GC (Allocation Failure) 2018-03-17T00:00:05.771+0500: 231.695: [DefNew: 157248K->17471K(157248K), 0.2498284 secs] 334635K->334633K(506816K), 0.2498913 secs] [Times: user=0.25 sys=0.00, real=0.25 secs] 
2018-03-17T00:00:06.046+0500: 231.970: [GC (Allocation Failure) 2018-03-17T00:00:06.046+0500: 231.970: [DefNew: 157247K->157247K(157248K), 0.0000175 secs]2018-03-17T00:00:06.046+0500: 231.970: [Tenured: 317162K->44720K(349568K), 0.2008882 secs] 474409K->44720K(506816K), [Metaspace: 5350K->5350K(1056768K)], 0.2009822 secs] [Times: user=0.20 sys=0.00, real=0.20 secs] 
2018-03-17T00:00:06.276+0500: 232.200: [GC (Allocation Failure) 2018-03-17T00:00:06.276+0500: 232.200: [DefNew: 139776K->17471K(157248K), 0.2565875 secs] 184496K->184496K(506816K), 0.2566495 secs] [Times: user=0.25 sys=0.00, real=0.26 secs] 
2018-03-17T00:00:06.560+0500: 232.484: [GC (Allocation Failure) 2018-03-17T00:00:06.560+0500: 232.484: [DefNew: 157247K->17472K(157248K), 0.2510472 secs] 324272K->324270K(506816K), 0.2511079 secs] [Times: user=0.25 sys=0.00, real=0.25 secs] 
2018-03-17T00:00:06.837+0500: 232.762: [GC (Allocation Failure) 2018-03-17T00:00:06.837+0500: 232.762: [DefNew: 157248K->157248K(157248K), 0.0000163 secs]2018-03-17T00:00:06.837+0500: 232.762: [Tenured: 306798K->34333K(349568K), 0.1785001 secs] 464046K->34333K(506816K), [Metaspace: 5350K->5350K(1056768K)], 0.1785894 secs] [Times: user=0.17 sys=0.00, real=0.18 secs] 
2018-03-17T00:00:07.046+0500: 232.970: [GC (Allocation Failure) 2018-03-17T00:00:07.046+0500: 232.970: [DefNew: 139776K->17472K(157248K), 0.2577259 secs] 174109K->174108K(506816K), 0.2577905 secs] [Times: user=0.27 sys=0.00, real=0.26 secs] 
2018-03-17T00:00:07.330+0500: 233.254: [GC (Allocation Failure) 2018-03-17T00:00:07.331+0500: 233.254: [DefNew: 157248K->17472K(157248K), 0.2625443 secs] 313884K->313883K(506816K), 0.2626191 secs] [Times: user=0.27 sys=0.00, real=0.26 secs] 
2018-03-17T00:00:07.621+0500: 233.545: [GC (Allocation Failure) 2018-03-17T00:00:07.621+0500: 233.545: [DefNew: 157248K->157248K(157248K), 0.0000158 secs]2018-03-17T00:00:07.621+0500: 233.545: [Tenured: 296411K->23970K(349568K), 0.1556894 secs] 453659K->23970K(506816K), [Metaspace: 5350K->5350K(1056768K)], 0.1557737 secs] [Times: user=0.16 sys=0.00, real=0.16 secs] 
2018-03-17T00:00:07.805+0500: 233.729: [GC (Allocation Failure) 2018-03-17T00:00:07.805+0500: 233.729: [DefNew: 139776K->17472K(157248K), 0.2608332 secs] 163746K->163745K(506816K), 0.2608986 secs] [Times: user=0.23 sys=0.00, real=0.26 secs] 
2018-03-17T00:00:08.091+0500: 234.016: [GC (Allocation Failure) 2018-03-17T00:00:08.092+0500: 234.016: [DefNew: 157248K->17472K(157248K), 0.2529092 secs] 303521K->303520K(506816K), 0.2529900 secs] [Times: user=0.25 sys=0.00, real=0.25 secs] 
2018-03-17T00:00:08.371+0500: 234.294: [GC (Allocation Failure) 2018-03-17T00:00:08.371+0500: 234.294: [DefNew: 146063K->146063K(157248K), 0.0000163 secs]2018-03-17T00:00:08.371+0500: 234.294: [Tenured: 286048K->776K(349568K), 0.1375167 secs] 432112K->776K(506816K), [Metaspace: 5350K->5350K(1056768K)], 0.1375984 secs] [Times: user=0.14 sys=0.00, real=0.14 secs] 
2018-03-17T00:00:08.534+0500: 234.458: [GC (Allocation Failure) 2018-03-17T00:00:08.534+0500: 234.458: [DefNew: 139776K->17472K(157248K), 0.2386551 secs] 140552K->140551K(506816K), 0.2387180 secs] [Times: user=0.25 sys=0.00, real=0.24 secs] 
2018-03-17T00:00:08.799+0500: 234.723: [GC (Allocation Failure) 2018-03-17T00:00:08.799+0500: 234.723: [DefNew: 157248K->17472K(157248K), 0.2558523 secs] 280327K->280290K(506816K), 0.2559152 secs] [Times: user=0.26 sys=0.00, real=0.26 secs] 
2018-03-17T00:00:09.083+0500: 235.007: [GC (Allocation Failure) 2018-03-17T00:00:09.083+0500: 235.007: [DefNew: 157248K->157248K(157248K), 0.0000167 secs]2018-03-17T00:00:09.083+0500: 235.007: [Tenured: 262818K->205221K(349568K), 0.4698438 secs] 420066K->205221K(506816K), [Metaspace: 5350K->5350K(1056768K)], 0.4699392 secs] [Times: user=0.47 sys=0.00, real=0.47 secs] 
2018-03-17T00:00:09.578+0500: 235.502: [GC (Allocation Failure) 2018-03-17T00:00:09.578+0500: 235.502: [DefNew: 139776K->17472K(157248K), 0.2386602 secs] 344997K->344996K(506816K), 0.2387244 secs] [Times: user=0.24 sys=0.00, real=0.24 secs] 
2018-03-17T00:00:09.843+0500: 235.766: [GC (Allocation Failure) 2018-03-17T00:00:09.843+0500: 235.766: [DefNew: 157248K->157248K(157248K), 0.0000163 secs]2018-03-17T00:00:09.843+0500: 235.766: [Tenured: 327524K->55084K(349568K), 0.2213505 secs] 484772K->55084K(506816K), [Metaspace: 5350K->5350K(1056768K)], 0.2214399 secs] [Times: user=0.22 sys=0.00, real=0.22 secs] 
2018-03-17T00:00:10.093+0500: 236.017: [GC (Allocation Failure) 2018-03-17T00:00:10.093+0500: 236.017: [DefNew: 139776K->17472K(157248K), 0.2640201 secs] 194860K->194859K(506816K), 0.2640821 secs] [Times: user=0.26 sys=0.00, real=0.26 secs] 
2018-03-17T00:00:10.382+0500: 236.306: [GC (Allocation Failure) 2018-03-17T00:00:10.382+0500: 236.306: [DefNew: 157248K->17471K(157248K), 0.2510190 secs] 334635K->334633K(506816K), 0.2510797 secs] [Times: user=0.25 sys=0.00, real=0.25 secs] 
2018-03-17T00:00:10.659+0500: 236.583: [GC (Allocation Failure) 2018-03-17T00:00:10.659+0500: 236.583: [DefNew: 157247K->157247K(157248K), 0.0000167 secs]2018-03-17T00:00:10.659+0500: 236.583: [Tenured: 317162K->44720K(349568K), 0.1990338 secs] 474409K->44720K(506816K), [Metaspace: 5350K->5350K(1056768K)], 0.1991356 secs] [Times: user=0.20 sys=0.00, real=0.20 secs] 
2018-03-17T00:00:10.887+0500: 236.811: [GC (Allocation Failure) 2018-03-17T00:00:10.887+0500: 236.811: [DefNew: 139776K->17471K(157248K), 0.2572148 secs] 184496K->184496K(506816K), 0.2572786 secs] [Times: user=0.25 sys=0.00, real=0.26 secs] 
2018-03-17T00:00:11.171+0500: 237.094: [GC (Allocation Failure) 2018-03-17T00:00:11.171+0500: 237.094: [DefNew: 157247K->17472K(157248K), 0.2503292 secs] 324272K->324270K(506816K), 0.2503933 secs] [Times: user=0.23 sys=0.00, real=0.25 secs] 
2018-03-17T00:00:11.447+0500: 237.370: [GC (Allocation Failure) 2018-03-17T00:00:11.447+0500: 237.370: [DefNew: 157248K->157248K(157248K), 0.0000248 secs]2018-03-17T00:00:11.447+0500: 237.370: [Tenured: 306798K->34333K(349568K), 0.1795508 secs] 464046K->34333K(506816K), [Metaspace: 5350K->5350K(1056768K)], 0.1796513 secs] [Times: user=0.17 sys=0.00, real=0.18 secs] 
2018-03-17T00:00:11.657+0500: 237.581: [GC (Allocation Failure) 2018-03-17T00:00:11.657+0500: 237.581: [DefNew: 139776K->17472K(157248K), 0.2616257 secs] 174109K->174108K(506816K), 0.2616924 secs] [Times: user=0.27 sys=0.00, real=0.26 secs] 
2018-03-17T00:00:11.945+0500: 237.869: [GC (Allocation Failure) 2018-03-17T00:00:11.945+0500: 237.869: [DefNew: 157248K->17472K(157248K), 0.2672168 secs] 313884K->313883K(506816K), 0.2672839 secs] [Times: user=0.26 sys=0.00, real=0.27 secs] 
2018-03-17T00:00:12.241+0500: 238.165: [GC (Allocation Failure) 2018-03-17T00:00:12.241+0500: 238.165: [DefNew: 157248K->157248K(157248K), 0.0000167 secs]2018-03-17T00:00:12.241+0500: 238.165: [Tenured: 296411K->23970K(349568K), 0.1588656 secs] 453659K->23970K(506816K), [Metaspace: 5350K->5350K(1056768K)], 0.1589687 secs] [Times: user=0.16 sys=0.00, real=0.16 secs] 
2018-03-17T00:00:12.428+0500: 238.353: [GC (Allocation Failure) 2018-03-17T00:00:12.428+0500: 238.353: [DefNew: 139776K->17472K(157248K), 0.2586680 secs] 163746K->163745K(506816K), 0.2587317 secs] [Times: user=0.25 sys=0.00, real=0.26 secs] 
2018-03-17T00:00:12.713+0500: 238.637: [GC (Allocation Failure) 2018-03-17T00:00:12.713+0500: 238.637: [DefNew: 157248K->17472K(157248K), 0.2532176 secs] 303521K->303520K(506816K), 0.2532787 secs] [Times: user=0.25 sys=0.00, real=0.25 secs] 
2018-03-17T00:00:12.992+0500: 238.916: [GC (Allocation Failure) 2018-03-17T00:00:12.992+0500: 238.916: [DefNew: 146063K->146063K(157248K), 0.0000192 secs]2018-03-17T00:00:12.992+0500: 238.916: [Tenured: 286048K->776K(349568K), 0.1408469 secs] 432112K->776K(506816K), [Metaspace: 5350K->5350K(1056768K)], 0.1409380 secs] [Times: user=0.14 sys=0.00, real=0.14 secs] 
2018-03-17T00:00:13.159+0500: 239.083: [GC (Allocation Failure) 2018-03-17T00:00:13.159+0500: 239.083: [DefNew: 139776K->17472K(157248K), 0.2222674 secs] 140552K->140551K(506816K), 0.2223290 secs] [Times: user=0.23 sys=0.00, real=0.22 secs] 
2018-03-17T00:00:13.406+0500: 239.330: [GC (Allocation Failure) 2018-03-17T00:00:13.406+0500: 239.331: [DefNew: 157248K->17472K(157248K), 0.2583447 secs] 280327K->280290K(506816K), 0.2584063 secs] [Times: user=0.27 sys=0.00, real=0.26 secs] 
2018-03-17T00:00:13.698+0500: 239.623: [GC (Allocation Failure) 2018-03-17T00:00:13.698+0500: 239.623: [DefNew: 157248K->157248K(157248K), 0.0000158 secs]2018-03-17T00:00:13.698+0500: 239.623: [Tenured: 262818K->205221K(349568K), 0.4760135 secs] 420066K->205221K(506816K), [Metaspace: 5350K->5350K(1056768K)], 0.4761034 secs] [Times: user=0.47 sys=0.00, real=0.48 secs] 
2018-03-17T00:00:14.200+0500: 240.124: [GC (Allocation Failure) 2018-03-17T00:00:14.201+0500: 240.124: [DefNew: 139776K->17472K(157248K), 0.2266359 secs] 344997K->344996K(506816K), 0.2267133 secs] [Times: user=0.22 sys=0.00, real=0.23 secs] 
2018-03-17T00:00:14.453+0500: 240.377: [GC (Allocation Failure) 2018-03-17T00:00:14.454+0500: 240.377: [DefNew: 157248K->157248K(157248K), 0.0000278 secs]2018-03-17T00:00:14.454+0500: 240.377: [Tenured: 327524K->55084K(349568K), 0.2216285 secs] 484772K->55084K(506816K), [Metaspace: 5350K->5350K(1056768K)], 0.2217820 secs] [Times: user=0.22 sys=0.00, real=0.22 secs] 
2018-03-17T00:00:14.704+0500: 240.628: [GC (Allocation Failure) 2018-03-17T00:00:14.704+0500: 240.628: [DefNew: 139776K->17472K(157248K), 0.2597264 secs] 194860K->194859K(506816K), 0.2598107 secs] [Times: user=0.26 sys=0.00, real=0.26 secs] 
2018-03-17T00:00:14.989+0500: 240.913: [GC (Allocation Failure) 2018-03-17T00:00:14.989+0500: 240.913: [DefNew: 157248K->17471K(157248K), 0.2512961 secs] 334635K->334633K(506816K), 0.2513551 secs] [Times: user=0.26 sys=0.00, real=0.25 secs] 
2018-03-17T00:00:15.266+0500: 241.190: [GC (Allocation Failure) 2018-03-17T00:00:15.266+0500: 241.190: [DefNew: 157247K->157247K(157248K), 0.0000158 secs]2018-03-17T00:00:15.266+0500: 241.190: [Tenured: 317162K->44720K(349568K), 0.1990296 secs] 474409K->44720K(506816K), [Metaspace: 5350K->5350K(1056768K)], 0.1991527 secs] [Times: user=0.20 sys=0.00, real=0.20 secs] 
2018-03-17T00:00:15.494+0500: 241.418: [GC (Allocation Failure) 2018-03-17T00:00:15.494+0500: 241.418: [DefNew: 139776K->17471K(157248K), 0.2585277 secs] 184496K->184496K(506816K), 0.2586004 secs] [Times: user=0.25 sys=0.00, real=0.26 secs] 
2018-03-17T00:00:15.778+0500: 241.702: [GC (Allocation Failure) 2018-03-17T00:00:15.778+0500: 241.702: [DefNew: 157247K->17472K(157248K), 0.2506384 secs] 324272K->324270K(506816K), 0.2506995 secs] [Times: user=0.25 sys=0.00, real=0.25 secs] 
2018-03-17T00:00:16.054+0500: 241.978: [GC (Allocation Failure) 2018-03-17T00:00:16.054+0500: 241.978: [DefNew: 157248K->157248K(157248K), 0.0000145 secs]2018-03-17T00:00:16.054+0500: 241.978: [Tenured: 306798K->34333K(349568K), 0.1775849 secs] 464046K->34333K(506816K), [Metaspace: 5350K->5350K(1056768K)], 0.1776696 secs] [Times: user=0.17 sys=0.00, real=0.18 secs] 
2018-03-17T00:00:16.261+0500: 242.185: [GC (Allocation Failure) 2018-03-17T00:00:16.261+0500: 242.185: [DefNew: 139776K->17472K(157248K), 0.2554238 secs] 174109K->174108K(506816K), 0.2554824 secs] [Times: user=0.25 sys=0.00, real=0.26 secs] 
2018-03-17T00:00:16.543+0500: 242.467: [GC (Allocation Failure) 2018-03-17T00:00:16.543+0500: 242.467: [DefNew: 157248K->17472K(157248K), 0.2522519 secs] 313884K->313883K(506816K), 0.2523221 secs] [Times: user=0.25 sys=0.00, real=0.25 secs] 
2018-03-17T00:00:16.822+0500: 242.745: [GC (Allocation Failure) 2018-03-17T00:00:16.822+0500: 242.745: [DefNew: 157248K->157248K(157248K), 0.0000175 secs]2018-03-17T00:00:16.822+0500: 242.745: [Tenured: 296411K->23970K(349568K), 0.1645474 secs] 453659K->23970K(506816K), [Metaspace: 5350K->5350K(1056768K)], 0.1646372 secs] [Times: user=0.16 sys=0.00, real=0.16 secs] 
2018-03-17T00:00:17.014+0500: 242.938: [GC (Allocation Failure) 2018-03-17T00:00:17.014+0500: 242.938: [DefNew: 139776K->17472K(157248K), 0.2586244 secs] 163746K->163745K(506816K), 0.2586843 secs] [Times: user=0.27 sys=0.00, real=0.26 secs] 
2018-03-17T00:00:17.299+0500: 243.222: [GC (Allocation Failure) 2018-03-17T00:00:17.299+0500: 243.222: [DefNew: 157248K->17472K(157248K), 0.2571746 secs] 303521K->303520K(506816K), 0.2572354 secs] [Times: user=0.27 sys=0.00, real=0.26 secs] 
2018-03-17T00:00:17.581+0500: 243.505: [GC (Allocation Failure) 2018-03-17T00:00:17.581+0500: 243.505: [DefNew: 146063K->146063K(157248K), 0.0000158 secs]2018-03-17T00:00:17.581+0500: 243.505: [Tenured: 286048K->776K(349568K), 0.1379901 secs] 432112K->776K(506816K), [Metaspace: 5350K->5350K(1056768K)], 0.1380761 secs] [Times: user=0.14 sys=0.00, real=0.14 secs] 
2018-03-17T00:00:17.745+0500: 243.669: [GC (Allocation Failure) 2018-03-17T00:00:17.745+0500: 243.669: [DefNew: 139776K->17472K(157248K), 0.2237227 secs] 140552K->140551K(506816K), 0.2237843 secs] [Times: user=0.22 sys=0.00, real=0.22 secs] 
2018-03-17T00:00:17.994+0500: 243.918: [GC (Allocation Failure) 2018-03-17T00:00:17.994+0500: 243.918: [DefNew: 157248K->17472K(157248K), 0.2547584 secs] 280327K->280290K(506816K), 0.2548204 secs] [Times: user=0.25 sys=0.00, real=0.26 secs] 
2018-03-17T00:00:18.279+0500: 244.202: [GC (Allocation Failure) 2018-03-17T00:00:18.279+0500: 244.202: [DefNew: 157248K->157248K(157248K), 0.0000163 secs]2018-03-17T00:00:18.279+0500: 244.202: [Tenured: 262818K->205221K(349568K), 0.4811343 secs] 420066K->205221K(506816K), [Metaspace: 5350K->5350K(1056768K)], 0.4812249 secs] [Times: user=0.48 sys=0.00, real=0.48 secs] 
2018-03-17T00:00:18.785+0500: 244.709: [GC (Allocation Failure) 2018-03-17T00:00:18.785+0500: 244.709: [DefNew: 139776K->17472K(157248K), 0.2242483 secs] 344997K->344996K(506816K), 0.2243090 secs] [Times: user=0.23 sys=0.00, real=0.22 secs] 
2018-03-17T00:00:19.037+0500: 244.961: [GC (Allocation Failure) 2018-03-17T00:00:19.037+0500: 244.961: [DefNew: 157248K->157248K(157248K), 0.0000163 secs]2018-03-17T00:00:19.037+0500: 244.961: [Tenured: 327524K->55084K(349568K), 0.2234443 secs] 484772K->55084K(506816K), [Metaspace: 5350K->5350K(1056768K)], 0.2235328 secs] [Times: user=0.22 sys=0.00, real=0.22 secs] 
2018-03-17T00:00:19.289+0500: 245.213: [GC (Allocation Failure) 2018-03-17T00:00:19.289+0500: 245.213: [DefNew: 139776K->17472K(157248K), 0.2562304 secs] 194860K->194859K(506816K), 0.2563061 secs] [Times: user=0.25 sys=0.00, real=0.26 secs] 
2018-03-17T00:00:19.571+0500: 245.495: [GC (Allocation Failure) 2018-03-17T00:00:19.572+0500: 245.495: [DefNew: 157248K->17471K(157248K), 0.2502471 secs] 334635K->334633K(506816K), 0.2503356 secs] [Times: user=0.25 sys=0.00, real=0.25 secs] 
2018-03-17T00:00:19.847+0500: 245.771: [GC (Allocation Failure) 2018-03-17T00:00:19.847+0500: 245.771: [DefNew: 157247K->157247K(157248K), 0.0000171 secs]2018-03-17T00:00:19.847+0500: 245.771: [Tenured: 317162K->44720K(349568K), 0.2010451 secs] 474409K->44720K(506816K), [Metaspace: 5350K->5350K(1056768K)], 0.2011341 secs] [Times: user=0.20 sys=0.00, real=0.20 secs] 
2018-03-17T00:00:20.077+0500: 246.001: [GC (Allocation Failure) 2018-03-17T00:00:20.077+0500: 246.001: [DefNew: 139776K->17471K(157248K), 0.2543654 secs] 184496K->184496K(506816K), 0.2544253 secs] [Times: user=0.25 sys=0.00, real=0.25 secs] 
2018-03-17T00:00:20.357+0500: 246.281: [GC (Allocation Failure) 2018-03-17T00:00:20.357+0500: 246.281: [DefNew: 157247K->17472K(157248K), 0.2490270 secs] 324272K->324270K(506816K), 0.2490911 secs] [Times: user=0.25 sys=0.00, real=0.25 secs] 
2018-03-17T00:00:20.632+0500: 246.556: [GC (Allocation Failure) 2018-03-17T00:00:20.632+0500: 246.556: [DefNew: 157248K->157248K(157248K), 0.0000167 secs]2018-03-17T00:00:20.632+0500: 246.556: [Tenured: 306798K->34333K(349568K), 0.1773270 secs] 464046K->34333K(506816K), [Metaspace: 5350K->5350K(1056768K)], 0.1774160 secs] [Times: user=0.17 sys=0.00, real=0.18 secs] 
2018-03-17T00:00:20.838+0500: 246.762: [GC (Allocation Failure) 2018-03-17T00:00:20.838+0500: 246.762: [DefNew: 139776K->17472K(157248K), 0.2576087 secs] 174109K->174108K(506816K), 0.2576729 secs] [Times: user=0.25 sys=0.00, real=0.26 secs] 
2018-03-17T00:00:21.124+0500: 247.048: [GC (Allocation Failure) 2018-03-17T00:00:21.124+0500: 247.048: [DefNew: 157248K->17472K(157248K), 0.2581638 secs] 313884K->313883K(506816K), 0.2582241 secs] [Times: user=0.27 sys=0.00, real=0.26 secs] 
2018-03-17T00:00:21.408+0500: 247.332: [GC (Allocation Failure) 2018-03-17T00:00:21.408+0500: 247.332: [DefNew: 157248K->157248K(157248K), 0.0000158 secs]2018-03-17T00:00:21.408+0500: 247.332: [Tenured: 296411K->23970K(349568K), 0.1582015 secs] 453659K->23970K(506816K), [Metaspace: 5350K->5350K(1056768K)], 0.1582879 secs] [Times: user=0.16 sys=0.00, real=0.16 secs] 
2018-03-17T00:00:21.594+0500: 247.518: [GC (Allocation Failure) 2018-03-17T00:00:21.594+0500: 247.518: [DefNew: 139776K->17472K(157248K), 0.2556158 secs] 163746K->163745K(506816K), 0.2556873 secs] [Times: user=0.27 sys=0.00, real=0.26 secs] 
2018-03-17T00:00:21.875+0500: 247.799: [GC (Allocation Failure) 2018-03-17T00:00:21.875+0500: 247.799: [DefNew: 157248K->17472K(157248K), 0.2531620 secs] 303521K->303520K(506816K), 0.2532235 secs] [Times: user=0.25 sys=0.00, real=0.25 secs] 
2018-03-17T00:00:22.155+0500: 248.080: [GC (Allocation Failure) 2018-03-17T00:00:22.155+0500: 248.080: [DefNew: 146063K->146063K(157248K), 0.0000163 secs]2018-03-17T00:00:22.155+0500: 248.080: [Tenured: 286048K->776K(349568K), 0.1363189 secs] 432112K->776K(506816K), [Metaspace: 5350K->5350K(1056768K)], 0.1364031 secs] [Times: user=0.14 sys=0.00, real=0.14 secs] 
2018-03-17T00:00:22.317+0500: 248.242: [GC (Allocation Failure) 2018-03-17T00:00:22.317+0500: 248.242: [DefNew: 139776K->17472K(157248K), 0.2257776 secs] 140552K->140551K(506816K), 0.2258375 secs] [Times: user=0.23 sys=0.00, real=0.23 secs] 
2018-03-17T00:00:22.570+0500: 248.494: [GC (Allocation Failure) 2018-03-17T00:00:22.570+0500: 248.494: [DefNew: 157248K->17472K(157248K), 0.2742068 secs] 280327K->280290K(506816K), 0.2742769 secs] [Times: user=0.26 sys=0.00, real=0.27 secs] 
2018-03-17T00:00:22.873+0500: 248.797: [GC (Allocation Failure) 2018-03-17T00:00:22.873+0500: 248.797: [DefNew: 157248K->157248K(157248K), 0.0000180 secs]2018-03-17T00:00:22.873+0500: 248.797: [Tenured: 262818K->205221K(349568K), 0.4840735 secs] 420066K->205221K(506816K), [Metaspace: 5350K->5350K(1056768K)], 0.4841929 secs] [Times: user=0.49 sys=0.00, real=0.48 secs] 
2018-03-17T00:00:23.383+0500: 249.308: [GC (Allocation Failure) 2018-03-17T00:00:23.383+0500: 249.308: [DefNew: 139776K->17472K(157248K), 0.2380034 secs] 344997K->344996K(506816K), 0.2380722 secs] [Times: user=0.23 sys=0.00, real=0.24 secs] 
2018-03-17T00:00:23.647+0500: 249.572: [GC (Allocation Failure) 2018-03-17T00:00:23.648+0500: 249.572: [DefNew: 157248K->157248K(157248K), 0.0000316 secs]2018-03-17T00:00:23.648+0500: 249.572: [Tenured: 327524K->55084K(349568K), 0.2302427 secs] 484772K->55084K(506816K), [Metaspace: 5350K->5350K(1056768K)], 0.2303813 secs] [Times: user=0.22 sys=0.00, real=0.23 secs] 
2018-03-17T00:00:23.912+0500: 249.836: [GC (Allocation Failure) 2018-03-17T00:00:23.912+0500: 249.836: [DefNew: 139776K->17472K(157248K), 0.2701257 secs] 194860K->194859K(506816K), 0.2701822 secs] [Times: user=0.28 sys=0.00, real=0.27 secs] 
2018-03-17T00:00:24.210+0500: 250.133: [GC (Allocation Failure) 2018-03-17T00:00:24.210+0500: 250.133: [DefNew: 157248K->17471K(157248K), 0.2587351 secs] 334635K->334633K(506816K), 0.2587989 secs] [Times: user=0.25 sys=0.00, real=0.26 secs] 
2018-03-17T00:00:24.495+0500: 250.418: [GC (Allocation Failure) 2018-03-17T00:00:24.495+0500: 250.418: [DefNew: 157247K->157247K(157248K), 0.0000334 secs]2018-03-17T00:00:24.495+0500: 250.419: [Tenured: 317162K->44720K(349568K), 0.2005520 secs] 474409K->44720K(506816K), [Metaspace: 5350K->5350K(1056768K)], 0.2007030 secs] [Times: user=0.20 sys=0.00, real=0.20 secs] 
2018-03-17T00:00:24.730+0500: 250.654: [GC (Allocation Failure) 2018-03-17T00:00:24.730+0500: 250.654: [DefNew: 139776K->17471K(157248K), 0.2912047 secs] 184496K->184496K(506816K), 0.2912774 secs] [Times: user=0.28 sys=0.00, real=0.29 secs] 
2018-03-17T00:00:25.049+0500: 250.974: [GC (Allocation Failure) 2018-03-17T00:00:25.049+0500: 250.974: [DefNew: 157247K->17472K(157248K), 0.2765042 secs] 324272K->324270K(506816K), 0.2765687 secs] [Times: user=0.28 sys=0.00, real=0.28 secs] 
2018-03-17T00:00:25.363+0500: 251.287: [GC (Allocation Failure) 2018-03-17T00:00:25.363+0500: 251.287: [DefNew: 157248K->157248K(157248K), 0.0000180 secs]2018-03-17T00:00:25.363+0500: 251.287: [Tenured: 306798K->34333K(349568K), 0.2038052 secs] 464046K->34333K(506816K), [Metaspace: 5350K->5350K(1056768K)], 0.2039044 secs] [Times: user=0.20 sys=0.00, real=0.20 secs] 
2018-03-17T00:00:25.605+0500: 251.528: [GC (Allocation Failure) 2018-03-17T00:00:25.605+0500: 251.528: [DefNew: 139776K->17472K(157248K), 0.2554610 secs] 174109K->174108K(506816K), 0.2555256 secs] [Times: user=0.25 sys=0.00, real=0.25 secs] 
2018-03-17T00:00:25.886+0500: 251.810: [GC (Allocation Failure) 2018-03-17T00:00:25.886+0500: 251.810: [DefNew: 157248K->17472K(157248K), 0.2591739 secs] 313884K->313883K(506816K), 0.2592406 secs] [Times: user=0.25 sys=0.00, real=0.26 secs] 
2018-03-17T00:00:26.172+0500: 252.096: [GC (Allocation Failure) 2018-03-17T00:00:26.172+0500: 252.096: [DefNew: 157248K->157248K(157248K), 0.0000150 secs]2018-03-17T00:00:26.172+0500: 252.096: [Tenured: 296411K->23970K(349568K), 0.1571914 secs] 453659K->23970K(506816K), [Metaspace: 5350K->5350K(1056768K)], 0.1572777 secs] [Times: user=0.13 sys=0.00, real=0.16 secs] 
2018-03-17T00:00:26.360+0500: 252.284: [GC (Allocation Failure) 2018-03-17T00:00:26.360+0500: 252.284: [DefNew: 139776K->17472K(157248K), 0.2632657 secs] 163746K->163745K(506816K), 0.2633329 secs] [Times: user=0.27 sys=0.00, real=0.26 secs] 
2018-03-17T00:00:26.649+0500: 252.573: [GC (Allocation Failure) 2018-03-17T00:00:26.649+0500: 252.573: [DefNew: 157248K->17472K(157248K), 0.2852001 secs] 303521K->303520K(506816K), 0.2852685 secs] [Times: user=0.26 sys=0.00, real=0.29 secs] 
2018-03-17T00:00:26.966+0500: 252.890: [GC (Allocation Failure) 2018-03-17T00:00:26.966+0500: 252.890: [DefNew: 146063K->146063K(157248K), 0.0000167 secs]2018-03-17T00:00:26.966+0500: 252.890: [Tenured: 286048K->776K(349568K), 0.1389784 secs] 432112K->776K(506816K), [Metaspace: 5350K->5350K(1056768K)], 0.1390691 secs] [Times: user=0.14 sys=0.00, real=0.14 secs] 
2018-03-17T00:00:27.132+0500: 253.056: [GC (Allocation Failure) 2018-03-17T00:00:27.132+0500: 253.056: [DefNew: 139776K->17472K(157248K), 0.2423398 secs] 140552K->140551K(506816K), 0.2425053 secs] [Times: user=0.22 sys=0.00, real=0.24 secs] 
2018-03-17T00:00:27.401+0500: 253.325: [GC (Allocation Failure) 2018-03-17T00:00:27.401+0500: 253.325: [DefNew: 157248K->17472K(157248K), 0.2724025 secs] 280327K->280290K(506816K), 0.2724658 secs] [Times: user=0.26 sys=0.00, real=0.27 secs] 
2018-03-17T00:00:27.702+0500: 253.626: [GC (Allocation Failure) 2018-03-17T00:00:27.702+0500: 253.626: [DefNew: 157248K->157248K(157248K), 0.0000158 secs]2018-03-17T00:00:27.702+0500: 253.626: [Tenured: 262818K->205221K(349568K), 0.4892541 secs] 420066K->205221K(506816K), [Metaspace: 5350K->5350K(1056768K)], 0.4893576 secs] [Times: user=0.49 sys=0.00, real=0.49 secs] 
2018-03-17T00:00:28.218+0500: 254.142: [GC (Allocation Failure) 2018-03-17T00:00:28.218+0500: 254.142: [DefNew: 139776K->17472K(157248K), 0.2325285 secs] 344997K->344996K(506816K), 0.2325918 secs] [Times: user=0.23 sys=0.00, real=0.23 secs] 
2018-03-17T00:00:28.478+0500: 254.402: [GC (Allocation Failure) 2018-03-17T00:00:28.478+0500: 254.402: [DefNew: 157248K->157248K(157248K), 0.0000158 secs]2018-03-17T00:00:28.478+0500: 254.402: [Tenured: 327524K->55084K(349568K), 0.2280745 secs] 484772K->55084K(506816K), [Metaspace: 5350K->5350K(1056768K)], 0.2281725 secs] [Times: user=0.22 sys=0.00, real=0.23 secs] 
2018-03-17T00:00:28.736+0500: 254.660: [GC (Allocation Failure) 2018-03-17T00:00:28.736+0500: 254.660: [DefNew: 139776K->17472K(157248K), 0.2747461 secs] 194860K->194859K(506816K), 0.2748115 secs] [Times: user=0.28 sys=0.00, real=0.27 secs] 
2018-03-17T00:00:29.038+0500: 254.963: [GC (Allocation Failure) 2018-03-17T00:00:29.039+0500: 254.963: [DefNew: 157248K->17471K(157248K), 0.2617343 secs] 334635K->334633K(506816K), 0.2618010 secs] [Times: user=0.25 sys=0.00, real=0.26 secs] 
2018-03-17T00:00:29.327+0500: 255.252: [GC (Allocation Failure) 2018-03-17T00:00:29.328+0500: 255.252: [DefNew: 157247K->157247K(157248K), 0.0000368 secs]2018-03-17T00:00:29.328+0500: 255.252: [Tenured: 317162K->44720K(349568K), 0.2298048 secs] 474409K->44720K(506816K), [Metaspace: 5350K->5350K(1056768K)], 0.2299690 secs] [Times: user=0.24 sys=0.00, real=0.23 secs] 
2018-03-17T00:00:29.599+0500: 255.522: [GC (Allocation Failure) 2018-03-17T00:00:29.599+0500: 255.523: [DefNew: 139776K->17471K(157248K), 0.3785688 secs] 184496K->184496K(506816K), 0.3786385 secs] [Times: user=0.38 sys=0.00, real=0.38 secs] 
2018-03-17T00:00:30.009+0500: 255.933: [GC (Allocation Failure) 2018-03-17T00:00:30.009+0500: 255.933: [DefNew: 157247K->17472K(157248K), 0.2535366 secs] 324272K->324270K(506816K), 0.2536024 secs] [Times: user=0.25 sys=0.00, real=0.25 secs] 
2018-03-17T00:00:30.289+0500: 256.213: [GC (Allocation Failure) 2018-03-17T00:00:30.289+0500: 256.213: [DefNew: 157248K->157248K(157248K), 0.0000201 secs]2018-03-17T00:00:30.289+0500: 256.213: [Tenured: 306798K->34333K(349568K), 0.1802226 secs] 464046K->34333K(506816K), [Metaspace: 5350K->5350K(1056768K)], 0.1803326 secs] [Times: user=0.17 sys=0.00, real=0.18 secs] 
2018-03-17T00:00:30.500+0500: 256.424: [GC (Allocation Failure) 2018-03-17T00:00:30.500+0500: 256.424: [DefNew: 139776K->17472K(157248K), 0.2576844 secs] 174109K->174108K(506816K), 0.2577473 secs] [Times: user=0.27 sys=0.00, real=0.26 secs] 
2018-03-17T00:00:30.783+0500: 256.707: [GC (Allocation Failure) 2018-03-17T00:00:30.783+0500: 256.707: [DefNew: 157248K->17472K(157248K), 0.2559109 secs] 313884K->313883K(506816K), 0.2559789 secs] [Times: user=0.27 sys=0.00, real=0.26 secs] 
2018-03-17T00:00:31.065+0500: 256.989: [GC (Allocation Failure) 2018-03-17T00:00:31.065+0500: 256.989: [DefNew: 157248K->157248K(157248K), 0.0000154 secs]2018-03-17T00:00:31.065+0500: 256.989: [Tenured: 296411K->23970K(349568K), 0.1559653 secs] 453659K->23970K(506816K), [Metaspace: 5350K->5350K(1056768K)], 0.1560508 secs] [Times: user=0.16 sys=0.00, real=0.16 secs] 
2018-03-17T00:00:31.250+0500: 257.174: [GC (Allocation Failure) 2018-03-17T00:00:31.250+0500: 257.174: [DefNew: 139776K->17472K(157248K), 0.2750993 secs] 163746K->163745K(506816K), 0.2751630 secs] [Times: user=0.28 sys=0.00, real=0.28 secs] 
2018-03-17T00:00:31.553+0500: 257.477: [GC (Allocation Failure) 2018-03-17T00:00:31.553+0500: 257.477: [DefNew: 157248K->17472K(157248K), 0.2563390 secs] 303521K->303520K(506816K), 0.2564014 secs] [Times: user=0.25 sys=0.00, real=0.26 secs] 
2018-03-17T00:00:31.835+0500: 257.759: [GC (Allocation Failure) 2018-03-17T00:00:31.835+0500: 257.759: [DefNew: 146063K->146063K(157248K), 0.0000163 secs]2018-03-17T00:00:31.835+0500: 257.759: [Tenured: 286048K->776K(349568K), 0.1398312 secs] 432112K->776K(506816K), [Metaspace: 5350K->5350K(1056768K)], 0.1399184 secs] [Times: user=0.13 sys=0.00, real=0.14 secs] 
2018-03-17T00:00:32.003+0500: 257.927: [GC (Allocation Failure) 2018-03-17T00:00:32.003+0500: 257.927: [DefNew: 139776K->17472K(157248K), 0.2290355 secs] 140552K->140551K(506816K), 0.2291000 secs] [Times: user=0.23 sys=0.00, real=0.23 secs] 
2018-03-17T00:00:32.259+0500: 258.183: [GC (Allocation Failure) 2018-03-17T00:00:32.259+0500: 258.183: [DefNew: 157248K->17472K(157248K), 0.2643644 secs] 280327K->280290K(506816K), 0.2644242 secs] [Times: user=0.27 sys=0.00, real=0.26 secs] 
2018-03-17T00:00:32.558+0500: 258.482: [GC (Allocation Failure) 2018-03-17T00:00:32.558+0500: 258.482: [DefNew: 157248K->157248K(157248K), 0.0000141 secs]2018-03-17T00:00:32.558+0500: 258.482: [Tenured: 262818K->205221K(349568K), 0.5206593 secs] 420066K->205221K(506816K), [Metaspace: 5350K->5350K(1056768K)], 0.5207487 secs] [Times: user=0.50 sys=0.00, real=0.52 secs] 
2018-03-17T00:00:33.105+0500: 259.029: [GC (Allocation Failure) 2018-03-17T00:00:33.105+0500: 259.029: [DefNew: 139776K->17472K(157248K), 0.2298805 secs] 344997K->344996K(506816K), 0.2299399 secs] [Times: user=0.22 sys=0.00, real=0.23 secs] 
2018-03-17T00:00:33.361+0500: 259.285: [GC (Allocation Failure) 2018-03-17T00:00:33.361+0500: 259.286: [DefNew: 157248K->157248K(157248K), 0.0000163 secs]2018-03-17T00:00:33.361+0500: 259.286: [Tenured: 327524K->55084K(349568K), 0.2219360 secs] 484772K->55084K(506816K), [Metaspace: 5350K->5350K(1056768K)], 0.2220271 secs] [Times: user=0.22 sys=0.00, real=0.22 secs] 
2018-03-17T00:00:33.612+0500: 259.536: [GC (Allocation Failure) 2018-03-17T00:00:33.612+0500: 259.536: [DefNew: 139776K->17472K(157248K), 0.2586128 secs] 194860K->194859K(506816K), 0.2586748 secs] [Times: user=0.27 sys=0.00, real=0.26 secs] 
2018-03-17T00:00:33.903+0500: 259.826: [GC (Allocation Failure) 2018-03-17T00:00:33.903+0500: 259.826: [DefNew: 157248K->17471K(157248K), 0.2527724 secs] 334635K->334633K(506816K), 0.2528502 secs] [Times: user=0.25 sys=0.00, real=0.25 secs] 
2018-03-17T00:00:34.180+0500: 260.104: [GC (Allocation Failure) 2018-03-17T00:00:34.181+0500: 260.104: [DefNew: 157247K->157247K(157248K), 0.0000197 secs]2018-03-17T00:00:34.181+0500: 260.104: [Tenured: 317162K->44720K(349568K), 0.2015532 secs] 474409K->44720K(506816K), [Metaspace: 5350K->5350K(1056768K)], 0.2016870 secs] [Times: user=0.20 sys=0.00, real=0.20 secs] 
2018-03-17T00:00:34.411+0500: 260.335: [GC (Allocation Failure) 2018-03-17T00:00:34.411+0500: 260.335: [DefNew: 139776K->17471K(157248K), 0.2550329 secs] 184496K->184496K(506816K), 0.2550967 secs] [Times: user=0.27 sys=0.00, real=0.25 secs] 
2018-03-17T00:00:34.691+0500: 260.615: [GC (Allocation Failure) 2018-03-17T00:00:34.691+0500: 260.615: [DefNew: 157247K->17472K(157248K), 0.2518110 secs] 324272K->324270K(506816K), 0.2518829 secs] [Times: user=0.27 sys=0.00, real=0.25 secs] 
2018-03-17T00:00:34.970+0500: 260.894: [GC (Allocation Failure) 2018-03-17T00:00:34.970+0500: 260.894: [DefNew: 157248K->157248K(157248K), 0.0000163 secs]2018-03-17T00:00:34.970+0500: 260.894: [Tenured: 306798K->34333K(349568K), 0.1848777 secs] 464046K->34333K(506816K), [Metaspace: 5350K->5350K(1056768K)], 0.1849880 secs] [Times: user=0.19 sys=0.00, real=0.19 secs] 
2018-03-17T00:00:35.189+0500: 261.113: [GC (Allocation Failure) 2018-03-17T00:00:35.189+0500: 261.113: [DefNew: 139776K->17472K(157248K), 0.2655182 secs] 174109K->174108K(506816K), 0.2655866 secs] [Times: user=0.27 sys=0.00, real=0.27 secs] 
2018-03-17T00:00:35.483+0500: 261.406: [GC (Allocation Failure) 2018-03-17T00:00:35.483+0500: 261.407: [DefNew: 157248K->17472K(157248K), 0.2555111 secs] 313884K->313883K(506816K), 0.2555748 secs] [Times: user=0.25 sys=0.00, real=0.25 secs] 
2018-03-17T00:00:35.764+0500: 261.688: [GC (Allocation Failure) 2018-03-17T00:00:35.764+0500: 261.688: [DefNew: 157248K->157248K(157248K), 0.0000163 secs]2018-03-17T00:00:35.764+0500: 261.688: [Tenured: 296411K->23970K(349568K), 0.1768506 secs] 453659K->23970K(506816K), [Metaspace: 5350K->5350K(1056768K)], 0.1769417 secs] [Times: user=0.17 sys=0.00, real=0.18 secs] 
2018-03-17T00:00:35.982+0500: 261.906: [GC (Allocation Failure) 2018-03-17T00:00:35.982+0500: 261.906: [DefNew: 139776K->17472K(157248K), 0.3041015 secs] 163746K->163745K(506816K), 0.3041721 secs] [Times: user=0.28 sys=0.00, real=0.30 secs] 
2018-03-17T00:00:36.316+0500: 262.241: [GC (Allocation Failure) 2018-03-17T00:00:36.316+0500: 262.241: [DefNew: 157248K->17472K(157248K), 0.2767719 secs] 303521K->303520K(506816K), 0.2768356 secs] [Times: user=0.28 sys=0.00, real=0.28 secs] 
2018-03-17T00:00:36.624+0500: 262.548: [GC (Allocation Failure) 2018-03-17T00:00:36.624+0500: 262.548: [DefNew: 146063K->146063K(157248K), 0.0000154 secs]2018-03-17T00:00:36.624+0500: 262.548: [Tenured: 286048K->776K(349568K), 0.1403144 secs] 432112K->776K(506816K), [Metaspace: 5350K->5350K(1056768K)], 0.1403987 secs] [Times: user=0.14 sys=0.00, real=0.14 secs] 
2018-03-17T00:00:36.790+0500: 262.714: [GC (Allocation Failure) 2018-03-17T00:00:36.791+0500: 262.714: [DefNew: 139776K->17472K(157248K), 0.2235542 secs] 140552K->140551K(506816K), 0.2236333 secs] [Times: user=0.22 sys=0.00, real=0.22 secs] 
2018-03-17T00:00:37.040+0500: 262.964: [GC (Allocation Failure) 2018-03-17T00:00:37.040+0500: 262.964: [DefNew: 157248K->17472K(157248K), 0.2700620 secs] 280327K->280290K(506816K), 0.2701338 secs] [Times: user=0.27 sys=0.00, real=0.27 secs] 
2018-03-17T00:00:37.339+0500: 263.263: [GC (Allocation Failure) 2018-03-17T00:00:37.339+0500: 263.263: [DefNew: 157248K->157248K(157248K), 0.0000163 secs]2018-03-17T00:00:37.339+0500: 263.263: [Tenured: 262818K->205221K(349568K), 0.4897887 secs] 420066K->205221K(506816K), [Metaspace: 5350K->5350K(1056768K)], 0.4898777 secs] [Times: user=0.48 sys=0.00, real=0.49 secs] 
2018-03-17T00:00:37.856+0500: 263.781: [GC (Allocation Failure) 2018-03-17T00:00:37.856+0500: 263.781: [DefNew: 139776K->17472K(157248K), 0.2336156 secs] 344997K->344996K(506816K), 0.2336875 secs] [Times: user=0.23 sys=0.00, real=0.24 secs] 
2018-03-17T00:00:38.117+0500: 264.041: [GC (Allocation Failure) 2018-03-17T00:00:38.117+0500: 264.041: [DefNew: 157248K->157248K(157248K), 0.0000171 secs]2018-03-17T00:00:38.117+0500: 264.041: [Tenured: 327524K->55084K(349568K), 0.2564147 secs] 484772K->55084K(506816K), [Metaspace: 5350K->5350K(1056768K)], 0.2565113 secs] [Times: user=0.24 sys=0.00, real=0.26 secs] 
2018-03-17T00:00:38.409+0500: 264.333: [GC (Allocation Failure) 2018-03-17T00:00:38.409+0500: 264.333: [DefNew: 139776K->17472K(157248K), 0.2981537 secs] 194860K->194859K(506816K), 0.2982225 secs] [Times: user=0.30 sys=0.00, real=0.30 secs] 
2018-03-17T00:00:38.739+0500: 264.663: [GC (Allocation Failure) 2018-03-17T00:00:38.739+0500: 264.663: [DefNew: 157248K->17471K(157248K), 0.2926802 secs] 334635K->334633K(506816K), 0.2927511 secs] [Times: user=0.30 sys=0.00, real=0.29 secs] 
2018-03-17T00:00:39.062+0500: 264.986: [GC (Allocation Failure) 2018-03-17T00:00:39.062+0500: 264.986: [DefNew: 157247K->157247K(157248K), 0.0000167 secs]2018-03-17T00:00:39.062+0500: 264.986: [Tenured: 317162K->44720K(349568K), 0.2085846 secs] 474409K->44720K(506816K), [Metaspace: 5350K->5350K(1056768K)], 0.2086774 secs] [Times: user=0.20 sys=0.00, real=0.21 secs] 
2018-03-17T00:00:39.302+0500: 265.225: [GC (Allocation Failure) 2018-03-17T00:00:39.302+0500: 265.225: [DefNew: 139776K->17471K(157248K), 0.2694628 secs] 184496K->184496K(506816K), 0.2695248 secs] [Times: user=0.28 sys=0.00, real=0.27 secs] 
2018-03-17T00:00:39.598+0500: 265.522: [GC (Allocation Failure) 2018-03-17T00:00:39.598+0500: 265.522: [DefNew: 157247K->17472K(157248K), 0.2604077 secs] 324272K->324270K(506816K), 0.2604744 secs] [Times: user=0.27 sys=0.00, real=0.26 secs] 
2018-03-17T00:00:39.885+0500: 265.809: [GC (Allocation Failure) 2018-03-17T00:00:39.885+0500: 265.809: [DefNew: 157248K->157248K(157248K), 0.0000180 secs]2018-03-17T00:00:39.885+0500: 265.809: [Tenured: 306798K->34333K(349568K), 0.1793177 secs] 464046K->34333K(506816K), [Metaspace: 5350K->5350K(1056768K)], 0.1794221 secs] [Times: user=0.17 sys=0.00, real=0.18 secs] 
2018-03-17T00:00:40.095+0500: 266.019: [GC (Allocation Failure) 2018-03-17T00:00:40.095+0500: 266.019: [DefNew: 139776K->17472K(157248K), 0.2623099 secs] 174109K->174108K(506816K), 0.2623711 secs] [Times: user=0.27 sys=0.00, real=0.26 secs] 
2018-03-17T00:00:40.384+0500: 266.308: [GC (Allocation Failure) 2018-03-17T00:00:40.384+0500: 266.308: [DefNew: 157248K->17472K(157248K), 0.2599185 secs] 313884K->313883K(506816K), 0.2599818 secs] [Times: user=0.25 sys=0.00, real=0.26 secs] 
2018-03-17T00:00:40.670+0500: 266.594: [GC (Allocation Failure) 2018-03-17T00:00:40.670+0500: 266.594: [DefNew: 157248K->157248K(157248K), 0.0000158 secs]2018-03-17T00:00:40.670+0500: 266.594: [Tenured: 296411K->23970K(349568K), 0.1546438 secs] 453659K->23970K(506816K), [Metaspace: 5350K->5350K(1056768K)], 0.1547439 secs] [Times: user=0.16 sys=0.00, real=0.15 secs] 
2018-03-17T00:00:40.853+0500: 266.777: [GC (Allocation Failure) 2018-03-17T00:00:40.853+0500: 266.777: [DefNew: 139776K->17472K(157248K), 0.2571661 secs] 163746K->163745K(506816K), 0.2572277 secs] [Times: user=0.25 sys=0.00, real=0.26 secs] 
2018-03-17T00:00:41.136+0500: 267.060: [GC (Allocation Failure) 2018-03-17T00:00:41.136+0500: 267.060: [DefNew: 157248K->17472K(157248K), 0.2530456 secs] 303521K->303520K(506816K), 0.2531064 secs] [Times: user=0.25 sys=0.00, real=0.25 secs] 
2018-03-17T00:00:41.414+0500: 267.338: [GC (Allocation Failure) 2018-03-17T00:00:41.414+0500: 267.338: [DefNew: 146063K->146063K(157248K), 0.0000163 secs]2018-03-17T00:00:41.414+0500: 267.338: [Tenured: 286048K->776K(349568K), 0.1371143 secs] 432112K->776K(506816K), [Metaspace: 5350K->5350K(1056768K)], 0.1372028 secs] [Times: user=0.13 sys=0.00, real=0.14 secs] 
2018-03-17T00:00:41.577+0500: 267.501: [GC (Allocation Failure) 2018-03-17T00:00:41.577+0500: 267.501: [DefNew: 139776K->17472K(157248K), 0.2221691 secs] 140552K->140551K(506816K), 0.2222319 secs] [Times: user=0.22 sys=0.00, real=0.22 secs] 
2018-03-17T00:00:41.824+0500: 267.749: [GC (Allocation Failure) 2018-03-17T00:00:41.824+0500: 267.749: [DefNew: 157248K->17472K(157248K), 0.2558570 secs] 280327K->280290K(506816K), 0.2559178 secs] [Times: user=0.25 sys=0.00, real=0.26 secs] 
2018-03-17T00:00:42.109+0500: 268.033: [GC (Allocation Failure) 2018-03-17T00:00:42.109+0500: 268.033: [DefNew: 157248K->157248K(157248K), 0.0000163 secs]2018-03-17T00:00:42.109+0500: 268.033: [Tenured: 262818K->205221K(349568K), 0.4740925 secs] 420066K->205221K(506816K), [Metaspace: 5350K->5350K(1056768K)], 0.4741819 secs] [Times: user=0.47 sys=0.00, real=0.47 secs] 
2018-03-17T00:00:42.611+0500: 268.534: [GC (Allocation Failure) 2018-03-17T00:00:42.611+0500: 268.534: [DefNew: 139776K->17472K(157248K), 0.2235983 secs] 344997K->344996K(506816K), 0.2236577 secs] [Times: user=0.23 sys=0.00, real=0.22 secs] 
2018-03-17T00:00:42.860+0500: 268.784: [GC (Allocation Failure) 2018-03-17T00:00:42.860+0500: 268.784: [DefNew: 157248K->157248K(157248K), 0.0000163 secs]2018-03-17T00:00:42.860+0500: 268.784: [Tenured: 327524K->55084K(349568K), 0.2244544 secs] 484772K->55084K(506816K), [Metaspace: 5350K->5350K(1056768K)], 0.2245417 secs] [Times: user=0.22 sys=0.00, real=0.22 secs] 
2018-03-17T00:00:43.114+0500: 269.038: [GC (Allocation Failure) 2018-03-17T00:00:43.114+0500: 269.038: [DefNew: 139776K->17472K(157248K), 0.2536961 secs] 194860K->194859K(506816K), 0.2537573 secs] [Times: user=0.27 sys=0.00, real=0.25 secs] 
2018-03-17T00:00:43.393+0500: 269.317: [GC (Allocation Failure) 2018-03-17T00:00:43.393+0500: 269.317: [DefNew: 157248K->17471K(157248K), 0.2535285 secs] 334635K->334633K(506816K), 0.2535952 secs] [Times: user=0.26 sys=0.00, real=0.25 secs] 
2018-03-17T00:00:43.673+0500: 269.596: [GC (Allocation Failure) 2018-03-17T00:00:43.673+0500: 269.596: [DefNew: 157247K->157247K(157248K), 0.0000158 secs]2018-03-17T00:00:43.673+0500: 269.596: [Tenured: 317162K->44720K(349568K), 0.2020967 secs] 474409K->44720K(506816K), [Metaspace: 5350K->5350K(1056768K)], 0.2021981 secs] [Times: user=0.20 sys=0.00, real=0.20 secs] 
2018-03-17T00:00:43.904+0500: 269.828: [GC (Allocation Failure) 2018-03-17T00:00:43.904+0500: 269.828: [DefNew: 139776K->17471K(157248K), 0.2555179 secs] 184496K->184496K(506816K), 0.2555940 secs] [Times: user=0.25 sys=0.00, real=0.26 secs] 
2018-03-17T00:00:44.185+0500: 270.109: [GC (Allocation Failure) 2018-03-17T00:00:44.185+0500: 270.109: [DefNew: 157247K->17472K(157248K), 0.2496821 secs] 324272K->324270K(506816K), 0.2497754 secs] [Times: user=0.25 sys=0.00, real=0.25 secs] 
2018-03-17T00:00:44.460+0500: 270.384: [GC (Allocation Failure) 2018-03-17T00:00:44.460+0500: 270.384: [DefNew: 157248K->157248K(157248K), 0.0000167 secs]2018-03-17T00:00:44.460+0500: 270.384: [Tenured: 306798K->34333K(349568K), 0.1776623 secs] 464046K->34333K(506816K), [Metaspace: 5350K->5350K(1056768K)], 0.1777521 secs] [Times: user=0.17 sys=0.00, real=0.18 secs] 
2018-03-17T00:00:44.666+0500: 270.591: [GC (Allocation Failure) 2018-03-17T00:00:44.666+0500: 270.591: [DefNew: 139776K->17472K(157248K), 0.2569565 secs] 174109K->174108K(506816K), 0.2570164 secs] [Times: user=0.25 sys=0.00, real=0.26 secs] 
2018-03-17T00:00:44.949+0500: 270.873: [GC (Allocation Failure) 2018-03-17T00:00:44.949+0500: 270.873: [DefNew: 157248K->17472K(157248K), 0.2534288 secs] 313884K->313883K(506816K), 0.2534904 secs] [Times: user=0.25 sys=0.00, real=0.25 secs] 
2018-03-17T00:00:45.228+0500: 271.152: [GC (Allocation Failure) 2018-03-17T00:00:45.228+0500: 271.152: [DefNew: 157248K->157248K(157248K), 0.0000163 secs]2018-03-17T00:00:45.228+0500: 271.152: [Tenured: 296411K->23970K(349568K), 0.1543907 secs] 453659K->23970K(506816K), [Metaspace: 5350K->5350K(1056768K)], 0.1544775 secs] [Times: user=0.16 sys=0.00, real=0.15 secs] 
2018-03-17T00:00:45.411+0500: 271.334: [GC (Allocation Failure) 2018-03-17T00:00:45.411+0500: 271.334: [DefNew: 139776K->17472K(157248K), 0.2571823 secs] 163746K->163745K(506816K), 0.2572486 secs] [Times: user=0.27 sys=0.00, real=0.26 secs] 
2018-03-17T00:00:45.693+0500: 271.617: [GC (Allocation Failure) 2018-03-17T00:00:45.693+0500: 271.617: [DefNew: 157248K->17472K(157248K), 0.2703861 secs] 303521K->303520K(506816K), 0.2704460 secs] [Times: user=0.28 sys=0.00, real=0.27 secs] 
2018-03-17T00:00:45.989+0500: 271.913: [GC (Allocation Failure) 2018-03-17T00:00:45.989+0500: 271.913: [DefNew: 146063K->146063K(157248K), 0.0000154 secs]2018-03-17T00:00:45.989+0500: 271.913: [Tenured: 286048K->776K(349568K), 0.1368252 secs] 432112K->776K(506816K), [Metaspace: 5350K->5350K(1056768K)], 0.1369163 secs] [Times: user=0.14 sys=0.00, real=0.14 secs] 
2018-03-17T00:00:46.151+0500: 272.075: [GC (Allocation Failure) 2018-03-17T00:00:46.151+0500: 272.075: [DefNew: 139776K->17472K(157248K), 0.2217632 secs] 140552K->140551K(506816K), 0.2218274 secs] [Times: user=0.22 sys=0.00, real=0.22 secs] 
2018-03-17T00:00:46.399+0500: 272.323: [GC (Allocation Failure) 2018-03-17T00:00:46.399+0500: 272.323: [DefNew: 157248K->17472K(157248K), 0.2569642 secs] 280327K->280290K(506816K), 0.2570215 secs] [Times: user=0.25 sys=0.00, real=0.26 secs] 
2018-03-17T00:00:46.684+0500: 272.608: [GC (Allocation Failure) 2018-03-17T00:00:46.684+0500: 272.608: [DefNew: 157248K->157248K(157248K), 0.0000171 secs]2018-03-17T00:00:46.684+0500: 272.608: [Tenured: 262818K->205221K(349568K), 0.4835852 secs] 420066K->205221K(506816K), [Metaspace: 5350K->5350K(1056768K)], 0.4836745 secs] [Times: user=0.49 sys=0.00, real=0.48 secs] 
2018-03-17T00:00:47.195+0500: 273.119: [GC (Allocation Failure) 2018-03-17T00:00:47.195+0500: 273.119: [DefNew: 139776K->17472K(157248K), 0.2271640 secs] 344997K->344996K(506816K), 0.2272367 secs] [Times: user=0.22 sys=0.00, real=0.23 secs] 
2018-03-17T00:00:47.448+0500: 273.372: [GC (Allocation Failure) 2018-03-17T00:00:47.448+0500: 273.372: [DefNew: 157248K->157248K(157248K), 0.0000163 secs]2018-03-17T00:00:47.448+0500: 273.372: [Tenured: 327524K->55084K(349568K), 0.2230735 secs] 484772K->55084K(506816K), [Metaspace: 5350K->5350K(1056768K)], 0.2231612 secs] [Times: user=0.22 sys=0.00, real=0.22 secs] 
2018-03-17T00:00:47.701+0500: 273.625: [GC (Allocation Failure) 2018-03-17T00:00:47.701+0500: 273.625: [DefNew: 139776K->17472K(157248K), 0.2605963 secs] 194860K->194859K(506816K), 0.2606626 secs] [Times: user=0.27 sys=0.00, real=0.26 secs] 
2018-03-17T00:00:47.989+0500: 273.913: [GC (Allocation Failure) 2018-03-17T00:00:47.989+0500: 273.913: [DefNew: 157248K->17471K(157248K), 0.2507239 secs] 334635K->334633K(506816K), 0.2507893 secs] [Times: user=0.25 sys=0.00, real=0.25 secs] 
2018-03-17T00:00:48.266+0500: 274.189: [GC (Allocation Failure) 2018-03-17T00:00:48.266+0500: 274.189: [DefNew: 157247K->157247K(157248K), 0.0000167 secs]2018-03-17T00:00:48.266+0500: 274.189: [Tenured: 317162K->44720K(349568K), 0.2153300 secs] 474409K->44720K(506816K), [Metaspace: 5350K->5350K(1056768K)], 0.2154211 secs] [Times: user=0.20 sys=0.00, real=0.21 secs] 
2018-03-17T00:00:48.518+0500: 274.442: [GC (Allocation Failure) 2018-03-17T00:00:48.518+0500: 274.442: [DefNew: 139776K->17471K(157248K), 0.2637451 secs] 184496K->184496K(506816K), 0.2638080 secs] [Times: user=0.25 sys=0.00, real=0.26 secs] 
2018-03-17T00:00:48.808+0500: 274.732: [GC (Allocation Failure) 2018-03-17T00:00:48.808+0500: 274.732: [DefNew: 157247K->17472K(157248K), 0.2572426 secs] 324272K->324270K(506816K), 0.2573025 secs] [Times: user=0.25 sys=0.00, real=0.26 secs] 
2018-03-17T00:00:49.091+0500: 275.015: [GC (Allocation Failure) 2018-03-17T00:00:49.091+0500: 275.015: [DefNew: 157248K->157248K(157248K), 0.0000167 secs]2018-03-17T00:00:49.091+0500: 275.015: [Tenured: 306798K->34333K(349568K), 0.1769485 secs] 464046K->34333K(506816K), [Metaspace: 5350K->5350K(1056768K)], 0.1770383 secs] [Times: user=0.17 sys=0.00, real=0.18 secs] 
2018-03-17T00:00:49.301+0500: 275.224: [GC (Allocation Failure) 2018-03-17T00:00:49.301+0500: 275.224: [DefNew: 139776K->17472K(157248K), 0.2595417 secs] 174109K->174108K(506816K), 0.2596131 secs] [Times: user=0.26 sys=0.00, real=0.26 secs] 
2018-03-17T00:00:49.585+0500: 275.509: [GC (Allocation Failure) 2018-03-17T00:00:49.585+0500: 275.509: [DefNew: 157248K->17472K(157248K), 0.2878028 secs] 313884K->313883K(506816K), 0.2878618 secs] [Times: user=0.28 sys=0.00, real=0.29 secs] 
2018-03-17T00:00:49.900+0500: 275.824: [GC (Allocation Failure) 2018-03-17T00:00:49.900+0500: 275.824: [DefNew: 157248K->157248K(157248K), 0.0000158 secs]2018-03-17T00:00:49.900+0500: 275.824: [Tenured: 296411K->23970K(349568K), 0.1594276 secs] 453659K->23970K(506816K), [Metaspace: 5350K->5350K(1056768K)], 0.1595152 secs] [Times: user=0.16 sys=0.00, real=0.16 secs] 
2018-03-17T00:00:50.088+0500: 276.012: [GC (Allocation Failure) 2018-03-17T00:00:50.088+0500: 276.012: [DefNew: 139776K->17472K(157248K), 0.2648763 secs] 163746K->163745K(506816K), 0.2649374 secs] [Times: user=0.27 sys=0.00, real=0.26 secs] 
2018-03-17T00:00:50.380+0500: 276.304: [GC (Allocation Failure) 2018-03-17T00:00:50.380+0500: 276.304: [DefNew: 157248K->17472K(157248K), 0.2637686 secs] 303521K->303520K(506816K), 0.2638375 secs] [Times: user=0.27 sys=0.00, real=0.26 secs] 
2018-03-17T00:00:50.672+0500: 276.595: [GC (Allocation Failure) 2018-03-17T00:00:50.672+0500: 276.595: [DefNew: 146063K->146063K(157248K), 0.0000201 secs]2018-03-17T00:00:50.672+0500: 276.595: [Tenured: 286048K->776K(349568K), 0.1392372 secs] 432112K->776K(506816K), [Metaspace: 5350K->5350K(1056768K)], 0.1393347 secs] [Times: user=0.14 sys=0.00, real=0.14 secs] 
2018-03-17T00:00:50.837+0500: 276.761: [GC (Allocation Failure) 2018-03-17T00:00:50.837+0500: 276.761: [DefNew: 139776K->17472K(157248K), 0.2334805 secs] 140552K->140551K(506816K), 0.2335652 secs] [Times: user=0.24 sys=0.00, real=0.23 secs] 
2018-03-17T00:00:51.097+0500: 277.021: [GC (Allocation Failure) 2018-03-17T00:00:51.097+0500: 277.021: [DefNew: 157248K->17472K(157248K), 0.2600108 secs] 280327K->280290K(506816K), 0.2600741 secs] [Times: user=0.25 sys=0.00, real=0.26 secs] 
2018-03-17T00:00:51.386+0500: 277.310: [GC (Allocation Failure) 2018-03-17T00:00:51.386+0500: 277.310: [DefNew: 157248K->157248K(157248K), 0.0000180 secs]2018-03-17T00:00:51.386+0500: 277.310: [Tenured: 262818K->205221K(349568K), 0.4846543 secs] 420066K->205221K(506816K), [Metaspace: 5350K->5350K(1056768K)], 0.4847612 secs] [Times: user=0.48 sys=0.00, real=0.49 secs] 
2018-03-17T00:00:51.904+0500: 277.828: [GC (Allocation Failure) 2018-03-17T00:00:51.904+0500: 277.828: [DefNew: 139776K->17472K(157248K), 0.2412433 secs] 344997K->344996K(506816K), 0.2413425 secs] [Times: user=0.23 sys=0.00, real=0.24 secs] 
2018-03-17T00:00:52.172+0500: 278.095: [GC (Allocation Failure) 2018-03-17T00:00:52.172+0500: 278.095: [DefNew: 157248K->157248K(157248K), 0.0000163 secs]2018-03-17T00:00:52.172+0500: 278.096: [Tenured: 327524K->55084K(349568K), 0.2247414 secs] 484772K->55084K(506816K), [Metaspace: 5350K->5350K(1056768K)], 0.2248483 secs] [Times: user=0.23 sys=0.00, real=0.23 secs] 
2018-03-17T00:00:52.427+0500: 278.351: [GC (Allocation Failure) 2018-03-17T00:00:52.427+0500: 278.351: [DefNew: 139776K->17472K(157248K), 0.2656272 secs] 194860K->194859K(506816K), 0.2657119 secs] [Times: user=0.27 sys=0.00, real=0.26 secs] 
2018-03-17T00:00:52.719+0500: 278.643: [GC (Allocation Failure) 2018-03-17T00:00:52.719+0500: 278.643: [DefNew: 157248K->17471K(157248K), 0.2560131 secs] 334635K->334633K(506816K), 0.2560871 secs] [Times: user=0.26 sys=0.00, real=0.26 secs] 
2018-03-17T00:00:53.000+0500: 278.924: [GC (Allocation Failure) 2018-03-17T00:00:53.000+0500: 278.924: [DefNew: 157247K->157247K(157248K), 0.0000163 secs]2018-03-17T00:00:53.000+0500: 278.924: [Tenured: 317162K->44720K(349568K), 0.2018876 secs] 474409K->44720K(506816K), [Metaspace: 5350K->5350K(1056768K)], 0.2019778 secs] [Times: user=0.20 sys=0.00, real=0.20 secs] 
2018-03-17T00:00:53.231+0500: 279.156: [GC (Allocation Failure) 2018-03-17T00:00:53.231+0500: 279.156: [DefNew: 139776K->17471K(157248K), 0.2706034 secs] 184496K->184496K(506816K), 0.2706799 secs] [Times: user=0.27 sys=0.00, real=0.27 secs] 
2018-03-17T00:00:53.532+0500: 279.456: [GC (Allocation Failure) 2018-03-17T00:00:53.532+0500: 279.456: [DefNew: 157247K->17472K(157248K), 0.2665394 secs] 324272K->324270K(506816K), 0.2666048 secs] [Times: user=0.27 sys=0.00, real=0.27 secs] 
2018-03-17T00:00:53.825+0500: 279.749: [GC (Allocation Failure) 2018-03-17T00:00:53.826+0500: 279.749: [DefNew: 157248K->157248K(157248K), 0.0000244 secs]2018-03-17T00:00:53.826+0500: 279.749: [Tenured: 306798K->34333K(349568K), 0.1797227 secs] 464046K->34333K(506816K), [Metaspace: 5350K->5350K(1056768K)], 0.1798335 secs] [Times: user=0.17 sys=0.00, real=0.18 secs] 
2018-03-17T00:00:54.034+0500: 279.958: [GC (Allocation Failure) 2018-03-17T00:00:54.034+0500: 279.958: [DefNew: 139776K->17472K(157248K), 0.2658804 secs] 174109K->174108K(506816K), 0.2659415 secs] [Times: user=0.27 sys=0.00, real=0.27 secs] 
2018-03-17T00:00:54.327+0500: 280.251: [GC (Allocation Failure) 2018-03-17T00:00:54.327+0500: 280.251: [DefNew: 157248K->17472K(157248K), 0.2829891 secs] 313884K->313883K(506816K), 0.2830520 secs] [Times: user=0.28 sys=0.00, real=0.28 secs] 
2018-03-17T00:00:54.637+0500: 280.561: [GC (Allocation Failure) 2018-03-17T00:00:54.637+0500: 280.561: [DefNew: 157248K->157248K(157248K), 0.0000167 secs]2018-03-17T00:00:54.637+0500: 280.561: [Tenured: 296411K->23970K(349568K), 0.1600177 secs] 453659K->23970K(506816K), [Metaspace: 5350K->5350K(1056768K)], 0.1601058 secs] [Times: user=0.16 sys=0.00, real=0.16 secs] 
2018-03-17T00:00:54.828+0500: 280.751: [GC (Allocation Failure) 2018-03-17T00:00:54.828+0500: 280.751: [DefNew: 139776K->17472K(157248K), 0.2607845 secs] 163746K->163745K(506816K), 0.2608443 secs] [Times: user=0.27 sys=0.00, real=0.26 secs] 
2018-03-17T00:00:55.115+0500: 281.039: [GC (Allocation Failure) 2018-03-17T00:00:55.115+0500: 281.039: [DefNew: 157248K->17472K(157248K), 0.2617142 secs] 303521K->303520K(506816K), 0.2617865 secs] [Times: user=0.27 sys=0.00, real=0.26 secs] 
2018-03-17T00:00:55.403+0500: 281.327: [GC (Allocation Failure) 2018-03-17T00:00:55.403+0500: 281.327: [DefNew: 146063K->146063K(157248K), 0.0000163 secs]2018-03-17T00:00:55.403+0500: 281.327: [Tenured: 286048K->776K(349568K), 0.1379144 secs] 432112K->776K(506816K), [Metaspace: 5350K->5350K(1056768K)], 0.1379995 secs] [Times: user=0.14 sys=0.00, real=0.14 secs] 
2018-03-17T00:00:55.566+0500: 281.490: [GC (Allocation Failure) 2018-03-17T00:00:55.566+0500: 281.490: [DefNew: 139776K->17472K(157248K), 0.2259713 secs] 140552K->140551K(506816K), 0.2260372 secs] [Times: user=0.23 sys=0.00, real=0.23 secs] 
2018-03-17T00:00:55.819+0500: 281.743: [GC (Allocation Failure) 2018-03-17T00:00:55.819+0500: 281.743: [DefNew: 157248K->17472K(157248K), 0.2585808 secs] 280327K->280290K(506816K), 0.2586488 secs] [Times: user=0.25 sys=0.00, real=0.26 secs] 
2018-03-17T00:00:56.106+0500: 282.030: [GC (Allocation Failure) 2018-03-17T00:00:56.106+0500: 282.030: [DefNew: 157248K->157248K(157248K), 0.0000167 secs]2018-03-17T00:00:56.106+0500: 282.030: [Tenured: 262818K->205221K(349568K), 0.4862469 secs] 420066K->205221K(506816K), [Metaspace: 5350K->5350K(1056768K)], 0.4863380 secs] [Times: user=0.49 sys=0.00, real=0.49 secs] 
2018-03-17T00:00:56.619+0500: 282.542: [GC (Allocation Failure) 2018-03-17T00:00:56.619+0500: 282.542: [DefNew: 139776K->17472K(157248K), 0.2282473 secs] 344997K->344996K(506816K), 0.2283204 secs] [Times: user=0.22 sys=0.00, real=0.23 secs] 
2018-03-17T00:00:56.873+0500: 282.797: [GC (Allocation Failure) 2018-03-17T00:00:56.873+0500: 282.797: [DefNew: 157248K->157248K(157248K), 0.0000158 secs]2018-03-17T00:00:56.873+0500: 282.797: [Tenured: 327524K->55084K(349568K), 0.2345924 secs] 484772K->55084K(506816K), [Metaspace: 5350K->5350K(1056768K)], 0.2346788 secs] [Times: user=0.23 sys=0.00, real=0.24 secs] 
2018-03-17T00:00:57.137+0500: 283.061: [GC (Allocation Failure) 2018-03-17T00:00:57.137+0500: 283.061: [DefNew: 139776K->17472K(157248K), 0.2562766 secs] 194860K->194859K(506816K), 0.2563386 secs] [Times: user=0.25 sys=0.00, real=0.26 secs] 
2018-03-17T00:00:57.418+0500: 283.343: [GC (Allocation Failure) 2018-03-17T00:00:57.418+0500: 283.343: [DefNew: 157248K->17471K(157248K), 0.2545146 secs] 334635K->334633K(506816K), 0.2545788 secs] [Times: user=0.25 sys=0.00, real=0.26 secs] 
2018-03-17T00:00:57.700+0500: 283.623: [GC (Allocation Failure) 2018-03-17T00:00:57.700+0500: 283.623: [DefNew: 157247K->157247K(157248K), 0.0000171 secs]2018-03-17T00:00:57.700+0500: 283.623: [Tenured: 317162K->44720K(349568K), 0.1993820 secs] 474409K->44720K(506816K), [Metaspace: 5350K->5350K(1056768K)], 0.1994760 secs] [Times: user=0.20 sys=0.00, real=0.20 secs] 
2018-03-17T00:00:57.929+0500: 283.852: [GC (Allocation Failure) 2018-03-17T00:00:57.929+0500: 283.852: [DefNew: 139776K->17471K(157248K), 0.2563172 secs] 184496K->184496K(506816K), 0.2563796 secs] [Times: user=0.25 sys=0.00, real=0.26 secs] 
2018-03-17T00:00:58.210+0500: 284.134: [GC (Allocation Failure) 2018-03-17T00:00:58.211+0500: 284.134: [DefNew: 157247K->17472K(157248K), 0.2518948 secs] 324272K->324270K(506816K), 0.2519607 secs] [Times: user=0.25 sys=0.00, real=0.25 secs] 
2018-03-17T00:00:58.489+0500: 284.413: [GC (Allocation Failure) 2018-03-17T00:00:58.489+0500: 284.413: [DefNew: 157248K->157248K(157248K), 0.0000231 secs]2018-03-17T00:00:58.489+0500: 284.413: [Tenured: 306798K->34333K(349568K), 0.1788465 secs] 464046K->34333K(506816K), [Metaspace: 5350K->5350K(1056768K)], 0.1789705 secs] [Times: user=0.19 sys=0.00, real=0.18 secs] 
2018-03-17T00:00:58.697+0500: 284.621: [GC (Allocation Failure) 2018-03-17T00:00:58.697+0500: 284.621: [DefNew: 139776K->17472K(157248K), 0.2575642 secs] 174109K->174108K(506816K), 0.2576570 secs] [Times: user=0.25 sys=0.00, real=0.26 secs] 
2018-03-17T00:00:58.980+0500: 284.905: [GC (Allocation Failure) 2018-03-17T00:00:58.980+0500: 284.905: [DefNew: 157248K->17472K(157248K), 0.2527044 secs] 313884K->313883K(506816K), 0.2527715 secs] [Times: user=0.25 sys=0.00, real=0.25 secs] 
2018-03-17T00:00:59.260+0500: 285.183: [GC (Allocation Failure) 2018-03-17T00:00:59.260+0500: 285.183: [DefNew: 157248K->157248K(157248K), 0.0000167 secs]2018-03-17T00:00:59.260+0500: 285.183: [Tenured: 296411K->23970K(349568K), 0.1563211 secs] 453659K->23970K(506816K), [Metaspace: 5350K->5350K(1056768K)], 0.1564083 secs] [Times: user=0.16 sys=0.00, real=0.16 secs] 
2018-03-17T00:00:59.444+0500: 285.368: [GC (Allocation Failure) 2018-03-17T00:00:59.444+0500: 285.368: [DefNew: 139776K->17472K(157248K), 0.2574719 secs] 163746K->163745K(506816K), 0.2575313 secs] [Times: user=0.25 sys=0.00, real=0.26 secs] 
2018-03-17T00:00:59.727+0500: 285.651: [GC (Allocation Failure) 2018-03-17T00:00:59.727+0500: 285.651: [DefNew: 157248K->17472K(157248K), 0.2575972 secs] 303521K->303520K(506816K), 0.2576605 secs] [Times: user=0.25 sys=0.00, real=0.26 secs] 
2018-03-17T00:01:00.018+0500: 285.942: [GC (Allocation Failure) 2018-03-17T00:01:00.018+0500: 285.942: [DefNew: 146063K->146063K(157248K), 0.0000163 secs]2018-03-17T00:01:00.018+0500: 285.942: [Tenured: 286048K->776K(349568K), 0.1400878 secs] 432112K->776K(506816K), [Metaspace: 5350K->5350K(1056768K)], 0.1401746 secs] [Times: user=0.14 sys=0.00, real=0.14 secs] 
2018-03-17T00:01:00.183+0500: 286.108: [GC (Allocation Failure) 2018-03-17T00:01:00.183+0500: 286.108: [DefNew: 139776K->17472K(157248K), 0.2261484 secs] 140552K->140551K(506816K), 0.2262121 secs] [Times: user=0.22 sys=0.00, real=0.23 secs] 
2018-03-17T00:01:00.436+0500: 286.360: [GC (Allocation Failure) 2018-03-17T00:01:00.436+0500: 286.360: [DefNew: 157248K->17472K(157248K), 0.2618468 secs] 280327K->280290K(506816K), 0.2619096 secs] [Times: user=0.27 sys=0.00, real=0.26 secs] 
2018-03-17T00:01:00.733+0500: 286.656: [GC (Allocation Failure) 2018-03-17T00:01:00.733+0500: 286.656: [DefNew: 157248K->157248K(157248K), 0.0000197 secs]2018-03-17T00:01:00.733+0500: 286.656: [Tenured: 262818K->205221K(349568K), 0.4876842 secs] 420066K->205221K(506816K), [Metaspace: 5350K->5350K(1056768K)], 0.4877864 secs] [Times: user=0.47 sys=0.00, real=0.49 secs] 
2018-03-17T00:01:01.247+0500: 287.170: [GC (Allocation Failure) 2018-03-17T00:01:01.247+0500: 287.171: [DefNew: 139776K->17472K(157248K), 0.2287387 secs] 344997K->344996K(506816K), 0.2288216 secs] [Times: user=0.23 sys=0.00, real=0.23 secs] 
2018-03-17T00:01:01.501+0500: 287.425: [GC (Allocation Failure) 2018-03-17T00:01:01.501+0500: 287.425: [DefNew: 157248K->157248K(157248K), 0.0000158 secs]2018-03-17T00:01:01.501+0500: 287.425: [Tenured: 327524K->55084K(349568K), 0.2226959 secs] 484772K->55084K(506816K), [Metaspace: 5350K->5350K(1056768K)], 0.2227879 secs] [Times: user=0.22 sys=0.00, real=0.22 secs] 
2018-03-17T00:01:01.753+0500: 287.677: [GC (Allocation Failure) 2018-03-17T00:01:01.753+0500: 287.677: [DefNew: 139776K->17472K(157248K), 0.2557454 secs] 194860K->194859K(506816K), 0.2558173 secs] [Times: user=0.26 sys=0.00, real=0.26 secs] 
2018-03-17T00:01:02.035+0500: 287.959: [GC (Allocation Failure) 2018-03-17T00:01:02.035+0500: 287.959: [DefNew: 157248K->17471K(157248K), 0.2507757 secs] 334635K->334633K(506816K), 0.2508360 secs] [Times: user=0.25 sys=0.00, real=0.25 secs] 
2018-03-17T00:01:02.319+0500: 288.243: [GC (Allocation Failure) 2018-03-17T00:01:02.319+0500: 288.243: [DefNew: 157247K->157247K(157248K), 0.0000158 secs]2018-03-17T00:01:02.319+0500: 288.243: [Tenured: 317162K->44720K(349568K), 0.2055239 secs] 474409K->44720K(506816K), [Metaspace: 5350K->5350K(1056768K)], 0.2056116 secs] [Times: user=0.20 sys=0.00, real=0.21 secs] 
2018-03-17T00:01:02.554+0500: 288.478: [GC (Allocation Failure) 2018-03-17T00:01:02.554+0500: 288.478: [DefNew: 139776K->17471K(157248K), 0.2586526 secs] 184496K->184496K(506816K), 0.2587274 secs] [Times: user=0.25 sys=0.00, real=0.26 secs] 
2018-03-17T00:01:02.839+0500: 288.763: [GC (Allocation Failure) 2018-03-17T00:01:02.839+0500: 288.763: [DefNew: 157247K->17472K(157248K), 0.2594985 secs] 324272K->324270K(506816K), 0.2595618 secs] [Times: user=0.25 sys=0.00, real=0.26 secs] 
2018-03-17T00:01:03.125+0500: 289.049: [GC (Allocation Failure) 2018-03-17T00:01:03.125+0500: 289.049: [DefNew: 157248K->157248K(157248K), 0.0000158 secs]2018-03-17T00:01:03.125+0500: 289.049: [Tenured: 306798K->34333K(349568K), 0.1807957 secs] 464046K->34333K(506816K), [Metaspace: 5350K->5350K(1056768K)], 0.1808838 secs] [Times: user=0.19 sys=0.00, real=0.18 secs] 
2018-03-17T00:01:03.338+0500: 289.261: [GC (Allocation Failure) 2018-03-17T00:01:03.338+0500: 289.261: [DefNew: 139776K->17472K(157248K), 0.2658081 secs] 174109K->174108K(506816K), 0.2658718 secs] [Times: user=0.26 sys=0.00, real=0.26 secs] 
2018-03-17T00:01:03.630+0500: 289.554: [GC (Allocation Failure) 2018-03-17T00:01:03.630+0500: 289.554: [DefNew: 157248K->17472K(157248K), 0.2585833 secs] 313884K->313883K(506816K), 0.2586462 secs] [Times: user=0.26 sys=0.00, real=0.26 secs] 
2018-03-17T00:01:03.915+0500: 289.839: [GC (Allocation Failure) 2018-03-17T00:01:03.915+0500: 289.839: [DefNew: 157248K->157248K(157248K), 0.0000171 secs]2018-03-17T00:01:03.915+0500: 289.839: [Tenured: 296411K->23970K(349568K), 0.1570130 secs] 453659K->23970K(506816K), [Metaspace: 5350K->5350K(1056768K)], 0.1571050 secs] [Times: user=0.16 sys=0.00, real=0.16 secs] 
2018-03-17T00:01:04.101+0500: 290.025: [GC (Allocation Failure) 2018-03-17T00:01:04.101+0500: 290.025: [DefNew: 139776K->17472K(157248K), 0.2665009 secs] 163746K->163745K(506816K), 0.2665689 secs] [Times: user=0.27 sys=0.00, real=0.27 secs] 
2018-03-17T00:01:04.394+0500: 290.318: [GC (Allocation Failure) 2018-03-17T00:01:04.394+0500: 290.319: [DefNew: 157248K->17472K(157248K), 0.2662935 secs] 303521K->303520K(506816K), 0.2663636 secs] [Times: user=0.27 sys=0.00, real=0.27 secs] 
2018-03-17T00:01:04.694+0500: 290.617: [GC (Allocation Failure) 2018-03-17T00:01:04.694+0500: 290.617: [DefNew: 146063K->146063K(157248K), 0.0000321 secs]2018-03-17T00:01:04.694+0500: 290.617: [Tenured: 286048K->776K(349568K), 0.1481024 secs] 432112K->776K(506816K), [Metaspace: 5350K->5350K(1056768K)], 0.1482397 secs] [Times: user=0.14 sys=0.00, real=0.15 secs] 
2018-03-17T00:01:04.868+0500: 290.792: [GC (Allocation Failure) 2018-03-17T00:01:04.868+0500: 290.792: [DefNew: 139776K->17472K(157248K), 0.2727716 secs] 140552K->140551K(506816K), 0.2728323 secs] [Times: user=0.26 sys=0.00, real=0.27 secs] 
2018-03-17T00:01:05.167+0500: 291.091: [GC (Allocation Failure) 2018-03-17T00:01:05.167+0500: 291.091: [DefNew: 157248K->17472K(157248K), 0.2757853 secs] 280327K->280290K(506816K), 0.2758464 secs] [Times: user=0.27 sys=0.00, real=0.28 secs] 
2018-03-17T00:01:05.473+0500: 291.397: [GC (Allocation Failure) 2018-03-17T00:01:05.473+0500: 291.397: [DefNew: 157248K->157248K(157248K), 0.0000167 secs]2018-03-17T00:01:05.473+0500: 291.397: [Tenured: 262818K->205221K(349568K), 0.4967338 secs] 420066K->205221K(506816K), [Metaspace: 5350K->5350K(1056768K)], 0.4968296 secs] [Times: user=0.50 sys=0.00, real=0.50 secs] 
2018-03-17T00:01:06.001+0500: 291.925: [GC (Allocation Failure) 2018-03-17T00:01:06.001+0500: 291.925: [DefNew: 139776K->17472K(157248K), 0.2334989 secs] 344997K->344996K(506816K), 0.2335677 secs] [Times: user=0.23 sys=0.00, real=0.23 secs] 
2018-03-17T00:01:06.262+0500: 292.185: [GC (Allocation Failure) 2018-03-17T00:01:06.262+0500: 292.185: [DefNew: 157248K->157248K(157248K), 0.0000171 secs]2018-03-17T00:01:06.262+0500: 292.185: [Tenured: 327524K->55084K(349568K), 0.2486468 secs] 484772K->55084K(506816K), [Metaspace: 5350K->5350K(1056768K)], 0.2487456 secs] [Times: user=0.25 sys=0.00, real=0.25 secs] 
2018-03-17T00:01:06.547+0500: 292.471: [GC (Allocation Failure) 2018-03-17T00:01:06.547+0500: 292.471: [DefNew: 139776K->17472K(157248K), 0.3006366 secs] 194860K->194859K(506816K), 0.3007119 secs] [Times: user=0.30 sys=0.00, real=0.30 secs] 
2018-03-17T00:01:06.876+0500: 292.800: [GC (Allocation Failure) 2018-03-17T00:01:06.876+0500: 292.800: [DefNew: 157248K->17471K(157248K), 0.2675290 secs] 334635K->334633K(506816K), 0.2676038 secs] [Times: user=0.26 sys=0.00, real=0.27 secs] 
2018-03-17T00:01:07.170+0500: 293.094: [GC (Allocation Failure) 2018-03-17T00:01:07.170+0500: 293.094: [DefNew: 157247K->157247K(157248K), 0.0000171 secs]2018-03-17T00:01:07.170+0500: 293.094: [Tenured: 317162K->44720K(349568K), 0.2007457 secs] 474409K->44720K(506816K), [Metaspace: 5350K->5350K(1056768K)], 0.2008364 secs] [Times: user=0.20 sys=0.00, real=0.20 secs] 
2018-03-17T00:01:07.403+0500: 293.328: [GC (Allocation Failure) 2018-03-17T00:01:07.403+0500: 293.328: [DefNew: 139776K->17471K(157248K), 0.2621696 secs] 184496K->184496K(506816K), 0.2622393 secs] [Times: user=0.27 sys=0.00, real=0.26 secs] 
2018-03-17T00:01:07.693+0500: 293.616: [GC (Allocation Failure) 2018-03-17T00:01:07.693+0500: 293.616: [DefNew: 157247K->17472K(157248K), 0.2531624 secs] 324272K->324270K(506816K), 0.2532240 secs] [Times: user=0.27 sys=0.00, real=0.25 secs] 
2018-03-17T00:01:07.981+0500: 293.905: [GC (Allocation Failure) 2018-03-17T00:01:07.981+0500: 293.905: [DefNew: 157248K->157248K(157248K), 0.0000308 secs]2018-03-17T00:01:07.981+0500: 293.905: [Tenured: 306798K->34333K(349568K), 0.2135749 secs] 464046K->34333K(506816K), [Metaspace: 5350K->5350K(1056768K)], 0.2137015 secs] [Times: user=0.22 sys=0.00, real=0.21 secs] 
2018-03-17T00:01:08.232+0500: 294.156: [GC (Allocation Failure) 2018-03-17T00:01:08.232+0500: 294.156: [DefNew: 139776K->17472K(157248K), 0.2819118 secs] 174109K->174108K(506816K), 0.2819867 secs] [Times: user=0.27 sys=0.00, real=0.28 secs] 
2018-03-17T00:01:08.549+0500: 294.473: [GC (Allocation Failure) 2018-03-17T00:01:08.549+0500: 294.473: [DefNew: 157248K->17472K(157248K), 0.3398884 secs] 313884K->313883K(506816K), 0.3399615 secs] [Times: user=0.34 sys=0.00, real=0.34 secs] 
2018-03-17T00:01:08.922+0500: 294.846: [GC (Allocation Failure) 2018-03-17T00:01:08.922+0500: 294.846: [DefNew: 157248K->157248K(157248K), 0.0000184 secs]2018-03-17T00:01:08.922+0500: 294.846: [Tenured: 296411K->23970K(349568K), 0.1693641 secs] 453659K->23970K(506816K), [Metaspace: 5350K->5350K(1056768K)], 0.1694586 secs] [Times: user=0.17 sys=0.00, real=0.17 secs] 
2018-03-17T00:01:09.134+0500: 295.057: [GC (Allocation Failure) 2018-03-17T00:01:09.134+0500: 295.057: [DefNew: 139776K->17472K(157248K), 0.3576142 secs] 163746K->163745K(506816K), 0.3577032 secs] [Times: user=0.36 sys=0.00, real=0.36 secs] 
2018-03-17T00:01:09.518+0500: 295.442: [GC (Allocation Failure) 2018-03-17T00:01:09.518+0500: 295.442: [DefNew: 157248K->17472K(157248K), 0.3375893 secs] 303521K->303520K(506816K), 0.3376762 secs] [Times: user=0.34 sys=0.00, real=0.34 secs] 
2018-03-17T00:01:09.888+0500: 295.812: [GC (Allocation Failure) 2018-03-17T00:01:09.888+0500: 295.812: [DefNew: 146063K->146063K(157248K), 0.0000282 secs]2018-03-17T00:01:09.888+0500: 295.812: [Tenured: 286048K->776K(349568K), 0.1528006 secs] 432112K->776K(506816K), [Metaspace: 5350K->5350K(1056768K)], 0.1529114 secs] [Times: user=0.16 sys=0.00, real=0.15 secs] 
2018-03-17T00:01:10.075+0500: 295.999: [GC (Allocation Failure) 2018-03-17T00:01:10.075+0500: 295.999: [DefNew: 139776K->17472K(157248K), 0.2833795 secs] 140552K->140551K(506816K), 0.2834531 secs] [Times: user=0.28 sys=0.00, real=0.28 secs] 
2018-03-17T00:01:10.386+0500: 296.310: [GC (Allocation Failure) 2018-03-17T00:01:10.386+0500: 296.310: [DefNew: 157248K->17472K(157248K), 0.3608413 secs] 280327K->280290K(506816K), 0.3609063 secs] [Times: user=0.36 sys=0.00, real=0.36 secs] 
2018-03-17T00:01:10.788+0500: 296.712: [GC (Allocation Failure) 2018-03-17T00:01:10.788+0500: 296.712: [DefNew: 157248K->157248K(157248K), 0.0000192 secs]2018-03-17T00:01:10.788+0500: 296.712: [Tenured: 262818K->205221K(349568K), 0.6066763 secs] 420066K->205221K(506816K), [Metaspace: 5350K->5350K(1056768K)], 0.6067729 secs] [Times: user=0.58 sys=0.00, real=0.61 secs] 
2018-03-17T00:01:11.427+0500: 297.351: [GC (Allocation Failure) 2018-03-17T00:01:11.427+0500: 297.351: [DefNew: 139776K->17472K(157248K), 0.3272632 secs] 344997K->344996K(506816K), 0.3273201 secs] [Times: user=0.33 sys=0.00, real=0.33 secs] 
2018-03-17T00:01:11.788+0500: 297.711: [GC (Allocation Failure) 2018-03-17T00:01:11.788+0500: 297.711: [DefNew: 157248K->157248K(157248K), 0.0000218 secs]2018-03-17T00:01:11.788+0500: 297.711: [Tenured: 327524K->55084K(349568K), 0.2658453 secs] 484772K->55084K(506816K), [Metaspace: 5350K->5350K(1056768K)], 0.2659813 secs] [Times: user=0.26 sys=0.00, real=0.27 secs] 
2018-03-17T00:01:12.086+0500: 298.010: [GC (Allocation Failure) 2018-03-17T00:01:12.086+0500: 298.010: [DefNew: 139776K->17472K(157248K), 0.2709536 secs] 194860K->194859K(506816K), 0.2710251 secs] [Times: user=0.27 sys=0.00, real=0.27 secs] 
2018-03-17T00:01:12.385+0500: 298.309: [GC (Allocation Failure) 2018-03-17T00:01:12.385+0500: 298.309: [DefNew: 157248K->17471K(157248K), 0.2564835 secs] 334635K->334633K(506816K), 0.2565451 secs] [Times: user=0.25 sys=0.00, real=0.26 secs] 
2018-03-17T00:01:12.667+0500: 298.591: [GC (Allocation Failure) 2018-03-17T00:01:12.667+0500: 298.591: [DefNew: 157247K->157247K(157248K), 0.0000171 secs]2018-03-17T00:01:12.667+0500: 298.591: [Tenured: 317162K->44720K(349568K), 0.2042978 secs] 474409K->44720K(506816K), [Metaspace: 5350K->5350K(1056768K)], 0.2043919 secs] [Times: user=0.20 sys=0.00, real=0.20 secs] 
2018-03-17T00:01:12.903+0500: 298.827: [GC (Allocation Failure) 2018-03-17T00:01:12.903+0500: 298.827: [DefNew: 139776K->17471K(157248K), 0.2833329 secs] 184496K->184496K(506816K), 0.2834005 secs] [Times: user=0.28 sys=0.00, real=0.28 secs] 
2018-03-17T00:01:13.212+0500: 299.136: [GC (Allocation Failure) 2018-03-17T00:01:13.213+0500: 299.136: [DefNew: 157247K->17472K(157248K), 0.2884601 secs] 324272K->324270K(506816K), 0.2885405 secs] [Times: user=0.28 sys=0.00, real=0.29 secs] 
2018-03-17T00:01:13.528+0500: 299.452: [GC (Allocation Failure) 2018-03-17T00:01:13.528+0500: 299.452: [DefNew: 157248K->157248K(157248K), 0.0000163 secs]2018-03-17T00:01:13.528+0500: 299.452: [Tenured: 306798K->34333K(349568K), 0.1800764 secs] 464046K->34333K(506816K), [Metaspace: 5350K->5350K(1056768K)], 0.1801653 secs] [Times: user=0.17 sys=0.00, real=0.18 secs] 
2018-03-17T00:01:13.738+0500: 299.662: [GC (Allocation Failure) 2018-03-17T00:01:13.738+0500: 299.662: [DefNew: 139776K->17472K(157248K), 0.2640047 secs] 174109K->174108K(506816K), 0.2640714 secs] [Times: user=0.27 sys=0.00, real=0.26 secs] 
2018-03-17T00:01:14.031+0500: 299.955: [GC (Allocation Failure) 2018-03-17T00:01:14.031+0500: 299.955: [DefNew: 157248K->17472K(157248K), 0.2615055 secs] 313884K->313883K(506816K), 0.2615855 secs] [Times: user=0.27 sys=0.00, real=0.26 secs] 
2018-03-17T00:01:14.328+0500: 300.252: [GC (Allocation Failure) 2018-03-17T00:01:14.328+0500: 300.252: [DefNew: 157248K->157248K(157248K), 0.0000163 secs]2018-03-17T00:01:14.328+0500: 300.252: [Tenured: 296411K->23970K(349568K), 0.1690639 secs] 453659K->23970K(506816K), [Metaspace: 5350K->5350K(1056768K)], 0.1691614 secs] [Times: user=0.17 sys=0.00, real=0.17 secs] 
2018-03-17T00:01:14.537+0500: 300.461: [GC (Allocation Failure) 2018-03-17T00:01:14.537+0500: 300.461: [DefNew: 139776K->17472K(157248K), 0.3076651 secs] 163746K->163745K(506816K), 0.3077451 secs] [Times: user=0.30 sys=0.00, real=0.31 secs] 
2018-03-17T00:01:14.877+0500: 300.801: [GC (Allocation Failure) 2018-03-17T00:01:14.877+0500: 300.801: [DefNew: 157248K->17472K(157248K), 0.2814337 secs] 303521K->303520K(506816K), 0.2814991 secs] [Times: user=0.28 sys=0.00, real=0.28 secs] 
2018-03-17T00:01:15.187+0500: 301.111: [GC (Allocation Failure) 2018-03-17T00:01:15.187+0500: 301.111: [DefNew: 146063K->146063K(157248K), 0.0000163 secs]2018-03-17T00:01:15.187+0500: 301.111: [Tenured: 286048K->776K(349568K), 0.1409782 secs] 432112K->776K(506816K), [Metaspace: 5350K->5350K(1056768K)], 0.1410641 secs] [Times: user=0.14 sys=0.00, real=0.14 secs] 
2018-03-17T00:01:15.356+0500: 301.280: [GC (Allocation Failure) 2018-03-17T00:01:15.356+0500: 301.280: [DefNew: 139776K->17472K(157248K), 0.2408276 secs] 140552K->140551K(506816K), 0.2408960 secs] [Times: user=0.23 sys=0.00, real=0.24 secs] 
2018-03-17T00:01:15.624+0500: 301.549: [GC (Allocation Failure) 2018-03-17T00:01:15.624+0500: 301.549: [DefNew: 157248K->17472K(157248K), 0.2695980 secs] 280327K->280290K(506816K), 0.2696814 secs] [Times: user=0.27 sys=0.00, real=0.27 secs] 
2018-03-17T00:01:15.927+0500: 301.851: [GC (Allocation Failure) 2018-03-17T00:01:15.927+0500: 301.851: [DefNew: 157248K->157248K(157248K), 0.0000342 secs]2018-03-17T00:01:15.927+0500: 301.851: [Tenured: 262818K->205221K(349568K), 0.4830523 secs] 420066K->205221K(506816K), [Metaspace: 5350K->5350K(1056768K)], 0.4831934 secs] [Times: user=0.48 sys=0.00, real=0.48 secs] 
2018-03-17T00:01:16.437+0500: 302.361: [GC (Allocation Failure) 2018-03-17T00:01:16.437+0500: 302.361: [DefNew: 139776K->17472K(157248K), 0.2363406 secs] 344997K->344996K(506816K), 0.2364022 secs] [Times: user=0.24 sys=0.00, real=0.24 secs] 
2018-03-17T00:01:16.700+0500: 302.624: [GC (Allocation Failure) 2018-03-17T00:01:16.700+0500: 302.624: [DefNew: 157248K->157248K(157248K), 0.0000171 secs]2018-03-17T00:01:16.700+0500: 302.624: [Tenured: 327524K->55084K(349568K), 0.2251190 secs] 484772K->55084K(506816K), [Metaspace: 5350K->5350K(1056768K)], 0.2252118 secs] [Times: user=0.22 sys=0.00, real=0.22 secs] 
2018-03-17T00:01:16.954+0500: 302.878: [GC (Allocation Failure) 2018-03-17T00:01:16.954+0500: 302.878: [DefNew: 139776K->17472K(157248K), 0.3100818 secs] 194860K->194859K(506816K), 0.3101823 secs] [Times: user=0.31 sys=0.00, real=0.31 secs] 
2018-03-17T00:01:17.305+0500: 303.230: [GC (Allocation Failure) 2018-03-17T00:01:17.305+0500: 303.230: [DefNew: 157248K->17471K(157248K), 0.2837105 secs] 334635K->334633K(506816K), 0.2837730 secs] [Times: user=0.28 sys=0.00, real=0.28 secs] 
2018-03-17T00:01:17.616+0500: 303.540: [GC (Allocation Failure) 2018-03-17T00:01:17.616+0500: 303.540: [DefNew: 157247K->157247K(157248K), 0.0000175 secs]2018-03-17T00:01:17.616+0500: 303.540: [Tenured: 317162K->44720K(349568K), 0.2066003 secs] 474409K->44720K(506816K), [Metaspace: 5350K->5350K(1056768K)], 0.2066974 secs] [Times: user=0.20 sys=0.00, real=0.21 secs] 
2018-03-17T00:01:17.853+0500: 303.777: [GC (Allocation Failure) 2018-03-17T00:01:17.853+0500: 303.777: [DefNew: 139776K->17471K(157248K), 0.2813679 secs] 184496K->184496K(506816K), 0.2814324 secs] [Times: user=0.28 sys=0.00, real=0.28 secs] 
2018-03-17T00:01:18.161+0500: 304.085: [GC (Allocation Failure) 2018-03-17T00:01:18.161+0500: 304.085: [DefNew: 157247K->17472K(157248K), 0.2647223 secs] 324272K->324270K(506816K), 0.2648078 secs] [Times: user=0.27 sys=0.00, real=0.26 secs] 
2018-03-17T00:01:18.452+0500: 304.376: [GC (Allocation Failure) 2018-03-17T00:01:18.452+0500: 304.376: [DefNew: 157248K->157248K(157248K), 0.0000201 secs]2018-03-17T00:01:18.452+0500: 304.376: [Tenured: 306798K->34333K(349568K), 0.1918266 secs] 464046K->34333K(506816K), [Metaspace: 5350K->5350K(1056768K)], 0.1919331 secs] [Times: user=0.19 sys=0.00, real=0.19 secs] 
2018-03-17T00:01:18.682+0500: 304.606: [GC (Allocation Failure) 2018-03-17T00:01:18.682+0500: 304.606: [DefNew: 139776K->17472K(157248K), 0.2962335 secs] 174109K->174108K(506816K), 0.2963067 secs] [Times: user=0.30 sys=0.00, real=0.30 secs] 
2018-03-17T00:01:19.018+0500: 304.941: [GC (Allocation Failure) 2018-03-17T00:01:19.018+0500: 304.941: [DefNew: 157248K->17472K(157248K), 0.3091132 secs] 313884K->313883K(506816K), 0.3092321 secs] [Times: user=0.31 sys=0.00, real=0.31 secs] 
2018-03-17T00:01:19.362+0500: 305.286: [GC (Allocation Failure) 2018-03-17T00:01:19.362+0500: 305.286: [DefNew: 157248K->157248K(157248K), 0.0000210 secs]2018-03-17T00:01:19.362+0500: 305.286: [Tenured: 296411K->23970K(349568K), 0.1671488 secs] 453659K->23970K(506816K), [Metaspace: 5350K->5350K(1056768K)], 0.1672570 secs] [Times: user=0.17 sys=0.00, real=0.17 secs] 
2018-03-17T00:01:19.559+0500: 305.483: [GC (Allocation Failure) 2018-03-17T00:01:19.559+0500: 305.483: [DefNew: 139776K->17472K(157248K), 0.2827252 secs] 163746K->163745K(506816K), 0.2827842 secs] [Times: user=0.28 sys=0.00, real=0.28 secs] 
2018-03-17T00:01:19.870+0500: 305.795: [GC (Allocation Failure) 2018-03-17T00:01:19.871+0500: 305.795: [DefNew: 157248K->17472K(157248K), 0.2596738 secs] 303521K->303520K(506816K), 0.2597803 secs] [Times: user=0.25 sys=0.00, real=0.26 secs] 
2018-03-17T00:01:20.156+0500: 306.080: [GC (Allocation Failure) 2018-03-17T00:01:20.156+0500: 306.080: [DefNew: 146063K->146063K(157248K), 0.0000158 secs]2018-03-17T00:01:20.156+0500: 306.080: [Tenured: 286048K->776K(349568K), 0.1392714 secs] 432112K->776K(506816K), [Metaspace: 5350K->5350K(1056768K)], 0.1393573 secs] [Times: user=0.14 sys=0.00, real=0.14 secs] 
2018-03-17T00:01:20.321+0500: 306.245: [GC (Allocation Failure) 2018-03-17T00:01:20.321+0500: 306.245: [DefNew: 139776K->17472K(157248K), 0.2314004 secs] 140552K->140551K(506816K), 0.2314615 secs] [Times: user=0.23 sys=0.00, real=0.23 secs] 
2018-03-17T00:01:20.578+0500: 306.502: [GC (Allocation Failure) 2018-03-17T00:01:20.578+0500: 306.502: [DefNew: 157248K->17472K(157248K), 0.2555132 secs] 280327K->280290K(506816K), 0.2555872 secs] [Times: user=0.27 sys=0.00, real=0.26 secs] 
2018-03-17T00:01:20.861+0500: 306.785: [GC (Allocation Failure) 2018-03-17T00:01:20.862+0500: 306.785: [DefNew: 157248K->157248K(157248K), 0.0000265 secs]2018-03-17T00:01:20.862+0500: 306.785: [Tenured: 262818K->205221K(349568K), 0.4779713 secs] 420066K->205221K(506816K), [Metaspace: 5350K->5350K(1056768K)], 0.4780804 secs] [Times: user=0.47 sys=0.01, real=0.48 secs] 
2018-03-17T00:01:21.365+0500: 307.289: [GC (Allocation Failure) 2018-03-17T00:01:21.365+0500: 307.289: [DefNew: 139776K->17472K(157248K), 0.2362829 secs] 344997K->344996K(506816K), 0.2363462 secs] [Times: user=0.23 sys=0.00, real=0.24 secs] 
2018-03-17T00:01:21.629+0500: 307.552: [GC (Allocation Failure) 2018-03-17T00:01:21.629+0500: 307.552: [DefNew: 157248K->157248K(157248K), 0.0000222 secs]2018-03-17T00:01:21.629+0500: 307.552: [Tenured: 327524K->55084K(349568K), 0.2305087 secs] 484772K->55084K(506816K), [Metaspace: 5350K->5350K(1056768K)], 0.2306156 secs] [Times: user=0.23 sys=0.00, real=0.23 secs] 
2018-03-17T00:01:21.889+0500: 307.812: [GC (Allocation Failure) 2018-03-17T00:01:21.889+0500: 307.812: [DefNew: 139776K->17472K(157248K), 0.2553417 secs] 194860K->194859K(506816K), 0.2554029 secs] [Times: user=0.25 sys=0.00, real=0.26 secs] 
2018-03-17T00:01:22.169+0500: 308.093: [GC (Allocation Failure) 2018-03-17T00:01:22.170+0500: 308.093: [DefNew: 157248K->17471K(157248K), 0.2502099 secs] 334635K->334633K(506816K), 0.2502958 secs] [Times: user=0.25 sys=0.00, real=0.25 secs] 
2018-03-17T00:01:22.445+0500: 308.369: [GC (Allocation Failure) 2018-03-17T00:01:22.445+0500: 308.369: [DefNew: 157247K->157247K(157248K), 0.0000167 secs]2018-03-17T00:01:22.445+0500: 308.369: [Tenured: 317162K->44720K(349568K), 0.2031620 secs] 474409K->44720K(506816K), [Metaspace: 5350K->5350K(1056768K)], 0.2032539 secs] [Times: user=0.20 sys=0.00, real=0.20 secs] 
2018-03-17T00:01:22.677+0500: 308.602: [GC (Allocation Failure) 2018-03-17T00:01:22.677+0500: 308.602: [DefNew: 139776K->17471K(157248K), 0.2572700 secs] 184496K->184496K(506816K), 0.2573397 secs] [Times: user=0.27 sys=0.00, real=0.26 secs] 
2018-03-17T00:01:22.960+0500: 308.885: [GC (Allocation Failure) 2018-03-17T00:01:22.960+0500: 308.885: [DefNew: 157247K->17472K(157248K), 0.2701924 secs] 324272K->324270K(506816K), 0.2702523 secs] [Times: user=0.27 sys=0.00, real=0.27 secs] 
2018-03-17T00:01:23.257+0500: 309.180: [GC (Allocation Failure) 2018-03-17T00:01:23.257+0500: 309.180: [DefNew: 157248K->157248K(157248K), 0.0000163 secs]2018-03-17T00:01:23.257+0500: 309.180: [Tenured: 306798K->34333K(349568K), 0.1782717 secs] 464046K->34333K(506816K), [Metaspace: 5350K->5350K(1056768K)], 0.1783594 secs] [Times: user=0.17 sys=0.00, real=0.18 secs] 
2018-03-17T00:01:23.464+0500: 309.388: [GC (Allocation Failure) 2018-03-17T00:01:23.464+0500: 309.388: [DefNew: 139776K->17472K(157248K), 0.2627654 secs] 174109K->174108K(506816K), 0.2628274 secs] [Times: user=0.27 sys=0.00, real=0.26 secs] 
2018-03-17T00:01:23.752+0500: 309.676: [GC (Allocation Failure) 2018-03-17T00:01:23.752+0500: 309.676: [DefNew: 157248K->17472K(157248K), 0.2532894 secs] 313884K->313883K(506816K), 0.2533548 secs] [Times: user=0.25 sys=0.02, real=0.25 secs] 
2018-03-17T00:01:24.031+0500: 309.955: [GC (Allocation Failure) 2018-03-17T00:01:24.031+0500: 309.955: [DefNew: 157248K->157248K(157248K), 0.0000163 secs]2018-03-17T00:01:24.031+0500: 309.955: [Tenured: 296411K->23970K(349568K), 0.1558584 secs] 453659K->23970K(506816K), [Metaspace: 5350K->5350K(1056768K)], 0.1559490 secs] [Times: user=0.16 sys=0.00, real=0.16 secs] 
2018-03-17T00:01:24.215+0500: 310.140: [GC (Allocation Failure) 2018-03-17T00:01:24.215+0500: 310.140: [DefNew: 139776K->17472K(157248K), 0.2560674 secs] 163746K->163745K(506816K), 0.2561307 secs] [Times: user=0.25 sys=0.00, real=0.26 secs] 
2018-03-17T00:01:24.498+0500: 310.421: [GC (Allocation Failure) 2018-03-17T00:01:24.498+0500: 310.422: [DefNew: 157248K->17472K(157248K), 0.2570433 secs] 303521K->303520K(506816K), 0.2571071 secs] [Times: user=0.25 sys=0.00, real=0.26 secs] 
2018-03-17T00:01:24.781+0500: 310.705: [GC (Allocation Failure) 2018-03-17T00:01:24.781+0500: 310.705: [DefNew: 146063K->146063K(157248K), 0.0000163 secs]2018-03-17T00:01:24.781+0500: 310.705: [Tenured: 286048K->776K(349568K), 0.1388018 secs] 432112K->776K(506816K), [Metaspace: 5350K->5350K(1056768K)], 0.1388861 secs] [Times: user=0.14 sys=0.00, real=0.14 secs] 
2018-03-17T00:01:24.946+0500: 310.870: [GC (Allocation Failure) 2018-03-17T00:01:24.946+0500: 310.870: [DefNew: 139776K->17472K(157248K), 0.2302774 secs] 140552K->140551K(506816K), 0.2303428 secs] [Times: user=0.22 sys=0.00, real=0.23 secs] 
2018-03-17T00:01:25.203+0500: 311.127: [GC (Allocation Failure) 2018-03-17T00:01:25.203+0500: 311.127: [DefNew: 157248K->17472K(157248K), 0.2620439 secs] 280327K->280290K(506816K), 0.2621046 secs] [Times: user=0.26 sys=0.00, real=0.26 secs] 
2018-03-17T00:01:25.493+0500: 311.417: [GC (Allocation Failure) 2018-03-17T00:01:25.493+0500: 311.417: [DefNew: 157248K->157248K(157248K), 0.0000163 secs]2018-03-17T00:01:25.493+0500: 311.417: [Tenured: 262818K->205221K(349568K), 0.4739116 secs] 420066K->205221K(506816K), [Metaspace: 5350K->5350K(1056768K)], 0.4740006 secs] [Times: user=0.47 sys=0.00, real=0.47 secs] 
2018-03-17T00:01:25.995+0500: 311.918: [GC (Allocation Failure) 2018-03-17T00:01:25.995+0500: 311.918: [DefNew: 139776K->17472K(157248K), 0.2298510 secs] 344997K->344996K(506816K), 0.2299190 secs] [Times: user=0.22 sys=0.00, real=0.23 secs] 
2018-03-17T00:01:26.251+0500: 312.175: [GC (Allocation Failure) 2018-03-17T00:01:26.251+0500: 312.175: [DefNew: 157248K->157248K(157248K), 0.0000158 secs]2018-03-17T00:01:26.251+0500: 312.175: [Tenured: 327524K->55022K(349568K), 0.2309488 secs] 484772K->55022K(506816K), [Metaspace: 5350K->5350K(1056768K)], 0.2310364 secs] [Times: user=0.23 sys=0.00, real=0.23 secs] 
2018-03-17T00:01:26.513+0500: 312.437: [GC (Allocation Failure) 2018-03-17T00:01:26.513+0500: 312.437: [DefNew: 139776K->17472K(157248K), 0.2698931 secs] 194798K->194797K(506816K), 0.2699521 secs] [Times: user=0.27 sys=0.00, real=0.27 secs] 
2018-03-17T00:01:26.811+0500: 312.735: [GC (Allocation Failure) 2018-03-17T00:01:26.811+0500: 312.735: [DefNew: 157248K->17471K(157248K), 0.2515489 secs] 334573K->334572K(506816K), 0.2516130 secs] [Times: user=0.25 sys=0.00, real=0.25 secs] 
2018-03-17T00:01:27.088+0500: 313.012: [GC (Allocation Failure) 2018-03-17T00:01:27.088+0500: 313.012: [DefNew: 157247K->157247K(157248K), 0.0000163 secs]2018-03-17T00:01:27.088+0500: 313.012: [Tenured: 317100K->44659K(349568K), 0.2032552 secs] 474348K->44659K(506816K), [Metaspace: 5350K->5350K(1056768K)], 0.2033673 secs] [Times: user=0.20 sys=0.00, real=0.20 secs] 
2018-03-17T00:01:27.321+0500: 313.244: [GC (Allocation Failure) 2018-03-17T00:01:27.321+0500: 313.244: [DefNew: 139776K->17471K(157248K), 0.2855516 secs] 184435K->184434K(506816K), 0.2856577 secs] [Times: user=0.28 sys=0.00, real=0.28 secs] 
2018-03-17T00:01:27.647+0500: 313.571: [GC (Allocation Failure) 2018-03-17T00:01:27.647+0500: 313.571: [DefNew: 157247K->17472K(157248K), 0.3051185 secs] 324210K->324208K(506816K), 0.3051813 secs] [Times: user=0.30 sys=0.00, real=0.30 secs] 
2018-03-17T00:01:27.984+0500: 313.908: [GC (Allocation Failure) 2018-03-17T00:01:27.984+0500: 313.908: [DefNew: 157248K->157248K(157248K), 0.0000192 secs]2018-03-17T00:01:27.984+0500: 313.908: [Tenured: 306736K->34271K(349568K), 0.1833099 secs] 463984K->34271K(506816K), [Metaspace: 5350K->5350K(1056768K)], 0.1834078 secs] [Times: user=0.19 sys=0.00, real=0.18 secs] 
2018-03-17T00:01:28.197+0500: 314.121: [GC (Allocation Failure) 2018-03-17T00:01:28.197+0500: 314.121: [DefNew: 139776K->17472K(157248K), 0.2788426 secs] 174047K->174046K(506816K), 0.2789084 secs] [Times: user=0.28 sys=0.00, real=0.28 secs] 
2018-03-17T00:01:28.503+0500: 314.427: [GC (Allocation Failure) 2018-03-17T00:01:28.503+0500: 314.427: [DefNew: 157248K->17472K(157248K), 0.2801747 secs] 313822K->313821K(506816K), 0.2802359 secs] [Times: user=0.28 sys=0.00, real=0.28 secs] 
2018-03-17T00:01:28.814+0500: 314.737: [GC (Allocation Failure) 2018-03-17T00:01:28.814+0500: 314.737: [DefNew: 157248K->157248K(157248K), 0.0000154 secs]2018-03-17T00:01:28.814+0500: 314.737: [Tenured: 296349K->23908K(349568K), 0.1647091 secs] 453597K->23908K(506816K), [Metaspace: 5350K->5350K(1056768K)], 0.1648053 secs] [Times: user=0.17 sys=0.00, real=0.16 secs] 
2018-03-17T00:01:29.018+0500: 314.941: [GC (Allocation Failure) 2018-03-17T00:01:29.018+0500: 314.941: [DefNew: 139776K->17472K(157248K), 0.3146166 secs] 163684K->163683K(506816K), 0.3147017 secs] [Times: user=0.31 sys=0.00, real=0.31 secs] 
2018-03-17T00:01:29.366+0500: 315.290: [GC (Allocation Failure) 2018-03-17T00:01:29.366+0500: 315.290: [DefNew: 157248K->17472K(157248K), 0.2998335 secs] 303459K->303458K(506816K), 0.2998977 secs] [Times: user=0.30 sys=0.00, real=0.30 secs] 
2018-03-17T00:01:29.695+0500: 315.619: [GC (Allocation Failure) 2018-03-17T00:01:29.695+0500: 315.619: [DefNew: 146063K->146063K(157248K), 0.0000167 secs]2018-03-17T00:01:29.695+0500: 315.619: [Tenured: 285986K->714K(349568K), 0.1484026 secs] 432050K->714K(506816K), [Metaspace: 5350K->5350K(1056768K)], 0.1485040 secs] [Times: user=0.14 sys=0.00, real=0.15 secs] 
2018-03-17T00:01:29.871+0500: 315.795: [GC (Allocation Failure) 2018-03-17T00:01:29.871+0500: 315.795: [DefNew: 139776K->17472K(157248K), 0.2333749 secs] 140490K->140490K(506816K), 0.2334450 secs] [Times: user=0.23 sys=0.00, real=0.23 secs] 
2018-03-17T00:01:30.131+0500: 316.054: [GC (Allocation Failure) 2018-03-17T00:01:30.131+0500: 316.055: [DefNew: 157248K->17472K(157248K), 0.2564617 secs] 280266K->280228K(506816K), 0.2565259 secs] [Times: user=0.27 sys=0.00, real=0.26 secs] 
2018-03-17T00:01:30.417+0500: 316.341: [GC (Allocation Failure) 2018-03-17T00:01:30.417+0500: 316.341: [DefNew: 157248K->157248K(157248K), 0.0000158 secs]2018-03-17T00:01:30.417+0500: 316.341: [Tenured: 262756K->205160K(349568K), 0.4753533 secs] 420004K->205160K(506816K), [Metaspace: 5350K->5350K(1056768K)], 0.4754426 secs] [Times: user=0.47 sys=0.00, real=0.47 secs] 
2018-03-17T00:01:30.917+0500: 316.841: [GC (Allocation Failure) 2018-03-17T00:01:30.917+0500: 316.841: [DefNew: 139776K->17472K(157248K), 0.2267193 secs] 344936K->344934K(506816K), 0.2267800 secs] [Times: user=0.22 sys=0.00, real=0.23 secs] 
2018-03-17T00:01:31.170+0500: 317.094: [GC (Allocation Failure) 2018-03-17T00:01:31.170+0500: 317.094: [DefNew: 157248K->157248K(157248K), 0.0000163 secs]2018-03-17T00:01:31.170+0500: 317.094: [Tenured: 327462K->55022K(349568K), 0.2209562 secs] 484710K->55022K(506816K), [Metaspace: 5350K->5350K(1056768K)], 0.2210422 secs] [Times: user=0.22 sys=0.00, real=0.22 secs] 
2018-03-17T00:01:31.420+0500: 317.344: [GC (Allocation Failure) 2018-03-17T00:01:31.420+0500: 317.344: [DefNew: 139776K->17472K(157248K), 0.2675410 secs] 194798K->194797K(506816K), 0.2676030 secs] [Times: user=0.26 sys=0.00, real=0.27 secs] 
2018-03-17T00:01:31.714+0500: 317.638: [GC (Allocation Failure) 2018-03-17T00:01:31.714+0500: 317.638: [DefNew: 157248K->17471K(157248K), 0.2611270 secs] 334573K->334572K(506816K), 0.2611899 secs] [Times: user=0.27 sys=0.00, real=0.26 secs] 
2018-03-17T00:01:32.001+0500: 317.925: [GC (Allocation Failure) 2018-03-17T00:01:32.001+0500: 317.925: [DefNew: 157247K->157247K(157248K), 0.0000864 secs]2018-03-17T00:01:32.001+0500: 317.925: [Tenured: 317100K->44659K(349568K), 0.1987507 secs] 474348K->44659K(506816K), [Metaspace: 5350K->5350K(1056768K)], 0.1989449 secs] [Times: user=0.20 sys=0.00, real=0.20 secs] 
2018-03-17T00:01:32.233+0500: 318.157: [GC (Allocation Failure) 2018-03-17T00:01:32.233+0500: 318.157: [DefNew: 139776K->17471K(157248K), 0.2624202 secs] 184435K->184434K(506816K), 0.2624831 secs] [Times: user=0.27 sys=0.00, real=0.26 secs] 
2018-03-17T00:01:32.521+0500: 318.445: [GC (Allocation Failure) 2018-03-17T00:01:32.521+0500: 318.445: [DefNew: 157247K->17472K(157248K), 0.2551364 secs] 324210K->324208K(506816K), 0.2551985 secs] [Times: user=0.27 sys=0.00, real=0.26 secs] 
2018-03-17T00:01:32.802+0500: 318.727: [GC (Allocation Failure) 2018-03-17T00:01:32.802+0500: 318.727: [DefNew: 157248K->157248K(157248K), 0.0000141 secs]2018-03-17T00:01:32.802+0500: 318.727: [Tenured: 306736K->34271K(349568K), 0.1884135 secs] 463984K->34271K(506816K), [Metaspace: 5350K->5350K(1056768K)], 0.1885029 secs] [Times: user=0.20 sys=0.00, real=0.19 secs] 
2018-03-17T00:01:33.048+0500: 318.972: [GC (Allocation Failure) 2018-03-17T00:01:33.048+0500: 318.972: [DefNew: 139776K->17472K(157248K), 0.3241901 secs] 174047K->174046K(506816K), 0.3242508 secs] [Times: user=0.33 sys=0.00, real=0.32 secs] 
2018-03-17T00:01:33.398+0500: 319.322: [GC (Allocation Failure) 2018-03-17T00:01:33.398+0500: 319.322: [DefNew: 157248K->17472K(157248K), 0.2554687 secs] 313822K->313821K(506816K), 0.2555384 secs] [Times: user=0.25 sys=0.00, real=0.26 secs] 
2018-03-17T00:01:33.679+0500: 319.603: [GC (Allocation Failure) 2018-03-17T00:01:33.679+0500: 319.603: [DefNew: 157248K->157248K(157248K), 0.0000158 secs]2018-03-17T00:01:33.679+0500: 319.603: [Tenured: 296349K->23908K(349568K), 0.1563189 secs] 453597K->23908K(506816K), [Metaspace: 5350K->5350K(1056768K)], 0.1564070 secs] [Times: user=0.16 sys=0.00, real=0.16 secs] 
2018-03-17T00:01:33.863+0500: 319.787: [GC (Allocation Failure) 2018-03-17T00:01:33.863+0500: 319.787: [DefNew: 139776K->17472K(157248K), 0.2632114 secs] 163684K->163683K(506816K), 0.2632743 secs] [Times: user=0.27 sys=0.00, real=0.26 secs] 
2018-03-17T00:01:34.153+0500: 320.077: [GC (Allocation Failure) 2018-03-17T00:01:34.153+0500: 320.077: [DefNew: 157248K->17472K(157248K), 0.2590349 secs] 303459K->303458K(506816K), 0.2590978 secs] [Times: user=0.27 sys=0.00, real=0.26 secs] 
2018-03-17T00:01:34.439+0500: 320.362: [GC (Allocation Failure) 2018-03-17T00:01:34.439+0500: 320.362: [DefNew: 146063K->146063K(157248K), 0.0000171 secs]2018-03-17T00:01:34.439+0500: 320.362: [Tenured: 285986K->714K(349568K), 0.1374218 secs] 432050K->714K(506816K), [Metaspace: 5350K->5350K(1056768K)], 0.1375086 secs] [Times: user=0.14 sys=0.00, real=0.14 secs] 
2018-03-17T00:01:34.602+0500: 320.526: [GC (Allocation Failure) 2018-03-17T00:01:34.602+0500: 320.526: [DefNew: 139776K->17472K(157248K), 0.2249227 secs] 140490K->140490K(506816K), 0.2249826 secs] [Times: user=0.22 sys=0.00, real=0.22 secs] 
2018-03-17T00:01:34.852+0500: 320.776: [GC (Allocation Failure) 2018-03-17T00:01:34.852+0500: 320.776: [DefNew: 157248K->17472K(157248K), 0.2584939 secs] 280266K->280228K(506816K), 0.2585577 secs] [Times: user=0.25 sys=0.00, real=0.26 secs] 
2018-03-17T00:01:35.139+0500: 321.063: [GC (Allocation Failure) 2018-03-17T00:01:35.139+0500: 321.063: [DefNew: 157248K->157248K(157248K), 0.0000175 secs]2018-03-17T00:01:35.139+0500: 321.063: [Tenured: 262756K->205160K(349568K), 0.4747092 secs] 420004K->205160K(506816K), [Metaspace: 5350K->5350K(1056768K)], 0.4748289 secs] [Times: user=0.47 sys=0.00, real=0.48 secs] 
2018-03-17T00:01:35.639+0500: 321.564: [GC (Allocation Failure) 2018-03-17T00:01:35.640+0500: 321.564: [DefNew: 139776K->17472K(157248K), 0.2378165 secs] 344936K->344934K(506816K), 0.2378999 secs] [Times: user=0.23 sys=0.00, real=0.24 secs] 
2018-03-17T00:01:35.904+0500: 321.828: [GC (Allocation Failure) 2018-03-17T00:01:35.904+0500: 321.828: [DefNew: 157248K->157248K(157248K), 0.0000163 secs]2018-03-17T00:01:35.904+0500: 321.828: [Tenured: 327462K->55022K(349568K), 0.2225728 secs] 484710K->55022K(506816K), [Metaspace: 5350K->5350K(1056768K)], 0.2226865 secs] [Times: user=0.22 sys=0.00, real=0.22 secs] 
2018-03-17T00:01:36.157+0500: 322.081: [GC (Allocation Failure) 2018-03-17T00:01:36.157+0500: 322.081: [DefNew: 139776K->17472K(157248K), 0.2605441 secs] 194798K->194797K(506816K), 0.2606044 secs] [Times: user=0.27 sys=0.00, real=0.26 secs] 
2018-03-17T00:01:36.443+0500: 322.367: [GC (Allocation Failure) 2018-03-17T00:01:36.443+0500: 322.367: [DefNew: 157248K->17471K(157248K), 0.2519175 secs] 334573K->334572K(506816K), 0.2519821 secs] [Times: user=0.26 sys=0.00, real=0.25 secs] 
2018-03-17T00:01:36.721+0500: 322.645: [GC (Allocation Failure) 2018-03-17T00:01:36.721+0500: 322.645: [DefNew: 157247K->157247K(157248K), 0.0000158 secs]2018-03-17T00:01:36.721+0500: 322.645: [Tenured: 317100K->44659K(349568K), 0.1988337 secs] 474348K->44659K(506816K), [Metaspace: 5350K->5350K(1056768K)], 0.1989227 secs] [Times: user=0.20 sys=0.00, real=0.20 secs] 
2018-03-17T00:01:36.948+0500: 322.872: [GC (Allocation Failure) 2018-03-17T00:01:36.948+0500: 322.873: [DefNew: 139776K->17471K(157248K), 0.2587552 secs] 184435K->184434K(506816K), 0.2588177 secs] [Times: user=0.25 sys=0.00, real=0.26 secs] 
2018-03-17T00:01:37.233+0500: 323.157: [GC (Allocation Failure) 2018-03-17T00:01:37.233+0500: 323.157: [DefNew: 157247K->17472K(157248K), 0.2496505 secs] 324210K->324208K(506816K), 0.2497099 secs] [Times: user=0.25 sys=0.00, real=0.25 secs] 
2018-03-17T00:01:37.509+0500: 323.432: [GC (Allocation Failure) 2018-03-17T00:01:37.509+0500: 323.432: [DefNew: 157248K->157248K(157248K), 0.0000145 secs]2018-03-17T00:01:37.509+0500: 323.432: [Tenured: 306736K->34271K(349568K), 0.1785300 secs] 463984K->34271K(506816K), [Metaspace: 5350K->5350K(1056768K)], 0.1786164 secs] [Times: user=0.17 sys=0.00, real=0.18 secs] 
2018-03-17T00:01:37.716+0500: 323.640: [GC (Allocation Failure) 2018-03-17T00:01:37.716+0500: 323.640: [DefNew: 139776K->17472K(157248K), 0.2585645 secs] 174047K->174046K(506816K), 0.2586261 secs] [Times: user=0.26 sys=0.00, real=0.26 secs] 
2018-03-17T00:01:38.000+0500: 323.924: [GC (Allocation Failure) 2018-03-17T00:01:38.000+0500: 323.924: [DefNew: 157248K->17472K(157248K), 0.2632182 secs] 313822K->313821K(506816K), 0.2632815 secs] [Times: user=0.27 sys=0.00, real=0.26 secs] 
2018-03-17T00:01:38.289+0500: 324.213: [GC (Allocation Failure) 2018-03-17T00:01:38.289+0500: 324.213: [DefNew: 157248K->157248K(157248K), 0.0000163 secs]2018-03-17T00:01:38.289+0500: 324.213: [Tenured: 296349K->23908K(349568K), 0.1555026 secs] 453597K->23908K(506816K), [Metaspace: 5350K->5350K(1056768K)], 0.1555915 secs] [Times: user=0.16 sys=0.00, real=0.15 secs] 
2018-03-17T00:01:38.473+0500: 324.397: [GC (Allocation Failure) 2018-03-17T00:01:38.473+0500: 324.397: [DefNew: 139776K->17472K(157248K), 0.2602020 secs] 163684K->163683K(506816K), 0.2602867 secs] [Times: user=0.26 sys=0.00, real=0.26 secs] 
2018-03-17T00:01:38.759+0500: 324.683: [GC (Allocation Failure) 2018-03-17T00:01:38.759+0500: 324.683: [DefNew: 157248K->17472K(157248K), 0.2562475 secs] 303459K->303458K(506816K), 0.2563091 secs] [Times: user=0.25 sys=0.00, real=0.26 secs] 
2018-03-17T00:01:39.041+0500: 324.965: [GC (Allocation Failure) 2018-03-17T00:01:39.042+0500: 324.965: [DefNew: 146063K->146063K(157248K), 0.0000291 secs]2018-03-17T00:01:39.042+0500: 324.965: [Tenured: 285986K->714K(349568K), 0.1366114 secs] 432050K->714K(506816K), [Metaspace: 5350K->5350K(1056768K)], 0.1367311 secs] [Times: user=0.14 sys=0.00, real=0.14 secs] 
2018-03-17T00:01:39.203+0500: 325.127: [GC (Allocation Failure) 2018-03-17T00:01:39.203+0500: 325.127: [DefNew: 139776K->17472K(157248K), 0.2224479 secs] 140490K->140490K(506816K), 0.2225090 secs] [Times: user=0.22 sys=0.00, real=0.22 secs] 
2018-03-17T00:01:39.452+0500: 325.376: [GC (Allocation Failure) 2018-03-17T00:01:39.452+0500: 325.376: [DefNew: 157248K->17472K(157248K), 0.2579093 secs] 280266K->280228K(506816K), 0.2579820 secs] [Times: user=0.27 sys=0.00, real=0.26 secs] 
2018-03-17T00:01:39.738+0500: 325.663: [GC (Allocation Failure) 2018-03-17T00:01:39.738+0500: 325.663: [DefNew: 157248K->157248K(157248K), 0.0000210 secs]2018-03-17T00:01:39.738+0500: 325.663: [Tenured: 262756K->205160K(349568K), 0.4836070 secs] 420004K->205160K(506816K), [Metaspace: 5350K->5350K(1056768K)], 0.4837109 secs] [Times: user=0.49 sys=0.00, real=0.49 secs] 
2018-03-17T00:01:40.249+0500: 326.173: [GC (Allocation Failure) 2018-03-17T00:01:40.249+0500: 326.173: [DefNew: 139776K->17472K(157248K), 0.2321124 secs] 344936K->344934K(506816K), 0.2321706 secs] [Times: user=0.23 sys=0.00, real=0.23 secs] 
2018-03-17T00:01:40.509+0500: 326.432: [GC (Allocation Failure) 2018-03-17T00:01:40.509+0500: 326.432: [DefNew: 157248K->157248K(157248K), 0.0000175 secs]2018-03-17T00:01:40.509+0500: 326.432: [Tenured: 327462K->55022K(349568K), 0.2250677 secs] 484710K->55022K(506816K), [Metaspace: 5350K->5350K(1056768K)], 0.2251605 secs] [Times: user=0.22 sys=0.00, real=0.22 secs] 
2018-03-17T00:01:40.777+0500: 326.701: [GC (Allocation Failure) 2018-03-17T00:01:40.777+0500: 326.701: [DefNew: 139776K->17472K(157248K), 0.2762168 secs] 194798K->194797K(506816K), 0.2762805 secs] [Times: user=0.27 sys=0.00, real=0.28 secs] 
2018-03-17T00:01:41.081+0500: 327.005: [GC (Allocation Failure) 2018-03-17T00:01:41.081+0500: 327.005: [DefNew: 157248K->17471K(157248K), 0.2506901 secs] 334573K->334572K(506816K), 0.2507513 secs] [Times: user=0.25 sys=0.00, real=0.25 secs] 
2018-03-17T00:01:41.358+0500: 327.282: [GC (Allocation Failure) 2018-03-17T00:01:41.358+0500: 327.282: [DefNew: 157247K->157247K(157248K), 0.0000329 secs]2018-03-17T00:01:41.358+0500: 327.282: [Tenured: 317100K->44659K(349568K), 0.2006115 secs] 474348K->44659K(506816K), [Metaspace: 5350K->5350K(1056768K)], 0.2007252 secs] [Times: user=0.20 sys=0.00, real=0.20 secs] 
2018-03-17T00:01:41.588+0500: 327.511: [GC (Allocation Failure) 2018-03-17T00:01:41.588+0500: 327.511: [DefNew: 139776K->17471K(157248K), 0.2568800 secs] 184435K->184434K(506816K), 0.2569484 secs] [Times: user=0.25 sys=0.00, real=0.26 secs] 
2018-03-17T00:01:41.870+0500: 327.794: [GC (Allocation Failure) 2018-03-17T00:01:41.870+0500: 327.794: [DefNew: 157247K->17472K(157248K), 0.2529229 secs] 324210K->324208K(506816K), 0.2529811 secs] [Times: user=0.25 sys=0.00, real=0.25 secs] 
2018-03-17T00:01:42.148+0500: 328.072: [GC (Allocation Failure) 2018-03-17T00:01:42.148+0500: 328.072: [DefNew: 157248K->157248K(157248K), 0.0000154 secs]2018-03-17T00:01:42.148+0500: 328.072: [Tenured: 306736K->34271K(349568K), 0.1780908 secs] 463984K->34271K(506816K), [Metaspace: 5350K->5350K(1056768K)], 0.1781759 secs] [Times: user=0.17 sys=0.00, real=0.18 secs] 
2018-03-17T00:01:42.355+0500: 328.279: [GC (Allocation Failure) 2018-03-17T00:01:42.355+0500: 328.279: [DefNew: 139776K->17472K(157248K), 0.2592342 secs] 174047K->174046K(506816K), 0.2592949 secs] [Times: user=0.25 sys=0.00, real=0.26 secs] 
2018-03-17T00:01:42.640+0500: 328.564: [GC (Allocation Failure) 2018-03-17T00:01:42.640+0500: 328.564: [DefNew: 157248K->17472K(157248K), 0.2551172 secs] 313822K->313821K(506816K), 0.2551813 secs] [Times: user=0.25 sys=0.00, real=0.26 secs] 
2018-03-17T00:01:42.921+0500: 328.845: [GC (Allocation Failure) 2018-03-17T00:01:42.921+0500: 328.845: [DefNew: 157248K->157248K(157248K), 0.0000171 secs]2018-03-17T00:01:42.921+0500: 328.845: [Tenured: 296349K->23908K(349568K), 0.1557168 secs] 453597K->23908K(506816K), [Metaspace: 5350K->5350K(1056768K)], 0.1558036 secs] [Times: user=0.16 sys=0.00, real=0.16 secs] 
2018-03-17T00:01:43.105+0500: 329.029: [GC (Allocation Failure) 2018-03-17T00:01:43.105+0500: 329.029: [DefNew: 139776K->17472K(157248K), 0.2730419 secs] 163684K->163683K(506816K), 0.2731052 secs] [Times: user=0.26 sys=0.00, real=0.27 secs] 
2018-03-17T00:01:43.408+0500: 329.331: [GC (Allocation Failure) 2018-03-17T00:01:43.408+0500: 329.332: [DefNew: 157248K->17472K(157248K), 0.2725479 secs] 303459K->303458K(506816K), 0.2726108 secs] [Times: user=0.27 sys=0.00, real=0.27 secs] 
2018-03-17T00:01:43.706+0500: 329.630: [GC (Allocation Failure) 2018-03-17T00:01:43.706+0500: 329.630: [DefNew: 146063K->146063K(157248K), 0.0000201 secs]2018-03-17T00:01:43.706+0500: 329.630: [Tenured: 285986K->714K(349568K), 0.1367183 secs] 432050K->714K(506816K), [Metaspace: 5350K->5350K(1056768K)], 0.1368145 secs] [Times: user=0.14 sys=0.00, real=0.14 secs] 
2018-03-17T00:01:43.868+0500: 329.792: [GC (Allocation Failure) 2018-03-17T00:01:43.868+0500: 329.792: [DefNew: 139776K->17472K(157248K), 0.2268886 secs] 140490K->140490K(506816K), 0.2269506 secs] [Times: user=0.22 sys=0.00, real=0.23 secs] 
2018-03-17T00:01:44.122+0500: 330.046: [GC (Allocation Failure) 2018-03-17T00:01:44.122+0500: 330.046: [DefNew: 157248K->17472K(157248K), 0.2618976 secs] 280266K->280228K(506816K), 0.2619639 secs] [Times: user=0.26 sys=0.00, real=0.26 secs] 
2018-03-17T00:01:44.413+0500: 330.337: [GC (Allocation Failure) 2018-03-17T00:01:44.413+0500: 330.337: [DefNew: 157248K->157248K(157248K), 0.0000163 secs]2018-03-17T00:01:44.413+0500: 330.337: [Tenured: 262756K->205160K(349568K), 0.4774287 secs] 420004K->205160K(506816K), [Metaspace: 5350K->5350K(1056768K)], 0.4775176 secs] [Times: user=0.47 sys=0.00, real=0.48 secs] 
2018-03-17T00:01:44.916+0500: 330.840: [GC (Allocation Failure) 2018-03-17T00:01:44.916+0500: 330.840: [DefNew: 139776K->17472K(157248K), 0.2267116 secs] 344936K->344934K(506816K), 0.2267723 secs] [Times: user=0.22 sys=0.00, real=0.23 secs] 
2018-03-17T00:01:45.169+0500: 331.093: [GC (Allocation Failure) 2018-03-17T00:01:45.169+0500: 331.093: [DefNew: 157248K->157248K(157248K), 0.0000163 secs]2018-03-17T00:01:45.169+0500: 331.093: [Tenured: 327462K->55022K(349568K), 0.2213270 secs] 484710K->55022K(506816K), [Metaspace: 5350K->5350K(1056768K)], 0.2214189 secs] [Times: user=0.22 sys=0.00, real=0.22 secs] 
2018-03-17T00:01:45.419+0500: 331.343: [GC (Allocation Failure) 2018-03-17T00:01:45.419+0500: 331.343: [DefNew: 139776K->17472K(157248K), 0.2549919 secs] 194798K->194797K(506816K), 0.2550548 secs] [Times: user=0.25 sys=0.00, real=0.26 secs] 
2018-03-17T00:01:45.700+0500: 331.624: [GC (Allocation Failure) 2018-03-17T00:01:45.700+0500: 331.624: [DefNew: 157248K->17471K(157248K), 0.2546908 secs] 334573K->334572K(506816K), 0.2547516 secs] [Times: user=0.25 sys=0.00, real=0.25 secs] 
2018-03-17T00:01:45.982+0500: 331.906: [GC (Allocation Failure) 2018-03-17T00:01:45.982+0500: 331.906: [DefNew: 157247K->157247K(157248K), 0.0000188 secs]2018-03-17T00:01:45.982+0500: 331.906: [Tenured: 317100K->44659K(349568K), 0.2094301 secs] 474348K->44659K(506816K), [Metaspace: 5350K->5350K(1056768K)], 0.2095272 secs] [Times: user=0.20 sys=0.00, real=0.21 secs] 
2018-03-17T00:01:46.224+0500: 332.147: [GC (Allocation Failure) 2018-03-17T00:01:46.224+0500: 332.147: [DefNew: 139776K->17471K(157248K), 0.2775339 secs] 184435K->184434K(506816K), 0.2775981 secs] [Times: user=0.28 sys=0.00, real=0.28 secs] 
2018-03-17T00:01:46.544+0500: 332.468: [GC (Allocation Failure) 2018-03-17T00:01:46.544+0500: 332.468: [DefNew: 157247K->17472K(157248K), 0.2949643 secs] 324210K->324208K(506816K), 0.2950361 secs] [Times: user=0.30 sys=0.00, real=0.30 secs] 
2018-03-17T00:01:46.864+0500: 332.789: [GC (Allocation Failure) 2018-03-17T00:01:46.864+0500: 332.789: [DefNew: 157248K->157248K(157248K), 0.0000167 secs]2018-03-17T00:01:46.864+0500: 332.789: [Tenured: 306736K->34271K(349568K), 0.1791437 secs] 463984K->34271K(506816K), [Metaspace: 5350K->5350K(1056768K)], 0.1792343 secs] [Times: user=0.19 sys=0.00, real=0.18 secs] 
2018-03-17T00:01:47.073+0500: 332.997: [GC (Allocation Failure) 2018-03-17T00:01:47.074+0500: 332.997: [DefNew: 139776K->17472K(157248K), 0.2908344 secs] 174047K->174046K(506816K), 0.2909114 secs] [Times: user=0.28 sys=0.00, real=0.29 secs] 
2018-03-17T00:01:47.401+0500: 333.324: [GC (Allocation Failure) 2018-03-17T00:01:47.401+0500: 333.324: [DefNew: 157248K->17472K(157248K), 0.2690908 secs] 313822K->313821K(506816K), 0.2691639 secs] [Times: user=0.27 sys=0.00, real=0.27 secs] 
2018-03-17T00:01:47.695+0500: 333.619: [GC (Allocation Failure) 2018-03-17T00:01:47.695+0500: 333.619: [DefNew: 157248K->157248K(157248K), 0.0000231 secs]2018-03-17T00:01:47.695+0500: 333.619: [Tenured: 296349K->23908K(349568K), 0.1552455 secs] 453597K->23908K(506816K), [Metaspace: 5350K->5350K(1056768K)], 0.1553443 secs] [Times: user=0.14 sys=0.00, real=0.15 secs] 
2018-03-17T00:01:47.878+0500: 333.802: [GC (Allocation Failure) 2018-03-17T00:01:47.878+0500: 333.802: [DefNew: 139776K->17472K(157248K), 0.2718171 secs] 163684K->163683K(506816K), 0.2718787 secs] [Times: user=0.28 sys=0.00, real=0.27 secs] 
2018-03-17T00:01:48.176+0500: 334.101: [GC (Allocation Failure) 2018-03-17T00:01:48.176+0500: 334.101: [DefNew: 157248K->17472K(157248K), 0.2601981 secs] 303459K->303458K(506816K), 0.2602593 secs] [Times: user=0.27 sys=0.00, real=0.26 secs] 
2018-03-17T00:01:48.463+0500: 334.386: [GC (Allocation Failure) 2018-03-17T00:01:48.463+0500: 334.386: [DefNew: 146063K->146063K(157248K), 0.0000163 secs]2018-03-17T00:01:48.463+0500: 334.386: [Tenured: 285986K->714K(349568K), 0.1371584 secs] 432050K->714K(506816K), [Metaspace: 5350K->5350K(1056768K)], 0.1372443 secs] [Times: user=0.14 sys=0.00, real=0.14 secs] 
2018-03-17T00:01:48.626+0500: 334.549: [GC (Allocation Failure) 2018-03-17T00:01:48.626+0500: 334.549: [DefNew: 139776K->17472K(157248K), 0.2298985 secs] 140490K->140490K(506816K), 0.2299703 secs] [Times: user=0.23 sys=0.00, real=0.23 secs] 
2018-03-17T00:01:48.882+0500: 334.806: [GC (Allocation Failure) 2018-03-17T00:01:48.882+0500: 334.806: [DefNew: 157248K->17472K(157248K), 0.2627500 secs] 280266K->280228K(506816K), 0.2628295 secs] [Times: user=0.25 sys=0.00, real=0.26 secs] 
2018-03-17T00:01:49.173+0500: 335.097: [GC (Allocation Failure) 2018-03-17T00:01:49.173+0500: 335.097: [DefNew: 157248K->157248K(157248K), 0.0000163 secs]2018-03-17T00:01:49.173+0500: 335.097: [Tenured: 262756K->205160K(349568K), 0.4761012 secs] 420004K->205160K(506816K), [Metaspace: 5350K->5350K(1056768K)], 0.4761953 secs] [Times: user=0.49 sys=0.00, real=0.48 secs] 
2018-03-17T00:01:49.675+0500: 335.599: [GC (Allocation Failure) 2018-03-17T00:01:49.675+0500: 335.599: [DefNew: 139776K->17472K(157248K), 0.2243685 secs] 344936K->344934K(506816K), 0.2244549 secs] [Times: user=0.24 sys=0.00, real=0.23 secs] 
2018-03-17T00:01:49.926+0500: 335.849: [GC (Allocation Failure) 2018-03-17T00:01:49.926+0500: 335.849: [DefNew: 157248K->157248K(157248K), 0.0000163 secs]2018-03-17T00:01:49.926+0500: 335.849: [Tenured: 327462K->55022K(349568K), 0.2232574 secs] 484710K->55022K(506816K), [Metaspace: 5350K->5350K(1056768K)], 0.2233537 secs] [Times: user=0.24 sys=0.00, real=0.22 secs] 
2018-03-17T00:01:50.178+0500: 336.102: [GC (Allocation Failure) 2018-03-17T00:01:50.178+0500: 336.102: [DefNew: 139776K->17472K(157248K), 0.2541131 secs] 194798K->194797K(506816K), 0.2541768 secs] [Times: user=0.25 sys=0.00, real=0.25 secs] 
2018-03-17T00:01:50.457+0500: 336.381: [GC (Allocation Failure) 2018-03-17T00:01:50.457+0500: 336.381: [DefNew: 157248K->17471K(157248K), 0.2506893 secs] 334573K->334572K(506816K), 0.2507547 secs] [Times: user=0.25 sys=0.00, real=0.25 secs] 
2018-03-17T00:01:50.733+0500: 336.657: [GC (Allocation Failure) 2018-03-17T00:01:50.733+0500: 336.657: [DefNew: 157247K->157247K(157248K), 0.0000171 secs]2018-03-17T00:01:50.733+0500: 336.657: [Tenured: 317100K->44659K(349568K), 0.2011417 secs] 474348K->44659K(506816K), [Metaspace: 5350K->5350K(1056768K)], 0.2012367 secs] [Times: user=0.20 sys=0.00, real=0.20 secs] 
2018-03-17T00:01:50.964+0500: 336.888: [GC (Allocation Failure) 2018-03-17T00:01:50.964+0500: 336.888: [DefNew: 139776K->17471K(157248K), 0.2559032 secs] 184435K->184434K(506816K), 0.2559631 secs] [Times: user=0.25 sys=0.00, real=0.26 secs] 
2018-03-17T00:01:51.246+0500: 337.169: [GC (Allocation Failure) 2018-03-17T00:01:51.246+0500: 337.169: [DefNew: 157247K->17472K(157248K), 0.2518901 secs] 324210K->324208K(506816K), 0.2519526 secs] [Times: user=0.25 sys=0.00, real=0.25 secs] 
2018-03-17T00:01:51.523+0500: 337.447: [GC (Allocation Failure) 2018-03-17T00:01:51.523+0500: 337.447: [DefNew: 157248K->157248K(157248K), 0.0000167 secs]2018-03-17T00:01:51.523+0500: 337.447: [Tenured: 306736K->34271K(349568K), 0.1797424 secs] 463984K->34271K(506816K), [Metaspace: 5350K->5350K(1056768K)], 0.1798365 secs] [Times: user=0.17 sys=0.00, real=0.18 secs] 
2018-03-17T00:01:51.734+0500: 337.658: [GC (Allocation Failure) 2018-03-17T00:01:51.734+0500: 337.658: [DefNew: 139776K->17472K(157248K), 0.2551210 secs] 174047K->174046K(506816K), 0.2552019 secs] [Times: user=0.25 sys=0.00, real=0.26 secs] 
2018-03-17T00:01:52.015+0500: 337.939: [GC (Allocation Failure) 2018-03-17T00:01:52.015+0500: 337.939: [DefNew: 157248K->17472K(157248K), 0.2517413 secs] 313822K->313821K(506816K), 0.2518200 secs] [Times: user=0.25 sys=0.00, real=0.25 secs] 
2018-03-17T00:01:52.292+0500: 338.216: [GC (Allocation Failure) 2018-03-17T00:01:52.292+0500: 338.216: [DefNew: 157248K->157248K(157248K), 0.0000171 secs]2018-03-17T00:01:52.292+0500: 338.216: [Tenured: 296349K->23908K(349568K), 0.1556108 secs] 453597K->23908K(506816K), [Metaspace: 5350K->5350K(1056768K)], 0.1557001 secs] [Times: user=0.16 sys=0.00, real=0.15 secs] 
2018-03-17T00:01:52.475+0500: 338.400: [GC (Allocation Failure) 2018-03-17T00:01:52.475+0500: 338.400: [DefNew: 139776K->17472K(157248K), 0.2572781 secs] 163684K->163683K(506816K), 0.2573504 secs] [Times: user=0.25 sys=0.00, real=0.26 secs] 
2018-03-17T00:01:52.759+0500: 338.683: [GC (Allocation Failure) 2018-03-17T00:01:52.759+0500: 338.683: [DefNew: 157248K->17472K(157248K), 0.2525350 secs] 303459K->303458K(506816K), 0.2526265 secs] [Times: user=0.25 sys=0.00, real=0.25 secs] 
2018-03-17T00:01:53.040+0500: 338.963: [GC (Allocation Failure) 2018-03-17T00:01:53.040+0500: 338.964: [DefNew: 146063K->146063K(157248K), 0.0000171 secs]2018-03-17T00:01:53.040+0500: 338.964: [Tenured: 285986K->714K(349568K), 0.1365511 secs] 432050K->714K(506816K), [Metaspace: 5350K->5350K(1056768K)], 0.1366362 secs] [Times: user=0.13 sys=0.00, real=0.14 secs] 
2018-03-17T00:01:53.202+0500: 339.126: [GC (Allocation Failure) 2018-03-17T00:01:53.202+0500: 339.126: [DefNew: 139776K->17472K(157248K), 0.2229623 secs] 140490K->140490K(506816K), 0.2230226 secs] [Times: user=0.22 sys=0.00, real=0.22 secs] 
2018-03-17T00:01:53.450+0500: 339.374: [GC (Allocation Failure) 2018-03-17T00:01:53.450+0500: 339.374: [DefNew: 157248K->17472K(157248K), 0.2564703 secs] 280266K->280228K(506816K), 0.2565456 secs] [Times: user=0.25 sys=0.00, real=0.26 secs] 
2018-03-17T00:01:53.735+0500: 339.659: [GC (Allocation Failure) 2018-03-17T00:01:53.735+0500: 339.659: [DefNew: 157248K->157248K(157248K), 0.0000167 secs]2018-03-17T00:01:53.735+0500: 339.659: [Tenured: 262756K->205160K(349568K), 0.4768783 secs] 420004K->205160K(506816K), [Metaspace: 5350K->5350K(1056768K)], 0.4769638 secs] [Times: user=0.48 sys=0.00, real=0.48 secs] 
2018-03-17T00:01:54.238+0500: 340.162: [GC (Allocation Failure) 2018-03-17T00:01:54.239+0500: 340.162: [DefNew: 139776K->17472K(157248K), 0.2366088 secs] 344936K->344934K(506816K), 0.2366819 secs] [Times: user=0.25 sys=0.00, real=0.24 secs] 
2018-03-17T00:01:54.501+0500: 340.425: [GC (Allocation Failure) 2018-03-17T00:01:54.501+0500: 340.425: [DefNew: 157248K->157248K(157248K), 0.0000158 secs]2018-03-17T00:01:54.501+0500: 340.425: [Tenured: 327462K->55022K(349568K), 0.2219351 secs] 484710K->55022K(506816K), [Metaspace: 5350K->5350K(1056768K)], 0.2220258 secs] [Times: user=0.22 sys=0.00, real=0.22 secs] 
2018-03-17T00:01:54.753+0500: 340.677: [GC (Allocation Failure) 2018-03-17T00:01:54.753+0500: 340.677: [DefNew: 139776K->17472K(157248K), 0.2574616 secs] 194798K->194797K(506816K), 0.2575317 secs] [Times: user=0.26 sys=0.00, real=0.26 secs] 
2018-03-17T00:01:55.035+0500: 340.959: [GC (Allocation Failure) 2018-03-17T00:01:55.035+0500: 340.960: [DefNew: 157248K->17471K(157248K), 0.2522707 secs] 334573K->334572K(506816K), 0.2523503 secs] [Times: user=0.26 sys=0.00, real=0.25 secs] 
2018-03-17T00:01:55.313+0500: 341.237: [GC (Allocation Failure) 2018-03-17T00:01:55.313+0500: 341.237: [DefNew: 157247K->157247K(157248K), 0.0000167 secs]2018-03-17T00:01:55.313+0500: 341.237: [Tenured: 317100K->44659K(349568K), 0.1995338 secs] 474348K->44659K(506816K), [Metaspace: 5350K->5350K(1056768K)], 0.1996916 secs] [Times: user=0.20 sys=0.00, real=0.20 secs] 
2018-03-17T00:01:55.544+0500: 341.468: [GC (Allocation Failure) 2018-03-17T00:01:55.544+0500: 341.468: [DefNew: 139776K->17471K(157248K), 0.2556774 secs] 184435K->184434K(506816K), 0.2557394 secs] [Times: user=0.25 sys=0.00, real=0.26 secs] 
2018-03-17T00:01:55.825+0500: 341.749: [GC (Allocation Failure) 2018-03-17T00:01:55.825+0500: 341.749: [DefNew: 157247K->17472K(157248K), 0.2505195 secs] 324210K->324208K(506816K), 0.2505789 secs] [Times: user=0.23 sys=0.00, real=0.25 secs] 
2018-03-17T00:01:56.101+0500: 342.025: [GC (Allocation Failure) 2018-03-17T00:01:56.101+0500: 342.025: [DefNew: 157248K->157248K(157248K), 0.0000158 secs]2018-03-17T00:01:56.101+0500: 342.025: [Tenured: 306736K->34271K(349568K), 0.1788007 secs] 463984K->34271K(506816K), [Metaspace: 5350K->5350K(1056768K)], 0.1789089 secs] [Times: user=0.17 sys=0.00, real=0.18 secs] 
2018-03-17T00:01:56.309+0500: 342.233: [GC (Allocation Failure) 2018-03-17T00:01:56.309+0500: 342.233: [DefNew: 139776K->17472K(157248K), 0.2596897 secs] 174047K->174046K(506816K), 0.2597495 secs] [Times: user=0.27 sys=0.00, real=0.26 secs] 
2018-03-17T00:01:56.595+0500: 342.520: [GC (Allocation Failure) 2018-03-17T00:01:56.595+0500: 342.520: [DefNew: 157248K->17472K(157248K), 0.2895857 secs] 313822K->313821K(506816K), 0.2896515 secs] [Times: user=0.30 sys=0.00, real=0.29 secs] 
2018-03-17T00:01:56.915+0500: 342.839: [GC (Allocation Failure) 2018-03-17T00:01:56.915+0500: 342.839: [DefNew: 157248K->157248K(157248K), 0.0000282 secs]2018-03-17T00:01:56.916+0500: 342.839: [Tenured: 296349K->23908K(349568K), 0.1687034 secs] 453597K->23908K(506816K), [Metaspace: 5350K->5350K(1056768K)], 0.1688804 secs] [Times: user=0.16 sys=0.00, real=0.17 secs] 
2018-03-17T00:01:57.141+0500: 343.065: [GC (Allocation Failure) 2018-03-17T00:01:57.141+0500: 343.065: [DefNew: 139776K->17472K(157248K), 0.2965786 secs] 163684K->163683K(506816K), 0.2966458 secs] [Times: user=0.30 sys=0.00, real=0.30 secs] 
2018-03-17T00:01:57.473+0500: 343.396: [GC (Allocation Failure) 2018-03-17T00:01:57.473+0500: 343.396: [DefNew: 157248K->17472K(157248K), 0.2884267 secs] 303459K->303458K(506816K), 0.2884998 secs] [Times: user=0.30 sys=0.00, real=0.29 secs] 
2018-03-17T00:01:57.789+0500: 343.713: [GC (Allocation Failure) 2018-03-17T00:01:57.789+0500: 343.713: [DefNew: 146063K->146063K(157248K), 0.0000192 secs]2018-03-17T00:01:57.789+0500: 343.713: [Tenured: 285986K->714K(349568K), 0.1366772 secs] 432050K->714K(506816K), [Metaspace: 5350K->5350K(1056768K)], 0.1367743 secs] [Times: user=0.11 sys=0.00, real=0.14 secs] 
2018-03-17T00:01:57.951+0500: 343.875: [GC (Allocation Failure) 2018-03-17T00:01:57.951+0500: 343.875: [DefNew: 139776K->17472K(157248K), 0.2414721 secs] 140490K->140490K(506816K), 0.2415341 secs] [Times: user=0.23 sys=0.00, real=0.24 secs] 
2018-03-17T00:01:58.218+0500: 344.142: [GC (Allocation Failure) 2018-03-17T00:01:58.218+0500: 344.142: [DefNew: 157248K->17472K(157248K), 0.2625387 secs] 280266K->280228K(506816K), 0.2626170 secs] [Times: user=0.25 sys=0.00, real=0.26 secs] 
2018-03-17T00:01:58.511+0500: 344.434: [GC (Allocation Failure) 2018-03-17T00:01:58.511+0500: 344.434: [DefNew: 157248K->157248K(157248K), 0.0000171 secs]2018-03-17T00:01:58.511+0500: 344.434: [Tenured: 262756K->205160K(349568K), 0.4803307 secs] 420004K->205160K(506816K), [Metaspace: 5350K->5350K(1056768K)], 0.4804235 secs] [Times: user=0.48 sys=0.00, real=0.48 secs] 
2018-03-17T00:01:59.016+0500: 344.940: [GC (Allocation Failure) 2018-03-17T00:01:59.016+0500: 344.940: [DefNew: 139776K->17472K(157248K), 0.2277183 secs] 344936K->344934K(506816K), 0.2277807 secs] [Times: user=0.23 sys=0.00, real=0.23 secs] 
2018-03-17T00:01:59.270+0500: 345.194: [GC (Allocation Failure) 2018-03-17T00:01:59.270+0500: 345.194: [DefNew: 157248K->157248K(157248K), 0.0000171 secs]2018-03-17T00:01:59.270+0500: 345.194: [Tenured: 327462K->55022K(349568K), 0.2251207 secs] 484710K->55022K(506816K), [Metaspace: 5350K->5350K(1056768K)], 0.2252135 secs] [Times: user=0.23 sys=0.00, real=0.22 secs] 
2018-03-17T00:01:59.525+0500: 345.449: [GC (Allocation Failure) 2018-03-17T00:01:59.525+0500: 345.449: [DefNew: 139776K->17472K(157248K), 0.2571079 secs] 194798K->194797K(506816K), 0.2571687 secs] [Times: user=0.25 sys=0.00, real=0.26 secs] 
2018-03-17T00:01:59.809+0500: 345.733: [GC (Allocation Failure) 2018-03-17T00:01:59.809+0500: 345.733: [DefNew: 157248K->17471K(157248K), 0.2646723 secs] 334573K->334572K(506816K), 0.2647497 secs] [Times: user=0.26 sys=0.00, real=0.26 secs] 
2018-03-17T00:02:00.100+0500: 346.023: [GC (Allocation Failure) 2018-03-17T00:02:00.100+0500: 346.023: [DefNew: 157247K->157247K(157248K), 0.0000175 secs]2018-03-17T00:02:00.100+0500: 346.023: [Tenured: 317100K->44659K(349568K), 0.1984424 secs] 474348K->44659K(506816K), [Metaspace: 5350K->5350K(1056768K)], 0.1985493 secs] [Times: user=0.19 sys=0.00, real=0.20 secs] 
2018-03-17T00:02:00.327+0500: 346.251: [GC (Allocation Failure) 2018-03-17T00:02:00.327+0500: 346.251: [DefNew: 139776K->17471K(157248K), 0.2570605 secs] 184435K->184434K(506816K), 0.2571203 secs] [Times: user=0.27 sys=0.00, real=0.26 secs] 
2018-03-17T00:02:00.610+0500: 346.534: [GC (Allocation Failure) 2018-03-17T00:02:00.610+0500: 346.534: [DefNew: 157247K->17472K(157248K), 0.2509895 secs] 324210K->324208K(506816K), 0.2510489 secs] [Times: user=0.25 sys=0.00, real=0.25 secs] 
2018-03-17T00:02:00.887+0500: 346.811: [GC (Allocation Failure) 2018-03-17T00:02:00.887+0500: 346.811: [DefNew: 157248K->157248K(157248K), 0.0000171 secs]2018-03-17T00:02:00.887+0500: 346.811: [Tenured: 306736K->34271K(349568K), 0.1828698 secs] 463984K->34271K(506816K), [Metaspace: 5350K->5350K(1056768K)], 0.1829665 secs] [Times: user=0.19 sys=0.00, real=0.18 secs] 
2018-03-17T00:02:01.100+0500: 347.024: [GC (Allocation Failure) 2018-03-17T00:02:01.100+0500: 347.024: [DefNew: 139776K->17472K(157248K), 0.2704721 secs] 174047K->174046K(506816K), 0.2705405 secs] [Times: user=0.27 sys=0.00, real=0.27 secs] 
2018-03-17T00:02:01.400+0500: 347.324: [GC (Allocation Failure) 2018-03-17T00:02:01.400+0500: 347.324: [DefNew: 157248K->17472K(157248K), 0.2977325 secs] 313822K->313821K(506816K), 0.2977962 secs] [Times: user=0.28 sys=0.02, real=0.30 secs] 
2018-03-17T00:02:01.727+0500: 347.650: [GC (Allocation Failure) 2018-03-17T00:02:01.727+0500: 347.650: [DefNew: 157248K->157248K(157248K), 0.0000274 secs]2018-03-17T00:02:01.727+0500: 347.650: [Tenured: 296349K->23908K(349568K), 0.1633598 secs] 453597K->23908K(506816K), [Metaspace: 5350K->5350K(1056768K)], 0.1634911 secs] [Times: user=0.16 sys=0.00, real=0.16 secs] 
2018-03-17T00:02:01.924+0500: 347.848: [GC (Allocation Failure) 2018-03-17T00:02:01.924+0500: 347.848: [DefNew: 139776K->17472K(157248K), 0.3382762 secs] 163684K->163683K(506816K), 0.3383446 secs] [Times: user=0.34 sys=0.00, real=0.34 secs] 
2018-03-17T00:02:02.307+0500: 348.232: [GC (Allocation Failure) 2018-03-17T00:02:02.307+0500: 348.232: [DefNew: 157248K->17472K(157248K), 0.3672959 secs] 303459K->303458K(506816K), 0.3673716 secs] [Times: user=0.36 sys=0.00, real=0.37 secs] 
2018-03-17T00:02:02.723+0500: 348.646: [GC (Allocation Failure) 2018-03-17T00:02:02.723+0500: 348.646: [DefNew: 146063K->146063K(157248K), 0.0000287 secs]2018-03-17T00:02:02.723+0500: 348.646: [Tenured: 285986K->714K(349568K), 0.1399928 secs] 432050K->714K(506816K), [Metaspace: 5350K->5350K(1056768K)], 0.1401087 secs] [Times: user=0.14 sys=0.00, real=0.14 secs] 
2018-03-17T00:02:02.889+0500: 348.813: [GC (Allocation Failure) 2018-03-17T00:02:02.889+0500: 348.813: [DefNew: 139776K->17472K(157248K), 0.2380547 secs] 140490K->140490K(506816K), 0.2381171 secs] [Times: user=0.24 sys=0.00, real=0.24 secs] 
2018-03-17T00:02:03.153+0500: 349.076: [GC (Allocation Failure) 2018-03-17T00:02:03.153+0500: 349.076: [DefNew: 157248K->17472K(157248K), 0.2796158 secs] 280266K->280228K(506816K), 0.2796773 secs] [Times: user=0.28 sys=0.00, real=0.28 secs] 
2018-03-17T00:02:03.460+0500: 349.384: [GC (Allocation Failure) 2018-03-17T00:02:03.460+0500: 349.384: [DefNew: 157248K->157248K(157248K), 0.0000145 secs]2018-03-17T00:02:03.460+0500: 349.384: [Tenured: 262756K->205160K(349568K), 0.4730405 secs] 420004K->205160K(506816K), [Metaspace: 5350K->5350K(1056768K)], 0.4731312 secs] [Times: user=0.45 sys=0.00, real=0.47 secs] 
2018-03-17T00:02:03.960+0500: 349.883: [GC (Allocation Failure) 2018-03-17T00:02:03.960+0500: 349.883: [DefNew: 139776K->17472K(157248K), 0.2251211 secs] 344936K->344934K(506816K), 0.2251904 secs] [Times: user=0.22 sys=0.00, real=0.22 secs] 
2018-03-17T00:02:04.211+0500: 350.134: [GC (Allocation Failure) 2018-03-17T00:02:04.211+0500: 350.134: [DefNew: 157248K->157248K(157248K), 0.0000171 secs]2018-03-17T00:02:04.211+0500: 350.134: [Tenured: 327462K->55022K(349568K), 0.2224154 secs] 484710K->55022K(506816K), [Metaspace: 5350K->5350K(1056768K)], 0.2225172 secs] [Times: user=0.22 sys=0.00, real=0.22 secs] 
2018-03-17T00:02:04.462+0500: 350.385: [GC (Allocation Failure) 2018-03-17T00:02:04.462+0500: 350.385: [DefNew: 139776K->17472K(157248K), 0.2547417 secs] 194798K->194797K(506816K), 0.2548358 secs] [Times: user=0.25 sys=0.00, real=0.25 secs] 
2018-03-17T00:02:04.742+0500: 350.666: [GC (Allocation Failure) 2018-03-17T00:02:04.742+0500: 350.666: [DefNew: 157248K->17471K(157248K), 0.2511400 secs] 334573K->334572K(506816K), 0.2512123 secs] [Times: user=0.25 sys=0.00, real=0.25 secs] 
2018-03-17T00:02:05.018+0500: 350.942: [GC (Allocation Failure) 2018-03-17T00:02:05.018+0500: 350.942: [DefNew: 157247K->157247K(157248K), 0.0000171 secs]2018-03-17T00:02:05.018+0500: 350.942: [Tenured: 317100K->44659K(349568K), 0.2027959 secs] 474348K->44659K(506816K), [Metaspace: 5350K->5350K(1056768K)], 0.2028857 secs] [Times: user=0.19 sys=0.00, real=0.20 secs] 
2018-03-17T00:02:05.249+0500: 351.174: [GC (Allocation Failure) 2018-03-17T00:02:05.249+0500: 351.174: [DefNew: 139776K->17471K(157248K), 0.2550295 secs] 184435K->184434K(506816K), 0.2550903 secs] [Times: user=0.25 sys=0.00, real=0.26 secs] 
2018-03-17T00:02:05.531+0500: 351.454: [GC (Allocation Failure) 2018-03-17T00:02:05.531+0500: 351.454: [DefNew: 157247K->17472K(157248K), 0.2535794 secs] 324210K->324208K(506816K), 0.2536563 secs] [Times: user=0.25 sys=0.00, real=0.25 secs] 
2018-03-17T00:02:05.810+0500: 351.734: [GC (Allocation Failure) 2018-03-17T00:02:05.810+0500: 351.734: [DefNew: 157248K->157248K(157248K), 0.0000158 secs]2018-03-17T00:02:05.810+0500: 351.734: [Tenured: 306736K->34271K(349568K), 0.1783529 secs] 463984K->34271K(506816K), [Metaspace: 5350K->5350K(1056768K)], 0.1784402 secs] [Times: user=0.17 sys=0.00, real=0.18 secs] 
2018-03-17T00:02:06.018+0500: 351.942: [GC (Allocation Failure) 2018-03-17T00:02:06.018+0500: 351.942: [DefNew: 139776K->17472K(157248K), 0.2552613 secs] 174047K->174046K(506816K), 0.2553199 secs] [Times: user=0.27 sys=0.00, real=0.26 secs] 
2018-03-17T00:02:06.298+0500: 352.222: [GC (Allocation Failure) 2018-03-17T00:02:06.298+0500: 352.222: [DefNew: 157248K->17472K(157248K), 0.2513111 secs] 313822K->313821K(506816K), 0.2513731 secs] [Times: user=0.25 sys=0.00, real=0.25 secs] 
2018-03-17T00:02:06.575+0500: 352.500: [GC (Allocation Failure) 2018-03-17T00:02:06.575+0500: 352.500: [DefNew: 157248K->157248K(157248K), 0.0000158 secs]2018-03-17T00:02:06.575+0500: 352.500: [Tenured: 296349K->23908K(349568K), 0.1559234 secs] 453597K->23908K(506816K), [Metaspace: 5350K->5350K(1056768K)], 0.1560102 secs] [Times: user=0.16 sys=0.00, real=0.16 secs] 
2018-03-17T00:02:06.760+0500: 352.683: [GC (Allocation Failure) 2018-03-17T00:02:06.760+0500: 352.683: [DefNew: 139776K->17472K(157248K), 0.2544047 secs] 163684K->163683K(506816K), 0.2544646 secs] [Times: user=0.25 sys=0.00, real=0.25 secs] 
2018-03-17T00:02:07.044+0500: 352.968: [GC (Allocation Failure) 2018-03-17T00:02:07.045+0500: 352.968: [DefNew: 157248K->17472K(157248K), 0.2567196 secs] 303459K->303458K(506816K), 0.2567949 secs] [Times: user=0.25 sys=0.00, real=0.26 secs] 
2018-03-17T00:02:07.326+0500: 353.250: [GC (Allocation Failure) 2018-03-17T00:02:07.326+0500: 353.250: [DefNew: 146063K->146063K(157248K), 0.0000154 secs]2018-03-17T00:02:07.326+0500: 353.250: [Tenured: 285986K->714K(349568K), 0.1365028 secs] 432050K->714K(506816K), [Metaspace: 5350K->5350K(1056768K)], 0.1365900 secs] [Times: user=0.14 sys=0.00, real=0.14 secs] 
2018-03-17T00:02:07.488+0500: 353.412: [GC (Allocation Failure) 2018-03-17T00:02:07.488+0500: 353.412: [DefNew: 139776K->17472K(157248K), 0.2242633 secs] 140490K->140490K(506816K), 0.2243223 secs] [Times: user=0.23 sys=0.00, real=0.23 secs] 
2018-03-17T00:02:07.738+0500: 353.662: [GC (Allocation Failure) 2018-03-17T00:02:07.738+0500: 353.662: [DefNew: 157248K->17472K(157248K), 0.2551352 secs] 280266K->280228K(506816K), 0.2552044 secs] [Times: user=0.27 sys=0.00, real=0.26 secs] 
2018-03-17T00:02:08.021+0500: 353.946: [GC (Allocation Failure) 2018-03-17T00:02:08.021+0500: 353.946: [DefNew: 157248K->157248K(157248K), 0.0000167 secs]2018-03-17T00:02:08.021+0500: 353.946: [Tenured: 262756K->205160K(349568K), 0.4706794 secs] 420004K->205160K(506816K), [Metaspace: 5350K->5350K(1056768K)], 0.4707662 secs] [Times: user=0.47 sys=0.00, real=0.47 secs] 
2018-03-17T00:02:08.518+0500: 354.442: [GC (Allocation Failure) 2018-03-17T00:02:08.518+0500: 354.442: [DefNew: 139776K->17472K(157248K), 0.2236338 secs] 344936K->344934K(506816K), 0.2237001 secs] [Times: user=0.24 sys=0.00, real=0.22 secs] 
2018-03-17T00:02:08.768+0500: 354.691: [GC (Allocation Failure) 2018-03-17T00:02:08.768+0500: 354.691: [DefNew: 157248K->157248K(157248K), 0.0000175 secs]2018-03-17T00:02:08.768+0500: 354.692: [Tenured: 327462K->55022K(349568K), 0.2207659 secs] 484710K->55022K(506816K), [Metaspace: 5350K->5350K(1056768K)], 0.2208544 secs] [Times: user=0.22 sys=0.00, real=0.22 secs] 
2018-03-17T00:02:09.017+0500: 354.941: [GC (Allocation Failure) 2018-03-17T00:02:09.017+0500: 354.941: [DefNew: 139776K->17472K(157248K), 0.2570014 secs] 194798K->194797K(506816K), 0.2570647 secs] [Times: user=0.27 sys=0.00, real=0.26 secs] 
2018-03-17T00:02:09.299+0500: 355.224: [GC (Allocation Failure) 2018-03-17T00:02:09.299+0500: 355.224: [DefNew: 157248K->17471K(157248K), 0.2520796 secs] 334573K->334572K(506816K), 0.2521433 secs] [Times: user=0.25 sys=0.00, real=0.25 secs] 
2018-03-17T00:02:09.578+0500: 355.502: [GC (Allocation Failure) 2018-03-17T00:02:09.578+0500: 355.502: [DefNew: 157247K->157247K(157248K), 0.0000158 secs]2018-03-17T00:02:09.578+0500: 355.502: [Tenured: 317100K->44659K(349568K), 0.1995380 secs] 474348K->44659K(506816K), [Metaspace: 5350K->5350K(1056768K)], 0.1996304 secs] [Times: user=0.20 sys=0.00, real=0.20 secs] 
2018-03-17T00:02:09.807+0500: 355.730: [GC (Allocation Failure) 2018-03-17T00:02:09.807+0500: 355.731: [DefNew: 139776K->17471K(157248K), 0.2539788 secs] 184435K->184434K(506816K), 0.2540395 secs] [Times: user=0.25 sys=0.00, real=0.25 secs] 
2018-03-17T00:02:10.086+0500: 356.010: [GC (Allocation Failure) 2018-03-17T00:02:10.086+0500: 356.010: [DefNew: 157247K->17472K(157248K), 0.2502201 secs] 324210K->324208K(506816K), 0.2502826 secs] [Times: user=0.23 sys=0.00, real=0.25 secs] 
2018-03-17T00:02:10.362+0500: 356.286: [GC (Allocation Failure) 2018-03-17T00:02:10.362+0500: 356.286: [DefNew: 157248K->157248K(157248K), 0.0000180 secs]2018-03-17T00:02:10.362+0500: 356.286: [Tenured: 306736K->34271K(349568K), 0.1768596 secs] 463984K->34271K(506816K), [Metaspace: 5350K->5350K(1056768K)], 0.1769768 secs] [Times: user=0.19 sys=0.00, real=0.18 secs] 
2018-03-17T00:02:10.570+0500: 356.494: [GC (Allocation Failure) 2018-03-17T00:02:10.570+0500: 356.494: [DefNew: 139776K->17472K(157248K), 0.2658740 secs] 174047K->174046K(506816K), 0.2659432 secs] [Times: user=0.27 sys=0.00, real=0.27 secs] 
2018-03-17T00:02:10.861+0500: 356.785: [GC (Allocation Failure) 2018-03-17T00:02:10.861+0500: 356.785: [DefNew: 157248K->17472K(157248K), 0.2546617 secs] 313822K->313821K(506816K), 0.2547272 secs] [Times: user=0.27 sys=0.00, real=0.25 secs] 
2018-03-17T00:02:11.142+0500: 357.065: [GC (Allocation Failure) 2018-03-17T00:02:11.142+0500: 357.065: [DefNew: 157248K->157248K(157248K), 0.0000167 secs]2018-03-17T00:02:11.142+0500: 357.065: [Tenured: 296349K->23908K(349568K), 0.1554542 secs] 453597K->23908K(506816K), [Metaspace: 5350K->5350K(1056768K)], 0.1555487 secs] [Times: user=0.16 sys=0.00, real=0.15 secs] 
2018-03-17T00:02:11.325+0500: 357.249: [GC (Allocation Failure) 2018-03-17T00:02:11.325+0500: 357.249: [DefNew: 139776K->17472K(157248K), 0.2574103 secs] 163684K->163683K(506816K), 0.2574689 secs] [Times: user=0.25 sys=0.00, real=0.26 secs] 
2018-03-17T00:02:11.608+0500: 357.532: [GC (Allocation Failure) 2018-03-17T00:02:11.608+0500: 357.532: [DefNew: 157248K->17472K(157248K), 0.2532308 secs] 303459K->303458K(506816K), 0.2532920 secs] [Times: user=0.25 sys=0.00, real=0.25 secs] 
2018-03-17T00:02:11.886+0500: 357.810: [GC (Allocation Failure) 2018-03-17T00:02:11.886+0500: 357.810: [DefNew: 146063K->146063K(157248K), 0.0000167 secs]2018-03-17T00:02:11.886+0500: 357.810: [Tenured: 285986K->714K(349568K), 0.1363291 secs] 432050K->714K(506816K), [Metaspace: 5350K->5350K(1056768K)], 0.1364147 secs] [Times: user=0.14 sys=0.00, real=0.14 secs] 
2018-03-17T00:02:12.048+0500: 357.972: [GC (Allocation Failure) 2018-03-17T00:02:12.048+0500: 357.972: [DefNew: 139776K->17472K(157248K), 0.2218688 secs] 140490K->140490K(506816K), 0.2219296 secs] [Times: user=0.22 sys=0.00, real=0.22 secs] 
2018-03-17T00:02:12.295+0500: 358.219: [GC (Allocation Failure) 2018-03-17T00:02:12.295+0500: 358.219: [DefNew: 157248K->17472K(157248K), 0.2568000 secs] 280266K->280228K(506816K), 0.2568770 secs] [Times: user=0.25 sys=0.00, real=0.26 secs] 
2018-03-17T00:02:12.581+0500: 358.504: [GC (Allocation Failure) 2018-03-17T00:02:12.581+0500: 358.504: [DefNew: 157248K->157248K(157248K), 0.0000252 secs]2018-03-17T00:02:12.581+0500: 358.504: [Tenured: 262756K->205160K(349568K), 0.4713774 secs] 420004K->205160K(506816K), [Metaspace: 5350K->5350K(1056768K)], 0.4714958 secs] [Times: user=0.47 sys=0.00, real=0.47 secs] 
2018-03-17T00:02:13.081+0500: 359.005: [GC (Allocation Failure) 2018-03-17T00:02:13.081+0500: 359.005: [DefNew: 139776K->17472K(157248K), 0.2222991 secs] 344936K->344934K(506816K), 0.2223594 secs] [Times: user=0.23 sys=0.00, real=0.22 secs] 
2018-03-17T00:02:13.329+0500: 359.253: [GC (Allocation Failure) 2018-03-17T00:02:13.329+0500: 359.253: [DefNew: 157248K->157248K(157248K), 0.0000167 secs]2018-03-17T00:02:13.329+0500: 359.254: [Tenured: 327462K->55022K(349568K), 0.2229482 secs] 484710K->55022K(506816K), [Metaspace: 5350K->5350K(1056768K)], 0.2230389 secs] [Times: user=0.22 sys=0.00, real=0.22 secs] 
2018-03-17T00:02:13.581+0500: 359.506: [GC (Allocation Failure) 2018-03-17T00:02:13.581+0500: 359.506: [DefNew: 139776K->17472K(157248K), 0.2580278 secs] 194798K->194797K(506816K), 0.2580890 secs] [Times: user=0.27 sys=0.00, real=0.26 secs] 
2018-03-17T00:02:13.866+0500: 359.789: [GC (Allocation Failure) 2018-03-17T00:02:13.866+0500: 359.789: [DefNew: 157248K->17471K(157248K), 0.2488709 secs] 334573K->334572K(506816K), 0.2489325 secs] [Times: user=0.23 sys=0.00, real=0.25 secs] 
2018-03-17T00:02:14.140+0500: 360.064: [GC (Allocation Failure) 2018-03-17T00:02:14.140+0500: 360.064: [DefNew: 157247K->157247K(157248K), 0.0000167 secs]2018-03-17T00:02:14.140+0500: 360.064: [Tenured: 317100K->44659K(349568K), 0.1988260 secs] 474348K->44659K(506816K), [Metaspace: 5350K->5350K(1056768K)], 0.1989137 secs] [Times: user=0.20 sys=0.00, real=0.20 secs] 
2018-03-17T00:02:14.367+0500: 360.291: [GC (Allocation Failure) 2018-03-17T00:02:14.367+0500: 360.291: [DefNew: 139776K->17471K(157248K), 0.2570938 secs] 184435K->184434K(506816K), 0.2571537 secs] [Times: user=0.25 sys=0.00, real=0.26 secs] 
2018-03-17T00:02:14.649+0500: 360.573: [GC (Allocation Failure) 2018-03-17T00:02:14.649+0500: 360.573: [DefNew: 157247K->17472K(157248K), 0.2525568 secs] 324210K->324208K(506816K), 0.2526167 secs] [Times: user=0.25 sys=0.00, real=0.25 secs] 
2018-03-17T00:02:14.927+0500: 360.851: [GC (Allocation Failure) 2018-03-17T00:02:14.927+0500: 360.851: [DefNew: 157248K->157248K(157248K), 0.0000175 secs]2018-03-17T00:02:14.927+0500: 360.851: [Tenured: 306736K->34271K(349568K), 0.1793036 secs] 463984K->34271K(506816K), [Metaspace: 5350K->5350K(1056768K)], 0.1793956 secs] [Times: user=0.19 sys=0.00, real=0.18 secs] 
2018-03-17T00:02:15.135+0500: 361.060: [GC (Allocation Failure) 2018-03-17T00:02:15.135+0500: 361.060: [DefNew: 139776K->17472K(157248K), 0.2547640 secs] 174047K->174046K(506816K), 0.2548260 secs] [Times: user=0.25 sys=0.00, real=0.26 secs] 
2018-03-17T00:02:15.416+0500: 361.340: [GC (Allocation Failure) 2018-03-17T00:02:15.416+0500: 361.340: [DefNew: 157248K->17472K(157248K), 0.2521912 secs] 313822K->313821K(506816K), 0.2522506 secs] [Times: user=0.25 sys=0.00, real=0.25 secs] 
2018-03-17T00:02:15.694+0500: 361.618: [GC (Allocation Failure) 2018-03-17T00:02:15.694+0500: 361.618: [DefNew: 157248K->157248K(157248K), 0.0000167 secs]2018-03-17T00:02:15.694+0500: 361.618: [Tenured: 296349K->23908K(349568K), 0.1551266 secs] 453597K->23908K(506816K), [Metaspace: 5350K->5350K(1056768K)], 0.1552224 secs] [Times: user=0.14 sys=0.00, real=0.15 secs] 
2018-03-17T00:02:15.877+0500: 361.801: [GC (Allocation Failure) 2018-03-17T00:02:15.877+0500: 361.801: [DefNew: 139776K->17472K(157248K), 0.2551612 secs] 163684K->163683K(506816K), 0.2552228 secs] [Times: user=0.27 sys=0.00, real=0.25 secs] 
2018-03-17T00:02:16.158+0500: 362.082: [GC (Allocation Failure) 2018-03-17T00:02:16.158+0500: 362.082: [DefNew: 157248K->17472K(157248K), 0.2534066 secs] 303459K->303458K(506816K), 0.2534801 secs] [Times: user=0.25 sys=0.00, real=0.25 secs] 
2018-03-17T00:02:16.436+0500: 362.361: [GC (Allocation Failure) 2018-03-17T00:02:16.436+0500: 362.361: [DefNew: 146063K->146063K(157248K), 0.0000163 secs]2018-03-17T00:02:16.436+0500: 362.361: [Tenured: 285986K->714K(349568K), 0.1374120 secs] 432050K->714K(506816K), [Metaspace: 5350K->5350K(1056768K)], 0.1374979 secs] [Times: user=0.14 sys=0.00, real=0.14 secs] 
2018-03-17T00:02:16.599+0500: 362.523: [GC (Allocation Failure) 2018-03-17T00:02:16.599+0500: 362.523: [DefNew: 139776K->17472K(157248K), 0.2217786 secs] 140490K->140490K(506816K), 0.2218415 secs] [Times: user=0.23 sys=0.00, real=0.22 secs] 
2018-03-17T00:02:16.847+0500: 362.770: [GC (Allocation Failure) 2018-03-17T00:02:16.847+0500: 362.770: [DefNew: 157248K->17472K(157248K), 0.2577823 secs] 280266K->280228K(506816K), 0.2578525 secs] [Times: user=0.25 sys=0.00, real=0.26 secs] 
2018-03-17T00:02:17.133+0500: 363.056: [GC (Allocation Failure) 2018-03-17T00:02:17.133+0500: 363.056: [DefNew: 157248K->157248K(157248K), 0.0000180 secs]2018-03-17T00:02:17.133+0500: 363.056: [Tenured: 262756K->205160K(349568K), 0.4781262 secs] 420004K->205160K(506816K), [Metaspace: 5350K->5350K(1056768K)], 0.4782185 secs] [Times: user=0.47 sys=0.00, real=0.48 secs] 
2018-03-17T00:02:17.636+0500: 363.560: [GC (Allocation Failure) 2018-03-17T00:02:17.636+0500: 363.560: [DefNew: 139776K->17472K(157248K), 0.2373820 secs] 344936K->344934K(506816K), 0.2374444 secs] [Times: user=0.23 sys=0.00, real=0.24 secs] 
2018-03-17T00:02:17.904+0500: 363.828: [GC (Allocation Failure) 2018-03-17T00:02:17.904+0500: 363.828: [DefNew: 157248K->157248K(157248K), 0.0000205 secs]2018-03-17T00:02:17.904+0500: 363.828: [Tenured: 327462K->55022K(349568K), 0.2268390 secs] 484710K->55022K(506816K), [Metaspace: 5350K->5350K(1056768K)], 0.2269387 secs] [Times: user=0.22 sys=0.00, real=0.23 secs] 
2018-03-17T00:02:18.160+0500: 364.084: [GC (Allocation Failure) 2018-03-17T00:02:18.160+0500: 364.084: [DefNew: 139776K->17472K(157248K), 0.2544625 secs] 194798K->194797K(506816K), 0.2545258 secs] [Times: user=0.26 sys=0.00, real=0.25 secs] 
2018-03-17T00:02:18.440+0500: 364.364: [GC (Allocation Failure) 2018-03-17T00:02:18.440+0500: 364.364: [DefNew: 157248K->17471K(157248K), 0.3081651 secs] 334573K->334572K(506816K), 0.3082237 secs] [Times: user=0.31 sys=0.00, real=0.31 secs] 
2018-03-17T00:02:18.778+0500: 364.701: [GC (Allocation Failure) 2018-03-17T00:02:18.778+0500: 364.701: [DefNew: 157247K->157247K(157248K), 0.0000197 secs]2018-03-17T00:02:18.778+0500: 364.702: [Tenured: 317100K->44659K(349568K), 0.2195214 secs] 474348K->44659K(506816K), [Metaspace: 5350K->5350K(1056768K)], 0.2196271 secs] [Times: user=0.22 sys=0.00, real=0.22 secs] 
2018-03-17T00:02:19.034+0500: 364.958: [GC (Allocation Failure) 2018-03-17T00:02:19.034+0500: 364.959: [DefNew: 139776K->17471K(157248K), 0.3219175 secs] 184435K->184434K(506816K), 0.3219932 secs] [Times: user=0.33 sys=0.00, real=0.32 secs] 
2018-03-17T00:02:19.389+0500: 365.313: [GC (Allocation Failure) 2018-03-17T00:02:19.389+0500: 365.313: [DefNew: 157247K->17472K(157248K), 0.3027330 secs] 324210K->324208K(506816K), 0.3028040 secs] [Times: user=0.30 sys=0.00, real=0.30 secs] 
2018-03-17T00:02:19.718+0500: 365.642: [GC (Allocation Failure) 2018-03-17T00:02:19.718+0500: 365.642: [DefNew: 157248K->157248K(157248K), 0.0000171 secs]2018-03-17T00:02:19.718+0500: 365.642: [Tenured: 306736K->34271K(349568K), 0.1792241 secs] 463984K->34271K(506816K), [Metaspace: 5350K->5350K(1056768K)], 0.1793139 secs] [Times: user=0.19 sys=0.00, real=0.18 secs] 
2018-03-17T00:02:19.926+0500: 365.850: [GC (Allocation Failure) 2018-03-17T00:02:19.926+0500: 365.850: [DefNew: 139776K->17472K(157248K), 0.2541186 secs] 174047K->174046K(506816K), 0.2541789 secs] [Times: user=0.27 sys=0.00, real=0.25 secs] 
2018-03-17T00:02:20.206+0500: 366.130: [GC (Allocation Failure) 2018-03-17T00:02:20.206+0500: 366.130: [DefNew: 157248K->17472K(157248K), 0.2511648 secs] 313822K->313821K(506816K), 0.2512290 secs] [Times: user=0.24 sys=0.00, real=0.25 secs] 
2018-03-17T00:02:20.483+0500: 366.407: [GC (Allocation Failure) 2018-03-17T00:02:20.483+0500: 366.407: [DefNew: 157248K->157248K(157248K), 0.0000154 secs]2018-03-17T00:02:20.483+0500: 366.407: [Tenured: 296349K->23908K(349568K), 0.1555222 secs] 453597K->23908K(506816K), [Metaspace: 5350K->5350K(1056768K)], 0.1556155 secs] [Times: user=0.14 sys=0.00, real=0.15 secs] 
2018-03-17T00:02:20.666+0500: 366.590: [GC (Allocation Failure) 2018-03-17T00:02:20.666+0500: 366.590: [DefNew: 139776K->17472K(157248K), 0.2580847 secs] 163684K->163683K(506816K), 0.2581480 secs] [Times: user=0.25 sys=0.00, real=0.26 secs] 
2018-03-17T00:02:20.950+0500: 366.874: [GC (Allocation Failure) 2018-03-17T00:02:20.950+0500: 366.874: [DefNew: 157248K->17472K(157248K), 0.2726117 secs] 303459K->303458K(506816K), 0.2726831 secs] [Times: user=0.27 sys=0.00, real=0.27 secs] 
2018-03-17T00:02:21.248+0500: 367.172: [GC (Allocation Failure) 2018-03-17T00:02:21.248+0500: 367.172: [DefNew: 146063K->146063K(157248K), 0.0000154 secs]2018-03-17T00:02:21.248+0500: 367.172: [Tenured: 285986K->714K(349568K), 0.1361102 secs] 432050K->714K(506816K), [Metaspace: 5350K->5350K(1056768K)], 0.1361944 secs] [Times: user=0.14 sys=0.00, real=0.14 secs] 
2018-03-17T00:02:21.410+0500: 367.334: [GC (Allocation Failure) 2018-03-17T00:02:21.410+0500: 367.334: [DefNew: 139776K->17472K(157248K), 0.2248060 secs] 140490K->140490K(506816K), 0.2248654 secs] [Times: user=0.22 sys=0.00, real=0.22 secs] 
2018-03-17T00:02:21.660+0500: 367.584: [GC (Allocation Failure) 2018-03-17T00:02:21.660+0500: 367.584: [DefNew: 157248K->17472K(157248K), 0.2583152 secs] 280266K->280228K(506816K), 0.2583772 secs] [Times: user=0.27 sys=0.00, real=0.26 secs] 
2018-03-17T00:02:21.948+0500: 367.872: [GC (Allocation Failure) 2018-03-17T00:02:21.948+0500: 367.872: [DefNew: 157248K->157248K(157248K), 0.0000295 secs]2018-03-17T00:02:21.948+0500: 367.872: [Tenured: 262756K->205160K(349568K), 0.4924077 secs] 420004K->205160K(506816K), [Metaspace: 5350K->5350K(1056768K)], 0.4925330 secs] [Times: user=0.47 sys=0.00, real=0.49 secs] 
2018-03-17T00:02:22.468+0500: 368.392: [GC (Allocation Failure) 2018-03-17T00:02:22.468+0500: 368.392: [DefNew: 139776K->17472K(157248K), 0.2271961 secs] 344936K->344934K(506816K), 0.2272586 secs] [Times: user=0.23 sys=0.00, real=0.23 secs] 
2018-03-17T00:02:22.723+0500: 368.646: [GC (Allocation Failure) 2018-03-17T00:02:22.723+0500: 368.646: [DefNew: 157248K->157248K(157248K), 0.0000167 secs]2018-03-17T00:02:22.723+0500: 368.647: [Tenured: 327462K->55022K(349568K), 0.2300990 secs] 484710K->55022K(506816K), [Metaspace: 5350K->5350K(1056768K)], 0.2301876 secs] [Times: user=0.23 sys=0.00, real=0.23 secs] 
2018-03-17T00:02:22.982+0500: 368.906: [GC (Allocation Failure) 2018-03-17T00:02:22.982+0500: 368.906: [DefNew: 139776K->17472K(157248K), 0.2721652 secs] 194798K->194797K(506816K), 0.2722310 secs] [Times: user=0.27 sys=0.00, real=0.27 secs] 
2018-03-17T00:02:23.280+0500: 369.204: [GC (Allocation Failure) 2018-03-17T00:02:23.280+0500: 369.204: [DefNew: 157248K->17471K(157248K), 0.2534121 secs] 334573K->334572K(506816K), 0.2534797 secs] [Times: user=0.25 sys=0.00, real=0.25 secs] 
2018-03-17T00:02:23.560+0500: 369.484: [GC (Allocation Failure) 2018-03-17T00:02:23.560+0500: 369.484: [DefNew: 157247K->157247K(157248K), 0.0000167 secs]2018-03-17T00:02:23.560+0500: 369.484: [Tenured: 317100K->44659K(349568K), 0.2047315 secs] 474348K->44659K(506816K), [Metaspace: 5350K->5350K(1056768K)], 0.2048311 secs] [Times: user=0.20 sys=0.00, real=0.21 secs] 
2018-03-17T00:02:23.794+0500: 369.718: [GC (Allocation Failure) 2018-03-17T00:02:23.794+0500: 369.718: [DefNew: 139776K->17471K(157248K), 0.2607618 secs] 184435K->184434K(506816K), 0.2608272 secs] [Times: user=0.27 sys=0.00, real=0.26 secs] 
2018-03-17T00:02:24.083+0500: 370.007: [GC (Allocation Failure) 2018-03-17T00:02:24.083+0500: 370.007: [DefNew: 157247K->17472K(157248K), 0.3084969 secs] 324210K->324208K(506816K), 0.3085606 secs] [Times: user=0.31 sys=0.00, real=0.31 secs] 
2018-03-17T00:02:24.452+0500: 370.376: [GC (Allocation Failure) 2018-03-17T00:02:24.452+0500: 370.376: [DefNew: 157248K->157248K(157248K), 0.0000261 secs]2018-03-17T00:02:24.452+0500: 370.376: [Tenured: 306736K->34271K(349568K), 0.1990886 secs] 463984K->34271K(506816K), [Metaspace: 5350K->5350K(1056768K)], 0.1991989 secs] [Times: user=0.20 sys=0.00, real=0.20 secs] 
2018-03-17T00:02:24.680+0500: 370.604: [GC (Allocation Failure) 2018-03-17T00:02:24.680+0500: 370.604: [DefNew: 139776K->17472K(157248K), 0.2595609 secs] 174047K->174046K(506816K), 0.2596247 secs] [Times: user=0.25 sys=0.00, real=0.26 secs] 
2018-03-17T00:02:24.965+0500: 370.889: [GC (Allocation Failure) 2018-03-17T00:02:24.965+0500: 370.889: [DefNew: 157248K->17472K(157248K), 0.2778436 secs] 313822K->313821K(506816K), 0.2779146 secs] [Times: user=0.28 sys=0.00, real=0.28 secs] 
2018-03-17T00:02:25.270+0500: 371.193: [GC (Allocation Failure) 2018-03-17T00:02:25.270+0500: 371.193: [DefNew: 157248K->157248K(157248K), 0.0000261 secs]2018-03-17T00:02:25.270+0500: 371.193: [Tenured: 296349K->23908K(349568K), 0.1582383 secs] 453597K->23908K(506816K), [Metaspace: 5350K->5350K(1056768K)], 0.1583580 secs] [Times: user=0.17 sys=0.00, real=0.16 secs] 
2018-03-17T00:02:25.461+0500: 371.385: [GC (Allocation Failure) 2018-03-17T00:02:25.461+0500: 371.385: [DefNew: 139776K->17472K(157248K), 0.2631874 secs] 163684K->163683K(506816K), 0.2632490 secs] [Times: user=0.25 sys=0.00, real=0.26 secs] 
2018-03-17T00:02:25.751+0500: 371.675: [GC (Allocation Failure) 2018-03-17T00:02:25.751+0500: 371.675: [DefNew: 157248K->17472K(157248K), 0.2594386 secs] 303459K->303458K(506816K), 0.2595015 secs] [Times: user=0.26 sys=0.00, real=0.26 secs] 
2018-03-17T00:02:26.036+0500: 371.960: [GC (Allocation Failure) 2018-03-17T00:02:26.036+0500: 371.960: [DefNew: 146063K->146063K(157248K), 0.0000158 secs]2018-03-17T00:02:26.036+0500: 371.960: [Tenured: 285986K->714K(349568K), 0.1431848 secs] 432050K->714K(506816K), [Metaspace: 5350K->5350K(1056768K)], 0.1432930 secs] [Times: user=0.16 sys=0.00, real=0.14 secs] 
2018-03-17T00:02:26.205+0500: 372.130: [GC (Allocation Failure) 2018-03-17T00:02:26.206+0500: 372.130: [DefNew: 139776K->17472K(157248K), 0.2239665 secs] 140490K->140490K(506816K), 0.2240358 secs] [Times: user=0.23 sys=0.00, real=0.22 secs] 
2018-03-17T00:02:26.455+0500: 372.380: [GC (Allocation Failure) 2018-03-17T00:02:26.455+0500: 372.380: [DefNew: 157248K->17472K(157248K), 0.2584294 secs] 280266K->280228K(506816K), 0.2584892 secs] [Times: user=0.27 sys=0.00, real=0.26 secs] 
2018-03-17T00:02:26.742+0500: 372.666: [GC (Allocation Failure) 2018-03-17T00:02:26.742+0500: 372.666: [DefNew: 157248K->157248K(157248K), 0.0000167 secs]2018-03-17T00:02:26.742+0500: 372.666: [Tenured: 262756K->205160K(349568K), 0.4805527 secs] 420004K->205160K(506816K), [Metaspace: 5350K->5350K(1056768K)], 0.4806600 secs] [Times: user=0.47 sys=0.00, real=0.48 secs] 
2018-03-17T00:02:27.250+0500: 373.174: [GC (Allocation Failure) 2018-03-17T00:02:27.250+0500: 373.174: [DefNew: 139776K->17472K(157248K), 0.2237236 secs] 344936K->344934K(506816K), 0.2237860 secs] [Times: user=0.22 sys=0.00, real=0.22 secs] 
2018-03-17T00:02:27.500+0500: 373.424: [GC (Allocation Failure) 2018-03-17T00:02:27.500+0500: 373.424: [DefNew: 157248K->157248K(157248K), 0.0000167 secs]2018-03-17T00:02:27.500+0500: 373.424: [Tenured: 327462K->55022K(349568K), 0.2226673 secs] 484710K->55022K(506816K), [Metaspace: 5350K->5350K(1056768K)], 0.2227584 secs] [Times: user=0.22 sys=0.00, real=0.22 secs] 
2018-03-17T00:02:27.752+0500: 373.676: [GC (Allocation Failure) 2018-03-17T00:02:27.752+0500: 373.676: [DefNew: 139776K->17472K(157248K), 0.2546014 secs] 194798K->194797K(506816K), 0.2546626 secs] [Times: user=0.26 sys=0.00, real=0.25 secs] 
2018-03-17T00:02:28.033+0500: 373.957: [GC (Allocation Failure) 2018-03-17T00:02:28.033+0500: 373.957: [DefNew: 157248K->17471K(157248K), 0.2572978 secs] 334573K->334572K(506816K), 0.2573761 secs] [Times: user=0.26 sys=0.00, real=0.26 secs] 
2018-03-17T00:02:28.316+0500: 374.240: [GC (Allocation Failure) 2018-03-17T00:02:28.316+0500: 374.240: [DefNew: 157247K->157247K(157248K), 0.0000163 secs]2018-03-17T00:02:28.316+0500: 374.240: [Tenured: 317100K->44659K(349568K), 0.2001231 secs] 474348K->44659K(506816K), [Metaspace: 5350K->5350K(1056768K)], 0.2002095 secs] [Times: user=0.19 sys=0.00, real=0.20 secs] 
2018-03-17T00:02:28.545+0500: 374.469: [GC (Allocation Failure) 2018-03-17T00:02:28.545+0500: 374.469: [DefNew: 139776K->17471K(157248K), 0.2563903 secs] 184435K->184434K(506816K), 0.2564626 secs] [Times: user=0.25 sys=0.00, real=0.26 secs] 
2018-03-17T00:02:28.828+0500: 374.752: [GC (Allocation Failure) 2018-03-17T00:02:28.828+0500: 374.752: [DefNew: 157247K->17472K(157248K), 0.2502744 secs] 324210K->324208K(506816K), 0.2503343 secs] [Times: user=0.25 sys=0.00, real=0.25 secs] 
2018-03-17T00:02:29.105+0500: 375.029: [GC (Allocation Failure) 2018-03-17T00:02:29.105+0500: 375.029: [DefNew: 157248K->157248K(157248K), 0.0000171 secs]2018-03-17T00:02:29.105+0500: 375.029: [Tenured: 306736K->34271K(349568K), 0.1777367 secs] 463984K->34271K(506816K), [Metaspace: 5350K->5350K(1056768K)], 0.1778239 secs] [Times: user=0.17 sys=0.00, real=0.18 secs] 
2018-03-17T00:02:29.314+0500: 375.238: [GC (Allocation Failure) 2018-03-17T00:02:29.314+0500: 375.238: [DefNew: 139776K->17472K(157248K), 0.2556847 secs] 174047K->174046K(506816K), 0.2557471 secs] [Times: user=0.27 sys=0.00, real=0.26 secs] 
2018-03-17T00:02:29.596+0500: 375.520: [GC (Allocation Failure) 2018-03-17T00:02:29.596+0500: 375.520: [DefNew: 157248K->17472K(157248K), 0.2545048 secs] 313822K->313821K(506816K), 0.2545655 secs] [Times: user=0.27 sys=0.00, real=0.25 secs] 
2018-03-17T00:02:29.877+0500: 375.801: [GC (Allocation Failure) 2018-03-17T00:02:29.877+0500: 375.801: [DefNew: 157248K->157248K(157248K), 0.0000167 secs]2018-03-17T00:02:29.877+0500: 375.801: [Tenured: 296349K->23908K(349568K), 0.1572452 secs] 453597K->23908K(506816K), [Metaspace: 5350K->5350K(1056768K)], 0.1573359 secs] [Times: user=0.16 sys=0.00, real=0.16 secs] 
2018-03-17T00:02:30.062+0500: 375.986: [GC (Allocation Failure) 2018-03-17T00:02:30.062+0500: 375.986: [DefNew: 139776K->17472K(157248K), 0.2589092 secs] 163684K->163683K(506816K), 0.2589721 secs] [Times: user=0.27 sys=0.00, real=0.26 secs] 
2018-03-17T00:02:30.347+0500: 376.271: [GC (Allocation Failure) 2018-03-17T00:02:30.347+0500: 376.271: [DefNew: 157248K->17472K(157248K), 0.2559404 secs] 303459K->303458K(506816K), 0.2560033 secs] [Times: user=0.27 sys=0.00, real=0.26 secs] 
2018-03-17T00:02:30.629+0500: 376.553: [GC (Allocation Failure) 2018-03-17T00:02:30.629+0500: 376.553: [DefNew: 146063K->146063K(157248K), 0.0000175 secs]2018-03-17T00:02:30.629+0500: 376.553: [Tenured: 285986K->714K(349568K), 0.1367444 secs] 432050K->714K(506816K), [Metaspace: 5350K->5350K(1056768K)], 0.1368295 secs] [Times: user=0.14 sys=0.00, real=0.14 secs] 
2018-03-17T00:02:30.792+0500: 376.715: [GC (Allocation Failure) 2018-03-17T00:02:30.792+0500: 376.715: [DefNew: 139776K->17472K(157248K), 0.2224560 secs] 140490K->140490K(506816K), 0.2225172 secs] [Times: user=0.19 sys=0.00, real=0.22 secs] 
2018-03-17T00:02:31.040+0500: 376.964: [GC (Allocation Failure) 2018-03-17T00:02:31.040+0500: 376.964: [DefNew: 157248K->17472K(157248K), 0.2576583 secs] 280266K->280228K(506816K), 0.2577208 secs] [Times: user=0.25 sys=0.00, real=0.26 secs] 
2018-03-17T00:02:31.326+0500: 377.250: [GC (Allocation Failure) 2018-03-17T00:02:31.326+0500: 377.250: [DefNew: 157248K->157248K(157248K), 0.0000167 secs]2018-03-17T00:02:31.326+0500: 377.250: [Tenured: 262756K->205160K(349568K), 0.4747096 secs] 420004K->205160K(506816K), [Metaspace: 5350K->5350K(1056768K)], 0.4748046 secs] [Times: user=0.47 sys=0.00, real=0.47 secs] 
2018-03-17T00:02:31.826+0500: 377.750: [GC (Allocation Failure) 2018-03-17T00:02:31.826+0500: 377.750: [DefNew: 139776K->17472K(157248K), 0.2259213 secs] 344936K->344934K(506816K), 0.2259829 secs] [Times: user=0.20 sys=0.00, real=0.23 secs] 
2018-03-17T00:02:32.080+0500: 378.004: [GC (Allocation Failure) 2018-03-17T00:02:32.080+0500: 378.004: [DefNew: 157248K->157248K(157248K), 0.0000163 secs]2018-03-17T00:02:32.080+0500: 378.004: [Tenured: 327462K->55022K(349568K), 0.2220609 secs] 484710K->55022K(506816K), [Metaspace: 5350K->5350K(1056768K)], 0.2221485 secs] [Times: user=0.22 sys=0.00, real=0.22 secs] 
2018-03-17T00:02:32.333+0500: 378.256: [GC (Allocation Failure) 2018-03-17T00:02:32.333+0500: 378.256: [DefNew: 139776K->17472K(157248K), 0.2586210 secs] 194798K->194797K(506816K), 0.2586847 secs] [Times: user=0.27 sys=0.00, real=0.26 secs] 
2018-03-17T00:02:32.617+0500: 378.541: [GC (Allocation Failure) 2018-03-17T00:02:32.617+0500: 378.541: [DefNew: 157248K->17471K(157248K), 0.2508159 secs] 334573K->334572K(506816K), 0.2508800 secs] [Times: user=0.25 sys=0.00, real=0.25 secs] 
2018-03-17T00:02:32.893+0500: 378.817: [GC (Allocation Failure) 2018-03-17T00:02:32.893+0500: 378.817: [DefNew: 157247K->157247K(157248K), 0.0000171 secs]2018-03-17T00:02:32.893+0500: 378.817: [Tenured: 317100K->44659K(349568K), 0.2000662 secs] 474348K->44659K(506816K), [Metaspace: 5350K->5350K(1056768K)], 0.2001641 secs] [Times: user=0.20 sys=0.00, real=0.20 secs] 
2018-03-17T00:02:33.122+0500: 379.046: [GC (Allocation Failure) 2018-03-17T00:02:33.122+0500: 379.046: [DefNew: 139776K->17471K(157248K), 0.2541332 secs] 184435K->184434K(506816K), 0.2541960 secs] [Times: user=0.23 sys=0.00, real=0.25 secs] 
2018-03-17T00:02:33.401+0500: 379.325: [GC (Allocation Failure) 2018-03-17T00:02:33.401+0500: 379.325: [DefNew: 157247K->17472K(157248K), 0.2537555 secs] 324210K->324208K(506816K), 0.2538201 secs] [Times: user=0.23 sys=0.00, real=0.25 secs] 
2018-03-17T00:02:33.681+0500: 379.605: [GC (Allocation Failure) 2018-03-17T00:02:33.681+0500: 379.605: [DefNew: 157248K->157248K(157248K), 0.0000158 secs]2018-03-17T00:02:33.681+0500: 379.605: [Tenured: 306736K->34271K(349568K), 0.1788349 secs] 463984K->34271K(506816K), [Metaspace: 5350K->5350K(1056768K)], 0.1789209 secs] [Times: user=0.17 sys=0.00, real=0.18 secs] 
2018-03-17T00:02:33.889+0500: 379.813: [GC (Allocation Failure) 2018-03-17T00:02:33.889+0500: 379.813: [DefNew: 139776K->17472K(157248K), 0.2543423 secs] 174047K->174046K(506816K), 0.2544022 secs] [Times: user=0.25 sys=0.00, real=0.26 secs] 
2018-03-17T00:02:34.169+0500: 380.093: [GC (Allocation Failure) 2018-03-17T00:02:34.169+0500: 380.093: [DefNew: 157248K->17472K(157248K), 0.2551925 secs] 313822K->313821K(506816K), 0.2552558 secs] [Times: user=0.25 sys=0.00, real=0.26 secs] 
2018-03-17T00:02:34.450+0500: 380.374: [GC (Allocation Failure) 2018-03-17T00:02:34.450+0500: 380.374: [DefNew: 157248K->157248K(157248K), 0.0000171 secs]2018-03-17T00:02:34.450+0500: 380.374: [Tenured: 296349K->23908K(349568K), 0.1558314 secs] 453597K->23908K(506816K), [Metaspace: 5350K->5350K(1056768K)], 0.1559242 secs] [Times: user=0.16 sys=0.00, real=0.16 secs] 
2018-03-17T00:02:34.634+0500: 380.558: [GC (Allocation Failure) 2018-03-17T00:02:34.634+0500: 380.558: [DefNew: 139776K->17472K(157248K), 0.2567722 secs] 163684K->163683K(506816K), 0.2568389 secs] [Times: user=0.25 sys=0.00, real=0.26 secs] 
2018-03-17T00:02:34.916+0500: 380.841: [GC (Allocation Failure) 2018-03-17T00:02:34.916+0500: 380.841: [DefNew: 157248K->17472K(157248K), 0.2601939 secs] 303459K->303458K(506816K), 0.2602623 secs] [Times: user=0.25 sys=0.00, real=0.26 secs] 
2018-03-17T00:02:35.207+0500: 381.130: [GC (Allocation Failure) 2018-03-17T00:02:35.207+0500: 381.130: [DefNew: 146063K->146063K(157248K), 0.0000239 secs]2018-03-17T00:02:35.207+0500: 381.131: [Tenured: 285986K->714K(349568K), 0.1357445 secs] 432050K->714K(506816K), [Metaspace: 5350K->5350K(1056768K)], 0.1358549 secs] [Times: user=0.14 sys=0.00, real=0.14 secs] 
2018-03-17T00:02:35.368+0500: 381.292: [GC (Allocation Failure) 2018-03-17T00:02:35.368+0500: 381.292: [DefNew: 139776K->17472K(157248K), 0.2237184 secs] 140490K->140490K(506816K), 0.2237796 secs] [Times: user=0.22 sys=0.00, real=0.22 secs] 
2018-03-17T00:02:35.618+0500: 381.542: [GC (Allocation Failure) 2018-03-17T00:02:35.618+0500: 381.542: [DefNew: 157248K->17472K(157248K), 0.2577109 secs] 280266K->280228K(506816K), 0.2577721 secs] [Times: user=0.25 sys=0.00, real=0.26 secs] 
2018-03-17T00:02:35.904+0500: 381.828: [GC (Allocation Failure) 2018-03-17T00:02:35.904+0500: 381.828: [DefNew: 157248K->157248K(157248K), 0.0000175 secs]2018-03-17T00:02:35.904+0500: 381.828: [Tenured: 262756K->205160K(349568K), 0.4750753 secs] 420004K->205160K(506816K), [Metaspace: 5350K->5350K(1056768K)], 0.4751664 secs] [Times: user=0.47 sys=0.00, real=0.48 secs] 
2018-03-17T00:02:36.406+0500: 382.329: [GC (Allocation Failure) 2018-03-17T00:02:36.406+0500: 382.329: [DefNew: 139776K->17472K(157248K), 0.2274044 secs] 344936K->344934K(506816K), 0.2274664 secs] [Times: user=0.23 sys=0.00, real=0.23 secs] 
2018-03-17T00:02:36.661+0500: 382.585: [GC (Allocation Failure) 2018-03-17T00:02:36.661+0500: 382.585: [DefNew: 157248K->157248K(157248K), 0.0000167 secs]2018-03-17T00:02:36.661+0500: 382.585: [Tenured: 327462K->55022K(349568K), 0.2248436 secs] 484710K->55022K(506816K), [Metaspace: 5350K->5350K(1056768K)], 0.2249317 secs] [Times: user=0.23 sys=0.00, real=0.22 secs] 
2018-03-17T00:02:36.915+0500: 382.839: [GC (Allocation Failure) 2018-03-17T00:02:36.915+0500: 382.839: [DefNew: 139776K->17472K(157248K), 0.2550736 secs] 194798K->194797K(506816K), 0.2551364 secs] [Times: user=0.25 sys=0.00, real=0.26 secs] 
2018-03-17T00:02:37.196+0500: 383.120: [GC (Allocation Failure) 2018-03-17T00:02:37.196+0500: 383.120: [DefNew: 157248K->17471K(157248K), 0.3023631 secs] 334573K->334572K(506816K), 0.3024264 secs] [Times: user=0.30 sys=0.00, real=0.30 secs] 
2018-03-17T00:02:37.537+0500: 383.462: [GC (Allocation Failure) 2018-03-17T00:02:37.537+0500: 383.462: [DefNew: 157247K->157247K(157248K), 0.0000175 secs]2018-03-17T00:02:37.537+0500: 383.462: [Tenured: 317100K->44659K(349568K), 0.2712543 secs] 474348K->44659K(506816K), [Metaspace: 5350K->5350K(1056768K)], 0.2714151 secs] [Times: user=0.27 sys=0.00, real=0.27 secs] 
2018-03-17T00:02:37.855+0500: 383.778: [GC (Allocation Failure) 2018-03-17T00:02:37.855+0500: 383.779: [DefNew: 139776K->17471K(157248K), 0.3129112 secs] 184435K->184434K(506816K), 0.3129762 secs] [Times: user=0.31 sys=0.00, real=0.31 secs] 
2018-03-17T00:02:38.209+0500: 384.133: [GC (Allocation Failure) 2018-03-17T00:02:38.209+0500: 384.133: [DefNew: 157247K->17472K(157248K), 0.3612677 secs] 324210K->324208K(506816K), 0.3613502 secs] [Times: user=0.38 sys=0.00, real=0.36 secs] 
2018-03-17T00:02:38.615+0500: 384.539: [GC (Allocation Failure) 2018-03-17T00:02:38.615+0500: 384.539: [DefNew: 157248K->157248K(157248K), 0.0000154 secs]2018-03-17T00:02:38.615+0500: 384.539: [Tenured: 306736K->34271K(349568K), 0.2410012 secs] 463984K->34271K(506816K), [Metaspace: 5350K->5350K(1056768K)], 0.2411197 secs] [Times: user=0.25 sys=0.00, real=0.24 secs] 
2018-03-17T00:02:38.908+0500: 384.833: [GC (Allocation Failure) 2018-03-17T00:02:38.908+0500: 384.833: [DefNew: 139776K->17472K(157248K), 0.3151268 secs] 174047K->174046K(506816K), 0.3153035 secs] [Times: user=0.31 sys=0.00, real=0.32 secs] 
2018-03-17T00:02:39.254+0500: 385.178: [GC (Allocation Failure) 2018-03-17T00:02:39.255+0500: 385.178: [DefNew: 157248K->17472K(157248K), 0.2798501 secs] 313822K->313821K(506816K), 0.2799258 secs] [Times: user=0.28 sys=0.00, real=0.28 secs] 
2018-03-17T00:02:39.560+0500: 385.484: [GC (Allocation Failure) 2018-03-17T00:02:39.560+0500: 385.484: [DefNew: 157248K->157248K(157248K), 0.0000171 secs]2018-03-17T00:02:39.560+0500: 385.484: [Tenured: 296349K->23908K(349568K), 0.1551784 secs] 453597K->23908K(506816K), [Metaspace: 5350K->5350K(1056768K)], 0.1552661 secs] [Times: user=0.16 sys=0.00, real=0.15 secs] 
2018-03-17T00:02:39.743+0500: 385.667: [GC (Allocation Failure) 2018-03-17T00:02:39.743+0500: 385.667: [DefNew: 139776K->17472K(157248K), 0.2554520 secs] 163684K->163683K(506816K), 0.2555141 secs] [Times: user=0.25 sys=0.00, real=0.25 secs] 
2018-03-17T00:02:40.024+0500: 385.948: [GC (Allocation Failure) 2018-03-17T00:02:40.024+0500: 385.948: [DefNew: 157248K->17472K(157248K), 0.2534147 secs] 303459K->303458K(506816K), 0.2534737 secs] [Times: user=0.25 sys=0.00, real=0.25 secs] 
2018-03-17T00:02:40.303+0500: 386.227: [GC (Allocation Failure) 2018-03-17T00:02:40.303+0500: 386.227: [DefNew: 146063K->146063K(157248K), 0.0000158 secs]2018-03-17T00:02:40.303+0500: 386.227: [Tenured: 285986K->715K(349568K), 0.1367769 secs] 432050K->715K(506816K), [Metaspace: 5350K->5350K(1056768K)], 0.1369467 secs] [Times: user=0.13 sys=0.00, real=0.14 secs] 
2018-03-17T00:02:40.482+0500: 386.407: [GC (Allocation Failure) 2018-03-17T00:02:40.482+0500: 386.407: [DefNew: 139776K->17472K(157248K), 0.2690480 secs] 140491K->140490K(506816K), 0.2691656 secs] [Times: user=0.27 sys=0.00, real=0.27 secs] 
2018-03-17T00:02:40.778+0500: 386.701: [GC (Allocation Failure) 2018-03-17T00:02:40.778+0500: 386.701: [DefNew: 157248K->17472K(157248K), 0.2559652 secs] 280266K->280229K(506816K), 0.2560281 secs] [Times: user=0.25 sys=0.00, real=0.26 secs] 
2018-03-17T00:02:41.064+0500: 386.987: [GC (Allocation Failure) 2018-03-17T00:02:41.064+0500: 386.987: [DefNew: 157248K->157248K(157248K), 0.0000171 secs]2018-03-17T00:02:41.064+0500: 386.987: [Tenured: 262757K->205160K(349568K), 0.4700756 secs] 420005K->205160K(506816K), [Metaspace: 5350K->5350K(1056768K)], 0.4701697 secs] [Times: user=0.47 sys=0.00, real=0.47 secs] 
2018-03-17T00:02:41.561+0500: 387.485: [GC (Allocation Failure) 2018-03-17T00:02:41.561+0500: 387.485: [DefNew: 139776K->17472K(157248K), 0.2226797 secs] 344936K->344935K(506816K), 0.2227545 secs] [Times: user=0.22 sys=0.00, real=0.22 secs] 
2018-03-17T00:02:41.810+0500: 387.735: [GC (Allocation Failure) 2018-03-17T00:02:41.811+0500: 387.735: [DefNew: 157248K->157248K(157248K), 0.0000287 secs]2018-03-17T00:02:41.811+0500: 387.735: [Tenured: 327463K->55022K(349568K), 0.2207433 secs] 484711K->55022K(506816K), [Metaspace: 5350K->5350K(1056768K)], 0.2208668 secs] [Times: user=0.22 sys=0.00, real=0.22 secs] 
2018-03-17T00:02:42.061+0500: 387.985: [GC (Allocation Failure) 2018-03-17T00:02:42.061+0500: 387.985: [DefNew: 139776K->17472K(157248K), 0.2546673 secs] 194798K->194797K(506816K), 0.2547280 secs] [Times: user=0.25 sys=0.00, real=0.25 secs] 
2018-03-17T00:02:42.342+0500: 388.265: [GC (Allocation Failure) 2018-03-17T00:02:42.342+0500: 388.265: [DefNew: 157248K->17471K(157248K), 0.2499973 secs] 334573K->334572K(506816K), 0.2500602 secs] [Times: user=0.25 sys=0.00, real=0.25 secs] 
2018-03-17T00:02:42.617+0500: 388.541: [GC (Allocation Failure) 2018-03-17T00:02:42.617+0500: 388.541: [DefNew: 157247K->157247K(157248K), 0.0000175 secs]2018-03-17T00:02:42.617+0500: 388.541: [Tenured: 317100K->44659K(349568K), 0.1987255 secs] 474348K->44659K(506816K), [Metaspace: 5350K->5350K(1056768K)], 0.1988200 secs] [Times: user=0.19 sys=0.00, real=0.20 secs] 
2018-03-17T00:02:42.845+0500: 388.769: [GC (Allocation Failure) 2018-03-17T00:02:42.845+0500: 388.769: [DefNew: 139776K->17471K(157248K), 0.2577674 secs] 184435K->184434K(506816K), 0.2578328 secs] [Times: user=0.26 sys=0.00, real=0.26 secs] 
2018-03-17T00:02:43.128+0500: 389.052: [GC (Allocation Failure) 2018-03-17T00:02:43.128+0500: 389.052: [DefNew: 157247K->17472K(157248K), 0.2591461 secs] 324210K->324208K(506816K), 0.2592205 secs] [Times: user=0.26 sys=0.00, real=0.26 secs] 
2018-03-17T00:02:43.414+0500: 389.339: [GC (Allocation Failure) 2018-03-17T00:02:43.414+0500: 389.339: [DefNew: 157248K->157248K(157248K), 0.0000171 secs]2018-03-17T00:02:43.414+0500: 389.339: [Tenured: 306736K->34272K(349568K), 0.1817028 secs] 463984K->34272K(506816K), [Metaspace: 5350K->5350K(1056768K)], 0.1817934 secs] [Times: user=0.17 sys=0.00, real=0.18 secs] 
2018-03-17T00:02:43.626+0500: 389.550: [GC (Allocation Failure) 2018-03-17T00:02:43.626+0500: 389.550: [DefNew: 139776K->17472K(157248K), 0.2565729 secs] 174048K->174046K(506816K), 0.2566354 secs] [Times: user=0.25 sys=0.00, real=0.26 secs] 
2018-03-17T00:02:43.908+0500: 389.832: [GC (Allocation Failure) 2018-03-17T00:02:43.908+0500: 389.832: [DefNew: 157248K->17472K(157248K), 0.2539557 secs] 313822K->313821K(506816K), 0.2540186 secs] [Times: user=0.27 sys=0.00, real=0.25 secs] 
2018-03-17T00:02:44.197+0500: 390.121: [GC (Allocation Failure) 2018-03-17T00:02:44.198+0500: 390.121: [DefNew: 157248K->157248K(157248K), 0.0000299 secs]2018-03-17T00:02:44.198+0500: 390.122: [Tenured: 296349K->23908K(349568K), 0.1995735 secs] 453597K->23908K(506816K), [Metaspace: 5350K->5350K(1056768K)], 0.1996864 secs] [Times: user=0.20 sys=0.00, real=0.20 secs] 
2018-03-17T00:02:44.451+0500: 390.375: [GC (Allocation Failure) 2018-03-17T00:02:44.451+0500: 390.375: [DefNew: 139776K->17472K(157248K), 0.3672078 secs] 163684K->163683K(506816K), 0.3672698 secs] [Times: user=0.38 sys=0.00, real=0.37 secs] 
2018-03-17T00:02:44.850+0500: 390.774: [GC (Allocation Failure) 2018-03-17T00:02:44.850+0500: 390.774: [DefNew: 157248K->17472K(157248K), 0.3163140 secs] 303459K->303458K(506816K), 0.3163730 secs] [Times: user=0.31 sys=0.00, real=0.32 secs] 
2018-03-17T00:02:45.192+0500: 391.116: [GC (Allocation Failure) 2018-03-17T00:02:45.192+0500: 391.116: [DefNew: 146063K->146063K(157248K), 0.0000171 secs]2018-03-17T00:02:45.192+0500: 391.116: [Tenured: 285986K->715K(349568K), 0.1370382 secs] 432050K->715K(506816K), [Metaspace: 5350K->5350K(1056768K)], 0.1371280 secs] [Times: user=0.14 sys=0.00, real=0.14 secs] 
2018-03-17T00:02:45.355+0500: 391.279: [GC (Allocation Failure) 2018-03-17T00:02:45.355+0500: 391.279: [DefNew: 139776K->17472K(157248K), 0.2222469 secs] 140491K->140490K(506816K), 0.2223076 secs] [Times: user=0.22 sys=0.00, real=0.22 secs] 
2018-03-17T00:02:45.603+0500: 391.527: [GC (Allocation Failure) 2018-03-17T00:02:45.603+0500: 391.527: [DefNew: 157248K->17472K(157248K), 0.3021223 secs] 280266K->280229K(506816K), 0.3022066 secs] [Times: user=0.30 sys=0.00, real=0.30 secs] 
2018-03-17T00:02:45.949+0500: 391.873: [GC (Allocation Failure) 2018-03-17T00:02:45.949+0500: 391.873: [DefNew: 157248K->157248K(157248K), 0.0000154 secs]2018-03-17T00:02:45.949+0500: 391.873: [Tenured: 262757K->205160K(349568K), 0.5927904 secs] 420005K->205160K(506816K), [Metaspace: 5350K->5350K(1056768K)], 0.5928879 secs] [Times: user=0.58 sys=0.00, real=0.59 secs] 
2018-03-17T00:02:46.569+0500: 392.493: [GC (Allocation Failure) 2018-03-17T00:02:46.569+0500: 392.493: [DefNew: 139776K->17472K(157248K), 0.2909490 secs] 344936K->344935K(506816K), 0.2910179 secs] [Times: user=0.28 sys=0.00, real=0.29 secs] 
2018-03-17T00:02:46.886+0500: 392.810: [GC (Allocation Failure) 2018-03-17T00:02:46.886+0500: 392.810: [DefNew: 157248K->157248K(157248K), 0.0000145 secs]2018-03-17T00:02:46.886+0500: 392.810: [Tenured: 327463K->55022K(349568K), 0.2218658 secs] 484711K->55022K(506816K), [Metaspace: 5350K->5350K(1056768K)], 0.2219527 secs] [Times: user=0.22 sys=0.00, real=0.22 secs] 
2018-03-17T00:02:47.137+0500: 393.061: [GC (Allocation Failure) 2018-03-17T00:02:47.137+0500: 393.061: [DefNew: 139776K->17472K(157248K), 0.2561585 secs] 194798K->194797K(506816K), 0.2562197 secs] [Times: user=0.25 sys=0.00, real=0.26 secs] 
2018-03-17T00:02:47.419+0500: 393.343: [GC (Allocation Failure) 2018-03-17T00:02:47.419+0500: 393.343: [DefNew: 157248K->17471K(157248K), 0.2505597 secs] 334573K->334572K(506816K), 0.2506204 secs] [Times: user=0.25 sys=0.00, real=0.25 secs] 
2018-03-17T00:02:47.696+0500: 393.619: [GC (Allocation Failure) 2018-03-17T00:02:47.696+0500: 393.619: [DefNew: 157247K->157247K(157248K), 0.0000171 secs]2018-03-17T00:02:47.696+0500: 393.619: [Tenured: 317100K->44659K(349568K), 0.1995731 secs] 474348K->44659K(506816K), [Metaspace: 5350K->5350K(1056768K)], 0.1996642 secs] [Times: user=0.19 sys=0.00, real=0.20 secs] 
2018-03-17T00:02:47.924+0500: 393.848: [GC (Allocation Failure) 2018-03-17T00:02:47.924+0500: 393.848: [DefNew: 139776K->17471K(157248K), 0.2832837 secs] 184435K->184434K(506816K), 0.2833620 secs] [Times: user=0.28 sys=0.00, real=0.28 secs] 
2018-03-17T00:02:48.248+0500: 394.171: [GC (Allocation Failure) 2018-03-17T00:02:48.248+0500: 394.171: [DefNew: 157247K->17472K(157248K), 0.3548700 secs] 324210K->324208K(506816K), 0.3550440 secs] [Times: user=0.34 sys=0.00, real=0.35 secs] 
2018-03-17T00:02:48.646+0500: 394.570: [GC (Allocation Failure) 2018-03-17T00:02:48.646+0500: 394.570: [DefNew: 157248K->157248K(157248K), 0.0000158 secs]2018-03-17T00:02:48.646+0500: 394.570: [Tenured: 306736K->34272K(349568K), 0.2190664 secs] 463984K->34272K(506816K), [Metaspace: 5350K->5350K(1056768K)], 0.2191567 secs] [Times: user=0.22 sys=0.00, real=0.22 secs] 
2018-03-17T00:02:48.915+0500: 394.839: [GC (Allocation Failure) 2018-03-17T00:02:48.915+0500: 394.839: [DefNew: 139776K->17472K(157248K), 0.2741007 secs] 174048K->174046K(506816K), 0.2741829 secs] [Times: user=0.26 sys=0.00, real=0.28 secs] 
2018-03-17T00:02:49.218+0500: 395.141: [GC (Allocation Failure) 2018-03-17T00:02:49.218+0500: 395.141: [DefNew: 157248K->17472K(157248K), 0.2561987 secs] 313822K->313821K(506816K), 0.2562761 secs] [Times: user=0.25 sys=0.00, real=0.26 secs] 
2018-03-17T00:02:49.500+0500: 395.423: [GC (Allocation Failure) 2018-03-17T00:02:49.500+0500: 395.423: [DefNew: 157248K->157248K(157248K), 0.0000167 secs]2018-03-17T00:02:49.500+0500: 395.423: [Tenured: 296349K->23908K(349568K), 0.1838675 secs] 453597K->23908K(506816K), [Metaspace: 5350K->5350K(1056768K)], 0.1839834 secs] [Times: user=0.19 sys=0.00, real=0.18 secs] 
2018-03-17T00:02:49.726+0500: 395.650: [GC (Allocation Failure) 2018-03-17T00:02:49.726+0500: 395.650: [DefNew: 139776K->17472K(157248K), 0.2554388 secs] 163684K->163683K(506816K), 0.2554982 secs] [Times: user=0.25 sys=0.00, real=0.26 secs] 
2018-03-17T00:02:50.007+0500: 395.931: [GC (Allocation Failure) 2018-03-17T00:02:50.007+0500: 395.931: [DefNew: 157248K->17472K(157248K), 0.2544590 secs] 303459K->303458K(506816K), 0.2545206 secs] [Times: user=0.25 sys=0.00, real=0.25 secs] 
2018-03-17T00:02:50.288+0500: 396.212: [GC (Allocation Failure) 2018-03-17T00:02:50.288+0500: 396.212: [DefNew: 146063K->146063K(157248K), 0.0000171 secs]2018-03-17T00:02:50.288+0500: 396.212: [Tenured: 285986K->715K(349568K), 0.1367889 secs] 432050K->715K(506816K), [Metaspace: 5350K->5350K(1056768K)], 0.1368842 secs] [Times: user=0.13 sys=0.00, real=0.14 secs] 
2018-03-17T00:02:50.450+0500: 396.374: [GC (Allocation Failure) 2018-03-17T00:02:50.450+0500: 396.374: [DefNew: 139776K->17472K(157248K), 0.2222418 secs] 140491K->140490K(506816K), 0.2223021 secs] [Times: user=0.22 sys=0.00, real=0.22 secs] 
2018-03-17T00:02:50.699+0500: 396.622: [GC (Allocation Failure) 2018-03-17T00:02:50.699+0500: 396.622: [DefNew: 157248K->17472K(157248K), 0.2759589 secs] 280266K->280229K(506816K), 0.2760248 secs] [Times: user=0.26 sys=0.00, real=0.28 secs] 
2018-03-17T00:02:51.020+0500: 396.944: [GC (Allocation Failure) 2018-03-17T00:02:51.020+0500: 396.944: [DefNew: 157248K->157248K(157248K), 0.0000188 secs]2018-03-17T00:02:51.020+0500: 396.944: [Tenured: 262757K->205160K(349568K), 0.5922558 secs] 420005K->205160K(506816K), [Metaspace: 5350K->5350K(1056768K)], 0.5923640 secs] [Times: user=0.59 sys=0.00, real=0.59 secs] 
2018-03-17T00:02:51.637+0500: 397.562: [GC (Allocation Failure) 2018-03-17T00:02:51.637+0500: 397.562: [DefNew: 139776K->17472K(157248K), 0.2236350 secs] 344936K->344935K(506816K), 0.2237018 secs] [Times: user=0.22 sys=0.00, real=0.22 secs] 
2018-03-17T00:02:51.888+0500: 397.812: [GC (Allocation Failure) 2018-03-17T00:02:51.888+0500: 397.812: [DefNew: 157248K->157248K(157248K), 0.0000167 secs]2018-03-17T00:02:51.888+0500: 397.812: [Tenured: 327463K->55022K(349568K), 0.2757665 secs] 484711K->55022K(506816K), [Metaspace: 5350K->5350K(1056768K)], 0.2758614 secs] [Times: user=0.28 sys=0.00, real=0.28 secs] 
2018-03-17T00:02:52.218+0500: 398.141: [GC (Allocation Failure) 2018-03-17T00:02:52.218+0500: 398.141: [DefNew: 139776K->17472K(157248K), 0.3711969 secs] 194798K->194797K(506816K), 0.3713654 secs] [Times: user=0.36 sys=0.00, real=0.37 secs] 
2018-03-17T00:02:52.618+0500: 398.542: [GC (Allocation Failure) 2018-03-17T00:02:52.618+0500: 398.542: [DefNew: 157248K->17471K(157248K), 0.3303859 secs] 334573K->334572K(506816K), 0.3304933 secs] [Times: user=0.33 sys=0.00, real=0.33 secs] 
2018-03-17T00:02:52.977+0500: 398.901: [GC (Allocation Failure) 2018-03-17T00:02:52.977+0500: 398.901: [DefNew: 157247K->157247K(157248K), 0.0000171 secs]2018-03-17T00:02:52.977+0500: 398.901: [Tenured: 317100K->44659K(349568K), 0.2687722 secs] 474348K->44659K(506816K), [Metaspace: 5350K->5350K(1056768K)], 0.2688684 secs] [Times: user=0.27 sys=0.00, real=0.27 secs] 
2018-03-17T00:02:53.295+0500: 399.219: [GC (Allocation Failure) 2018-03-17T00:02:53.295+0500: 399.219: [DefNew: 139776K->17471K(157248K), 0.3129633 secs] 184435K->184434K(506816K), 0.3130382 secs] [Times: user=0.31 sys=0.00, real=0.31 secs] 
2018-03-17T00:02:53.644+0500: 399.568: [GC (Allocation Failure) 2018-03-17T00:02:53.644+0500: 399.568: [DefNew: 157247K->17472K(157248K), 0.3452037 secs] 324210K->324208K(506816K), 0.3452743 secs] [Times: user=0.34 sys=0.00, real=0.35 secs] 
2018-03-17T00:02:54.016+0500: 399.940: [GC (Allocation Failure) 2018-03-17T00:02:54.016+0500: 399.940: [DefNew: 157248K->157248K(157248K), 0.0000171 secs]2018-03-17T00:02:54.016+0500: 399.940: [Tenured: 306736K->34272K(349568K), 0.1773043 secs] 463984K->34272K(506816K), [Metaspace: 5350K->5350K(1056768K)], 0.1773941 secs] [Times: user=0.17 sys=0.00, real=0.18 secs] 
2018-03-17T00:02:54.223+0500: 400.147: [GC (Allocation Failure) 2018-03-17T00:02:54.223+0500: 400.147: [DefNew: 139776K->17472K(157248K), 0.2579863 secs] 174048K->174046K(506816K), 0.2580466 secs] [Times: user=0.27 sys=0.00, real=0.26 secs] 
2018-03-17T00:02:54.507+0500: 400.431: [GC (Allocation Failure) 2018-03-17T00:02:54.507+0500: 400.431: [DefNew: 157248K->17472K(157248K), 0.2521694 secs] 313822K->313821K(506816K), 0.2522293 secs] [Times: user=0.25 sys=0.00, real=0.25 secs] 
2018-03-17T00:02:54.786+0500: 400.709: [GC (Allocation Failure) 2018-03-17T00:02:54.786+0500: 400.709: [DefNew: 157248K->157248K(157248K), 0.0000167 secs]2018-03-17T00:02:54.786+0500: 400.709: [Tenured: 296349K->23908K(349568K), 0.1552990 secs] 453597K->23908K(506816K), [Metaspace: 5350K->5350K(1056768K)], 0.1553871 secs] [Times: user=0.16 sys=0.00, real=0.15 secs] 
2018-03-17T00:02:54.969+0500: 400.893: [GC (Allocation Failure) 2018-03-17T00:02:54.969+0500: 400.893: [DefNew: 139776K->17472K(157248K), 0.2576750 secs] 163684K->163683K(506816K), 0.2577374 secs] [Times: user=0.27 sys=0.00, real=0.26 secs] 
2018-03-17T00:02:55.252+0500: 401.176: [GC (Allocation Failure) 2018-03-17T00:02:55.252+0500: 401.176: [DefNew: 157248K->17472K(157248K), 0.2533099 secs] 303459K->303458K(506816K), 0.2533728 secs] [Times: user=0.25 sys=0.00, real=0.25 secs] 
2018-03-17T00:02:55.531+0500: 401.455: [GC (Allocation Failure) 2018-03-17T00:02:55.531+0500: 401.455: [DefNew: 146063K->146063K(157248K), 0.0000171 secs]2018-03-17T00:02:55.531+0500: 401.455: [Tenured: 285986K->715K(349568K), 0.1368368 secs] 432050K->715K(506816K), [Metaspace: 5350K->5350K(1056768K)], 0.1369219 secs] [Times: user=0.14 sys=0.00, real=0.14 secs] 
2018-03-17T00:02:55.693+0500: 401.617: [GC (Allocation Failure) 2018-03-17T00:02:55.693+0500: 401.617: [DefNew: 139776K->17472K(157248K), 0.2250985 secs] 140491K->140490K(506816K), 0.2251660 secs] [Times: user=0.22 sys=0.00, real=0.22 secs] 
2018-03-17T00:02:55.943+0500: 401.868: [GC (Allocation Failure) 2018-03-17T00:02:55.943+0500: 401.868: [DefNew: 157248K->17472K(157248K), 0.3276639 secs] 280266K->280229K(506816K), 0.3277289 secs] [Times: user=0.33 sys=0.00, real=0.33 secs] 
2018-03-17T00:02:56.316+0500: 402.239: [GC (Allocation Failure) 2018-03-17T00:02:56.316+0500: 402.239: [DefNew: 157248K->157248K(157248K), 0.0000210 secs]2018-03-17T00:02:56.316+0500: 402.239: [Tenured: 262757K->205160K(349568K), 0.5342600 secs] 420005K->205160K(506816K), [Metaspace: 5350K->5350K(1056768K)], 0.5344242 secs] [Times: user=0.53 sys=0.00, real=0.53 secs] 
2018-03-17T00:02:56.875+0500: 402.799: [GC (Allocation Failure) 2018-03-17T00:02:56.875+0500: 402.799: [DefNew: 139776K->17472K(157248K), 0.2281904 secs] 344936K->344935K(506816K), 0.2282529 secs] [Times: user=0.24 sys=0.00, real=0.23 secs] 
2018-03-17T00:02:57.130+0500: 403.055: [GC (Allocation Failure) 2018-03-17T00:02:57.130+0500: 403.055: [DefNew: 157248K->157248K(157248K), 0.0000158 secs]2018-03-17T00:02:57.131+0500: 403.055: [Tenured: 327463K->55022K(349568K), 0.2233678 secs] 484711K->55022K(506816K), [Metaspace: 5350K->5350K(1056768K)], 0.2235012 secs] [Times: user=0.24 sys=0.00, real=0.22 secs] 
2018-03-17T00:02:57.383+0500: 403.307: [GC (Allocation Failure) 2018-03-17T00:02:57.383+0500: 403.307: [DefNew: 139776K->17472K(157248K), 0.2654467 secs] 194798K->194797K(506816K), 0.2655109 secs] [Times: user=0.26 sys=0.00, real=0.27 secs] 
2018-03-17T00:02:57.677+0500: 403.600: [GC (Allocation Failure) 2018-03-17T00:02:57.677+0500: 403.600: [DefNew: 157248K->17471K(157248K), 0.2514342 secs] 334573K->334572K(506816K), 0.2514941 secs] [Times: user=0.27 sys=0.00, real=0.25 secs] 
2018-03-17T00:02:57.954+0500: 403.877: [GC (Allocation Failure) 2018-03-17T00:02:57.954+0500: 403.877: [DefNew: 157247K->157247K(157248K), 0.0000167 secs]2018-03-17T00:02:57.954+0500: 403.877: [Tenured: 317100K->44659K(349568K), 0.1992088 secs] 474348K->44659K(506816K), [Metaspace: 5350K->5350K(1056768K)], 0.1993080 secs] [Times: user=0.20 sys=0.00, real=0.20 secs] 
2018-03-17T00:02:58.182+0500: 404.106: [GC (Allocation Failure) 2018-03-17T00:02:58.182+0500: 404.106: [DefNew: 139776K->17471K(157248K), 0.2543171 secs] 184435K->184434K(506816K), 0.2543992 secs] [Times: user=0.25 sys=0.00, real=0.26 secs] 
2018-03-17T00:02:58.462+0500: 404.386: [GC (Allocation Failure) 2018-03-17T00:02:58.462+0500: 404.386: [DefNew: 157247K->17472K(157248K), 0.2766534 secs] 324210K->324208K(506816K), 0.2767150 secs] [Times: user=0.27 sys=0.00, real=0.28 secs] 
2018-03-17T00:02:58.766+0500: 404.691: [GC (Allocation Failure) 2018-03-17T00:02:58.766+0500: 404.691: [DefNew: 157248K->157248K(157248K), 0.0000163 secs]2018-03-17T00:02:58.766+0500: 404.691: [Tenured: 306736K->34272K(349568K), 0.1839638 secs] 463984K->34272K(506816K), [Metaspace: 5350K->5350K(1056768K)], 0.1840540 secs] [Times: user=0.19 sys=0.00, real=0.18 secs] 
2018-03-17T00:02:58.983+0500: 404.907: [GC (Allocation Failure) 2018-03-17T00:02:58.983+0500: 404.907: [DefNew: 139776K->17472K(157248K), 0.2563099 secs] 174048K->174046K(506816K), 0.2563822 secs] [Times: user=0.25 sys=0.00, real=0.26 secs] 
2018-03-17T00:02:59.265+0500: 405.189: [GC (Allocation Failure) 2018-03-17T00:02:59.265+0500: 405.189: [DefNew: 157248K->17472K(157248K), 0.2561337 secs] 313822K->313821K(506816K), 0.2561957 secs] [Times: user=0.25 sys=0.00, real=0.26 secs] 
2018-03-17T00:02:59.549+0500: 405.472: [GC (Allocation Failure) 2018-03-17T00:02:59.549+0500: 405.472: [DefNew: 157248K->157248K(157248K), 0.0000175 secs]2018-03-17T00:02:59.549+0500: 405.472: [Tenured: 296349K->23908K(349568K), 0.1567500 secs] 453597K->23908K(506816K), [Metaspace: 5350K->5350K(1056768K)], 0.1568488 secs] [Times: user=0.16 sys=0.00, real=0.16 secs] 
2018-03-17T00:02:59.734+0500: 405.658: [GC (Allocation Failure) 2018-03-17T00:02:59.734+0500: 405.658: [DefNew: 139776K->17472K(157248K), 0.2606553 secs] 163684K->163683K(506816K), 0.2607203 secs] [Times: user=0.26 sys=0.00, real=0.26 secs] 
2018-03-17T00:03:00.029+0500: 405.953: [GC (Allocation Failure) 2018-03-17T00:03:00.029+0500: 405.953: [DefNew: 157248K->17472K(157248K), 0.2648160 secs] 303459K->303458K(506816K), 0.2648788 secs] [Times: user=0.27 sys=0.00, real=0.26 secs] 
2018-03-17T00:03:00.320+0500: 406.244: [GC (Allocation Failure) 2018-03-17T00:03:00.320+0500: 406.244: [DefNew: 146063K->146063K(157248K), 0.0000171 secs]2018-03-17T00:03:00.320+0500: 406.244: [Tenured: 285986K->715K(349568K), 0.1387958 secs] 432050K->715K(506816K), [Metaspace: 5350K->5350K(1056768K)], 0.1388835 secs] [Times: user=0.14 sys=0.00, real=0.14 secs] 
2018-03-17T00:03:00.486+0500: 406.409: [GC (Allocation Failure) 2018-03-17T00:03:00.486+0500: 406.409: [DefNew: 139776K->17472K(157248K), 0.2258477 secs] 140491K->140490K(506816K), 0.2259123 secs] [Times: user=0.23 sys=0.00, real=0.23 secs] 
2018-03-17T00:03:00.739+0500: 406.662: [GC (Allocation Failure) 2018-03-17T00:03:00.739+0500: 406.663: [DefNew: 157248K->17472K(157248K), 0.2641582 secs] 280266K->280229K(506816K), 0.2642292 secs] [Times: user=0.26 sys=0.00, real=0.26 secs] 
2018-03-17T00:03:01.032+0500: 406.956: [GC (Allocation Failure) 2018-03-17T00:03:01.032+0500: 406.956: [DefNew: 157248K->157248K(157248K), 0.0000163 secs]2018-03-17T00:03:01.032+0500: 406.956: [Tenured: 262757K->205160K(349568K), 0.5048896 secs] 420005K->205160K(506816K), [Metaspace: 5350K->5350K(1056768K)], 0.5049969 secs] [Times: user=0.50 sys=0.00, real=0.50 secs] 
2018-03-17T00:03:01.564+0500: 407.488: [GC (Allocation Failure) 2018-03-17T00:03:01.564+0500: 407.488: [DefNew: 139776K->17472K(157248K), 0.2616218 secs] 344936K->344935K(506816K), 0.2617043 secs] [Times: user=0.25 sys=0.00, real=0.26 secs] 
2018-03-17T00:03:01.866+0500: 407.789: [GC (Allocation Failure) 2018-03-17T00:03:01.866+0500: 407.790: [DefNew: 157248K->157248K(157248K), 0.0000235 secs]2018-03-17T00:03:01.866+0500: 407.790: [Tenured: 327463K->55022K(349568K), 0.3117253 secs] 484711K->55022K(506816K), [Metaspace: 5350K->5350K(1056768K)], 0.3118437 secs] [Times: user=0.30 sys=0.00, real=0.31 secs] 
2018-03-17T00:03:02.214+0500: 408.138: [GC (Allocation Failure) 2018-03-17T00:03:02.214+0500: 408.138: [DefNew: 139776K->17472K(157248K), 0.2705769 secs] 194798K->194797K(506816K), 0.2706457 secs] [Times: user=0.25 sys=0.00, real=0.27 secs] 
2018-03-17T00:03:02.512+0500: 408.436: [GC (Allocation Failure) 2018-03-17T00:03:02.512+0500: 408.436: [DefNew: 157248K->17471K(157248K), 0.2714929 secs] 334573K->334572K(506816K), 0.2715532 secs] [Times: user=0.27 sys=0.00, real=0.27 secs] 
2018-03-17T00:03:02.810+0500: 408.734: [GC (Allocation Failure) 2018-03-17T00:03:02.810+0500: 408.734: [DefNew: 157247K->157247K(157248K), 0.0000432 secs]2018-03-17T00:03:02.810+0500: 408.734: [Tenured: 317100K->44659K(349568K), 0.1988624 secs] 474348K->44659K(506816K), [Metaspace: 5350K->5350K(1056768K)], 0.1989821 secs] [Times: user=0.20 sys=0.00, real=0.20 secs] 
2018-03-17T00:03:03.058+0500: 408.982: [GC (Allocation Failure) 2018-03-17T00:03:03.058+0500: 408.982: [DefNew: 139776K->17471K(157248K), 0.3156593 secs] 184435K->184434K(506816K), 0.3157409 secs] [Times: user=0.31 sys=0.00, real=0.32 secs] 
2018-03-17T00:03:03.401+0500: 409.325: [GC (Allocation Failure) 2018-03-17T00:03:03.401+0500: 409.325: [DefNew: 157247K->17472K(157248K), 0.2685417 secs] 324210K->324208K(506816K), 0.2686033 secs] [Times: user=0.27 sys=0.00, real=0.27 secs] 
2018-03-17T00:03:03.695+0500: 409.619: [GC (Allocation Failure) 2018-03-17T00:03:03.695+0500: 409.619: [DefNew: 157248K->157248K(157248K), 0.0000175 secs]2018-03-17T00:03:03.695+0500: 409.619: [Tenured: 306736K->34272K(349568K), 0.1809779 secs] 463984K->34272K(506816K), [Metaspace: 5350K->5350K(1056768K)], 0.1810728 secs] [Times: user=0.17 sys=0.00, real=0.18 secs] 
2018-03-17T00:03:03.906+0500: 409.830: [GC (Allocation Failure) 2018-03-17T00:03:03.906+0500: 409.830: [DefNew: 139776K->17472K(157248K), 0.2746747 secs] 174048K->174046K(506816K), 0.2747384 secs] [Times: user=0.28 sys=0.00, real=0.28 secs] 
2018-03-17T00:03:04.208+0500: 410.132: [GC (Allocation Failure) 2018-03-17T00:03:04.208+0500: 410.132: [DefNew: 157248K->17472K(157248K), 0.2585743 secs] 313822K->313821K(506816K), 0.2586406 secs] [Times: user=0.27 sys=0.00, real=0.26 secs] 
2018-03-17T00:03:04.493+0500: 410.417: [GC (Allocation Failure) 2018-03-17T00:03:04.493+0500: 410.418: [DefNew: 157248K->157248K(157248K), 0.0000171 secs]2018-03-17T00:03:04.493+0500: 410.418: [Tenured: 296349K->23908K(349568K), 0.1586291 secs] 453597K->23908K(506816K), [Metaspace: 5350K->5350K(1056768K)], 0.1587194 secs] [Times: user=0.16 sys=0.00, real=0.16 secs] 
2018-03-17T00:03:04.684+0500: 410.608: [GC (Allocation Failure) 2018-03-17T00:03:04.684+0500: 410.608: [DefNew: 139776K->17472K(157248K), 0.2693700 secs] 163684K->163683K(506816K), 0.2694509 secs] [Times: user=0.26 sys=0.00, real=0.27 secs] 
2018-03-17T00:03:04.980+0500: 410.904: [GC (Allocation Failure) 2018-03-17T00:03:04.980+0500: 410.904: [DefNew: 157248K->17472K(157248K), 0.2579111 secs] 303459K->303458K(506816K), 0.2579731 secs] [Times: user=0.25 sys=0.00, real=0.26 secs] 
2018-03-17T00:03:05.265+0500: 411.188: [GC (Allocation Failure) 2018-03-17T00:03:05.265+0500: 411.188: [DefNew: 146063K->146063K(157248K), 0.0000205 secs]2018-03-17T00:03:05.265+0500: 411.189: [Tenured: 285986K->715K(349568K), 0.1381813 secs] 432050K->715K(506816K), [Metaspace: 5350K->5350K(1056768K)], 0.1382891 secs] [Times: user=0.14 sys=0.00, real=0.14 secs] 
2018-03-17T00:03:05.429+0500: 411.353: [GC (Allocation Failure) 2018-03-17T00:03:05.429+0500: 411.353: [DefNew: 139776K->17472K(157248K), 0.2258353 secs] 140491K->140490K(506816K), 0.2258973 secs] [Times: user=0.22 sys=0.00, real=0.23 secs] 
2018-03-17T00:03:05.682+0500: 411.606: [GC (Allocation Failure) 2018-03-17T00:03:05.682+0500: 411.606: [DefNew: 157248K->17472K(157248K), 0.2573628 secs] 280266K->280229K(506816K), 0.2574338 secs] [Times: user=0.25 sys=0.00, real=0.26 secs] 
2018-03-17T00:03:05.968+0500: 411.892: [GC (Allocation Failure) 2018-03-17T00:03:05.968+0500: 411.892: [DefNew: 157248K->157248K(157248K), 0.0000171 secs]2018-03-17T00:03:05.968+0500: 411.892: [Tenured: 262757K->205160K(349568K), 0.4891275 secs] 420005K->205160K(506816K), [Metaspace: 5350K->5350K(1056768K)], 0.4892195 secs] [Times: user=0.49 sys=0.00, real=0.49 secs] 
2018-03-17T00:03:06.484+0500: 412.408: [GC (Allocation Failure) 2018-03-17T00:03:06.484+0500: 412.408: [DefNew: 139776K->17472K(157248K), 0.2370706 secs] 344936K->344935K(506816K), 0.2371318 secs] [Times: user=0.23 sys=0.00, real=0.24 secs] 
2018-03-17T00:03:06.748+0500: 412.672: [GC (Allocation Failure) 2018-03-17T00:03:06.748+0500: 412.672: [DefNew: 157248K->157248K(157248K), 0.0000167 secs]2018-03-17T00:03:06.748+0500: 412.672: [Tenured: 327463K->55022K(349568K), 0.2512948 secs] 484711K->55022K(506816K), [Metaspace: 5350K->5350K(1056768K)], 0.2513966 secs] [Times: user=0.25 sys=0.00, real=0.25 secs] 
2018-03-17T00:03:07.028+0500: 412.952: [GC (Allocation Failure) 2018-03-17T00:03:07.028+0500: 412.952: [DefNew: 139776K->17472K(157248K), 0.3678369 secs] 194798K->194797K(506816K), 0.3679057 secs] [Times: user=0.36 sys=0.00, real=0.37 secs] 
2018-03-17T00:03:07.425+0500: 413.348: [GC (Allocation Failure) 2018-03-17T00:03:07.425+0500: 413.348: [DefNew: 157248K->17471K(157248K), 0.2698003 secs] 334573K->334572K(506816K), 0.2698640 secs] [Times: user=0.28 sys=0.00, real=0.27 secs] 
2018-03-17T00:03:07.726+0500: 413.650: [GC (Allocation Failure) 2018-03-17T00:03:07.726+0500: 413.650: [DefNew: 157247K->157247K(157248K), 0.0000218 secs]2018-03-17T00:03:07.726+0500: 413.650: [Tenured: 317100K->44659K(349568K), 0.2140847 secs] 474348K->44659K(506816K), [Metaspace: 5350K->5350K(1056768K)], 0.2141912 secs] [Times: user=0.20 sys=0.00, real=0.21 secs] 
2018-03-17T00:03:07.982+0500: 413.906: [GC (Allocation Failure) 2018-03-17T00:03:07.982+0500: 413.906: [DefNew: 139776K->17471K(157248K), 0.3129928 secs] 184435K->184434K(506816K), 0.3130655 secs] [Times: user=0.31 sys=0.00, real=0.31 secs] 
2018-03-17T00:03:08.329+0500: 414.253: [GC (Allocation Failure) 2018-03-17T00:03:08.329+0500: 414.253: [DefNew: 157247K->17472K(157248K), 0.2735191 secs] 324210K->324208K(506816K), 0.2736183 secs] [Times: user=0.28 sys=0.00, real=0.27 secs] 
2018-03-17T00:03:08.627+0500: 414.552: [GC (Allocation Failure) 2018-03-17T00:03:08.627+0500: 414.552: [DefNew: 157248K->157248K(157248K), 0.0000231 secs]2018-03-17T00:03:08.628+0500: 414.552: [Tenured: 306736K->34272K(349568K), 0.2047131 secs] 463984K->34272K(506816K), [Metaspace: 5350K->5350K(1056768K)], 0.2048559 secs] [Times: user=0.20 sys=0.00, real=0.21 secs] 
2018-03-17T00:03:08.872+0500: 414.796: [GC (Allocation Failure) 2018-03-17T00:03:08.872+0500: 414.796: [DefNew: 139776K->17472K(157248K), 0.2718367 secs] 174048K->174046K(506816K), 0.2719064 secs] [Times: user=0.26 sys=0.00, real=0.27 secs] 
2018-03-17T00:03:09.176+0500: 415.100: [GC (Allocation Failure) 2018-03-17T00:03:09.176+0500: 415.100: [DefNew: 157248K->17472K(157248K), 0.2571058 secs] 313822K->313821K(506816K), 0.2571811 secs] [Times: user=0.27 sys=0.00, real=0.26 secs] 
2018-03-17T00:03:09.465+0500: 415.389: [GC (Allocation Failure) 2018-03-17T00:03:09.465+0500: 415.389: [DefNew: 157248K->157248K(157248K), 0.0000163 secs]2018-03-17T00:03:09.465+0500: 415.389: [Tenured: 296349K->23908K(349568K), 0.1568967 secs] 453597K->23908K(506816K), [Metaspace: 5350K->5350K(1056768K)], 0.1569831 secs] [Times: user=0.16 sys=0.00, real=0.16 secs] 
2018-03-17T00:03:09.650+0500: 415.574: [GC (Allocation Failure) 2018-03-17T00:03:09.650+0500: 415.574: [DefNew: 139776K->17472K(157248K), 0.2840219 secs] 163684K->163683K(506816K), 0.2841130 secs] [Times: user=0.28 sys=0.00, real=0.28 secs] 
2018-03-17T00:03:09.964+0500: 415.888: [GC (Allocation Failure) 2018-03-17T00:03:09.964+0500: 415.888: [DefNew: 157248K->17472K(157248K), 0.2763468 secs] 303459K->303458K(506816K), 0.2764195 secs] [Times: user=0.28 sys=0.00, real=0.28 secs] 
2018-03-17T00:03:10.268+0500: 416.191: [GC (Allocation Failure) 2018-03-17T00:03:10.268+0500: 416.191: [DefNew: 146063K->146063K(157248K), 0.0000167 secs]2018-03-17T00:03:10.268+0500: 416.191: [Tenured: 285986K->715K(349568K), 0.1386256 secs] 432050K->715K(506816K), [Metaspace: 5350K->5350K(1056768K)], 0.1387201 secs] [Times: user=0.14 sys=0.00, real=0.14 secs] 
2018-03-17T00:03:10.432+0500: 416.356: [GC (Allocation Failure) 2018-03-17T00:03:10.433+0500: 416.356: [DefNew: 139776K->17472K(157248K), 0.2272038 secs] 140491K->140490K(506816K), 0.2272906 secs] [Times: user=0.22 sys=0.00, real=0.23 secs] 
2018-03-17T00:03:10.686+0500: 416.609: [GC (Allocation Failure) 2018-03-17T00:03:10.686+0500: 416.610: [DefNew: 157248K->17472K(157248K), 0.2592141 secs] 280266K->280229K(506816K), 0.2592753 secs] [Times: user=0.27 sys=0.00, real=0.26 secs] 
2018-03-17T00:03:10.973+0500: 416.897: [GC (Allocation Failure) 2018-03-17T00:03:10.973+0500: 416.897: [DefNew: 157248K->157248K(157248K), 0.0000167 secs]2018-03-17T00:03:10.973+0500: 416.897: [Tenured: 262757K->205160K(349568K), 0.4772683 secs] 420005K->205160K(506816K), [Metaspace: 5350K->5350K(1056768K)], 0.4773581 secs] [Times: user=0.48 sys=0.00, real=0.48 secs] 
2018-03-17T00:03:11.476+0500: 417.400: [GC (Allocation Failure) 2018-03-17T00:03:11.476+0500: 417.400: [DefNew: 139776K->17472K(157248K), 0.2244677 secs] 344936K->344935K(506816K), 0.2245485 secs] [Times: user=0.22 sys=0.00, real=0.22 secs] 
2018-03-17T00:03:11.728+0500: 417.651: [GC (Allocation Failure) 2018-03-17T00:03:11.728+0500: 417.651: [DefNew: 157248K->157248K(157248K), 0.0000167 secs]2018-03-17T00:03:11.728+0500: 417.651: [Tenured: 327463K->55022K(349568K), 0.2211239 secs] 484711K->55022K(506816K), [Metaspace: 5350K->5350K(1056768K)], 0.2212128 secs] [Times: user=0.22 sys=0.00, real=0.22 secs] 
2018-03-17T00:03:11.978+0500: 417.901: [GC (Allocation Failure) 2018-03-17T00:03:11.978+0500: 417.902: [DefNew: 139776K->17472K(157248K), 0.2607490 secs] 194798K->194797K(506816K), 0.2608909 secs] [Times: user=0.25 sys=0.00, real=0.26 secs] 
2018-03-17T00:03:12.267+0500: 418.191: [GC (Allocation Failure) 2018-03-17T00:03:12.267+0500: 418.191: [DefNew: 157248K->17471K(157248K), 0.2534194 secs] 334573K->334572K(506816K), 0.2534866 secs] [Times: user=0.25 sys=0.00, real=0.25 secs] 
2018-03-17T00:03:12.548+0500: 418.472: [GC (Allocation Failure) 2018-03-17T00:03:12.548+0500: 418.472: [DefNew: 157247K->157247K(157248K), 0.0000235 secs]2018-03-17T00:03:12.548+0500: 418.472: [Tenured: 317100K->44659K(349568K), 0.2062937 secs] 474348K->44659K(506816K), [Metaspace: 5350K->5350K(1056768K)], 0.2064032 secs] [Times: user=0.20 sys=0.00, real=0.21 secs] 
2018-03-17T00:03:12.784+0500: 418.708: [GC (Allocation Failure) 2018-03-17T00:03:12.784+0500: 418.708: [DefNew: 139776K->17471K(157248K), 0.2872750 secs] 184435K->184434K(506816K), 0.2873396 secs] [Times: user=0.30 sys=0.00, real=0.29 secs] 
2018-03-17T00:03:13.104+0500: 419.028: [GC (Allocation Failure) 2018-03-17T00:03:13.104+0500: 419.028: [DefNew: 157247K->17472K(157248K), 0.2985715 secs] 324210K->324208K(506816K), 0.2986429 secs] [Times: user=0.28 sys=0.00, real=0.30 secs] 
2018-03-17T00:03:13.430+0500: 419.354: [GC (Allocation Failure) 2018-03-17T00:03:13.430+0500: 419.354: [DefNew: 157248K->157248K(157248K), 0.0000171 secs]2018-03-17T00:03:13.430+0500: 419.354: [Tenured: 306736K->34272K(349568K), 0.1878866 secs] 463984K->34272K(506816K), [Metaspace: 5350K->5350K(1056768K)], 0.1879811 secs] [Times: user=0.19 sys=0.00, real=0.19 secs] 
2018-03-17T00:03:13.652+0500: 419.576: [GC (Allocation Failure) 2018-03-17T00:03:13.652+0500: 419.576: [DefNew: 139776K->17472K(157248K), 0.2887376 secs] 174048K->174046K(506816K), 0.2887988 secs] [Times: user=0.28 sys=0.00, real=0.29 secs] 
2018-03-17T00:03:13.967+0500: 419.891: [GC (Allocation Failure) 2018-03-17T00:03:13.967+0500: 419.891: [DefNew: 157248K->17472K(157248K), 0.3102961 secs] 313822K->313821K(506816K), 0.3103615 secs] [Times: user=0.31 sys=0.00, real=0.31 secs] 
2018-03-17T00:03:14.307+0500: 420.232: [GC (Allocation Failure) 2018-03-17T00:03:14.307+0500: 420.232: [DefNew: 157248K->157248K(157248K), 0.0000210 secs]2018-03-17T00:03:14.307+0500: 420.232: [Tenured: 296349K->23908K(349568K), 0.1706676 secs] 453597K->23908K(506816K), [Metaspace: 5350K->5350K(1056768K)], 0.1707766 secs] [Times: user=0.17 sys=0.00, real=0.17 secs] 
2018-03-17T00:03:14.514+0500: 420.438: [GC (Allocation Failure) 2018-03-17T00:03:14.515+0500: 420.438: [DefNew: 139776K->17472K(157248K), 0.2828582 secs] 163684K->163683K(506816K), 0.2829361 secs] [Times: user=0.28 sys=0.00, real=0.28 secs] 
2018-03-17T00:03:14.825+0500: 420.749: [GC (Allocation Failure) 2018-03-17T00:03:14.825+0500: 420.749: [DefNew: 157248K->17472K(157248K), 0.2667887 secs] 303459K->303458K(506816K), 0.2668490 secs] [Times: user=0.27 sys=0.00, real=0.27 secs] 
2018-03-17T00:03:15.118+0500: 421.042: [GC (Allocation Failure) 2018-03-17T00:03:15.118+0500: 421.042: [DefNew: 146063K->146063K(157248K), 0.0000163 secs]2018-03-17T00:03:15.118+0500: 421.042: [Tenured: 285986K->715K(349568K), 0.1391931 secs] 432050K->715K(506816K), [Metaspace: 5350K->5350K(1056768K)], 0.1392774 secs] [Times: user=0.14 sys=0.00, real=0.14 secs] 
2018-03-17T00:03:15.284+0500: 421.208: [GC (Allocation Failure) 2018-03-17T00:03:15.284+0500: 421.208: [DefNew: 139776K->17472K(157248K), 0.2283388 secs] 140491K->140490K(506816K), 0.2284136 secs] [Times: user=0.23 sys=0.00, real=0.23 secs] 
2018-03-17T00:03:15.540+0500: 421.464: [GC (Allocation Failure) 2018-03-17T00:03:15.540+0500: 421.464: [DefNew: 157248K->17472K(157248K), 0.2754021 secs] 280266K->280229K(506816K), 0.2754701 secs] [Times: user=0.27 sys=0.00, real=0.28 secs] 
2018-03-17T00:03:15.846+0500: 421.769: [GC (Allocation Failure) 2018-03-17T00:03:15.846+0500: 421.769: [DefNew: 157248K->157248K(157248K), 0.0000175 secs]2018-03-17T00:03:15.846+0500: 421.769: [Tenured: 262757K->205160K(349568K), 0.4838657 secs] 420005K->205160K(506816K), [Metaspace: 5350K->5350K(1056768K)], 0.4839598 secs] [Times: user=0.48 sys=0.00, real=0.48 secs] 
2018-03-17T00:03:16.355+0500: 422.279: [GC (Allocation Failure) 2018-03-17T00:03:16.355+0500: 422.279: [DefNew: 139776K->17472K(157248K), 0.2274540 secs] 344936K->344935K(506816K), 0.2275237 secs] [Times: user=0.22 sys=0.00, real=0.23 secs] 
2018-03-17T00:03:16.608+0500: 422.532: [GC (Allocation Failure) 2018-03-17T00:03:16.608+0500: 422.532: [DefNew: 157248K->157248K(157248K), 0.0000167 secs]2018-03-17T00:03:16.608+0500: 422.532: [Tenured: 327463K->55022K(349568K), 0.2268660 secs] 484711K->55022K(506816K), [Metaspace: 5350K->5350K(1056768K)], 0.2269549 secs] [Times: user=0.23 sys=0.00, real=0.23 secs] 
2018-03-17T00:03:16.868+0500: 422.792: [GC (Allocation Failure) 2018-03-17T00:03:16.868+0500: 422.792: [DefNew: 139776K->17472K(157248K), 0.2673130 secs] 194798K->194797K(506816K), 0.2673750 secs] [Times: user=0.26 sys=0.00, real=0.27 secs] 
2018-03-17T00:03:17.166+0500: 423.090: [GC (Allocation Failure) 2018-03-17T00:03:17.166+0500: 423.090: [DefNew: 157248K->17471K(157248K), 0.3060101 secs] 334573K->334572K(506816K), 0.3062573 secs] [Times: user=0.30 sys=0.00, real=0.31 secs] 
2018-03-17T00:03:17.511+0500: 423.435: [GC (Allocation Failure) 2018-03-17T00:03:17.511+0500: 423.435: [DefNew: 157247K->157247K(157248K), 0.0000316 secs]2018-03-17T00:03:17.511+0500: 423.435: [Tenured: 317100K->44659K(349568K), 0.2363394 secs] 474348K->44659K(506816K), [Metaspace: 5350K->5350K(1056768K)], 0.2364694 secs] [Times: user=0.24 sys=0.00, real=0.24 secs] 
2018-03-17T00:03:17.784+0500: 423.708: [GC (Allocation Failure) 2018-03-17T00:03:17.784+0500: 423.708: [DefNew: 139776K->17471K(157248K), 0.3058827 secs] 184435K->184434K(506816K), 0.3059520 secs] [Times: user=0.31 sys=0.00, real=0.31 secs] 
2018-03-17T00:03:18.118+0500: 424.042: [GC (Allocation Failure) 2018-03-17T00:03:18.118+0500: 424.042: [DefNew: 157247K->17472K(157248K), 0.2638482 secs] 324210K->324208K(506816K), 0.2639093 secs] [Times: user=0.26 sys=0.00, real=0.26 secs] 
2018-03-17T00:03:18.410+0500: 424.335: [GC (Allocation Failure) 2018-03-17T00:03:18.410+0500: 424.335: [DefNew: 157248K->157248K(157248K), 0.0000154 secs]2018-03-17T00:03:18.410+0500: 424.335: [Tenured: 306736K->34272K(349568K), 0.1857432 secs] 463984K->34272K(506816K), [Metaspace: 5350K->5350K(1056768K)], 0.1858322 secs] [Times: user=0.19 sys=0.00, real=0.19 secs] 
2018-03-17T00:03:18.626+0500: 424.550: [GC (Allocation Failure) 2018-03-17T00:03:18.626+0500: 424.550: [DefNew: 139776K->17472K(157248K), 0.2687653 secs] 174048K->174046K(506816K), 0.2688402 secs] [Times: user=0.26 sys=0.00, real=0.27 secs] 
2018-03-17T00:03:18.921+0500: 424.845: [GC (Allocation Failure) 2018-03-17T00:03:18.921+0500: 424.845: [DefNew: 157248K->17472K(157248K), 0.2512970 secs] 313822K->313821K(506816K), 0.2513568 secs] [Times: user=0.25 sys=0.00, real=0.25 secs] 
2018-03-17T00:03:19.198+0500: 425.122: [GC (Allocation Failure) 2018-03-17T00:03:19.198+0500: 425.122: [DefNew: 157248K->157248K(157248K), 0.0000163 secs]2018-03-17T00:03:19.198+0500: 425.122: [Tenured: 296349K->23908K(349568K), 0.1597983 secs] 453597K->23908K(506816K), [Metaspace: 5350K->5350K(1056768K)], 0.1598860 secs] [Times: user=0.16 sys=0.00, real=0.16 secs] 
2018-03-17T00:03:19.386+0500: 425.310: [GC (Allocation Failure) 2018-03-17T00:03:19.386+0500: 425.310: [DefNew: 139776K->17472K(157248K), 0.2585825 secs] 163684K->163683K(506816K), 0.2586428 secs] [Times: user=0.25 sys=0.00, real=0.26 secs] 
2018-03-17T00:03:19.670+0500: 425.594: [GC (Allocation Failure) 2018-03-17T00:03:19.670+0500: 425.594: [DefNew: 157248K->17472K(157248K), 0.2530221 secs] 303459K->303458K(506816K), 0.2530846 secs] [Times: user=0.25 sys=0.00, real=0.25 secs] 
2018-03-17T00:03:19.949+0500: 425.873: [GC (Allocation Failure) 2018-03-17T00:03:19.949+0500: 425.873: [DefNew: 146063K->146063K(157248K), 0.0000184 secs]2018-03-17T00:03:19.949+0500: 425.873: [Tenured: 285986K->715K(349568K), 0.1356530 secs] 432050K->715K(506816K), [Metaspace: 5350K->5350K(1056768K)], 0.1357424 secs] [Times: user=0.14 sys=0.00, real=0.14 secs] 
2018-03-17T00:03:20.111+0500: 426.034: [GC (Allocation Failure) 2018-03-17T00:03:20.111+0500: 426.034: [DefNew: 139776K->17472K(157248K), 0.2223316 secs] 140491K->140490K(506816K), 0.2223953 secs] [Times: user=0.22 sys=0.00, real=0.22 secs] 
2018-03-17T00:03:20.359+0500: 426.282: [GC (Allocation Failure) 2018-03-17T00:03:20.359+0500: 426.282: [DefNew: 157248K->17472K(157248K), 0.2581210 secs] 280266K->280229K(506816K), 0.2581835 secs] [Times: user=0.27 sys=0.00, real=0.26 secs] 
2018-03-17T00:03:20.645+0500: 426.569: [GC (Allocation Failure) 2018-03-17T00:03:20.645+0500: 426.569: [DefNew: 157248K->157248K(157248K), 0.0000180 secs]2018-03-17T00:03:20.645+0500: 426.569: [Tenured: 262757K->205160K(349568K), 0.4711888 secs] 420005K->205160K(506816K), [Metaspace: 5350K->5350K(1056768K)], 0.4712833 secs] [Times: user=0.49 sys=0.00, real=0.47 secs] 
2018-03-17T00:03:21.141+0500: 427.065: [GC (Allocation Failure) 2018-03-17T00:03:21.141+0500: 427.065: [DefNew: 139776K->17472K(157248K), 0.2265991 secs] 344936K->344935K(506816K), 0.2266616 secs] [Times: user=0.24 sys=0.00, real=0.23 secs] 
2018-03-17T00:03:21.395+0500: 427.319: [GC (Allocation Failure) 2018-03-17T00:03:21.395+0500: 427.319: [DefNew: 157248K->157248K(157248K), 0.0000163 secs]2018-03-17T00:03:21.395+0500: 427.320: [Tenured: 327463K->55022K(349568K), 0.2224214 secs] 484711K->55022K(506816K), [Metaspace: 5350K->5350K(1056768K)], 0.2225197 secs] [Times: user=0.24 sys=0.00, real=0.22 secs] 
2018-03-17T00:03:21.647+0500: 427.571: [GC (Allocation Failure) 2018-03-17T00:03:21.647+0500: 427.571: [DefNew: 139776K->17472K(157248K), 0.2579607 secs] 194798K->194797K(506816K), 0.2580205 secs] [Times: user=0.25 sys=0.00, real=0.26 secs] 
2018-03-17T00:03:21.930+0500: 427.854: [GC (Allocation Failure) 2018-03-17T00:03:21.930+0500: 427.854: [DefNew: 157248K->17471K(157248K), 0.2534746 secs] 334573K->334572K(506816K), 0.2535370 secs] [Times: user=0.25 sys=0.00, real=0.25 secs] 
2018-03-17T00:03:22.209+0500: 428.133: [GC (Allocation Failure) 2018-03-17T00:03:22.209+0500: 428.133: [DefNew: 157247K->157247K(157248K), 0.0000167 secs]2018-03-17T00:03:22.209+0500: 428.133: [Tenured: 317100K->44659K(349568K), 0.2000333 secs] 474348K->44659K(506816K), [Metaspace: 5350K->5350K(1056768K)], 0.2001248 secs] [Times: user=0.19 sys=0.00, real=0.20 secs] 
2018-03-17T00:03:22.438+0500: 428.362: [GC (Allocation Failure) 2018-03-17T00:03:22.438+0500: 428.362: [DefNew: 139776K->17471K(157248K), 0.2591495 secs] 184435K->184434K(506816K), 0.2592137 secs] [Times: user=0.27 sys=0.00, real=0.26 secs] 
2018-03-17T00:03:22.723+0500: 428.647: [GC (Allocation Failure) 2018-03-17T00:03:22.723+0500: 428.647: [DefNew: 157247K->17472K(157248K), 0.2580881 secs] 324210K->324208K(506816K), 0.2581830 secs] [Times: user=0.27 sys=0.00, real=0.26 secs] 
2018-03-17T00:03:23.008+0500: 428.931: [GC (Allocation Failure) 2018-03-17T00:03:23.008+0500: 428.931: [DefNew: 157248K->157248K(157248K), 0.0000171 secs]2018-03-17T00:03:23.008+0500: 428.931: [Tenured: 306736K->34272K(349568K), 0.1813435 secs] 463984K->34272K(506816K), [Metaspace: 5350K->5350K(1056768K)], 0.1814346 secs] [Times: user=0.17 sys=0.00, real=0.18 secs] 
2018-03-17T00:03:23.221+0500: 429.145: [GC (Allocation Failure) 2018-03-17T00:03:23.221+0500: 429.145: [DefNew: 139776K->17472K(157248K), 0.2606057 secs] 174048K->174046K(506816K), 0.2606686 secs] [Times: user=0.27 sys=0.00, real=0.26 secs] 
2018-03-17T00:03:23.508+0500: 429.432: [GC (Allocation Failure) 2018-03-17T00:03:23.508+0500: 429.432: [DefNew: 157248K->17472K(157248K), 0.2580774 secs] 313822K->313821K(506816K), 0.2581381 secs] [Times: user=0.25 sys=0.00, real=0.26 secs] 
2018-03-17T00:03:23.792+0500: 429.716: [GC (Allocation Failure) 2018-03-17T00:03:23.792+0500: 429.716: [DefNew: 157248K->157248K(157248K), 0.0000158 secs]2018-03-17T00:03:23.792+0500: 429.716: [Tenured: 296349K->23908K(349568K), 0.1591966 secs] 453597K->23908K(506816K), [Metaspace: 5350K->5350K(1056768K)], 0.1592916 secs] [Times: user=0.16 sys=0.00, real=0.16 secs] 
2018-03-17T00:03:23.981+0500: 429.905: [GC (Allocation Failure) 2018-03-17T00:03:23.981+0500: 429.905: [DefNew: 139776K->17472K(157248K), 0.2663786 secs] 163684K->163683K(506816K), 0.2664393 secs] [Times: user=0.27 sys=0.00, real=0.27 secs] 
2018-03-17T00:03:24.284+0500: 430.208: [GC (Allocation Failure) 2018-03-17T00:03:24.284+0500: 430.208: [DefNew: 157248K->17472K(157248K), 0.3239036 secs] 303459K->303458K(506816K), 0.3240725 secs] [Times: user=0.33 sys=0.00, real=0.32 secs] 
2018-03-17T00:03:24.635+0500: 430.559: [GC (Allocation Failure) 2018-03-17T00:03:24.635+0500: 430.559: [DefNew: 146063K->146063K(157248K), 0.0000163 secs]2018-03-17T00:03:24.635+0500: 430.559: [Tenured: 285986K->715K(349568K), 0.1377383 secs] 432050K->715K(506816K), [Metaspace: 5350K->5350K(1056768K)], 0.1378276 secs] [Times: user=0.14 sys=0.00, real=0.14 secs] 
2018-03-17T00:03:24.798+0500: 430.722: [GC (Allocation Failure) 2018-03-17T00:03:24.798+0500: 430.722: [DefNew: 139776K->17472K(157248K), 0.2259816 secs] 140491K->140490K(506816K), 0.2260436 secs] [Times: user=0.24 sys=0.00, real=0.23 secs] 
2018-03-17T00:03:25.050+0500: 430.974: [GC (Allocation Failure) 2018-03-17T00:03:25.050+0500: 430.974: [DefNew: 157248K->17472K(157248K), 0.2596875 secs] 280266K->280229K(506816K), 0.2597504 secs] [Times: user=0.27 sys=0.00, real=0.26 secs] 
2018-03-17T00:03:25.339+0500: 431.263: [GC (Allocation Failure) 2018-03-17T00:03:25.339+0500: 431.263: [DefNew: 157248K->157248K(157248K), 0.0000175 secs]2018-03-17T00:03:25.339+0500: 431.263: [Tenured: 262757K->205160K(349568K), 0.4792496 secs] 420005K->205160K(506816K), [Metaspace: 5350K->5350K(1056768K)], 0.4793454 secs] [Times: user=0.48 sys=0.00, real=0.48 secs] 
2018-03-17T00:03:25.845+0500: 431.769: [GC (Allocation Failure) 2018-03-17T00:03:25.846+0500: 431.769: [DefNew: 139776K->17472K(157248K), 0.2310839 secs] 344936K->344935K(506816K), 0.2311750 secs] [Times: user=0.23 sys=0.00, real=0.23 secs] 
2018-03-17T00:03:26.103+0500: 432.027: [GC (Allocation Failure) 2018-03-17T00:03:26.103+0500: 432.027: [DefNew: 157248K->157248K(157248K), 0.0000175 secs]2018-03-17T00:03:26.103+0500: 432.027: [Tenured: 327463K->55022K(349568K), 0.2227370 secs] 484711K->55022K(506816K), [Metaspace: 5350K->5350K(1056768K)], 0.2228563 secs] [Times: user=0.22 sys=0.00, real=0.22 secs] 
2018-03-17T00:03:26.355+0500: 432.279: [GC (Allocation Failure) 2018-03-17T00:03:26.355+0500: 432.279: [DefNew: 139776K->17472K(157248K), 0.2722126 secs] 194798K->194797K(506816K), 0.2722772 secs] [Times: user=0.27 sys=0.00, real=0.27 secs] 
2018-03-17T00:03:26.661+0500: 432.585: [GC (Allocation Failure) 2018-03-17T00:03:26.661+0500: 432.585: [DefNew: 157248K->17471K(157248K), 0.3293416 secs] 334573K->334572K(506816K), 0.3294105 secs] [Times: user=0.34 sys=0.00, real=0.33 secs] 
2018-03-17T00:03:27.031+0500: 432.955: [GC (Allocation Failure) 2018-03-17T00:03:27.031+0500: 432.955: [DefNew: 157247K->157247K(157248K), 0.0000184 secs]2018-03-17T00:03:27.031+0500: 432.955: [Tenured: 317100K->44659K(349568K), 0.2618818 secs] 474348K->44659K(506816K), [Metaspace: 5350K->5350K(1056768K)], 0.2619827 secs] [Times: user=0.26 sys=0.00, real=0.26 secs] 
2018-03-17T00:03:27.324+0500: 433.247: [GC (Allocation Failure) 2018-03-17T00:03:27.324+0500: 433.247: [DefNew: 139776K->17471K(157248K), 0.2627688 secs] 184435K->184434K(506816K), 0.2628603 secs] [Times: user=0.27 sys=0.00, real=0.26 secs] 
2018-03-17T00:03:27.612+0500: 433.536: [GC (Allocation Failure) 2018-03-17T00:03:27.612+0500: 433.536: [DefNew: 157247K->17472K(157248K), 0.2541178 secs] 324210K->324208K(506816K), 0.2541776 secs] [Times: user=0.27 sys=0.00, real=0.25 secs] 
2018-03-17T00:03:27.892+0500: 433.816: [GC (Allocation Failure) 2018-03-17T00:03:27.892+0500: 433.816: [DefNew: 157248K->157248K(157248K), 0.0000163 secs]2018-03-17T00:03:27.892+0500: 433.816: [Tenured: 306736K->34272K(349568K), 0.1794644 secs] 463984K->34272K(506816K), [Metaspace: 5350K->5350K(1056768K)], 0.1795547 secs] [Times: user=0.19 sys=0.00, real=0.18 secs] 
2018-03-17T00:03:28.101+0500: 434.025: [GC (Allocation Failure) 2018-03-17T00:03:28.101+0500: 434.025: [DefNew: 139776K->17472K(157248K), 0.2559507 secs] 174048K->174046K(506816K), 0.2560118 secs] [Times: user=0.25 sys=0.00, real=0.26 secs] 
2018-03-17T00:03:28.382+0500: 434.307: [GC (Allocation Failure) 2018-03-17T00:03:28.382+0500: 434.307: [DefNew: 157248K->17472K(157248K), 0.2597046 secs] 313822K->313821K(506816K), 0.2597701 secs] [Times: user=0.25 sys=0.00, real=0.26 secs] 
2018-03-17T00:03:28.669+0500: 434.592: [GC (Allocation Failure) 2018-03-17T00:03:28.669+0500: 434.592: [DefNew: 157248K->157248K(157248K), 0.0000167 secs]2018-03-17T00:03:28.669+0500: 434.592: [Tenured: 296349K->23908K(349568K), 0.1580574 secs] 453597K->23908K(506816K), [Metaspace: 5350K->5350K(1056768K)], 0.1581459 secs] [Times: user=0.16 sys=0.00, real=0.16 secs] 
2018-03-17T00:03:28.855+0500: 434.778: [GC (Allocation Failure) 2018-03-17T00:03:28.855+0500: 434.778: [DefNew: 139776K->17472K(157248K), 0.2558652 secs] 163684K->163683K(506816K), 0.2559357 secs] [Times: user=0.25 sys=0.00, real=0.25 secs] 
2018-03-17T00:03:29.136+0500: 435.060: [GC (Allocation Failure) 2018-03-17T00:03:29.136+0500: 435.060: [DefNew: 157248K->17472K(157248K), 0.2537893 secs] 303459K->303458K(506816K), 0.2538509 secs] [Times: user=0.25 sys=0.00, real=0.25 secs] 
2018-03-17T00:03:29.416+0500: 435.340: [GC (Allocation Failure) 2018-03-17T00:03:29.416+0500: 435.340: [DefNew: 146063K->146063K(157248K), 0.0000163 secs]2018-03-17T00:03:29.416+0500: 435.340: [Tenured: 285986K->715K(349568K), 0.1364023 secs] 432050K->715K(506816K), [Metaspace: 5350K->5350K(1056768K)], 0.1364857 secs] [Times: user=0.13 sys=0.00, real=0.14 secs] 
2018-03-17T00:03:29.577+0500: 435.501: [GC (Allocation Failure) 2018-03-17T00:03:29.577+0500: 435.502: [DefNew: 139776K->17472K(157248K), 0.2225360 secs] 140491K->140490K(506816K), 0.2225958 secs] [Times: user=0.22 sys=0.00, real=0.22 secs] 
2018-03-17T00:03:29.825+0500: 435.750: [GC (Allocation Failure) 2018-03-17T00:03:29.825+0500: 435.750: [DefNew: 157248K->17472K(157248K), 0.2550813 secs] 280266K->280229K(506816K), 0.2551429 secs] [Times: user=0.25 sys=0.00, real=0.26 secs] 
2018-03-17T00:03:30.110+0500: 436.034: [GC (Allocation Failure) 2018-03-17T00:03:30.110+0500: 436.034: [DefNew: 157248K->157248K(157248K), 0.0000163 secs]2018-03-17T00:03:30.110+0500: 436.034: [Tenured: 262757K->205160K(349568K), 0.4771079 secs] 420005K->205160K(506816K), [Metaspace: 5350K->5350K(1056768K)], 0.4771960 secs] [Times: user=0.48 sys=0.00, real=0.48 secs] 
2018-03-17T00:03:30.613+0500: 436.537: [GC (Allocation Failure) 2018-03-17T00:03:30.613+0500: 436.537: [DefNew: 139776K->17472K(157248K), 0.2276730 secs] 344936K->344935K(506816K), 0.2277375 secs] [Times: user=0.23 sys=0.00, real=0.23 secs] 
2018-03-17T00:03:30.869+0500: 436.793: [GC (Allocation Failure) 2018-03-17T00:03:30.869+0500: 436.793: [DefNew: 157248K->157248K(157248K), 0.0000167 secs]2018-03-17T00:03:30.869+0500: 436.793: [Tenured: 327463K->55022K(349568K), 0.2249227 secs] 484711K->55022K(506816K), [Metaspace: 5350K->5350K(1056768K)], 0.2250164 secs] [Times: user=0.22 sys=0.00, real=0.23 secs] 
2018-03-17T00:03:31.123+0500: 437.047: [GC (Allocation Failure) 2018-03-17T00:03:31.123+0500: 437.047: [DefNew: 139776K->17472K(157248K), 0.2935752 secs] 194798K->194797K(506816K), 0.2936509 secs] [Times: user=0.30 sys=0.00, real=0.30 secs] 
2018-03-17T00:03:31.455+0500: 437.379: [GC (Allocation Failure) 2018-03-17T00:03:31.455+0500: 437.379: [DefNew: 157248K->17471K(157248K), 0.2738595 secs] 334573K->334572K(506816K), 0.2739254 secs] [Times: user=0.28 sys=0.00, real=0.27 secs] 
2018-03-17T00:03:31.754+0500: 437.678: [GC (Allocation Failure) 2018-03-17T00:03:31.754+0500: 437.678: [DefNew: 157247K->157247K(157248K), 0.0000171 secs]2018-03-17T00:03:31.754+0500: 437.678: [Tenured: 317100K->44659K(349568K), 0.2036585 secs] 474348K->44659K(506816K), [Metaspace: 5350K->5350K(1056768K)], 0.2037688 secs] [Times: user=0.20 sys=0.00, real=0.20 secs] 
2018-03-17T00:03:31.989+0500: 437.913: [GC (Allocation Failure) 2018-03-17T00:03:31.989+0500: 437.913: [DefNew: 139776K->17471K(157248K), 0.2670350 secs] 184435K->184434K(506816K), 0.2671035 secs] [Times: user=0.28 sys=0.00, real=0.27 secs] 
2018-03-17T00:03:32.287+0500: 438.211: [GC (Allocation Failure) 2018-03-17T00:03:32.287+0500: 438.211: [DefNew: 157247K->17472K(157248K), 0.2531791 secs] 324210K->324208K(506816K), 0.2532560 secs] [Times: user=0.25 sys=0.00, real=0.25 secs] 
2018-03-17T00:03:32.567+0500: 438.491: [GC (Allocation Failure) 2018-03-17T00:03:32.567+0500: 438.491: [DefNew: 157248K->157248K(157248K), 0.0000167 secs]2018-03-17T00:03:32.567+0500: 438.491: [Tenured: 306736K->34272K(349568K), 0.1816822 secs] 463984K->34272K(506816K), [Metaspace: 5350K->5350K(1056768K)], 0.1817712 secs] [Times: user=0.19 sys=0.00, real=0.18 secs] 
2018-03-17T00:03:32.778+0500: 438.702: [GC (Allocation Failure) 2018-03-17T00:03:32.778+0500: 438.702: [DefNew: 139776K->17472K(157248K), 0.2621786 secs] 174048K->174046K(506816K), 0.2622573 secs] [Times: user=0.26 sys=0.00, real=0.26 secs] 
2018-03-17T00:03:33.067+0500: 438.990: [GC (Allocation Failure) 2018-03-17T00:03:33.067+0500: 438.990: [DefNew: 157248K->17472K(157248K), 0.2589075 secs] 313822K->313821K(506816K), 0.2589772 secs] [Times: user=0.25 sys=0.00, real=0.26 secs] 
2018-03-17T00:03:33.351+0500: 439.275: [GC (Allocation Failure) 2018-03-17T00:03:33.351+0500: 439.275: [DefNew: 157248K->157248K(157248K), 0.0000171 secs]2018-03-17T00:03:33.351+0500: 439.275: [Tenured: 296349K->23908K(349568K), 0.1557750 secs] 453597K->23908K(506816K), [Metaspace: 5350K->5350K(1056768K)], 0.1558618 secs] [Times: user=0.16 sys=0.00, real=0.16 secs] 
2018-03-17T00:03:33.536+0500: 439.460: [GC (Allocation Failure) 2018-03-17T00:03:33.536+0500: 439.460: [DefNew: 139776K->17472K(157248K), 0.2628641 secs] 163684K->163683K(506816K), 0.2629270 secs] [Times: user=0.27 sys=0.00, real=0.26 secs] 
2018-03-17T00:03:33.824+0500: 439.749: [GC (Allocation Failure) 2018-03-17T00:03:33.824+0500: 439.749: [DefNew: 157248K->17472K(157248K), 0.2575471 secs] 303459K->303458K(506816K), 0.2576083 secs] [Times: user=0.25 sys=0.00, real=0.26 secs] 
2018-03-17T00:03:34.108+0500: 440.032: [GC (Allocation Failure) 2018-03-17T00:03:34.108+0500: 440.032: [DefNew: 146063K->146063K(157248K), 0.0000171 secs]2018-03-17T00:03:34.108+0500: 440.032: [Tenured: 285986K->715K(349568K), 0.1472399 secs] 432050K->715K(506816K), [Metaspace: 5350K->5350K(1056768K)], 0.1473292 secs] [Times: user=0.14 sys=0.00, real=0.15 secs] 
2018-03-17T00:03:34.291+0500: 440.214: [GC (Allocation Failure) 2018-03-17T00:03:34.291+0500: 440.214: [DefNew: 139776K->17472K(157248K), 0.2609743 secs] 140491K->140490K(506816K), 0.2610552 secs] [Times: user=0.25 sys=0.00, real=0.26 secs] 
2018-03-17T00:03:34.584+0500: 440.508: [GC (Allocation Failure) 2018-03-17T00:03:34.584+0500: 440.508: [DefNew: 157248K->17472K(157248K), 0.2817545 secs] 280266K->280229K(506816K), 0.2818220 secs] [Times: user=0.30 sys=0.00, real=0.28 secs] 
2018-03-17T00:03:34.895+0500: 440.819: [GC (Allocation Failure) 2018-03-17T00:03:34.895+0500: 440.819: [DefNew: 157248K->157248K(157248K), 0.0000163 secs]2018-03-17T00:03:34.895+0500: 440.819: [Tenured: 262757K->205160K(349568K), 0.4787783 secs] 420005K->205160K(506816K), [Metaspace: 5350K->5350K(1056768K)], 0.4788673 secs] [Times: user=0.48 sys=0.00, real=0.48 secs] 
2018-03-17T00:03:35.400+0500: 441.324: [GC (Allocation Failure) 2018-03-17T00:03:35.400+0500: 441.324: [DefNew: 139776K->17472K(157248K), 0.2311553 secs] 344936K->344935K(506816K), 0.2312152 secs] [Times: user=0.23 sys=0.00, real=0.23 secs] 
2018-03-17T00:03:35.659+0500: 441.582: [GC (Allocation Failure) 2018-03-17T00:03:35.659+0500: 441.582: [DefNew: 157248K->157248K(157248K), 0.0000163 secs]2018-03-17T00:03:35.659+0500: 441.582: [Tenured: 327463K->55022K(349568K), 0.2245660 secs] 484711K->55022K(506816K), [Metaspace: 5350K->5350K(1056768K)], 0.2246580 secs] [Times: user=0.23 sys=0.00, real=0.22 secs] 
2018-03-17T00:03:35.912+0500: 441.836: [GC (Allocation Failure) 2018-03-17T00:03:35.912+0500: 441.836: [DefNew: 139776K->17472K(157248K), 0.2619053 secs] 194798K->194797K(506816K), 0.2619652 secs] [Times: user=0.26 sys=0.00, real=0.26 secs] 
2018-03-17T00:03:36.200+0500: 442.124: [GC (Allocation Failure) 2018-03-17T00:03:36.200+0500: 442.124: [DefNew: 157248K->17471K(157248K), 0.2491925 secs] 334573K->334572K(506816K), 0.2492524 secs] [Times: user=0.24 sys=0.00, real=0.25 secs] 
2018-03-17T00:03:36.474+0500: 442.399: [GC (Allocation Failure) 2018-03-17T00:03:36.475+0500: 442.399: [DefNew: 157247K->157247K(157248K), 0.0000312 secs]2018-03-17T00:03:36.475+0500: 442.399: [Tenured: 317100K->44659K(349568K), 0.2010609 secs] 474348K->44659K(506816K), [Metaspace: 5350K->5350K(1056768K)], 0.2012204 secs] [Times: user=0.19 sys=0.01, real=0.20 secs] 
2018-03-17T00:03:36.710+0500: 442.634: [GC (Allocation Failure) 2018-03-17T00:03:36.710+0500: 442.634: [DefNew: 139776K->17471K(157248K), 0.3152607 secs] 184435K->184434K(506816K), 0.3153304 secs] [Times: user=0.31 sys=0.00, real=0.32 secs] 
2018-03-17T00:03:37.065+0500: 442.988: [GC (Allocation Failure) 2018-03-17T00:03:37.065+0500: 442.988: [DefNew: 157247K->17472K(157248K), 0.3148164 secs] 324210K->324208K(506816K), 0.3148792 secs] [Times: user=0.31 sys=0.00, real=0.31 secs] 
2018-03-17T00:03:37.405+0500: 443.329: [GC (Allocation Failure) 2018-03-17T00:03:37.405+0500: 443.329: [DefNew: 157248K->157248K(157248K), 0.0000171 secs]2018-03-17T00:03:37.405+0500: 443.329: [Tenured: 306736K->34272K(349568K), 0.1812896 secs] 463984K->34272K(506816K), [Metaspace: 5350K->5350K(1056768K)], 0.1813914 secs] [Times: user=0.19 sys=0.00, real=0.18 secs] 
2018-03-17T00:03:37.617+0500: 443.541: [GC (Allocation Failure) 2018-03-17T00:03:37.617+0500: 443.541: [DefNew: 139776K->17472K(157248K), 0.2620208 secs] 174048K->174046K(506816K), 0.2620811 secs] [Times: user=0.25 sys=0.00, real=0.26 secs] 
2018-03-17T00:03:37.906+0500: 443.830: [GC (Allocation Failure) 2018-03-17T00:03:37.906+0500: 443.830: [DefNew: 157248K->17472K(157248K), 0.2565956 secs] 313822K->313821K(506816K), 0.2566700 secs] [Times: user=0.27 sys=0.00, real=0.26 secs] 
2018-03-17T00:03:38.188+0500: 444.112: [GC (Allocation Failure) 2018-03-17T00:03:38.188+0500: 444.112: [DefNew: 157248K->157248K(157248K), 0.0000167 secs]2018-03-17T00:03:38.188+0500: 444.112: [Tenured: 296349K->23908K(349568K), 0.1585303 secs] 453597K->23908K(506816K), [Metaspace: 5350K->5350K(1056768K)], 0.1586180 secs] [Times: user=0.16 sys=0.00, real=0.16 secs] 
2018-03-17T00:03:38.375+0500: 444.299: [GC (Allocation Failure) 2018-03-17T00:03:38.375+0500: 444.299: [DefNew: 139776K->17472K(157248K), 0.2636425 secs] 163684K->163683K(506816K), 0.2637319 secs] [Times: user=0.27 sys=0.00, real=0.27 secs] 
2018-03-17T00:03:38.666+0500: 444.589: [GC (Allocation Failure) 2018-03-17T00:03:38.666+0500: 444.589: [DefNew: 157248K->17472K(157248K), 0.2553148 secs] 303459K->303458K(506816K), 0.2553858 secs] [Times: user=0.25 sys=0.00, real=0.26 secs] 
2018-03-17T00:03:38.950+0500: 444.874: [GC (Allocation Failure) 2018-03-17T00:03:38.950+0500: 444.874: [DefNew: 146063K->146063K(157248K), 0.0000158 secs]2018-03-17T00:03:38.950+0500: 444.874: [Tenured: 285986K->715K(349568K), 0.1377690 secs] 432050K->715K(506816K), [Metaspace: 5350K->5350K(1056768K)], 0.1378687 secs] [Times: user=0.14 sys=0.00, real=0.14 secs] 
2018-03-17T00:03:39.114+0500: 445.038: [GC (Allocation Failure) 2018-03-17T00:03:39.114+0500: 445.038: [DefNew: 139776K->17472K(157248K), 0.2250527 secs] 140491K->140490K(506816K), 0.2251280 secs] [Times: user=0.24 sys=0.00, real=0.22 secs] 
2018-03-17T00:03:39.364+0500: 445.289: [GC (Allocation Failure) 2018-03-17T00:03:39.364+0500: 445.289: [DefNew: 157248K->17472K(157248K), 0.2555846 secs] 280266K->280229K(506816K), 0.2556462 secs] [Times: user=0.25 sys=0.02, real=0.26 secs] 
2018-03-17T00:03:39.650+0500: 445.574: [GC (Allocation Failure) 2018-03-17T00:03:39.650+0500: 445.574: [DefNew: 157248K->157248K(157248K), 0.0000163 secs]2018-03-17T00:03:39.650+0500: 445.574: [Tenured: 262757K->205160K(349568K), 0.4768825 secs] 420005K->205160K(506816K), [Metaspace: 5350K->5350K(1056768K)], 0.4769745 secs] [Times: user=0.47 sys=0.00, real=0.48 secs] 
2018-03-17T00:03:40.153+0500: 446.076: [GC (Allocation Failure) 2018-03-17T00:03:40.153+0500: 446.077: [DefNew: 139776K->17472K(157248K), 0.2249214 secs] 344936K->344935K(506816K), 0.2249822 secs] [Times: user=0.20 sys=0.00, real=0.22 secs] 
2018-03-17T00:03:40.404+0500: 446.328: [GC (Allocation Failure) 2018-03-17T00:03:40.404+0500: 446.328: [DefNew: 157248K->157248K(157248K), 0.0000163 secs]2018-03-17T00:03:40.404+0500: 446.328: [Tenured: 327463K->55022K(349568K), 0.2235893 secs] 484711K->55022K(506816K), [Metaspace: 5350K->5350K(1056768K)], 0.2236778 secs] [Times: user=0.22 sys=0.00, real=0.22 secs] 
2018-03-17T00:03:40.657+0500: 446.581: [GC (Allocation Failure) 2018-03-17T00:03:40.657+0500: 446.581: [DefNew: 139776K->17472K(157248K), 0.2645508 secs] 194798K->194797K(506816K), 0.2646265 secs] [Times: user=0.27 sys=0.00, real=0.26 secs] 
2018-03-17T00:03:40.947+0500: 446.871: [GC (Allocation Failure) 2018-03-17T00:03:40.947+0500: 446.871: [DefNew: 157248K->17471K(157248K), 0.2591594 secs] 334573K->334572K(506816K), 0.2592218 secs] [Times: user=0.25 sys=0.00, real=0.26 secs] 
2018-03-17T00:03:41.233+0500: 447.157: [GC (Allocation Failure) 2018-03-17T00:03:41.233+0500: 447.157: [DefNew: 157247K->157247K(157248K), 0.0000163 secs]2018-03-17T00:03:41.233+0500: 447.158: [Tenured: 317100K->44659K(349568K), 0.2087249 secs] 474348K->44659K(506816K), [Metaspace: 5350K->5350K(1056768K)], 0.2088275 secs] [Times: user=0.20 sys=0.00, real=0.21 secs] 
2018-03-17T00:03:41.471+0500: 447.395: [GC (Allocation Failure) 2018-03-17T00:03:41.471+0500: 447.395: [DefNew: 139776K->17471K(157248K), 0.2612968 secs] 184435K->184434K(506816K), 0.2613721 secs] [Times: user=0.26 sys=0.00, real=0.26 secs] 
2018-03-17T00:03:41.759+0500: 447.683: [GC (Allocation Failure) 2018-03-17T00:03:41.759+0500: 447.683: [DefNew: 157247K->17472K(157248K), 0.2610847 secs] 324210K->324208K(506816K), 0.2611587 secs] [Times: user=0.25 sys=0.00, real=0.26 secs] 
2018-03-17T00:03:42.048+0500: 447.972: [GC (Allocation Failure) 2018-03-17T00:03:42.048+0500: 447.972: [DefNew: 157248K->157248K(157248K), 0.0000214 secs]2018-03-17T00:03:42.048+0500: 447.972: [Tenured: 306736K->34272K(349568K), 0.1938083 secs] 463984K->34272K(506816K), [Metaspace: 5350K->5350K(1056768K)], 0.1939050 secs] [Times: user=0.20 sys=0.00, real=0.19 secs] 
2018-03-17T00:03:42.272+0500: 448.196: [GC (Allocation Failure) 2018-03-17T00:03:42.272+0500: 448.196: [DefNew: 139776K->17472K(157248K), 0.2614533 secs] 174048K->174046K(506816K), 0.2615290 secs] [Times: user=0.25 sys=0.00, real=0.26 secs] 
2018-03-17T00:03:42.561+0500: 448.485: [GC (Allocation Failure) 2018-03-17T00:03:42.561+0500: 448.485: [DefNew: 157248K->17472K(157248K), 0.2582908 secs] 313822K->313821K(506816K), 0.2583588 secs] [Times: user=0.27 sys=0.00, real=0.26 secs] 
2018-03-17T00:03:42.848+0500: 448.772: [GC (Allocation Failure) 2018-03-17T00:03:42.848+0500: 448.772: [DefNew: 157248K->157248K(157248K), 0.0000175 secs]2018-03-17T00:03:42.848+0500: 448.772: [Tenured: 296349K->23908K(349568K), 0.1613794 secs] 453597K->23908K(506816K), [Metaspace: 5350K->5350K(1056768K)], 0.1614675 secs] [Times: user=0.17 sys=0.00, real=0.16 secs] 
2018-03-17T00:03:43.040+0500: 448.963: [GC (Allocation Failure) 2018-03-17T00:03:43.040+0500: 448.963: [DefNew: 139776K->17472K(157248K), 0.2728764 secs] 163684K->163683K(506816K), 0.2729422 secs] [Times: user=0.27 sys=0.00, real=0.27 secs] 
2018-03-17T00:03:43.339+0500: 449.263: [GC (Allocation Failure) 2018-03-17T00:03:43.339+0500: 449.263: [DefNew: 157248K->17472K(157248K), 0.2716558 secs] 303459K->303458K(506816K), 0.2717170 secs] [Times: user=0.25 sys=0.00, real=0.27 secs] 
2018-03-17T00:03:43.636+0500: 449.560: [GC (Allocation Failure) 2018-03-17T00:03:43.636+0500: 449.560: [DefNew: 146063K->146063K(157248K), 0.0000158 secs]2018-03-17T00:03:43.636+0500: 449.561: [Tenured: 285986K->715K(349568K), 0.1366580 secs] 432050K->715K(506816K), [Metaspace: 5350K->5350K(1056768K)], 0.1367452 secs] [Times: user=0.14 sys=0.00, real=0.14 secs] 
2018-03-17T00:03:43.799+0500: 449.724: [GC (Allocation Failure) 2018-03-17T00:03:43.799+0500: 449.724: [DefNew: 139776K->17472K(157248K), 0.2250271 secs] 140491K->140490K(506816K), 0.2251045 secs] [Times: user=0.23 sys=0.00, real=0.22 secs] 
2018-03-17T00:03:44.050+0500: 449.975: [GC (Allocation Failure) 2018-03-17T00:03:44.050+0500: 449.975: [DefNew: 157248K->17472K(157248K), 0.2576784 secs] 280266K->280229K(506816K), 0.2577451 secs] [Times: user=0.27 sys=0.00, real=0.26 secs] 
2018-03-17T00:03:44.337+0500: 450.261: [GC (Allocation Failure) 2018-03-17T00:03:44.337+0500: 450.261: [DefNew: 157248K->157248K(157248K), 0.0000171 secs]2018-03-17T00:03:44.337+0500: 450.261: [Tenured: 262757K->205160K(349568K), 0.5706901 secs] 420005K->205160K(506816K), [Metaspace: 5350K->5350K(1056768K)], 0.5707820 secs] [Times: user=0.55 sys=0.00, real=0.57 secs] 
2018-03-17T00:03:44.934+0500: 450.858: [GC (Allocation Failure) 2018-03-17T00:03:44.934+0500: 450.858: [DefNew: 139776K->17472K(157248K), 0.2422658 secs] 344936K->344935K(506816K), 0.2423329 secs] [Times: user=0.23 sys=0.00, real=0.24 secs] 
2018-03-17T00:03:45.213+0500: 451.137: [GC (Allocation Failure) 2018-03-17T00:03:45.213+0500: 451.137: [DefNew: 157248K->157248K(157248K), 0.0000158 secs]2018-03-17T00:03:45.213+0500: 451.137: [Tenured: 327463K->55022K(349568K), 0.2287164 secs] 484711K->55022K(506816K), [Metaspace: 5350K->5350K(1056768K)], 0.2288024 secs] [Times: user=0.22 sys=0.00, real=0.23 secs] 
2018-03-17T00:03:45.471+0500: 451.395: [GC (Allocation Failure) 2018-03-17T00:03:45.471+0500: 451.396: [DefNew: 139776K->17472K(157248K), 0.2651264 secs] 194798K->194797K(506816K), 0.2651893 secs] [Times: user=0.27 sys=0.00, real=0.27 secs] 
2018-03-17T00:03:45.763+0500: 451.686: [GC (Allocation Failure) 2018-03-17T00:03:45.763+0500: 451.686: [DefNew: 157248K->17471K(157248K), 0.2599540 secs] 334573K->334572K(506816K), 0.2600258 secs] [Times: user=0.27 sys=0.00, real=0.26 secs] 
2018-03-17T00:03:46.048+0500: 451.972: [GC (Allocation Failure) 2018-03-17T00:03:46.048+0500: 451.972: [DefNew: 157247K->157247K(157248K), 0.0000163 secs]2018-03-17T00:03:46.048+0500: 451.972: [Tenured: 317100K->44659K(349568K), 0.2004472 secs] 474348K->44659K(506816K), [Metaspace: 5350K->5350K(1056768K)], 0.2005396 secs] [Times: user=0.19 sys=0.00, real=0.20 secs] 
2018-03-17T00:03:46.278+0500: 452.202: [GC (Allocation Failure) 2018-03-17T00:03:46.278+0500: 452.202: [DefNew: 139776K->17471K(157248K), 0.2564519 secs] 184435K->184434K(506816K), 0.2565139 secs] [Times: user=0.25 sys=0.00, real=0.26 secs] 
2018-03-17T00:03:46.560+0500: 452.484: [GC (Allocation Failure) 2018-03-17T00:03:46.560+0500: 452.484: [DefNew: 157247K->17472K(157248K), 0.2500957 secs] 324210K->324208K(506816K), 0.2501577 secs] [Times: user=0.25 sys=0.00, real=0.25 secs] 
2018-03-17T00:03:46.836+0500: 452.760: [GC (Allocation Failure) 2018-03-17T00:03:46.836+0500: 452.760: [DefNew: 157248K->157248K(157248K), 0.0000167 secs]2018-03-17T00:03:46.836+0500: 452.760: [Tenured: 306736K->34272K(349568K), 0.1774001 secs] 463984K->34272K(506816K), [Metaspace: 5350K->5350K(1056768K)], 0.1774912 secs] [Times: user=0.17 sys=0.00, real=0.18 secs] 
2018-03-17T00:03:47.045+0500: 452.969: [GC (Allocation Failure) 2018-03-17T00:03:47.045+0500: 452.969: [DefNew: 139776K->17472K(157248K), 0.2564750 secs] 174048K->174046K(506816K), 0.2565421 secs] [Times: user=0.25 sys=0.00, real=0.26 secs] 
2018-03-17T00:03:47.328+0500: 453.251: [GC (Allocation Failure) 2018-03-17T00:03:47.328+0500: 453.251: [DefNew: 157248K->17472K(157248K), 0.2550257 secs] 313822K->313821K(506816K), 0.2551082 secs] [Times: user=0.25 sys=0.00, real=0.25 secs] 
2018-03-17T00:03:47.609+0500: 453.533: [GC (Allocation Failure) 2018-03-17T00:03:47.609+0500: 453.533: [DefNew: 157248K->157248K(157248K), 0.0000158 secs]2018-03-17T00:03:47.609+0500: 453.533: [Tenured: 296349K->23908K(349568K), 0.1565101 secs] 453597K->23908K(506816K), [Metaspace: 5350K->5350K(1056768K)], 0.1566012 secs] [Times: user=0.16 sys=0.00, real=0.16 secs] 
2018-03-17T00:03:47.794+0500: 453.718: [GC (Allocation Failure) 2018-03-17T00:03:47.794+0500: 453.718: [DefNew: 139776K->17472K(157248K), 0.2587788 secs] 163684K->163683K(506816K), 0.2588403 secs] [Times: user=0.26 sys=0.00, real=0.26 secs] 
2018-03-17T00:03:48.079+0500: 454.003: [GC (Allocation Failure) 2018-03-17T00:03:48.079+0500: 454.003: [DefNew: 157248K->17472K(157248K), 0.2796735 secs] 303459K->303458K(506816K), 0.2797505 secs] [Times: user=0.27 sys=0.00, real=0.28 secs] 
2018-03-17T00:03:48.404+0500: 454.327: [GC (Allocation Failure) 2018-03-17T00:03:48.404+0500: 454.327: [DefNew: 146063K->146063K(157248K), 0.0000282 secs]2018-03-17T00:03:48.404+0500: 454.327: [Tenured: 285986K->715K(349568K), 0.1788777 secs] 432050K->715K(506816K), [Metaspace: 5350K->5350K(1056768K)], 0.1790077 secs] [Times: user=0.17 sys=0.00, real=0.18 secs] 
2018-03-17T00:03:48.630+0500: 454.553: [GC (Allocation Failure) 2018-03-17T00:03:48.630+0500: 454.553: [DefNew: 139776K->17472K(157248K), 0.2887128 secs] 140491K->140490K(506816K), 0.2887924 secs] [Times: user=0.30 sys=0.00, real=0.29 secs] 
2018-03-17T00:03:48.944+0500: 454.868: [GC (Allocation Failure) 2018-03-17T00:03:48.944+0500: 454.868: [DefNew: 157248K->17472K(157248K), 0.2948971 secs] 280266K->280229K(506816K), 0.2950010 secs] [Times: user=0.28 sys=0.00, real=0.30 secs] 
2018-03-17T00:03:49.286+0500: 455.210: [GC (Allocation Failure) 2018-03-17T00:03:49.286+0500: 455.210: [DefNew: 157248K->157248K(157248K), 0.0000184 secs]2018-03-17T00:03:49.286+0500: 455.210: [Tenured: 262757K->205160K(349568K), 0.5701893 secs] 420005K->205160K(506816K), [Metaspace: 5350K->5350K(1056768K)], 0.5702851 secs] [Times: user=0.58 sys=0.00, real=0.57 secs] 
2018-03-17T00:03:49.882+0500: 455.806: [GC (Allocation Failure) 2018-03-17T00:03:49.882+0500: 455.806: [DefNew: 139776K->17472K(157248K), 0.2224577 secs] 344936K->344935K(506816K), 0.2225202 secs] [Times: user=0.22 sys=0.00, real=0.22 secs] 
2018-03-17T00:03:50.131+0500: 456.054: [GC (Allocation Failure) 2018-03-17T00:03:50.131+0500: 456.054: [DefNew: 157248K->157248K(157248K), 0.0000163 secs]2018-03-17T00:03:50.131+0500: 456.054: [Tenured: 327463K->55022K(349568K), 0.2211145 secs] 484711K->55022K(506816K), [Metaspace: 5350K->5350K(1056768K)], 0.2212201 secs] [Times: user=0.22 sys=0.00, real=0.22 secs] 
2018-03-17T00:03:50.381+0500: 456.305: [GC (Allocation Failure) 2018-03-17T00:03:50.381+0500: 456.305: [DefNew: 139776K->17472K(157248K), 0.2568577 secs] 194798K->194797K(506816K), 0.2569253 secs] [Times: user=0.25 sys=0.00, real=0.26 secs] 
2018-03-17T00:03:50.663+0500: 456.587: [GC (Allocation Failure) 2018-03-17T00:03:50.663+0500: 456.587: [DefNew: 157248K->17471K(157248K), 0.2536927 secs] 334573K->334572K(506816K), 0.2537560 secs] [Times: user=0.25 sys=0.00, real=0.25 secs] 
2018-03-17T00:03:50.943+0500: 456.867: [GC (Allocation Failure) 2018-03-17T00:03:50.943+0500: 456.867: [DefNew: 157247K->157247K(157248K), 0.0000205 secs]2018-03-17T00:03:50.943+0500: 456.867: [Tenured: 317100K->44659K(349568K), 0.2021822 secs] 474348K->44659K(506816K), [Metaspace: 5350K->5350K(1056768K)], 0.2022964 secs] [Times: user=0.19 sys=0.00, real=0.20 secs] 
2018-03-17T00:03:51.175+0500: 457.098: [GC (Allocation Failure) 2018-03-17T00:03:51.175+0500: 457.098: [DefNew: 139776K->17471K(157248K), 0.2555855 secs] 184435K->184434K(506816K), 0.2556548 secs] [Times: user=0.26 sys=0.00, real=0.26 secs] 
2018-03-17T00:03:51.456+0500: 457.380: [GC (Allocation Failure) 2018-03-17T00:03:51.456+0500: 457.380: [DefNew: 157247K->17472K(157248K), 0.2537782 secs] 324210K->324208K(506816K), 0.2538389 secs] [Times: user=0.26 sys=0.00, real=0.25 secs] 
2018-03-17T00:03:51.735+0500: 457.659: [GC (Allocation Failure) 2018-03-17T00:03:51.735+0500: 457.659: [DefNew: 157248K->157248K(157248K), 0.0000167 secs]2018-03-17T00:03:51.735+0500: 457.659: [Tenured: 306736K->34272K(349568K), 0.1772723 secs] 463984K->34272K(506816K), [Metaspace: 5350K->5350K(1056768K)], 0.1773591 secs] [Times: user=0.19 sys=0.00, real=0.18 secs] 
2018-03-17T00:03:51.941+0500: 457.865: [GC (Allocation Failure) 2018-03-17T00:03:51.941+0500: 457.865: [DefNew: 139776K->17472K(157248K), 0.2548234 secs] 174048K->174046K(506816K), 0.2548846 secs] [Times: user=0.27 sys=0.00, real=0.26 secs] 
2018-03-17T00:03:52.222+0500: 458.146: [GC (Allocation Failure) 2018-03-17T00:03:52.222+0500: 458.146: [DefNew: 157248K->17472K(157248K), 0.2524016 secs] 313822K->313821K(506816K), 0.2524598 secs] [Times: user=0.25 sys=0.00, real=0.25 secs] 
2018-03-17T00:03:52.500+0500: 458.424: [GC (Allocation Failure) 2018-03-17T00:03:52.500+0500: 458.424: [DefNew: 157248K->157248K(157248K), 0.0000167 secs]2018-03-17T00:03:52.500+0500: 458.424: [Tenured: 296349K->23908K(349568K), 0.1549988 secs] 453597K->23908K(506816K), [Metaspace: 5350K->5350K(1056768K)], 0.1551185 secs] [Times: user=0.16 sys=0.00, real=0.16 secs] 
2018-03-17T00:03:52.684+0500: 458.607: [GC (Allocation Failure) 2018-03-17T00:03:52.684+0500: 458.607: [DefNew: 139776K->17472K(157248K), 0.2567448 secs] 163684K->163683K(506816K), 0.2568116 secs] [Times: user=0.25 sys=0.00, real=0.26 secs] 
2018-03-17T00:03:52.966+0500: 458.890: [GC (Allocation Failure) 2018-03-17T00:03:52.966+0500: 458.890: [DefNew: 157248K->17472K(157248K), 0.2558900 secs] 303459K->303458K(506816K), 0.2559503 secs] [Times: user=0.25 sys=0.00, real=0.26 secs] 
2018-03-17T00:03:53.247+0500: 459.171: [GC (Allocation Failure) 2018-03-17T00:03:53.247+0500: 459.171: [DefNew: 146063K->146063K(157248K), 0.0000154 secs]2018-03-17T00:03:53.247+0500: 459.171: [Tenured: 285986K->715K(349568K), 0.1377113 secs] 432050K->715K(506816K), [Metaspace: 5350K->5350K(1056768K)], 0.1377943 secs] [Times: user=0.14 sys=0.00, real=0.14 secs] 
2018-03-17T00:03:53.411+0500: 459.335: [GC (Allocation Failure) 2018-03-17T00:03:53.411+0500: 459.335: [DefNew: 139776K->17472K(157248K), 0.2242971 secs] 140491K->140490K(506816K), 0.2243591 secs] [Times: user=0.23 sys=0.00, real=0.22 secs] 
2018-03-17T00:03:53.660+0500: 459.584: [GC (Allocation Failure) 2018-03-17T00:03:53.660+0500: 459.584: [DefNew: 157248K->17472K(157248K), 0.2568376 secs] 280266K->280229K(506816K), 0.2569022 secs] [Times: user=0.27 sys=0.00, real=0.26 secs] 
2018-03-17T00:03:53.946+0500: 459.869: [GC (Allocation Failure) 2018-03-17T00:03:53.946+0500: 459.869: [DefNew: 157248K->157248K(157248K), 0.0000167 secs]2018-03-17T00:03:53.946+0500: 459.869: [Tenured: 262757K->205160K(349568K), 0.4707624 secs] 420005K->205160K(506816K), [Metaspace: 5350K->5350K(1056768K)], 0.4708509 secs] [Times: user=0.47 sys=0.00, real=0.47 secs] 
2018-03-17T00:03:54.442+0500: 460.366: [GC (Allocation Failure) 2018-03-17T00:03:54.442+0500: 460.366: [DefNew: 139776K->17472K(157248K), 0.2241230 secs] 344936K->344935K(506816K), 0.2241854 secs] [Times: user=0.24 sys=0.00, real=0.22 secs] 
2018-03-17T00:03:54.692+0500: 460.616: [GC (Allocation Failure) 2018-03-17T00:03:54.692+0500: 460.616: [DefNew: 157248K->157248K(157248K), 0.0000171 secs]2018-03-17T00:03:54.692+0500: 460.616: [Tenured: 327463K->55022K(349568K), 0.2210584 secs] 484711K->55022K(506816K), [Metaspace: 5350K->5350K(1056768K)], 0.2211495 secs] [Times: user=0.24 sys=0.00, real=0.22 secs] 
2018-03-17T00:03:54.942+0500: 460.866: [GC (Allocation Failure) 2018-03-17T00:03:54.942+0500: 460.866: [DefNew: 139776K->17472K(157248K), 0.2573436 secs] 194798K->194797K(506816K), 0.2574077 secs] [Times: user=0.27 sys=0.00, real=0.26 secs] 
2018-03-17T00:03:55.225+0500: 461.149: [GC (Allocation Failure) 2018-03-17T00:03:55.225+0500: 461.149: [DefNew: 157248K->17471K(157248K), 0.2500572 secs] 334573K->334572K(506816K), 0.2501179 secs] [Times: user=0.25 sys=0.00, real=0.25 secs] 
2018-03-17T00:03:55.501+0500: 461.424: [GC (Allocation Failure) 2018-03-17T00:03:55.501+0500: 461.424: [DefNew: 157247K->157247K(157248K), 0.0000171 secs]2018-03-17T00:03:55.501+0500: 461.424: [Tenured: 317100K->44659K(349568K), 0.2014976 secs] 474348K->44659K(506816K), [Metaspace: 5350K->5350K(1056768K)], 0.2015882 secs] [Times: user=0.20 sys=0.00, real=0.20 secs] 
2018-03-17T00:03:55.731+0500: 461.655: [GC (Allocation Failure) 2018-03-17T00:03:55.731+0500: 461.655: [DefNew: 139776K->17471K(157248K), 0.2556064 secs] 184435K->184434K(506816K), 0.2556672 secs] [Times: user=0.25 sys=0.00, real=0.26 secs] 
2018-03-17T00:03:56.012+0500: 461.936: [GC (Allocation Failure) 2018-03-17T00:03:56.012+0500: 461.936: [DefNew: 157247K->17472K(157248K), 0.2509459 secs] 324210K->324208K(506816K), 0.2510062 secs] [Times: user=0.25 sys=0.00, real=0.25 secs] 
2018-03-17T00:03:56.289+0500: 462.213: [GC (Allocation Failure) 2018-03-17T00:03:56.289+0500: 462.213: [DefNew: 157248K->157248K(157248K), 0.0000163 secs]2018-03-17T00:03:56.289+0500: 462.213: [Tenured: 306736K->34272K(349568K), 0.1786228 secs] 463984K->34272K(506816K), [Metaspace: 5350K->5350K(1056768K)], 0.1787122 secs] [Times: user=0.17 sys=0.00, real=0.18 secs] 
2018-03-17T00:03:56.496+0500: 462.420: [GC (Allocation Failure) 2018-03-17T00:03:56.496+0500: 462.420: [DefNew: 139776K->17472K(157248K), 0.2553657 secs] 174048K->174046K(506816K), 0.2554264 secs] [Times: user=0.25 sys=0.00, real=0.26 secs] 
2018-03-17T00:03:56.778+0500: 462.701: [GC (Allocation Failure) 2018-03-17T00:03:56.778+0500: 462.701: [DefNew: 157248K->17472K(157248K), 0.2516263 secs] 313822K->313821K(506816K), 0.2516887 secs] [Times: user=0.25 sys=0.00, real=0.25 secs] 
2018-03-17T00:03:57.055+0500: 462.979: [GC (Allocation Failure) 2018-03-17T00:03:57.055+0500: 462.979: [DefNew: 157248K->157248K(157248K), 0.0000163 secs]2018-03-17T00:03:57.055+0500: 462.979: [Tenured: 296349K->23908K(349568K), 0.1573102 secs] 453597K->23908K(506816K), [Metaspace: 5350K->5350K(1056768K)], 0.1573992 secs] [Times: user=0.16 sys=0.00, real=0.16 secs] 
2018-03-17T00:03:57.240+0500: 463.164: [GC (Allocation Failure) 2018-03-17T00:03:57.240+0500: 463.164: [DefNew: 139776K->17472K(157248K), 0.2553079 secs] 163684K->163683K(506816K), 0.2553721 secs] [Times: user=0.27 sys=0.00, real=0.26 secs] 
2018-03-17T00:03:57.521+0500: 463.445: [GC (Allocation Failure) 2018-03-17T00:03:57.521+0500: 463.445: [DefNew: 157248K->17472K(157248K), 0.2558942 secs] 303459K->303458K(506816K), 0.2559674 secs] [Times: user=0.27 sys=0.00, real=0.26 secs] 
2018-03-17T00:03:57.803+0500: 463.727: [GC (Allocation Failure) 2018-03-17T00:03:57.803+0500: 463.727: [DefNew: 146063K->146063K(157248K), 0.0000163 secs]2018-03-17T00:03:57.803+0500: 463.727: [Tenured: 285986K->715K(349568K), 0.1359383 secs] 432050K->715K(506816K), [Metaspace: 5350K->5350K(1056768K)], 0.1360238 secs] [Times: user=0.13 sys=0.00, real=0.14 secs] 
2018-03-17T00:03:57.964+0500: 463.889: [GC (Allocation Failure) 2018-03-17T00:03:57.964+0500: 463.889: [DefNew: 139776K->17472K(157248K), 0.2221720 secs] 140491K->140490K(506816K), 0.2222452 secs] [Times: user=0.22 sys=0.00, real=0.22 secs] 
2018-03-17T00:03:58.213+0500: 464.137: [GC (Allocation Failure) 2018-03-17T00:03:58.213+0500: 464.137: [DefNew: 157248K->17472K(157248K), 0.2572106 secs] 280266K->280229K(506816K), 0.2572743 secs] [Times: user=0.25 sys=0.00, real=0.26 secs] 
2018-03-17T00:03:58.499+0500: 464.422: [GC (Allocation Failure) 2018-03-17T00:03:58.499+0500: 464.422: [DefNew: 157248K->157248K(157248K), 0.0000171 secs]2018-03-17T00:03:58.499+0500: 464.422: [Tenured: 262757K->205160K(349568K), 0.4766670 secs] 420005K->205160K(506816K), [Metaspace: 5350K->5350K(1056768K)], 0.4767722 secs] [Times: user=0.48 sys=0.00, real=0.48 secs] 
2018-03-17T00:03:59.001+0500: 464.925: [GC (Allocation Failure) 2018-03-17T00:03:59.001+0500: 464.925: [DefNew: 139776K->17472K(157248K), 0.2267544 secs] 344936K->344935K(506816K), 0.2268198 secs] [Times: user=0.23 sys=0.00, real=0.23 secs] 
2018-03-17T00:03:59.255+0500: 465.179: [GC (Allocation Failure) 2018-03-17T00:03:59.255+0500: 465.179: [DefNew: 157248K->157248K(157248K), 0.0000171 secs]2018-03-17T00:03:59.255+0500: 465.179: [Tenured: 327463K->55022K(349568K), 0.2227498 secs] 484711K->55022K(506816K), [Metaspace: 5350K->5350K(1056768K)], 0.2228396 secs] [Times: user=0.23 sys=0.00, real=0.22 secs] 
2018-03-17T00:03:59.507+0500: 465.432: [GC (Allocation Failure) 2018-03-17T00:03:59.507+0500: 465.432: [DefNew: 139776K->17472K(157248K), 0.2816035 secs] 194798K->194797K(506816K), 0.2816651 secs] [Times: user=0.28 sys=0.00, real=0.28 secs] 
2018-03-17T00:03:59.816+0500: 465.739: [GC (Allocation Failure) 2018-03-17T00:03:59.816+0500: 465.739: [DefNew: 157248K->17471K(157248K), 0.2929590 secs] 334573K->334572K(506816K), 0.2930253 secs] [Times: user=0.30 sys=0.00, real=0.29 secs] 
2018-03-17T00:04:00.148+0500: 466.072: [GC (Allocation Failure) 2018-03-17T00:04:00.148+0500: 466.072: [DefNew: 157247K->157247K(157248K), 0.0000261 secs]2018-03-17T00:04:00.148+0500: 466.072: [Tenured: 317100K->44659K(349568K), 0.2426626 secs] 474348K->44659K(506816K), [Metaspace: 5350K->5350K(1056768K)], 0.2427781 secs] [Times: user=0.23 sys=0.00, real=0.24 secs] 
2018-03-17T00:04:00.420+0500: 466.344: [GC (Allocation Failure) 2018-03-17T00:04:00.420+0500: 466.344: [DefNew: 139776K->17471K(157248K), 0.2656199 secs] 184435K->184434K(506816K), 0.2656815 secs] [Times: user=0.26 sys=0.00, real=0.26 secs] 
2018-03-17T00:04:00.713+0500: 466.637: [GC (Allocation Failure) 2018-03-17T00:04:00.713+0500: 466.637: [DefNew: 157247K->17472K(157248K), 0.2616941 secs] 324210K->324208K(506816K), 0.2617646 secs] [Times: user=0.25 sys=0.00, real=0.26 secs] 
2018-03-17T00:04:01.002+0500: 466.926: [GC (Allocation Failure) 2018-03-17T00:04:01.002+0500: 466.926: [DefNew: 157248K->157248K(157248K), 0.0000163 secs]2018-03-17T00:04:01.002+0500: 466.926: [Tenured: 306736K->34272K(349568K), 0.1784825 secs] 463984K->34272K(506816K), [Metaspace: 5350K->5350K(1056768K)], 0.1785685 secs] [Times: user=0.19 sys=0.00, real=0.18 secs] 
2018-03-17T00:04:01.210+0500: 467.134: [GC (Allocation Failure) 2018-03-17T00:04:01.210+0500: 467.134: [DefNew: 139776K->17472K(157248K), 0.2611125 secs] 174048K->174046K(506816K), 0.2611766 secs] [Times: user=0.25 sys=0.00, real=0.26 secs] 
2018-03-17T00:04:01.497+0500: 467.421: [GC (Allocation Failure) 2018-03-17T00:04:01.497+0500: 467.421: [DefNew: 157248K->17472K(157248K), 0.2555620 secs] 313822K->313821K(506816K), 0.2556252 secs] [Times: user=0.25 sys=0.00, real=0.26 secs] 
2018-03-17T00:04:01.779+0500: 467.703: [GC (Allocation Failure) 2018-03-17T00:04:01.779+0500: 467.703: [DefNew: 157248K->157248K(157248K), 0.0000163 secs]2018-03-17T00:04:01.779+0500: 467.703: [Tenured: 296349K->23908K(349568K), 0.1640505 secs] 453597K->23908K(506816K), [Metaspace: 5350K->5350K(1056768K)], 0.1641399 secs] [Times: user=0.16 sys=0.00, real=0.16 secs] 
2018-03-17T00:04:01.974+0500: 467.898: [GC (Allocation Failure) 2018-03-17T00:04:01.974+0500: 467.898: [DefNew: 139776K->17472K(157248K), 0.3403032 secs] 163684K->163683K(506816K), 0.3403734 secs] [Times: user=0.34 sys=0.00, real=0.34 secs] 
2018-03-17T00:04:02.357+0500: 468.282: [GC (Allocation Failure) 2018-03-17T00:04:02.358+0500: 468.282: [DefNew: 157248K->17472K(157248K), 0.2912698 secs] 303459K->303458K(506816K), 0.2913369 secs] [Times: user=0.30 sys=0.00, real=0.29 secs] 
2018-03-17T00:04:02.676+0500: 468.600: [GC (Allocation Failure) 2018-03-17T00:04:02.676+0500: 468.600: [DefNew: 146063K->146063K(157248K), 0.0000158 secs]2018-03-17T00:04:02.676+0500: 468.600: [Tenured: 285986K->715K(349568K), 0.1380137 secs] 432050K->715K(506816K), [Metaspace: 5350K->5350K(1056768K)], 0.1381000 secs] [Times: user=0.14 sys=0.00, real=0.14 secs] 
2018-03-17T00:04:02.840+0500: 468.764: [GC (Allocation Failure) 2018-03-17T00:04:02.840+0500: 468.764: [DefNew: 139776K->17472K(157248K), 0.2351830 secs] 140491K->140490K(506816K), 0.2352450 secs] [Times: user=0.24 sys=0.00, real=0.24 secs] 
2018-03-17T00:04:03.102+0500: 469.025: [GC (Allocation Failure) 2018-03-17T00:04:03.102+0500: 469.026: [DefNew: 157248K->17472K(157248K), 0.2575856 secs] 280266K->280229K(506816K), 0.2576562 secs] [Times: user=0.25 sys=0.00, real=0.26 secs] 
2018-03-17T00:04:03.388+0500: 469.312: [GC (Allocation Failure) 2018-03-17T00:04:03.388+0500: 469.312: [DefNew: 157248K->157248K(157248K), 0.0000171 secs]2018-03-17T00:04:03.388+0500: 469.312: [Tenured: 262757K->205160K(349568K), 0.4745069 secs] 420005K->205160K(506816K), [Metaspace: 5350K->5350K(1056768K)], 0.4745993 secs] [Times: user=0.47 sys=0.00, real=0.48 secs] 
2018-03-17T00:04:03.889+0500: 469.812: [GC (Allocation Failure) 2018-03-17T00:04:03.889+0500: 469.812: [DefNew: 139776K->17472K(157248K), 0.2275652 secs] 344936K->344935K(506816K), 0.2276268 secs] [Times: user=0.23 sys=0.00, real=0.23 secs] 
2018-03-17T00:04:04.143+0500: 470.067: [GC (Allocation Failure) 2018-03-17T00:04:04.143+0500: 470.067: [DefNew: 157248K->157248K(157248K), 0.0000218 secs]2018-03-17T00:04:04.143+0500: 470.067: [Tenured: 327463K->55022K(349568K), 0.2211803 secs] 484711K->55022K(506816K), [Metaspace: 5350K->5350K(1056768K)], 0.2213039 secs] [Times: user=0.22 sys=0.00, real=0.22 secs] 
2018-03-17T00:04:04.393+0500: 470.317: [GC (Allocation Failure) 2018-03-17T00:04:04.393+0500: 470.317: [DefNew: 139776K->17472K(157248K), 0.2594515 secs] 194798K->194797K(506816K), 0.2595113 secs] [Times: user=0.27 sys=0.00, real=0.26 secs] 
2018-03-17T00:04:04.677+0500: 470.601: [GC (Allocation Failure) 2018-03-17T00:04:04.677+0500: 470.601: [DefNew: 157248K->17471K(157248K), 0.2511447 secs] 334573K->334572K(506816K), 0.2512050 secs] [Times: user=0.26 sys=0.00, real=0.25 secs] 
2018-03-17T00:04:04.954+0500: 470.878: [GC (Allocation Failure) 2018-03-17T00:04:04.954+0500: 470.878: [DefNew: 157247K->157247K(157248K), 0.0000171 secs]2018-03-17T00:04:04.954+0500: 470.878: [Tenured: 317100K->44659K(349568K), 0.2051818 secs] 474348K->44659K(506816K), [Metaspace: 5350K->5350K(1056768K)], 0.2052733 secs] [Times: user=0.20 sys=0.00, real=0.20 secs] 
2018-03-17T00:04:05.189+0500: 471.113: [GC (Allocation Failure) 2018-03-17T00:04:05.189+0500: 471.113: [DefNew: 139776K->17471K(157248K), 0.2720125 secs] 184435K->184434K(506816K), 0.2720792 secs] [Times: user=0.28 sys=0.00, real=0.27 secs] 
2018-03-17T00:04:05.487+0500: 471.412: [GC (Allocation Failure) 2018-03-17T00:04:05.487+0500: 471.412: [DefNew: 157247K->17472K(157248K), 0.2561602 secs] 324210K->324208K(506816K), 0.2562291 secs] [Times: user=0.27 sys=0.00, real=0.26 secs] 
2018-03-17T00:04:05.774+0500: 471.698: [GC (Allocation Failure) 2018-03-17T00:04:05.775+0500: 471.698: [DefNew: 157248K->157248K(157248K), 0.0000197 secs]2018-03-17T00:04:05.775+0500: 471.698: [Tenured: 306736K->34272K(349568K), 0.1821535 secs] 463984K->34272K(506816K), [Metaspace: 5350K->5350K(1056768K)], 0.1822600 secs] [Times: user=0.17 sys=0.00, real=0.18 secs] 
2018-03-17T00:04:05.987+0500: 471.911: [GC (Allocation Failure) 2018-03-17T00:04:05.987+0500: 471.911: [DefNew: 139776K->17472K(157248K), 0.3082369 secs] 174048K->174046K(506816K), 0.3083002 secs] [Times: user=0.31 sys=0.00, real=0.31 secs] 
2018-03-17T00:04:06.328+0500: 472.252: [GC (Allocation Failure) 2018-03-17T00:04:06.328+0500: 472.252: [DefNew: 157248K->17472K(157248K), 0.2939020 secs] 313822K->313821K(506816K), 0.2939687 secs] [Times: user=0.28 sys=0.00, real=0.29 secs] 
2018-03-17T00:04:06.647+0500: 472.571: [GC (Allocation Failure) 2018-03-17T00:04:06.647+0500: 472.572: [DefNew: 157248K->157248K(157248K), 0.0000150 secs]2018-03-17T00:04:06.647+0500: 472.572: [Tenured: 296349K->23908K(349568K), 0.1585829 secs] 453597K->23908K(506816K), [Metaspace: 5350K->5350K(1056768K)], 0.1586826 secs] [Times: user=0.16 sys=0.00, real=0.16 secs] 
2018-03-17T00:04:06.837+0500: 472.761: [GC (Allocation Failure) 2018-03-17T00:04:06.837+0500: 472.761: [DefNew: 139776K->17472K(157248K), 0.2778115 secs] 163684K->163683K(506816K), 0.2779218 secs] [Times: user=0.26 sys=0.01, real=0.28 secs] 
2018-03-17T00:04:07.145+0500: 473.070: [GC (Allocation Failure) 2018-03-17T00:04:07.145+0500: 473.070: [DefNew: 157248K->17472K(157248K), 0.2796350 secs] 303459K->303458K(506816K), 0.2797175 secs] [Times: user=0.28 sys=0.00, real=0.28 secs] 
2018-03-17T00:04:07.454+0500: 473.378: [GC (Allocation Failure) 2018-03-17T00:04:07.454+0500: 473.378: [DefNew: 146063K->146063K(157248K), 0.0000188 secs]2018-03-17T00:04:07.454+0500: 473.378: [Tenured: 285986K->715K(349568K), 0.1388891 secs] 432050K->715K(506816K), [Metaspace: 5350K->5350K(1056768K)], 0.1389849 secs] [Times: user=0.14 sys=0.00, real=0.14 secs] 
2018-03-17T00:04:07.620+0500: 473.544: [GC (Allocation Failure) 2018-03-17T00:04:07.620+0500: 473.544: [DefNew: 139776K->17472K(157248K), 0.2301610 secs] 140491K->140490K(506816K), 0.2302265 secs] [Times: user=0.24 sys=0.00, real=0.23 secs] 
2018-03-17T00:04:07.877+0500: 473.801: [GC (Allocation Failure) 2018-03-17T00:04:07.877+0500: 473.801: [DefNew: 157248K->17472K(157248K), 0.2602123 secs] 280266K->280229K(506816K), 0.2602751 secs] [Times: user=0.27 sys=0.00, real=0.26 secs] 
2018-03-17T00:04:08.166+0500: 474.090: [GC (Allocation Failure) 2018-03-17T00:04:08.166+0500: 474.090: [DefNew: 157248K->157248K(157248K), 0.0000163 secs]2018-03-17T00:04:08.166+0500: 474.090: [Tenured: 262757K->205160K(349568K), 0.5647397 secs] 420005K->205160K(506816K), [Metaspace: 5350K->5350K(1056768K)], 0.5648278 secs] [Times: user=0.56 sys=0.00, real=0.57 secs] 
2018-03-17T00:04:08.759+0500: 474.682: [GC (Allocation Failure) 2018-03-17T00:04:08.759+0500: 474.682: [DefNew: 139776K->17472K(157248K), 0.2459449 secs] 344936K->344935K(506816K), 0.2460206 secs] [Times: user=0.23 sys=0.00, real=0.24 secs] 
2018-03-17T00:04:09.048+0500: 474.971: [GC (Allocation Failure) 2018-03-17T00:04:09.048+0500: 474.971: [DefNew: 157248K->157248K(157248K), 0.0000205 secs]2018-03-17T00:04:09.048+0500: 474.971: [Tenured: 327463K->55022K(349568K), 0.2639397 secs] 484711K->55022K(506816K), [Metaspace: 5350K->5350K(1056768K)], 0.2640693 secs] [Times: user=0.27 sys=0.00, real=0.26 secs] 
2018-03-17T00:04:09.348+0500: 475.272: [GC (Allocation Failure) 2018-03-17T00:04:09.348+0500: 475.272: [DefNew: 139776K->17472K(157248K), 0.3309628 secs] 194798K->194797K(506816K), 0.3310300 secs] [Times: user=0.34 sys=0.00, real=0.33 secs] 
2018-03-17T00:04:09.706+0500: 475.630: [GC (Allocation Failure) 2018-03-17T00:04:09.706+0500: 475.630: [DefNew: 157248K->17471K(157248K), 0.2684335 secs] 334573K->334572K(506816K), 0.2684981 secs] [Times: user=0.28 sys=0.00, real=0.27 secs] 
2018-03-17T00:04:10.002+0500: 475.926: [GC (Allocation Failure) 2018-03-17T00:04:10.002+0500: 475.926: [DefNew: 157247K->157247K(157248K), 0.0000163 secs]2018-03-17T00:04:10.002+0500: 475.926: [Tenured: 317100K->44659K(349568K), 0.2306161 secs] 474348K->44659K(506816K), [Metaspace: 5350K->5350K(1056768K)], 0.2307217 secs] [Times: user=0.24 sys=0.00, real=0.23 secs] 
2018-03-17T00:04:10.291+0500: 476.214: [GC (Allocation Failure) 2018-03-17T00:04:10.291+0500: 476.215: [DefNew: 139776K->17471K(157248K), 0.3084892 secs] 184435K->184434K(506816K), 0.3086316 secs] [Times: user=0.30 sys=0.00, real=0.31 secs] 
2018-03-17T00:04:10.631+0500: 476.555: [GC (Allocation Failure) 2018-03-17T00:04:10.631+0500: 476.555: [DefNew: 157247K->17472K(157248K), 0.3274702 secs] 324210K->324208K(506816K), 0.3275583 secs] [Times: user=0.31 sys=0.00, real=0.33 secs] 
2018-03-17T00:04:10.993+0500: 476.917: [GC (Allocation Failure) 2018-03-17T00:04:10.993+0500: 476.917: [DefNew: 157248K->157248K(157248K), 0.0000227 secs]2018-03-17T00:04:10.993+0500: 476.917: [Tenured: 306736K->34272K(349568K), 0.2249103 secs] 463984K->34272K(506816K), [Metaspace: 5350K->5350K(1056768K)], 0.2251126 secs] [Times: user=0.22 sys=0.00, real=0.22 secs] 
2018-03-17T00:04:11.259+0500: 477.183: [GC (Allocation Failure) 2018-03-17T00:04:11.259+0500: 477.183: [DefNew: 139776K->17472K(157248K), 0.3299951 secs] 174048K->174046K(506816K), 0.3300545 secs] [Times: user=0.33 sys=0.00, real=0.33 secs] 
2018-03-17T00:04:11.621+0500: 477.545: [GC (Allocation Failure) 2018-03-17T00:04:11.621+0500: 477.545: [DefNew: 157248K->17472K(157248K), 0.2968083 secs] 313822K->313821K(506816K), 0.2968733 secs] [Times: user=0.30 sys=0.00, real=0.30 secs] 
2018-03-17T00:04:11.947+0500: 477.871: [GC (Allocation Failure) 2018-03-17T00:04:11.947+0500: 477.871: [DefNew: 157248K->157248K(157248K), 0.0000197 secs]2018-03-17T00:04:11.947+0500: 477.871: [Tenured: 296349K->23908K(349568K), 0.1823310 secs] 453597K->23908K(506816K), [Metaspace: 5350K->5350K(1056768K)], 0.1825666 secs] [Times: user=0.17 sys=0.00, real=0.18 secs] 
2018-03-17T00:04:12.175+0500: 478.099: [GC (Allocation Failure) 2018-03-17T00:04:12.175+0500: 478.099: [DefNew: 139776K->17472K(157248K), 0.2857902 secs] 163684K->163683K(506816K), 0.2858916 secs] [Times: user=0.30 sys=0.00, real=0.29 secs] 
2018-03-17T00:04:12.495+0500: 478.419: [GC (Allocation Failure) 2018-03-17T00:04:12.495+0500: 478.419: [DefNew: 157248K->17472K(157248K), 0.2788237 secs] 303459K->303458K(506816K), 0.2788866 secs] [Times: user=0.28 sys=0.00, real=0.28 secs] 
2018-03-17T00:04:12.803+0500: 478.726: [GC (Allocation Failure) 2018-03-17T00:04:12.803+0500: 478.727: [DefNew: 146063K->146063K(157248K), 0.0000252 secs]2018-03-17T00:04:12.803+0500: 478.727: [Tenured: 285986K->715K(349568K), 0.1397234 secs] 432050K->715K(506816K), [Metaspace: 5350K->5350K(1056768K)], 0.1398346 secs] [Times: user=0.14 sys=0.00, real=0.14 secs] 
2018-03-17T00:04:12.969+0500: 478.893: [GC (Allocation Failure) 2018-03-17T00:04:12.969+0500: 478.893: [DefNew: 139776K->17472K(157248K), 0.2398059 secs] 140491K->140490K(506816K), 0.2398790 secs] [Times: user=0.23 sys=0.00, real=0.24 secs] 
2018-03-17T00:04:13.235+0500: 479.159: [GC (Allocation Failure) 2018-03-17T00:04:13.235+0500: 479.159: [DefNew: 157248K->17472K(157248K), 0.2719561 secs] 280266K->280229K(506816K), 0.2720181 secs] [Times: user=0.26 sys=0.00, real=0.27 secs] 
2018-03-17T00:04:13.535+0500: 479.459: [GC (Allocation Failure) 2018-03-17T00:04:13.535+0500: 479.459: [DefNew: 157248K->157248K(157248K), 0.0000167 secs]2018-03-17T00:04:13.535+0500: 479.459: [Tenured: 262757K->205160K(349568K), 0.4730811 secs] 420005K->205160K(506816K), [Metaspace: 5350K->5350K(1056768K)], 0.4731731 secs] [Times: user=0.48 sys=0.00, real=0.47 secs] 
2018-03-17T00:04:14.034+0500: 479.958: [GC (Allocation Failure) 2018-03-17T00:04:14.034+0500: 479.958: [DefNew: 139776K->17472K(157248K), 0.2243236 secs] 344936K->344935K(506816K), 0.2243950 secs] [Times: user=0.23 sys=0.00, real=0.23 secs] 
2018-03-17T00:04:14.285+0500: 480.209: [GC (Allocation Failure) 2018-03-17T00:04:14.285+0500: 480.209: [DefNew: 157248K->157248K(157248K), 0.0000158 secs]2018-03-17T00:04:14.285+0500: 480.209: [Tenured: 327463K->55022K(349568K), 0.2226591 secs] 484711K->55022K(506816K), [Metaspace: 5350K->5350K(1056768K)], 0.2227485 secs] [Times: user=0.23 sys=0.00, real=0.22 secs] 
2018-03-17T00:04:14.537+0500: 480.461: [GC (Allocation Failure) 2018-03-17T00:04:14.537+0500: 480.461: [DefNew: 139776K->17472K(157248K), 0.2560302 secs] 194798K->194797K(506816K), 0.2560914 secs] [Times: user=0.26 sys=0.00, real=0.26 secs] 
2018-03-17T00:04:14.819+0500: 480.743: [GC (Allocation Failure) 2018-03-17T00:04:14.819+0500: 480.743: [DefNew: 157248K->17471K(157248K), 0.2566003 secs] 334573K->334572K(506816K), 0.2566610 secs] [Times: user=0.25 sys=0.00, real=0.26 secs] 
2018-03-17T00:04:15.101+0500: 481.025: [GC (Allocation Failure) 2018-03-17T00:04:15.101+0500: 481.025: [DefNew: 157247K->157247K(157248K), 0.0000163 secs]2018-03-17T00:04:15.101+0500: 481.025: [Tenured: 317100K->44659K(349568K), 0.2112382 secs] 474348K->44659K(506816K), [Metaspace: 5350K->5350K(1056768K)], 0.2113272 secs] [Times: user=0.20 sys=0.00, real=0.21 secs] 
2018-03-17T00:04:15.345+0500: 481.269: [GC (Allocation Failure) 2018-03-17T00:04:15.345+0500: 481.269: [DefNew: 139776K->17471K(157248K), 0.2801165 secs] 184435K->184434K(506816K), 0.2801867 secs] [Times: user=0.28 sys=0.00, real=0.28 secs] 
2018-03-17T00:04:15.651+0500: 481.575: [GC (Allocation Failure) 2018-03-17T00:04:15.651+0500: 481.575: [DefNew: 157247K->17472K(157248K), 0.2523721 secs] 324210K->324208K(506816K), 0.2524350 secs] [Times: user=0.25 sys=0.00, real=0.25 secs] 
2018-03-17T00:04:15.929+0500: 481.853: [GC (Allocation Failure) 2018-03-17T00:04:15.929+0500: 481.853: [DefNew: 157248K->157248K(157248K), 0.0000163 secs]2018-03-17T00:04:15.929+0500: 481.853: [Tenured: 306736K->34272K(349568K), 0.1806610 secs] 463984K->34272K(506816K), [Metaspace: 5350K->5350K(1056768K)], 0.1807756 secs] [Times: user=0.17 sys=0.00, real=0.18 secs] 
2018-03-17T00:04:16.141+0500: 482.064: [GC (Allocation Failure) 2018-03-17T00:04:16.141+0500: 482.064: [DefNew: 139776K->17472K(157248K), 0.2570844 secs] 174048K->174046K(506816K), 0.2571725 secs] [Times: user=0.26 sys=0.00, real=0.26 secs] 
2018-03-17T00:04:16.423+0500: 482.347: [GC (Allocation Failure) 2018-03-17T00:04:16.423+0500: 482.347: [DefNew: 157248K->17472K(157248K), 0.2572533 secs] 313822K->313821K(506816K), 0.2573132 secs] [Times: user=0.26 sys=0.00, real=0.26 secs] 
2018-03-17T00:04:16.706+0500: 482.630: [GC (Allocation Failure) 2018-03-17T00:04:16.706+0500: 482.630: [DefNew: 157248K->157248K(157248K), 0.0000197 secs]2018-03-17T00:04:16.706+0500: 482.630: [Tenured: 296349K->23908K(349568K), 0.1579838 secs] 453597K->23908K(506816K), [Metaspace: 5350K->5350K(1056768K)], 0.1580899 secs] [Times: user=0.16 sys=0.00, real=0.16 secs] 
2018-03-17T00:04:16.893+0500: 482.817: [GC (Allocation Failure) 2018-03-17T00:04:16.893+0500: 482.817: [DefNew: 139776K->17472K(157248K), 0.2678882 secs] 163684K->163683K(506816K), 0.2679536 secs] [Times: user=0.26 sys=0.00, real=0.27 secs] 
2018-03-17T00:04:17.189+0500: 483.113: [GC (Allocation Failure) 2018-03-17T00:04:17.189+0500: 483.113: [DefNew: 157248K->17472K(157248K), 0.2603213 secs] 303459K->303458K(506816K), 0.2603923 secs] [Times: user=0.27 sys=0.00, real=0.26 secs] 
2018-03-17T00:04:17.484+0500: 483.407: [GC (Allocation Failure) 2018-03-17T00:04:17.484+0500: 483.407: [DefNew: 146063K->146063K(157248K), 0.0000227 secs]2018-03-17T00:04:17.484+0500: 483.407: [Tenured: 285986K->715K(349568K), 0.1444879 secs] 432050K->715K(506816K), [Metaspace: 5350K->5350K(1056768K)], 0.1446081 secs] [Times: user=0.14 sys=0.00, real=0.14 secs] 
2018-03-17T00:04:17.657+0500: 483.580: [GC (Allocation Failure) 2018-03-17T00:04:17.657+0500: 483.580: [DefNew: 139776K->17472K(157248K), 0.2319521 secs] 140491K->140490K(506816K), 0.2320136 secs] [Times: user=0.24 sys=0.00, real=0.23 secs] 
2018-03-17T00:04:17.914+0500: 483.838: [GC (Allocation Failure) 2018-03-17T00:04:17.914+0500: 483.838: [DefNew: 157248K->17472K(157248K), 0.2592462 secs] 280266K->280229K(506816K), 0.2593150 secs] [Times: user=0.25 sys=0.00, real=0.26 secs] 
2018-03-17T00:04:18.201+0500: 484.125: [GC (Allocation Failure) 2018-03-17T00:04:18.201+0500: 484.125: [DefNew: 157248K->157248K(157248K), 0.0000175 secs]2018-03-17T00:04:18.201+0500: 484.125: [Tenured: 262757K->205160K(349568K), 0.4760379 secs] 420005K->205160K(506816K), [Metaspace: 5350K->5350K(1056768K)], 0.4761384 secs] [Times: user=0.48 sys=0.00, real=0.48 secs] 
2018-03-17T00:04:18.703+0500: 484.626: [GC (Allocation Failure) 2018-03-17T00:04:18.703+0500: 484.626: [DefNew: 139776K->17472K(157248K), 0.2285240 secs] 344936K->344935K(506816K), 0.2285864 secs] [Times: user=0.23 sys=0.00, real=0.23 secs] 
2018-03-17T00:04:18.957+0500: 484.881: [GC (Allocation Failure) 2018-03-17T00:04:18.957+0500: 484.881: [DefNew: 157248K->157248K(157248K), 0.0000175 secs]2018-03-17T00:04:18.957+0500: 484.881: [Tenured: 327463K->55022K(349568K), 0.2233605 secs] 484711K->55022K(506816K), [Metaspace: 5350K->5350K(1056768K)], 0.2234541 secs] [Times: user=0.23 sys=0.00, real=0.22 secs] 
2018-03-17T00:04:19.209+0500: 485.133: [GC (Allocation Failure) 2018-03-17T00:04:19.209+0500: 485.133: [DefNew: 139776K->17472K(157248K), 0.2550924 secs] 194798K->194797K(506816K), 0.2551548 secs] [Times: user=0.25 sys=0.00, real=0.25 secs] 
2018-03-17T00:04:19.490+0500: 485.414: [GC (Allocation Failure) 2018-03-17T00:04:19.490+0500: 485.414: [DefNew: 157248K->17471K(157248K), 0.2521903 secs] 334573K->334572K(506816K), 0.2522605 secs] [Times: user=0.25 sys=0.00, real=0.25 secs] 
2018-03-17T00:04:19.767+0500: 485.692: [GC (Allocation Failure) 2018-03-17T00:04:19.767+0500: 485.692: [DefNew: 157247K->157247K(157248K), 0.0000163 secs]2018-03-17T00:04:19.767+0500: 485.692: [Tenured: 317100K->44659K(349568K), 0.2002202 secs] 474348K->44659K(506816K), [Metaspace: 5350K->5350K(1056768K)], 0.2003232 secs] [Times: user=0.20 sys=0.00, real=0.20 secs] 
2018-03-17T00:04:19.997+0500: 485.921: [GC (Allocation Failure) 2018-03-17T00:04:19.997+0500: 485.921: [DefNew: 139776K->17471K(157248K), 0.2745647 secs] 184435K->184434K(506816K), 0.2746289 secs] [Times: user=0.28 sys=0.00, real=0.28 secs] 
2018-03-17T00:04:20.297+0500: 486.221: [GC (Allocation Failure) 2018-03-17T00:04:20.297+0500: 486.221: [DefNew: 157247K->17472K(157248K), 0.2510006 secs] 324210K->324208K(506816K), 0.2510622 secs] [Times: user=0.25 sys=0.00, real=0.25 secs] 
2018-03-17T00:04:20.574+0500: 486.498: [GC (Allocation Failure) 2018-03-17T00:04:20.574+0500: 486.498: [DefNew: 157248K->157248K(157248K), 0.0000235 secs]2018-03-17T00:04:20.574+0500: 486.498: [Tenured: 306736K->34272K(349568K), 0.1772915 secs] 463984K->34272K(506816K), [Metaspace: 5350K->5350K(1056768K)], 0.1773912 secs] [Times: user=0.17 sys=0.00, real=0.18 secs] 
2018-03-17T00:04:20.781+0500: 486.705: [GC (Allocation Failure) 2018-03-17T00:04:20.781+0500: 486.705: [DefNew: 139776K->17472K(157248K), 0.2630690 secs] 174048K->174046K(506816K), 0.2631310 secs] [Times: user=0.27 sys=0.00, real=0.26 secs] 
2018-03-17T00:04:21.072+0500: 486.996: [GC (Allocation Failure) 2018-03-17T00:04:21.072+0500: 486.996: [DefNew: 157248K->17472K(157248K), 0.2599142 secs] 313822K->313821K(506816K), 0.2599822 secs] [Times: user=0.25 sys=0.00, real=0.26 secs] 
2018-03-17T00:04:21.358+0500: 487.281: [GC (Allocation Failure) 2018-03-17T00:04:21.358+0500: 487.281: [DefNew: 157248K->157248K(157248K), 0.0000167 secs]2018-03-17T00:04:21.358+0500: 487.281: [Tenured: 296349K->23908K(349568K), 0.1549847 secs] 453597K->23908K(506816K), [Metaspace: 5350K->5350K(1056768K)], 0.1550728 secs] [Times: user=0.16 sys=0.00, real=0.15 secs] 
2018-03-17T00:04:21.548+0500: 487.471: [GC (Allocation Failure) 2018-03-17T00:04:21.548+0500: 487.471: [DefNew: 139776K->17472K(157248K), 0.2549132 secs] 163684K->163683K(506816K), 0.2549744 secs] [Times: user=0.25 sys=0.00, real=0.25 secs] 
2018-03-17T00:04:21.828+0500: 487.752: [GC (Allocation Failure) 2018-03-17T00:04:21.828+0500: 487.752: [DefNew: 157248K->17472K(157248K), 0.2667772 secs] 303459K->303458K(506816K), 0.2668400 secs] [Times: user=0.27 sys=0.00, real=0.27 secs] 
2018-03-17T00:04:22.120+0500: 488.044: [GC (Allocation Failure) 2018-03-17T00:04:22.120+0500: 488.044: [DefNew: 146063K->146063K(157248K), 0.0000171 secs]2018-03-17T00:04:22.120+0500: 488.044: [Tenured: 285986K->715K(349568K), 0.1370262 secs] 432050K->715K(506816K), [Metaspace: 5350K->5350K(1056768K)], 0.1371139 secs] [Times: user=0.14 sys=0.00, real=0.14 secs] 
2018-03-17T00:04:22.283+0500: 488.207: [GC (Allocation Failure) 2018-03-17T00:04:22.283+0500: 488.207: [DefNew: 139776K->17472K(157248K), 0.2219672 secs] 140491K->140490K(506816K), 0.2220386 secs] [Times: user=0.22 sys=0.00, real=0.22 secs] 
2018-03-17T00:04:22.530+0500: 488.454: [GC (Allocation Failure) 2018-03-17T00:04:22.530+0500: 488.454: [DefNew: 157248K->17472K(157248K), 0.2590520 secs] 280266K->280229K(506816K), 0.2591115 secs] [Times: user=0.27 sys=0.00, real=0.26 secs] 
2018-03-17T00:04:22.819+0500: 488.742: [GC (Allocation Failure) 2018-03-17T00:04:22.819+0500: 488.742: [DefNew: 157248K->157248K(157248K), 0.0000252 secs]2018-03-17T00:04:22.819+0500: 488.742: [Tenured: 262757K->205160K(349568K), 0.4736089 secs] 420005K->205160K(506816K), [Metaspace: 5350K->5350K(1056768K)], 0.4737119 secs] [Times: user=0.47 sys=0.00, real=0.47 secs] 
2018-03-17T00:04:23.320+0500: 489.244: [GC (Allocation Failure) 2018-03-17T00:04:23.321+0500: 489.244: [DefNew: 139776K->17472K(157248K), 0.2518409 secs] 344936K->344935K(506816K), 0.2519102 secs] [Times: user=0.23 sys=0.00, real=0.25 secs] 
2018-03-17T00:04:23.603+0500: 489.527: [GC (Allocation Failure) 2018-03-17T00:04:23.603+0500: 489.527: [DefNew: 157248K->157248K(157248K), 0.0000154 secs]2018-03-17T00:04:23.603+0500: 489.527: [Tenured: 327463K->55022K(349568K), 0.2335100 secs] 484711K->55022K(506816K), [Metaspace: 5350K->5350K(1056768K)], 0.2335998 secs] [Times: user=0.23 sys=0.00, real=0.23 secs] 
2018-03-17T00:04:23.865+0500: 489.790: [GC (Allocation Failure) 2018-03-17T00:04:23.865+0500: 489.790: [DefNew: 139776K->17472K(157248K), 0.3016532 secs] 194798K->194797K(506816K), 0.3017216 secs] [Times: user=0.30 sys=0.00, real=0.30 secs] 
2018-03-17T00:04:24.207+0500: 490.130: [GC (Allocation Failure) 2018-03-17T00:04:24.207+0500: 490.130: [DefNew: 157248K->17471K(157248K), 0.2740712 secs] 334573K->334572K(506816K), 0.2741375 secs] [Times: user=0.28 sys=0.00, real=0.27 secs] 
2018-03-17T00:04:24.511+0500: 490.434: [GC (Allocation Failure) 2018-03-17T00:04:24.511+0500: 490.434: [DefNew: 157247K->157247K(157248K), 0.0000227 secs]2018-03-17T00:04:24.511+0500: 490.434: [Tenured: 317100K->44659K(349568K), 0.2340959 secs] 474348K->44659K(506816K), [Metaspace: 5350K->5350K(1056768K)], 0.2342195 secs] [Times: user=0.23 sys=0.00, real=0.23 secs] 
2018-03-17T00:04:24.779+0500: 490.703: [GC (Allocation Failure) 2018-03-17T00:04:24.779+0500: 490.703: [DefNew: 139776K->17471K(157248K), 0.2719561 secs] 184435K->184434K(506816K), 0.2720950 secs] [Times: user=0.26 sys=0.00, real=0.27 secs] 
2018-03-17T00:04:25.079+0500: 491.004: [GC (Allocation Failure) 2018-03-17T00:04:25.079+0500: 491.004: [DefNew: 157247K->17472K(157248K), 0.2664804 secs] 324210K->324208K(506816K), 0.2665424 secs] [Times: user=0.27 sys=0.00, real=0.27 secs] 
2018-03-17T00:04:25.375+0500: 491.299: [GC (Allocation Failure) 2018-03-17T00:04:25.375+0500: 491.299: [DefNew: 157248K->157248K(157248K), 0.0000154 secs]2018-03-17T00:04:25.375+0500: 491.299: [Tenured: 306736K->34272K(349568K), 0.2033737 secs] 463984K->34272K(506816K), [Metaspace: 5350K->5350K(1056768K)], 0.2034613 secs] [Times: user=0.20 sys=0.00, real=0.20 secs] 
2018-03-17T00:04:25.611+0500: 491.534: [GC (Allocation Failure) 2018-03-17T00:04:25.611+0500: 491.534: [DefNew: 139776K->17472K(157248K), 0.2729854 secs] 174048K->174046K(506816K), 0.2730479 secs] [Times: user=0.28 sys=0.00, real=0.27 secs] 
2018-03-17T00:04:25.909+0500: 491.833: [GC (Allocation Failure) 2018-03-17T00:04:25.909+0500: 491.833: [DefNew: 157248K->17472K(157248K), 0.2516134 secs] 313822K->313821K(506816K), 0.2516754 secs] [Times: user=0.25 sys=0.00, real=0.25 secs] 
2018-03-17T00:04:26.186+0500: 492.110: [GC (Allocation Failure) 2018-03-17T00:04:26.186+0500: 492.110: [DefNew: 157248K->157248K(157248K), 0.0000171 secs]2018-03-17T00:04:26.186+0500: 492.110: [Tenured: 296349K->23908K(349568K), 0.1541294 secs] 453597K->23908K(506816K), [Metaspace: 5350K->5350K(1056768K)], 0.1542187 secs] [Times: user=0.16 sys=0.00, real=0.15 secs] 
2018-03-17T00:04:26.368+0500: 492.292: [GC (Allocation Failure) 2018-03-17T00:04:26.368+0500: 492.292: [DefNew: 139776K->17472K(157248K), 0.2588245 secs] 163684K->163683K(506816K), 0.2588882 secs] [Times: user=0.25 sys=0.00, real=0.26 secs] 
2018-03-17T00:04:26.652+0500: 492.576: [GC (Allocation Failure) 2018-03-17T00:04:26.652+0500: 492.576: [DefNew: 157248K->17472K(157248K), 0.2534515 secs] 303459K->303458K(506816K), 0.2535118 secs] [Times: user=0.23 sys=0.00, real=0.25 secs] 
2018-03-17T00:04:26.932+0500: 492.855: [GC (Allocation Failure) 2018-03-17T00:04:26.932+0500: 492.855: [DefNew: 146063K->146063K(157248K), 0.0000154 secs]2018-03-17T00:04:26.932+0500: 492.855: [Tenured: 285986K->715K(349568K), 0.1374385 secs] 432050K->715K(506816K), [Metaspace: 5350K->5350K(1056768K)], 0.1375308 secs] [Times: user=0.14 sys=0.00, real=0.14 secs] 
2018-03-17T00:04:27.095+0500: 493.019: [GC (Allocation Failure) 2018-03-17T00:04:27.095+0500: 493.019: [DefNew: 139776K->17472K(157248K), 0.2276426 secs] 140491K->140490K(506816K), 0.2277029 secs] [Times: user=0.24 sys=0.00, real=0.23 secs] 
2018-03-17T00:04:27.348+0500: 493.272: [GC (Allocation Failure) 2018-03-17T00:04:27.348+0500: 493.272: [DefNew: 157248K->17472K(157248K), 0.2565716 secs] 280266K->280229K(506816K), 0.2566324 secs] [Times: user=0.25 sys=0.00, real=0.26 secs] 
2018-03-17T00:04:27.633+0500: 493.557: [GC (Allocation Failure) 2018-03-17T00:04:27.633+0500: 493.557: [DefNew: 157248K->157248K(157248K), 0.0000171 secs]2018-03-17T00:04:27.633+0500: 493.557: [Tenured: 262757K->205160K(349568K), 0.4703719 secs] 420005K->205160K(506816K), [Metaspace: 5350K->5350K(1056768K)], 0.4704690 secs] [Times: user=0.47 sys=0.00, real=0.47 secs] 
2018-03-17T00:04:28.128+0500: 494.053: [GC (Allocation Failure) 2018-03-17T00:04:28.128+0500: 494.053: [DefNew: 139776K->17472K(157248K), 0.2241936 secs] 344936K->344935K(506816K), 0.2242573 secs] [Times: user=0.23 sys=0.00, real=0.22 secs] 
2018-03-17T00:04:28.380+0500: 494.303: [GC (Allocation Failure) 2018-03-17T00:04:28.380+0500: 494.303: [DefNew: 157248K->157248K(157248K), 0.0000192 secs]2018-03-17T00:04:28.380+0500: 494.303: [Tenured: 327463K->55022K(349568K), 0.2232023 secs] 484711K->55022K(506816K), [Metaspace: 5350K->5350K(1056768K)], 0.2233169 secs] [Times: user=0.22 sys=0.00, real=0.22 secs] 
2018-03-17T00:04:28.632+0500: 494.555: [GC (Allocation Failure) 2018-03-17T00:04:28.632+0500: 494.555: [DefNew: 139776K->17472K(157248K), 0.2577627 secs] 194798K->194797K(506816K), 0.2578324 secs] [Times: user=0.25 sys=0.00, real=0.26 secs] 
2018-03-17T00:04:28.915+0500: 494.839: [GC (Allocation Failure) 2018-03-17T00:04:28.915+0500: 494.839: [DefNew: 157248K->17471K(157248K), 0.2745374 secs] 334573K->334572K(506816K), 0.2746032 secs] [Times: user=0.25 sys=0.00, real=0.27 secs] 
2018-03-17T00:04:29.216+0500: 495.140: [GC (Allocation Failure) 2018-03-17T00:04:29.216+0500: 495.140: [DefNew: 157247K->157247K(157248K), 0.0000274 secs]2018-03-17T00:04:29.216+0500: 495.140: [Tenured: 317100K->44659K(349568K), 0.2106814 secs] 474348K->44659K(506816K), [Metaspace: 5350K->5350K(1056768K)], 0.2107879 secs] [Times: user=0.20 sys=0.00, real=0.21 secs] 
2018-03-17T00:04:29.458+0500: 495.383: [GC (Allocation Failure) 2018-03-17T00:04:29.459+0500: 495.383: [DefNew: 139776K->17471K(157248K), 0.3047768 secs] 184435K->184434K(506816K), 0.3048516 secs] [Times: user=0.30 sys=0.02, real=0.31 secs] 
2018-03-17T00:04:29.791+0500: 495.714: [GC (Allocation Failure) 2018-03-17T00:04:29.791+0500: 495.714: [DefNew: 157247K->17472K(157248K), 0.2532864 secs] 324210K->324208K(506816K), 0.2533506 secs] [Times: user=0.25 sys=0.00, real=0.25 secs] 
2018-03-17T00:04:30.073+0500: 495.997: [GC (Allocation Failure) 2018-03-17T00:04:30.073+0500: 495.997: [DefNew: 157248K->157248K(157248K), 0.0000295 secs]2018-03-17T00:04:30.073+0500: 495.997: [Tenured: 306736K->34272K(349568K), 0.2005982 secs] 463984K->34272K(506816K), [Metaspace: 5350K->5350K(1056768K)], 0.2007329 secs] [Times: user=0.20 sys=0.00, real=0.20 secs] 
2018-03-17T00:04:30.309+0500: 496.232: [GC (Allocation Failure) 2018-03-17T00:04:30.309+0500: 496.232: [DefNew: 139776K->17472K(157248K), 0.2774856 secs] 174048K->174046K(506816K), 0.2775592 secs] [Times: user=0.28 sys=0.00, real=0.28 secs] 
2018-03-17T00:04:30.612+0500: 496.536: [GC (Allocation Failure) 2018-03-17T00:04:30.612+0500: 496.536: [DefNew: 157248K->17472K(157248K), 0.2535571 secs] 313822K->313821K(506816K), 0.2536174 secs] [Times: user=0.26 sys=0.00, real=0.25 secs] 
2018-03-17T00:04:30.892+0500: 496.816: [GC (Allocation Failure) 2018-03-17T00:04:30.892+0500: 496.816: [DefNew: 157248K->157248K(157248K), 0.0000338 secs]2018-03-17T00:04:30.892+0500: 496.816: [Tenured: 296349K->23908K(349568K), 0.1597928 secs] 453597K->23908K(506816K), [Metaspace: 5350K->5350K(1056768K)], 0.1599288 secs] [Times: user=0.16 sys=0.00, real=0.16 secs] 
2018-03-17T00:04:31.081+0500: 497.006: [GC (Allocation Failure) 2018-03-17T00:04:31.081+0500: 497.006: [DefNew: 139776K->17472K(157248K), 0.2798514 secs] 163684K->163683K(506816K), 0.2799224 secs] [Times: user=0.28 sys=0.00, real=0.28 secs] 
2018-03-17T00:04:31.393+0500: 497.317: [GC (Allocation Failure) 2018-03-17T00:04:31.393+0500: 497.317: [DefNew: 157248K->17472K(157248K), 0.3034737 secs] 303459K->303458K(506816K), 0.3035434 secs] [Times: user=0.31 sys=0.00, real=0.30 secs] 
2018-03-17T00:04:31.724+0500: 497.648: [GC (Allocation Failure) 2018-03-17T00:04:31.724+0500: 497.648: [DefNew: 146063K->146063K(157248K), 0.0000158 secs]2018-03-17T00:04:31.724+0500: 497.648: [Tenured: 285986K->715K(349568K), 0.1365100 secs] 432050K->715K(506816K), [Metaspace: 5350K->5350K(1056768K)], 0.1366054 secs] [Times: user=0.14 sys=0.00, real=0.14 secs] 
2018-03-17T00:04:31.886+0500: 497.810: [GC (Allocation Failure) 2018-03-17T00:04:31.886+0500: 497.810: [DefNew: 139776K->17472K(157248K), 0.2265191 secs] 140491K->140490K(506816K), 0.2265807 secs] [Times: user=0.22 sys=0.00, real=0.23 secs] 
2018-03-17T00:04:32.142+0500: 498.067: [GC (Allocation Failure) 2018-03-17T00:04:32.142+0500: 498.067: [DefNew: 157248K->17472K(157248K), 0.2803543 secs] 280266K->280229K(506816K), 0.2804292 secs] [Times: user=0.28 sys=0.00, real=0.28 secs] 
2018-03-17T00:04:32.478+0500: 498.402: [GC (Allocation Failure) 2018-03-17T00:04:32.478+0500: 498.402: [DefNew: 157248K->157248K(157248K), 0.0000364 secs]2018-03-17T00:04:32.478+0500: 498.402: [Tenured: 262757K->205160K(349568K), 0.4951151 secs] 420005K->205160K(506816K), [Metaspace: 5350K->5350K(1056768K)], 0.4952545 secs] [Times: user=0.48 sys=0.00, real=0.50 secs] 
2018-03-17T00:04:32.999+0500: 498.923: [GC (Allocation Failure) 2018-03-17T00:04:32.999+0500: 498.923: [DefNew: 139776K->17472K(157248K), 0.2257755 secs] 344936K->344935K(506816K), 0.2258379 secs] [Times: user=0.24 sys=0.00, real=0.23 secs] 
2018-03-17T00:04:33.251+0500: 499.175: [GC (Allocation Failure) 2018-03-17T00:04:33.251+0500: 499.175: [DefNew: 157248K->157248K(157248K), 0.0000158 secs]2018-03-17T00:04:33.251+0500: 499.175: [Tenured: 327463K->55022K(349568K), 0.2217957 secs] 484711K->55022K(506816K), [Metaspace: 5350K->5350K(1056768K)], 0.2218847 secs] [Times: user=0.22 sys=0.00, real=0.22 secs] 
2018-03-17T00:04:33.504+0500: 499.428: [GC (Allocation Failure) 2018-03-17T00:04:33.504+0500: 499.428: [DefNew: 139776K->17472K(157248K), 0.2902134 secs] 194798K->194797K(506816K), 0.2902883 secs] [Times: user=0.30 sys=0.00, real=0.29 secs] 
2018-03-17T00:04:33.825+0500: 499.749: [GC (Allocation Failure) 2018-03-17T00:04:33.825+0500: 499.749: [DefNew: 157248K->17471K(157248K), 0.2698529 secs] 334573K->334572K(506816K), 0.2699200 secs] [Times: user=0.27 sys=0.00, real=0.27 secs] 
2018-03-17T00:04:34.127+0500: 500.050: [GC (Allocation Failure) 2018-03-17T00:04:34.127+0500: 500.050: [DefNew: 157247K->157247K(157248K), 0.0000171 secs]2018-03-17T00:04:34.127+0500: 500.051: [Tenured: 317100K->44659K(349568K), 0.2044223 secs] 474348K->44659K(506816K), [Metaspace: 5350K->5350K(1056768K)], 0.2045155 secs] [Times: user=0.20 sys=0.00, real=0.20 secs] 
2018-03-17T00:04:34.361+0500: 500.285: [GC (Allocation Failure) 2018-03-17T00:04:34.362+0500: 500.285: [DefNew: 139776K->17471K(157248K), 0.2668730 secs] 184435K->184434K(506816K), 0.2669594 secs] [Times: user=0.25 sys=0.00, real=0.27 secs] 
2018-03-17T00:04:34.656+0500: 500.580: [GC (Allocation Failure) 2018-03-17T00:04:34.656+0500: 500.580: [DefNew: 157247K->17472K(157248K), 0.2606459 secs] 324210K->324208K(506816K), 0.2607058 secs] [Times: user=0.26 sys=0.00, real=0.26 secs] 
2018-03-17T00:04:34.944+0500: 500.869: [GC (Allocation Failure) 2018-03-17T00:04:34.945+0500: 500.869: [DefNew: 157248K->157248K(157248K), 0.0000261 secs]2018-03-17T00:04:34.945+0500: 500.869: [Tenured: 306736K->34272K(349568K), 0.1818789 secs] 463984K->34272K(506816K), [Metaspace: 5350K->5350K(1056768K)], 0.1819995 secs] [Times: user=0.17 sys=0.00, real=0.18 secs] 
2018-03-17T00:04:35.156+0500: 501.080: [GC (Allocation Failure) 2018-03-17T00:04:35.156+0500: 501.080: [DefNew: 139776K->17472K(157248K), 0.2805078 secs] 174048K->174046K(506816K), 0.2805664 secs] [Times: user=0.28 sys=0.00, real=0.28 secs] 
2018-03-17T00:04:35.462+0500: 501.386: [GC (Allocation Failure) 2018-03-17T00:04:35.462+0500: 501.386: [DefNew: 157248K->17472K(157248K), 0.2604842 secs] 313822K->313821K(506816K), 0.2605458 secs] [Times: user=0.25 sys=0.00, real=0.26 secs] 
2018-03-17T00:04:35.749+0500: 501.673: [GC (Allocation Failure) 2018-03-17T00:04:35.749+0500: 501.673: [DefNew: 157248K->157248K(157248K), 0.0000154 secs]2018-03-17T00:04:35.749+0500: 501.673: [Tenured: 296349K->23908K(349568K), 0.1563775 secs] 453597K->23908K(506816K), [Metaspace: 5350K->5350K(1056768K)], 0.1564691 secs] [Times: user=0.16 sys=0.00, real=0.16 secs] 
2018-03-17T00:04:35.934+0500: 501.858: [GC (Allocation Failure) 2018-03-17T00:04:35.934+0500: 501.858: [DefNew: 139776K->17472K(157248K), 0.2567992 secs] 163684K->163683K(506816K), 0.2568625 secs] [Times: user=0.25 sys=0.00, real=0.26 secs] 
2018-03-17T00:04:36.216+0500: 502.140: [GC (Allocation Failure) 2018-03-17T00:04:36.216+0500: 502.140: [DefNew: 157248K->17472K(157248K), 0.2536148 secs] 303459K->303458K(506816K), 0.2536769 secs] [Times: user=0.25 sys=0.00, real=0.25 secs] 
2018-03-17T00:04:36.495+0500: 502.419: [GC (Allocation Failure) 2018-03-17T00:04:36.495+0500: 502.419: [DefNew: 146063K->146063K(157248K), 0.0000214 secs]2018-03-17T00:04:36.495+0500: 502.419: [Tenured: 285986K->715K(349568K), 0.1362539 secs] 432050K->715K(506816K), [Metaspace: 5350K->5350K(1056768K)], 0.1363475 secs] [Times: user=0.13 sys=0.00, real=0.14 secs] 
2018-03-17T00:04:36.657+0500: 502.581: [GC (Allocation Failure) 2018-03-17T00:04:36.657+0500: 502.581: [DefNew: 139776K->17472K(157248K), 0.2260923 secs] 140491K->140490K(506816K), 0.2261552 secs] [Times: user=0.24 sys=0.00, real=0.23 secs] 
2018-03-17T00:04:36.911+0500: 502.834: [GC (Allocation Failure) 2018-03-17T00:04:36.911+0500: 502.834: [DefNew: 157248K->17472K(157248K), 0.2745703 secs] 280266K->280229K(506816K), 0.2746353 secs] [Times: user=0.28 sys=0.00, real=0.27 secs] 
2018-03-17T00:04:37.214+0500: 503.138: [GC (Allocation Failure) 2018-03-17T00:04:37.214+0500: 503.138: [DefNew: 157248K->157248K(157248K), 0.0000308 secs]2018-03-17T00:04:37.214+0500: 503.138: [Tenured: 262757K->205160K(349568K), 0.4919150 secs] 420005K->205160K(506816K), [Metaspace: 5350K->5350K(1056768K)], 0.4920489 secs] [Times: user=0.48 sys=0.00, real=0.49 secs] 
2018-03-17T00:04:37.732+0500: 503.656: [GC (Allocation Failure) 2018-03-17T00:04:37.732+0500: 503.656: [DefNew: 139776K->17472K(157248K), 0.2508368 secs] 344936K->344935K(506816K), 0.2509005 secs] [Times: user=0.25 sys=0.00, real=0.25 secs] 
2018-03-17T00:04:38.009+0500: 503.933: [GC (Allocation Failure) 2018-03-17T00:04:38.009+0500: 503.933: [DefNew: 157248K->157248K(157248K), 0.0000192 secs]2018-03-17T00:04:38.009+0500: 503.933: [Tenured: 327463K->55022K(349568K), 0.2261830 secs] 484711K->55022K(506816K), [Metaspace: 5350K->5350K(1056768K)], 0.2262903 secs] [Times: user=0.22 sys=0.00, real=0.23 secs] 
2018-03-17T00:04:38.265+0500: 504.188: [GC (Allocation Failure) 2018-03-17T00:04:38.265+0500: 504.188: [DefNew: 139776K->17472K(157248K), 0.2559250 secs] 194798K->194797K(506816K), 0.2560050 secs] [Times: user=0.22 sys=0.00, real=0.26 secs] 
2018-03-17T00:04:38.547+0500: 504.470: [GC (Allocation Failure) 2018-03-17T00:04:38.547+0500: 504.470: [DefNew: 157248K->17471K(157248K), 0.2493165 secs] 334573K->334572K(506816K), 0.2493939 secs] [Times: user=0.25 sys=0.00, real=0.25 secs] 
2018-03-17T00:04:38.821+0500: 504.745: [GC (Allocation Failure) 2018-03-17T00:04:38.821+0500: 504.745: [DefNew: 157247K->157247K(157248K), 0.0000158 secs]2018-03-17T00:04:38.821+0500: 504.745: [Tenured: 317100K->44659K(349568K), 0.1985228 secs] 474348K->44659K(506816K), [Metaspace: 5350K->5350K(1056768K)], 0.1986139 secs] [Times: user=0.19 sys=0.00, real=0.20 secs] 
2018-03-17T00:04:39.049+0500: 504.973: [GC (Allocation Failure) 2018-03-17T00:04:39.049+0500: 504.973: [DefNew: 139776K->17471K(157248K), 0.2575685 secs] 184435K->184434K(506816K), 0.2576288 secs] [Times: user=0.26 sys=0.00, real=0.26 secs] 
2018-03-17T00:04:39.332+0500: 505.256: [GC (Allocation Failure) 2018-03-17T00:04:39.332+0500: 505.256: [DefNew: 157247K->17472K(157248K), 0.2525132 secs] 324210K->324208K(506816K), 0.2525731 secs] [Times: user=0.26 sys=0.00, real=0.25 secs] 
2018-03-17T00:04:39.611+0500: 505.534: [GC (Allocation Failure) 2018-03-17T00:04:39.611+0500: 505.534: [DefNew: 157248K->157248K(157248K), 0.0000163 secs]2018-03-17T00:04:39.611+0500: 505.534: [Tenured: 306736K->34272K(349568K), 0.1773612 secs] 463984K->34272K(506816K), [Metaspace: 5350K->5350K(1056768K)], 0.1774540 secs] [Times: user=0.19 sys=0.00, real=0.18 secs] 
2018-03-17T00:04:39.817+0500: 505.740: [GC (Allocation Failure) 2018-03-17T00:04:39.817+0500: 505.741: [DefNew: 139776K->17472K(157248K), 0.2544945 secs] 174048K->174046K(506816K), 0.2545557 secs] [Times: user=0.27 sys=0.00, real=0.25 secs] 
2018-03-17T00:04:40.097+0500: 506.020: [GC (Allocation Failure) 2018-03-17T00:04:40.097+0500: 506.020: [DefNew: 157248K->17472K(157248K), 0.2528904 secs] 313822K->313821K(506816K), 0.2529528 secs] [Times: user=0.25 sys=0.00, real=0.25 secs] 
2018-03-17T00:04:40.375+0500: 506.299: [GC (Allocation Failure) 2018-03-17T00:04:40.375+0500: 506.299: [DefNew: 157248K->157248K(157248K), 0.0000167 secs]2018-03-17T00:04:40.375+0500: 506.299: [Tenured: 296349K->23908K(349568K), 0.1555971 secs] 453597K->23908K(506816K), [Metaspace: 5350K->5350K(1056768K)], 0.1556873 secs] [Times: user=0.16 sys=0.00, real=0.15 secs] 
2018-03-17T00:04:40.559+0500: 506.483: [GC (Allocation Failure) 2018-03-17T00:04:40.559+0500: 506.483: [DefNew: 139776K->17472K(157248K), 0.2556757 secs] 163684K->163683K(506816K), 0.2557360 secs] [Times: user=0.25 sys=0.00, real=0.25 secs] 
2018-03-17T00:04:40.840+0500: 506.764: [GC (Allocation Failure) 2018-03-17T00:04:40.840+0500: 506.764: [DefNew: 157248K->17472K(157248K), 0.2536542 secs] 303459K->303458K(506816K), 0.2537252 secs] [Times: user=0.25 sys=0.00, real=0.25 secs] 
2018-03-17T00:04:41.120+0500: 507.043: [GC (Allocation Failure) 2018-03-17T00:04:41.120+0500: 507.043: [DefNew: 146063K->146063K(157248K), 0.0000158 secs]2018-03-17T00:04:41.120+0500: 507.043: [Tenured: 285986K->715K(349568K), 0.1355974 secs] 432050K->715K(506816K), [Metaspace: 5350K->5350K(1056768K)], 0.1357048 secs] [Times: user=0.13 sys=0.00, real=0.14 secs] 
2018-03-17T00:04:41.281+0500: 507.205: [GC (Allocation Failure) 2018-03-17T00:04:41.281+0500: 507.205: [DefNew: 139776K->17472K(157248K), 0.2216961 secs] 140491K->140490K(506816K), 0.2217679 secs] [Times: user=0.22 sys=0.00, real=0.22 secs] 
2018-03-17T00:04:41.528+0500: 507.452: [GC (Allocation Failure) 2018-03-17T00:04:41.528+0500: 507.452: [DefNew: 157248K->17472K(157248K), 0.2551565 secs] 280266K->280229K(506816K), 0.2552190 secs] [Times: user=0.25 sys=0.00, real=0.25 secs] 
2018-03-17T00:04:41.812+0500: 507.736: [GC (Allocation Failure) 2018-03-17T00:04:41.812+0500: 507.736: [DefNew: 157248K->157248K(157248K), 0.0000167 secs]2018-03-17T00:04:41.812+0500: 507.736: [Tenured: 262757K->205160K(349568K), 0.4711456 secs] 420005K->205160K(506816K), [Metaspace: 5350K->5350K(1056768K)], 0.4712362 secs] [Times: user=0.47 sys=0.00, real=0.47 secs] 
2018-03-17T00:04:42.308+0500: 508.233: [GC (Allocation Failure) 2018-03-17T00:04:42.308+0500: 508.233: [DefNew: 139776K->17472K(157248K), 0.2229547 secs] 344936K->344935K(506816K), 0.2230167 secs] [Times: user=0.22 sys=0.00, real=0.22 secs] 
2018-03-17T00:04:42.560+0500: 508.483: [GC (Allocation Failure) 2018-03-17T00:04:42.560+0500: 508.483: [DefNew: 157248K->157248K(157248K), 0.0000167 secs]2018-03-17T00:04:42.560+0500: 508.483: [Tenured: 327463K->55022K(349568K), 0.2211910 secs] 484711K->55022K(506816K), [Metaspace: 5350K->5350K(1056768K)], 0.2212804 secs] [Times: user=0.22 sys=0.00, real=0.22 secs] 
2018-03-17T00:04:42.810+0500: 508.734: [GC (Allocation Failure) 2018-03-17T00:04:42.810+0500: 508.734: [DefNew: 139776K->17472K(157248K), 0.2544787 secs] 194798K->194797K(506816K), 0.2545843 secs] [Times: user=0.25 sys=0.00, real=0.26 secs] 
2018-03-17T00:04:43.090+0500: 509.014: [GC (Allocation Failure) 2018-03-17T00:04:43.090+0500: 509.014: [DefNew: 157248K->17471K(157248K), 0.2526107 secs] 334573K->334572K(506816K), 0.2526706 secs] [Times: user=0.25 sys=0.00, real=0.25 secs] 
2018-03-17T00:04:43.368+0500: 509.293: [GC (Allocation Failure) 2018-03-17T00:04:43.368+0500: 509.293: [DefNew: 157247K->157247K(157248K), 0.0000269 secs]2018-03-17T00:04:43.369+0500: 509.293: [Tenured: 317100K->44659K(349568K), 0.1996013 secs] 474348K->44659K(506816K), [Metaspace: 5350K->5350K(1056768K)], 0.1997117 secs] [Times: user=0.20 sys=0.00, real=0.20 secs] 
2018-03-17T00:04:43.597+0500: 509.521: [GC (Allocation Failure) 2018-03-17T00:04:43.597+0500: 509.521: [DefNew: 139776K->17471K(157248K), 0.2552622 secs] 184435K->184434K(506816K), 0.2553212 secs] [Times: user=0.27 sys=0.00, real=0.26 secs] 
2018-03-17T00:04:43.879+0500: 509.802: [GC (Allocation Failure) 2018-03-17T00:04:43.879+0500: 509.802: [DefNew: 157247K->17472K(157248K), 0.2517105 secs] 324210K->324208K(506816K), 0.2517708 secs] [Times: user=0.25 sys=0.00, real=0.25 secs] 
2018-03-17T00:04:44.156+0500: 510.080: [GC (Allocation Failure) 2018-03-17T00:04:44.156+0500: 510.080: [DefNew: 157248K->157248K(157248K), 0.0000133 secs]2018-03-17T00:04:44.156+0500: 510.080: [Tenured: 306736K->34272K(349568K), 0.1758614 secs] 463984K->34272K(506816K), [Metaspace: 5350K->5350K(1056768K)], 0.1760278 secs] [Times: user=0.17 sys=0.00, real=0.18 secs] 
2018-03-17T00:04:44.361+0500: 510.285: [GC (Allocation Failure) 2018-03-17T00:04:44.361+0500: 510.285: [DefNew: 139776K->17472K(157248K), 0.2563356 secs] 174048K->174046K(506816K), 0.2564703 secs] [Times: user=0.27 sys=0.00, real=0.26 secs] 
2018-03-17T00:04:44.642+0500: 510.566: [GC (Allocation Failure) 2018-03-17T00:04:44.642+0500: 510.566: [DefNew: 157248K->17472K(157248K), 0.2518063 secs] 313822K->313821K(506816K), 0.2518675 secs] [Times: user=0.25 sys=0.00, real=0.25 secs] 
2018-03-17T00:04:44.919+0500: 510.844: [GC (Allocation Failure) 2018-03-17T00:04:44.920+0500: 510.844: [DefNew: 157248K->157248K(157248K), 0.0000334 secs]2018-03-17T00:04:44.920+0500: 510.844: [Tenured: 296349K->23908K(349568K), 0.1590264 secs] 453597K->23908K(506816K), [Metaspace: 5350K->5350K(1056768K)], 0.1591504 secs] [Times: user=0.16 sys=0.00, real=0.16 secs] 
2018-03-17T00:04:45.106+0500: 511.031: [GC (Allocation Failure) 2018-03-17T00:04:45.106+0500: 511.031: [DefNew: 139776K->17472K(157248K), 0.2618728 secs] 163684K->163683K(506816K), 0.2619327 secs] [Times: user=0.27 sys=0.00, real=0.26 secs] 
2018-03-17T00:04:45.394+0500: 511.318: [GC (Allocation Failure) 2018-03-17T00:04:45.394+0500: 511.318: [DefNew: 157248K->17472K(157248K), 0.2601819 secs] 303459K->303458K(506816K), 0.2602435 secs] [Times: user=0.27 sys=0.00, real=0.26 secs] 
2018-03-17T00:04:45.680+0500: 511.604: [GC (Allocation Failure) 2018-03-17T00:04:45.680+0500: 511.604: [DefNew: 146063K->146063K(157248K), 0.0000163 secs]2018-03-17T00:04:45.680+0500: 511.604: [Tenured: 285986K->715K(349568K), 0.1365246 secs] 432050K->715K(506816K), [Metaspace: 5350K->5350K(1056768K)], 0.1366063 secs] [Times: user=0.13 sys=0.00, real=0.14 secs] 
2018-03-17T00:04:45.842+0500: 511.766: [GC (Allocation Failure) 2018-03-17T00:04:45.842+0500: 511.766: [DefNew: 139776K->17472K(157248K), 0.2217508 secs] 140491K->140490K(506816K), 0.2218107 secs] [Times: user=0.22 sys=0.00, real=0.22 secs] 
2018-03-17T00:04:46.089+0500: 512.013: [GC (Allocation Failure) 2018-03-17T00:04:46.089+0500: 512.013: [DefNew: 157248K->17472K(157248K), 0.2560970 secs] 280266K->280229K(506816K), 0.2561568 secs] [Times: user=0.25 sys=0.00, real=0.26 secs] 
2018-03-17T00:04:46.374+0500: 512.298: [GC (Allocation Failure) 2018-03-17T00:04:46.374+0500: 512.298: [DefNew: 157248K->157248K(157248K), 0.0000167 secs]2018-03-17T00:04:46.374+0500: 512.298: [Tenured: 262757K->205160K(349568K), 0.4733544 secs] 420005K->205160K(506816K), [Metaspace: 5350K->5350K(1056768K)], 0.4734425 secs] [Times: user=0.47 sys=0.00, real=0.47 secs] 
2018-03-17T00:04:46.873+0500: 512.797: [GC (Allocation Failure) 2018-03-17T00:04:46.873+0500: 512.797: [DefNew: 139776K->17472K(157248K), 0.2243698 secs] 344936K->344935K(506816K), 0.2244463 secs] [Times: user=0.22 sys=0.00, real=0.23 secs] 
2018-03-17T00:04:47.124+0500: 513.047: [GC (Allocation Failure) 2018-03-17T00:04:47.124+0500: 513.047: [DefNew: 157248K->157248K(157248K), 0.0000180 secs]2018-03-17T00:04:47.124+0500: 513.047: [Tenured: 327463K->55022K(349568K), 0.2208869 secs] 484711K->55022K(506816K), [Metaspace: 5350K->5350K(1056768K)], 0.2209853 secs] [Times: user=0.22 sys=0.00, real=0.22 secs] 
2018-03-17T00:04:47.373+0500: 513.297: [GC (Allocation Failure) 2018-03-17T00:04:47.373+0500: 513.297: [DefNew: 139776K->17472K(157248K), 0.2546203 secs] 194798K->194797K(506816K), 0.2546801 secs] [Times: user=0.25 sys=0.00, real=0.26 secs] 
2018-03-17T00:04:47.654+0500: 513.578: [GC (Allocation Failure) 2018-03-17T00:04:47.654+0500: 513.578: [DefNew: 157248K->17471K(157248K), 0.2490505 secs] 334573K->334572K(506816K), 0.2491172 secs] [Times: user=0.25 sys=0.00, real=0.25 secs] 
2018-03-17T00:04:47.928+0500: 513.852: [GC (Allocation Failure) 2018-03-17T00:04:47.928+0500: 513.853: [DefNew: 157247K->157247K(157248K), 0.0000167 secs]2018-03-17T00:04:47.928+0500: 513.853: [Tenured: 317100K->44659K(349568K), 0.1995107 secs] 474348K->44659K(506816K), [Metaspace: 5350K->5350K(1056768K)], 0.1996249 secs] [Times: user=0.19 sys=0.00, real=0.20 secs] 
2018-03-17T00:04:48.157+0500: 514.081: [GC (Allocation Failure) 2018-03-17T00:04:48.157+0500: 514.081: [DefNew: 139776K->17471K(157248K), 0.2564459 secs] 184435K->184434K(506816K), 0.2565096 secs] [Times: user=0.27 sys=0.00, real=0.26 secs] 
2018-03-17T00:04:48.439+0500: 514.362: [GC (Allocation Failure) 2018-03-17T00:04:48.439+0500: 514.362: [DefNew: 157247K->17472K(157248K), 0.2522819 secs] 324210K->324208K(506816K), 0.2523567 secs] [Times: user=0.25 sys=0.00, real=0.25 secs] 
2018-03-17T00:04:48.716+0500: 514.640: [GC (Allocation Failure) 2018-03-17T00:04:48.716+0500: 514.640: [DefNew: 157248K->157248K(157248K), 0.0000158 secs]2018-03-17T00:04:48.716+0500: 514.640: [Tenured: 306736K->34272K(349568K), 0.1770516 secs] 463984K->34272K(506816K), [Metaspace: 5350K->5350K(1056768K)], 0.1771388 secs] [Times: user=0.17 sys=0.00, real=0.18 secs] 
2018-03-17T00:04:48.922+0500: 514.846: [GC (Allocation Failure) 2018-03-17T00:04:48.922+0500: 514.846: [DefNew: 139776K->17472K(157248K), 0.2573453 secs] 174048K->174046K(506816K), 0.2574077 secs] [Times: user=0.26 sys=0.00, real=0.26 secs] 
2018-03-17T00:04:49.205+0500: 515.129: [GC (Allocation Failure) 2018-03-17T00:04:49.205+0500: 515.129: [DefNew: 157248K->17472K(157248K), 0.2519432 secs] 313822K->313821K(506816K), 0.2520073 secs] [Times: user=0.25 sys=0.00, real=0.25 secs] 
2018-03-17T00:04:49.483+0500: 515.406: [GC (Allocation Failure) 2018-03-17T00:04:49.483+0500: 515.406: [DefNew: 157248K->157248K(157248K), 0.0000154 secs]2018-03-17T00:04:49.483+0500: 515.406: [Tenured: 296349K->23908K(349568K), 0.1555821 secs] 453597K->23908K(506816K), [Metaspace: 5350K->5350K(1056768K)], 0.1556668 secs] [Times: user=0.16 sys=0.00, real=0.15 secs] 
2018-03-17T00:04:49.666+0500: 515.590: [GC (Allocation Failure) 2018-03-17T00:04:49.666+0500: 515.590: [DefNew: 139776K->17472K(157248K), 0.2564267 secs] 163684K->163683K(506816K), 0.2564977 secs] [Times: user=0.23 sys=0.00, real=0.26 secs] 
2018-03-17T00:04:49.948+0500: 515.872: [GC (Allocation Failure) 2018-03-17T00:04:49.948+0500: 515.872: [DefNew: 157248K->17472K(157248K), 0.2543389 secs] 303459K->303458K(506816K), 0.2543992 secs] [Times: user=0.25 sys=0.00, real=0.25 secs] 
2018-03-17T00:04:50.228+0500: 516.152: [GC (Allocation Failure) 2018-03-17T00:04:50.228+0500: 516.152: [DefNew: 146063K->146063K(157248K), 0.0000167 secs]2018-03-17T00:04:50.228+0500: 516.152: [Tenured: 285986K->715K(349568K), 0.1363548 secs] 432050K->715K(506816K), [Metaspace: 5350K->5350K(1056768K)], 0.1364694 secs] [Times: user=0.14 sys=0.00, real=0.14 secs] 
2018-03-17T00:04:50.390+0500: 516.314: [GC (Allocation Failure) 2018-03-17T00:04:50.390+0500: 516.314: [DefNew: 139776K->17472K(157248K), 0.2246105 secs] 140491K->140490K(506816K), 0.2246832 secs] [Times: user=0.19 sys=0.00, real=0.22 secs] 
2018-03-17T00:04:50.640+0500: 516.564: [GC (Allocation Failure) 2018-03-17T00:04:50.640+0500: 516.564: [DefNew: 157248K->17472K(157248K), 0.2556637 secs] 280266K->280229K(506816K), 0.2557275 secs] [Times: user=0.25 sys=0.00, real=0.26 secs] 
2018-03-17T00:04:50.925+0500: 516.848: [GC (Allocation Failure) 2018-03-17T00:04:50.925+0500: 516.848: [DefNew: 157248K->157248K(157248K), 0.0000180 secs]2018-03-17T00:04:50.925+0500: 516.848: [Tenured: 262757K->205160K(349568K), 0.4715377 secs] 420005K->205160K(506816K), [Metaspace: 5350K->5350K(1056768K)], 0.4716280 secs] [Times: user=0.47 sys=0.00, real=0.47 secs] 
2018-03-17T00:04:51.422+0500: 517.345: [GC (Allocation Failure) 2018-03-17T00:04:51.422+0500: 517.345: [DefNew: 139776K->17472K(157248K), 0.2229192 secs] 344936K->344935K(506816K), 0.2229876 secs] [Times: user=0.22 sys=0.00, real=0.22 secs] 
2018-03-17T00:04:51.670+0500: 517.594: [GC (Allocation Failure) 2018-03-17T00:04:51.670+0500: 517.594: [DefNew: 157248K->157248K(157248K), 0.0000163 secs]2018-03-17T00:04:51.670+0500: 517.594: [Tenured: 327463K->55022K(349568K), 0.2205756 secs] 484711K->55022K(506816K), [Metaspace: 5350K->5350K(1056768K)], 0.2206616 secs] [Times: user=0.20 sys=0.00, real=0.22 secs] 
2018-03-17T00:04:51.920+0500: 517.844: [GC (Allocation Failure) 2018-03-17T00:04:51.920+0500: 517.844: [DefNew: 139776K->17472K(157248K), 0.2549611 secs] 194798K->194797K(506816K), 0.2550372 secs] [Times: user=0.25 sys=0.00, real=0.25 secs] 
2018-03-17T00:04:52.200+0500: 518.124: [GC (Allocation Failure) 2018-03-17T00:04:52.200+0500: 518.124: [DefNew: 157248K->17471K(157248K), 0.2493054 secs] 334573K->334572K(506816K), 0.2493640 secs] [Times: user=0.25 sys=0.00, real=0.25 secs] 
2018-03-17T00:04:52.476+0500: 518.399: [GC (Allocation Failure) 2018-03-17T00:04:52.476+0500: 518.399: [DefNew: 157247K->157247K(157248K), 0.0000171 secs]2018-03-17T00:04:52.476+0500: 518.399: [Tenured: 317100K->44659K(349568K), 0.1988743 secs] 474348K->44659K(506816K), [Metaspace: 5350K->5350K(1056768K)], 0.1989748 secs] [Times: user=0.19 sys=0.00, real=0.20 secs] 
2018-03-17T00:04:52.704+0500: 518.627: [GC (Allocation Failure) 2018-03-17T00:04:52.704+0500: 518.627: [DefNew: 139776K->17471K(157248K), 0.2568855 secs] 184435K->184434K(506816K), 0.2569458 secs] [Times: user=0.27 sys=0.00, real=0.26 secs] 
2018-03-17T00:04:52.986+0500: 518.910: [GC (Allocation Failure) 2018-03-17T00:04:52.986+0500: 518.910: [DefNew: 157247K->17472K(157248K), 0.2588540 secs] 324210K->324208K(506816K), 0.2589160 secs] [Times: user=0.26 sys=0.00, real=0.26 secs] 
2018-03-17T00:04:53.274+0500: 519.198: [GC (Allocation Failure) 2018-03-17T00:04:53.274+0500: 519.198: [DefNew: 157248K->157248K(157248K), 0.0000167 secs]2018-03-17T00:04:53.274+0500: 519.198: [Tenured: 306736K->34272K(349568K), 0.1815578 secs] 463984K->34272K(506816K), [Metaspace: 5350K->5350K(1056768K)], 0.1817139 secs] [Times: user=0.17 sys=0.00, real=0.18 secs] 
2018-03-17T00:04:53.487+0500: 519.411: [GC (Allocation Failure) 2018-03-17T00:04:53.487+0500: 519.412: [DefNew: 139776K->17472K(157248K), 0.2771516 secs] 174048K->174046K(506816K), 0.2772179 secs] [Times: user=0.28 sys=0.00, real=0.28 secs] 
2018-03-17T00:04:53.793+0500: 519.717: [GC (Allocation Failure) 2018-03-17T00:04:53.793+0500: 519.717: [DefNew: 157248K->17472K(157248K), 0.2584957 secs] 313822K->313821K(506816K), 0.2585572 secs] [Times: user=0.25 sys=0.00, real=0.26 secs] 
2018-03-17T00:04:54.078+0500: 520.002: [GC (Allocation Failure) 2018-03-17T00:04:54.078+0500: 520.002: [DefNew: 157248K->157248K(157248K), 0.0000158 secs]2018-03-17T00:04:54.078+0500: 520.002: [Tenured: 296349K->23908K(349568K), 0.1560209 secs] 453597K->23908K(506816K), [Metaspace: 5350K->5350K(1056768K)], 0.1561055 secs] [Times: user=0.16 sys=0.00, real=0.16 secs] 
2018-03-17T00:04:54.262+0500: 520.186: [GC (Allocation Failure) 2018-03-17T00:04:54.262+0500: 520.186: [DefNew: 139776K->17472K(157248K), 0.2549555 secs] 163684K->163683K(506816K), 0.2550154 secs] [Times: user=0.25 sys=0.00, real=0.25 secs] 
2018-03-17T00:04:54.543+0500: 520.467: [GC (Allocation Failure) 2018-03-17T00:04:54.543+0500: 520.467: [DefNew: 157248K->17472K(157248K), 0.2568804 secs] 303459K->303458K(506816K), 0.2569531 secs] [Times: user=0.25 sys=0.00, real=0.26 secs] 
2018-03-17T00:04:54.825+0500: 520.750: [GC (Allocation Failure) 2018-03-17T00:04:54.825+0500: 520.750: [DefNew: 146063K->146063K(157248K), 0.0000158 secs]2018-03-17T00:04:54.825+0500: 520.750: [Tenured: 285986K->715K(349568K), 0.1361375 secs] 432050K->715K(506816K), [Metaspace: 5350K->5350K(1056768K)], 0.1362222 secs] [Times: user=0.14 sys=0.00, real=0.14 secs] 
2018-03-17T00:04:54.987+0500: 520.911: [GC (Allocation Failure) 2018-03-17T00:04:54.987+0500: 520.911: [DefNew: 139776K->17472K(157248K), 0.2240169 secs] 140491K->140490K(506816K), 0.2240802 secs] [Times: user=0.23 sys=0.00, real=0.22 secs] 
2018-03-17T00:04:55.237+0500: 521.161: [GC (Allocation Failure) 2018-03-17T00:04:55.237+0500: 521.161: [DefNew: 157248K->17472K(157248K), 0.2553584 secs] 280266K->280229K(506816K), 0.2554285 secs] [Times: user=0.26 sys=0.00, real=0.26 secs] 
2018-03-17T00:04:55.520+0500: 521.444: [GC (Allocation Failure) 2018-03-17T00:04:55.520+0500: 521.444: [DefNew: 157248K->157248K(157248K), 0.0000158 secs]2018-03-17T00:04:55.520+0500: 521.444: [Tenured: 262757K->205160K(349568K), 0.4786475 secs] 420005K->205160K(506816K), [Metaspace: 5350K->5350K(1056768K)], 0.4787493 secs] [Times: user=0.48 sys=0.00, real=0.48 secs] 
2018-03-17T00:04:56.025+0500: 521.949: [GC (Allocation Failure) 2018-03-17T00:04:56.025+0500: 521.949: [DefNew: 139776K->17472K(157248K), 0.2280745 secs] 344936K->344935K(506816K), 0.2281391 secs] [Times: user=0.22 sys=0.00, real=0.23 secs] 
2018-03-17T00:04:56.281+0500: 522.205: [GC (Allocation Failure) 2018-03-17T00:04:56.281+0500: 522.205: [DefNew: 157248K->157248K(157248K), 0.0000248 secs]2018-03-17T00:04:56.281+0500: 522.205: [Tenured: 327463K->55022K(349568K), 0.2297283 secs] 484711K->55022K(506816K), [Metaspace: 5350K->5350K(1056768K)], 0.2298322 secs] [Times: user=0.24 sys=0.00, real=0.23 secs] 
2018-03-17T00:04:56.542+0500: 522.465: [GC (Allocation Failure) 2018-03-17T00:04:56.542+0500: 522.465: [DefNew: 139776K->17472K(157248K), 0.2557518 secs] 194798K->194797K(506816K), 0.2558164 secs] [Times: user=0.25 sys=0.00, real=0.25 secs] 
2018-03-17T00:04:56.823+0500: 522.747: [GC (Allocation Failure) 2018-03-17T00:04:56.823+0500: 522.747: [DefNew: 157248K->17471K(157248K), 0.2645243 secs] 334573K->334572K(506816K), 0.2645842 secs] [Times: user=0.25 sys=0.00, real=0.26 secs] 
2018-03-17T00:04:57.113+0500: 523.037: [GC (Allocation Failure) 2018-03-17T00:04:57.113+0500: 523.037: [DefNew: 157247K->157247K(157248K), 0.0000218 secs]2018-03-17T00:04:57.113+0500: 523.037: [Tenured: 317100K->44659K(349568K), 0.2605890 secs] 474348K->44659K(506816K), [Metaspace: 5350K->5350K(1056768K)], 0.2607378 secs] [Times: user=0.23 sys=0.02, real=0.26 secs] 
2018-03-17T00:04:57.428+0500: 523.352: [GC (Allocation Failure) 2018-03-17T00:04:57.428+0500: 523.352: [DefNew: 139776K->17471K(157248K), 0.3844717 secs] 184435K->184434K(506816K), 0.3845354 secs] [Times: user=0.38 sys=0.00, real=0.38 secs] 
2018-03-17T00:04:57.845+0500: 523.770: [GC (Allocation Failure) 2018-03-17T00:04:57.845+0500: 523.770: [DefNew: 157247K->17472K(157248K), 0.3227801 secs] 324210K->324208K(506816K), 0.3228503 secs] [Times: user=0.33 sys=0.00, real=0.32 secs] 
2018-03-17T00:04:58.212+0500: 524.136: [GC (Allocation Failure) 2018-03-17T00:04:58.212+0500: 524.136: [DefNew: 157248K->157248K(157248K), 0.0000158 secs]2018-03-17T00:04:58.212+0500: 524.136: [Tenured: 306736K->34272K(349568K), 0.1820299 secs] 463984K->34272K(506816K), [Metaspace: 5350K->5350K(1056768K)], 0.1821197 secs] [Times: user=0.17 sys=0.00, real=0.18 secs] 
2018-03-17T00:04:58.424+0500: 524.348: [GC (Allocation Failure) 2018-03-17T00:04:58.424+0500: 524.348: [DefNew: 139776K->17472K(157248K), 0.2671026 secs] 174048K->174046K(506816K), 0.2671633 secs] [Times: user=0.25 sys=0.00, real=0.27 secs] 
2018-03-17T00:04:58.717+0500: 524.641: [GC (Allocation Failure) 2018-03-17T00:04:58.717+0500: 524.641: [DefNew: 157248K->17472K(157248K), 0.2538022 secs] 313822K->313821K(506816K), 0.2538633 secs] [Times: user=0.25 sys=0.00, real=0.25 secs] 
2018-03-17T00:04:58.997+0500: 524.921: [GC (Allocation Failure) 2018-03-17T00:04:58.997+0500: 524.921: [DefNew: 157248K->157248K(157248K), 0.0000257 secs]2018-03-17T00:04:58.997+0500: 524.921: [Tenured: 296349K->23908K(349568K), 0.1690109 secs] 453597K->23908K(506816K), [Metaspace: 5350K->5350K(1056768K)], 0.1691336 secs] [Times: user=0.17 sys=0.00, real=0.17 secs] 
2018-03-17T00:04:59.219+0500: 525.143: [GC (Allocation Failure) 2018-03-17T00:04:59.219+0500: 525.143: [DefNew: 139776K->17472K(157248K), 0.2852022 secs] 163684K->163683K(506816K), 0.2852629 secs] [Times: user=0.28 sys=0.00, real=0.29 secs] 
2018-03-17T00:04:59.532+0500: 525.456: [GC (Allocation Failure) 2018-03-17T00:04:59.532+0500: 525.456: [DefNew: 157248K->17472K(157248K), 0.3009185 secs] 303459K->303458K(506816K), 0.3009860 secs] [Times: user=0.30 sys=0.00, real=0.30 secs] 
2018-03-17T00:04:59.869+0500: 525.793: [GC (Allocation Failure) 2018-03-17T00:04:59.870+0500: 525.793: [DefNew: 146063K->146063K(157248K), 0.0000252 secs]2018-03-17T00:04:59.870+0500: 525.793: [Tenured: 285986K->715K(349568K), 0.1474836 secs] 432050K->715K(506816K), [Metaspace: 5350K->5350K(1056768K)], 0.1476885 secs] [Times: user=0.14 sys=0.00, real=0.15 secs] 
2018-03-17T00:05:00.055+0500: 525.979: [GC (Allocation Failure) 2018-03-17T00:05:00.055+0500: 525.979: [DefNew: 139776K->17472K(157248K), 0.3144969 secs] 140491K->140490K(506816K), 0.3145760 secs] [Times: user=0.31 sys=0.00, real=0.31 secs] 
2018-03-17T00:05:00.410+0500: 526.334: [GC (Allocation Failure) 2018-03-17T00:05:00.410+0500: 526.334: [DefNew: 157248K->17472K(157248K), 0.3808350 secs] 280266K->280229K(506816K), 0.3809042 secs] [Times: user=0.39 sys=0.00, real=0.38 secs] 
2018-03-17T00:05:00.829+0500: 526.753: [GC (Allocation Failure) 2018-03-17T00:05:00.829+0500: 526.753: [DefNew: 157248K->157248K(157248K), 0.0000231 secs]2018-03-17T00:05:00.829+0500: 526.753: [Tenured: 262757K->205160K(349568K), 0.6561460 secs] 420005K->205160K(506816K), [Metaspace: 5350K->5350K(1056768K)], 0.6562683 secs] [Times: user=0.64 sys=0.00, real=0.66 secs] 
2018-03-17T00:05:01.520+0500: 527.444: [GC (Allocation Failure) 2018-03-17T00:05:01.520+0500: 527.444: [DefNew: 139776K->17472K(157248K), 0.3700769 secs] 344936K->344935K(506816K), 0.3701479 secs] [Times: user=0.38 sys=0.00, real=0.37 secs] 
2018-03-17T00:05:01.932+0500: 527.857: [GC (Allocation Failure) 2018-03-17T00:05:01.932+0500: 527.857: [DefNew: 157248K->157248K(157248K), 0.0000235 secs]2018-03-17T00:05:01.933+0500: 527.857: [Tenured: 327463K->55022K(349568K), 0.2607746 secs] 484711K->55022K(506816K), [Metaspace: 5350K->5350K(1056768K)], 0.2609016 secs] [Times: user=0.27 sys=0.00, real=0.26 secs] 
2018-03-17T00:05:02.230+0500: 528.154: [GC (Allocation Failure) 2018-03-17T00:05:02.230+0500: 528.154: [DefNew: 139776K->17472K(157248K), 0.3289640 secs] 194798K->194797K(506816K), 0.3290269 secs] [Times: user=0.31 sys=0.00, real=0.33 secs] 
2018-03-17T00:05:02.587+0500: 528.511: [GC (Allocation Failure) 2018-03-17T00:05:02.587+0500: 528.511: [DefNew: 157248K->17471K(157248K), 0.2574586 secs] 334573K->334572K(506816K), 0.2575458 secs] [Times: user=0.25 sys=0.00, real=0.26 secs] 
2018-03-17T00:05:02.876+0500: 528.800: [GC (Allocation Failure) 2018-03-17T00:05:02.876+0500: 528.800: [DefNew: 157247K->157247K(157248K), 0.0000175 secs]2018-03-17T00:05:02.876+0500: 528.800: [Tenured: 317100K->44659K(349568K), 0.2139863 secs] 474348K->44659K(506816K), [Metaspace: 5350K->5350K(1056768K)], 0.2140791 secs] [Times: user=0.22 sys=0.00, real=0.21 secs] 
2018-03-17T00:05:03.119+0500: 529.043: [GC (Allocation Failure) 2018-03-17T00:05:03.119+0500: 529.043: [DefNew: 139776K->17471K(157248K), 0.2636720 secs] 184435K->184434K(506816K), 0.2637455 secs] [Times: user=0.26 sys=0.00, real=0.26 secs] 
2018-03-17T00:05:03.409+0500: 529.333: [GC (Allocation Failure) 2018-03-17T00:05:03.409+0500: 529.333: [DefNew: 157247K->17472K(157248K), 0.2587142 secs] 324210K->324208K(506816K), 0.2587796 secs] [Times: user=0.26 sys=0.00, real=0.26 secs] 
2018-03-17T00:05:03.694+0500: 529.618: [GC (Allocation Failure) 2018-03-17T00:05:03.694+0500: 529.618: [DefNew: 157248K->157248K(157248K), 0.0000158 secs]2018-03-17T00:05:03.694+0500: 529.618: [Tenured: 306736K->34272K(349568K), 0.1779642 secs] 463984K->34272K(506816K), [Metaspace: 5350K->5350K(1056768K)], 0.1780549 secs] [Times: user=0.17 sys=0.00, real=0.18 secs] 
2018-03-17T00:05:03.902+0500: 529.826: [GC (Allocation Failure) 2018-03-17T00:05:03.902+0500: 529.826: [DefNew: 139776K->17472K(157248K), 0.2550855 secs] 174048K->174046K(506816K), 0.2551480 secs] [Times: user=0.25 sys=0.00, real=0.26 secs] 
2018-03-17T00:05:04.183+0500: 530.107: [GC (Allocation Failure) 2018-03-17T00:05:04.183+0500: 530.107: [DefNew: 157248K->17472K(157248K), 0.2560713 secs] 313822K->313821K(506816K), 0.2561384 secs] [Times: user=0.25 sys=0.00, real=0.26 secs] 
2018-03-17T00:05:04.467+0500: 530.391: [GC (Allocation Failure) 2018-03-17T00:05:04.467+0500: 530.391: [DefNew: 157248K->157248K(157248K), 0.0000158 secs]2018-03-17T00:05:04.467+0500: 530.391: [Tenured: 296349K->23908K(349568K), 0.1599121 secs] 453597K->23908K(506816K), [Metaspace: 5350K->5350K(1056768K)], 0.1599980 secs] [Times: user=0.16 sys=0.00, real=0.16 secs] 
2018-03-17T00:05:04.656+0500: 530.580: [GC (Allocation Failure) 2018-03-17T00:05:04.656+0500: 530.580: [DefNew: 139776K->17472K(157248K), 0.2653090 secs] 163684K->163683K(506816K), 0.2653706 secs] [Times: user=0.26 sys=0.00, real=0.27 secs] 
2018-03-17T00:05:04.948+0500: 530.872: [GC (Allocation Failure) 2018-03-17T00:05:04.948+0500: 530.872: [DefNew: 157248K->17472K(157248K), 0.2768843 secs] 303459K->303458K(506816K), 0.2769511 secs] [Times: user=0.28 sys=0.00, real=0.28 secs] 
2018-03-17T00:05:05.255+0500: 531.179: [GC (Allocation Failure) 2018-03-17T00:05:05.255+0500: 531.179: [DefNew: 146063K->146063K(157248K), 0.0000171 secs]2018-03-17T00:05:05.255+0500: 531.179: [Tenured: 285986K->715K(349568K), 0.1474409 secs] 432050K->715K(506816K), [Metaspace: 5350K->5350K(1056768K)], 0.1475371 secs] [Times: user=0.14 sys=0.00, real=0.15 secs] 
2018-03-17T00:05:05.439+0500: 531.362: [GC (Allocation Failure) 2018-03-17T00:05:05.439+0500: 531.362: [DefNew: 139776K->17472K(157248K), 0.2411124 secs] 140491K->140490K(506816K), 0.2411804 secs] [Times: user=0.25 sys=0.00, real=0.24 secs] 
2018-03-17T00:05:05.705+0500: 531.629: [GC (Allocation Failure) 2018-03-17T00:05:05.705+0500: 531.629: [DefNew: 157248K->17472K(157248K), 0.2587270 secs] 280266K->280229K(506816K), 0.2587925 secs] [Times: user=0.27 sys=0.00, real=0.26 secs] 
2018-03-17T00:05:05.992+0500: 531.916: [GC (Allocation Failure) 2018-03-17T00:05:05.992+0500: 531.916: [DefNew: 157248K->157248K(157248K), 0.0000158 secs]2018-03-17T00:05:05.992+0500: 531.916: [Tenured: 262757K->205160K(349568K), 0.5165487 secs] 420005K->205160K(506816K), [Metaspace: 5350K->5350K(1056768K)], 0.5166381 secs] [Times: user=0.50 sys=0.00, real=0.52 secs] 
2018-03-17T00:05:06.545+0500: 532.469: [GC (Allocation Failure) 2018-03-17T00:05:06.545+0500: 532.469: [DefNew: 139776K->17472K(157248K), 0.2498010 secs] 344936K->344935K(506816K), 0.2498643 secs] [Times: user=0.25 sys=0.00, real=0.25 secs] 
2018-03-17T00:05:06.831+0500: 532.755: [GC (Allocation Failure) 2018-03-17T00:05:06.831+0500: 532.755: [DefNew: 157248K->157248K(157248K), 0.0000180 secs]2018-03-17T00:05:06.831+0500: 532.755: [Tenured: 327463K->55022K(349568K), 0.2343144 secs] 484711K->55022K(506816K), [Metaspace: 5350K->5350K(1056768K)], 0.2344072 secs] [Times: user=0.24 sys=0.00, real=0.23 secs] 
2018-03-17T00:05:07.097+0500: 533.021: [GC (Allocation Failure) 2018-03-17T00:05:07.097+0500: 533.021: [DefNew: 139776K->17472K(157248K), 0.2814726 secs] 194798K->194797K(506816K), 0.2815338 secs] [Times: user=0.28 sys=0.00, real=0.28 secs] 
2018-03-17T00:05:07.404+0500: 533.329: [GC (Allocation Failure) 2018-03-17T00:05:07.404+0500: 533.329: [DefNew: 157248K->17471K(157248K), 0.2573846 secs] 334573K->334572K(506816K), 0.2574475 secs] [Times: user=0.26 sys=0.00, real=0.26 secs] 
2018-03-17T00:05:07.687+0500: 533.611: [GC (Allocation Failure) 2018-03-17T00:05:07.687+0500: 533.611: [DefNew: 157247K->157247K(157248K), 0.0000163 secs]2018-03-17T00:05:07.687+0500: 533.612: [Tenured: 317100K->44659K(349568K), 0.2058032 secs] 474348K->44659K(506816K), [Metaspace: 5350K->5350K(1056768K)], 0.2058908 secs] [Times: user=0.20 sys=0.00, real=0.21 secs] 
2018-03-17T00:05:07.922+0500: 533.846: [GC (Allocation Failure) 2018-03-17T00:05:07.922+0500: 533.846: [DefNew: 139776K->17471K(157248K), 0.2555898 secs] 184435K->184434K(506816K), 0.2556513 secs] [Times: user=0.27 sys=0.00, real=0.26 secs] 
2018-03-17T00:05:08.203+0500: 534.127: [GC (Allocation Failure) 2018-03-17T00:05:08.203+0500: 534.127: [DefNew: 157247K->17472K(157248K), 0.2744206 secs] 324210K->324208K(506816K), 0.2744908 secs] [Times: user=0.28 sys=0.00, real=0.27 secs] 
2018-03-17T00:05:08.505+0500: 534.429: [GC (Allocation Failure) 2018-03-17T00:05:08.505+0500: 534.429: [DefNew: 157248K->157248K(157248K), 0.0000141 secs]2018-03-17T00:05:08.505+0500: 534.429: [Tenured: 306736K->34272K(349568K), 0.1764452 secs] 463984K->34272K(506816K), [Metaspace: 5350K->5350K(1056768K)], 0.1765281 secs] [Times: user=0.19 sys=0.00, real=0.18 secs] 
2018-03-17T00:05:08.710+0500: 534.634: [GC (Allocation Failure) 2018-03-17T00:05:08.710+0500: 534.634: [DefNew: 139776K->17472K(157248K), 0.2573765 secs] 174048K->174046K(506816K), 0.2574394 secs] [Times: user=0.25 sys=0.00, real=0.26 secs] 
2018-03-17T00:05:08.993+0500: 534.917: [GC (Allocation Failure) 2018-03-17T00:05:08.993+0500: 534.917: [DefNew: 157248K->17472K(157248K), 0.2583225 secs] 313822K->313821K(506816K), 0.2583840 secs] [Times: user=0.25 sys=0.00, real=0.26 secs] 
2018-03-17T00:05:09.278+0500: 535.201: [GC (Allocation Failure) 2018-03-17T00:05:09.278+0500: 535.201: [DefNew: 157248K->157248K(157248K), 0.0000154 secs]2018-03-17T00:05:09.278+0500: 535.201: [Tenured: 296349K->23908K(349568K), 0.1608465 secs] 453597K->23908K(506816K), [Metaspace: 5350K->5350K(1056768K)], 0.1609338 secs] [Times: user=0.16 sys=0.00, real=0.16 secs] 
2018-03-17T00:05:09.467+0500: 535.391: [GC (Allocation Failure) 2018-03-17T00:05:09.467+0500: 535.391: [DefNew: 139776K->17472K(157248K), 0.2703511 secs] 163684K->163683K(506816K), 0.2704156 secs] [Times: user=0.27 sys=0.00, real=0.27 secs] 
2018-03-17T00:05:09.763+0500: 535.687: [GC (Allocation Failure) 2018-03-17T00:05:09.763+0500: 535.687: [DefNew: 157248K->17472K(157248K), 0.2729602 secs] 303459K->303458K(506816K), 0.2730256 secs] [Times: user=0.27 sys=0.00, real=0.27 secs] 
2018-03-17T00:05:10.063+0500: 535.987: [GC (Allocation Failure) 2018-03-17T00:05:10.063+0500: 535.987: [DefNew: 146063K->146063K(157248K), 0.0000158 secs]2018-03-17T00:05:10.063+0500: 535.987: [Tenured: 285986K->715K(349568K), 0.1382951 secs] 432050K->715K(506816K), [Metaspace: 5350K->5350K(1056768K)], 0.1383755 secs] [Times: user=0.14 sys=0.00, real=0.14 secs] 
2018-03-17T00:05:10.226+0500: 536.150: [GC (Allocation Failure) 2018-03-17T00:05:10.226+0500: 536.151: [DefNew: 139776K->17472K(157248K), 0.2246311 secs] 140491K->140490K(506816K), 0.2247046 secs] [Times: user=0.22 sys=0.00, real=0.22 secs] 
2018-03-17T00:05:10.477+0500: 536.402: [GC (Allocation Failure) 2018-03-17T00:05:10.477+0500: 536.402: [DefNew: 157248K->17472K(157248K), 0.2580603 secs] 280266K->280229K(506816K), 0.2581232 secs] [Times: user=0.25 sys=0.00, real=0.26 secs] 
2018-03-17T00:05:10.764+0500: 536.688: [GC (Allocation Failure) 2018-03-17T00:05:10.764+0500: 536.688: [DefNew: 157248K->157248K(157248K), 0.0000163 secs]2018-03-17T00:05:10.764+0500: 536.688: [Tenured: 262757K->205160K(349568K), 0.4775326 secs] 420005K->205160K(506816K), [Metaspace: 5350K->5350K(1056768K)], 0.4776224 secs] [Times: user=0.48 sys=0.00, real=0.48 secs] 
2018-03-17T00:05:11.268+0500: 537.192: [GC (Allocation Failure) 2018-03-17T00:05:11.268+0500: 537.192: [DefNew: 139776K->17472K(157248K), 0.2316168 secs] 344936K->344935K(506816K), 0.2316826 secs] [Times: user=0.23 sys=0.00, real=0.23 secs] 
2018-03-17T00:05:11.526+0500: 537.450: [GC (Allocation Failure) 2018-03-17T00:05:11.526+0500: 537.450: [DefNew: 157248K->157248K(157248K), 0.0000167 secs]2018-03-17T00:05:11.526+0500: 537.450: [Tenured: 327463K->55022K(349568K), 0.2244591 secs] 484711K->55022K(506816K), [Metaspace: 5350K->5350K(1056768K)], 0.2245678 secs] [Times: user=0.22 sys=0.00, real=0.22 secs] 
2018-03-17T00:05:11.779+0500: 537.704: [GC (Allocation Failure) 2018-03-17T00:05:11.779+0500: 537.704: [DefNew: 139776K->17472K(157248K), 0.2587984 secs] 194798K->194797K(506816K), 0.2588609 secs] [Times: user=0.26 sys=0.00, real=0.26 secs] 
2018-03-17T00:05:12.064+0500: 537.988: [GC (Allocation Failure) 2018-03-17T00:05:12.064+0500: 537.988: [DefNew: 157248K->17471K(157248K), 0.2557929 secs] 334573K->334572K(506816K), 0.2558553 secs] [Times: user=0.26 sys=0.00, real=0.26 secs] 
2018-03-17T00:05:12.345+0500: 538.269: [GC (Allocation Failure) 2018-03-17T00:05:12.345+0500: 538.269: [DefNew: 157247K->157247K(157248K), 0.0000167 secs]2018-03-17T00:05:12.345+0500: 538.269: [Tenured: 317100K->44659K(349568K), 0.2038787 secs] 474348K->44659K(506816K), [Metaspace: 5350K->5350K(1056768K)], 0.2039865 secs] [Times: user=0.20 sys=0.00, real=0.20 secs] 
2018-03-17T00:05:12.583+0500: 538.507: [GC (Allocation Failure) 2018-03-17T00:05:12.583+0500: 538.507: [DefNew: 139776K->17471K(157248K), 0.2629202 secs] 184435K->184434K(506816K), 0.2629907 secs] [Times: user=0.27 sys=0.00, real=0.26 secs] 
2018-03-17T00:05:12.871+0500: 538.795: [GC (Allocation Failure) 2018-03-17T00:05:12.871+0500: 538.795: [DefNew: 157247K->17472K(157248K), 0.2915661 secs] 324210K->324208K(506816K), 0.2917030 secs] [Times: user=0.28 sys=0.00, real=0.29 secs] 
2018-03-17T00:05:13.198+0500: 539.122: [GC (Allocation Failure) 2018-03-17T00:05:13.198+0500: 539.122: [DefNew: 157248K->157248K(157248K), 0.0000287 secs]2018-03-17T00:05:13.198+0500: 539.122: [Tenured: 306736K->34272K(349568K), 0.2028194 secs] 463984K->34272K(506816K), [Metaspace: 5350K->5350K(1056768K)], 0.2030786 secs] [Times: user=0.20 sys=0.00, real=0.20 secs] 
2018-03-17T00:05:13.436+0500: 539.360: [GC (Allocation Failure) 2018-03-17T00:05:13.436+0500: 539.360: [DefNew: 139776K->17472K(157248K), 0.2761479 secs] 174048K->174046K(506816K), 0.2762527 secs] [Times: user=0.28 sys=0.00, real=0.28 secs] 
2018-03-17T00:05:13.738+0500: 539.662: [GC (Allocation Failure) 2018-03-17T00:05:13.738+0500: 539.662: [DefNew: 157248K->17472K(157248K), 0.2523345 secs] 313822K->313821K(506816K), 0.2523977 secs] [Times: user=0.25 sys=0.00, real=0.25 secs] 
2018-03-17T00:05:14.016+0500: 539.940: [GC (Allocation Failure) 2018-03-17T00:05:14.016+0500: 539.940: [DefNew: 157248K->157248K(157248K), 0.0000150 secs]2018-03-17T00:05:14.016+0500: 539.940: [Tenured: 296349K->23908K(349568K), 0.1556125 secs] 453597K->23908K(506816K), [Metaspace: 5350K->5350K(1056768K)], 0.1557100 secs] [Times: user=0.16 sys=0.00, real=0.16 secs] 
2018-03-17T00:05:14.200+0500: 540.124: [GC (Allocation Failure) 2018-03-17T00:05:14.200+0500: 540.124: [DefNew: 139776K->17472K(157248K), 0.2701047 secs] 163684K->163683K(506816K), 0.2701659 secs] [Times: user=0.26 sys=0.00, real=0.27 secs] 
2018-03-17T00:05:14.496+0500: 540.420: [GC (Allocation Failure) 2018-03-17T00:05:14.496+0500: 540.420: [DefNew: 157248K->17472K(157248K), 0.2611120 secs] 303459K->303458K(506816K), 0.2611741 secs] [Times: user=0.27 sys=0.00, real=0.26 secs] 
2018-03-17T00:05:14.783+0500: 540.707: [GC (Allocation Failure) 2018-03-17T00:05:14.783+0500: 540.707: [DefNew: 146063K->146063K(157248K), 0.0000163 secs]2018-03-17T00:05:14.783+0500: 540.707: [Tenured: 285986K->715K(349568K), 0.1364831 secs] 432050K->715K(506816K), [Metaspace: 5350K->5350K(1056768K)], 0.1365682 secs] [Times: user=0.14 sys=0.00, real=0.14 secs] 
2018-03-17T00:05:14.949+0500: 540.873: [GC (Allocation Failure) 2018-03-17T00:05:14.949+0500: 540.873: [DefNew: 139776K->17472K(157248K), 0.2263938 secs] 140491K->140490K(506816K), 0.2264567 secs] [Times: user=0.22 sys=0.00, real=0.23 secs] 
2018-03-17T00:05:15.201+0500: 541.125: [GC (Allocation Failure) 2018-03-17T00:05:15.201+0500: 541.125: [DefNew: 157248K->17472K(157248K), 0.2635608 secs] 280266K->280229K(506816K), 0.2636266 secs] [Times: user=0.26 sys=0.00, real=0.26 secs] 
2018-03-17T00:05:15.493+0500: 541.417: [GC (Allocation Failure) 2018-03-17T00:05:15.493+0500: 541.417: [DefNew: 157248K->157248K(157248K), 0.0000171 secs]2018-03-17T00:05:15.493+0500: 541.417: [Tenured: 262757K->205160K(349568K), 0.4725872 secs] 420005K->205160K(506816K), [Metaspace: 5350K->5350K(1056768K)], 0.4726941 secs] [Times: user=0.47 sys=0.00, real=0.47 secs] 
2018-03-17T00:05:15.991+0500: 541.915: [GC (Allocation Failure) 2018-03-17T00:05:15.991+0500: 541.915: [DefNew: 139776K->17472K(157248K), 0.2238211 secs] 344936K->344935K(506816K), 0.2238831 secs] [Times: user=0.22 sys=0.00, real=0.22 secs] 
2018-03-17T00:05:16.241+0500: 542.166: [GC (Allocation Failure) 2018-03-17T00:05:16.241+0500: 542.166: [DefNew: 157248K->157248K(157248K), 0.0000163 secs]2018-03-17T00:05:16.241+0500: 542.166: [Tenured: 327463K->55022K(349568K), 0.2230889 secs] 484711K->55022K(506816K), [Metaspace: 5350K->5350K(1056768K)], 0.2231775 secs] [Times: user=0.22 sys=0.00, real=0.22 secs] 
2018-03-17T00:05:16.494+0500: 542.418: [GC (Allocation Failure) 2018-03-17T00:05:16.494+0500: 542.418: [DefNew: 139776K->17472K(157248K), 0.2570528 secs] 194798K->194797K(506816K), 0.2571195 secs] [Times: user=0.25 sys=0.00, real=0.26 secs] 
2018-03-17T00:05:16.777+0500: 542.700: [GC (Allocation Failure) 2018-03-17T00:05:16.777+0500: 542.700: [DefNew: 157248K->17471K(157248K), 0.2506093 secs] 334573K->334572K(506816K), 0.2506816 secs] [Times: user=0.25 sys=0.00, real=0.25 secs] 
2018-03-17T00:05:17.053+0500: 542.977: [GC (Allocation Failure) 2018-03-17T00:05:17.053+0500: 542.977: [DefNew: 157247K->157247K(157248K), 0.0000167 secs]2018-03-17T00:05:17.053+0500: 542.977: [Tenured: 317100K->44659K(349568K), 0.1999298 secs] 474348K->44659K(506816K), [Metaspace: 5350K->5350K(1056768K)], 0.2000414 secs] [Times: user=0.19 sys=0.00, real=0.20 secs] 
2018-03-17T00:05:17.281+0500: 543.205: [GC (Allocation Failure) 2018-03-17T00:05:17.281+0500: 543.205: [DefNew: 139776K->17471K(157248K), 0.2573478 secs] 184435K->184434K(506816K), 0.2574111 secs] [Times: user=0.27 sys=0.00, real=0.26 secs] 
2018-03-17T00:05:17.564+0500: 543.488: [GC (Allocation Failure) 2018-03-17T00:05:17.564+0500: 543.488: [DefNew: 157247K->17472K(157248K), 0.2537402 secs] 324210K->324208K(506816K), 0.2538000 secs] [Times: user=0.27 sys=0.00, real=0.26 secs] 
2018-03-17T00:05:17.845+0500: 543.768: [GC (Allocation Failure) 2018-03-17T00:05:17.845+0500: 543.768: [DefNew: 157248K->157248K(157248K), 0.0000163 secs]2018-03-17T00:05:17.845+0500: 543.768: [Tenured: 306736K->34272K(349568K), 0.1804095 secs] 463984K->34272K(506816K), [Metaspace: 5350K->5350K(1056768K)], 0.1804985 secs] [Times: user=0.19 sys=0.00, real=0.18 secs] 
2018-03-17T00:05:18.054+0500: 543.977: [GC (Allocation Failure) 2018-03-17T00:05:18.054+0500: 543.977: [DefNew: 139776K->17472K(157248K), 0.2623052 secs] 174048K->174046K(506816K), 0.2623672 secs] [Times: user=0.25 sys=0.00, real=0.26 secs] 
2018-03-17T00:05:18.343+0500: 544.267: [GC (Allocation Failure) 2018-03-17T00:05:18.343+0500: 544.267: [DefNew: 157248K->17472K(157248K), 0.2580778 secs] 313822K->313821K(506816K), 0.2581428 secs] [Times: user=0.27 sys=0.00, real=0.26 secs] 
2018-03-17T00:05:18.627+0500: 544.551: [GC (Allocation Failure) 2018-03-17T00:05:18.627+0500: 544.551: [DefNew: 157248K->157248K(157248K), 0.0000158 secs]2018-03-17T00:05:18.627+0500: 544.551: [Tenured: 296349K->23908K(349568K), 0.1555949 secs] 453597K->23908K(506816K), [Metaspace: 5350K->5350K(1056768K)], 0.1556826 secs] [Times: user=0.16 sys=0.00, real=0.15 secs] 
2018-03-17T00:05:18.812+0500: 544.736: [GC (Allocation Failure) 2018-03-17T00:05:18.812+0500: 544.736: [DefNew: 139776K->17472K(157248K), 0.2553456 secs] 163684K->163683K(506816K), 0.2554054 secs] [Times: user=0.25 sys=0.00, real=0.25 secs] 
2018-03-17T00:05:19.094+0500: 545.018: [GC (Allocation Failure) 2018-03-17T00:05:19.095+0500: 545.018: [DefNew: 157248K->17472K(157248K), 0.2542029 secs] 303459K->303458K(506816K), 0.2542769 secs] [Times: user=0.25 sys=0.00, real=0.25 secs] 
2018-03-17T00:05:19.374+0500: 545.298: [GC (Allocation Failure) 2018-03-17T00:05:19.374+0500: 545.298: [DefNew: 146063K->146063K(157248K), 0.0000154 secs]2018-03-17T00:05:19.374+0500: 545.298: [Tenured: 285986K->715K(349568K), 0.1405368 secs] 432050K->715K(506816K), [Metaspace: 5350K->5350K(1056768K)], 0.1406373 secs] [Times: user=0.14 sys=0.00, real=0.14 secs] 
2018-03-17T00:05:19.545+0500: 545.469: [GC (Allocation Failure) 2018-03-17T00:05:19.545+0500: 545.469: [DefNew: 139776K->17472K(157248K), 0.2408400 secs] 140491K->140490K(506816K), 0.2409016 secs] [Times: user=0.23 sys=0.00, real=0.24 secs] 
2018-03-17T00:05:19.812+0500: 545.736: [GC (Allocation Failure) 2018-03-17T00:05:19.812+0500: 545.736: [DefNew: 157248K->17472K(157248K), 0.2565772 secs] 280266K->280229K(506816K), 0.2566418 secs] [Times: user=0.25 sys=0.00, real=0.26 secs] 
2018-03-17T00:05:20.097+0500: 546.021: [GC (Allocation Failure) 2018-03-17T00:05:20.097+0500: 546.021: [DefNew: 157248K->157248K(157248K), 0.0000163 secs]2018-03-17T00:05:20.097+0500: 546.021: [Tenured: 262757K->205160K(349568K), 0.5375033 secs] 420005K->205160K(506816K), [Metaspace: 5350K->5350K(1056768K)], 0.5375927 secs] [Times: user=0.53 sys=0.00, real=0.54 secs] 
2018-03-17T00:05:20.665+0500: 546.589: [GC (Allocation Failure) 2018-03-17T00:05:20.665+0500: 546.589: [DefNew: 139776K->17472K(157248K), 0.2354802 secs] 344936K->344935K(506816K), 0.2355580 secs] [Times: user=0.23 sys=0.00, real=0.24 secs] 
2018-03-17T00:05:20.928+0500: 546.852: [GC (Allocation Failure) 2018-03-17T00:05:20.928+0500: 546.852: [DefNew: 157248K->157248K(157248K), 0.0000158 secs]2018-03-17T00:05:20.928+0500: 546.852: [Tenured: 327463K->55022K(349568K), 0.2266449 secs] 484711K->55022K(506816K), [Metaspace: 5350K->5350K(1056768K)], 0.2267343 secs] [Times: user=0.22 sys=0.00, real=0.23 secs] 
2018-03-17T00:05:21.185+0500: 547.109: [GC (Allocation Failure) 2018-03-17T00:05:21.185+0500: 547.109: [DefNew: 139776K->17472K(157248K), 0.2751763 secs] 194798K->194797K(506816K), 0.2752383 secs] [Times: user=0.28 sys=0.00, real=0.28 secs] 
2018-03-17T00:05:21.488+0500: 547.412: [GC (Allocation Failure) 2018-03-17T00:05:21.488+0500: 547.412: [DefNew: 157248K->17471K(157248K), 0.3573735 secs] 334573K->334572K(506816K), 0.3574483 secs] [Times: user=0.36 sys=0.00, real=0.36 secs] 
2018-03-17T00:05:21.885+0500: 547.810: [GC (Allocation Failure) 2018-03-17T00:05:21.885+0500: 547.810: [DefNew: 157247K->157247K(157248K), 0.0000175 secs]2018-03-17T00:05:21.885+0500: 547.810: [Tenured: 317100K->44659K(349568K), 0.2328595 secs] 474348K->44659K(506816K), [Metaspace: 5350K->5350K(1056768K)], 0.2329575 secs] [Times: user=0.23 sys=0.00, real=0.23 secs] 
2018-03-17T00:05:22.158+0500: 548.082: [GC (Allocation Failure) 2018-03-17T00:05:22.158+0500: 548.082: [DefNew: 139776K->17471K(157248K), 0.3872087 secs] 184435K->184434K(506816K), 0.3872818 secs] [Times: user=0.39 sys=0.00, real=0.39 secs] 
2018-03-17T00:05:22.581+0500: 548.504: [GC (Allocation Failure) 2018-03-17T00:05:22.581+0500: 548.504: [DefNew: 157247K->17472K(157248K), 0.3656986 secs] 324210K->324208K(506816K), 0.3657807 secs] [Times: user=0.36 sys=0.00, real=0.37 secs] 
2018-03-17T00:05:23.002+0500: 548.926: [GC (Allocation Failure) 2018-03-17T00:05:23.002+0500: 548.926: [DefNew: 157248K->157248K(157248K), 0.0000274 secs]2018-03-17T00:05:23.002+0500: 548.926: [Tenured: 306736K->34272K(349568K), 0.3009711 secs] 463984K->34272K(506816K), [Metaspace: 5350K->5350K(1056768K)], 0.3011113 secs] [Times: user=0.30 sys=0.01, real=0.30 secs] 
2018-03-17T00:05:23.378+0500: 549.301: [GC (Allocation Failure) 2018-03-17T00:05:23.378+0500: 549.301: [DefNew: 139776K->17472K(157248K), 0.5006340 secs] 174048K->174046K(506816K), 0.5008333 secs] [Times: user=0.48 sys=0.00, real=0.50 secs] 
2018-03-17T00:05:23.924+0500: 549.848: [GC (Allocation Failure) 2018-03-17T00:05:23.924+0500: 549.848: [DefNew: 157248K->17472K(157248K), 0.3788716 secs] 313822K->313821K(506816K), 0.3789456 secs] [Times: user=0.38 sys=0.00, real=0.38 secs] 
2018-03-17T00:05:24.354+0500: 550.278: [GC (Allocation Failure) 2018-03-17T00:05:24.355+0500: 550.278: [DefNew: 157248K->157248K(157248K), 0.0000274 secs]2018-03-17T00:05:24.355+0500: 550.278: [Tenured: 296349K->23908K(349568K), 0.1733550 secs] 453597K->23908K(506816K), [Metaspace: 5350K->5350K(1056768K)], 0.1734794 secs] [Times: user=0.17 sys=0.00, real=0.17 secs] 
2018-03-17T00:05:24.564+0500: 550.488: [GC (Allocation Failure) 2018-03-17T00:05:24.564+0500: 550.488: [DefNew: 139776K->17472K(157248K), 0.3526988 secs] 163684K->163683K(506816K), 0.3527749 secs] [Times: user=0.36 sys=0.00, real=0.35 secs] 
2018-03-17T00:05:24.953+0500: 550.877: [GC (Allocation Failure) 2018-03-17T00:05:24.953+0500: 550.877: [DefNew: 157248K->17472K(157248K), 0.2986908 secs] 303459K->303458K(506816K), 0.2987541 secs] [Times: user=0.30 sys=0.00, real=0.30 secs] 
2018-03-17T00:05:25.290+0500: 551.214: [GC (Allocation Failure) 2018-03-17T00:05:25.290+0500: 551.214: [DefNew: 146063K->146063K(157248K), 0.0000145 secs]2018-03-17T00:05:25.290+0500: 551.214: [Tenured: 285986K->715K(349568K), 0.1455878 secs] 432050K->715K(506816K), [Metaspace: 5350K->5350K(1056768K)], 0.1456665 secs] [Times: user=0.14 sys=0.00, real=0.15 secs] 
2018-03-17T00:05:25.464+0500: 551.388: [GC (Allocation Failure) 2018-03-17T00:05:25.464+0500: 551.388: [DefNew: 139776K->17472K(157248K), 0.2495911 secs] 140491K->140490K(506816K), 0.2496710 secs] [Times: user=0.24 sys=0.00, real=0.25 secs] 
2018-03-17T00:05:25.744+0500: 551.668: [GC (Allocation Failure) 2018-03-17T00:05:25.745+0500: 551.668: [DefNew: 157248K->17472K(157248K), 0.2763416 secs] 280266K->280229K(506816K), 0.2764315 secs] [Times: user=0.27 sys=0.00, real=0.28 secs] 
2018-03-17T00:05:26.053+0500: 551.976: [GC (Allocation Failure) 2018-03-17T00:05:26.053+0500: 551.976: [DefNew: 157248K->157248K(157248K), 0.0000167 secs]2018-03-17T00:05:26.053+0500: 551.976: [Tenured: 262757K->205160K(349568K), 0.5285730 secs] 420005K->205160K(506816K), [Metaspace: 5350K->5350K(1056768K)], 0.5286667 secs] [Times: user=0.53 sys=0.00, real=0.53 secs] 
2018-03-17T00:05:26.618+0500: 552.541: [GC (Allocation Failure) 2018-03-17T00:05:26.618+0500: 552.541: [DefNew: 139776K->17472K(157248K), 0.3487695 secs] 344936K->344935K(506816K), 0.3488760 secs] [Times: user=0.33 sys=0.00, real=0.35 secs] 
2018-03-17T00:05:27.013+0500: 552.936: [GC (Allocation Failure) 2018-03-17T00:05:27.013+0500: 552.936: [DefNew: 157248K->157248K(157248K), 0.0000261 secs]2018-03-17T00:05:27.013+0500: 552.936: [Tenured: 327463K->55022K(349568K), 0.2902344 secs] 484711K->55022K(506816K), [Metaspace: 5350K->5350K(1056768K)], 0.2903588 secs] [Times: user=0.30 sys=0.00, real=0.29 secs] 
2018-03-17T00:05:27.348+0500: 553.271: [GC (Allocation Failure) 2018-03-17T00:05:27.348+0500: 553.272: [DefNew: 139776K->17472K(157248K), 0.3886589 secs] 194798K->194797K(506816K), 0.3887461 secs] [Times: user=0.39 sys=0.00, real=0.39 secs] 
2018-03-17T00:05:27.798+0500: 553.722: [GC (Allocation Failure) 2018-03-17T00:05:27.798+0500: 553.722: [DefNew: 157248K->17471K(157248K), 0.4313721 secs] 334573K->334572K(506816K), 0.4314516 secs] [Times: user=0.44 sys=0.00, real=0.43 secs] 
2018-03-17T00:05:28.265+0500: 554.189: [GC (Allocation Failure) 2018-03-17T00:05:28.266+0500: 554.189: [DefNew: 157247K->157247K(157248K), 0.0000282 secs]2018-03-17T00:05:28.266+0500: 554.189: [Tenured: 317100K->44659K(349568K), 0.2430971 secs] 474348K->44659K(506816K), [Metaspace: 5350K->5350K(1056768K)], 0.2432284 secs] [Times: user=0.25 sys=0.00, real=0.24 secs] 
2018-03-17T00:05:28.555+0500: 554.479: [GC (Allocation Failure) 2018-03-17T00:05:28.555+0500: 554.479: [DefNew: 139776K->17471K(157248K), 0.3473266 secs] 184435K->184434K(506816K), 0.3474100 secs] [Times: user=0.34 sys=0.00, real=0.35 secs] 
2018-03-17T00:05:28.938+0500: 554.862: [GC (Allocation Failure) 2018-03-17T00:05:28.938+0500: 554.862: [DefNew: 157247K->17472K(157248K), 0.3575103 secs] 324210K->324208K(506816K), 0.3575894 secs] [Times: user=0.36 sys=0.00, real=0.36 secs] 
2018-03-17T00:05:29.331+0500: 555.255: [GC (Allocation Failure) 2018-03-17T00:05:29.332+0500: 555.255: [DefNew: 157248K->157248K(157248K), 0.0000282 secs]2018-03-17T00:05:29.332+0500: 555.255: [Tenured: 306736K->34272K(349568K), 0.2148485 secs] 463984K->34272K(506816K), [Metaspace: 5350K->5350K(1056768K)], 0.2149832 secs] [Times: user=0.22 sys=0.00, real=0.22 secs] 
2018-03-17T00:05:29.587+0500: 555.511: [GC (Allocation Failure) 2018-03-17T00:05:29.588+0500: 555.511: [DefNew: 139776K->17472K(157248K), 0.3738022 secs] 174048K->174046K(506816K), 0.3739010 secs] [Times: user=0.38 sys=0.00, real=0.37 secs] 
2018-03-17T00:05:30.000+0500: 555.924: [GC (Allocation Failure) 2018-03-17T00:05:30.000+0500: 555.924: [DefNew: 157248K->17472K(157248K), 0.3377001 secs] 313822K->313821K(506816K), 0.3377946 secs] [Times: user=0.33 sys=0.00, real=0.34 secs] 
2018-03-17T00:05:30.374+0500: 556.298: [GC (Allocation Failure) 2018-03-17T00:05:30.374+0500: 556.298: [DefNew: 157248K->157248K(157248K), 0.0000239 secs]2018-03-17T00:05:30.374+0500: 556.298: [Tenured: 296349K->23908K(349568K), 0.1766569 secs] 453597K->23908K(506816K), [Metaspace: 5350K->5350K(1056768K)], 0.1767706 secs] [Times: user=0.17 sys=0.00, real=0.18 secs] 
2018-03-17T00:05:30.601+0500: 556.524: [GC (Allocation Failure) 2018-03-17T00:05:30.601+0500: 556.524: [DefNew: 139776K->17472K(157248K), 0.3868692 secs] 163684K->163683K(506816K), 0.3869504 secs] [Times: user=0.38 sys=0.00, real=0.39 secs] 
2018-03-17T00:05:31.030+0500: 556.953: [GC (Allocation Failure) 2018-03-17T00:05:31.030+0500: 556.953: [DefNew: 157248K->17472K(157248K), 0.3735593 secs] 303459K->303458K(506816K), 0.3736286 secs] [Times: user=0.38 sys=0.00, real=0.37 secs] 
2018-03-17T00:05:31.444+0500: 557.368: [GC (Allocation Failure) 2018-03-17T00:05:31.444+0500: 557.368: [DefNew: 146063K->146063K(157248K), 0.0000180 secs]2018-03-17T00:05:31.444+0500: 557.368: [Tenured: 285986K->715K(349568K), 0.1645308 secs] 432050K->715K(506816K), [Metaspace: 5350K->5350K(1056768K)], 0.1646762 secs] [Times: user=0.16 sys=0.00, real=0.16 secs] 
2018-03-17T00:05:31.661+0500: 557.585: [GC (Allocation Failure) 2018-03-17T00:05:31.661+0500: 557.585: [DefNew: 139776K->17472K(157248K), 0.3445417 secs] 140491K->140490K(506816K), 0.3447196 secs] [Times: user=0.34 sys=0.00, real=0.35 secs] 
2018-03-17T00:05:32.052+0500: 557.976: [GC (Allocation Failure) 2018-03-17T00:05:32.052+0500: 557.976: [DefNew: 157248K->17472K(157248K), 0.3540963 secs] 280266K->280229K(506816K), 0.3541703 secs] [Times: user=0.36 sys=0.00, real=0.35 secs] 
2018-03-17T00:05:32.443+0500: 558.367: [GC (Allocation Failure) 2018-03-17T00:05:32.443+0500: 558.367: [DefNew: 157248K->157248K(157248K), 0.0000154 secs]2018-03-17T00:05:32.443+0500: 558.367: [Tenured: 262757K->205160K(349568K), 0.6676751 secs] 420005K->205160K(506816K), [Metaspace: 5350K->5350K(1056768K)], 0.6677781 secs] [Times: user=0.66 sys=0.00, real=0.67 secs] 
2018-03-17T00:05:33.148+0500: 559.072: [GC (Allocation Failure) 2018-03-17T00:05:33.148+0500: 559.072: [DefNew: 139776K->17472K(157248K), 0.2937112 secs] 344936K->344935K(506816K), 0.2938447 secs] [Times: user=0.27 sys=0.02, real=0.29 secs] 
2018-03-17T00:05:33.485+0500: 559.408: [GC (Allocation Failure) 2018-03-17T00:05:33.485+0500: 559.408: [DefNew: 157248K->157248K(157248K), 0.0000218 secs]2018-03-17T00:05:33.485+0500: 559.408: [Tenured: 327463K->55022K(349568K), 0.3082934 secs] 484711K->55022K(506816K), [Metaspace: 5350K->5350K(1056768K)], 0.3085286 secs] [Times: user=0.31 sys=0.00, real=0.31 secs] 
2018-03-17T00:05:33.845+0500: 559.769: [GC (Allocation Failure) 2018-03-17T00:05:33.845+0500: 559.769: [DefNew: 139776K->17472K(157248K), 0.3755291 secs] 194798K->194797K(506816K), 0.3756633 secs] [Times: user=0.38 sys=0.00, real=0.38 secs] 
2018-03-17T00:05:34.259+0500: 560.183: [GC (Allocation Failure) 2018-03-17T00:05:34.259+0500: 560.183: [DefNew: 157248K->17471K(157248K), 0.3289841 secs] 334573K->334572K(506816K), 0.3290632 secs] [Times: user=0.33 sys=0.00, real=0.33 secs] 
2018-03-17T00:05:34.619+0500: 560.543: [GC (Allocation Failure) 2018-03-17T00:05:34.619+0500: 560.543: [DefNew: 157247K->157247K(157248K), 0.0000192 secs]2018-03-17T00:05:34.619+0500: 560.543: [Tenured: 317100K->44659K(349568K), 0.2437352 secs] 474348K->44659K(506816K), [Metaspace: 5350K->5350K(1056768K)], 0.2438746 secs] [Times: user=0.23 sys=0.00, real=0.24 secs] 
2018-03-17T00:05:34.902+0500: 560.826: [GC (Allocation Failure) 2018-03-17T00:05:34.902+0500: 560.826: [DefNew: 139776K->17471K(157248K), 0.3327573 secs] 184435K->184434K(506816K), 0.3328193 secs] [Times: user=0.33 sys=0.00, real=0.33 secs] 
2018-03-17T00:05:35.275+0500: 561.199: [GC (Allocation Failure) 2018-03-17T00:05:35.275+0500: 561.199: [DefNew: 157247K->17472K(157248K), 0.3336040 secs] 324210K->324208K(506816K), 0.3336904 secs] [Times: user=0.33 sys=0.00, real=0.33 secs] 
2018-03-17T00:05:35.645+0500: 561.569: [GC (Allocation Failure) 2018-03-17T00:05:35.645+0500: 561.569: [DefNew: 157248K->157248K(157248K), 0.0000158 secs]2018-03-17T00:05:35.645+0500: 561.569: [Tenured: 306736K->34272K(349568K), 0.2072478 secs] 463984K->34272K(506816K), [Metaspace: 5350K->5350K(1056768K)], 0.2074197 secs] [Times: user=0.22 sys=0.00, real=0.21 secs] 
2018-03-17T00:05:35.889+0500: 561.812: [GC (Allocation Failure) 2018-03-17T00:05:35.889+0500: 561.812: [DefNew: 139776K->17472K(157248K), 0.3328488 secs] 174048K->174046K(506816K), 0.3329553 secs] [Times: user=0.33 sys=0.00, real=0.33 secs] 
2018-03-17T00:05:36.263+0500: 562.187: [GC (Allocation Failure) 2018-03-17T00:05:36.263+0500: 562.187: [DefNew: 157248K->17472K(157248K), 0.3050988 secs] 313822K->313821K(506816K), 0.3051903 secs] [Times: user=0.31 sys=0.00, real=0.31 secs] 
2018-03-17T00:05:36.605+0500: 562.529: [GC (Allocation Failure) 2018-03-17T00:05:36.605+0500: 562.529: [DefNew: 157248K->157248K(157248K), 0.0000252 secs]2018-03-17T00:05:36.605+0500: 562.529: [Tenured: 296349K->23908K(349568K), 0.1791916 secs] 453597K->23908K(506816K), [Metaspace: 5350K->5350K(1056768K)], 0.1793177 secs] [Times: user=0.17 sys=0.00, real=0.18 secs] 
2018-03-17T00:05:36.826+0500: 562.750: [GC (Allocation Failure) 2018-03-17T00:05:36.826+0500: 562.750: [DefNew: 139776K->17472K(157248K), 0.3041716 secs] 163684K->163683K(506816K), 0.3042473 secs] [Times: user=0.30 sys=0.00, real=0.31 secs] 
2018-03-17T00:05:37.163+0500: 563.086: [GC (Allocation Failure) 2018-03-17T00:05:37.163+0500: 563.086: [DefNew: 157248K->17472K(157248K), 0.3211918 secs] 303459K->303458K(506816K), 0.3212560 secs] [Times: user=0.31 sys=0.00, real=0.32 secs] 
2018-03-17T00:05:37.521+0500: 563.445: [GC (Allocation Failure) 2018-03-17T00:05:37.521+0500: 563.445: [DefNew: 146063K->146063K(157248K), 0.0000145 secs]2018-03-17T00:05:37.521+0500: 563.445: [Tenured: 285986K->715K(349568K), 0.1540964 secs] 432050K->715K(506816K), [Metaspace: 5350K->5350K(1056768K)], 0.1541841 secs] [Times: user=0.16 sys=0.00, real=0.15 secs] 
2018-03-17T00:05:37.707+0500: 563.631: [GC (Allocation Failure) 2018-03-17T00:05:37.707+0500: 563.631: [DefNew: 139776K->17472K(157248K), 0.2874795 secs] 140491K->140490K(506816K), 0.2875500 secs] [Times: user=0.30 sys=0.00, real=0.29 secs] 
2018-03-17T00:05:38.031+0500: 563.955: [GC (Allocation Failure) 2018-03-17T00:05:38.031+0500: 563.955: [DefNew: 157248K->17472K(157248K), 0.2992733 secs] 280266K->280229K(506816K), 0.2993344 secs] [Times: user=0.30 sys=0.00, real=0.30 secs] 
2018-03-17T00:05:38.365+0500: 564.288: [GC (Allocation Failure) 2018-03-17T00:05:38.365+0500: 564.288: [DefNew: 157248K->157248K(157248K), 0.0000167 secs]2018-03-17T00:05:38.365+0500: 564.288: [Tenured: 262757K->205160K(349568K), 0.5614553 secs] 420005K->205160K(506816K), [Metaspace: 5350K->5350K(1056768K)], 0.5615477 secs] [Times: user=0.56 sys=0.00, real=0.56 secs] 
2018-03-17T00:05:38.960+0500: 564.884: [GC (Allocation Failure) 2018-03-17T00:05:38.960+0500: 564.884: [DefNew: 139776K->17472K(157248K), 0.2760461 secs] 344936K->344935K(506816K), 0.2761270 secs] [Times: user=0.25 sys=0.00, real=0.28 secs] 
2018-03-17T00:05:39.274+0500: 565.198: [GC (Allocation Failure) 2018-03-17T00:05:39.274+0500: 565.198: [DefNew: 157248K->157248K(157248K), 0.0000167 secs]2018-03-17T00:05:39.274+0500: 565.198: [Tenured: 327463K->55022K(349568K), 0.2602995 secs] 484711K->55022K(506816K), [Metaspace: 5350K->5350K(1056768K)], 0.2604346 secs] [Times: user=0.25 sys=0.00, real=0.26 secs] 
2018-03-17T00:05:39.578+0500: 565.502: [GC (Allocation Failure) 2018-03-17T00:05:39.578+0500: 565.502: [DefNew: 139776K->17472K(157248K), 0.3123458 secs] 194798K->194797K(506816K), 0.3124544 secs] [Times: user=0.31 sys=0.00, real=0.31 secs] 
2018-03-17T00:05:39.922+0500: 565.846: [GC (Allocation Failure) 2018-03-17T00:05:39.922+0500: 565.846: [DefNew: 157248K->17471K(157248K), 0.2964551 secs] 334573K->334572K(506816K), 0.2965286 secs] [Times: user=0.28 sys=0.00, real=0.30 secs] 
2018-03-17T00:05:40.249+0500: 566.173: [GC (Allocation Failure) 2018-03-17T00:05:40.249+0500: 566.173: [DefNew: 157247K->157247K(157248K), 0.0000141 secs]2018-03-17T00:05:40.249+0500: 566.173: [Tenured: 317100K->44659K(349568K), 0.2323968 secs] 474348K->44659K(506816K), [Metaspace: 5350K->5350K(1056768K)], 0.2324853 secs] [Times: user=0.23 sys=0.00, real=0.23 secs] 
2018-03-17T00:05:40.517+0500: 566.441: [GC (Allocation Failure) 2018-03-17T00:05:40.517+0500: 566.441: [DefNew: 139776K->17471K(157248K), 0.3191682 secs] 184435K->184434K(506816K), 0.3192678 secs] [Times: user=0.33 sys=0.00, real=0.32 secs] 
2018-03-17T00:05:40.870+0500: 566.793: [GC (Allocation Failure) 2018-03-17T00:05:40.870+0500: 566.793: [DefNew: 157247K->17472K(157248K), 0.3151251 secs] 324210K->324208K(506816K), 0.3152205 secs] [Times: user=0.30 sys=0.00, real=0.32 secs] 
2018-03-17T00:05:41.219+0500: 567.143: [GC (Allocation Failure) 2018-03-17T00:05:41.219+0500: 567.143: [DefNew: 157248K->157248K(157248K), 0.0000308 secs]2018-03-17T00:05:41.220+0500: 567.143: [Tenured: 306736K->34272K(349568K), 0.2007244 secs] 463984K->34272K(506816K), [Metaspace: 5350K->5350K(1056768K)], 0.2008582 secs] [Times: user=0.20 sys=0.00, real=0.20 secs] 
2018-03-17T00:05:41.457+0500: 567.381: [GC (Allocation Failure) 2018-03-17T00:05:41.457+0500: 567.381: [DefNew: 139776K->17472K(157248K), 0.3248778 secs] 174048K->174046K(506816K), 0.3249577 secs] [Times: user=0.33 sys=0.00, real=0.33 secs] 
2018-03-17T00:05:41.822+0500: 567.746: [GC (Allocation Failure) 2018-03-17T00:05:41.822+0500: 567.746: [DefNew: 157248K->17472K(157248K), 0.3143134 secs] 313822K->313821K(506816K), 0.3143887 secs] [Times: user=0.31 sys=0.00, real=0.32 secs] 
2018-03-17T00:05:42.171+0500: 568.095: [GC (Allocation Failure) 2018-03-17T00:05:42.172+0500: 568.095: [DefNew: 157248K->157248K(157248K), 0.0000231 secs]2018-03-17T00:05:42.172+0500: 568.095: [Tenured: 296349K->23908K(349568K), 0.1840245 secs] 453597K->23908K(506816K), [Metaspace: 5350K->5350K(1056768K)], 0.1841532 secs] [Times: user=0.19 sys=0.00, real=0.18 secs] 
2018-03-17T00:05:42.395+0500: 568.319: [GC (Allocation Failure) 2018-03-17T00:05:42.395+0500: 568.319: [DefNew: 139776K->17472K(157248K), 0.3338144 secs] 163684K->163683K(506816K), 0.3338983 secs] [Times: user=0.34 sys=0.00, real=0.34 secs] 
2018-03-17T00:05:42.775+0500: 568.699: [GC (Allocation Failure) 2018-03-17T00:05:42.775+0500: 568.699: [DefNew: 157248K->17472K(157248K), 0.3157037 secs] 303459K->303458K(506816K), 0.3157717 secs] [Times: user=0.31 sys=0.00, real=0.32 secs] 
2018-03-17T00:05:43.125+0500: 569.049: [GC (Allocation Failure) 2018-03-17T00:05:43.125+0500: 569.049: [DefNew: 146063K->146063K(157248K), 0.0000154 secs]2018-03-17T00:05:43.125+0500: 569.049: [Tenured: 285986K->715K(349568K), 0.1537817 secs] 432050K->715K(506816K), [Metaspace: 5350K->5350K(1056768K)], 0.1538728 secs] [Times: user=0.14 sys=0.00, real=0.15 secs] 
2018-03-17T00:05:43.312+0500: 569.235: [GC (Allocation Failure) 2018-03-17T00:05:43.312+0500: 569.235: [DefNew: 139776K->17472K(157248K), 0.2801495 secs] 140491K->140490K(506816K), 0.2802140 secs] [Times: user=0.28 sys=0.00, real=0.28 secs] 
2018-03-17T00:05:43.629+0500: 569.552: [GC (Allocation Failure) 2018-03-17T00:05:43.629+0500: 569.552: [DefNew: 157248K->17472K(157248K), 0.3250967 secs] 280266K->280229K(506816K), 0.3251604 secs] [Times: user=0.33 sys=0.00, real=0.33 secs] 
2018-03-17T00:05:43.994+0500: 569.918: [GC (Allocation Failure) 2018-03-17T00:05:43.994+0500: 569.918: [DefNew: 157248K->157248K(157248K), 0.0000150 secs]2018-03-17T00:05:43.994+0500: 569.918: [Tenured: 262757K->205160K(349568K), 0.5998526 secs] 420005K->205160K(506816K), [Metaspace: 5350K->5350K(1056768K)], 0.5999429 secs] [Times: user=0.59 sys=0.00, real=0.60 secs] 
2018-03-17T00:05:44.638+0500: 570.562: [GC (Allocation Failure) 2018-03-17T00:05:44.638+0500: 570.562: [DefNew: 139776K->17472K(157248K), 0.2978449 secs] 344936K->344935K(506816K), 0.2979104 secs] [Times: user=0.30 sys=0.00, real=0.30 secs] 
2018-03-17T00:05:44.974+0500: 570.897: [GC (Allocation Failure) 2018-03-17T00:05:44.974+0500: 570.897: [DefNew: 157248K->157248K(157248K), 0.0000150 secs]2018-03-17T00:05:44.974+0500: 570.897: [Tenured: 327463K->55022K(349568K), 0.2786801 secs] 484711K->55022K(506816K), [Metaspace: 5350K->5350K(1056768K)], 0.2787660 secs] [Times: user=0.28 sys=0.00, real=0.28 secs] 
2018-03-17T00:05:45.289+0500: 571.212: [GC (Allocation Failure) 2018-03-17T00:05:45.289+0500: 571.212: [DefNew: 139776K->17472K(157248K), 0.3185181 secs] 194798K->194797K(506816K), 0.3185848 secs] [Times: user=0.31 sys=0.00, real=0.32 secs] 
2018-03-17T00:05:45.644+0500: 571.568: [GC (Allocation Failure) 2018-03-17T00:05:45.644+0500: 571.568: [DefNew: 157248K->17471K(157248K), 0.3226433 secs] 334573K->334572K(506816K), 0.3227758 secs] [Times: user=0.33 sys=0.00, real=0.32 secs] 
2018-03-17T00:05:46.008+0500: 571.932: [GC (Allocation Failure) 2018-03-17T00:05:46.008+0500: 571.932: [DefNew: 157247K->157247K(157248K), 0.0000167 secs]2018-03-17T00:05:46.008+0500: 571.932: [Tenured: 317100K->44659K(349568K), 0.2370741 secs] 474348K->44659K(506816K), [Metaspace: 5350K->5350K(1056768K)], 0.2371737 secs] [Times: user=0.23 sys=0.00, real=0.24 secs] 
2018-03-17T00:05:46.287+0500: 572.210: [GC (Allocation Failure) 2018-03-17T00:05:46.287+0500: 572.210: [DefNew: 139776K->17471K(157248K), 0.3293057 secs] 184435K->184434K(506816K), 0.3293895 secs] [Times: user=0.34 sys=0.00, real=0.33 secs] 
2018-03-17T00:05:46.655+0500: 572.578: [GC (Allocation Failure) 2018-03-17T00:05:46.655+0500: 572.578: [DefNew: 157247K->17472K(157248K), 0.3330083 secs] 324210K->324208K(506816K), 0.3330823 secs] [Times: user=0.33 sys=0.00, real=0.33 secs] 
2018-03-17T00:05:47.025+0500: 572.949: [GC (Allocation Failure) 2018-03-17T00:05:47.025+0500: 572.949: [DefNew: 157248K->157248K(157248K), 0.0000150 secs]2018-03-17T00:05:47.025+0500: 572.949: [Tenured: 306736K->34272K(349568K), 0.2034237 secs] 463984K->34272K(506816K), [Metaspace: 5350K->5350K(1056768K)], 0.2035182 secs] [Times: user=0.20 sys=0.00, real=0.20 secs] 
2018-03-17T00:05:47.268+0500: 573.192: [GC (Allocation Failure) 2018-03-17T00:05:47.268+0500: 573.192: [DefNew: 139776K->17472K(157248K), 0.3103115 secs] 174048K->174046K(506816K), 0.3103833 secs] [Times: user=0.31 sys=0.00, real=0.31 secs] 
2018-03-17T00:05:47.612+0500: 573.536: [GC (Allocation Failure) 2018-03-17T00:05:47.612+0500: 573.536: [DefNew: 157248K->17472K(157248K), 0.3143027 secs] 313822K->313821K(506816K), 0.3143643 secs] [Times: user=0.31 sys=0.00, real=0.31 secs] 
2018-03-17T00:05:47.961+0500: 573.885: [GC (Allocation Failure) 2018-03-17T00:05:47.961+0500: 573.885: [DefNew: 157248K->157248K(157248K), 0.0000158 secs]2018-03-17T00:05:47.961+0500: 573.885: [Tenured: 296349K->23908K(349568K), 0.1754274 secs] 453597K->23908K(506816K), [Metaspace: 5350K->5350K(1056768K)], 0.1755300 secs] [Times: user=0.17 sys=0.00, real=0.17 secs] 
2018-03-17T00:05:48.175+0500: 574.099: [GC (Allocation Failure) 2018-03-17T00:05:48.175+0500: 574.099: [DefNew: 139776K->17472K(157248K), 0.3282614 secs] 163684K->163683K(506816K), 0.3283328 secs] [Times: user=0.33 sys=0.00, real=0.33 secs] 
2018-03-17T00:05:48.539+0500: 574.462: [GC (Allocation Failure) 2018-03-17T00:05:48.539+0500: 574.462: [DefNew: 157248K->17472K(157248K), 0.3173665 secs] 303459K->303458K(506816K), 0.3174392 secs] [Times: user=0.30 sys=0.00, real=0.32 secs] 
2018-03-17T00:05:48.892+0500: 574.816: [GC (Allocation Failure) 2018-03-17T00:05:48.892+0500: 574.816: [DefNew: 146063K->146063K(157248K), 0.0000359 secs]2018-03-17T00:05:48.893+0500: 574.816: [Tenured: 285986K->715K(349568K), 0.1656170 secs] 432050K->715K(506816K), [Metaspace: 5350K->5350K(1056768K)], 0.1657530 secs] [Times: user=0.16 sys=0.00, real=0.17 secs] 
2018-03-17T00:05:49.111+0500: 575.035: [GC (Allocation Failure) 2018-03-17T00:05:49.111+0500: 575.035: [DefNew: 139776K->17472K(157248K), 0.2732382 secs] 140491K->140490K(506816K), 0.2733147 secs] [Times: user=0.28 sys=0.00, real=0.27 secs] 
2018-03-17T00:05:49.417+0500: 575.341: [GC (Allocation Failure) 2018-03-17T00:05:49.417+0500: 575.341: [DefNew: 157248K->17472K(157248K), 0.3036653 secs] 280266K->280229K(506816K), 0.3037316 secs] [Times: user=0.30 sys=0.00, real=0.30 secs] 
2018-03-17T00:05:49.758+0500: 575.682: [GC (Allocation Failure) 2018-03-17T00:05:49.758+0500: 575.682: [DefNew: 157248K->157248K(157248K), 0.0000175 secs]2018-03-17T00:05:49.759+0500: 575.682: [Tenured: 262757K->205160K(349568K), 0.6516449 secs] 420005K->205160K(506816K), [Metaspace: 5350K->5350K(1056768K)], 0.6517548 secs] [Times: user=0.63 sys=0.00, real=0.65 secs] 
2018-03-17T00:05:50.454+0500: 576.377: [GC (Allocation Failure) 2018-03-17T00:05:50.454+0500: 576.377: [DefNew: 139776K->17472K(157248K), 0.3438558 secs] 344936K->344935K(506816K), 0.3439704 secs] [Times: user=0.34 sys=0.00, real=0.34 secs] 
2018-03-17T00:05:50.839+0500: 576.763: [GC (Allocation Failure) 2018-03-17T00:05:50.839+0500: 576.763: [DefNew: 157248K->157248K(157248K), 0.0000150 secs]2018-03-17T00:05:50.839+0500: 576.763: [Tenured: 327463K->55022K(349568K), 0.2882129 secs] 484711K->55022K(506816K), [Metaspace: 5350K->5350K(1056768K)], 0.2883134 secs] [Times: user=0.28 sys=0.00, real=0.29 secs] 
2018-03-17T00:05:51.171+0500: 577.095: [GC (Allocation Failure) 2018-03-17T00:05:51.171+0500: 577.095: [DefNew: 139776K->17472K(157248K), 0.2991989 secs] 194798K->194797K(506816K), 0.2992639 secs] [Times: user=0.30 sys=0.00, real=0.30 secs] 
2018-03-17T00:05:51.502+0500: 577.426: [GC (Allocation Failure) 2018-03-17T00:05:51.502+0500: 577.426: [DefNew: 157248K->17471K(157248K), 0.3225992 secs] 334573K->334572K(506816K), 0.3226715 secs] [Times: user=0.31 sys=0.00, real=0.32 secs] 
2018-03-17T00:05:51.866+0500: 577.789: [GC (Allocation Failure) 2018-03-17T00:05:51.866+0500: 577.789: [DefNew: 157247K->157247K(157248K), 0.0000218 secs]2018-03-17T00:05:51.866+0500: 577.789: [Tenured: 317100K->44659K(349568K), 0.2560409 secs] 474348K->44659K(506816K), [Metaspace: 5350K->5350K(1056768K)], 0.2561530 secs] [Times: user=0.23 sys=0.02, real=0.26 secs] 
2018-03-17T00:05:52.159+0500: 578.083: [GC (Allocation Failure) 2018-03-17T00:05:52.159+0500: 578.083: [DefNew: 139776K->17471K(157248K), 0.3205721 secs] 184435K->184434K(506816K), 0.3207214 secs] [Times: user=0.30 sys=0.00, real=0.32 secs] 
2018-03-17T00:05:52.521+0500: 578.444: [GC (Allocation Failure) 2018-03-17T00:05:52.521+0500: 578.444: [DefNew: 157247K->17472K(157248K), 0.3447410 secs] 324210K->324208K(506816K), 0.3448047 secs] [Times: user=0.36 sys=0.00, real=0.34 secs] 
2018-03-17T00:05:52.902+0500: 578.826: [GC (Allocation Failure) 2018-03-17T00:05:52.902+0500: 578.826: [DefNew: 157248K->157248K(157248K), 0.0000316 secs]2018-03-17T00:05:52.902+0500: 578.826: [Tenured: 306736K->34272K(349568K), 0.2060409 secs] 463984K->34272K(506816K), [Metaspace: 5350K->5350K(1056768K)], 0.2061701 secs] [Times: user=0.20 sys=0.00, real=0.21 secs] 
2018-03-17T00:05:53.148+0500: 579.072: [GC (Allocation Failure) 2018-03-17T00:05:53.149+0500: 579.072: [DefNew: 139776K->17472K(157248K), 0.3415238 secs] 174048K->174046K(506816K), 0.3415913 secs] [Times: user=0.33 sys=0.00, real=0.34 secs] 
2018-03-17T00:05:53.526+0500: 579.450: [GC (Allocation Failure) 2018-03-17T00:05:53.526+0500: 579.450: [DefNew: 157248K->17472K(157248K), 0.3229670 secs] 313822K->313821K(506816K), 0.3230436 secs] [Times: user=0.31 sys=0.02, real=0.32 secs] 
2018-03-17T00:05:53.883+0500: 579.806: [GC (Allocation Failure) 2018-03-17T00:05:53.883+0500: 579.806: [DefNew: 157248K->157248K(157248K), 0.0000188 secs]2018-03-17T00:05:53.883+0500: 579.806: [Tenured: 296349K->23908K(349568K), 0.1712753 secs] 453597K->23908K(506816K), [Metaspace: 5350K->5350K(1056768K)], 0.1713852 secs] [Times: user=0.17 sys=0.00, real=0.17 secs] 
2018-03-17T00:05:54.089+0500: 580.012: [GC (Allocation Failure) 2018-03-17T00:05:54.089+0500: 580.012: [DefNew: 139776K->17472K(157248K), 0.3022553 secs] 163684K->163683K(506816K), 0.3023379 secs] [Times: user=0.30 sys=0.00, real=0.30 secs] 
2018-03-17T00:05:54.423+0500: 580.347: [GC (Allocation Failure) 2018-03-17T00:05:54.423+0500: 580.347: [DefNew: 157248K->17472K(157248K), 0.3243304 secs] 303459K->303458K(506816K), 0.3243967 secs] [Times: user=0.33 sys=0.00, real=0.32 secs] 
2018-03-17T00:05:54.784+0500: 580.708: [GC (Allocation Failure) 2018-03-17T00:05:54.784+0500: 580.708: [DefNew: 146063K->146063K(157248K), 0.0000158 secs]2018-03-17T00:05:54.784+0500: 580.708: [Tenured: 285986K->715K(349568K), 0.1547554 secs] 432050K->715K(506816K), [Metaspace: 5350K->5350K(1056768K)], 0.1548529 secs] [Times: user=0.16 sys=0.00, real=0.15 secs] 
2018-03-17T00:05:54.981+0500: 580.905: [GC (Allocation Failure) 2018-03-17T00:05:54.981+0500: 580.905: [DefNew: 139776K->17472K(157248K), 0.3191002 secs] 140491K->140490K(506816K), 0.3191972 secs] [Times: user=0.28 sys=0.00, real=0.32 secs] 
2018-03-17T00:05:55.342+0500: 581.266: [GC (Allocation Failure) 2018-03-17T00:05:55.342+0500: 581.266: [DefNew: 157248K->17472K(157248K), 0.3728490 secs] 280266K->280229K(506816K), 0.3729439 secs] [Times: user=0.38 sys=0.00, real=0.37 secs] 
2018-03-17T00:05:55.764+0500: 581.688: [GC (Allocation Failure) 2018-03-17T00:05:55.764+0500: 581.688: [DefNew: 157248K->157248K(157248K), 0.0000214 secs]2018-03-17T00:05:55.764+0500: 581.688: [Tenured: 262757K->205160K(349568K), 0.6027538 secs] 420005K->205160K(506816K), [Metaspace: 5350K->5350K(1056768K)], 0.6028804 secs] [Times: user=0.61 sys=0.00, real=0.60 secs] 
2018-03-17T00:05:56.404+0500: 582.328: [GC (Allocation Failure) 2018-03-17T00:05:56.404+0500: 582.328: [DefNew: 139776K->17472K(157248K), 0.3419369 secs] 344936K->344935K(506816K), 0.3420190 secs] [Times: user=0.34 sys=0.00, real=0.34 secs] 
2018-03-17T00:05:56.790+0500: 582.714: [GC (Allocation Failure) 2018-03-17T00:05:56.790+0500: 582.714: [DefNew: 157248K->157248K(157248K), 0.0000329 secs]2018-03-17T00:05:56.790+0500: 582.714: [Tenured: 327463K->55022K(349568K), 0.3142634 secs] 484711K->55022K(506816K), [Metaspace: 5350K->5350K(1056768K)], 0.3144028 secs] [Times: user=0.31 sys=0.00, real=0.32 secs] 
2018-03-17T00:05:57.163+0500: 583.086: [GC (Allocation Failure) 2018-03-17T00:05:57.163+0500: 583.086: [DefNew: 139776K->17472K(157248K), 0.4586098 secs] 194798K->194797K(506816K), 0.4586859 secs] [Times: user=0.42 sys=0.00, real=0.46 secs] 
2018-03-17T00:05:57.671+0500: 583.595: [GC (Allocation Failure) 2018-03-17T00:05:57.671+0500: 583.595: [DefNew: 157248K->17471K(157248K), 0.4535258 secs] 334573K->334572K(506816K), 0.4536263 secs] [Times: user=0.45 sys=0.00, real=0.45 secs] 
2018-03-17T00:05:58.166+0500: 584.090: [GC (Allocation Failure) 2018-03-17T00:05:58.166+0500: 584.090: [DefNew: 157247K->157247K(157248K), 0.0000158 secs]2018-03-17T00:05:58.166+0500: 584.090: [Tenured: 317100K->44659K(349568K), 0.2775032 secs] 474348K->44659K(506816K), [Metaspace: 5350K->5350K(1056768K)], 0.2776486 secs] [Times: user=0.28 sys=0.00, real=0.28 secs] 
2018-03-17T00:05:58.502+0500: 584.426: [GC (Allocation Failure) 2018-03-17T00:05:58.502+0500: 584.426: [DefNew: 139776K->17471K(157248K), 0.4594048 secs] 184435K->184434K(506816K), 0.4594976 secs] [Times: user=0.47 sys=0.00, real=0.46 secs] 
2018-03-17T00:05:59.010+0500: 584.934: [GC (Allocation Failure) 2018-03-17T00:05:59.010+0500: 584.934: [DefNew: 157247K->17472K(157248K), 0.4194653 secs] 324210K->324208K(506816K), 0.4195646 secs] [Times: user=0.41 sys=0.00, real=0.42 secs] 
2018-03-17T00:05:59.471+0500: 585.395: [GC (Allocation Failure) 2018-03-17T00:05:59.471+0500: 585.395: [DefNew: 157248K->157248K(157248K), 0.0000214 secs]2018-03-17T00:05:59.471+0500: 585.395: [Tenured: 306736K->34272K(349568K), 0.2248445 secs] 463984K->34272K(506816K), [Metaspace: 5350K->5350K(1056768K)], 0.2249488 secs] [Times: user=0.23 sys=0.00, real=0.23 secs] 
2018-03-17T00:05:59.747+0500: 585.671: [GC (Allocation Failure) 2018-03-17T00:05:59.747+0500: 585.671: [DefNew: 139776K->17472K(157248K), 0.4375414 secs] 174048K->174046K(506816K), 0.4376265 secs] [Times: user=0.44 sys=0.00, real=0.44 secs] 
2018-03-17T00:06:00.237+0500: 586.160: [GC (Allocation Failure) 2018-03-17T00:06:00.237+0500: 586.160: [DefNew: 157248K->17472K(157248K), 0.4053630 secs] 313822K->313821K(506816K), 0.4054747 secs] [Times: user=0.38 sys=0.00, real=0.40 secs] 
2018-03-17T00:06:00.683+0500: 586.607: [GC (Allocation Failure) 2018-03-17T00:06:00.683+0500: 586.607: [DefNew: 157248K->157248K(157248K), 0.0000222 secs]2018-03-17T00:06:00.683+0500: 586.607: [Tenured: 296349K->23908K(349568K), 0.1874765 secs] 453597K->23908K(506816K), [Metaspace: 5350K->5350K(1056768K)], 0.1875826 secs] [Times: user=0.19 sys=0.00, real=0.19 secs] 
2018-03-17T00:06:00.920+0500: 586.844: [GC (Allocation Failure) 2018-03-17T00:06:00.920+0500: 586.845: [DefNew: 139776K->17472K(157248K), 0.4075915 secs] 163684K->163683K(506816K), 0.4076664 secs] [Times: user=0.41 sys=0.00, real=0.41 secs] 
2018-03-17T00:06:01.376+0500: 587.300: [GC (Allocation Failure) 2018-03-17T00:06:01.377+0500: 587.300: [DefNew: 157248K->17472K(157248K), 0.3932651 secs] 303459K->303458K(506816K), 0.3933618 secs] [Times: user=0.39 sys=0.00, real=0.39 secs] 
2018-03-17T00:06:01.815+0500: 587.739: [GC (Allocation Failure) 2018-03-17T00:06:01.815+0500: 587.739: [DefNew: 146063K->146063K(157248K), 0.0000274 secs]2018-03-17T00:06:01.815+0500: 587.739: [Tenured: 285986K->715K(349568K), 0.1660006 secs] 432050K->715K(506816K), [Metaspace: 5350K->5350K(1056768K)], 0.1661362 secs] [Times: user=0.17 sys=0.00, real=0.17 secs] 
2018-03-17T00:06:02.025+0500: 587.949: [GC (Allocation Failure) 2018-03-17T00:06:02.025+0500: 587.949: [DefNew: 139776K->17472K(157248K), 0.3485758 secs] 140491K->140490K(506816K), 0.3486630 secs] [Times: user=0.34 sys=0.00, real=0.35 secs] 
2018-03-17T00:06:02.416+0500: 588.341: [GC (Allocation Failure) 2018-03-17T00:06:02.417+0500: 588.341: [DefNew: 157248K->17472K(157248K), 0.4126532 secs] 280266K->280229K(506816K), 0.4127375 secs] [Times: user=0.41 sys=0.00, real=0.41 secs] 
2018-03-17T00:06:02.877+0500: 588.800: [GC (Allocation Failure) 2018-03-17T00:06:02.877+0500: 588.800: [DefNew: 157248K->157248K(157248K), 0.0000248 secs]2018-03-17T00:06:02.877+0500: 588.800: [Tenured: 262757K->205160K(349568K), 0.6703539 secs] 420005K->205160K(506816K), [Metaspace: 5350K->5350K(1056768K)], 0.6704775 secs] [Times: user=0.67 sys=0.00, real=0.67 secs] 
2018-03-17T00:06:03.592+0500: 589.517: [GC (Allocation Failure) 2018-03-17T00:06:03.593+0500: 589.517: [DefNew: 139776K->17472K(157248K), 0.3950288 secs] 344936K->344935K(506816K), 0.3951088 secs] [Times: user=0.39 sys=0.00, real=0.39 secs] 
2018-03-17T00:06:04.047+0500: 589.971: [GC (Allocation Failure) 2018-03-17T00:06:04.047+0500: 589.971: [DefNew: 157248K->157248K(157248K), 0.0000222 secs]2018-03-17T00:06:04.047+0500: 589.971: [Tenured: 327463K->55022K(349568K), 0.3094493 secs] 484711K->55022K(506816K), [Metaspace: 5350K->5350K(1056768K)], 0.3095656 secs] [Times: user=0.30 sys=0.00, real=0.31 secs] 
2018-03-17T00:06:04.404+0500: 590.327: [GC (Allocation Failure) 2018-03-17T00:06:04.404+0500: 590.327: [DefNew: 139776K->17472K(157248K), 0.3752998 secs] 194798K->194797K(506816K), 0.3753627 secs] [Times: user=0.38 sys=0.00, real=0.38 secs] 
2018-03-17T00:06:04.829+0500: 590.753: [GC (Allocation Failure) 2018-03-17T00:06:04.829+0500: 590.753: [DefNew: 157248K->17471K(157248K), 0.3855105 secs] 334573K->334572K(506816K), 0.3855947 secs] [Times: user=0.39 sys=0.00, real=0.38 secs] 
2018-03-17T00:06:05.257+0500: 591.181: [GC (Allocation Failure) 2018-03-17T00:06:05.257+0500: 591.181: [DefNew: 157247K->157247K(157248K), 0.0000342 secs]2018-03-17T00:06:05.257+0500: 591.181: [Tenured: 317100K->44659K(349568K), 0.2589879 secs] 474348K->44659K(506816K), [Metaspace: 5350K->5350K(1056768K)], 0.2591196 secs] [Times: user=0.25 sys=0.00, real=0.26 secs] 
2018-03-17T00:06:05.565+0500: 591.488: [GC (Allocation Failure) 2018-03-17T00:06:05.565+0500: 591.488: [DefNew: 139776K->17471K(157248K), 0.3784901 secs] 184435K->184434K(506816K), 0.3785962 secs] [Times: user=0.38 sys=0.00, real=0.38 secs] 
2018-03-17T00:06:05.994+0500: 591.918: [GC (Allocation Failure) 2018-03-17T00:06:05.994+0500: 591.918: [DefNew: 157247K->17472K(157248K), 0.3816060 secs] 324210K->324208K(506816K), 0.3816710 secs] [Times: user=0.38 sys=0.00, real=0.38 secs] 
2018-03-17T00:06:06.422+0500: 592.346: [GC (Allocation Failure) 2018-03-17T00:06:06.422+0500: 592.346: [DefNew: 157248K->157248K(157248K), 0.0000813 secs]2018-03-17T00:06:06.422+0500: 592.346: [Tenured: 306736K->34272K(349568K), 0.2525337 secs] 463984K->34272K(506816K), [Metaspace: 5350K->5350K(1056768K)], 0.2528113 secs] [Times: user=0.25 sys=0.00, real=0.25 secs] 
2018-03-17T00:06:06.729+0500: 592.653: [GC (Allocation Failure) 2018-03-17T00:06:06.729+0500: 592.653: [DefNew: 139776K->17472K(157248K), 0.4128624 secs] 174048K->174046K(506816K), 0.4129381 secs] [Times: user=0.38 sys=0.00, real=0.41 secs] 
2018-03-17T00:06:07.181+0500: 593.105: [GC (Allocation Failure) 2018-03-17T00:06:07.181+0500: 593.105: [DefNew: 157248K->17472K(157248K), 0.3626409 secs] 313822K->313821K(506816K), 0.3627204 secs] [Times: user=0.36 sys=0.00, real=0.36 secs] 
2018-03-17T00:06:07.589+0500: 593.513: [GC (Allocation Failure) 2018-03-17T00:06:07.589+0500: 593.513: [DefNew: 157248K->157248K(157248K), 0.0000462 secs]2018-03-17T00:06:07.589+0500: 593.513: [Tenured: 296349K->23908K(349568K), 0.1806281 secs] 453597K->23908K(506816K), [Metaspace: 5350K->5350K(1056768K)], 0.1808573 secs] [Times: user=0.17 sys=0.00, real=0.18 secs] 
2018-03-17T00:06:07.827+0500: 593.751: [GC (Allocation Failure) 2018-03-17T00:06:07.827+0500: 593.751: [DefNew: 139776K->17472K(157248K), 0.3858347 secs] 163684K->163683K(506816K), 0.3859074 secs] [Times: user=0.39 sys=0.00, real=0.38 secs] 
2018-03-17T00:06:08.251+0500: 594.175: [GC (Allocation Failure) 2018-03-17T00:06:08.251+0500: 594.175: [DefNew: 157248K->17472K(157248K), 0.3917504 secs] 303459K->303458K(506816K), 0.3918398 secs] [Times: user=0.39 sys=0.00, real=0.39 secs] 
2018-03-17T00:06:08.690+0500: 594.614: [GC (Allocation Failure) 2018-03-17T00:06:08.690+0500: 594.614: [DefNew: 146063K->146063K(157248K), 0.0000231 secs]2018-03-17T00:06:08.690+0500: 594.614: [Tenured: 285986K->715K(349568K), 0.1575134 secs] 432050K->715K(506816K), [Metaspace: 5350K->5350K(1056768K)], 0.1576823 secs] [Times: user=0.16 sys=0.00, real=0.16 secs] 
2018-03-17T00:06:08.885+0500: 594.809: [GC (Allocation Failure) 2018-03-17T00:06:08.885+0500: 594.809: [DefNew: 139776K->17472K(157248K), 0.3309534 secs] 140491K->140490K(506816K), 0.3310155 secs] [Times: user=0.31 sys=0.00, real=0.33 secs] 
2018-03-17T00:06:09.259+0500: 595.183: [GC (Allocation Failure) 2018-03-17T00:06:09.259+0500: 595.183: [DefNew: 157248K->17472K(157248K), 0.4005789 secs] 280266K->280229K(506816K), 0.4006477 secs] [Times: user=0.38 sys=0.00, real=0.40 secs] 
2018-03-17T00:06:09.699+0500: 595.623: [GC (Allocation Failure) 2018-03-17T00:06:09.699+0500: 595.623: [DefNew: 157248K->157248K(157248K), 0.0000171 secs]2018-03-17T00:06:09.699+0500: 595.623: [Tenured: 262757K->205160K(349568K), 0.7214239 secs] 420005K->205160K(506816K), [Metaspace: 5350K->5350K(1056768K)], 0.7215235 secs] [Times: user=0.70 sys=0.00, real=0.72 secs] 
2018-03-17T00:06:10.462+0500: 596.385: [GC (Allocation Failure) 2018-03-17T00:06:10.462+0500: 596.385: [DefNew: 139776K->17472K(157248K), 0.3625870 secs] 344936K->344935K(506816K), 0.3626631 secs] [Times: user=0.36 sys=0.00, real=0.36 secs] 
2018-03-17T00:06:10.865+0500: 596.789: [GC (Allocation Failure) 2018-03-17T00:06:10.865+0500: 596.789: [DefNew: 157248K->157248K(157248K), 0.0000154 secs]2018-03-17T00:06:10.865+0500: 596.789: [Tenured: 327463K->55022K(349568K), 0.2841681 secs] 484711K->55022K(506816K), [Metaspace: 5350K->5350K(1056768K)], 0.2842579 secs] [Times: user=0.26 sys=0.00, real=0.29 secs] 
2018-03-17T00:06:11.197+0500: 597.120: [GC (Allocation Failure) 2018-03-17T00:06:11.197+0500: 597.121: [DefNew: 139776K->17472K(157248K), 0.3863602 secs] 194798K->194797K(506816K), 0.3864526 secs] [Times: user=0.36 sys=0.00, real=0.39 secs] 
2018-03-17T00:06:11.626+0500: 597.550: [GC (Allocation Failure) 2018-03-17T00:06:11.626+0500: 597.550: [DefNew: 157248K->17471K(157248K), 0.4250287 secs] 334573K->334572K(506816K), 0.4251211 secs] [Times: user=0.42 sys=0.00, real=0.43 secs] 
2018-03-17T00:06:12.095+0500: 598.020: [GC (Allocation Failure) 2018-03-17T00:06:12.095+0500: 598.020: [DefNew: 157247K->157247K(157248K), 0.0000291 secs]2018-03-17T00:06:12.096+0500: 598.020: [Tenured: 317100K->44659K(349568K), 0.2552237 secs] 474348K->44659K(506816K), [Metaspace: 5350K->5350K(1056768K)], 0.2554319 secs] [Times: user=0.27 sys=0.00, real=0.26 secs] 
2018-03-17T00:06:12.402+0500: 598.326: [GC (Allocation Failure) 2018-03-17T00:06:12.402+0500: 598.326: [DefNew: 139776K->17471K(157248K), 0.3053088 secs] 184435K->184434K(506816K), 0.3054016 secs] [Times: user=0.30 sys=0.00, real=0.31 secs] 
2018-03-17T00:06:12.739+0500: 598.663: [GC (Allocation Failure) 2018-03-17T00:06:12.739+0500: 598.663: [DefNew: 157247K->17472K(157248K), 0.3144387 secs] 324210K->324208K(506816K), 0.3145157 secs] [Times: user=0.30 sys=0.00, real=0.31 secs] 
2018-03-17T00:06:13.087+0500: 599.011: [GC (Allocation Failure) 2018-03-17T00:06:13.087+0500: 599.011: [DefNew: 157248K->157248K(157248K), 0.0000150 secs]2018-03-17T00:06:13.087+0500: 599.011: [Tenured: 306736K->34272K(349568K), 0.1954155 secs] 463984K->34272K(506816K), [Metaspace: 5350K->5350K(1056768K)], 0.1955378 secs] [Times: user=0.19 sys=0.00, real=0.20 secs] 
2018-03-17T00:06:13.324+0500: 599.248: [GC (Allocation Failure) 2018-03-17T00:06:13.324+0500: 599.248: [DefNew: 139776K->17472K(157248K), 0.2956417 secs] 174048K->174046K(506816K), 0.2957075 secs] [Times: user=0.30 sys=0.00, real=0.30 secs] 
2018-03-17T00:06:13.649+0500: 599.574: [GC (Allocation Failure) 2018-03-17T00:06:13.649+0500: 599.574: [DefNew: 157248K->17472K(157248K), 0.3106134 secs] 313822K->313821K(506816K), 0.3106822 secs] [Times: user=0.31 sys=0.00, real=0.31 secs] 
2018-03-17T00:06:13.993+0500: 599.917: [GC (Allocation Failure) 2018-03-17T00:06:13.993+0500: 599.917: [DefNew: 157248K->157248K(157248K), 0.0000137 secs]2018-03-17T00:06:13.993+0500: 599.917: [Tenured: 296349K->23908K(349568K), 0.1722957 secs] 453597K->23908K(506816K), [Metaspace: 5350K->5350K(1056768K)], 0.1723812 secs] [Times: user=0.17 sys=0.00, real=0.17 secs] 
2018-03-17T00:06:14.209+0500: 600.133: [GC (Allocation Failure) 2018-03-17T00:06:14.209+0500: 600.133: [DefNew: 139776K->17472K(157248K), 0.3696304 secs] 163684K->163683K(506816K), 0.3696963 secs] [Times: user=0.38 sys=0.00, real=0.37 secs] 
2018-03-17T00:06:14.624+0500: 600.548: [GC (Allocation Failure) 2018-03-17T00:06:14.624+0500: 600.548: [DefNew: 157248K->17472K(157248K), 0.3517797 secs] 303459K->303458K(506816K), 0.3518507 secs] [Times: user=0.36 sys=0.00, real=0.35 secs] 
2018-03-17T00:06:15.016+0500: 600.940: [GC (Allocation Failure) 2018-03-17T00:06:15.016+0500: 600.940: [DefNew: 146063K->146063K(157248K), 0.0000235 secs]2018-03-17T00:06:15.016+0500: 600.940: [Tenured: 285986K->715K(349568K), 0.1591667 secs] 432050K->715K(506816K), [Metaspace: 5350K->5350K(1056768K)], 0.1592899 secs] [Times: user=0.16 sys=0.00, real=0.16 secs] 
2018-03-17T00:06:15.214+0500: 601.139: [GC (Allocation Failure) 2018-03-17T00:06:15.214+0500: 601.139: [DefNew: 139776K->17472K(157248K), 0.3006845 secs] 140491K->140490K(506816K), 0.3007645 secs] [Times: user=0.30 sys=0.00, real=0.30 secs] 
2018-03-17T00:06:15.552+0500: 601.475: [GC (Allocation Failure) 2018-03-17T00:06:15.552+0500: 601.475: [DefNew: 157248K->17472K(157248K), 0.3170504 secs] 280266K->280229K(506816K), 0.3172245 secs] [Times: user=0.33 sys=0.00, real=0.32 secs] 
2018-03-17T00:06:15.912+0500: 601.836: [GC (Allocation Failure) 2018-03-17T00:06:15.912+0500: 601.836: [DefNew: 157248K->157248K(157248K), 0.0000192 secs]2018-03-17T00:06:15.912+0500: 601.836: [Tenured: 262757K->205160K(349568K), 0.5416019 secs] 420005K->205160K(506816K), [Metaspace: 5350K->5350K(1056768K)], 0.5417029 secs] [Times: user=0.55 sys=0.00, real=0.54 secs] 
2018-03-17T00:06:16.486+0500: 602.411: [GC (Allocation Failure) 2018-03-17T00:06:16.486+0500: 602.411: [DefNew: 139776K->17472K(157248K), 0.2605694 secs] 344936K->344935K(506816K), 0.2606382 secs] [Times: user=0.27 sys=0.00, real=0.26 secs] 
2018-03-17T00:06:16.780+0500: 602.703: [GC (Allocation Failure) 2018-03-17T00:06:16.780+0500: 602.703: [DefNew: 157248K->157248K(157248K), 0.0000137 secs]2018-03-17T00:06:16.780+0500: 602.703: [Tenured: 327463K->55022K(349568K), 0.2543320 secs] 484711K->55022K(506816K), [Metaspace: 5350K->5350K(1056768K)], 0.2544201 secs] [Times: user=0.25 sys=0.00, real=0.25 secs] 
2018-03-17T00:06:17.070+0500: 602.994: [GC (Allocation Failure) 2018-03-17T00:06:17.070+0500: 602.994: [DefNew: 139776K->17472K(157248K), 0.3009839 secs] 194798K->194797K(506816K), 0.3010596 secs] [Times: user=0.30 sys=0.00, real=0.30 secs] 
2018-03-17T00:06:17.402+0500: 603.325: [GC (Allocation Failure) 2018-03-17T00:06:17.402+0500: 603.325: [DefNew: 157248K->17471K(157248K), 0.2999631 secs] 334573K->334572K(506816K), 0.3000448 secs] [Times: user=0.30 sys=0.00, real=0.30 secs] 
2018-03-17T00:06:17.735+0500: 603.659: [GC (Allocation Failure) 2018-03-17T00:06:17.735+0500: 603.659: [DefNew: 157247K->157247K(157248K), 0.0000145 secs]2018-03-17T00:06:17.735+0500: 603.659: [Tenured: 317100K->44659K(349568K), 0.2333235 secs] 474348K->44659K(506816K), [Metaspace: 5350K->5350K(1056768K)], 0.2334176 secs] [Times: user=0.23 sys=0.00, real=0.23 secs] 
2018-03-17T00:06:18.011+0500: 603.935: [GC (Allocation Failure) 2018-03-17T00:06:18.011+0500: 603.935: [DefNew: 139776K->17471K(157248K), 0.2914964 secs] 184435K->184434K(506816K), 0.2915610 secs] [Times: user=0.28 sys=0.00, real=0.29 secs] 
2018-03-17T00:06:18.334+0500: 604.258: [GC (Allocation Failure) 2018-03-17T00:06:18.334+0500: 604.258: [DefNew: 157247K->17472K(157248K), 0.2872511 secs] 324210K->324208K(506816K), 0.2873255 secs] [Times: user=0.30 sys=0.00, real=0.29 secs] 
2018-03-17T00:06:18.654+0500: 604.577: [GC (Allocation Failure) 2018-03-17T00:06:18.654+0500: 604.577: [DefNew: 157248K->157248K(157248K), 0.0000163 secs]2018-03-17T00:06:18.654+0500: 604.577: [Tenured: 306736K->34272K(349568K), 0.2019774 secs] 463984K->34272K(506816K), [Metaspace: 5350K->5350K(1056768K)], 0.2020920 secs] [Times: user=0.20 sys=0.00, real=0.20 secs] 
2018-03-17T00:06:18.893+0500: 604.817: [GC (Allocation Failure) 2018-03-17T00:06:18.893+0500: 604.817: [DefNew: 139776K->17472K(157248K), 0.3042046 secs] 174048K->174046K(506816K), 0.3043354 secs] [Times: user=0.31 sys=0.00, real=0.31 secs] 
2018-03-17T00:06:19.232+0500: 605.157: [GC (Allocation Failure) 2018-03-17T00:06:19.233+0500: 605.157: [DefNew: 157248K->17472K(157248K), 0.3007859 secs] 313822K->313821K(506816K), 0.3008941 secs] [Times: user=0.30 sys=0.00, real=0.30 secs] 
2018-03-17T00:06:19.567+0500: 605.491: [GC (Allocation Failure) 2018-03-17T00:06:19.567+0500: 605.491: [DefNew: 157248K->157248K(157248K), 0.0000145 secs]2018-03-17T00:06:19.567+0500: 605.491: [Tenured: 296349K->23908K(349568K), 0.1721644 secs] 453597K->23908K(506816K), [Metaspace: 5350K->5350K(1056768K)], 0.1722525 secs] [Times: user=0.17 sys=0.00, real=0.17 secs] 
2018-03-17T00:06:19.776+0500: 605.700: [GC (Allocation Failure) 2018-03-17T00:06:19.776+0500: 605.700: [DefNew: 139776K->17472K(157248K), 0.3397623 secs] 163684K->163683K(506816K), 0.3398315 secs] [Times: user=0.34 sys=0.00, real=0.34 secs] 
2018-03-17T00:06:20.150+0500: 606.074: [GC (Allocation Failure) 2018-03-17T00:06:20.150+0500: 606.074: [DefNew: 157248K->17472K(157248K), 0.3088207 secs] 303459K->303458K(506816K), 0.3088852 secs] [Times: user=0.31 sys=0.00, real=0.31 secs] 
2018-03-17T00:06:20.490+0500: 606.414: [GC (Allocation Failure) 2018-03-17T00:06:20.490+0500: 606.414: [DefNew: 146063K->146063K(157248K), 0.0000141 secs]2018-03-17T00:06:20.490+0500: 606.414: [Tenured: 285986K->715K(349568K), 0.1476521 secs] 432050K->715K(506816K), [Metaspace: 5350K->5350K(1056768K)], 0.1477406 secs] [Times: user=0.14 sys=0.00, real=0.15 secs] 
2018-03-17T00:06:20.668+0500: 606.592: [GC (Allocation Failure) 2018-03-17T00:06:20.668+0500: 606.593: [DefNew: 139776K->17472K(157248K), 0.2574877 secs] 140491K->140490K(506816K), 0.2575510 secs] [Times: user=0.25 sys=0.00, real=0.26 secs] 
2018-03-17T00:06:20.960+0500: 606.884: [GC (Allocation Failure) 2018-03-17T00:06:20.960+0500: 606.884: [DefNew: 157248K->17472K(157248K), 0.3168272 secs] 280266K->280229K(506816K), 0.3169025 secs] [Times: user=0.31 sys=0.00, real=0.32 secs] 
2018-03-17T00:06:21.319+0500: 607.243: [GC (Allocation Failure) 2018-03-17T00:06:21.319+0500: 607.243: [DefNew: 157248K->157248K(157248K), 0.0000287 secs]2018-03-17T00:06:21.319+0500: 607.243: [Tenured: 262757K->205160K(349568K), 0.5865761 secs] 420005K->205160K(506816K), [Metaspace: 5350K->5350K(1056768K)], 0.5867185 secs] [Times: user=0.58 sys=0.00, real=0.59 secs] 
2018-03-17T00:06:21.939+0500: 607.863: [GC (Allocation Failure) 2018-03-17T00:06:21.939+0500: 607.863: [DefNew: 139776K->17472K(157248K), 0.2600720 secs] 344936K->344935K(506816K), 0.2601481 secs] [Times: user=0.25 sys=0.00, real=0.26 secs] 
2018-03-17T00:06:22.233+0500: 608.157: [GC (Allocation Failure) 2018-03-17T00:06:22.233+0500: 608.157: [DefNew: 157248K->157248K(157248K), 0.0000239 secs]2018-03-17T00:06:22.233+0500: 608.157: [Tenured: 327463K->55022K(349568K), 0.2452337 secs] 484711K->55022K(506816K), [Metaspace: 5350K->5350K(1056768K)], 0.2453586 secs] [Times: user=0.25 sys=0.00, real=0.25 secs] 
2018-03-17T00:06:22.515+0500: 608.438: [GC (Allocation Failure) 2018-03-17T00:06:22.515+0500: 608.438: [DefNew: 139776K->17472K(157248K), 0.3103179 secs] 194798K->194797K(506816K), 0.3104299 secs] [Times: user=0.31 sys=0.00, real=0.31 secs] 
2018-03-17T00:06:22.859+0500: 608.782: [GC (Allocation Failure) 2018-03-17T00:06:22.859+0500: 608.782: [DefNew: 157248K->17472K(157248K), 0.2928084 secs] 334573K->334572K(506816K), 0.2928850 secs] [Times: user=0.30 sys=0.00, real=0.29 secs] 
2018-03-17T00:06:23.186+0500: 609.110: [GC (Allocation Failure) 2018-03-17T00:06:23.186+0500: 609.110: [DefNew: 157248K->157248K(157248K), 0.0000218 secs]2018-03-17T00:06:23.186+0500: 609.110: [Tenured: 317100K->44659K(349568K), 0.2289315 secs] 474348K->44659K(506816K), [Metaspace: 5350K->5350K(1056768K)], 0.2290564 secs] [Times: user=0.24 sys=0.00, real=0.23 secs] 
2018-03-17T00:06:23.456+0500: 609.381: [GC (Allocation Failure) 2018-03-17T00:06:23.456+0500: 609.381: [DefNew: 139776K->17471K(157248K), 0.2962194 secs] 184435K->184434K(506816K), 0.2962883 secs] [Times: user=0.30 sys=0.00, real=0.30 secs] 
2018-03-17T00:06:23.789+0500: 609.714: [GC (Allocation Failure) 2018-03-17T00:06:23.789+0500: 609.714: [DefNew: 157247K->17472K(157248K), 0.2903990 secs] 324210K->324208K(506816K), 0.2904752 secs] [Times: user=0.26 sys=0.00, real=0.29 secs] 
2018-03-17T00:06:24.110+0500: 610.034: [GC (Allocation Failure) 2018-03-17T00:06:24.110+0500: 610.034: [DefNew: 157248K->157248K(157248K), 0.0000158 secs]2018-03-17T00:06:24.110+0500: 610.034: [Tenured: 306736K->34272K(349568K), 0.1963803 secs] 463984K->34272K(506816K), [Metaspace: 5350K->5350K(1056768K)], 0.1964902 secs] [Times: user=0.20 sys=0.00, real=0.20 secs] 
2018-03-17T00:06:24.349+0500: 610.273: [GC (Allocation Failure) 2018-03-17T00:06:24.349+0500: 610.273: [DefNew: 139776K->17472K(157248K), 0.2974917 secs] 174048K->174046K(506816K), 0.2975635 secs] [Times: user=0.31 sys=0.00, real=0.30 secs] 
2018-03-17T00:06:24.679+0500: 610.603: [GC (Allocation Failure) 2018-03-17T00:06:24.679+0500: 610.603: [DefNew: 157248K->17472K(157248K), 0.3208497 secs] 313822K->313821K(506816K), 0.3210327 secs] [Times: user=0.31 sys=0.00, real=0.32 secs] 
2018-03-17T00:06:25.034+0500: 610.958: [GC (Allocation Failure) 2018-03-17T00:06:25.034+0500: 610.958: [DefNew: 157248K->157248K(157248K), 0.0000239 secs]2018-03-17T00:06:25.034+0500: 610.958: [Tenured: 296349K->23909K(349568K), 0.1740623 secs] 453597K->23909K(506816K), [Metaspace: 5350K->5350K(1056768K)], 0.1741713 secs] [Times: user=0.17 sys=0.00, real=0.17 secs] 
2018-03-17T00:06:25.252+0500: 611.175: [GC (Allocation Failure) 2018-03-17T00:06:25.252+0500: 611.175: [DefNew: 139776K->17472K(157248K), 0.3066807 secs] 163685K->163684K(506816K), 0.3067474 secs] [Times: user=0.31 sys=0.00, real=0.31 secs] 
2018-03-17T00:06:25.595+0500: 611.519: [GC (Allocation Failure) 2018-03-17T00:06:25.596+0500: 611.519: [DefNew: 157248K->17472K(157248K), 0.3251459 secs] 303460K->303458K(506816K), 0.3253563 secs] [Times: user=0.33 sys=0.00, real=0.33 secs] 
2018-03-17T00:06:25.954+0500: 611.878: [GC (Allocation Failure) 2018-03-17T00:06:25.954+0500: 611.878: [DefNew: 146063K->146063K(157248K), 0.0000184 secs]2018-03-17T00:06:25.954+0500: 611.878: [Tenured: 285986K->715K(349568K), 0.1490394 secs] 432050K->715K(506816K), [Metaspace: 5350K->5350K(1056768K)], 0.1491292 secs] [Times: user=0.16 sys=0.00, real=0.15 secs] 
2018-03-17T00:06:26.135+0500: 612.059: [GC (Allocation Failure) 2018-03-17T00:06:26.135+0500: 612.059: [DefNew: 139776K->17472K(157248K), 0.2785248 secs] 140491K->140490K(506816K), 0.2785928 secs] [Times: user=0.28 sys=0.00, real=0.28 secs] 
2018-03-17T00:06:26.447+0500: 612.371: [GC (Allocation Failure) 2018-03-17T00:06:26.447+0500: 612.371: [DefNew: 157248K->17472K(157248K), 0.2974818 secs] 280266K->280229K(506816K), 0.2976110 secs] [Times: user=0.30 sys=0.00, real=0.30 secs] 
2018-03-17T00:06:26.782+0500: 612.705: [GC (Allocation Failure) 2018-03-17T00:06:26.782+0500: 612.706: [DefNew: 157248K->157248K(157248K), 0.0000150 secs]2018-03-17T00:06:26.782+0500: 612.706: [Tenured: 262757K->205160K(349568K), 0.6013426 secs] 420005K->205160K(506816K), [Metaspace: 5350K->5350K(1056768K)], 0.6014345 secs] [Times: user=0.56 sys=0.00, real=0.60 secs] 
2018-03-17T00:06:27.420+0500: 613.344: [GC (Allocation Failure) 2018-03-17T00:06:27.420+0500: 613.344: [DefNew: 139776K->17472K(157248K), 0.3260337 secs] 344936K->344935K(506816K), 0.3261338 secs] [Times: user=0.33 sys=0.00, real=0.33 secs] 
2018-03-17T00:06:27.786+0500: 613.710: [GC (Allocation Failure) 2018-03-17T00:06:27.786+0500: 613.710: [DefNew: 157248K->157248K(157248K), 0.0000334 secs]2018-03-17T00:06:27.786+0500: 613.710: [Tenured: 327463K->55022K(349568K), 0.2606861 secs] 484711K->55022K(506816K), [Metaspace: 5350K->5350K(1056768K)], 0.2608469 secs] [Times: user=0.26 sys=0.00, real=0.26 secs] 
2018-03-17T00:06:28.086+0500: 614.009: [GC (Allocation Failure) 2018-03-17T00:06:28.086+0500: 614.009: [DefNew: 139776K->17472K(157248K), 0.3169709 secs] 194798K->194797K(506816K), 0.3170470 secs] [Times: user=0.31 sys=0.00, real=0.32 secs] 
2018-03-17T00:06:28.435+0500: 614.358: [GC (Allocation Failure) 2018-03-17T00:06:28.435+0500: 614.358: [DefNew: 157248K->17471K(157248K), 0.3029699 secs] 334573K->334572K(506816K), 0.3030495 secs] [Times: user=0.28 sys=0.00, real=0.30 secs] 
2018-03-17T00:06:28.770+0500: 614.694: [GC (Allocation Failure) 2018-03-17T00:06:28.770+0500: 614.694: [DefNew: 157247K->157247K(157248K), 0.0000154 secs]2018-03-17T00:06:28.770+0500: 614.694: [Tenured: 317100K->44659K(349568K), 0.2530063 secs] 474348K->44659K(506816K), [Metaspace: 5350K->5350K(1056768K)], 0.2530991 secs] [Times: user=0.27 sys=0.00, real=0.25 secs] 
2018-03-17T00:06:29.071+0500: 614.995: [GC (Allocation Failure) 2018-03-17T00:06:29.071+0500: 614.995: [DefNew: 139776K->17471K(157248K), 0.3292073 secs] 184435K->184434K(506816K), 0.3292907 secs] [Times: user=0.33 sys=0.00, real=0.33 secs] 
2018-03-17T00:06:29.452+0500: 615.376: [GC (Allocation Failure) 2018-03-17T00:06:29.452+0500: 615.376: [DefNew: 157247K->17472K(157248K), 0.3143126 secs] 324210K->324208K(506816K), 0.3143913 secs] [Times: user=0.31 sys=0.00, real=0.31 secs] 
2018-03-17T00:06:29.804+0500: 615.727: [GC (Allocation Failure) 2018-03-17T00:06:29.804+0500: 615.727: [DefNew: 157248K->157248K(157248K), 0.0000269 secs]2018-03-17T00:06:29.804+0500: 615.727: [Tenured: 306736K->34272K(349568K), 0.2035216 secs] 463984K->34272K(506816K), [Metaspace: 5350K->5350K(1056768K)], 0.2036487 secs] [Times: user=0.20 sys=0.00, real=0.20 secs] 
2018-03-17T00:06:30.047+0500: 615.971: [GC (Allocation Failure) 2018-03-17T00:06:30.048+0500: 615.971: [DefNew: 139776K->17472K(157248K), 0.3132054 secs] 174048K->174046K(506816K), 0.3132922 secs] [Times: user=0.31 sys=0.00, real=0.31 secs] 
2018-03-17T00:06:30.389+0500: 616.313: [GC (Allocation Failure) 2018-03-17T00:06:30.389+0500: 616.314: [DefNew: 157248K->17472K(157248K), 0.2865621 secs] 313822K->313821K(506816K), 0.2866554 secs] [Times: user=0.27 sys=0.00, real=0.29 secs] 
2018-03-17T00:06:30.711+0500: 616.635: [GC (Allocation Failure) 2018-03-17T00:06:30.711+0500: 616.635: [DefNew: 157248K->157248K(157248K), 0.0000145 secs]2018-03-17T00:06:30.711+0500: 616.635: [Tenured: 296349K->23908K(349568K), 0.1710422 secs] 453597K->23908K(506816K), [Metaspace: 5350K->5350K(1056768K)], 0.1711371 secs] [Times: user=0.17 sys=0.00, real=0.17 secs] 
2018-03-17T00:06:30.923+0500: 616.846: [GC (Allocation Failure) 2018-03-17T00:06:30.923+0500: 616.846: [DefNew: 139776K->17472K(157248K), 0.2993143 secs] 163684K->163683K(506816K), 0.2993793 secs] [Times: user=0.30 sys=0.00, real=0.30 secs] 
2018-03-17T00:06:31.258+0500: 617.182: [GC (Allocation Failure) 2018-03-17T00:06:31.259+0500: 617.182: [DefNew: 157248K->17472K(157248K), 0.2966099 secs] 303459K->303458K(506816K), 0.2967766 secs] [Times: user=0.30 sys=0.00, real=0.30 secs] 
2018-03-17T00:06:31.588+0500: 617.511: [GC (Allocation Failure) 2018-03-17T00:06:31.588+0500: 617.512: [DefNew: 146063K->146063K(157248K), 0.0000145 secs]2018-03-17T00:06:31.588+0500: 617.512: [Tenured: 285986K->715K(349568K), 0.1462990 secs] 432050K->715K(506816K), [Metaspace: 5350K->5350K(1056768K)], 0.1463816 secs] [Times: user=0.14 sys=0.00, real=0.15 secs] 
2018-03-17T00:06:31.766+0500: 617.690: [GC (Allocation Failure) 2018-03-17T00:06:31.766+0500: 617.690: [DefNew: 139776K->17472K(157248K), 0.2648164 secs] 140491K->140490K(506816K), 0.2648792 secs] [Times: user=0.25 sys=0.00, real=0.26 secs] 
2018-03-17T00:06:32.064+0500: 617.989: [GC (Allocation Failure) 2018-03-17T00:06:32.064+0500: 617.989: [DefNew: 157248K->17472K(157248K), 0.2984804 secs] 280266K->280229K(506816K), 0.2985574 secs] [Times: user=0.30 sys=0.00, real=0.30 secs] 
2018-03-17T00:06:32.401+0500: 618.324: [GC (Allocation Failure) 2018-03-17T00:06:32.401+0500: 618.324: [DefNew: 157248K->157248K(157248K), 0.0000205 secs]2018-03-17T00:06:32.401+0500: 618.324: [Tenured: 262757K->205160K(349568K), 0.5645481 secs] 420005K->205160K(506816K), [Metaspace: 5350K->5350K(1056768K)], 0.5646567 secs] [Times: user=0.56 sys=0.00, real=0.56 secs] 
2018-03-17T00:06:33.010+0500: 618.934: [GC (Allocation Failure) 2018-03-17T00:06:33.010+0500: 618.934: [DefNew: 139776K->17472K(157248K), 0.3164987 secs] 344936K->344935K(506816K), 0.3166523 secs] [Times: user=0.31 sys=0.00, real=0.32 secs] 
2018-03-17T00:06:33.368+0500: 619.292: [GC (Allocation Failure) 2018-03-17T00:06:33.368+0500: 619.292: [DefNew: 157248K->157248K(157248K), 0.0000158 secs]2018-03-17T00:06:33.368+0500: 619.292: [Tenured: 327463K->55022K(349568K), 0.2839103 secs] 484711K->55022K(506816K), [Metaspace: 5350K->5350K(1056768K)], 0.2840180 secs] [Times: user=0.28 sys=0.00, real=0.28 secs] 
2018-03-17T00:06:33.689+0500: 619.613: [GC (Allocation Failure) 2018-03-17T00:06:33.689+0500: 619.613: [DefNew: 139776K->17472K(157248K), 0.3654869 secs] 194798K->194797K(506816K), 0.3655570 secs] [Times: user=0.36 sys=0.00, real=0.37 secs] 
2018-03-17T00:06:34.102+0500: 620.026: [GC (Allocation Failure) 2018-03-17T00:06:34.102+0500: 620.026: [DefNew: 157248K->17471K(157248K), 0.3630082 secs] 334573K->334572K(506816K), 0.3630959 secs] [Times: user=0.34 sys=0.00, real=0.36 secs] 
2018-03-17T00:06:34.498+0500: 620.422: [GC (Allocation Failure) 2018-03-17T00:06:34.498+0500: 620.422: [DefNew: 157247K->157247K(157248K), 0.0000158 secs]2018-03-17T00:06:34.498+0500: 620.422: [Tenured: 317100K->44659K(349568K), 0.2231946 secs] 474348K->44659K(506816K), [Metaspace: 5350K->5350K(1056768K)], 0.2233040 secs] [Times: user=0.22 sys=0.00, real=0.22 secs] 
2018-03-17T00:06:34.755+0500: 620.680: [GC (Allocation Failure) 2018-03-17T00:06:34.755+0500: 620.680: [DefNew: 139776K->17471K(157248K), 0.3164594 secs] 184435K->184434K(506816K), 0.3165240 secs] [Times: user=0.33 sys=0.00, real=0.32 secs] 
2018-03-17T00:06:35.112+0500: 621.036: [GC (Allocation Failure) 2018-03-17T00:06:35.112+0500: 621.036: [DefNew: 157247K->17472K(157248K), 0.3328274 secs] 324210K->324208K(506816K), 0.3328924 secs] [Times: user=0.34 sys=0.00, real=0.33 secs] 
2018-03-17T00:06:35.477+0500: 621.400: [GC (Allocation Failure) 2018-03-17T00:06:35.477+0500: 621.400: [DefNew: 157248K->157248K(157248K), 0.0000145 secs]2018-03-17T00:06:35.477+0500: 621.400: [Tenured: 306736K->34272K(349568K), 0.1930672 secs] 463984K->34272K(506816K), [Metaspace: 5350K->5350K(1056768K)], 0.1931536 secs] [Times: user=0.19 sys=0.00, real=0.19 secs] 
2018-03-17T00:06:35.711+0500: 621.634: [GC (Allocation Failure) 2018-03-17T00:06:35.711+0500: 621.634: [DefNew: 139776K->17472K(157248K), 0.3088164 secs] 174048K->174046K(506816K), 0.3089049 secs] [Times: user=0.30 sys=0.00, real=0.31 secs] 
2018-03-17T00:06:36.054+0500: 621.978: [GC (Allocation Failure) 2018-03-17T00:06:36.054+0500: 621.978: [DefNew: 157248K->17472K(157248K), 0.3230371 secs] 313822K->313821K(506816K), 0.3231150 secs] [Times: user=0.31 sys=0.00, real=0.32 secs] 
2018-03-17T00:06:36.415+0500: 622.339: [GC (Allocation Failure) 2018-03-17T00:06:36.415+0500: 622.339: [DefNew: 157248K->157248K(157248K), 0.0000231 secs]2018-03-17T00:06:36.415+0500: 622.339: [Tenured: 296349K->23908K(349568K), 0.1762592 secs] 453597K->23908K(506816K), [Metaspace: 5350K->5350K(1056768K)], 0.1763772 secs] [Times: user=0.16 sys=0.00, real=0.18 secs] 
2018-03-17T00:06:36.631+0500: 622.555: [GC (Allocation Failure) 2018-03-17T00:06:36.631+0500: 622.555: [DefNew: 139776K->17472K(157248K), 0.3385464 secs] 163684K->163683K(506816K), 0.3386213 secs] [Times: user=0.34 sys=0.00, real=0.34 secs] 
2018-03-17T00:06:37.012+0500: 622.936: [GC (Allocation Failure) 2018-03-17T00:06:37.012+0500: 622.936: [DefNew: 157248K->17472K(157248K), 0.3491240 secs] 303459K->303458K(506816K), 0.3492078 secs] [Times: user=0.34 sys=0.00, real=0.35 secs] 
2018-03-17T00:06:37.392+0500: 623.316: [GC (Allocation Failure) 2018-03-17T00:06:37.392+0500: 623.316: [DefNew: 146063K->146063K(157248K), 0.0000257 secs]2018-03-17T00:06:37.392+0500: 623.316: [Tenured: 285986K->715K(349568K), 0.1560046 secs] 432050K->715K(506816K), [Metaspace: 5350K->5350K(1056768K)], 0.1561218 secs] [Times: user=0.14 sys=0.00, real=0.16 secs] 
2018-03-17T00:06:37.585+0500: 623.509: [GC (Allocation Failure) 2018-03-17T00:06:37.585+0500: 623.509: [DefNew: 139776K->17472K(157248K), 0.2613609 secs] 140491K->140490K(506816K), 0.2614452 secs] [Times: user=0.25 sys=0.00, real=0.26 secs] 
2018-03-17T00:06:37.879+0500: 623.804: [GC (Allocation Failure) 2018-03-17T00:06:37.879+0500: 623.804: [DefNew: 157248K->17472K(157248K), 0.3400505 secs] 280266K->280229K(506816K), 0.3401266 secs] [Times: user=0.34 sys=0.00, real=0.34 secs] 
2018-03-17T00:06:38.266+0500: 624.190: [GC (Allocation Failure) 2018-03-17T00:06:38.266+0500: 624.190: [DefNew: 157248K->157248K(157248K), 0.0000167 secs]2018-03-17T00:06:38.266+0500: 624.190: [Tenured: 262757K->205160K(349568K), 0.6512656 secs] 420005K->205160K(506816K), [Metaspace: 5350K->5350K(1056768K)], 0.6513622 secs] [Times: user=0.66 sys=0.00, real=0.65 secs] 
2018-03-17T00:06:38.961+0500: 624.885: [GC (Allocation Failure) 2018-03-17T00:06:38.961+0500: 624.885: [DefNew: 139776K->17472K(157248K), 0.2753905 secs] 344936K->344935K(506816K), 0.2754765 secs] [Times: user=0.27 sys=0.00, real=0.28 secs] 
2018-03-17T00:06:39.269+0500: 625.193: [GC (Allocation Failure) 2018-03-17T00:06:39.269+0500: 625.193: [DefNew: 157248K->157248K(157248K), 0.0000205 secs]2018-03-17T00:06:39.269+0500: 625.193: [Tenured: 327463K->55022K(349568K), 0.2583721 secs] 484711K->55022K(506816K), [Metaspace: 5350K->5350K(1056768K)], 0.2584841 secs] [Times: user=0.28 sys=0.00, real=0.26 secs] 
2018-03-17T00:06:39.563+0500: 625.487: [GC (Allocation Failure) 2018-03-17T00:06:39.563+0500: 625.487: [DefNew: 139776K->17472K(157248K), 0.3066507 secs] 194798K->194797K(506816K), 0.3067183 secs] [Times: user=0.31 sys=0.00, real=0.31 secs] 
2018-03-17T00:06:39.903+0500: 625.826: [GC (Allocation Failure) 2018-03-17T00:06:39.903+0500: 625.827: [DefNew: 157248K->17471K(157248K), 0.2975695 secs] 334573K->334572K(506816K), 0.2976320 secs] [Times: user=0.30 sys=0.00, real=0.30 secs] 
2018-03-17T00:06:40.242+0500: 626.166: [GC (Allocation Failure) 2018-03-17T00:06:40.242+0500: 626.167: [DefNew: 157247K->157247K(157248K), 0.0000188 secs]2018-03-17T00:06:40.242+0500: 626.167: [Tenured: 317100K->44659K(349568K), 0.2414691 secs] 474348K->44659K(506816K), [Metaspace: 5350K->5350K(1056768K)], 0.2415661 secs] [Times: user=0.23 sys=0.00, real=0.24 secs] 
2018-03-17T00:06:40.523+0500: 626.447: [GC (Allocation Failure) 2018-03-17T00:06:40.523+0500: 626.447: [DefNew: 139776K->17471K(157248K), 0.3032364 secs] 184435K->184434K(506816K), 0.3033039 secs] [Times: user=0.30 sys=0.00, real=0.30 secs] 
2018-03-17T00:06:40.867+0500: 626.790: [GC (Allocation Failure) 2018-03-17T00:06:40.867+0500: 626.790: [DefNew: 157247K->17472K(157248K), 0.2961275 secs] 324210K->324208K(506816K), 0.2961963 secs] [Times: user=0.28 sys=0.00, real=0.30 secs] 
2018-03-17T00:06:41.199+0500: 627.123: [GC (Allocation Failure) 2018-03-17T00:06:41.199+0500: 627.123: [DefNew: 157248K->157248K(157248K), 0.0000145 secs]2018-03-17T00:06:41.199+0500: 627.123: [Tenured: 306736K->34272K(349568K), 0.2032420 secs] 463984K->34272K(506816K), [Metaspace: 5350K->5350K(1056768K)], 0.2033587 secs] [Times: user=0.20 sys=0.00, real=0.20 secs] 
2018-03-17T00:06:41.441+0500: 627.365: [GC (Allocation Failure) 2018-03-17T00:06:41.441+0500: 627.365: [DefNew: 139776K->17472K(157248K), 0.3166181 secs] 174048K->174046K(506816K), 0.3166976 secs] [Times: user=0.33 sys=0.00, real=0.32 secs] 
2018-03-17T00:06:41.793+0500: 627.717: [GC (Allocation Failure) 2018-03-17T00:06:41.793+0500: 627.717: [DefNew: 157248K->17472K(157248K), 0.2941769 secs] 313822K->313821K(506816K), 0.2942736 secs] [Times: user=0.30 sys=0.00, real=0.29 secs] 
2018-03-17T00:06:42.121+0500: 628.045: [GC (Allocation Failure) 2018-03-17T00:06:42.121+0500: 628.045: [DefNew: 157248K->157248K(157248K), 0.0000312 secs]2018-03-17T00:06:42.121+0500: 628.045: [Tenured: 296349K->23908K(349568K), 0.1712573 secs] 453597K->23908K(506816K), [Metaspace: 5350K->5350K(1056768K)], 0.1714014 secs] [Times: user=0.17 sys=0.00, real=0.17 secs] 
2018-03-17T00:06:42.329+0500: 628.253: [GC (Allocation Failure) 2018-03-17T00:06:42.329+0500: 628.253: [DefNew: 139776K->17472K(157248K), 0.2978372 secs] 163684K->163683K(506816K), 0.2979151 secs] [Times: user=0.30 sys=0.00, real=0.30 secs] 
2018-03-17T00:06:42.661+0500: 628.585: [GC (Allocation Failure) 2018-03-17T00:06:42.661+0500: 628.585: [DefNew: 157248K->17472K(157248K), 0.2985796 secs] 303459K->303458K(506816K), 0.2986476 secs] [Times: user=0.31 sys=0.00, real=0.30 secs] 
2018-03-17T00:06:42.992+0500: 628.916: [GC (Allocation Failure) 2018-03-17T00:06:42.992+0500: 628.916: [DefNew: 146063K->146063K(157248K), 0.0000158 secs]2018-03-17T00:06:42.992+0500: 628.916: [Tenured: 285986K->715K(349568K), 0.1527314 secs] 432050K->715K(506816K), [Metaspace: 5350K->5350K(1056768K)], 0.1528207 secs] [Times: user=0.14 sys=0.00, real=0.15 secs] 
2018-03-17T00:06:43.177+0500: 629.101: [GC (Allocation Failure) 2018-03-17T00:06:43.177+0500: 629.101: [DefNew: 139776K->17472K(157248K), 0.2620862 secs] 140491K->140490K(506816K), 0.2621500 secs] [Times: user=0.27 sys=0.00, real=0.26 secs] 
2018-03-17T00:06:43.470+0500: 629.395: [GC (Allocation Failure) 2018-03-17T00:06:43.471+0500: 629.395: [DefNew: 157248K->17472K(157248K), 0.3005417 secs] 280266K->280229K(506816K), 0.3006606 secs] [Times: user=0.30 sys=0.00, real=0.30 secs] 
2018-03-17T00:06:43.807+0500: 629.731: [GC (Allocation Failure) 2018-03-17T00:06:43.807+0500: 629.731: [DefNew: 157248K->157248K(157248K), 0.0000188 secs]2018-03-17T00:06:43.807+0500: 629.731: [Tenured: 262757K->205160K(349568K), 0.5486980 secs] 420005K->205160K(506816K), [Metaspace: 5350K->5350K(1056768K)], 0.5488023 secs] [Times: user=0.55 sys=0.00, real=0.55 secs] 
2018-03-17T00:06:44.390+0500: 630.314: [GC (Allocation Failure) 2018-03-17T00:06:44.390+0500: 630.314: [DefNew: 139776K->17472K(157248K), 0.2594019 secs] 344936K->344935K(506816K), 0.2594664 secs] [Times: user=0.27 sys=0.00, real=0.26 secs] 
2018-03-17T00:06:44.681+0500: 630.605: [GC (Allocation Failure) 2018-03-17T00:06:44.681+0500: 630.605: [DefNew: 157248K->157248K(157248K), 0.0000145 secs]2018-03-17T00:06:44.681+0500: 630.605: [Tenured: 327463K->55022K(349568K), 0.2637340 secs] 484711K->55022K(506816K), [Metaspace: 5350K->5350K(1056768K)], 0.2638225 secs] [Times: user=0.27 sys=0.00, real=0.26 secs] 
2018-03-17T00:06:44.989+0500: 630.912: [GC (Allocation Failure) 2018-03-17T00:06:44.989+0500: 630.912: [DefNew: 139776K->17472K(157248K), 0.2972740 secs] 194798K->194797K(506816K), 0.2973685 secs] [Times: user=0.30 sys=0.00, real=0.30 secs] 
2018-03-17T00:06:45.321+0500: 631.245: [GC (Allocation Failure) 2018-03-17T00:06:45.321+0500: 631.245: [DefNew: 157248K->17471K(157248K), 0.2978492 secs] 334573K->334572K(506816K), 0.2979707 secs] [Times: user=0.28 sys=0.00, real=0.30 secs] 
2018-03-17T00:06:45.650+0500: 631.574: [GC (Allocation Failure) 2018-03-17T00:06:45.650+0500: 631.574: [DefNew: 157247K->157247K(157248K), 0.0000167 secs]2018-03-17T00:06:45.650+0500: 631.574: [Tenured: 317100K->44659K(349568K), 0.2280322 secs] 474348K->44659K(506816K), [Metaspace: 5350K->5350K(1056768K)], 0.2281250 secs] [Times: user=0.22 sys=0.00, real=0.23 secs] 
2018-03-17T00:06:45.914+0500: 631.838: [GC (Allocation Failure) 2018-03-17T00:06:45.914+0500: 631.838: [DefNew: 139776K->17471K(157248K), 0.2987734 secs] 184435K->184434K(506816K), 0.2988354 secs] [Times: user=0.30 sys=0.00, real=0.30 secs] 
2018-03-17T00:06:46.245+0500: 632.170: [GC (Allocation Failure) 2018-03-17T00:06:46.245+0500: 632.170: [DefNew: 157247K->17472K(157248K), 0.2833603 secs] 324210K->324208K(506816K), 0.2834343 secs] [Times: user=0.28 sys=0.00, real=0.29 secs] 
2018-03-17T00:06:46.566+0500: 632.490: [GC (Allocation Failure) 2018-03-17T00:06:46.566+0500: 632.490: [DefNew: 157248K->157248K(157248K), 0.0000171 secs]2018-03-17T00:06:46.566+0500: 632.490: [Tenured: 306736K->34272K(349568K), 0.1951486 secs] 463984K->34272K(506816K), [Metaspace: 5350K->5350K(1056768K)], 0.1952461 secs] [Times: user=0.20 sys=0.00, real=0.19 secs] 
2018-03-17T00:06:46.799+0500: 632.723: [GC (Allocation Failure) 2018-03-17T00:06:46.799+0500: 632.723: [DefNew: 139776K->17472K(157248K), 0.2958448 secs] 174048K->174046K(506816K), 0.2959047 secs] [Times: user=0.30 sys=0.00, real=0.30 secs] 
2018-03-17T00:06:47.129+0500: 633.053: [GC (Allocation Failure) 2018-03-17T00:06:47.129+0500: 633.053: [DefNew: 157248K->17472K(157248K), 0.2902220 secs] 313822K->313821K(506816K), 0.2902913 secs] [Times: user=0.30 sys=0.00, real=0.29 secs] 
2018-03-17T00:06:47.453+0500: 633.377: [GC (Allocation Failure) 2018-03-17T00:06:47.453+0500: 633.377: [DefNew: 157248K->157248K(157248K), 0.0000154 secs]2018-03-17T00:06:47.453+0500: 633.377: [Tenured: 296349K->23908K(349568K), 0.1757631 secs] 453597K->23908K(506816K), [Metaspace: 5350K->5350K(1056768K)], 0.1758529 secs] [Times: user=0.17 sys=0.00, real=0.18 secs] 
2018-03-17T00:06:47.669+0500: 633.593: [GC (Allocation Failure) 2018-03-17T00:06:47.669+0500: 633.593: [DefNew: 139776K->17472K(157248K), 0.3166339 secs] 163684K->163683K(506816K), 0.3167173 secs] [Times: user=0.31 sys=0.00, real=0.32 secs] 
2018-03-17T00:06:48.023+0500: 633.946: [GC (Allocation Failure) 2018-03-17T00:06:48.023+0500: 633.946: [DefNew: 157248K->17472K(157248K), 0.2874683 secs] 303459K->303458K(506816K), 0.2875427 secs] [Times: user=0.28 sys=0.00, real=0.29 secs] 
2018-03-17T00:06:48.343+0500: 634.266: [GC (Allocation Failure) 2018-03-17T00:06:48.343+0500: 634.266: [DefNew: 146063K->146063K(157248K), 0.0000184 secs]2018-03-17T00:06:48.343+0500: 634.267: [Tenured: 285986K->715K(349568K), 0.1476850 secs] 432050K->715K(506816K), [Metaspace: 5350K->5350K(1056768K)], 0.1477830 secs] [Times: user=0.14 sys=0.00, real=0.15 secs] 
2018-03-17T00:06:48.523+0500: 634.447: [GC (Allocation Failure) 2018-03-17T00:06:48.523+0500: 634.447: [DefNew: 139776K->17472K(157248K), 0.2556740 secs] 140491K->140490K(506816K), 0.2557334 secs] [Times: user=0.25 sys=0.00, real=0.26 secs] 
2018-03-17T00:06:48.812+0500: 634.736: [GC (Allocation Failure) 2018-03-17T00:06:48.812+0500: 634.736: [DefNew: 157248K->17472K(157248K), 0.2991300 secs] 280266K->280229K(506816K), 0.2992049 secs] [Times: user=0.27 sys=0.00, real=0.30 secs] 
2018-03-17T00:06:49.145+0500: 635.069: [GC (Allocation Failure) 2018-03-17T00:06:49.145+0500: 635.069: [DefNew: 157248K->157248K(157248K), 0.0000175 secs]2018-03-17T00:06:49.145+0500: 635.069: [Tenured: 262757K->205160K(349568K), 0.5457583 secs] 420005K->205160K(506816K), [Metaspace: 5350K->5350K(1056768K)], 0.5458528 secs] [Times: user=0.55 sys=0.00, real=0.55 secs] 
2018-03-17T00:06:49.723+0500: 635.647: [GC (Allocation Failure) 2018-03-17T00:06:49.723+0500: 635.647: [DefNew: 139776K->17472K(157248K), 0.2616701 secs] 344936K->344935K(506816K), 0.2617454 secs] [Times: user=0.27 sys=0.00, real=0.26 secs] 
2018-03-17T00:06:50.020+0500: 635.944: [GC (Allocation Failure) 2018-03-17T00:06:50.020+0500: 635.944: [DefNew: 157248K->157248K(157248K), 0.0000218 secs]2018-03-17T00:06:50.020+0500: 635.944: [Tenured: 327463K->55022K(349568K), 0.2542897 secs] 484711K->55022K(506816K), [Metaspace: 5350K->5350K(1056768K)], 0.2544180 secs] [Times: user=0.27 sys=0.00, real=0.26 secs] 
2018-03-17T00:06:50.310+0500: 636.234: [GC (Allocation Failure) 2018-03-17T00:06:50.310+0500: 636.234: [DefNew: 139776K->17472K(157248K), 0.2931698 secs] 194798K->194797K(506816K), 0.2932348 secs] [Times: user=0.30 sys=0.00, real=0.29 secs] 
2018-03-17T00:06:50.636+0500: 636.559: [GC (Allocation Failure) 2018-03-17T00:06:50.636+0500: 636.559: [DefNew: 157248K->17471K(157248K), 0.2930398 secs] 334573K->334572K(506816K), 0.2933879 secs] [Times: user=0.30 sys=0.00, real=0.29 secs] 
2018-03-17T00:06:50.960+0500: 636.884: [GC (Allocation Failure) 2018-03-17T00:06:50.960+0500: 636.884: [DefNew: 157247K->157247K(157248K), 0.0000167 secs]2018-03-17T00:06:50.960+0500: 636.884: [Tenured: 317100K->44659K(349568K), 0.2311087 secs] 474348K->44659K(506816K), [Metaspace: 5350K->5350K(1056768K)], 0.2311998 secs] [Times: user=0.22 sys=0.00, real=0.23 secs] 
2018-03-17T00:06:51.227+0500: 637.151: [GC (Allocation Failure) 2018-03-17T00:06:51.228+0500: 637.151: [DefNew: 139776K->17471K(157248K), 0.2959928 secs] 184435K->184434K(506816K), 0.2960723 secs] [Times: user=0.30 sys=0.00, real=0.30 secs] 
2018-03-17T00:06:51.556+0500: 637.480: [GC (Allocation Failure) 2018-03-17T00:06:51.556+0500: 637.480: [DefNew: 157247K->17472K(157248K), 0.2943788 secs] 324210K->324208K(506816K), 0.2944438 secs] [Times: user=0.30 sys=0.00, real=0.29 secs] 
2018-03-17T00:06:51.880+0500: 637.804: [GC (Allocation Failure) 2018-03-17T00:06:51.880+0500: 637.804: [DefNew: 157248K->157248K(157248K), 0.0000145 secs]2018-03-17T00:06:51.880+0500: 637.804: [Tenured: 306736K->34272K(349568K), 0.1986045 secs] 463984K->34272K(506816K), [Metaspace: 5350K->5350K(1056768K)], 0.1986921 secs] [Times: user=0.20 sys=0.00, real=0.20 secs] 
2018-03-17T00:06:52.119+0500: 638.043: [GC (Allocation Failure) 2018-03-17T00:06:52.119+0500: 638.043: [DefNew: 139776K->17472K(157248K), 0.2963990 secs] 174048K->174046K(506816K), 0.2964905 secs] [Times: user=0.28 sys=0.00, real=0.30 secs] 
2018-03-17T00:06:52.447+0500: 638.371: [GC (Allocation Failure) 2018-03-17T00:06:52.447+0500: 638.371: [DefNew: 157248K->17472K(157248K), 0.3031414 secs] 313822K->313821K(506816K), 0.3032017 secs] [Times: user=0.30 sys=0.00, real=0.30 secs] 
2018-03-17T00:06:52.784+0500: 638.708: [GC (Allocation Failure) 2018-03-17T00:06:52.784+0500: 638.708: [DefNew: 157248K->157248K(157248K), 0.0000145 secs]2018-03-17T00:06:52.784+0500: 638.708: [Tenured: 296349K->23908K(349568K), 0.1731321 secs] 453597K->23908K(506816K), [Metaspace: 5350K->5350K(1056768K)], 0.1732198 secs] [Times: user=0.17 sys=0.00, real=0.17 secs] 
2018-03-17T00:06:52.996+0500: 638.920: [GC (Allocation Failure) 2018-03-17T00:06:52.996+0500: 638.920: [DefNew: 139776K->17472K(157248K), 0.3083400 secs] 163684K->163683K(506816K), 0.3084054 secs] [Times: user=0.31 sys=0.00, real=0.31 secs] 
2018-03-17T00:06:53.336+0500: 639.260: [GC (Allocation Failure) 2018-03-17T00:06:53.336+0500: 639.260: [DefNew: 157248K->17472K(157248K), 0.2991843 secs] 303459K->303458K(506816K), 0.2992579 secs] [Times: user=0.28 sys=0.00, real=0.30 secs] 
2018-03-17T00:06:53.667+0500: 639.590: [GC (Allocation Failure) 2018-03-17T00:06:53.667+0500: 639.590: [DefNew: 146063K->146063K(157248K), 0.0000210 secs]2018-03-17T00:06:53.667+0500: 639.590: [Tenured: 285986K->715K(349568K), 0.1534434 secs] 432050K->715K(506816K), [Metaspace: 5350K->5350K(1056768K)], 0.1535452 secs] [Times: user=0.16 sys=0.00, real=0.15 secs] 
2018-03-17T00:06:53.855+0500: 639.779: [GC (Allocation Failure) 2018-03-17T00:06:53.855+0500: 639.779: [DefNew: 139776K->17472K(157248K), 0.2622051 secs] 140491K->140490K(506816K), 0.2622671 secs] [Times: user=0.27 sys=0.00, real=0.26 secs] 
2018-03-17T00:06:54.150+0500: 640.074: [GC (Allocation Failure) 2018-03-17T00:06:54.150+0500: 640.074: [DefNew: 157248K->17472K(157248K), 0.3056594 secs] 280266K->280229K(506816K), 0.3057283 secs] [Times: user=0.30 sys=0.00, real=0.31 secs] 
2018-03-17T00:06:54.490+0500: 640.414: [GC (Allocation Failure) 2018-03-17T00:06:54.490+0500: 640.414: [DefNew: 157248K->157248K(157248K), 0.0000167 secs]2018-03-17T00:06:54.490+0500: 640.414: [Tenured: 262757K->205160K(349568K), 0.5695170 secs] 420005K->205160K(506816K), [Metaspace: 5350K->5350K(1056768K)], 0.5696111 secs] [Times: user=0.56 sys=0.00, real=0.57 secs] 
2018-03-17T00:06:55.093+0500: 641.017: [GC (Allocation Failure) 2018-03-17T00:06:55.093+0500: 641.017: [DefNew: 139776K->17472K(157248K), 0.2814936 secs] 344936K->344935K(506816K), 0.2815565 secs] [Times: user=0.28 sys=0.00, real=0.28 secs] 
2018-03-17T00:06:55.406+0500: 641.330: [GC (Allocation Failure) 2018-03-17T00:06:55.406+0500: 641.330: [DefNew: 157248K->157248K(157248K), 0.0000145 secs]2018-03-17T00:06:55.406+0500: 641.330: [Tenured: 327463K->55022K(349568K), 0.2517362 secs] 484711K->55022K(506816K), [Metaspace: 5350K->5350K(1056768K)], 0.2518427 secs] [Times: user=0.25 sys=0.00, real=0.25 secs] 
2018-03-17T00:06:55.703+0500: 641.627: [GC (Allocation Failure) 2018-03-17T00:06:55.703+0500: 641.627: [DefNew: 139776K->17472K(157248K), 0.3345115 secs] 194798K->194797K(506816K), 0.3345838 secs] [Times: user=0.34 sys=0.00, real=0.33 secs] 
2018-03-17T00:06:56.084+0500: 642.009: [GC (Allocation Failure) 2018-03-17T00:06:56.084+0500: 642.009: [DefNew: 157248K->17471K(157248K), 0.3168494 secs] 334573K->334572K(506816K), 0.3169431 secs] [Times: user=0.31 sys=0.00, real=0.32 secs] 
2018-03-17T00:06:56.433+0500: 642.357: [GC (Allocation Failure) 2018-03-17T00:06:56.433+0500: 642.357: [DefNew: 157247K->157247K(157248K), 0.0000218 secs]2018-03-17T00:06:56.433+0500: 642.357: [Tenured: 317100K->44659K(349568K), 0.2450643 secs] 474348K->44659K(506816K), [Metaspace: 5350K->5350K(1056768K)], 0.2451760 secs] [Times: user=0.25 sys=0.00, real=0.24 secs] 
2018-03-17T00:06:56.728+0500: 642.652: [GC (Allocation Failure) 2018-03-17T00:06:56.728+0500: 642.652: [DefNew: 139776K->17471K(157248K), 0.3654801 secs] 184435K->184434K(506816K), 0.3655613 secs] [Times: user=0.36 sys=0.00, real=0.37 secs] 
2018-03-17T00:06:57.140+0500: 643.064: [GC (Allocation Failure) 2018-03-17T00:06:57.140+0500: 643.064: [DefNew: 157247K->17472K(157248K), 0.3169054 secs] 324210K->324208K(506816K), 0.3169897 secs] [Times: user=0.31 sys=0.00, real=0.32 secs] 
2018-03-17T00:06:57.490+0500: 643.414: [GC (Allocation Failure) 2018-03-17T00:06:57.490+0500: 643.414: [DefNew: 157248K->157248K(157248K), 0.0000163 secs]2018-03-17T00:06:57.490+0500: 643.414: [Tenured: 306736K->34272K(349568K), 0.2030794 secs] 463984K->34272K(506816K), [Metaspace: 5350K->5350K(1056768K)], 0.2032039 secs] [Times: user=0.20 sys=0.00, real=0.20 secs] 
2018-03-17T00:06:57.738+0500: 643.662: [GC (Allocation Failure) 2018-03-17T00:06:57.738+0500: 643.662: [DefNew: 139776K->17472K(157248K), 0.3170709 secs] 174048K->174046K(506816K), 0.3171501 secs] [Times: user=0.33 sys=0.00, real=0.32 secs] 
2018-03-17T00:06:58.094+0500: 644.018: [GC (Allocation Failure) 2018-03-17T00:06:58.094+0500: 644.018: [DefNew: 157248K->17472K(157248K), 0.3160925 secs] 313822K->313821K(506816K), 0.3161703 secs] [Times: user=0.31 sys=0.00, real=0.32 secs] 
2018-03-17T00:06:58.442+0500: 644.366: [GC (Allocation Failure) 2018-03-17T00:06:58.442+0500: 644.366: [DefNew: 157248K->157248K(157248K), 0.0000141 secs]2018-03-17T00:06:58.442+0500: 644.366: [Tenured: 296349K->23908K(349568K), 0.1772894 secs] 453597K->23908K(506816K), [Metaspace: 5350K->5350K(1056768K)], 0.1773860 secs] [Times: user=0.19 sys=0.00, real=0.18 secs] 
2018-03-17T00:06:58.659+0500: 644.583: [GC (Allocation Failure) 2018-03-17T00:06:58.659+0500: 644.583: [DefNew: 139776K->17472K(157248K), 0.3681644 secs] 163684K->163683K(506816K), 0.3682585 secs] [Times: user=0.38 sys=0.00, real=0.37 secs] 
2018-03-17T00:06:59.066+0500: 644.990: [GC (Allocation Failure) 2018-03-17T00:06:59.066+0500: 644.990: [DefNew: 157248K->17472K(157248K), 0.3380803 secs] 303459K->303458K(506816K), 0.3381662 secs] [Times: user=0.34 sys=0.00, real=0.34 secs] 
2018-03-17T00:06:59.441+0500: 645.365: [GC (Allocation Failure) 2018-03-17T00:06:59.441+0500: 645.365: [DefNew: 146063K->146063K(157248K), 0.0000158 secs]2018-03-17T00:06:59.441+0500: 645.365: [Tenured: 285986K->715K(349568K), 0.1612554 secs] 432050K->715K(506816K), [Metaspace: 5350K->5350K(1056768K)], 0.1613584 secs] [Times: user=0.17 sys=0.00, real=0.16 secs] 
2018-03-17T00:06:59.637+0500: 645.560: [GC (Allocation Failure) 2018-03-17T00:06:59.637+0500: 645.560: [DefNew: 139776K->17472K(157248K), 0.2602067 secs] 140491K->140490K(506816K), 0.2602884 secs] [Times: user=0.27 sys=0.00, real=0.26 secs] 
2018-03-17T00:06:59.928+0500: 645.852: [GC (Allocation Failure) 2018-03-17T00:06:59.928+0500: 645.852: [DefNew: 157248K->17472K(157248K), 0.3427935 secs] 280266K->280229K(506816K), 0.3428743 secs] [Times: user=0.33 sys=0.00, real=0.34 secs] 
2018-03-17T00:07:00.307+0500: 646.231: [GC (Allocation Failure) 2018-03-17T00:07:00.307+0500: 646.231: [DefNew: 157248K->157248K(157248K), 0.0000171 secs]2018-03-17T00:07:00.307+0500: 646.231: [Tenured: 262757K->205160K(349568K), 0.5809268 secs] 420005K->205160K(506816K), [Metaspace: 5350K->5350K(1056768K)], 0.5810213 secs] [Times: user=0.58 sys=0.00, real=0.58 secs] 
2018-03-17T00:07:00.923+0500: 646.846: [GC (Allocation Failure) 2018-03-17T00:07:00.923+0500: 646.847: [DefNew: 139776K->17472K(157248K), 0.2701736 secs] 344936K->344935K(506816K), 0.2702433 secs] [Times: user=0.26 sys=0.00, real=0.27 secs] 
2018-03-17T00:07:01.225+0500: 647.149: [GC (Allocation Failure) 2018-03-17T00:07:01.225+0500: 647.149: [DefNew: 157248K->157248K(157248K), 0.0000171 secs]2018-03-17T00:07:01.225+0500: 647.149: [Tenured: 327463K->55022K(349568K), 0.2475999 secs] 484711K->55022K(506816K), [Metaspace: 5350K->5350K(1056768K)], 0.2476914 secs] [Times: user=0.22 sys=0.00, real=0.25 secs] 
2018-03-17T00:07:01.508+0500: 647.432: [GC (Allocation Failure) 2018-03-17T00:07:01.508+0500: 647.432: [DefNew: 139776K->17472K(157248K), 0.2993772 secs] 194798K->194797K(506816K), 0.2994396 secs] [Times: user=0.30 sys=0.00, real=0.30 secs] 
2018-03-17T00:07:01.843+0500: 647.767: [GC (Allocation Failure) 2018-03-17T00:07:01.843+0500: 647.767: [DefNew: 157248K->17471K(157248K), 0.3910080 secs] 334573K->334572K(506816K), 0.3911803 secs] [Times: user=0.39 sys=0.00, real=0.39 secs] 
2018-03-17T00:07:02.283+0500: 648.207: [GC (Allocation Failure) 2018-03-17T00:07:02.283+0500: 648.207: [DefNew: 157247K->157247K(157248K), 0.0000265 secs]2018-03-17T00:07:02.283+0500: 648.207: [Tenured: 317100K->44659K(349568K), 0.2545347 secs] 474348K->44659K(506816K), [Metaspace: 5350K->5350K(1056768K)], 0.2546639 secs] [Times: user=0.25 sys=0.00, real=0.26 secs] 
2018-03-17T00:07:02.602+0500: 648.526: [GC (Allocation Failure) 2018-03-17T00:07:02.602+0500: 648.526: [DefNew: 139776K->17471K(157248K), 0.4615640 secs] 184435K->184434K(506816K), 0.4616422 secs] [Times: user=0.45 sys=0.00, real=0.46 secs] 
2018-03-17T00:07:03.098+0500: 649.022: [GC (Allocation Failure) 2018-03-17T00:07:03.098+0500: 649.022: [DefNew: 157247K->17472K(157248K), 0.3522745 secs] 324210K->324208K(506816K), 0.3523661 secs] [Times: user=0.36 sys=0.00, real=0.35 secs] 
2018-03-17T00:07:03.490+0500: 649.414: [GC (Allocation Failure) 2018-03-17T00:07:03.490+0500: 649.414: [DefNew: 157248K->157248K(157248K), 0.0000235 secs]2018-03-17T00:07:03.490+0500: 649.414: [Tenured: 306736K->34272K(349568K), 0.2457618 secs] 463984K->34272K(506816K), [Metaspace: 5350K->5350K(1056768K)], 0.2458705 secs] [Times: user=0.25 sys=0.00, real=0.25 secs] 
2018-03-17T00:07:03.801+0500: 649.725: [GC (Allocation Failure) 2018-03-17T00:07:03.801+0500: 649.725: [DefNew: 139776K->17472K(157248K), 0.4095930 secs] 174048K->174046K(506816K), 0.4096939 secs] [Times: user=0.39 sys=0.00, real=0.41 secs] 
2018-03-17T00:07:04.246+0500: 650.171: [GC (Allocation Failure) 2018-03-17T00:07:04.247+0500: 650.171: [DefNew: 157248K->17472K(157248K), 0.3104474 secs] 313822K->313821K(506816K), 0.3105240 secs] [Times: user=0.31 sys=0.00, real=0.31 secs] 
2018-03-17T00:07:04.596+0500: 650.521: [GC (Allocation Failure) 2018-03-17T00:07:04.597+0500: 650.521: [DefNew: 157248K->157248K(157248K), 0.0000295 secs]2018-03-17T00:07:04.597+0500: 650.521: [Tenured: 296349K->23908K(349568K), 0.1969379 secs] 453597K->23908K(506816K), [Metaspace: 5350K->5350K(1056768K)], 0.1970786 secs] [Times: user=0.20 sys=0.00, real=0.20 secs] 
2018-03-17T00:07:04.833+0500: 650.757: [GC (Allocation Failure) 2018-03-17T00:07:04.833+0500: 650.757: [DefNew: 139776K->17472K(157248K), 0.2840167 secs] 163684K->163683K(506816K), 0.2840788 secs] [Times: user=0.28 sys=0.00, real=0.28 secs] 
2018-03-17T00:07:05.150+0500: 651.074: [GC (Allocation Failure) 2018-03-17T00:07:05.150+0500: 651.074: [DefNew: 157248K->17472K(157248K), 0.2931018 secs] 303459K->303458K(506816K), 0.2931643 secs] [Times: user=0.28 sys=0.00, real=0.29 secs] 
2018-03-17T00:07:05.470+0500: 651.394: [GC (Allocation Failure) 2018-03-17T00:07:05.470+0500: 651.394: [DefNew: 146063K->146063K(157248K), 0.0000158 secs]2018-03-17T00:07:05.470+0500: 651.394: [Tenured: 285986K->715K(349568K), 0.1428945 secs] 432050K->715K(506816K), [Metaspace: 5350K->5350K(1056768K)], 0.1429809 secs] [Times: user=0.14 sys=0.00, real=0.14 secs] 
2018-03-17T00:07:05.641+0500: 651.565: [GC (Allocation Failure) 2018-03-17T00:07:05.641+0500: 651.565: [DefNew: 139776K->17472K(157248K), 0.2370749 secs] 140491K->140490K(506816K), 0.2371622 secs] [Times: user=0.23 sys=0.00, real=0.24 secs] 
2018-03-17T00:07:05.906+0500: 651.831: [GC (Allocation Failure) 2018-03-17T00:07:05.906+0500: 651.831: [DefNew: 157248K->17472K(157248K), 0.2667015 secs] 280266K->280229K(506816K), 0.2667643 secs] [Times: user=0.27 sys=0.00, real=0.27 secs] 
2018-03-17T00:07:06.204+0500: 652.127: [GC (Allocation Failure) 2018-03-17T00:07:06.204+0500: 652.127: [DefNew: 157248K->157248K(157248K), 0.0000163 secs]2018-03-17T00:07:06.204+0500: 652.127: [Tenured: 262757K->205160K(349568K), 0.5300673 secs] 420005K->205160K(506816K), [Metaspace: 5350K->5350K(1056768K)], 0.5301596 secs] [Times: user=0.53 sys=0.00, real=0.53 secs] 
2018-03-17T00:07:06.761+0500: 652.685: [GC (Allocation Failure) 2018-03-17T00:07:06.761+0500: 652.685: [DefNew: 139776K->17472K(157248K), 0.2304715 secs] 344936K->344935K(506816K), 0.2305361 secs] [Times: user=0.23 sys=0.00, real=0.23 secs] 
2018-03-17T00:07:07.018+0500: 652.942: [GC (Allocation Failure) 2018-03-17T00:07:07.018+0500: 652.942: [DefNew: 157248K->157248K(157248K), 0.0000167 secs]2018-03-17T00:07:07.018+0500: 652.942: [Tenured: 327463K->55022K(349568K), 0.2213082 secs] 484711K->55022K(506816K), [Metaspace: 5350K->5350K(1056768K)], 0.2214031 secs] [Times: user=0.22 sys=0.00, real=0.22 secs] 
2018-03-17T00:07:07.268+0500: 653.192: [GC (Allocation Failure) 2018-03-17T00:07:07.268+0500: 653.192: [DefNew: 139776K->17472K(157248K), 0.2560101 secs] 194798K->194797K(506816K), 0.2560743 secs] [Times: user=0.26 sys=0.00, real=0.26 secs] 
2018-03-17T00:07:07.551+0500: 653.475: [GC (Allocation Failure) 2018-03-17T00:07:07.551+0500: 653.475: [DefNew: 157248K->17471K(157248K), 0.2574693 secs] 334573K->334572K(506816K), 0.2575587 secs] [Times: user=0.25 sys=0.00, real=0.26 secs] 
2018-03-17T00:07:07.836+0500: 653.759: [GC (Allocation Failure) 2018-03-17T00:07:07.836+0500: 653.759: [DefNew: 157247K->157247K(157248K), 0.0000158 secs]2018-03-17T00:07:07.836+0500: 653.759: [Tenured: 317100K->44659K(349568K), 0.2142489 secs] 474348K->44659K(506816K), [Metaspace: 5350K->5350K(1056768K)], 0.2143383 secs] [Times: user=0.20 sys=0.00, real=0.21 secs] 
2018-03-17T00:07:08.080+0500: 654.003: [GC (Allocation Failure) 2018-03-17T00:07:08.080+0500: 654.003: [DefNew: 139776K->17471K(157248K), 0.2597393 secs] 184435K->184434K(506816K), 0.2598218 secs] [Times: user=0.27 sys=0.00, real=0.26 secs] 
2018-03-17T00:07:08.365+0500: 654.289: [GC (Allocation Failure) 2018-03-17T00:07:08.365+0500: 654.289: [DefNew: 157247K->17472K(157248K), 0.2531915 secs] 324210K->324208K(506816K), 0.2532548 secs] [Times: user=0.27 sys=0.00, real=0.25 secs] 
2018-03-17T00:07:08.644+0500: 654.568: [GC (Allocation Failure) 2018-03-17T00:07:08.644+0500: 654.568: [DefNew: 157248K->157248K(157248K), 0.0000197 secs]2018-03-17T00:07:08.644+0500: 654.568: [Tenured: 306736K->34272K(349568K), 0.1787836 secs] 463984K->34272K(506816K), [Metaspace: 5350K->5350K(1056768K)], 0.1788798 secs] [Times: user=0.19 sys=0.00, real=0.18 secs] 
2018-03-17T00:07:08.852+0500: 654.776: [GC (Allocation Failure) 2018-03-17T00:07:08.852+0500: 654.776: [DefNew: 139776K->17472K(157248K), 0.2860571 secs] 174048K->174046K(506816K), 0.2861178 secs] [Times: user=0.28 sys=0.00, real=0.29 secs] 
2018-03-17T00:07:09.164+0500: 655.088: [GC (Allocation Failure) 2018-03-17T00:07:09.164+0500: 655.088: [DefNew: 157248K->17472K(157248K), 0.2518858 secs] 313822K->313821K(506816K), 0.2519461 secs] [Times: user=0.25 sys=0.00, real=0.25 secs] 
2018-03-17T00:07:09.441+0500: 655.365: [GC (Allocation Failure) 2018-03-17T00:07:09.441+0500: 655.365: [DefNew: 157248K->157248K(157248K), 0.0000171 secs]2018-03-17T00:07:09.441+0500: 655.365: [Tenured: 296349K->23908K(349568K), 0.1560050 secs] 453597K->23908K(506816K), [Metaspace: 5350K->5350K(1056768K)], 0.1560940 secs] [Times: user=0.16 sys=0.00, real=0.16 secs] 
2018-03-17T00:07:09.626+0500: 655.550: [GC (Allocation Failure) 2018-03-17T00:07:09.626+0500: 655.550: [DefNew: 139776K->17472K(157248K), 0.2555979 secs] 163684K->163683K(506816K), 0.2556607 secs] [Times: user=0.27 sys=0.00, real=0.26 secs] 
2018-03-17T00:07:09.907+0500: 655.831: [GC (Allocation Failure) 2018-03-17T00:07:09.907+0500: 655.831: [DefNew: 157248K->17472K(157248K), 0.2543731 secs] 303459K->303458K(506816K), 0.2544548 secs] [Times: user=0.25 sys=0.00, real=0.25 secs] 
2018-03-17T00:07:10.187+0500: 656.111: [GC (Allocation Failure) 2018-03-17T00:07:10.187+0500: 656.111: [DefNew: 146063K->146063K(157248K), 0.0000201 secs]2018-03-17T00:07:10.187+0500: 656.111: [Tenured: 285986K->715K(349568K), 0.1365387 secs] 432050K->715K(506816K), [Metaspace: 5350K->5350K(1056768K)], 0.1366328 secs] [Times: user=0.14 sys=0.00, real=0.14 secs] 
2018-03-17T00:07:10.348+0500: 656.273: [GC (Allocation Failure) 2018-03-17T00:07:10.348+0500: 656.273: [DefNew: 139776K->17472K(157248K), 0.2249347 secs] 140491K->140490K(506816K), 0.2249954 secs] [Times: user=0.23 sys=0.00, real=0.23 secs] 
2018-03-17T00:07:10.600+0500: 656.523: [GC (Allocation Failure) 2018-03-17T00:07:10.600+0500: 656.523: [DefNew: 157248K->17472K(157248K), 0.2592774 secs] 280266K->280229K(506816K), 0.2593394 secs] [Times: user=0.25 sys=0.00, real=0.26 secs] 
2018-03-17T00:07:10.887+0500: 656.811: [GC (Allocation Failure) 2018-03-17T00:07:10.887+0500: 656.811: [DefNew: 157248K->157248K(157248K), 0.0000158 secs]2018-03-17T00:07:10.887+0500: 656.811: [Tenured: 262757K->205160K(349568K), 0.4812660 secs] 420005K->205160K(506816K), [Metaspace: 5350K->5350K(1056768K)], 0.4813562 secs] [Times: user=0.48 sys=0.00, real=0.48 secs] 
2018-03-17T00:07:11.393+0500: 657.317: [GC (Allocation Failure) 2018-03-17T00:07:11.393+0500: 657.317: [DefNew: 139776K->17472K(157248K), 0.2244215 secs] 344936K->344935K(506816K), 0.2244946 secs] [Times: user=0.23 sys=0.00, real=0.22 secs] 
2018-03-17T00:07:11.644+0500: 657.568: [GC (Allocation Failure) 2018-03-17T00:07:11.644+0500: 657.568: [DefNew: 157248K->157248K(157248K), 0.0000167 secs]2018-03-17T00:07:11.644+0500: 657.568: [Tenured: 327463K->55022K(349568K), 0.2220018 secs] 484711K->55022K(506816K), [Metaspace: 5350K->5350K(1056768K)], 0.2220908 secs] [Times: user=0.23 sys=0.00, real=0.22 secs] 
2018-03-17T00:07:11.896+0500: 657.819: [GC (Allocation Failure) 2018-03-17T00:07:11.896+0500: 657.819: [DefNew: 139776K->17472K(157248K), 0.2575334 secs] 194798K->194797K(506816K), 0.2576057 secs] [Times: user=0.27 sys=0.00, real=0.26 secs] 
2018-03-17T00:07:12.179+0500: 658.102: [GC (Allocation Failure) 2018-03-17T00:07:12.179+0500: 658.102: [DefNew: 157248K->17471K(157248K), 0.2505721 secs] 334573K->334572K(506816K), 0.2506315 secs] [Times: user=0.25 sys=0.00, real=0.25 secs] 
2018-03-17T00:07:12.455+0500: 658.379: [GC (Allocation Failure) 2018-03-17T00:07:12.455+0500: 658.379: [DefNew: 157247K->157247K(157248K), 0.0002164 secs]2018-03-17T00:07:12.455+0500: 658.379: [Tenured: 317100K->44659K(349568K), 0.2002599 secs] 474348K->44659K(506816K), [Metaspace: 5350K->5350K(1056768K)], 0.2005867 secs] [Times: user=0.20 sys=0.00, real=0.20 secs] 
2018-03-17T00:07:12.684+0500: 658.608: [GC (Allocation Failure) 2018-03-17T00:07:12.684+0500: 658.608: [DefNew: 139776K->17471K(157248K), 0.2575249 secs] 184435K->184434K(506816K), 0.2575873 secs] [Times: user=0.23 sys=0.00, real=0.26 secs] 
2018-03-17T00:07:12.967+0500: 658.891: [GC (Allocation Failure) 2018-03-17T00:07:12.967+0500: 658.891: [DefNew: 157247K->17472K(157248K), 0.2526907 secs] 324210K->324208K(506816K), 0.2527506 secs] [Times: user=0.25 sys=0.00, real=0.25 secs] 
2018-03-17T00:07:13.246+0500: 659.169: [GC (Allocation Failure) 2018-03-17T00:07:13.246+0500: 659.169: [DefNew: 157248K->157248K(157248K), 0.0000154 secs]2018-03-17T00:07:13.246+0500: 659.169: [Tenured: 306736K->34272K(349568K), 0.1780185 secs] 463984K->34272K(506816K), [Metaspace: 5350K->5350K(1056768K)], 0.1781036 secs] [Times: user=0.17 sys=0.00, real=0.18 secs] 
2018-03-17T00:07:13.452+0500: 659.376: [GC (Allocation Failure) 2018-03-17T00:07:13.452+0500: 659.376: [DefNew: 139776K->17472K(157248K), 0.2580047 secs] 174048K->174046K(506816K), 0.2580654 secs] [Times: user=0.26 sys=0.00, real=0.26 secs] 
2018-03-17T00:07:13.736+0500: 659.660: [GC (Allocation Failure) 2018-03-17T00:07:13.736+0500: 659.660: [DefNew: 157248K->17472K(157248K), 0.2541935 secs] 313822K->313821K(506816K), 0.2542563 secs] [Times: user=0.25 sys=0.00, real=0.25 secs] 
2018-03-17T00:07:14.015+0500: 659.939: [GC (Allocation Failure) 2018-03-17T00:07:14.015+0500: 659.939: [DefNew: 157248K->157248K(157248K), 0.0000163 secs]2018-03-17T00:07:14.015+0500: 659.939: [Tenured: 296349K->23908K(349568K), 0.1551993 secs] 453597K->23908K(506816K), [Metaspace: 5350K->5350K(1056768K)], 0.1553071 secs] [Times: user=0.16 sys=0.00, real=0.16 secs] 
2018-03-17T00:07:14.199+0500: 660.123: [GC (Allocation Failure) 2018-03-17T00:07:14.199+0500: 660.123: [DefNew: 139776K->17472K(157248K), 0.2558622 secs] 163684K->163683K(506816K), 0.2559319 secs] [Times: user=0.25 sys=0.00, real=0.26 secs] 
2018-03-17T00:07:14.480+0500: 660.404: [GC (Allocation Failure) 2018-03-17T00:07:14.480+0500: 660.404: [DefNew: 157248K->17472K(157248K), 0.2521985 secs] 303459K->303458K(506816K), 0.2522707 secs] [Times: user=0.25 sys=0.00, real=0.25 secs] 
2018-03-17T00:07:14.758+0500: 660.682: [GC (Allocation Failure) 2018-03-17T00:07:14.758+0500: 660.682: [DefNew: 146063K->146063K(157248K), 0.0000158 secs]2018-03-17T00:07:14.758+0500: 660.682: [Tenured: 285986K->715K(349568K), 0.1369826 secs] 432050K->715K(506816K), [Metaspace: 5350K->5350K(1056768K)], 0.1370694 secs] [Times: user=0.13 sys=0.00, real=0.14 secs] 
2018-03-17T00:07:14.921+0500: 660.845: [GC (Allocation Failure) 2018-03-17T00:07:14.921+0500: 660.845: [DefNew: 139776K->17472K(157248K), 0.2236936 secs] 140491K->140490K(506816K), 0.2237518 secs] [Times: user=0.22 sys=0.00, real=0.22 secs] 
2018-03-17T00:07:15.170+0500: 661.094: [GC (Allocation Failure) 2018-03-17T00:07:15.170+0500: 661.094: [DefNew: 157248K->17472K(157248K), 0.2559340 secs] 280266K->280229K(506816K), 0.2559973 secs] [Times: user=0.25 sys=0.00, real=0.26 secs] 
2018-03-17T00:07:15.455+0500: 661.379: [GC (Allocation Failure) 2018-03-17T00:07:15.455+0500: 661.379: [DefNew: 157248K->157248K(157248K), 0.0000171 secs]2018-03-17T00:07:15.455+0500: 661.379: [Tenured: 262757K->205160K(349568K), 0.4732111 secs] 420005K->205160K(506816K), [Metaspace: 5350K->5350K(1056768K)], 0.4733061 secs] [Times: user=0.48 sys=0.00, real=0.47 secs] 
2018-03-17T00:07:15.954+0500: 661.878: [GC (Allocation Failure) 2018-03-17T00:07:15.954+0500: 661.878: [DefNew: 139776K->17472K(157248K), 0.2229795 secs] 344936K->344935K(506816K), 0.2230410 secs] [Times: user=0.23 sys=0.00, real=0.22 secs] 
2018-03-17T00:07:16.204+0500: 662.128: [GC (Allocation Failure) 2018-03-17T00:07:16.204+0500: 662.128: [DefNew: 157248K->157248K(157248K), 0.0000175 secs]2018-03-17T00:07:16.204+0500: 662.128: [Tenured: 327463K->55022K(349568K), 0.2250989 secs] 484711K->55022K(506816K), [Metaspace: 5350K->5350K(1056768K)], 0.2251973 secs] [Times: user=0.23 sys=0.00, real=0.22 secs] 
2018-03-17T00:07:16.458+0500: 662.382: [GC (Allocation Failure) 2018-03-17T00:07:16.458+0500: 662.382: [DefNew: 139776K->17472K(157248K), 0.2560585 secs] 194798K->194797K(506816K), 0.2561222 secs] [Times: user=0.26 sys=0.00, real=0.26 secs] 
2018-03-17T00:07:16.739+0500: 662.663: [GC (Allocation Failure) 2018-03-17T00:07:16.739+0500: 662.663: [DefNew: 157248K->17471K(157248K), 0.2851513 secs] 334573K->334572K(506816K), 0.2852232 secs] [Times: user=0.30 sys=0.00, real=0.28 secs] 
2018-03-17T00:07:17.063+0500: 662.987: [GC (Allocation Failure) 2018-03-17T00:07:17.063+0500: 662.988: [DefNew: 157247K->157247K(157248K), 0.0000214 secs]2018-03-17T00:07:17.063+0500: 662.988: [Tenured: 317100K->44659K(349568K), 0.2285817 secs] 474348K->44659K(506816K), [Metaspace: 5350K->5350K(1056768K)], 0.2286852 secs] [Times: user=0.24 sys=0.00, real=0.23 secs] 
2018-03-17T00:07:17.322+0500: 663.246: [GC (Allocation Failure) 2018-03-17T00:07:17.322+0500: 663.246: [DefNew: 139776K->17471K(157248K), 0.2612095 secs] 184435K->184434K(506816K), 0.2612677 secs] [Times: user=0.25 sys=0.00, real=0.26 secs] 
2018-03-17T00:07:17.610+0500: 663.534: [GC (Allocation Failure) 2018-03-17T00:07:17.610+0500: 663.534: [DefNew: 157247K->17472K(157248K), 0.2593210 secs] 324210K->324208K(506816K), 0.2593813 secs] [Times: user=0.27 sys=0.00, real=0.26 secs] 
2018-03-17T00:07:17.896+0500: 663.820: [GC (Allocation Failure) 2018-03-17T00:07:17.896+0500: 663.820: [DefNew: 157248K->157248K(157248K), 0.0000175 secs]2018-03-17T00:07:17.896+0500: 663.820: [Tenured: 306736K->34272K(349568K), 0.1812520 secs] 463984K->34272K(506816K), [Metaspace: 5350K->5350K(1056768K)], 0.1813444 secs] [Times: user=0.19 sys=0.00, real=0.18 secs] 
2018-03-17T00:07:18.109+0500: 664.033: [GC (Allocation Failure) 2018-03-17T00:07:18.109+0500: 664.033: [DefNew: 139776K->17472K(157248K), 0.2962566 secs] 174048K->174046K(506816K), 0.2963221 secs] [Times: user=0.30 sys=0.00, real=0.30 secs] 
2018-03-17T00:07:18.435+0500: 664.359: [GC (Allocation Failure) 2018-03-17T00:07:18.435+0500: 664.359: [DefNew: 157248K->17472K(157248K), 0.3256227 secs] 313822K->313821K(506816K), 0.3256890 secs] [Times: user=0.33 sys=0.00, real=0.33 secs] 
2018-03-17T00:07:18.796+0500: 664.721: [GC (Allocation Failure) 2018-03-17T00:07:18.796+0500: 664.721: [DefNew: 157248K->157248K(157248K), 0.0000235 secs]2018-03-17T00:07:18.796+0500: 664.721: [Tenured: 296349K->23908K(349568K), 0.1629942 secs] 453597K->23908K(506816K), [Metaspace: 5350K->5350K(1056768K)], 0.1631032 secs] [Times: user=0.17 sys=0.00, real=0.16 secs] 
2018-03-17T00:07:18.990+0500: 664.914: [GC (Allocation Failure) 2018-03-17T00:07:18.990+0500: 664.914: [DefNew: 139776K->17472K(157248K), 0.2882368 secs] 163684K->163683K(506816K), 0.2883108 secs] [Times: user=0.30 sys=0.00, real=0.29 secs] 
2018-03-17T00:07:19.321+0500: 665.244: [GC (Allocation Failure) 2018-03-17T00:07:19.321+0500: 665.245: [DefNew: 157248K->17472K(157248K), 0.2690998 secs] 303459K->303458K(506816K), 0.2691669 secs] [Times: user=0.25 sys=0.02, real=0.27 secs] 
2018-03-17T00:07:19.615+0500: 665.539: [GC (Allocation Failure) 2018-03-17T00:07:19.615+0500: 665.539: [DefNew: 146063K->146063K(157248K), 0.0000163 secs]2018-03-17T00:07:19.615+0500: 665.539: [Tenured: 285986K->715K(349568K), 0.1368735 secs] 432050K->715K(506816K), [Metaspace: 5350K->5350K(1056768K)], 0.1369582 secs] [Times: user=0.14 sys=0.00, real=0.14 secs] 
2018-03-17T00:07:19.778+0500: 665.702: [GC (Allocation Failure) 2018-03-17T00:07:19.778+0500: 665.702: [DefNew: 139776K->17472K(157248K), 0.2261864 secs] 140491K->140490K(506816K), 0.2262467 secs] [Times: user=0.20 sys=0.00, real=0.23 secs] 
2018-03-17T00:07:20.030+0500: 665.954: [GC (Allocation Failure) 2018-03-17T00:07:20.030+0500: 665.954: [DefNew: 157248K->17472K(157248K), 0.2584756 secs] 280266K->280229K(506816K), 0.2585367 secs] [Times: user=0.27 sys=0.00, real=0.26 secs] 
2018-03-17T00:07:20.318+0500: 666.242: [GC (Allocation Failure) 2018-03-17T00:07:20.318+0500: 666.242: [DefNew: 157248K->157248K(157248K), 0.0000167 secs]2018-03-17T00:07:20.318+0500: 666.242: [Tenured: 262757K->205160K(349568K), 0.4788403 secs] 420005K->205160K(506816K), [Metaspace: 5350K->5350K(1056768K)], 0.4789370 secs] [Times: user=0.48 sys=0.00, real=0.48 secs] 
2018-03-17T00:07:20.822+0500: 666.746: [GC (Allocation Failure) 2018-03-17T00:07:20.822+0500: 666.746: [DefNew: 139776K->17472K(157248K), 0.2230047 secs] 344936K->344935K(506816K), 0.2230667 secs] [Times: user=0.22 sys=0.00, real=0.22 secs] 
2018-03-17T00:07:21.071+0500: 666.995: [GC (Allocation Failure) 2018-03-17T00:07:21.071+0500: 666.995: [DefNew: 157248K->157248K(157248K), 0.0000184 secs]2018-03-17T00:07:21.071+0500: 666.995: [Tenured: 327463K->55022K(349568K), 0.2310771 secs] 484711K->55022K(506816K), [Metaspace: 5350K->5350K(1056768K)], 0.2311737 secs] [Times: user=0.22 sys=0.00, real=0.23 secs] 
2018-03-17T00:07:21.331+0500: 667.255: [GC (Allocation Failure) 2018-03-17T00:07:21.331+0500: 667.255: [DefNew: 139776K->17472K(157248K), 0.2592291 secs] 194798K->194797K(506816K), 0.2593031 secs] [Times: user=0.23 sys=0.01, real=0.26 secs] 
2018-03-17T00:07:21.617+0500: 667.541: [GC (Allocation Failure) 2018-03-17T00:07:21.617+0500: 667.541: [DefNew: 157248K->17471K(157248K), 0.2542384 secs] 334573K->334572K(506816K), 0.2543153 secs] [Times: user=0.25 sys=0.00, real=0.25 secs] 
2018-03-17T00:07:21.897+0500: 667.821: [GC (Allocation Failure) 2018-03-17T00:07:21.898+0500: 667.821: [DefNew: 157247K->157247K(157248K), 0.0000364 secs]2018-03-17T00:07:21.898+0500: 667.821: [Tenured: 317100K->44659K(349568K), 0.2014377 secs] 474348K->44659K(506816K), [Metaspace: 5350K->5350K(1056768K)], 0.2015728 secs] [Times: user=0.19 sys=0.00, real=0.20 secs] 
2018-03-17T00:07:22.128+0500: 668.052: [GC (Allocation Failure) 2018-03-17T00:07:22.128+0500: 668.052: [DefNew: 139776K->17471K(157248K), 0.2660433 secs] 184435K->184434K(506816K), 0.2661040 secs] [Times: user=0.26 sys=0.00, real=0.27 secs] 
2018-03-17T00:07:22.421+0500: 668.345: [GC (Allocation Failure) 2018-03-17T00:07:22.421+0500: 668.345: [DefNew: 157247K->17472K(157248K), 0.2538791 secs] 324210K->324208K(506816K), 0.2539424 secs] [Times: user=0.25 sys=0.00, real=0.25 secs] 
2018-03-17T00:07:22.708+0500: 668.632: [GC (Allocation Failure) 2018-03-17T00:07:22.708+0500: 668.632: [DefNew: 157248K->157248K(157248K), 0.0000184 secs]2018-03-17T00:07:22.708+0500: 668.632: [Tenured: 306736K->34272K(349568K), 0.1821223 secs] 463984K->34272K(506816K), [Metaspace: 5350K->5350K(1056768K)], 0.1822211 secs] [Times: user=0.19 sys=0.00, real=0.18 secs] 
2018-03-17T00:07:22.920+0500: 668.844: [GC (Allocation Failure) 2018-03-17T00:07:22.920+0500: 668.844: [DefNew: 139776K->17472K(157248K), 0.2722481 secs] 174048K->174046K(506816K), 0.2723114 secs] [Times: user=0.27 sys=0.00, real=0.27 secs] 
2018-03-17T00:07:23.219+0500: 669.143: [GC (Allocation Failure) 2018-03-17T00:07:23.219+0500: 669.143: [DefNew: 157248K->17472K(157248K), 0.2540874 secs] 313822K->313821K(506816K), 0.2541520 secs] [Times: user=0.25 sys=0.00, real=0.25 secs] 
2018-03-17T00:07:23.506+0500: 669.430: [GC (Allocation Failure) 2018-03-17T00:07:23.506+0500: 669.430: [DefNew: 157248K->157248K(157248K), 0.0000171 secs]2018-03-17T00:07:23.506+0500: 669.430: [Tenured: 296349K->23908K(349568K), 0.1609004 secs] 453597K->23908K(506816K), [Metaspace: 5350K->5350K(1056768K)], 0.1609881 secs] [Times: user=0.16 sys=0.00, real=0.16 secs] 
2018-03-17T00:07:23.695+0500: 669.619: [GC (Allocation Failure) 2018-03-17T00:07:23.695+0500: 669.619: [DefNew: 139776K->17472K(157248K), 0.2710922 secs] 163684K->163683K(506816K), 0.2711525 secs] [Times: user=0.27 sys=0.00, real=0.27 secs] 
2018-03-17T00:07:23.991+0500: 669.915: [GC (Allocation Failure) 2018-03-17T00:07:23.991+0500: 669.915: [DefNew: 157248K->17472K(157248K), 0.2536140 secs] 303459K->303458K(506816K), 0.2536756 secs] [Times: user=0.25 sys=0.00, real=0.25 secs] 
2018-03-17T00:07:24.270+0500: 670.195: [GC (Allocation Failure) 2018-03-17T00:07:24.270+0500: 670.195: [DefNew: 146063K->146063K(157248K), 0.0000201 secs]2018-03-17T00:07:24.270+0500: 670.195: [Tenured: 285986K->715K(349568K), 0.1362992 secs] 432050K->715K(506816K), [Metaspace: 5350K->5350K(1056768K)], 0.1363941 secs] [Times: user=0.14 sys=0.00, real=0.14 secs] 
2018-03-17T00:07:24.432+0500: 670.357: [GC (Allocation Failure) 2018-03-17T00:07:24.432+0500: 670.357: [DefNew: 139776K->17472K(157248K), 0.2282640 secs] 140491K->140490K(506816K), 0.2283298 secs] [Times: user=0.22 sys=0.00, real=0.23 secs] 
2018-03-17T00:07:24.687+0500: 670.610: [GC (Allocation Failure) 2018-03-17T00:07:24.687+0500: 670.610: [DefNew: 157248K->17472K(157248K), 0.2616141 secs] 280266K->280229K(506816K), 0.2616778 secs] [Times: user=0.27 sys=0.00, real=0.26 secs] 
2018-03-17T00:07:24.977+0500: 670.901: [GC (Allocation Failure) 2018-03-17T00:07:24.977+0500: 670.901: [DefNew: 157248K->157248K(157248K), 0.0000167 secs]2018-03-17T00:07:24.977+0500: 670.901: [Tenured: 262757K->205160K(349568K), 0.4824656 secs] 420005K->205160K(506816K), [Metaspace: 5350K->5350K(1056768K)], 0.4825661 secs] [Times: user=0.48 sys=0.00, real=0.48 secs] 
2018-03-17T00:07:25.485+0500: 671.409: [GC (Allocation Failure) 2018-03-17T00:07:25.485+0500: 671.409: [DefNew: 139776K->17472K(157248K), 0.2247157 secs] 344936K->344935K(506816K), 0.2247765 secs] [Times: user=0.23 sys=0.00, real=0.23 secs] 
2018-03-17T00:07:25.736+0500: 671.661: [GC (Allocation Failure) 2018-03-17T00:07:25.736+0500: 671.661: [DefNew: 157248K->157248K(157248K), 0.0000167 secs]2018-03-17T00:07:25.736+0500: 671.661: [Tenured: 327463K->55022K(349568K), 0.2202993 secs] 484711K->55022K(506816K), [Metaspace: 5350K->5350K(1056768K)], 0.2203862 secs] [Times: user=0.22 sys=0.00, real=0.22 secs] 
2018-03-17T00:07:25.986+0500: 671.910: [GC (Allocation Failure) 2018-03-17T00:07:25.986+0500: 671.910: [DefNew: 139776K->17472K(157248K), 0.2549372 secs] 194798K->194797K(506816K), 0.2550000 secs] [Times: user=0.27 sys=0.00, real=0.25 secs] 
2018-03-17T00:07:26.266+0500: 672.190: [GC (Allocation Failure) 2018-03-17T00:07:26.266+0500: 672.190: [DefNew: 157248K->17471K(157248K), 0.2493721 secs] 334573K->334572K(506816K), 0.2494328 secs] [Times: user=0.25 sys=0.00, real=0.25 secs] 
2018-03-17T00:07:26.542+0500: 672.466: [GC (Allocation Failure) 2018-03-17T00:07:26.542+0500: 672.466: [DefNew: 157247K->157247K(157248K), 0.0000210 secs]2018-03-17T00:07:26.542+0500: 672.466: [Tenured: 317100K->44659K(349568K), 0.2003010 secs] 474348K->44659K(506816K), [Metaspace: 5350K->5350K(1056768K)], 0.2004011 secs] [Times: user=0.20 sys=0.00, real=0.20 secs] 
2018-03-17T00:07:26.771+0500: 672.695: [GC (Allocation Failure) 2018-03-17T00:07:26.771+0500: 672.695: [DefNew: 139776K->17471K(157248K), 0.2547349 secs] 184435K->184434K(506816K), 0.2548247 secs] [Times: user=0.27 sys=0.00, real=0.26 secs] 
2018-03-17T00:07:27.051+0500: 672.975: [GC (Allocation Failure) 2018-03-17T00:07:27.051+0500: 672.975: [DefNew: 157247K->17472K(157248K), 0.2528622 secs] 324210K->324208K(506816K), 0.2529383 secs] [Times: user=0.27 sys=0.00, real=0.25 secs] 
2018-03-17T00:07:27.330+0500: 673.253: [GC (Allocation Failure) 2018-03-17T00:07:27.330+0500: 673.253: [DefNew: 157248K->157248K(157248K), 0.0000163 secs]2018-03-17T00:07:27.330+0500: 673.253: [Tenured: 306736K->34272K(349568K), 0.1770755 secs] 463984K->34272K(506816K), [Metaspace: 5350K->5350K(1056768K)], 0.1771675 secs] [Times: user=0.19 sys=0.00, real=0.18 secs] 
2018-03-17T00:07:27.537+0500: 673.461: [GC (Allocation Failure) 2018-03-17T00:07:27.537+0500: 673.461: [DefNew: 139776K->17472K(157248K), 0.2570399 secs] 174048K->174046K(506816K), 0.2571002 secs] [Times: user=0.26 sys=0.00, real=0.26 secs] 
2018-03-17T00:07:27.820+0500: 673.744: [GC (Allocation Failure) 2018-03-17T00:07:27.820+0500: 673.744: [DefNew: 157248K->17472K(157248K), 0.2521946 secs] 313822K->313821K(506816K), 0.2522570 secs] [Times: user=0.25 sys=0.00, real=0.25 secs] 
2018-03-17T00:07:28.098+0500: 674.021: [GC (Allocation Failure) 2018-03-17T00:07:28.098+0500: 674.022: [DefNew: 157248K->157248K(157248K), 0.0000248 secs]2018-03-17T00:07:28.098+0500: 674.022: [Tenured: 296349K->23908K(349568K), 0.1583520 secs] 453597K->23908K(506816K), [Metaspace: 5350K->5350K(1056768K)], 0.1584606 secs] [Times: user=0.17 sys=0.00, real=0.16 secs] 
2018-03-17T00:07:28.285+0500: 674.209: [GC (Allocation Failure) 2018-03-17T00:07:28.285+0500: 674.209: [DefNew: 139776K->17472K(157248K), 0.2601130 secs] 163684K->163683K(506816K), 0.2601870 secs] [Times: user=0.26 sys=0.00, real=0.26 secs] 
2018-03-17T00:07:28.579+0500: 674.504: [GC (Allocation Failure) 2018-03-17T00:07:28.580+0500: 674.504: [DefNew: 157248K->17472K(157248K), 0.2927922 secs] 303459K->303458K(506816K), 0.2928683 secs] [Times: user=0.30 sys=0.00, real=0.29 secs] 
2018-03-17T00:07:28.899+0500: 674.822: [GC (Allocation Failure) 2018-03-17T00:07:28.899+0500: 674.822: [DefNew: 146063K->146063K(157248K), 0.0000158 secs]2018-03-17T00:07:28.899+0500: 674.822: [Tenured: 285986K->715K(349568K), 0.1373700 secs] 432050K->715K(506816K), [Metaspace: 5350K->5350K(1056768K)], 0.1374569 secs] [Times: user=0.13 sys=0.00, real=0.14 secs] 
2018-03-17T00:07:29.070+0500: 674.994: [GC (Allocation Failure) 2018-03-17T00:07:29.070+0500: 674.994: [DefNew: 139776K->17472K(157248K), 0.2254218 secs] 140491K->140490K(506816K), 0.2254817 secs] [Times: user=0.22 sys=0.00, real=0.23 secs] 
2018-03-17T00:07:29.321+0500: 675.245: [GC (Allocation Failure) 2018-03-17T00:07:29.321+0500: 675.245: [DefNew: 157248K->17472K(157248K), 0.2553126 secs] 280266K->280229K(506816K), 0.2553742 secs] [Times: user=0.25 sys=0.00, real=0.25 secs] 
2018-03-17T00:07:29.606+0500: 675.530: [GC (Allocation Failure) 2018-03-17T00:07:29.606+0500: 675.530: [DefNew: 157248K->157248K(157248K), 0.0000163 secs]2018-03-17T00:07:29.606+0500: 675.530: [Tenured: 262757K->205160K(349568K), 0.4710044 secs] 420005K->205160K(506816K), [Metaspace: 5350K->5350K(1056768K)], 0.4710990 secs] [Times: user=0.47 sys=0.00, real=0.47 secs] 
2018-03-17T00:07:30.105+0500: 676.028: [GC (Allocation Failure) 2018-03-17T00:07:30.105+0500: 676.028: [DefNew: 139776K->17472K(157248K), 0.2291603 secs] 344936K->344935K(506816K), 0.2292322 secs] [Times: user=0.22 sys=0.00, real=0.23 secs] 
2018-03-17T00:07:30.360+0500: 676.284: [GC (Allocation Failure) 2018-03-17T00:07:30.360+0500: 676.284: [DefNew: 157248K->157248K(157248K), 0.0000218 secs]2018-03-17T00:07:30.360+0500: 676.284: [Tenured: 327463K->55022K(349568K), 0.2243548 secs] 484711K->55022K(506816K), [Metaspace: 5350K->5350K(1056768K)], 0.2244574 secs] [Times: user=0.22 sys=0.00, real=0.22 secs] 
2018-03-17T00:07:30.614+0500: 676.538: [GC (Allocation Failure) 2018-03-17T00:07:30.614+0500: 676.538: [DefNew: 139776K->17472K(157248K), 0.2609799 secs] 194798K->194797K(506816K), 0.2610402 secs] [Times: user=0.27 sys=0.00, real=0.26 secs] 
2018-03-17T00:07:30.900+0500: 676.824: [GC (Allocation Failure) 2018-03-17T00:07:30.900+0500: 676.824: [DefNew: 157248K->17471K(157248K), 0.2526582 secs] 334573K->334572K(506816K), 0.2527330 secs] [Times: user=0.25 sys=0.00, real=0.25 secs] 
2018-03-17T00:07:31.178+0500: 677.102: [GC (Allocation Failure) 2018-03-17T00:07:31.178+0500: 677.102: [DefNew: 157247K->157247K(157248K), 0.0000171 secs]2018-03-17T00:07:31.178+0500: 677.102: [Tenured: 317100K->44659K(349568K), 0.1980413 secs] 474348K->44659K(506816K), [Metaspace: 5350K->5350K(1056768K)], 0.1981302 secs] [Times: user=0.19 sys=0.00, real=0.20 secs] 
2018-03-17T00:07:31.406+0500: 677.330: [GC (Allocation Failure) 2018-03-17T00:07:31.406+0500: 677.330: [DefNew: 139776K->17471K(157248K), 0.2595408 secs] 184435K->184434K(506816K), 0.2596011 secs] [Times: user=0.26 sys=0.00, real=0.26 secs] 
2018-03-17T00:07:31.691+0500: 677.615: [GC (Allocation Failure) 2018-03-17T00:07:31.691+0500: 677.615: [DefNew: 157247K->17472K(157248K), 0.2504417 secs] 324210K->324208K(506816K), 0.2505161 secs] [Times: user=0.25 sys=0.00, real=0.25 secs] 
2018-03-17T00:07:31.967+0500: 677.891: [GC (Allocation Failure) 2018-03-17T00:07:31.967+0500: 677.891: [DefNew: 157248K->157248K(157248K), 0.0000163 secs]2018-03-17T00:07:31.967+0500: 677.891: [Tenured: 306736K->34272K(349568K), 0.1782755 secs] 463984K->34272K(506816K), [Metaspace: 5350K->5350K(1056768K)], 0.1783696 secs] [Times: user=0.17 sys=0.00, real=0.18 secs] 
2018-03-17T00:07:32.174+0500: 678.098: [GC (Allocation Failure) 2018-03-17T00:07:32.174+0500: 678.098: [DefNew: 139776K->17472K(157248K), 0.2556894 secs] 174048K->174046K(506816K), 0.2557518 secs] [Times: user=0.27 sys=0.00, real=0.25 secs] 
2018-03-17T00:07:32.455+0500: 678.379: [GC (Allocation Failure) 2018-03-17T00:07:32.455+0500: 678.379: [DefNew: 157248K->17472K(157248K), 0.2537718 secs] 313822K->313821K(506816K), 0.2538394 secs] [Times: user=0.27 sys=0.00, real=0.25 secs] 
2018-03-17T00:07:32.734+0500: 678.658: [GC (Allocation Failure) 2018-03-17T00:07:32.734+0500: 678.658: [DefNew: 157248K->157248K(157248K), 0.0000163 secs]2018-03-17T00:07:32.734+0500: 678.658: [Tenured: 296349K->23908K(349568K), 0.1551878 secs] 453597K->23908K(506816K), [Metaspace: 5350K->5350K(1056768K)], 0.1552742 secs] [Times: user=0.16 sys=0.00, real=0.15 secs] 
2018-03-17T00:07:32.917+0500: 678.842: [GC (Allocation Failure) 2018-03-17T00:07:32.917+0500: 678.842: [DefNew: 139776K->17472K(157248K), 0.2593433 secs] 163684K->163683K(506816K), 0.2594061 secs] [Times: user=0.25 sys=0.00, real=0.26 secs] 
2018-03-17T00:07:33.203+0500: 679.127: [GC (Allocation Failure) 2018-03-17T00:07:33.203+0500: 679.127: [DefNew: 157248K->17472K(157248K), 0.2540053 secs] 303459K->303458K(506816K), 0.2540669 secs] [Times: user=0.25 sys=0.00, real=0.25 secs] 
2018-03-17T00:07:33.483+0500: 679.406: [GC (Allocation Failure) 2018-03-17T00:07:33.483+0500: 679.406: [DefNew: 146063K->146063K(157248K), 0.0000175 secs]2018-03-17T00:07:33.483+0500: 679.406: [Tenured: 285986K->715K(349568K), 0.1380889 secs] 432050K->715K(506816K), [Metaspace: 5350K->5350K(1056768K)], 0.1381813 secs] [Times: user=0.14 sys=0.00, real=0.14 secs] 
2018-03-17T00:07:33.646+0500: 679.570: [GC (Allocation Failure) 2018-03-17T00:07:33.646+0500: 679.570: [DefNew: 139776K->17472K(157248K), 0.2228281 secs] 140491K->140490K(506816K), 0.2229093 secs] [Times: user=0.23 sys=0.00, real=0.22 secs] 
2018-03-17T00:07:33.895+0500: 679.819: [GC (Allocation Failure) 2018-03-17T00:07:33.895+0500: 679.819: [DefNew: 157248K->17472K(157248K), 0.2555500 secs] 280266K->280229K(506816K), 0.2556171 secs] [Times: user=0.26 sys=0.00, real=0.26 secs] 
2018-03-17T00:07:34.178+0500: 680.102: [GC (Allocation Failure) 2018-03-17T00:07:34.178+0500: 680.102: [DefNew: 157248K->157248K(157248K), 0.0000163 secs]2018-03-17T00:07:34.178+0500: 680.102: [Tenured: 262757K->205160K(349568K), 0.4740994 secs] 420005K->205160K(506816K), [Metaspace: 5350K->5350K(1056768K)], 0.4741900 secs] [Times: user=0.47 sys=0.00, real=0.48 secs] 
2018-03-17T00:07:34.679+0500: 680.602: [GC (Allocation Failure) 2018-03-17T00:07:34.679+0500: 680.602: [DefNew: 139776K->17472K(157248K), 0.2243971 secs] 344936K->344935K(506816K), 0.2244673 secs] [Times: user=0.22 sys=0.00, real=0.22 secs] 
2018-03-17T00:07:34.929+0500: 680.853: [GC (Allocation Failure) 2018-03-17T00:07:34.929+0500: 680.853: [DefNew: 157248K->157248K(157248K), 0.0000180 secs]2018-03-17T00:07:34.929+0500: 680.853: [Tenured: 327463K->55022K(349568K), 0.2221481 secs] 484711K->55022K(506816K), [Metaspace: 5350K->5350K(1056768K)], 0.2222443 secs] [Times: user=0.22 sys=0.00, real=0.22 secs] 
2018-03-17T00:07:35.180+0500: 681.104: [GC (Allocation Failure) 2018-03-17T00:07:35.180+0500: 681.104: [DefNew: 139776K->17472K(157248K), 0.2540613 secs] 194798K->194797K(506816K), 0.2541212 secs] [Times: user=0.25 sys=0.00, real=0.25 secs] 
2018-03-17T00:07:35.459+0500: 681.383: [GC (Allocation Failure) 2018-03-17T00:07:35.459+0500: 681.384: [DefNew: 157248K->17471K(157248K), 0.2501714 secs] 334573K->334572K(506816K), 0.2502342 secs] [Times: user=0.23 sys=0.00, real=0.25 secs] 
2018-03-17T00:07:35.736+0500: 681.659: [GC (Allocation Failure) 2018-03-17T00:07:35.736+0500: 681.659: [DefNew: 157247K->157247K(157248K), 0.0000158 secs]2018-03-17T00:07:35.736+0500: 681.659: [Tenured: 317100K->44659K(349568K), 0.1993495 secs] 474348K->44659K(506816K), [Metaspace: 5350K->5350K(1056768K)], 0.1994461 secs] [Times: user=0.20 sys=0.00, real=0.20 secs] 
2018-03-17T00:07:35.964+0500: 681.887: [GC (Allocation Failure) 2018-03-17T00:07:35.964+0500: 681.887: [DefNew: 139776K->17471K(157248K), 0.2555940 secs] 184435K->184434K(506816K), 0.2556543 secs] [Times: user=0.25 sys=0.00, real=0.26 secs] 
2018-03-17T00:07:36.245+0500: 682.169: [GC (Allocation Failure) 2018-03-17T00:07:36.245+0500: 682.169: [DefNew: 157247K->17472K(157248K), 0.2508886 secs] 324210K->324208K(506816K), 0.2509467 secs] [Times: user=0.25 sys=0.00, real=0.25 secs] 
2018-03-17T00:07:36.521+0500: 682.445: [GC (Allocation Failure) 2018-03-17T00:07:36.521+0500: 682.445: [DefNew: 157248K->157248K(157248K), 0.0000167 secs]2018-03-17T00:07:36.521+0500: 682.445: [Tenured: 306736K->34272K(349568K), 0.1778402 secs] 463984K->34272K(506816K), [Metaspace: 5350K->5350K(1056768K)], 0.1779266 secs] [Times: user=0.19 sys=0.00, real=0.18 secs] 
2018-03-17T00:07:36.728+0500: 682.652: [GC (Allocation Failure) 2018-03-17T00:07:36.728+0500: 682.652: [DefNew: 139776K->17472K(157248K), 0.2548491 secs] 174048K->174046K(506816K), 0.2568761 secs] [Times: user=0.25 sys=0.00, real=0.26 secs] 
2018-03-17T00:07:37.010+0500: 682.934: [GC (Allocation Failure) 2018-03-17T00:07:37.010+0500: 682.934: [DefNew: 157248K->17472K(157248K), 0.2531363 secs] 313822K->313821K(506816K), 0.2531966 secs] [Times: user=0.25 sys=0.00, real=0.25 secs] 
2018-03-17T00:07:37.290+0500: 683.213: [GC (Allocation Failure) 2018-03-17T00:07:37.290+0500: 683.213: [DefNew: 157248K->157248K(157248K), 0.0000154 secs]2018-03-17T00:07:37.290+0500: 683.213: [Tenured: 296349K->23908K(349568K), 0.1558951 secs] 453597K->23908K(506816K), [Metaspace: 5350K->5350K(1056768K)], 0.1559918 secs] [Times: user=0.14 sys=0.00, real=0.15 secs] 
2018-03-17T00:07:37.473+0500: 683.397: [GC (Allocation Failure) 2018-03-17T00:07:37.473+0500: 683.397: [DefNew: 139776K->17472K(157248K), 0.2566020 secs] 163684K->163683K(506816K), 0.2566653 secs] [Times: user=0.27 sys=0.00, real=0.26 secs] 
2018-03-17T00:07:37.755+0500: 683.679: [GC (Allocation Failure) 2018-03-17T00:07:37.755+0500: 683.679: [DefNew: 157248K->17472K(157248K), 0.2537590 secs] 303459K->303458K(506816K), 0.2538197 secs] [Times: user=0.27 sys=0.00, real=0.25 secs] 
2018-03-17T00:07:38.034+0500: 683.958: [GC (Allocation Failure) 2018-03-17T00:07:38.034+0500: 683.958: [DefNew: 146063K->146063K(157248K), 0.0000171 secs]2018-03-17T00:07:38.034+0500: 683.958: [Tenured: 285986K->715K(349568K), 0.1359246 secs] 432050K->715K(506816K), [Metaspace: 5350K->5350K(1056768K)], 0.1360110 secs] [Times: user=0.14 sys=0.00, real=0.14 secs] 
2018-03-17T00:07:38.196+0500: 684.120: [GC (Allocation Failure) 2018-03-17T00:07:38.196+0500: 684.120: [DefNew: 139776K->17472K(157248K), 0.2259016 secs] 140491K->140490K(506816K), 0.2259623 secs] [Times: user=0.22 sys=0.00, real=0.22 secs] 
2018-03-17T00:07:38.447+0500: 684.371: [GC (Allocation Failure) 2018-03-17T00:07:38.447+0500: 684.371: [DefNew: 157248K->17472K(157248K), 0.2556424 secs] 280266K->280229K(506816K), 0.2557027 secs] [Times: user=0.25 sys=0.00, real=0.26 secs] 
2018-03-17T00:07:38.732+0500: 684.655: [GC (Allocation Failure) 2018-03-17T00:07:38.732+0500: 684.655: [DefNew: 157248K->157248K(157248K), 0.0000167 secs]2018-03-17T00:07:38.732+0500: 684.655: [Tenured: 262757K->205160K(349568K), 0.4703831 secs] 420005K->205160K(506816K), [Metaspace: 5350K->5350K(1056768K)], 0.4704724 secs] [Times: user=0.47 sys=0.00, real=0.47 secs] 
2018-03-17T00:07:39.227+0500: 685.151: [GC (Allocation Failure) 2018-03-17T00:07:39.227+0500: 685.151: [DefNew: 139776K->17472K(157248K), 0.2229572 secs] 344936K->344935K(506816K), 0.2230162 secs] [Times: user=0.22 sys=0.00, real=0.22 secs] 
2018-03-17T00:07:39.477+0500: 685.401: [GC (Allocation Failure) 2018-03-17T00:07:39.477+0500: 685.401: [DefNew: 157248K->157248K(157248K), 0.0000171 secs]2018-03-17T00:07:39.477+0500: 685.401: [Tenured: 327463K->55022K(349568K), 0.2202579 secs] 484711K->55022K(506816K), [Metaspace: 5350K->5350K(1056768K)], 0.2203472 secs] [Times: user=0.22 sys=0.00, real=0.22 secs] 
2018-03-17T00:07:39.727+0500: 685.651: [GC (Allocation Failure) 2018-03-17T00:07:39.727+0500: 685.651: [DefNew: 139776K->17472K(157248K), 0.2552981 secs] 194798K->194797K(506816K), 0.2553905 secs] [Times: user=0.25 sys=0.00, real=0.26 secs] 
2018-03-17T00:07:40.008+0500: 685.932: [GC (Allocation Failure) 2018-03-17T00:07:40.009+0500: 685.932: [DefNew: 157248K->17471K(157248K), 0.2490005 secs] 334573K->334572K(506816K), 0.2490804 secs] [Times: user=0.25 sys=0.00, real=0.25 secs] 
2018-03-17T00:07:40.283+0500: 686.207: [GC (Allocation Failure) 2018-03-17T00:07:40.283+0500: 686.207: [DefNew: 157247K->157247K(157248K), 0.0000171 secs]2018-03-17T00:07:40.283+0500: 686.207: [Tenured: 317100K->44659K(349568K), 0.1989663 secs] 474348K->44659K(506816K), [Metaspace: 5350K->5350K(1056768K)], 0.1990646 secs] [Times: user=0.20 sys=0.00, real=0.20 secs] 
2018-03-17T00:07:40.511+0500: 686.435: [GC (Allocation Failure) 2018-03-17T00:07:40.511+0500: 686.435: [DefNew: 139776K->17471K(157248K), 0.2571297 secs] 184435K->184434K(506816K), 0.2571888 secs] [Times: user=0.25 sys=0.00, real=0.26 secs] 
2018-03-17T00:07:40.793+0500: 686.717: [GC (Allocation Failure) 2018-03-17T00:07:40.794+0500: 686.718: [DefNew: 157247K->17472K(157248K), 0.2514659 secs] 324210K->324208K(506816K), 0.2515583 secs] [Times: user=0.25 sys=0.00, real=0.25 secs] 
2018-03-17T00:07:41.072+0500: 686.997: [GC (Allocation Failure) 2018-03-17T00:07:41.073+0500: 686.997: [DefNew: 157248K->157248K(157248K), 0.0000261 secs]2018-03-17T00:07:41.073+0500: 686.997: [Tenured: 306736K->34272K(349568K), 0.1779582 secs] 463984K->34272K(506816K), [Metaspace: 5350K->5350K(1056768K)], 0.1788058 secs] [Times: user=0.17 sys=0.00, real=0.18 secs] 
2018-03-17T00:07:41.280+0500: 687.204: [GC (Allocation Failure) 2018-03-17T00:07:41.280+0500: 687.204: [DefNew: 139776K->17472K(157248K), 0.2543697 secs] 174048K->174046K(506816K), 0.2544308 secs] [Times: user=0.25 sys=0.00, real=0.26 secs] 
2018-03-17T00:07:41.562+0500: 687.485: [GC (Allocation Failure) 2018-03-17T00:07:41.562+0500: 687.485: [DefNew: 157248K->17472K(157248K), 0.2519132 secs] 313822K->313821K(506816K), 0.2519748 secs] [Times: user=0.25 sys=0.00, real=0.25 secs] 
2018-03-17T00:07:41.839+0500: 687.763: [GC (Allocation Failure) 2018-03-17T00:07:41.839+0500: 687.763: [DefNew: 157248K->157248K(157248K), 0.0000167 secs]2018-03-17T00:07:41.839+0500: 687.763: [Tenured: 296349K->23908K(349568K), 0.1541999 secs] 453597K->23908K(506816K), [Metaspace: 5350K->5350K(1056768K)], 0.1542872 secs] [Times: user=0.16 sys=0.00, real=0.15 secs] 
2018-03-17T00:07:42.021+0500: 687.945: [GC (Allocation Failure) 2018-03-17T00:07:42.021+0500: 687.945: [DefNew: 139776K->17472K(157248K), 0.2555064 secs] 163684K->163683K(506816K), 0.2555671 secs] [Times: user=0.27 sys=0.00, real=0.26 secs] 
2018-03-17T00:07:42.302+0500: 688.227: [GC (Allocation Failure) 2018-03-17T00:07:42.302+0500: 688.227: [DefNew: 157248K->17472K(157248K), 0.2527591 secs] 303459K->303458K(506816K), 0.2528216 secs] [Times: user=0.27 sys=0.00, real=0.25 secs] 
2018-03-17T00:07:42.581+0500: 688.505: [GC (Allocation Failure) 2018-03-17T00:07:42.581+0500: 688.505: [DefNew: 146063K->146063K(157248K), 0.0000175 secs]2018-03-17T00:07:42.581+0500: 688.505: [Tenured: 285986K->715K(349568K), 0.1361790 secs] 432050K->715K(506816K), [Metaspace: 5350K->5350K(1056768K)], 0.1362740 secs] [Times: user=0.14 sys=0.00, real=0.14 secs] 
2018-03-17T00:07:42.742+0500: 688.667: [GC (Allocation Failure) 2018-03-17T00:07:42.742+0500: 688.667: [DefNew: 139776K->17472K(157248K), 0.2232929 secs] 140491K->140490K(506816K), 0.2233549 secs] [Times: user=0.22 sys=0.00, real=0.22 secs] 
2018-03-17T00:07:42.992+0500: 688.916: [GC (Allocation Failure) 2018-03-17T00:07:42.992+0500: 688.916: [DefNew: 157248K->17472K(157248K), 0.2572589 secs] 280266K->280229K(506816K), 0.2573196 secs] [Times: user=0.25 sys=0.00, real=0.26 secs] 
2018-03-17T00:07:43.277+0500: 689.201: [GC (Allocation Failure) 2018-03-17T00:07:43.277+0500: 689.201: [DefNew: 157248K->157248K(157248K), 0.0000214 secs]2018-03-17T00:07:43.277+0500: 689.201: [Tenured: 262757K->205160K(349568K), 0.4767393 secs] 420005K->205160K(506816K), [Metaspace: 5350K->5350K(1056768K)], 0.4768385 secs] [Times: user=0.47 sys=0.00, real=0.48 secs] 
2018-03-17T00:07:43.779+0500: 689.703: [GC (Allocation Failure) 2018-03-17T00:07:43.779+0500: 689.703: [DefNew: 139776K->17472K(157248K), 0.2242564 secs] 344936K->344935K(506816K), 0.2243184 secs] [Times: user=0.22 sys=0.00, real=0.22 secs] 
2018-03-17T00:07:44.030+0500: 689.954: [GC (Allocation Failure) 2018-03-17T00:07:44.030+0500: 689.954: [DefNew: 157248K->157248K(157248K), 0.0000175 secs]2018-03-17T00:07:44.030+0500: 689.954: [Tenured: 327463K->55022K(349568K), 0.2220450 secs] 484711K->55022K(506816K), [Metaspace: 5350K->5350K(1056768K)], 0.2221605 secs] [Times: user=0.22 sys=0.00, real=0.22 secs] 
2018-03-17T00:07:44.281+0500: 690.205: [GC (Allocation Failure) 2018-03-17T00:07:44.281+0500: 690.205: [DefNew: 139776K->17472K(157248K), 0.2535109 secs] 194798K->194797K(506816K), 0.2535751 secs] [Times: user=0.23 sys=0.00, real=0.25 secs] 
2018-03-17T00:07:44.561+0500: 690.484: [GC (Allocation Failure) 2018-03-17T00:07:44.561+0500: 690.484: [DefNew: 157248K->17471K(157248K), 0.2501487 secs] 334573K->334572K(506816K), 0.2502253 secs] [Times: user=0.25 sys=0.00, real=0.25 secs] 
2018-03-17T00:07:44.836+0500: 690.760: [GC (Allocation Failure) 2018-03-17T00:07:44.836+0500: 690.760: [DefNew: 157247K->157247K(157248K), 0.0000171 secs]2018-03-17T00:07:44.836+0500: 690.760: [Tenured: 317100K->44659K(349568K), 0.2001761 secs] 474348K->44659K(506816K), [Metaspace: 5350K->5350K(1056768K)], 0.2002698 secs] [Times: user=0.19 sys=0.00, real=0.20 secs] 
2018-03-17T00:07:45.066+0500: 690.990: [GC (Allocation Failure) 2018-03-17T00:07:45.066+0500: 690.990: [DefNew: 139776K->17471K(157248K), 0.2576019 secs] 184435K->184434K(506816K), 0.2576818 secs] [Times: user=0.27 sys=0.00, real=0.26 secs] 
2018-03-17T00:07:45.348+0500: 691.273: [GC (Allocation Failure) 2018-03-17T00:07:45.348+0500: 691.273: [DefNew: 157247K->17472K(157248K), 0.2518730 secs] 324210K->324208K(506816K), 0.2519342 secs] [Times: user=0.27 sys=0.00, real=0.25 secs] 
2018-03-17T00:07:45.627+0500: 691.550: [GC (Allocation Failure) 2018-03-17T00:07:45.627+0500: 691.550: [DefNew: 157248K->157248K(157248K), 0.0000167 secs]2018-03-17T00:07:45.627+0500: 691.550: [Tenured: 306736K->34272K(349568K), 0.1769028 secs] 463984K->34272K(506816K), [Metaspace: 5350K->5350K(1056768K)], 0.1770016 secs] [Times: user=0.19 sys=0.00, real=0.18 secs] 
2018-03-17T00:07:45.833+0500: 691.757: [GC (Allocation Failure) 2018-03-17T00:07:45.833+0500: 691.757: [DefNew: 139776K->17472K(157248K), 0.2565242 secs] 174048K->174046K(506816K), 0.2565888 secs] [Times: user=0.27 sys=0.00, real=0.26 secs] 
2018-03-17T00:07:46.115+0500: 692.038: [GC (Allocation Failure) 2018-03-17T00:07:46.115+0500: 692.039: [DefNew: 157248K->17472K(157248K), 0.2511558 secs] 313822K->313821K(506816K), 0.2512187 secs] [Times: user=0.26 sys=0.00, real=0.25 secs] 
2018-03-17T00:07:46.391+0500: 692.315: [GC (Allocation Failure) 2018-03-17T00:07:46.391+0500: 692.315: [DefNew: 157248K->157248K(157248K), 0.0000171 secs]2018-03-17T00:07:46.391+0500: 692.315: [Tenured: 296349K->23908K(349568K), 0.1554636 secs] 453597K->23908K(506816K), [Metaspace: 5350K->5350K(1056768K)], 0.1555560 secs] [Times: user=0.16 sys=0.00, real=0.16 secs] 
2018-03-17T00:07:46.575+0500: 692.499: [GC (Allocation Failure) 2018-03-17T00:07:46.575+0500: 692.499: [DefNew: 139776K->17472K(157248K), 0.2565276 secs] 163684K->163683K(506816K), 0.2566140 secs] [Times: user=0.25 sys=0.00, real=0.26 secs] 
2018-03-17T00:07:46.857+0500: 692.781: [GC (Allocation Failure) 2018-03-17T00:07:46.857+0500: 692.781: [DefNew: 157248K->17472K(157248K), 0.2523768 secs] 303459K->303458K(506816K), 0.2524371 secs] [Times: user=0.25 sys=0.00, real=0.25 secs] 
2018-03-17T00:07:47.136+0500: 693.059: [GC (Allocation Failure) 2018-03-17T00:07:47.136+0500: 693.059: [DefNew: 146063K->146063K(157248K), 0.0000158 secs]2018-03-17T00:07:47.136+0500: 693.059: [Tenured: 285986K->715K(349568K), 0.1352574 secs] 432050K->715K(506816K), [Metaspace: 5350K->5350K(1056768K)], 0.1353511 secs] [Times: user=0.13 sys=0.00, real=0.13 secs] 
2018-03-17T00:07:47.296+0500: 693.220: [GC (Allocation Failure) 2018-03-17T00:07:47.297+0500: 693.220: [DefNew: 139776K->17472K(157248K), 0.2223512 secs] 140491K->140490K(506816K), 0.2224244 secs] [Times: user=0.22 sys=0.00, real=0.22 secs] 
2018-03-17T00:07:47.545+0500: 693.468: [GC (Allocation Failure) 2018-03-17T00:07:47.545+0500: 693.468: [DefNew: 157248K->17472K(157248K), 0.2551279 secs] 280266K->280229K(506816K), 0.2551980 secs] [Times: user=0.25 sys=0.00, real=0.25 secs] 
2018-03-17T00:07:47.828+0500: 693.752: [GC (Allocation Failure) 2018-03-17T00:07:47.828+0500: 693.752: [DefNew: 157248K->157248K(157248K), 0.0000163 secs]2018-03-17T00:07:47.828+0500: 693.752: [Tenured: 262757K->205160K(349568K), 0.4711310 secs] 420005K->205160K(506816K), [Metaspace: 5350K->5350K(1056768K)], 0.4712196 secs] [Times: user=0.47 sys=0.00, real=0.47 secs] 
2018-03-17T00:07:48.325+0500: 694.250: [GC (Allocation Failure) 2018-03-17T00:07:48.325+0500: 694.250: [DefNew: 139776K->17472K(157248K), 0.2264379 secs] 344936K->344935K(506816K), 0.2265183 secs] [Times: user=0.22 sys=0.00, real=0.23 secs] 
2018-03-17T00:07:48.579+0500: 694.502: [GC (Allocation Failure) 2018-03-17T00:07:48.579+0500: 694.502: [DefNew: 157248K->157248K(157248K), 0.0000171 secs]2018-03-17T00:07:48.579+0500: 694.502: [Tenured: 327463K->55022K(349568K), 0.2223286 secs] 484711K->55022K(506816K), [Metaspace: 5350K->5350K(1056768K)], 0.2224094 secs] [Times: user=0.22 sys=0.00, real=0.22 secs] 
2018-03-17T00:07:48.832+0500: 694.755: [GC (Allocation Failure) 2018-03-17T00:07:48.832+0500: 694.755: [DefNew: 139776K->17472K(157248K), 0.2547084 secs] 194798K->194797K(506816K), 0.2547768 secs] [Times: user=0.27 sys=0.00, real=0.25 secs] 
2018-03-17T00:07:49.114+0500: 695.038: [GC (Allocation Failure) 2018-03-17T00:07:49.114+0500: 695.038: [DefNew: 157248K->17471K(157248K), 0.2501928 secs] 334573K->334572K(506816K), 0.2505747 secs] [Times: user=0.25 sys=0.00, real=0.25 secs] 
2018-03-17T00:07:49.389+0500: 695.313: [GC (Allocation Failure) 2018-03-17T00:07:49.389+0500: 695.313: [DefNew: 157247K->157247K(157248K), 0.0000167 secs]2018-03-17T00:07:49.389+0500: 695.313: [Tenured: 317100K->44659K(349568K), 0.2004793 secs] 474348K->44659K(506816K), [Metaspace: 5350K->5350K(1056768K)], 0.2005798 secs] [Times: user=0.20 sys=0.00, real=0.20 secs] 
2018-03-17T00:07:49.620+0500: 695.545: [GC (Allocation Failure) 2018-03-17T00:07:49.620+0500: 695.545: [DefNew: 139776K->17471K(157248K), 0.2548195 secs] 184435K->184434K(506816K), 0.2548773 secs] [Times: user=0.25 sys=0.00, real=0.26 secs] 
2018-03-17T00:07:49.901+0500: 695.825: [GC (Allocation Failure) 2018-03-17T00:07:49.902+0500: 695.825: [DefNew: 157247K->17472K(157248K), 0.2502839 secs] 324210K->324208K(506816K), 0.2503724 secs] [Times: user=0.25 sys=0.00, real=0.25 secs] 
2018-03-17T00:07:50.177+0500: 696.101: [GC (Allocation Failure) 2018-03-17T00:07:50.177+0500: 696.101: [DefNew: 157248K->157248K(157248K), 0.0000163 secs]2018-03-17T00:07:50.177+0500: 696.101: [Tenured: 306736K->34272K(349568K), 0.1766945 secs] 463984K->34272K(506816K), [Metaspace: 5350K->5350K(1056768K)], 0.1767826 secs] [Times: user=0.19 sys=0.00, real=0.18 secs] 
2018-03-17T00:07:50.382+0500: 696.306: [GC (Allocation Failure) 2018-03-17T00:07:50.382+0500: 696.306: [DefNew: 139776K->17472K(157248K), 0.2549880 secs] 174048K->174046K(506816K), 0.2550501 secs] [Times: user=0.25 sys=0.00, real=0.26 secs] 
2018-03-17T00:07:50.662+0500: 696.587: [GC (Allocation Failure) 2018-03-17T00:07:50.663+0500: 696.587: [DefNew: 157248K->17472K(157248K), 0.2515185 secs] 313822K->313821K(506816K), 0.2516156 secs] [Times: user=0.25 sys=0.00, real=0.25 secs] 
2018-03-17T00:07:50.939+0500: 696.864: [GC (Allocation Failure) 2018-03-17T00:07:50.939+0500: 696.864: [DefNew: 157248K->157248K(157248K), 0.0000171 secs]2018-03-17T00:07:50.939+0500: 696.864: [Tenured: 296349K->23908K(349568K), 0.1549530 secs] 453597K->23908K(506816K), [Metaspace: 5350K->5350K(1056768K)], 0.1550492 secs] [Times: user=0.16 sys=0.00, real=0.16 secs] 
2018-03-17T00:07:51.124+0500: 697.049: [GC (Allocation Failure) 2018-03-17T00:07:51.124+0500: 697.049: [DefNew: 139776K->17472K(157248K), 0.2555855 secs] 163684K->163683K(506816K), 0.2556462 secs] [Times: user=0.25 sys=0.00, real=0.26 secs] 
2018-03-17T00:07:51.406+0500: 697.330: [GC (Allocation Failure) 2018-03-17T00:07:51.406+0500: 697.330: [DefNew: 157248K->17472K(157248K), 0.2547524 secs] 303459K->303458K(506816K), 0.2548144 secs] [Times: user=0.25 sys=0.00, real=0.26 secs] 
2018-03-17T00:07:51.686+0500: 697.610: [GC (Allocation Failure) 2018-03-17T00:07:51.686+0500: 697.610: [DefNew: 146063K->146063K(157248K), 0.0000163 secs]2018-03-17T00:07:51.686+0500: 697.610: [Tenured: 285986K->715K(349568K), 0.1364425 secs] 432050K->715K(506816K), [Metaspace: 5350K->5350K(1056768K)], 0.1365284 secs] [Times: user=0.13 sys=0.00, real=0.14 secs] 
2018-03-17T00:07:51.848+0500: 697.772: [GC (Allocation Failure) 2018-03-17T00:07:51.848+0500: 697.772: [DefNew: 139776K->17472K(157248K), 0.2222430 secs] 140491K->140490K(506816K), 0.2223059 secs] [Times: user=0.23 sys=0.00, real=0.22 secs] 
2018-03-17T00:07:52.096+0500: 698.020: [GC (Allocation Failure) 2018-03-17T00:07:52.096+0500: 698.020: [DefNew: 157248K->17472K(157248K), 0.2551322 secs] 280266K->280229K(506816K), 0.2552087 secs] [Times: user=0.27 sys=0.00, real=0.26 secs] 
2018-03-17T00:07:52.378+0500: 698.303: [GC (Allocation Failure) 2018-03-17T00:07:52.378+0500: 698.303: [DefNew: 157248K->157248K(157248K), 0.0000163 secs]2018-03-17T00:07:52.378+0500: 698.303: [Tenured: 262757K->205160K(349568K), 0.4922109 secs] 420005K->205160K(506816K), [Metaspace: 5350K->5350K(1056768K)], 0.4923101 secs] [Times: user=0.50 sys=0.00, real=0.49 secs] 
2018-03-17T00:07:52.900+0500: 698.823: [GC (Allocation Failure) 2018-03-17T00:07:52.900+0500: 698.823: [DefNew: 139776K->17472K(157248K), 0.2773000 secs] 344936K->344935K(506816K), 0.2773697 secs] [Times: user=0.25 sys=0.00, real=0.28 secs] 
2018-03-17T00:07:53.207+0500: 699.130: [GC (Allocation Failure) 2018-03-17T00:07:53.207+0500: 699.130: [DefNew: 157248K->157248K(157248K), 0.0000184 secs]2018-03-17T00:07:53.207+0500: 699.130: [Tenured: 327463K->55022K(349568K), 0.2255355 secs] 484711K->55022K(506816K), [Metaspace: 5350K->5350K(1056768K)], 0.2256330 secs] [Times: user=0.23 sys=0.00, real=0.22 secs] 
2018-03-17T00:07:53.461+0500: 699.385: [GC (Allocation Failure) 2018-03-17T00:07:53.461+0500: 699.385: [DefNew: 139776K->17472K(157248K), 0.2545057 secs] 194798K->194797K(506816K), 0.2545655 secs] [Times: user=0.25 sys=0.00, real=0.25 secs] 
2018-03-17T00:07:53.741+0500: 699.665: [GC (Allocation Failure) 2018-03-17T00:07:53.741+0500: 699.665: [DefNew: 157248K->17471K(157248K), 0.2522468 secs] 334573K->334572K(506816K), 0.2523062 secs] [Times: user=0.25 sys=0.00, real=0.25 secs] 
2018-03-17T00:07:54.018+0500: 699.943: [GC (Allocation Failure) 2018-03-17T00:07:54.018+0500: 699.943: [DefNew: 157247K->157247K(157248K), 0.0000163 secs]2018-03-17T00:07:54.018+0500: 699.943: [Tenured: 317100K->44659K(349568K), 0.1998011 secs] 474348K->44659K(506816K), [Metaspace: 5350K->5350K(1056768K)], 0.1998909 secs] [Times: user=0.20 sys=0.00, real=0.20 secs] 
2018-03-17T00:07:54.248+0500: 700.172: [GC (Allocation Failure) 2018-03-17T00:07:54.248+0500: 700.172: [DefNew: 139776K->17471K(157248K), 0.2548384 secs] 184435K->184434K(506816K), 0.2548987 secs] [Times: user=0.25 sys=0.00, real=0.26 secs] 
2018-03-17T00:07:54.528+0500: 700.452: [GC (Allocation Failure) 2018-03-17T00:07:54.528+0500: 700.452: [DefNew: 157247K->17472K(157248K), 0.2567307 secs] 324210K->324208K(506816K), 0.2567927 secs] [Times: user=0.25 sys=0.00, real=0.26 secs] 
2018-03-17T00:07:54.812+0500: 700.736: [GC (Allocation Failure) 2018-03-17T00:07:54.812+0500: 700.736: [DefNew: 157248K->157248K(157248K), 0.0000158 secs]2018-03-17T00:07:54.812+0500: 700.736: [Tenured: 306736K->34272K(349568K), 0.1772684 secs] 463984K->34272K(506816K), [Metaspace: 5350K->5350K(1056768K)], 0.1773582 secs] [Times: user=0.17 sys=0.00, real=0.18 secs] 
2018-03-17T00:07:55.018+0500: 700.942: [GC (Allocation Failure) 2018-03-17T00:07:55.018+0500: 700.942: [DefNew: 139776K->17472K(157248K), 0.2568971 secs] 174048K->174046K(506816K), 0.2569659 secs] [Times: user=0.26 sys=0.00, real=0.26 secs] 
2018-03-17T00:07:55.300+0500: 701.224: [GC (Allocation Failure) 2018-03-17T00:07:55.300+0500: 701.224: [DefNew: 157248K->17472K(157248K), 0.2522062 secs] 313822K->313821K(506816K), 0.2522695 secs] [Times: user=0.25 sys=0.00, real=0.25 secs] 
2018-03-17T00:07:55.579+0500: 701.502: [GC (Allocation Failure) 2018-03-17T00:07:55.579+0500: 701.502: [DefNew: 157248K->157248K(157248K), 0.0000227 secs]2018-03-17T00:07:55.579+0500: 701.502: [Tenured: 296349K->23908K(349568K), 0.1544330 secs] 453597K->23908K(506816K), [Metaspace: 5350K->5350K(1056768K)], 0.1545476 secs] [Times: user=0.16 sys=0.00, real=0.15 secs] 
2018-03-17T00:07:55.761+0500: 701.685: [GC (Allocation Failure) 2018-03-17T00:07:55.761+0500: 701.685: [DefNew: 139776K->17472K(157248K), 0.2554080 secs] 163684K->163683K(506816K), 0.2554692 secs] [Times: user=0.25 sys=0.00, real=0.26 secs] 
2018-03-17T00:07:56.042+0500: 701.966: [GC (Allocation Failure) 2018-03-17T00:07:56.042+0500: 701.966: [DefNew: 157248K->17472K(157248K), 0.2523293 secs] 303459K->303458K(506816K), 0.2523896 secs] [Times: user=0.25 sys=0.00, real=0.25 secs] 
2018-03-17T00:07:56.320+0500: 702.244: [GC (Allocation Failure) 2018-03-17T00:07:56.320+0500: 702.244: [DefNew: 146063K->146063K(157248K), 0.0000175 secs]2018-03-17T00:07:56.320+0500: 702.244: [Tenured: 285986K->715K(349568K), 0.1353879 secs] 432050K->715K(506816K), [Metaspace: 5350K->5350K(1056768K)], 0.1354743 secs] [Times: user=0.13 sys=0.00, real=0.13 secs] 
2018-03-17T00:07:56.481+0500: 702.405: [GC (Allocation Failure) 2018-03-17T00:07:56.481+0500: 702.405: [DefNew: 139776K->17472K(157248K), 0.2223423 secs] 140491K->140490K(506816K), 0.2224021 secs] [Times: user=0.22 sys=0.00, real=0.22 secs] 
2018-03-17T00:07:56.728+0500: 702.653: [GC (Allocation Failure) 2018-03-17T00:07:56.728+0500: 702.653: [DefNew: 157248K->17472K(157248K), 0.2559336 secs] 280266K->280229K(506816K), 0.2559939 secs] [Times: user=0.25 sys=0.00, real=0.26 secs] 
2018-03-17T00:07:57.013+0500: 702.937: [GC (Allocation Failure) 2018-03-17T00:07:57.013+0500: 702.937: [DefNew: 157248K->157248K(157248K), 0.0000158 secs]2018-03-17T00:07:57.013+0500: 702.937: [Tenured: 262757K->205160K(349568K), 0.4726359 secs] 420005K->205160K(506816K), [Metaspace: 5350K->5350K(1056768K)], 0.4727275 secs] [Times: user=0.47 sys=0.00, real=0.47 secs] 
2018-03-17T00:07:57.511+0500: 703.435: [GC (Allocation Failure) 2018-03-17T00:07:57.511+0500: 703.435: [DefNew: 139776K->17472K(157248K), 0.2252999 secs] 344936K->344935K(506816K), 0.2253611 secs] [Times: user=0.22 sys=0.00, real=0.23 secs] 
2018-03-17T00:07:57.762+0500: 703.686: [GC (Allocation Failure) 2018-03-17T00:07:57.762+0500: 703.686: [DefNew: 157248K->157248K(157248K), 0.0000167 secs]2018-03-17T00:07:57.762+0500: 703.686: [Tenured: 327463K->55022K(349568K), 0.2220780 secs] 484711K->55022K(506816K), [Metaspace: 5350K->5350K(1056768K)], 0.2221665 secs] [Times: user=0.22 sys=0.00, real=0.22 secs] 
2018-03-17T00:07:58.013+0500: 703.937: [GC (Allocation Failure) 2018-03-17T00:07:58.013+0500: 703.937: [DefNew: 139776K->17472K(157248K), 0.2545275 secs] 194798K->194797K(506816K), 0.2545903 secs] [Times: user=0.25 sys=0.00, real=0.25 secs] 
2018-03-17T00:07:58.293+0500: 704.218: [GC (Allocation Failure) 2018-03-17T00:07:58.293+0500: 704.218: [DefNew: 157248K->17471K(157248K), 0.2509394 secs] 334573K->334572K(506816K), 0.2510036 secs] [Times: user=0.23 sys=0.00, real=0.25 secs] 
2018-03-17T00:07:58.571+0500: 704.494: [GC (Allocation Failure) 2018-03-17T00:07:58.571+0500: 704.494: [DefNew: 157247K->157247K(157248K), 0.0000175 secs]2018-03-17T00:07:58.571+0500: 704.494: [Tenured: 317100K->44659K(349568K), 0.2004968 secs] 474348K->44659K(506816K), [Metaspace: 5350K->5350K(1056768K)], 0.2005892 secs] [Times: user=0.19 sys=0.00, real=0.20 secs] 
2018-03-17T00:07:58.800+0500: 704.724: [GC (Allocation Failure) 2018-03-17T00:07:58.800+0500: 704.724: [DefNew: 139776K->17471K(157248K), 0.2542927 secs] 184435K->184434K(506816K), 0.2543573 secs] [Times: user=0.27 sys=0.00, real=0.25 secs] 
2018-03-17T00:07:59.080+0500: 705.003: [GC (Allocation Failure) 2018-03-17T00:07:59.080+0500: 705.003: [DefNew: 157247K->17472K(157248K), 0.2532496 secs] 324210K->324208K(506816K), 0.2533258 secs] [Times: user=0.25 sys=0.00, real=0.25 secs] 
2018-03-17T00:07:59.358+0500: 705.282: [GC (Allocation Failure) 2018-03-17T00:07:59.358+0500: 705.282: [DefNew: 157248K->157248K(157248K), 0.0000175 secs]2018-03-17T00:07:59.358+0500: 705.282: [Tenured: 306736K->34272K(349568K), 0.1779736 secs] 463984K->34272K(506816K), [Metaspace: 5350K->5350K(1056768K)], 0.1780634 secs] [Times: user=0.17 sys=0.00, real=0.18 secs] 
2018-03-17T00:07:59.565+0500: 705.489: [GC (Allocation Failure) 2018-03-17T00:07:59.565+0500: 705.489: [DefNew: 139776K->17472K(157248K), 0.2554961 secs] 174048K->174046K(506816K), 0.2555620 secs] [Times: user=0.26 sys=0.00, real=0.26 secs] 
2018-03-17T00:07:59.847+0500: 705.770: [GC (Allocation Failure) 2018-03-17T00:07:59.847+0500: 705.770: [DefNew: 157248K->17472K(157248K), 0.2641351 secs] 313822K->313821K(506816K), 0.2641946 secs] [Times: user=0.27 sys=0.00, real=0.26 secs] 
2018-03-17T00:08:00.136+0500: 706.060: [GC (Allocation Failure) 2018-03-17T00:08:00.136+0500: 706.060: [DefNew: 157248K->157248K(157248K), 0.0000163 secs]2018-03-17T00:08:00.136+0500: 706.060: [Tenured: 296349K->23908K(349568K), 0.1560063 secs] 453597K->23908K(506816K), [Metaspace: 5350K->5350K(1056768K)], 0.1560927 secs] [Times: user=0.16 sys=0.00, real=0.16 secs] 
2018-03-17T00:08:00.321+0500: 706.244: [GC (Allocation Failure) 2018-03-17T00:08:00.321+0500: 706.244: [DefNew: 139776K->17472K(157248K), 0.2571721 secs] 163684K->163683K(506816K), 0.2572341 secs] [Times: user=0.25 sys=0.00, real=0.26 secs] 
2018-03-17T00:08:00.603+0500: 706.527: [GC (Allocation Failure) 2018-03-17T00:08:00.603+0500: 706.527: [DefNew: 157248K->17472K(157248K), 0.2539142 secs] 303459K->303458K(506816K), 0.2539745 secs] [Times: user=0.25 sys=0.00, real=0.25 secs] 
2018-03-17T00:08:00.882+0500: 706.807: [GC (Allocation Failure) 2018-03-17T00:08:00.882+0500: 706.807: [DefNew: 146063K->146063K(157248K), 0.0000167 secs]2018-03-17T00:08:00.882+0500: 706.807: [Tenured: 285986K->715K(349568K), 0.1385508 secs] 432050K->715K(506816K), [Metaspace: 5350K->5350K(1056768K)], 0.1386376 secs] [Times: user=0.14 sys=0.00, real=0.14 secs] 
2018-03-17T00:08:01.046+0500: 706.971: [GC (Allocation Failure) 2018-03-17T00:08:01.046+0500: 706.971: [DefNew: 139776K->17472K(157248K), 0.2233763 secs] 140491K->140490K(506816K), 0.2234388 secs] [Times: user=0.20 sys=0.00, real=0.22 secs] 
2018-03-17T00:08:01.296+0500: 707.220: [GC (Allocation Failure) 2018-03-17T00:08:01.296+0500: 707.220: [DefNew: 157248K->17472K(157248K), 0.2551339 secs] 280266K->280229K(506816K), 0.2551985 secs] [Times: user=0.25 sys=0.00, real=0.26 secs] 
2018-03-17T00:08:01.579+0500: 707.503: [GC (Allocation Failure) 2018-03-17T00:08:01.579+0500: 707.503: [DefNew: 157248K->157248K(157248K), 0.0000171 secs]2018-03-17T00:08:01.579+0500: 707.503: [Tenured: 262757K->205160K(349568K), 0.4694037 secs] 420005K->205160K(506816K), [Metaspace: 5350K->5350K(1056768K)], 0.4695213 secs] [Times: user=0.47 sys=0.00, real=0.47 secs] 
2018-03-17T00:08:02.074+0500: 707.998: [GC (Allocation Failure) 2018-03-17T00:08:02.074+0500: 707.998: [DefNew: 139776K->17472K(157248K), 0.2224821 secs] 344936K->344935K(506816K), 0.2225437 secs] [Times: user=0.22 sys=0.00, real=0.22 secs] 
2018-03-17T00:08:02.324+0500: 708.248: [GC (Allocation Failure) 2018-03-17T00:08:02.324+0500: 708.248: [DefNew: 157248K->157248K(157248K), 0.0000163 secs]2018-03-17T00:08:02.324+0500: 708.248: [Tenured: 327463K->55022K(349568K), 0.2223872 secs] 484711K->55022K(506816K), [Metaspace: 5350K->5350K(1056768K)], 0.2224774 secs] [Times: user=0.22 sys=0.00, real=0.22 secs] 
2018-03-17T00:08:02.576+0500: 708.499: [GC (Allocation Failure) 2018-03-17T00:08:02.576+0500: 708.499: [DefNew: 139776K->17472K(157248K), 0.2563907 secs] 194798K->194797K(506816K), 0.2564579 secs] [Times: user=0.25 sys=0.00, real=0.26 secs] 
2018-03-17T00:08:02.857+0500: 708.781: [GC (Allocation Failure) 2018-03-17T00:08:02.858+0500: 708.781: [DefNew: 157248K->17471K(157248K), 0.2566285 secs] 334573K->334572K(506816K), 0.2567222 secs] [Times: user=0.25 sys=0.00, real=0.26 secs] 
2018-03-17T00:08:03.140+0500: 709.063: [GC (Allocation Failure) 2018-03-17T00:08:03.140+0500: 709.063: [DefNew: 157247K->157247K(157248K), 0.0000171 secs]2018-03-17T00:08:03.140+0500: 709.064: [Tenured: 317100K->44659K(349568K), 0.1992990 secs] 474348K->44659K(506816K), [Metaspace: 5350K->5350K(1056768K)], 0.1993952 secs] [Times: user=0.20 sys=0.00, real=0.20 secs] 
2018-03-17T00:08:03.367+0500: 709.291: [GC (Allocation Failure) 2018-03-17T00:08:03.367+0500: 709.291: [DefNew: 139776K->17471K(157248K), 0.2565366 secs] 184435K->184434K(506816K), 0.2565999 secs] [Times: user=0.25 sys=0.00, real=0.26 secs] 
2018-03-17T00:08:03.649+0500: 709.573: [GC (Allocation Failure) 2018-03-17T00:08:03.649+0500: 709.573: [DefNew: 157247K->17472K(157248K), 0.2519218 secs] 324210K->324208K(506816K), 0.2519825 secs] [Times: user=0.25 sys=0.00, real=0.25 secs] 
2018-03-17T00:08:03.927+0500: 709.851: [GC (Allocation Failure) 2018-03-17T00:08:03.927+0500: 709.851: [DefNew: 157248K->157248K(157248K), 0.0000150 secs]2018-03-17T00:08:03.927+0500: 709.851: [Tenured: 306736K->34272K(349568K), 0.1776991 secs] 463984K->34272K(506816K), [Metaspace: 5350K->5350K(1056768K)], 0.1777923 secs] [Times: user=0.19 sys=0.00, real=0.18 secs] 
2018-03-17T00:08:04.136+0500: 710.059: [GC (Allocation Failure) 2018-03-17T00:08:04.136+0500: 710.059: [DefNew: 139776K->17472K(157248K), 0.2546814 secs] 174048K->174046K(506816K), 0.2547481 secs] [Times: user=0.25 sys=0.00, real=0.25 secs] 
2018-03-17T00:08:04.416+0500: 710.340: [GC (Allocation Failure) 2018-03-17T00:08:04.416+0500: 710.340: [DefNew: 157248K->17472K(157248K), 0.2518717 secs] 313822K->313821K(506816K), 0.2519303 secs] [Times: user=0.25 sys=0.00, real=0.25 secs] 
2018-03-17T00:08:04.693+0500: 710.617: [GC (Allocation Failure) 2018-03-17T00:08:04.693+0500: 710.617: [DefNew: 157248K->157248K(157248K), 0.0000163 secs]2018-03-17T00:08:04.693+0500: 710.617: [Tenured: 296349K->23908K(349568K), 0.1556300 secs] 453597K->23908K(506816K), [Metaspace: 5350K->5350K(1056768K)], 0.1557142 secs] [Times: user=0.16 sys=0.00, real=0.16 secs] 
2018-03-17T00:08:04.877+0500: 710.801: [GC (Allocation Failure) 2018-03-17T00:08:04.877+0500: 710.801: [DefNew: 139776K->17472K(157248K), 0.2573371 secs] 163684K->163683K(506816K), 0.2573992 secs] [Times: user=0.27 sys=0.00, real=0.26 secs] 
2018-03-17T00:08:05.159+0500: 711.084: [GC (Allocation Failure) 2018-03-17T00:08:05.159+0500: 711.084: [DefNew: 157248K->17472K(157248K), 0.2535661 secs] 303459K->303458K(506816K), 0.2536247 secs] [Times: user=0.27 sys=0.00, real=0.26 secs] 
2018-03-17T00:08:05.439+0500: 711.363: [GC (Allocation Failure) 2018-03-17T00:08:05.439+0500: 711.363: [DefNew: 146063K->146063K(157248K), 0.0000167 secs]2018-03-17T00:08:05.439+0500: 711.363: [Tenured: 285986K->715K(349568K), 0.1368547 secs] 432050K->715K(506816K), [Metaspace: 5350K->5350K(1056768K)], 0.1369407 secs] [Times: user=0.13 sys=0.00, real=0.14 secs] 
2018-03-17T00:08:05.601+0500: 711.525: [GC (Allocation Failure) 2018-03-17T00:08:05.602+0500: 711.525: [DefNew: 139776K->17472K(157248K), 0.2226908 secs] 140491K->140490K(506816K), 0.2227789 secs] [Times: user=0.22 sys=0.00, real=0.22 secs] 
2018-03-17T00:08:05.850+0500: 711.773: [GC (Allocation Failure) 2018-03-17T00:08:05.850+0500: 711.773: [DefNew: 157248K->17472K(157248K), 0.2550030 secs] 280266K->280229K(506816K), 0.2550843 secs] [Times: user=0.25 sys=0.00, real=0.26 secs] 
2018-03-17T00:08:06.133+0500: 712.057: [GC (Allocation Failure) 2018-03-17T00:08:06.133+0500: 712.057: [DefNew: 157248K->157248K(157248K), 0.0000167 secs]2018-03-17T00:08:06.133+0500: 712.057: [Tenured: 262757K->205160K(349568K), 0.4716883 secs] 420005K->205160K(506816K), [Metaspace: 5350K->5350K(1056768K)], 0.4717836 secs] [Times: user=0.47 sys=0.00, real=0.47 secs] 
2018-03-17T00:08:06.630+0500: 712.554: [GC (Allocation Failure) 2018-03-17T00:08:06.630+0500: 712.554: [DefNew: 139776K->17472K(157248K), 0.2247867 secs] 344936K->344935K(506816K), 0.2248479 secs] [Times: user=0.23 sys=0.00, real=0.22 secs] 
2018-03-17T00:08:06.881+0500: 712.805: [GC (Allocation Failure) 2018-03-17T00:08:06.881+0500: 712.805: [DefNew: 157248K->157248K(157248K), 0.0000175 secs]2018-03-17T00:08:06.881+0500: 712.805: [Tenured: 327463K->55022K(349568K), 0.2210683 secs] 484711K->55022K(506816K), [Metaspace: 5350K->5350K(1056768K)], 0.2211611 secs] [Times: user=0.23 sys=0.00, real=0.22 secs] 
2018-03-17T00:08:07.133+0500: 713.057: [GC (Allocation Failure) 2018-03-17T00:08:07.133+0500: 713.057: [DefNew: 139776K->17472K(157248K), 0.2554533 secs] 194798K->194797K(506816K), 0.2555171 secs] [Times: user=0.25 sys=0.00, real=0.26 secs] 
2018-03-17T00:08:07.414+0500: 713.338: [GC (Allocation Failure) 2018-03-17T00:08:07.414+0500: 713.338: [DefNew: 157248K->17471K(157248K), 0.2511700 secs] 334573K->334572K(506816K), 0.2512328 secs] [Times: user=0.25 sys=0.00, real=0.25 secs] 
2018-03-17T00:08:07.691+0500: 713.615: [GC (Allocation Failure) 2018-03-17T00:08:07.691+0500: 713.615: [DefNew: 157247K->157247K(157248K), 0.0000167 secs]2018-03-17T00:08:07.691+0500: 713.615: [Tenured: 317100K->44659K(349568K), 0.1992387 secs] 474348K->44659K(506816K), [Metaspace: 5350K->5350K(1056768K)], 0.1993306 secs] [Times: user=0.20 sys=0.00, real=0.20 secs] 
2018-03-17T00:08:07.919+0500: 713.843: [GC (Allocation Failure) 2018-03-17T00:08:07.919+0500: 713.843: [DefNew: 139776K->17471K(157248K), 0.2549256 secs] 184435K->184434K(506816K), 0.2549893 secs] [Times: user=0.25 sys=0.00, real=0.26 secs] 
2018-03-17T00:08:08.200+0500: 714.124: [GC (Allocation Failure) 2018-03-17T00:08:08.200+0500: 714.124: [DefNew: 157247K->17472K(157248K), 0.2513222 secs] 324210K->324208K(506816K), 0.2513876 secs] [Times: user=0.25 sys=0.00, real=0.25 secs] 
2018-03-17T00:08:08.477+0500: 714.400: [GC (Allocation Failure) 2018-03-17T00:08:08.477+0500: 714.400: [DefNew: 157248K->157248K(157248K), 0.0000158 secs]2018-03-17T00:08:08.477+0500: 714.400: [Tenured: 306736K->34272K(349568K), 0.1779522 secs] 463984K->34272K(506816K), [Metaspace: 5350K->5350K(1056768K)], 0.1780408 secs] [Times: user=0.17 sys=0.00, real=0.18 secs] 
2018-03-17T00:08:08.684+0500: 714.607: [GC (Allocation Failure) 2018-03-17T00:08:08.684+0500: 714.607: [DefNew: 139776K->17472K(157248K), 0.2560285 secs] 174048K->174046K(506816K), 0.2561200 secs] [Times: user=0.25 sys=0.00, real=0.26 secs] 
2018-03-17T00:08:08.965+0500: 714.889: [GC (Allocation Failure) 2018-03-17T00:08:08.965+0500: 714.889: [DefNew: 157248K->17472K(157248K), 0.2556377 secs] 313822K->313821K(506816K), 0.2556988 secs] [Times: user=0.25 sys=0.00, real=0.26 secs] 
2018-03-17T00:08:09.246+0500: 715.170: [GC (Allocation Failure) 2018-03-17T00:08:09.246+0500: 715.170: [DefNew: 157248K->157248K(157248K), 0.0000163 secs]2018-03-17T00:08:09.246+0500: 715.170: [Tenured: 296349K->23908K(349568K), 0.1548692 secs] 453597K->23908K(506816K), [Metaspace: 5350K->5350K(1056768K)], 0.1549539 secs] [Times: user=0.16 sys=0.00, real=0.15 secs] 
2018-03-17T00:08:09.437+0500: 715.362: [GC (Allocation Failure) 2018-03-17T00:08:09.437+0500: 715.362: [DefNew: 139776K->17472K(157248K), 0.2642446 secs] 163684K->163683K(506816K), 0.2643139 secs] [Times: user=0.27 sys=0.00, real=0.26 secs] 
2018-03-17T00:08:09.728+0500: 715.651: [GC (Allocation Failure) 2018-03-17T00:08:09.728+0500: 715.651: [DefNew: 157248K->17472K(157248K), 0.2637357 secs] 303459K->303458K(506816K), 0.2638127 secs] [Times: user=0.27 sys=0.00, real=0.26 secs] 
2018-03-17T00:08:10.017+0500: 715.940: [GC (Allocation Failure) 2018-03-17T00:08:10.017+0500: 715.940: [DefNew: 146063K->146063K(157248K), 0.0000167 secs]2018-03-17T00:08:10.017+0500: 715.940: [Tenured: 285986K->715K(349568K), 0.1363090 secs] 432050K->715K(506816K), [Metaspace: 5350K->5350K(1056768K)], 0.1363941 secs] [Times: user=0.14 sys=0.00, real=0.14 secs] 
2018-03-17T00:08:10.178+0500: 716.102: [GC (Allocation Failure) 2018-03-17T00:08:10.178+0500: 716.102: [DefNew: 139776K->17472K(157248K), 0.2243638 secs] 140491K->140490K(506816K), 0.2244236 secs] [Times: user=0.22 sys=0.00, real=0.22 secs] 
2018-03-17T00:08:10.428+0500: 716.352: [GC (Allocation Failure) 2018-03-17T00:08:10.428+0500: 716.352: [DefNew: 157248K->17472K(157248K), 0.2558109 secs] 280266K->280229K(506816K), 0.2558746 secs] [Times: user=0.25 sys=0.00, real=0.26 secs] 
2018-03-17T00:08:10.712+0500: 716.636: [GC (Allocation Failure) 2018-03-17T00:08:10.712+0500: 716.636: [DefNew: 157248K->157248K(157248K), 0.0000167 secs]2018-03-17T00:08:10.712+0500: 716.636: [Tenured: 262757K->205160K(349568K), 0.4758703 secs] 420005K->205160K(506816K), [Metaspace: 5350K->5350K(1056768K)], 0.4759734 secs] [Times: user=0.47 sys=0.00, real=0.48 secs] 
2018-03-17T00:08:11.214+0500: 717.137: [GC (Allocation Failure) 2018-03-17T00:08:11.214+0500: 717.137: [DefNew: 139776K->17472K(157248K), 0.2230231 secs] 344936K->344935K(506816K), 0.2230911 secs] [Times: user=0.22 sys=0.00, real=0.22 secs] 
2018-03-17T00:08:11.462+0500: 717.386: [GC (Allocation Failure) 2018-03-17T00:08:11.462+0500: 717.386: [DefNew: 157248K->157248K(157248K), 0.0000278 secs]2018-03-17T00:08:11.463+0500: 717.386: [Tenured: 327463K->55022K(349568K), 0.2202515 secs] 484711K->55022K(506816K), [Metaspace: 5350K->5350K(1056768K)], 0.2203763 secs] [Times: user=0.20 sys=0.00, real=0.22 secs] 
2018-03-17T00:08:11.712+0500: 717.635: [GC (Allocation Failure) 2018-03-17T00:08:11.712+0500: 717.635: [DefNew: 139776K->17472K(157248K), 0.2774300 secs] 194798K->194797K(506816K), 0.2775014 secs] [Times: user=0.27 sys=0.00, real=0.28 secs] 
2018-03-17T00:08:12.015+0500: 717.939: [GC (Allocation Failure) 2018-03-17T00:08:12.015+0500: 717.939: [DefNew: 157248K->17471K(157248K), 0.2500769 secs] 334573K->334572K(506816K), 0.2501628 secs] [Times: user=0.25 sys=0.00, real=0.25 secs] 
2018-03-17T00:08:12.290+0500: 718.215: [GC (Allocation Failure) 2018-03-17T00:08:12.290+0500: 718.215: [DefNew: 157247K->157247K(157248K), 0.0000158 secs]2018-03-17T00:08:12.290+0500: 718.215: [Tenured: 317100K->44659K(349568K), 0.2002552 secs] 474348K->44659K(506816K), [Metaspace: 5350K->5350K(1056768K)], 0.2003467 secs] [Times: user=0.19 sys=0.00, real=0.20 secs] 
2018-03-17T00:08:12.520+0500: 718.443: [GC (Allocation Failure) 2018-03-17T00:08:12.520+0500: 718.443: [DefNew: 139776K->17471K(157248K), 0.2554294 secs] 184435K->184434K(506816K), 0.2554927 secs] [Times: user=0.27 sys=0.00, real=0.26 secs] 
2018-03-17T00:08:12.801+0500: 718.725: [GC (Allocation Failure) 2018-03-17T00:08:12.801+0500: 718.725: [DefNew: 157247K->17472K(157248K), 0.2512324 secs] 324210K->324208K(506816K), 0.2512918 secs] [Times: user=0.25 sys=0.00, real=0.25 secs] 
2018-03-17T00:08:13.079+0500: 719.003: [GC (Allocation Failure) 2018-03-17T00:08:13.079+0500: 719.003: [DefNew: 157248K->157248K(157248K), 0.0000141 secs]2018-03-17T00:08:13.079+0500: 719.003: [Tenured: 306736K->34272K(349568K), 0.1800375 secs] 463984K->34272K(506816K), [Metaspace: 5350K->5350K(1056768K)], 0.1801239 secs] [Times: user=0.19 sys=0.00, real=0.18 secs] 
2018-03-17T00:08:13.288+0500: 719.212: [GC (Allocation Failure) 2018-03-17T00:08:13.288+0500: 719.212: [DefNew: 139776K->17472K(157248K), 0.2570878 secs] 174048K->174046K(506816K), 0.2571477 secs] [Times: user=0.25 sys=0.00, real=0.26 secs] 
2018-03-17T00:08:13.570+0500: 719.495: [GC (Allocation Failure) 2018-03-17T00:08:13.570+0500: 719.495: [DefNew: 157248K->17472K(157248K), 0.2526133 secs] 313822K->313821K(506816K), 0.2526770 secs] [Times: user=0.20 sys=0.00, real=0.25 secs] 
2018-03-17T00:08:13.849+0500: 719.773: [GC (Allocation Failure) 2018-03-17T00:08:13.849+0500: 719.773: [DefNew: 157248K->157248K(157248K), 0.0000171 secs]2018-03-17T00:08:13.849+0500: 719.773: [Tenured: 296349K->23908K(349568K), 0.1549915 secs] 453597K->23908K(506816K), [Metaspace: 5350K->5350K(1056768K)], 0.1550792 secs] [Times: user=0.16 sys=0.00, real=0.15 secs] 
2018-03-17T00:08:14.033+0500: 719.957: [GC (Allocation Failure) 2018-03-17T00:08:14.033+0500: 719.957: [DefNew: 139776K->17472K(157248K), 0.2557754 secs] 163684K->163683K(506816K), 0.2558391 secs] [Times: user=0.27 sys=0.00, real=0.26 secs] 
2018-03-17T00:08:14.314+0500: 720.238: [GC (Allocation Failure) 2018-03-17T00:08:14.314+0500: 720.238: [DefNew: 157248K->17472K(157248K), 0.2523272 secs] 303459K->303458K(506816K), 0.2523883 secs] [Times: user=0.25 sys=0.00, real=0.25 secs] 
2018-03-17T00:08:14.592+0500: 720.516: [GC (Allocation Failure) 2018-03-17T00:08:14.592+0500: 720.516: [DefNew: 146063K->146063K(157248K), 0.0000158 secs]2018-03-17T00:08:14.592+0500: 720.516: [Tenured: 285986K->715K(349568K), 0.1369518 secs] 432050K->715K(506816K), [Metaspace: 5350K->5350K(1056768K)], 0.1370365 secs] [Times: user=0.14 sys=0.00, real=0.14 secs] 
2018-03-17T00:08:14.754+0500: 720.678: [GC (Allocation Failure) 2018-03-17T00:08:14.754+0500: 720.678: [DefNew: 139776K->17472K(157248K), 0.2239951 secs] 140491K->140490K(506816K), 0.2240559 secs] [Times: user=0.23 sys=0.00, real=0.22 secs] 
2018-03-17T00:08:15.003+0500: 720.928: [GC (Allocation Failure) 2018-03-17T00:08:15.003+0500: 720.928: [DefNew: 157248K->17472K(157248K), 0.2561247 secs] 280266K->280229K(506816K), 0.2561902 secs] [Times: user=0.27 sys=0.00, real=0.26 secs] 
2018-03-17T00:08:15.288+0500: 721.212: [GC (Allocation Failure) 2018-03-17T00:08:15.288+0500: 721.212: [DefNew: 157248K->157248K(157248K), 0.0000167 secs]2018-03-17T00:08:15.288+0500: 721.212: [Tenured: 262757K->205160K(349568K), 0.4712901 secs] 420005K->205160K(506816K), [Metaspace: 5350K->5350K(1056768K)], 0.4713799 secs] [Times: user=0.47 sys=0.00, real=0.47 secs] 
2018-03-17T00:08:15.785+0500: 721.708: [GC (Allocation Failure) 2018-03-17T00:08:15.785+0500: 721.709: [DefNew: 139776K->17472K(157248K), 0.2242962 secs] 344936K->344935K(506816K), 0.2243599 secs] [Times: user=0.23 sys=0.00, real=0.22 secs] 
2018-03-17T00:08:16.035+0500: 721.959: [GC (Allocation Failure) 2018-03-17T00:08:16.035+0500: 721.959: [DefNew: 157248K->157248K(157248K), 0.0000167 secs]2018-03-17T00:08:16.035+0500: 721.959: [Tenured: 327463K->55022K(349568K), 0.2204058 secs] 484711K->55022K(506816K), [Metaspace: 5350K->5350K(1056768K)], 0.2204935 secs] [Times: user=0.22 sys=0.00, real=0.22 secs] 
2018-03-17T00:08:16.284+0500: 722.208: [GC (Allocation Failure) 2018-03-17T00:08:16.284+0500: 722.208: [DefNew: 139776K->17472K(157248K), 0.2541554 secs] 194798K->194797K(506816K), 0.2542204 secs] [Times: user=0.27 sys=0.00, real=0.25 secs] 
2018-03-17T00:08:16.563+0500: 722.487: [GC (Allocation Failure) 2018-03-17T00:08:16.563+0500: 722.487: [DefNew: 157248K->17471K(157248K), 0.2503125 secs] 334573K->334572K(506816K), 0.2503762 secs] [Times: user=0.25 sys=0.00, real=0.25 secs] 
2018-03-17T00:08:16.840+0500: 722.763: [GC (Allocation Failure) 2018-03-17T00:08:16.840+0500: 722.763: [DefNew: 157247K->157247K(157248K), 0.0000316 secs]2018-03-17T00:08:16.840+0500: 722.763: [Tenured: 317100K->44659K(349568K), 0.1979399 secs] 474348K->44659K(506816K), [Metaspace: 5350K->5350K(1056768K)], 0.1980917 secs] [Times: user=0.20 sys=0.00, real=0.20 secs] 
2018-03-17T00:08:17.067+0500: 722.990: [GC (Allocation Failure) 2018-03-17T00:08:17.067+0500: 722.990: [DefNew: 139776K->17471K(157248K), 0.2577451 secs] 184435K->184434K(506816K), 0.2578191 secs] [Times: user=0.27 sys=0.00, real=0.26 secs] 
2018-03-17T00:08:17.349+0500: 723.273: [GC (Allocation Failure) 2018-03-17T00:08:17.349+0500: 723.273: [DefNew: 157247K->17472K(157248K), 0.2506418 secs] 324210K->324208K(506816K), 0.2507012 secs] [Times: user=0.27 sys=0.00, real=0.25 secs] 
2018-03-17T00:08:17.626+0500: 723.550: [GC (Allocation Failure) 2018-03-17T00:08:17.626+0500: 723.550: [DefNew: 157248K->157248K(157248K), 0.0000163 secs]2018-03-17T00:08:17.626+0500: 723.550: [Tenured: 306736K->34272K(349568K), 0.1772492 secs] 463984K->34272K(506816K), [Metaspace: 5350K->5350K(1056768K)], 0.1773364 secs] [Times: user=0.19 sys=0.00, real=0.18 secs] 
2018-03-17T00:08:17.832+0500: 723.756: [GC (Allocation Failure) 2018-03-17T00:08:17.832+0500: 723.756: [DefNew: 139776K->17472K(157248K), 0.2556642 secs] 174048K->174046K(506816K), 0.2557305 secs] [Times: user=0.26 sys=0.00, real=0.26 secs] 
2018-03-17T00:08:18.114+0500: 724.037: [GC (Allocation Failure) 2018-03-17T00:08:18.114+0500: 724.037: [DefNew: 157248K->17472K(157248K), 0.2534669 secs] 313822K->313821K(506816K), 0.2535272 secs] [Times: user=0.27 sys=0.00, real=0.25 secs] 
2018-03-17T00:08:18.393+0500: 724.316: [GC (Allocation Failure) 2018-03-17T00:08:18.393+0500: 724.316: [DefNew: 157248K->157248K(157248K), 0.0000167 secs]2018-03-17T00:08:18.393+0500: 724.316: [Tenured: 296349K->23908K(349568K), 0.1553490 secs] 453597K->23908K(506816K), [Metaspace: 5350K->5350K(1056768K)], 0.1554380 secs] [Times: user=0.16 sys=0.00, real=0.16 secs] 
2018-03-17T00:08:18.576+0500: 724.499: [GC (Allocation Failure) 2018-03-17T00:08:18.576+0500: 724.500: [DefNew: 139776K->17472K(157248K), 0.2552694 secs] 163684K->163683K(506816K), 0.2553302 secs] [Times: user=0.25 sys=0.00, real=0.26 secs] 
2018-03-17T00:08:18.856+0500: 724.780: [GC (Allocation Failure) 2018-03-17T00:08:18.856+0500: 724.780: [DefNew: 157248K->17472K(157248K), 0.2527108 secs] 303459K->303458K(506816K), 0.2527719 secs] [Times: user=0.25 sys=0.00, real=0.25 secs] 
2018-03-17T00:08:19.137+0500: 725.061: [GC (Allocation Failure) 2018-03-17T00:08:19.137+0500: 725.061: [DefNew: 146063K->146063K(157248K), 0.0000158 secs]2018-03-17T00:08:19.137+0500: 725.061: [Tenured: 285986K->715K(349568K), 0.1365105 secs] 432050K->715K(506816K), [Metaspace: 5350K->5350K(1056768K)], 0.1365956 secs] [Times: user=0.14 sys=0.00, real=0.14 secs] 
2018-03-17T00:08:19.299+0500: 725.223: [GC (Allocation Failure) 2018-03-17T00:08:19.299+0500: 725.223: [DefNew: 139776K->17472K(157248K), 0.2214472 secs] 140491K->140490K(506816K), 0.2215088 secs] [Times: user=0.20 sys=0.00, real=0.22 secs] 
2018-03-17T00:08:19.548+0500: 725.472: [GC (Allocation Failure) 2018-03-17T00:08:19.548+0500: 725.472: [DefNew: 157248K->17472K(157248K), 0.2556629 secs] 280266K->280229K(506816K), 0.2557347 secs] [Times: user=0.27 sys=0.00, real=0.26 secs] 
2018-03-17T00:08:19.832+0500: 725.756: [GC (Allocation Failure) 2018-03-17T00:08:19.832+0500: 725.756: [DefNew: 157248K->157248K(157248K), 0.0000167 secs]2018-03-17T00:08:19.832+0500: 725.756: [Tenured: 262757K->205160K(349568K), 0.4703908 secs] 420005K->205160K(506816K), [Metaspace: 5350K->5350K(1056768K)], 0.4704771 secs] [Times: user=0.47 sys=0.00, real=0.47 secs] 
2018-03-17T00:08:20.327+0500: 726.251: [GC (Allocation Failure) 2018-03-17T00:08:20.327+0500: 726.251: [DefNew: 139776K->17472K(157248K), 0.2230205 secs] 344936K->344935K(506816K), 0.2230812 secs] [Times: user=0.22 sys=0.00, real=0.22 secs] 
2018-03-17T00:08:20.576+0500: 726.500: [GC (Allocation Failure) 2018-03-17T00:08:20.576+0500: 726.500: [DefNew: 157248K->157248K(157248K), 0.0000180 secs]2018-03-17T00:08:20.576+0500: 726.500: [Tenured: 327463K->55022K(349568K), 0.2213261 secs] 484711K->55022K(506816K), [Metaspace: 5350K->5350K(1056768K)], 0.2214309 secs] [Times: user=0.22 sys=0.00, real=0.22 secs] 
2018-03-17T00:08:20.827+0500: 726.751: [GC (Allocation Failure) 2018-03-17T00:08:20.827+0500: 726.751: [DefNew: 139776K->17472K(157248K), 0.2553054 secs] 194798K->194797K(506816K), 0.2553695 secs] [Times: user=0.25 sys=0.00, real=0.26 secs] 
2018-03-17T00:08:21.109+0500: 727.032: [GC (Allocation Failure) 2018-03-17T00:08:21.109+0500: 727.032: [DefNew: 157248K->17471K(157248K), 0.2599792 secs] 334573K->334572K(506816K), 0.2600408 secs] [Times: user=0.27 sys=0.00, real=0.26 secs] 
2018-03-17T00:08:21.394+0500: 727.318: [GC (Allocation Failure) 2018-03-17T00:08:21.394+0500: 727.318: [DefNew: 157247K->157247K(157248K), 0.0000167 secs]2018-03-17T00:08:21.394+0500: 727.318: [Tenured: 317100K->44659K(349568K), 0.2000093 secs] 474348K->44659K(506816K), [Metaspace: 5350K->5350K(1056768K)], 0.2001030 secs] [Times: user=0.20 sys=0.00, real=0.20 secs] 
2018-03-17T00:08:21.623+0500: 727.547: [GC (Allocation Failure) 2018-03-17T00:08:21.623+0500: 727.547: [DefNew: 139776K->17471K(157248K), 0.2545570 secs] 184435K->184434K(506816K), 0.2546211 secs] [Times: user=0.25 sys=0.00, real=0.25 secs] 
2018-03-17T00:08:21.903+0500: 727.827: [GC (Allocation Failure) 2018-03-17T00:08:21.903+0500: 727.827: [DefNew: 157247K->17472K(157248K), 0.2501085 secs] 324210K->324208K(506816K), 0.2501701 secs] [Times: user=0.25 sys=0.00, real=0.25 secs] 
2018-03-17T00:08:22.178+0500: 728.103: [GC (Allocation Failure) 2018-03-17T00:08:22.178+0500: 728.103: [DefNew: 157248K->157248K(157248K), 0.0000167 secs]2018-03-17T00:08:22.178+0500: 728.103: [Tenured: 306736K->34272K(349568K), 0.1759367 secs] 463984K->34272K(506816K), [Metaspace: 5350K->5350K(1056768K)], 0.1760252 secs] [Times: user=0.17 sys=0.00, real=0.18 secs] 
2018-03-17T00:08:22.384+0500: 728.307: [GC (Allocation Failure) 2018-03-17T00:08:22.384+0500: 728.307: [DefNew: 139776K->17472K(157248K), 0.2559550 secs] 174048K->174046K(506816K), 0.2560204 secs] [Times: user=0.25 sys=0.00, real=0.26 secs] 
2018-03-17T00:08:22.665+0500: 728.589: [GC (Allocation Failure) 2018-03-17T00:08:22.665+0500: 728.589: [DefNew: 157248K->17472K(157248K), 0.2619601 secs] 313822K->313821K(506816K), 0.2620204 secs] [Times: user=0.25 sys=0.00, real=0.26 secs] 
2018-03-17T00:08:22.952+0500: 728.876: [GC (Allocation Failure) 2018-03-17T00:08:22.952+0500: 728.876: [DefNew: 157248K->157248K(157248K), 0.0000154 secs]2018-03-17T00:08:22.952+0500: 728.876: [Tenured: 296349K->23908K(349568K), 0.1557882 secs] 453597K->23908K(506816K), [Metaspace: 5350K->5350K(1056768K)], 0.1558738 secs] [Times: user=0.16 sys=0.00, real=0.16 secs] 
2018-03-17T00:08:23.138+0500: 729.062: [GC (Allocation Failure) 2018-03-17T00:08:23.138+0500: 729.062: [DefNew: 139776K->17472K(157248K), 0.2560007 secs] 163684K->163683K(506816K), 0.2560627 secs] [Times: user=0.25 sys=0.00, real=0.26 secs] 
2018-03-17T00:08:23.419+0500: 729.344: [GC (Allocation Failure) 2018-03-17T00:08:23.419+0500: 729.344: [DefNew: 157248K->17472K(157248K), 0.2552827 secs] 303459K->303458K(506816K), 0.2553669 secs] [Times: user=0.25 sys=0.00, real=0.26 secs] 
2018-03-17T00:08:23.701+0500: 729.625: [GC (Allocation Failure) 2018-03-17T00:08:23.701+0500: 729.625: [DefNew: 146063K->146063K(157248K), 0.0000167 secs]2018-03-17T00:08:23.701+0500: 729.625: [Tenured: 285986K->715K(349568K), 0.1364172 secs] 432050K->715K(506816K), [Metaspace: 5350K->5350K(1056768K)], 0.1365156 secs] [Times: user=0.14 sys=0.00, real=0.14 secs] 
2018-03-17T00:08:23.863+0500: 729.786: [GC (Allocation Failure) 2018-03-17T00:08:23.863+0500: 729.787: [DefNew: 139776K->17472K(157248K), 0.2224975 secs] 140491K->140490K(506816K), 0.2225646 secs] [Times: user=0.24 sys=0.00, real=0.22 secs] 
2018-03-17T00:08:24.111+0500: 730.035: [GC (Allocation Failure) 2018-03-17T00:08:24.111+0500: 730.035: [DefNew: 157248K->17472K(157248K), 0.2549880 secs] 280266K->280229K(506816K), 0.2550625 secs] [Times: user=0.27 sys=0.00, real=0.25 secs] 
2018-03-17T00:08:24.393+0500: 730.317: [GC (Allocation Failure) 2018-03-17T00:08:24.393+0500: 730.317: [DefNew: 157248K->157248K(157248K), 0.0000171 secs]2018-03-17T00:08:24.393+0500: 730.317: [Tenured: 262757K->205160K(349568K), 0.4710712 secs] 420005K->205160K(506816K), [Metaspace: 5350K->5350K(1056768K)], 0.4711640 secs] [Times: user=0.47 sys=0.00, real=0.47 secs] 
2018-03-17T00:08:24.889+0500: 730.814: [GC (Allocation Failure) 2018-03-17T00:08:24.889+0500: 730.814: [DefNew: 139776K->17472K(157248K), 0.2232822 secs] 344936K->344935K(506816K), 0.2233438 secs] [Times: user=0.22 sys=0.00, real=0.23 secs] 
2018-03-17T00:08:25.142+0500: 731.066: [GC (Allocation Failure) 2018-03-17T00:08:25.142+0500: 731.066: [DefNew: 157248K->157248K(157248K), 0.0000419 secs]2018-03-17T00:08:25.143+0500: 731.066: [Tenured: 327463K->55022K(349568K), 0.2252323 secs] 484711K->55022K(506816K), [Metaspace: 5350K->5350K(1056768K)], 0.2253538 secs] [Times: user=0.23 sys=0.00, real=0.23 secs] 
2018-03-17T00:08:25.396+0500: 731.320: [GC (Allocation Failure) 2018-03-17T00:08:25.396+0500: 731.320: [DefNew: 139776K->17472K(157248K), 0.2758481 secs] 194798K->194797K(506816K), 0.2759127 secs] [Times: user=0.28 sys=0.00, real=0.28 secs] 
2018-03-17T00:08:25.698+0500: 731.621: [GC (Allocation Failure) 2018-03-17T00:08:25.698+0500: 731.621: [DefNew: 157248K->17471K(157248K), 0.2510622 secs] 334573K->334572K(506816K), 0.2511422 secs] [Times: user=0.24 sys=0.00, real=0.25 secs] 
2018-03-17T00:08:25.974+0500: 731.898: [GC (Allocation Failure) 2018-03-17T00:08:25.974+0500: 731.898: [DefNew: 157247K->157247K(157248K), 0.0000171 secs]2018-03-17T00:08:25.974+0500: 731.898: [Tenured: 317100K->44659K(349568K), 0.1991964 secs] 474348K->44659K(506816K), [Metaspace: 5350K->5350K(1056768K)], 0.1992930 secs] [Times: user=0.20 sys=0.00, real=0.20 secs] 
2018-03-17T00:08:26.202+0500: 732.127: [GC (Allocation Failure) 2018-03-17T00:08:26.202+0500: 732.127: [DefNew: 139776K->17471K(157248K), 0.2552600 secs] 184435K->184434K(506816K), 0.2553216 secs] [Times: user=0.25 sys=0.00, real=0.26 secs] 
2018-03-17T00:08:26.483+0500: 732.407: [GC (Allocation Failure) 2018-03-17T00:08:26.483+0500: 732.407: [DefNew: 157247K->17472K(157248K), 0.2503831 secs] 324210K->324208K(506816K), 0.2504447 secs] [Times: user=0.25 sys=0.00, real=0.25 secs] 
2018-03-17T00:08:26.760+0500: 732.683: [GC (Allocation Failure) 2018-03-17T00:08:26.760+0500: 732.683: [DefNew: 157248K->157248K(157248K), 0.0000167 secs]2018-03-17T00:08:26.760+0500: 732.683: [Tenured: 306736K->34272K(349568K), 0.1780985 secs] 463984K->34272K(506816K), [Metaspace: 5350K->5350K(1056768K)], 0.1781892 secs] [Times: user=0.17 sys=0.00, real=0.18 secs] 
2018-03-17T00:08:26.967+0500: 732.890: [GC (Allocation Failure) 2018-03-17T00:08:26.967+0500: 732.890: [DefNew: 139776K->17472K(157248K), 0.2558720 secs] 174048K->174046K(506816K), 0.2559554 secs] [Times: user=0.25 sys=0.00, real=0.25 secs] 
2018-03-17T00:08:27.248+0500: 733.172: [GC (Allocation Failure) 2018-03-17T00:08:27.248+0500: 733.172: [DefNew: 157248K->17472K(157248K), 0.2519226 secs] 313822K->313821K(506816K), 0.2519949 secs] [Times: user=0.25 sys=0.00, real=0.25 secs] 
2018-03-17T00:08:27.525+0500: 733.449: [GC (Allocation Failure) 2018-03-17T00:08:27.525+0500: 733.449: [DefNew: 157248K->157248K(157248K), 0.0000227 secs]2018-03-17T00:08:27.525+0500: 733.449: [Tenured: 296349K->23908K(349568K), 0.1567329 secs] 453597K->23908K(506816K), [Metaspace: 5350K->5350K(1056768K)], 0.1568368 secs] [Times: user=0.16 sys=0.00, real=0.16 secs] 
2018-03-17T00:08:27.709+0500: 733.634: [GC (Allocation Failure) 2018-03-17T00:08:27.709+0500: 733.634: [DefNew: 139776K->17472K(157248K), 0.2558211 secs] 163684K->163683K(506816K), 0.2558836 secs] [Times: user=0.25 sys=0.00, real=0.26 secs] 
2018-03-17T00:08:27.991+0500: 733.915: [GC (Allocation Failure) 2018-03-17T00:08:27.992+0500: 733.915: [DefNew: 157248K->17472K(157248K), 0.2534412 secs] 303459K->303458K(506816K), 0.2535246 secs] [Times: user=0.25 sys=0.00, real=0.25 secs] 
2018-03-17T00:08:28.270+0500: 734.194: [GC (Allocation Failure) 2018-03-17T00:08:28.270+0500: 734.194: [DefNew: 146063K->146063K(157248K), 0.0000163 secs]2018-03-17T00:08:28.270+0500: 734.194: [Tenured: 285986K->715K(349568K), 0.1364164 secs] 432050K->715K(506816K), [Metaspace: 5350K->5350K(1056768K)], 0.1365194 secs] [Times: user=0.14 sys=0.00, real=0.14 secs] 
2018-03-17T00:08:28.432+0500: 734.356: [GC (Allocation Failure) 2018-03-17T00:08:28.432+0500: 734.356: [DefNew: 139776K->17472K(157248K), 0.2223230 secs] 140491K->140490K(506816K), 0.2223807 secs] [Times: user=0.22 sys=0.00, real=0.22 secs] 
2018-03-17T00:08:28.679+0500: 734.603: [GC (Allocation Failure) 2018-03-17T00:08:28.679+0500: 734.603: [DefNew: 157248K->17472K(157248K), 0.2562560 secs] 280266K->280229K(506816K), 0.2563202 secs] [Times: user=0.25 sys=0.00, real=0.26 secs] 
2018-03-17T00:08:28.964+0500: 734.888: [GC (Allocation Failure) 2018-03-17T00:08:28.964+0500: 734.888: [DefNew: 157248K->157248K(157248K), 0.0000163 secs]2018-03-17T00:08:28.964+0500: 734.888: [Tenured: 262757K->205160K(349568K), 0.4750855 secs] 420005K->205160K(506816K), [Metaspace: 5350K->5350K(1056768K)], 0.4751771 secs] [Times: user=0.47 sys=0.00, real=0.47 secs] 
2018-03-17T00:08:29.465+0500: 735.389: [GC (Allocation Failure) 2018-03-17T00:08:29.465+0500: 735.389: [DefNew: 139776K->17472K(157248K), 0.2242654 secs] 344936K->344935K(506816K), 0.2243304 secs] [Times: user=0.22 sys=0.00, real=0.22 secs] 
2018-03-17T00:08:29.717+0500: 735.640: [GC (Allocation Failure) 2018-03-17T00:08:29.717+0500: 735.640: [DefNew: 157248K->157248K(157248K), 0.0000210 secs]2018-03-17T00:08:29.717+0500: 735.640: [Tenured: 327463K->55022K(349568K), 0.2198101 secs] 484711K->55022K(506816K), [Metaspace: 5350K->5350K(1056768K)], 0.2199175 secs] [Times: user=0.22 sys=0.00, real=0.22 secs] 
2018-03-17T00:08:29.965+0500: 735.889: [GC (Allocation Failure) 2018-03-17T00:08:29.965+0500: 735.889: [DefNew: 139776K->17472K(157248K), 0.2549620 secs] 194798K->194797K(506816K), 0.2550253 secs] [Times: user=0.25 sys=0.00, real=0.26 secs] 
2018-03-17T00:08:30.245+0500: 736.169: [GC (Allocation Failure) 2018-03-17T00:08:30.245+0500: 736.169: [DefNew: 157248K->17471K(157248K), 0.2494144 secs] 334573K->334572K(506816K), 0.2494876 secs] [Times: user=0.25 sys=0.00, real=0.25 secs] 
2018-03-17T00:08:30.520+0500: 736.444: [GC (Allocation Failure) 2018-03-17T00:08:30.520+0500: 736.444: [DefNew: 157247K->157247K(157248K), 0.0000167 secs]2018-03-17T00:08:30.520+0500: 736.444: [Tenured: 317100K->44659K(349568K), 0.2001150 secs] 474348K->44659K(506816K), [Metaspace: 5350K->5350K(1056768K)], 0.2002056 secs] [Times: user=0.20 sys=0.00, real=0.20 secs] 
2018-03-17T00:08:30.748+0500: 736.673: [GC (Allocation Failure) 2018-03-17T00:08:30.748+0500: 736.673: [DefNew: 139776K->17471K(157248K), 0.2608212 secs] 184435K->184434K(506816K), 0.2608905 secs] [Times: user=0.27 sys=0.00, real=0.26 secs] 
2018-03-17T00:08:31.036+0500: 736.959: [GC (Allocation Failure) 2018-03-17T00:08:31.036+0500: 736.959: [DefNew: 157247K->17472K(157248K), 0.2514937 secs] 324210K->324208K(506816K), 0.2516010 secs] [Times: user=0.25 sys=0.00, real=0.25 secs] 
2018-03-17T00:08:31.312+0500: 737.236: [GC (Allocation Failure) 2018-03-17T00:08:31.312+0500: 737.236: [DefNew: 157248K->157248K(157248K), 0.0000167 secs]2018-03-17T00:08:31.312+0500: 737.236: [Tenured: 306736K->34272K(349568K), 0.1784770 secs] 463984K->34272K(506816K), [Metaspace: 5350K->5350K(1056768K)], 0.1785659 secs] [Times: user=0.19 sys=0.00, real=0.18 secs] 
2018-03-17T00:08:31.520+0500: 737.444: [GC (Allocation Failure) 2018-03-17T00:08:31.520+0500: 737.444: [DefNew: 139776K->17472K(157248K), 0.2561919 secs] 174048K->174046K(506816K), 0.2562654 secs] [Times: user=0.27 sys=0.00, real=0.26 secs] 
2018-03-17T00:08:31.802+0500: 737.726: [GC (Allocation Failure) 2018-03-17T00:08:31.802+0500: 737.726: [DefNew: 157248K->17472K(157248K), 0.2512482 secs] 313822K->313821K(506816K), 0.2513102 secs] [Times: user=0.27 sys=0.00, real=0.25 secs] 
2018-03-17T00:08:32.079+0500: 738.004: [GC (Allocation Failure) 2018-03-17T00:08:32.079+0500: 738.004: [DefNew: 157248K->157248K(157248K), 0.0000158 secs]2018-03-17T00:08:32.079+0500: 738.004: [Tenured: 296349K->23908K(349568K), 0.1548739 secs] 453597K->23908K(506816K), [Metaspace: 5350K->5350K(1056768K)], 0.1549590 secs] [Times: user=0.16 sys=0.00, real=0.16 secs] 
2018-03-17T00:08:32.263+0500: 738.187: [GC (Allocation Failure) 2018-03-17T00:08:32.263+0500: 738.187: [DefNew: 139776K->17472K(157248K), 0.2563103 secs] 163684K->163683K(506816K), 0.2563724 secs] [Times: user=0.25 sys=0.00, real=0.26 secs] 
2018-03-17T00:08:32.545+0500: 738.469: [GC (Allocation Failure) 2018-03-17T00:08:32.545+0500: 738.469: [DefNew: 157248K->17472K(157248K), 0.2639910 secs] 303459K->303458K(506816K), 0.2640483 secs] [Times: user=0.27 sys=0.00, real=0.26 secs] 
2018-03-17T00:08:32.834+0500: 738.758: [GC (Allocation Failure) 2018-03-17T00:08:32.834+0500: 738.758: [DefNew: 146063K->146063K(157248K), 0.0000154 secs]2018-03-17T00:08:32.834+0500: 738.758: [Tenured: 285986K->715K(349568K), 0.1355576 secs] 432050K->715K(506816K), [Metaspace: 5350K->5350K(1056768K)], 0.1356453 secs] [Times: user=0.13 sys=0.00, real=0.14 secs] 
2018-03-17T00:08:32.996+0500: 738.920: [GC (Allocation Failure) 2018-03-17T00:08:32.996+0500: 738.920: [DefNew: 139776K->17472K(157248K), 0.2241187 secs] 140491K->140490K(506816K), 0.2242008 secs] [Times: user=0.22 sys=0.00, real=0.22 secs] 
2018-03-17T00:08:33.246+0500: 739.170: [GC (Allocation Failure) 2018-03-17T00:08:33.246+0500: 739.170: [DefNew: 157248K->17472K(157248K), 0.2563698 secs] 280266K->280229K(506816K), 0.2564280 secs] [Times: user=0.25 sys=0.00, real=0.26 secs] 
2018-03-17T00:08:33.530+0500: 739.454: [GC (Allocation Failure) 2018-03-17T00:08:33.530+0500: 739.454: [DefNew: 157248K->157248K(157248K), 0.0000171 secs]2018-03-17T00:08:33.530+0500: 739.454: [Tenured: 262757K->205160K(349568K), 0.4984842 secs] 420005K->205160K(506816K), [Metaspace: 5350K->5350K(1056768K)], 0.4985766 secs] [Times: user=0.50 sys=0.00, real=0.50 secs] 
2018-03-17T00:08:34.056+0500: 739.980: [GC (Allocation Failure) 2018-03-17T00:08:34.056+0500: 739.980: [DefNew: 139776K->17472K(157248K), 0.2235038 secs] 344936K->344935K(506816K), 0.2235666 secs] [Times: user=0.22 sys=0.00, real=0.22 secs] 
2018-03-17T00:08:34.305+0500: 740.229: [GC (Allocation Failure) 2018-03-17T00:08:34.305+0500: 740.229: [DefNew: 157248K->157248K(157248K), 0.0000171 secs]2018-03-17T00:08:34.305+0500: 740.229: [Tenured: 327463K->55022K(349568K), 0.2207420 secs] 484711K->55022K(506816K), [Metaspace: 5350K->5350K(1056768K)], 0.2208309 secs] [Times: user=0.22 sys=0.00, real=0.22 secs] 
2018-03-17T00:08:34.555+0500: 740.479: [GC (Allocation Failure) 2018-03-17T00:08:34.555+0500: 740.479: [DefNew: 139776K->17472K(157248K), 0.2552776 secs] 194798K->194797K(506816K), 0.2553383 secs] [Times: user=0.25 sys=0.00, real=0.25 secs] 
2018-03-17T00:08:34.836+0500: 740.760: [GC (Allocation Failure) 2018-03-17T00:08:34.836+0500: 740.760: [DefNew: 157248K->17471K(157248K), 0.2501791 secs] 334573K->334572K(506816K), 0.2502501 secs] [Times: user=0.25 sys=0.00, real=0.25 secs] 
2018-03-17T00:08:35.112+0500: 741.036: [GC (Allocation Failure) 2018-03-17T00:08:35.112+0500: 741.036: [DefNew: 157247K->157247K(157248K), 0.0000163 secs]2018-03-17T00:08:35.112+0500: 741.036: [Tenured: 317100K->44659K(349568K), 0.2013740 secs] 474348K->44659K(506816K), [Metaspace: 5350K->5350K(1056768K)], 0.2015685 secs] [Times: user=0.20 sys=0.00, real=0.20 secs] 
2018-03-17T00:08:35.342+0500: 741.266: [GC (Allocation Failure) 2018-03-17T00:08:35.342+0500: 741.266: [DefNew: 139776K->17471K(157248K), 0.2544894 secs] 184435K->184434K(506816K), 0.2545497 secs] [Times: user=0.25 sys=0.00, real=0.25 secs] 
2018-03-17T00:08:35.623+0500: 741.546: [GC (Allocation Failure) 2018-03-17T00:08:35.623+0500: 741.547: [DefNew: 157247K->17472K(157248K), 0.2503604 secs] 324210K->324208K(506816K), 0.2504447 secs] [Times: user=0.25 sys=0.00, real=0.25 secs] 
2018-03-17T00:08:35.898+0500: 741.822: [GC (Allocation Failure) 2018-03-17T00:08:35.898+0500: 741.822: [DefNew: 157248K->157248K(157248K), 0.0000167 secs]2018-03-17T00:08:35.898+0500: 741.822: [Tenured: 306736K->34272K(349568K), 0.1769314 secs] 463984K->34272K(506816K), [Metaspace: 5350K->5350K(1056768K)], 0.1770212 secs] [Times: user=0.17 sys=0.00, real=0.18 secs] 
2018-03-17T00:08:36.104+0500: 742.028: [GC (Allocation Failure) 2018-03-17T00:08:36.104+0500: 742.028: [DefNew: 139776K->17472K(157248K), 0.2547541 secs] 174048K->174046K(506816K), 0.2548161 secs] [Times: user=0.25 sys=0.00, real=0.25 secs] 
2018-03-17T00:08:36.385+0500: 742.308: [GC (Allocation Failure) 2018-03-17T00:08:36.385+0500: 742.308: [DefNew: 157248K->17472K(157248K), 0.2524320 secs] 313822K->313821K(506816K), 0.2524944 secs] [Times: user=0.25 sys=0.00, real=0.25 secs] 
2018-03-17T00:08:36.663+0500: 742.586: [GC (Allocation Failure) 2018-03-17T00:08:36.663+0500: 742.587: [DefNew: 157248K->157248K(157248K), 0.0000175 secs]2018-03-17T00:08:36.663+0500: 742.587: [Tenured: 296349K->23908K(349568K), 0.1559045 secs] 453597K->23908K(506816K), [Metaspace: 5350K->5350K(1056768K)], 0.1559982 secs] [Times: user=0.16 sys=0.00, real=0.16 secs] 
2018-03-17T00:08:36.847+0500: 742.771: [GC (Allocation Failure) 2018-03-17T00:08:36.847+0500: 742.771: [DefNew: 139776K->17472K(157248K), 0.2584905 secs] 163684K->163683K(506816K), 0.2585547 secs] [Times: user=0.27 sys=0.00, real=0.26 secs] 
2018-03-17T00:08:37.131+0500: 743.055: [GC (Allocation Failure) 2018-03-17T00:08:37.131+0500: 743.055: [DefNew: 157248K->17472K(157248K), 0.2527758 secs] 303459K->303458K(506816K), 0.2528374 secs] [Times: user=0.25 sys=0.00, real=0.25 secs] 
2018-03-17T00:08:37.410+0500: 743.334: [GC (Allocation Failure) 2018-03-17T00:08:37.410+0500: 743.334: [DefNew: 146063K->146063K(157248K), 0.0000308 secs]2018-03-17T00:08:37.410+0500: 743.334: [Tenured: 285986K->715K(349568K), 0.1366593 secs] 432050K->715K(506816K), [Metaspace: 5350K->5350K(1056768K)], 0.1367944 secs] [Times: user=0.14 sys=0.00, real=0.14 secs] 
2018-03-17T00:08:37.571+0500: 743.496: [GC (Allocation Failure) 2018-03-17T00:08:37.571+0500: 743.496: [DefNew: 139776K->17472K(157248K), 0.2215913 secs] 140491K->140490K(506816K), 0.2216542 secs] [Times: user=0.22 sys=0.00, real=0.22 secs] 
2018-03-17T00:08:37.820+0500: 743.743: [GC (Allocation Failure) 2018-03-17T00:08:37.820+0500: 743.743: [DefNew: 157248K->17472K(157248K), 0.2552750 secs] 280266K->280229K(506816K), 0.2553460 secs] [Times: user=0.25 sys=0.00, real=0.26 secs] 
2018-03-17T00:08:38.103+0500: 744.026: [GC (Allocation Failure) 2018-03-17T00:08:38.103+0500: 744.027: [DefNew: 157248K->157248K(157248K), 0.0000158 secs]2018-03-17T00:08:38.103+0500: 744.027: [Tenured: 262757K->205160K(349568K), 0.4737414 secs] 420005K->205160K(506816K), [Metaspace: 5350K->5350K(1056768K)], 0.4738287 secs] [Times: user=0.47 sys=0.00, real=0.47 secs] 
2018-03-17T00:08:38.603+0500: 744.527: [GC (Allocation Failure) 2018-03-17T00:08:38.603+0500: 744.527: [DefNew: 139776K->17472K(157248K), 0.2236154 secs] 344936K->344935K(506816K), 0.2236744 secs] [Times: user=0.22 sys=0.00, real=0.22 secs] 
2018-03-17T00:08:38.852+0500: 744.776: [GC (Allocation Failure) 2018-03-17T00:08:38.852+0500: 744.776: [DefNew: 157248K->157248K(157248K), 0.0000167 secs]2018-03-17T00:08:38.852+0500: 744.776: [Tenured: 327463K->55022K(349568K), 0.2222178 secs] 484711K->55022K(506816K), [Metaspace: 5350K->5350K(1056768K)], 0.2223050 secs] [Times: user=0.22 sys=0.00, real=0.22 secs] 
2018-03-17T00:08:39.103+0500: 745.028: [GC (Allocation Failure) 2018-03-17T00:08:39.103+0500: 745.028: [DefNew: 139776K->17472K(157248K), 0.2562817 secs] 194798K->194797K(506816K), 0.2563621 secs] [Times: user=0.25 sys=0.00, real=0.26 secs] 
2018-03-17T00:08:39.386+0500: 745.309: [GC (Allocation Failure) 2018-03-17T00:08:39.386+0500: 745.309: [DefNew: 157248K->17471K(157248K), 0.2507316 secs] 334573K->334572K(506816K), 0.2507940 secs] [Times: user=0.25 sys=0.00, real=0.25 secs] 
2018-03-17T00:08:39.662+0500: 745.586: [GC (Allocation Failure) 2018-03-17T00:08:39.662+0500: 745.586: [DefNew: 157247K->157247K(157248K), 0.0000167 secs]2018-03-17T00:08:39.662+0500: 745.586: [Tenured: 317100K->44659K(349568K), 0.1993294 secs] 474348K->44659K(506816K), [Metaspace: 5350K->5350K(1056768K)], 0.1994375 secs] [Times: user=0.20 sys=0.00, real=0.20 secs] 
2018-03-17T00:08:39.891+0500: 745.815: [GC (Allocation Failure) 2018-03-17T00:08:39.891+0500: 745.815: [DefNew: 139776K->17471K(157248K), 0.2554525 secs] 184435K->184434K(506816K), 0.2555149 secs] [Times: user=0.25 sys=0.00, real=0.25 secs] 
2018-03-17T00:08:40.172+0500: 746.096: [GC (Allocation Failure) 2018-03-17T00:08:40.172+0500: 746.096: [DefNew: 157247K->17472K(157248K), 0.2508928 secs] 324210K->324208K(506816K), 0.2509651 secs] [Times: user=0.25 sys=0.00, real=0.25 secs] 
2018-03-17T00:08:40.448+0500: 746.372: [GC (Allocation Failure) 2018-03-17T00:08:40.448+0500: 746.372: [DefNew: 157248K->157248K(157248K), 0.0000158 secs]2018-03-17T00:08:40.448+0500: 746.372: [Tenured: 306736K->34272K(349568K), 0.1783474 secs] 463984K->34272K(506816K), [Metaspace: 5350K->5350K(1056768K)], 0.1784376 secs] [Times: user=0.17 sys=0.00, real=0.18 secs] 
2018-03-17T00:08:40.656+0500: 746.579: [GC (Allocation Failure) 2018-03-17T00:08:40.656+0500: 746.579: [DefNew: 139776K->17472K(157248K), 0.2611441 secs] 174048K->174046K(506816K), 0.2612104 secs] [Times: user=0.27 sys=0.00, real=0.26 secs] 
2018-03-17T00:08:40.942+0500: 746.866: [GC (Allocation Failure) 2018-03-17T00:08:40.943+0500: 746.866: [DefNew: 157248K->17472K(157248K), 0.2523306 secs] 313822K->313821K(506816K), 0.2524354 secs] [Times: user=0.27 sys=0.00, real=0.25 secs] 
2018-03-17T00:08:41.220+0500: 747.144: [GC (Allocation Failure) 2018-03-17T00:08:41.220+0500: 747.144: [DefNew: 157248K->157248K(157248K), 0.0000175 secs]2018-03-17T00:08:41.220+0500: 747.144: [Tenured: 296349K->23908K(349568K), 0.1559507 secs] 453597K->23908K(506816K), [Metaspace: 5350K->5350K(1056768K)], 0.1560393 secs] [Times: user=0.16 sys=0.00, real=0.16 secs] 
2018-03-17T00:08:41.404+0500: 747.328: [GC (Allocation Failure) 2018-03-17T00:08:41.404+0500: 747.328: [DefNew: 139776K->17472K(157248K), 0.2623026 secs] 163684K->163683K(506816K), 0.2623621 secs] [Times: user=0.27 sys=0.00, real=0.26 secs] 
2018-03-17T00:08:41.692+0500: 747.617: [GC (Allocation Failure) 2018-03-17T00:08:41.692+0500: 747.617: [DefNew: 157248K->17472K(157248K), 0.2595875 secs] 303459K->303458K(506816K), 0.2596636 secs] [Times: user=0.27 sys=0.00, real=0.26 secs] 
2018-03-17T00:08:41.979+0500: 747.904: [GC (Allocation Failure) 2018-03-17T00:08:41.979+0500: 747.904: [DefNew: 146063K->146063K(157248K), 0.0000158 secs]2018-03-17T00:08:41.979+0500: 747.904: [Tenured: 285986K->715K(349568K), 0.1378464 secs] 432050K->715K(506816K), [Metaspace: 5350K->5350K(1056768K)], 0.1379298 secs] [Times: user=0.14 sys=0.00, real=0.14 secs] 
2018-03-17T00:08:42.146+0500: 748.070: [GC (Allocation Failure) 2018-03-17T00:08:42.146+0500: 748.070: [DefNew: 139776K->17472K(157248K), 0.2225377 secs] 140491K->140490K(506816K), 0.2225984 secs] [Times: user=0.23 sys=0.00, real=0.22 secs] 
2018-03-17T00:08:42.394+0500: 748.318: [GC (Allocation Failure) 2018-03-17T00:08:42.394+0500: 748.318: [DefNew: 157248K->17472K(157248K), 0.2578136 secs] 280266K->280229K(506816K), 0.2578798 secs] [Times: user=0.27 sys=0.00, real=0.26 secs] 
2018-03-17T00:08:42.680+0500: 748.604: [GC (Allocation Failure) 2018-03-17T00:08:42.680+0500: 748.604: [DefNew: 157248K->157248K(157248K), 0.0000158 secs]2018-03-17T00:08:42.680+0500: 748.604: [Tenured: 262757K->205160K(349568K), 0.4723126 secs] 420005K->205160K(506816K), [Metaspace: 5350K->5350K(1056768K)], 0.4724016 secs] [Times: user=0.47 sys=0.00, real=0.47 secs] 
2018-03-17T00:08:43.177+0500: 749.102: [GC (Allocation Failure) 2018-03-17T00:08:43.177+0500: 749.102: [DefNew: 139776K->17472K(157248K), 0.2247807 secs] 344936K->344935K(506816K), 0.2248436 secs] [Times: user=0.23 sys=0.00, real=0.22 secs] 
2018-03-17T00:08:43.429+0500: 749.352: [GC (Allocation Failure) 2018-03-17T00:08:43.429+0500: 749.352: [DefNew: 157248K->157248K(157248K), 0.0000167 secs]2018-03-17T00:08:43.429+0500: 749.352: [Tenured: 327463K->55022K(349568K), 0.2211264 secs] 484711K->55022K(506816K), [Metaspace: 5350K->5350K(1056768K)], 0.2212316 secs] [Times: user=0.22 sys=0.00, real=0.22 secs] 
2018-03-17T00:08:43.679+0500: 749.602: [GC (Allocation Failure) 2018-03-17T00:08:43.679+0500: 749.602: [DefNew: 139776K->17472K(157248K), 0.2543966 secs] 194798K->194797K(506816K), 0.2544586 secs] [Times: user=0.25 sys=0.00, real=0.25 secs] 
2018-03-17T00:08:43.958+0500: 749.882: [GC (Allocation Failure) 2018-03-17T00:08:43.958+0500: 749.882: [DefNew: 157248K->17471K(157248K), 0.2512007 secs] 334573K->334572K(506816K), 0.2512615 secs] [Times: user=0.26 sys=0.00, real=0.25 secs] 
2018-03-17T00:08:44.235+0500: 750.159: [GC (Allocation Failure) 2018-03-17T00:08:44.235+0500: 750.159: [DefNew: 157247K->157247K(157248K), 0.0000192 secs]2018-03-17T00:08:44.235+0500: 750.159: [Tenured: 317100K->44659K(349568K), 0.1991630 secs] 474348K->44659K(506816K), [Metaspace: 5350K->5350K(1056768K)], 0.1992678 secs] [Times: user=0.20 sys=0.00, real=0.20 secs] 
2018-03-17T00:08:44.463+0500: 750.387: [GC (Allocation Failure) 2018-03-17T00:08:44.463+0500: 750.387: [DefNew: 139776K->17471K(157248K), 0.2556813 secs] 184435K->184434K(506816K), 0.2557450 secs] [Times: user=0.25 sys=0.00, real=0.25 secs] 
2018-03-17T00:08:44.747+0500: 750.672: [GC (Allocation Failure) 2018-03-17T00:08:44.747+0500: 750.672: [DefNew: 157247K->17472K(157248K), 0.2519744 secs] 324210K->324208K(506816K), 0.2520449 secs] [Times: user=0.24 sys=0.00, real=0.25 secs] 
2018-03-17T00:08:45.026+0500: 750.949: [GC (Allocation Failure) 2018-03-17T00:08:45.026+0500: 750.949: [DefNew: 157248K->157248K(157248K), 0.0000321 secs]2018-03-17T00:08:45.026+0500: 750.949: [Tenured: 306736K->34272K(349568K), 0.1785351 secs] 463984K->34272K(506816K), [Metaspace: 5350K->5350K(1056768K)], 0.1786626 secs] [Times: user=0.17 sys=0.00, real=0.18 secs] 
2018-03-17T00:08:45.233+0500: 751.157: [GC (Allocation Failure) 2018-03-17T00:08:45.233+0500: 751.157: [DefNew: 139776K->17472K(157248K), 0.2549444 secs] 174048K->174046K(506816K), 0.2550073 secs] [Times: user=0.25 sys=0.00, real=0.25 secs] 
2018-03-17T00:08:45.513+0500: 751.437: [GC (Allocation Failure) 2018-03-17T00:08:45.513+0500: 751.437: [DefNew: 157248K->17472K(157248K), 0.2546583 secs] 313822K->313821K(506816K), 0.2547199 secs] [Times: user=0.25 sys=0.00, real=0.25 secs] 
2018-03-17T00:08:45.793+0500: 751.717: [GC (Allocation Failure) 2018-03-17T00:08:45.793+0500: 751.717: [DefNew: 157248K->157248K(157248K), 0.0000163 secs]2018-03-17T00:08:45.793+0500: 751.717: [Tenured: 296349K->23908K(349568K), 0.1552250 secs] 453597K->23908K(506816K), [Metaspace: 5350K->5350K(1056768K)], 0.1553127 secs] [Times: user=0.16 sys=0.00, real=0.15 secs] 
2018-03-17T00:08:45.976+0500: 751.901: [GC (Allocation Failure) 2018-03-17T00:08:45.976+0500: 751.901: [DefNew: 139776K->17472K(157248K), 0.2563843 secs] 163684K->163683K(506816K), 0.2564592 secs] [Times: user=0.25 sys=0.00, real=0.26 secs] 
2018-03-17T00:08:46.259+0500: 752.182: [GC (Allocation Failure) 2018-03-17T00:08:46.259+0500: 752.183: [DefNew: 157248K->17472K(157248K), 0.2532325 secs] 303459K->303458K(506816K), 0.2532950 secs] [Times: user=0.25 sys=0.00, real=0.25 secs] 
2018-03-17T00:08:46.538+0500: 752.461: [GC (Allocation Failure) 2018-03-17T00:08:46.538+0500: 752.461: [DefNew: 146063K->146063K(157248K), 0.0000180 secs]2018-03-17T00:08:46.538+0500: 752.461: [Tenured: 285986K->715K(349568K), 0.1360559 secs] 432050K->715K(506816K), [Metaspace: 5350K->5350K(1056768K)], 0.1361491 secs] [Times: user=0.13 sys=0.00, real=0.14 secs] 
2018-03-17T00:08:46.699+0500: 752.623: [GC (Allocation Failure) 2018-03-17T00:08:46.699+0500: 752.623: [DefNew: 139776K->17472K(157248K), 0.2242586 secs] 140491K->140490K(506816K), 0.2243206 secs] [Times: user=0.22 sys=0.00, real=0.22 secs] 
2018-03-17T00:08:46.949+0500: 752.873: [GC (Allocation Failure) 2018-03-17T00:08:46.949+0500: 752.873: [DefNew: 157248K->17472K(157248K), 0.2558365 secs] 280266K->280229K(506816K), 0.2558981 secs] [Times: user=0.25 sys=0.00, real=0.26 secs] 
2018-03-17T00:08:47.233+0500: 753.157: [GC (Allocation Failure) 2018-03-17T00:08:47.233+0500: 753.157: [DefNew: 157248K->157248K(157248K), 0.0000180 secs]2018-03-17T00:08:47.233+0500: 753.157: [Tenured: 262757K->205160K(349568K), 0.4722977 secs] 420005K->205160K(506816K), [Metaspace: 5350K->5350K(1056768K)], 0.4723888 secs] [Times: user=0.47 sys=0.00, real=0.47 secs] 
2018-03-17T00:08:47.732+0500: 753.655: [GC (Allocation Failure) 2018-03-17T00:08:47.732+0500: 753.655: [DefNew: 139776K->17472K(157248K), 0.2227336 secs] 344936K->344935K(506816K), 0.2227947 secs] [Times: user=0.22 sys=0.00, real=0.22 secs] 
2018-03-17T00:08:47.981+0500: 753.904: [GC (Allocation Failure) 2018-03-17T00:08:47.981+0500: 753.904: [DefNew: 157248K->157248K(157248K), 0.0000167 secs]2018-03-17T00:08:47.981+0500: 753.905: [Tenured: 327463K->55022K(349568K), 0.2212902 secs] 484711K->55022K(506816K), [Metaspace: 5350K->5350K(1056768K)], 0.2213907 secs] [Times: user=0.22 sys=0.00, real=0.22 secs] 
2018-03-17T00:08:48.231+0500: 754.155: [GC (Allocation Failure) 2018-03-17T00:08:48.231+0500: 754.155: [DefNew: 139776K->17472K(157248K), 0.2559374 secs] 194798K->194797K(506816K), 0.2559994 secs] [Times: user=0.25 sys=0.00, real=0.26 secs] 
2018-03-17T00:08:48.513+0500: 754.437: [GC (Allocation Failure) 2018-03-17T00:08:48.513+0500: 754.437: [DefNew: 157248K->17471K(157248K), 0.2544693 secs] 334573K->334572K(506816K), 0.2545407 secs] [Times: user=0.25 sys=0.00, real=0.25 secs] 
2018-03-17T00:08:48.793+0500: 754.717: [GC (Allocation Failure) 2018-03-17T00:08:48.793+0500: 754.717: [DefNew: 157247K->157247K(157248K), 0.0000180 secs]2018-03-17T00:08:48.793+0500: 754.717: [Tenured: 317100K->44659K(349568K), 0.1993477 secs] 474348K->44659K(506816K), [Metaspace: 5350K->5350K(1056768K)], 0.1994495 secs] [Times: user=0.20 sys=0.00, real=0.20 secs] 
2018-03-17T00:08:49.020+0500: 754.945: [GC (Allocation Failure) 2018-03-17T00:08:49.021+0500: 754.945: [DefNew: 139776K->17471K(157248K), 0.2582763 secs] 184435K->184434K(506816K), 0.2583614 secs] [Times: user=0.25 sys=0.02, real=0.26 secs] 
2018-03-17T00:08:49.305+0500: 755.229: [GC (Allocation Failure) 2018-03-17T00:08:49.305+0500: 755.229: [DefNew: 157247K->17472K(157248K), 0.2510652 secs] 324210K->324208K(506816K), 0.2511451 secs] [Times: user=0.25 sys=0.00, real=0.25 secs] 
2018-03-17T00:08:49.582+0500: 755.505: [GC (Allocation Failure) 2018-03-17T00:08:49.582+0500: 755.505: [DefNew: 157248K->157248K(157248K), 0.0000163 secs]2018-03-17T00:08:49.582+0500: 755.505: [Tenured: 306736K->34272K(349568K), 0.1777735 secs] 463984K->34272K(506816K), [Metaspace: 5350K->5350K(1056768K)], 0.1778650 secs] [Times: user=0.19 sys=0.00, real=0.18 secs] 
2018-03-17T00:08:49.788+0500: 755.712: [GC (Allocation Failure) 2018-03-17T00:08:49.788+0500: 755.712: [DefNew: 139776K->17472K(157248K), 0.2568248 secs] 174048K->174046K(506816K), 0.2568868 secs] [Times: user=0.25 sys=0.00, real=0.26 secs] 
2018-03-17T00:08:50.071+0500: 755.995: [GC (Allocation Failure) 2018-03-17T00:08:50.071+0500: 755.995: [DefNew: 157248K->17472K(157248K), 0.2528960 secs] 313822K->313821K(506816K), 0.2529691 secs] [Times: user=0.25 sys=0.00, real=0.25 secs] 
2018-03-17T00:08:50.349+0500: 756.273: [GC (Allocation Failure) 2018-03-17T00:08:50.349+0500: 756.273: [DefNew: 157248K->157248K(157248K), 0.0000163 secs]2018-03-17T00:08:50.349+0500: 756.273: [Tenured: 296349K->23908K(349568K), 0.1550039 secs] 453597K->23908K(506816K), [Metaspace: 5350K->5350K(1056768K)], 0.1550916 secs] [Times: user=0.16 sys=0.00, real=0.16 secs] 
2018-03-17T00:08:50.533+0500: 756.456: [GC (Allocation Failure) 2018-03-17T00:08:50.533+0500: 756.456: [DefNew: 139776K->17472K(157248K), 0.2575950 secs] 163684K->163683K(506816K), 0.2576583 secs] [Times: user=0.27 sys=0.00, real=0.26 secs] 
2018-03-17T00:08:50.816+0500: 756.740: [GC (Allocation Failure) 2018-03-17T00:08:50.816+0500: 756.740: [DefNew: 157248K->17472K(157248K), 0.2532885 secs] 303459K->303458K(506816K), 0.2533506 secs] [Times: user=0.27 sys=0.00, real=0.25 secs] 
2018-03-17T00:08:51.095+0500: 757.019: [GC (Allocation Failure) 2018-03-17T00:08:51.095+0500: 757.019: [DefNew: 146063K->146063K(157248K), 0.0000167 secs]2018-03-17T00:08:51.095+0500: 757.019: [Tenured: 285986K->715K(349568K), 0.1359434 secs] 432050K->715K(506816K), [Metaspace: 5350K->5350K(1056768K)], 0.1360298 secs] [Times: user=0.14 sys=0.00, real=0.14 secs] 
2018-03-17T00:08:51.257+0500: 757.181: [GC (Allocation Failure) 2018-03-17T00:08:51.257+0500: 757.181: [DefNew: 139776K->17472K(157248K), 0.2218697 secs] 140491K->140490K(506816K), 0.2219283 secs] [Times: user=0.22 sys=0.00, real=0.22 secs] 
2018-03-17T00:08:51.504+0500: 757.428: [GC (Allocation Failure) 2018-03-17T00:08:51.504+0500: 757.428: [DefNew: 157248K->17472K(157248K), 0.2550141 secs] 280266K->280229K(506816K), 0.2550757 secs] [Times: user=0.27 sys=0.00, real=0.26 secs] 
2018-03-17T00:08:51.787+0500: 757.712: [GC (Allocation Failure) 2018-03-17T00:08:51.787+0500: 757.712: [DefNew: 157248K->157248K(157248K), 0.0000163 secs]2018-03-17T00:08:51.787+0500: 757.712: [Tenured: 262757K->205160K(349568K), 0.4710844 secs] 420005K->205160K(506816K), [Metaspace: 5350K->5350K(1056768K)], 0.4711725 secs] [Times: user=0.47 sys=0.00, real=0.47 secs] 
2018-03-17T00:08:52.284+0500: 758.208: [GC (Allocation Failure) 2018-03-17T00:08:52.284+0500: 758.208: [DefNew: 139776K->17472K(157248K), 0.2236650 secs] 344936K->344935K(506816K), 0.2237330 secs] [Times: user=0.24 sys=0.00, real=0.22 secs] 
2018-03-17T00:08:52.534+0500: 758.458: [GC (Allocation Failure) 2018-03-17T00:08:52.534+0500: 758.458: [DefNew: 157248K->157248K(157248K), 0.0000163 secs]2018-03-17T00:08:52.534+0500: 758.458: [Tenured: 327463K->55022K(349568K), 0.2221716 secs] 484711K->55022K(506816K), [Metaspace: 5350K->5350K(1056768K)], 0.2222593 secs] [Times: user=0.24 sys=0.00, real=0.22 secs] 
2018-03-17T00:08:52.785+0500: 758.709: [GC (Allocation Failure) 2018-03-17T00:08:52.785+0500: 758.709: [DefNew: 139776K->17472K(157248K), 0.2557809 secs] 194798K->194797K(506816K), 0.2558434 secs] [Times: user=0.25 sys=0.00, real=0.25 secs] 
2018-03-17T00:08:53.066+0500: 758.990: [GC (Allocation Failure) 2018-03-17T00:08:53.066+0500: 758.990: [DefNew: 157248K->17471K(157248K), 0.2522451 secs] 334573K->334572K(506816K), 0.2545518 secs] [Times: user=0.27 sys=0.00, real=0.26 secs] 
2018-03-17T00:08:53.347+0500: 759.271: [GC (Allocation Failure) 2018-03-17T00:08:53.347+0500: 759.271: [DefNew: 157247K->157247K(157248K), 0.0000257 secs]2018-03-17T00:08:53.348+0500: 759.271: [Tenured: 317100K->44659K(349568K), 0.2017507 secs] 474348K->44659K(506816K), [Metaspace: 5350K->5350K(1056768K)], 0.2018559 secs] [Times: user=0.20 sys=0.00, real=0.20 secs] 
2018-03-17T00:08:53.578+0500: 759.501: [GC (Allocation Failure) 2018-03-17T00:08:53.578+0500: 759.501: [DefNew: 139776K->17471K(157248K), 0.2552883 secs] 184435K->184434K(506816K), 0.2553498 secs] [Times: user=0.25 sys=0.00, real=0.25 secs] 
2018-03-17T00:08:53.859+0500: 759.782: [GC (Allocation Failure) 2018-03-17T00:08:53.859+0500: 759.782: [DefNew: 157247K->17472K(157248K), 0.2501000 secs] 324210K->324208K(506816K), 0.2501603 secs] [Times: user=0.25 sys=0.00, real=0.25 secs] 
2018-03-17T00:08:54.134+0500: 760.058: [GC (Allocation Failure) 2018-03-17T00:08:54.134+0500: 760.058: [DefNew: 157248K->157248K(157248K), 0.0000163 secs]2018-03-17T00:08:54.134+0500: 760.058: [Tenured: 306736K->34272K(349568K), 0.1778748 secs] 463984K->34272K(506816K), [Metaspace: 5350K->5350K(1056768K)], 0.1779634 secs] [Times: user=0.17 sys=0.00, real=0.18 secs] 
2018-03-17T00:08:54.341+0500: 760.265: [GC (Allocation Failure) 2018-03-17T00:08:54.341+0500: 760.265: [DefNew: 139776K->17472K(157248K), 0.2573915 secs] 174048K->174046K(506816K), 0.2574526 secs] [Times: user=0.23 sys=0.00, real=0.26 secs] 
2018-03-17T00:08:54.624+0500: 760.549: [GC (Allocation Failure) 2018-03-17T00:08:54.624+0500: 760.549: [DefNew: 157248K->17472K(157248K), 0.2525889 secs] 313822K->313821K(506816K), 0.2526488 secs] [Times: user=0.25 sys=0.00, real=0.25 secs] 
2018-03-17T00:08:54.903+0500: 760.826: [GC (Allocation Failure) 2018-03-17T00:08:54.903+0500: 760.826: [DefNew: 157248K->157248K(157248K), 0.0000205 secs]2018-03-17T00:08:54.903+0500: 760.826: [Tenured: 296349K->23908K(349568K), 0.1555098 secs] 453597K->23908K(506816K), [Metaspace: 5350K->5350K(1056768K)], 0.1556095 secs] [Times: user=0.16 sys=0.00, real=0.15 secs] 
2018-03-17T00:08:55.086+0500: 761.010: [GC (Allocation Failure) 2018-03-17T00:08:55.086+0500: 761.010: [DefNew: 139776K->17472K(157248K), 0.2550873 secs] 163684K->163683K(506816K), 0.2551471 secs] [Times: user=0.25 sys=0.00, real=0.26 secs] 
2018-03-17T00:08:55.366+0500: 761.290: [GC (Allocation Failure) 2018-03-17T00:08:55.366+0500: 761.290: [DefNew: 157248K->17472K(157248K), 0.2534177 secs] 303459K->303458K(506816K), 0.2534797 secs] [Times: user=0.25 sys=0.00, real=0.25 secs] 
2018-03-17T00:08:55.645+0500: 761.569: [GC (Allocation Failure) 2018-03-17T00:08:55.645+0500: 761.569: [DefNew: 146063K->146063K(157248K), 0.0000167 secs]2018-03-17T00:08:55.645+0500: 761.569: [Tenured: 285986K->715K(349568K), 0.1356295 secs] 432050K->715K(506816K), [Metaspace: 5350K->5350K(1056768K)], 0.1357137 secs] [Times: user=0.14 sys=0.00, real=0.14 secs] 
2018-03-17T00:08:55.807+0500: 761.731: [GC (Allocation Failure) 2018-03-17T00:08:55.807+0500: 761.731: [DefNew: 139776K->17472K(157248K), 0.2214296 secs] 140491K->140490K(506816K), 0.2214985 secs] [Times: user=0.22 sys=0.00, real=0.22 secs] 
2018-03-17T00:08:56.054+0500: 761.978: [GC (Allocation Failure) 2018-03-17T00:08:56.054+0500: 761.978: [DefNew: 157248K->17472K(157248K), 0.2553315 secs] 280266K->280229K(506816K), 0.2553922 secs] [Times: user=0.25 sys=0.00, real=0.26 secs] 
2018-03-17T00:08:56.338+0500: 762.262: [GC (Allocation Failure) 2018-03-17T00:08:56.338+0500: 762.262: [DefNew: 157248K->157248K(157248K), 0.0000163 secs]2018-03-17T00:08:56.338+0500: 762.262: [Tenured: 262757K->205160K(349568K), 0.4722703 secs] 420005K->205160K(506816K), [Metaspace: 5350K->5350K(1056768K)], 0.4723597 secs] [Times: user=0.47 sys=0.00, real=0.47 secs] 
2018-03-17T00:08:56.836+0500: 762.759: [GC (Allocation Failure) 2018-03-17T00:08:56.836+0500: 762.759: [DefNew: 139776K->17472K(157248K), 0.2234409 secs] 344936K->344935K(506816K), 0.2235097 secs] [Times: user=0.22 sys=0.00, real=0.22 secs] 
2018-03-17T00:08:57.084+0500: 763.009: [GC (Allocation Failure) 2018-03-17T00:08:57.084+0500: 763.009: [DefNew: 157248K->157248K(157248K), 0.0000278 secs]2018-03-17T00:08:57.085+0500: 763.009: [Tenured: 327463K->55022K(349568K), 0.2223795 secs] 484711K->55022K(506816K), [Metaspace: 5350K->5350K(1056768K)], 0.2224988 secs] [Times: user=0.22 sys=0.00, real=0.22 secs] 
2018-03-17T00:08:57.336+0500: 763.260: [GC (Allocation Failure) 2018-03-17T00:08:57.336+0500: 763.260: [DefNew: 139776K->17472K(157248K), 0.2553421 secs] 194798K->194797K(506816K), 0.2554148 secs] [Times: user=0.25 sys=0.00, real=0.26 secs] 
2018-03-17T00:08:57.618+0500: 763.541: [GC (Allocation Failure) 2018-03-17T00:08:57.618+0500: 763.541: [DefNew: 157248K->17471K(157248K), 0.2505084 secs] 334573K->334572K(506816K), 0.2505687 secs] [Times: user=0.25 sys=0.00, real=0.25 secs] 
2018-03-17T00:08:57.893+0500: 763.817: [GC (Allocation Failure) 2018-03-17T00:08:57.893+0500: 763.817: [DefNew: 157247K->157247K(157248K), 0.0000163 secs]2018-03-17T00:08:57.893+0500: 763.817: [Tenured: 317100K->44659K(349568K), 0.1996227 secs] 474348K->44659K(506816K), [Metaspace: 5350K->5350K(1056768K)], 0.1997108 secs] [Times: user=0.20 sys=0.00, real=0.20 secs] 
2018-03-17T00:08:58.121+0500: 764.045: [GC (Allocation Failure) 2018-03-17T00:08:58.122+0500: 764.045: [DefNew: 139776K->17471K(157248K), 0.2667682 secs] 184435K->184434K(506816K), 0.2668319 secs] [Times: user=0.25 sys=0.00, real=0.27 secs] 
2018-03-17T00:08:58.413+0500: 764.337: [GC (Allocation Failure) 2018-03-17T00:08:58.413+0500: 764.337: [DefNew: 157247K->17472K(157248K), 0.2576810 secs] 324210K->324208K(506816K), 0.2577430 secs] [Times: user=0.24 sys=0.00, real=0.26 secs] 
2018-03-17T00:08:58.696+0500: 764.621: [GC (Allocation Failure) 2018-03-17T00:08:58.696+0500: 764.621: [DefNew: 157248K->157248K(157248K), 0.0000154 secs]2018-03-17T00:08:58.696+0500: 764.621: [Tenured: 306736K->34272K(349568K), 0.1775909 secs] 463984K->34272K(506816K), [Metaspace: 5350K->5350K(1056768K)], 0.1776807 secs] [Times: user=0.17 sys=0.00, real=0.18 secs] 
2018-03-17T00:08:58.903+0500: 764.827: [GC (Allocation Failure) 2018-03-17T00:08:58.903+0500: 764.827: [DefNew: 139776K->17472K(157248K), 0.2574979 secs] 174048K->174046K(506816K), 0.2575655 secs] [Times: user=0.22 sys=0.00, real=0.26 secs] 
2018-03-17T00:08:59.186+0500: 765.110: [GC (Allocation Failure) 2018-03-17T00:08:59.186+0500: 765.110: [DefNew: 157248K->17472K(157248K), 0.2513252 secs] 313822K->313821K(506816K), 0.2513881 secs] [Times: user=0.25 sys=0.00, real=0.25 secs] 
2018-03-17T00:08:59.463+0500: 765.387: [GC (Allocation Failure) 2018-03-17T00:08:59.463+0500: 765.387: [DefNew: 157248K->157248K(157248K), 0.0000163 secs]2018-03-17T00:08:59.463+0500: 765.387: [Tenured: 296349K->23908K(349568K), 0.1548594 secs] 453597K->23908K(506816K), [Metaspace: 5350K->5350K(1056768K)], 0.1549487 secs] [Times: user=0.16 sys=0.00, real=0.15 secs] 
2018-03-17T00:08:59.646+0500: 765.569: [GC (Allocation Failure) 2018-03-17T00:08:59.646+0500: 765.569: [DefNew: 139776K->17472K(157248K), 0.2637400 secs] 163684K->163683K(506816K), 0.2638020 secs] [Times: user=0.27 sys=0.00, real=0.26 secs] 
2018-03-17T00:08:59.935+0500: 765.859: [GC (Allocation Failure) 2018-03-17T00:08:59.935+0500: 765.859: [DefNew: 157248K->17472K(157248K), 0.2637849 secs] 303459K->303458K(506816K), 0.2638751 secs] [Times: user=0.27 sys=0.00, real=0.26 secs] 
2018-03-17T00:09:00.224+0500: 766.148: [GC (Allocation Failure) 2018-03-17T00:09:00.224+0500: 766.148: [DefNew: 146063K->146063K(157248K), 0.0000222 secs]2018-03-17T00:09:00.224+0500: 766.148: [Tenured: 285986K->715K(349568K), 0.1369099 secs] 432050K->715K(506816K), [Metaspace: 5350K->5350K(1056768K)], 0.1370108 secs] [Times: user=0.14 sys=0.00, real=0.14 secs] 
2018-03-17T00:09:00.387+0500: 766.310: [GC (Allocation Failure) 2018-03-17T00:09:00.387+0500: 766.310: [DefNew: 139776K->17472K(157248K), 0.2258704 secs] 140491K->140490K(506816K), 0.2259320 secs] [Times: user=0.22 sys=0.00, real=0.23 secs] 
2018-03-17T00:09:00.638+0500: 766.562: [GC (Allocation Failure) 2018-03-17T00:09:00.638+0500: 766.562: [DefNew: 157248K->17472K(157248K), 0.2553131 secs] 280266K->280229K(506816K), 0.2553729 secs] [Times: user=0.25 sys=0.00, real=0.25 secs] 
2018-03-17T00:09:00.921+0500: 766.845: [GC (Allocation Failure) 2018-03-17T00:09:00.921+0500: 766.845: [DefNew: 157248K->157248K(157248K), 0.0000171 secs]2018-03-17T00:09:00.921+0500: 766.845: [Tenured: 262757K->205160K(349568K), 0.4713196 secs] 420005K->205160K(506816K), [Metaspace: 5350K->5350K(1056768K)], 0.4714111 secs] [Times: user=0.47 sys=0.00, real=0.47 secs] 
2018-03-17T00:09:01.418+0500: 767.342: [GC (Allocation Failure) 2018-03-17T00:09:01.418+0500: 767.342: [DefNew: 139776K->17472K(157248K), 0.2274737 secs] 344936K->344935K(506816K), 0.2275404 secs] [Times: user=0.23 sys=0.00, real=0.23 secs] 
2018-03-17T00:09:01.672+0500: 767.596: [GC (Allocation Failure) 2018-03-17T00:09:01.672+0500: 767.596: [DefNew: 157248K->157248K(157248K), 0.0000167 secs]2018-03-17T00:09:01.672+0500: 767.596: [Tenured: 327463K->55022K(349568K), 0.2214078 secs] 484711K->55022K(506816K), [Metaspace: 5350K->5350K(1056768K)], 0.2214993 secs] [Times: user=0.22 sys=0.00, real=0.22 secs] 
2018-03-17T00:09:01.923+0500: 767.847: [GC (Allocation Failure) 2018-03-17T00:09:01.923+0500: 767.847: [DefNew: 139776K->17472K(157248K), 0.2545245 secs] 194798K->194797K(506816K), 0.2545869 secs] [Times: user=0.27 sys=0.00, real=0.25 secs] 
2018-03-17T00:09:02.203+0500: 768.127: [GC (Allocation Failure) 2018-03-17T00:09:02.203+0500: 768.127: [DefNew: 157248K->17471K(157248K), 0.2487802 secs] 334573K->334572K(506816K), 0.2488410 secs] [Times: user=0.25 sys=0.00, real=0.25 secs] 
2018-03-17T00:09:02.478+0500: 768.402: [GC (Allocation Failure) 2018-03-17T00:09:02.478+0500: 768.402: [DefNew: 157247K->157247K(157248K), 0.0000158 secs]2018-03-17T00:09:02.478+0500: 768.402: [Tenured: 317100K->44659K(349568K), 0.2000739 secs] 474348K->44659K(506816K), [Metaspace: 5350K->5350K(1056768K)], 0.2001902 secs] [Times: user=0.20 sys=0.00, real=0.20 secs] 
2018-03-17T00:09:02.707+0500: 768.631: [GC (Allocation Failure) 2018-03-17T00:09:02.707+0500: 768.631: [DefNew: 139776K->17471K(157248K), 0.2549744 secs] 184435K->184434K(506816K), 0.2550364 secs] [Times: user=0.26 sys=0.00, real=0.25 secs] 
2018-03-17T00:09:02.987+0500: 768.912: [GC (Allocation Failure) 2018-03-17T00:09:02.987+0500: 768.912: [DefNew: 157247K->17472K(157248K), 0.2581416 secs] 324210K->324208K(506816K), 0.2582036 secs] [Times: user=0.26 sys=0.00, real=0.26 secs] 
2018-03-17T00:09:03.272+0500: 769.196: [GC (Allocation Failure) 2018-03-17T00:09:03.272+0500: 769.196: [DefNew: 157248K->157248K(157248K), 0.0000167 secs]2018-03-17T00:09:03.272+0500: 769.196: [Tenured: 306736K->34272K(349568K), 0.1777179 secs] 463984K->34272K(506816K), [Metaspace: 5350K->5350K(1056768K)], 0.1778068 secs] [Times: user=0.17 sys=0.00, real=0.18 secs] 
2018-03-17T00:09:03.478+0500: 769.402: [GC (Allocation Failure) 2018-03-17T00:09:03.478+0500: 769.402: [DefNew: 139776K->17472K(157248K), 0.2564044 secs] 174048K->174046K(506816K), 0.2564622 secs] [Times: user=0.25 sys=0.00, real=0.26 secs] 
2018-03-17T00:09:03.760+0500: 769.684: [GC (Allocation Failure) 2018-03-17T00:09:03.761+0500: 769.684: [DefNew: 157248K->17472K(157248K), 0.2571413 secs] 313822K->313821K(506816K), 0.2572627 secs] [Times: user=0.25 sys=0.00, real=0.26 secs] 
2018-03-17T00:09:04.043+0500: 769.967: [GC (Allocation Failure) 2018-03-17T00:09:04.043+0500: 769.967: [DefNew: 157248K->157248K(157248K), 0.0000163 secs]2018-03-17T00:09:04.043+0500: 769.967: [Tenured: 296349K->23908K(349568K), 0.1565234 secs] 453597K->23908K(506816K), [Metaspace: 5350K->5350K(1056768K)], 0.1566320 secs] [Times: user=0.16 sys=0.00, real=0.16 secs] 
2018-03-17T00:09:04.228+0500: 770.152: [GC (Allocation Failure) 2018-03-17T00:09:04.228+0500: 770.152: [DefNew: 139776K->17472K(157248K), 0.2604851 secs] 163684K->163683K(506816K), 0.2605454 secs] [Times: user=0.25 sys=0.00, real=0.26 secs] 
2018-03-17T00:09:04.513+0500: 770.438: [GC (Allocation Failure) 2018-03-17T00:09:04.514+0500: 770.438: [DefNew: 157248K->17472K(157248K), 0.2542910 secs] 303459K->303458K(506816K), 0.2543555 secs] [Times: user=0.25 sys=0.00, real=0.26 secs] 
2018-03-17T00:09:04.795+0500: 770.718: [GC (Allocation Failure) 2018-03-17T00:09:04.795+0500: 770.718: [DefNew: 146063K->146063K(157248K), 0.0000175 secs]2018-03-17T00:09:04.795+0500: 770.718: [Tenured: 285986K->715K(349568K), 0.1381552 secs] 432050K->715K(506816K), [Metaspace: 5350K->5350K(1056768K)], 0.1382416 secs] [Times: user=0.14 sys=0.00, real=0.14 secs] 
2018-03-17T00:09:04.958+0500: 770.882: [GC (Allocation Failure) 2018-03-17T00:09:04.958+0500: 770.882: [DefNew: 139776K->17472K(157248K), 0.2219424 secs] 140491K->140490K(506816K), 0.2220048 secs] [Times: user=0.23 sys=0.00, real=0.22 secs] 
2018-03-17T00:09:05.206+0500: 771.130: [GC (Allocation Failure) 2018-03-17T00:09:05.206+0500: 771.130: [DefNew: 157248K->17472K(157248K), 0.2549645 secs] 280266K->280229K(506816K), 0.2550265 secs] [Times: user=0.25 sys=0.00, real=0.25 secs] 
2018-03-17T00:09:05.489+0500: 771.413: [GC (Allocation Failure) 2018-03-17T00:09:05.489+0500: 771.413: [DefNew: 157248K->157248K(157248K), 0.0000163 secs]2018-03-17T00:09:05.489+0500: 771.413: [Tenured: 262757K->205160K(349568K), 0.4715728 secs] 420005K->205160K(506816K), [Metaspace: 5350K->5350K(1056768K)], 0.4716613 secs] [Times: user=0.49 sys=0.00, real=0.47 secs] 
2018-03-17T00:09:05.986+0500: 771.910: [GC (Allocation Failure) 2018-03-17T00:09:05.986+0500: 771.910: [DefNew: 139776K->17472K(157248K), 0.2238835 secs] 344936K->344935K(506816K), 0.2239566 secs] [Times: user=0.24 sys=0.00, real=0.22 secs] 
2018-03-17T00:09:06.236+0500: 772.160: [GC (Allocation Failure) 2018-03-17T00:09:06.236+0500: 772.160: [DefNew: 157248K->157248K(157248K), 0.0000167 secs]2018-03-17T00:09:06.236+0500: 772.160: [Tenured: 327463K->55022K(349568K), 0.2212808 secs] 484711K->55022K(506816K), [Metaspace: 5350K->5350K(1056768K)], 0.2213920 secs] [Times: user=0.22 sys=0.00, real=0.22 secs] 
2018-03-17T00:09:06.488+0500: 772.412: [GC (Allocation Failure) 2018-03-17T00:09:06.488+0500: 772.412: [DefNew: 139776K->17472K(157248K), 0.2624335 secs] 194798K->194797K(506816K), 0.2625049 secs] [Times: user=0.26 sys=0.00, real=0.26 secs] 
2018-03-17T00:09:06.782+0500: 772.706: [GC (Allocation Failure) 2018-03-17T00:09:06.782+0500: 772.706: [DefNew: 157248K->17471K(157248K), 0.2526394 secs] 334573K->334572K(506816K), 0.2527018 secs] [Times: user=0.25 sys=0.00, real=0.25 secs] 
2018-03-17T00:09:07.060+0500: 772.984: [GC (Allocation Failure) 2018-03-17T00:09:07.060+0500: 772.984: [DefNew: 157247K->157247K(157248K), 0.0000180 secs]2018-03-17T00:09:07.060+0500: 772.984: [Tenured: 317100K->44659K(349568K), 0.1982658 secs] 474348K->44659K(506816K), [Metaspace: 5350K->5350K(1056768K)], 0.1983761 secs] [Times: user=0.20 sys=0.00, real=0.20 secs] 
2018-03-17T00:09:07.287+0500: 773.212: [GC (Allocation Failure) 2018-03-17T00:09:07.287+0500: 773.212: [DefNew: 139776K->17471K(157248K), 0.2562428 secs] 184435K->184434K(506816K), 0.2563035 secs] [Times: user=0.25 sys=0.00, real=0.26 secs] 
2018-03-17T00:09:07.570+0500: 773.493: [GC (Allocation Failure) 2018-03-17T00:09:07.570+0500: 773.493: [DefNew: 157247K->17472K(157248K), 0.2512576 secs] 324210K->324208K(506816K), 0.2513243 secs] [Times: user=0.23 sys=0.00, real=0.25 secs] 
2018-03-17T00:09:07.846+0500: 773.770: [GC (Allocation Failure) 2018-03-17T00:09:07.846+0500: 773.770: [DefNew: 157248K->157248K(157248K), 0.0000167 secs]2018-03-17T00:09:07.846+0500: 773.770: [Tenured: 306736K->34272K(349568K), 0.1769494 secs] 463984K->34272K(506816K), [Metaspace: 5350K->5350K(1056768K)], 0.1770375 secs] [Times: user=0.19 sys=0.00, real=0.18 secs] 
2018-03-17T00:09:08.053+0500: 773.977: [GC (Allocation Failure) 2018-03-17T00:09:08.053+0500: 773.977: [DefNew: 139776K->17472K(157248K), 0.2553156 secs] 174048K->174046K(506816K), 0.2553772 secs] [Times: user=0.25 sys=0.00, real=0.26 secs] 
2018-03-17T00:09:08.335+0500: 774.259: [GC (Allocation Failure) 2018-03-17T00:09:08.335+0500: 774.259: [DefNew: 157248K->17472K(157248K), 0.2516275 secs] 313822K->313821K(506816K), 0.2516896 secs] [Times: user=0.23 sys=0.00, real=0.25 secs] 
2018-03-17T00:09:08.612+0500: 774.536: [GC (Allocation Failure) 2018-03-17T00:09:08.612+0500: 774.536: [DefNew: 157248K->157248K(157248K), 0.0000163 secs]2018-03-17T00:09:08.612+0500: 774.536: [Tenured: 296349K->23908K(349568K), 0.1548423 secs] 453597K->23908K(506816K), [Metaspace: 5350K->5350K(1056768K)], 0.1549286 secs] [Times: user=0.16 sys=0.00, real=0.15 secs] 
2018-03-17T00:09:08.795+0500: 774.720: [GC (Allocation Failure) 2018-03-17T00:09:08.795+0500: 774.720: [DefNew: 139776K->17472K(157248K), 0.2549791 secs] 163684K->163683K(506816K), 0.2550449 secs] [Times: user=0.25 sys=0.00, real=0.26 secs] 
2018-03-17T00:09:09.078+0500: 775.001: [GC (Allocation Failure) 2018-03-17T00:09:09.078+0500: 775.001: [DefNew: 157248K->17472K(157248K), 0.2542050 secs] 303459K->303458K(506816K), 0.2542696 secs] [Times: user=0.23 sys=0.00, real=0.25 secs] 
2018-03-17T00:09:09.358+0500: 775.281: [GC (Allocation Failure) 2018-03-17T00:09:09.358+0500: 775.281: [DefNew: 146063K->146063K(157248K), 0.0000163 secs]2018-03-17T00:09:09.358+0500: 775.281: [Tenured: 285986K->715K(349568K), 0.1362526 secs] 432050K->715K(506816K), [Metaspace: 5350K->5350K(1056768K)], 0.1363450 secs] [Times: user=0.13 sys=0.00, real=0.14 secs] 
2018-03-17T00:09:09.519+0500: 775.443: [GC (Allocation Failure) 2018-03-17T00:09:09.519+0500: 775.443: [DefNew: 139776K->17472K(157248K), 0.2240580 secs] 140491K->140490K(506816K), 0.2241213 secs] [Times: user=0.23 sys=0.00, real=0.22 secs] 
2018-03-17T00:09:09.769+0500: 775.693: [GC (Allocation Failure) 2018-03-17T00:09:09.769+0500: 775.693: [DefNew: 157248K->17472K(157248K), 0.2600429 secs] 280266K->280229K(506816K), 0.2601118 secs] [Times: user=0.27 sys=0.00, real=0.26 secs] 
2018-03-17T00:09:10.058+0500: 775.982: [GC (Allocation Failure) 2018-03-17T00:09:10.058+0500: 775.982: [DefNew: 157248K->157248K(157248K), 0.0000278 secs]2018-03-17T00:09:10.058+0500: 775.982: [Tenured: 262757K->205160K(349568K), 0.4920305 secs] 420005K->205160K(506816K), [Metaspace: 5350K->5350K(1056768K)], 0.4921459 secs] [Times: user=0.49 sys=0.00, real=0.49 secs] 
2018-03-17T00:09:10.576+0500: 776.500: [GC (Allocation Failure) 2018-03-17T00:09:10.576+0500: 776.500: [DefNew: 139776K->17472K(157248K), 0.2245575 secs] 344936K->344935K(506816K), 0.2246315 secs] [Times: user=0.22 sys=0.00, real=0.22 secs] 
2018-03-17T00:09:10.827+0500: 776.751: [GC (Allocation Failure) 2018-03-17T00:09:10.827+0500: 776.751: [DefNew: 157248K->157248K(157248K), 0.0000141 secs]2018-03-17T00:09:10.827+0500: 776.751: [Tenured: 327463K->55022K(349568K), 0.2207223 secs] 484711K->55022K(506816K), [Metaspace: 5350K->5350K(1056768K)], 0.2208185 secs] [Times: user=0.22 sys=0.00, real=0.22 secs] 
2018-03-17T00:09:11.076+0500: 777.001: [GC (Allocation Failure) 2018-03-17T00:09:11.077+0500: 777.001: [DefNew: 139776K->17472K(157248K), 0.2558416 secs] 194798K->194797K(506816K), 0.2559246 secs] [Times: user=0.25 sys=0.00, real=0.26 secs] 
2018-03-17T00:09:11.358+0500: 777.282: [GC (Allocation Failure) 2018-03-17T00:09:11.358+0500: 777.282: [DefNew: 157248K->17471K(157248K), 0.2519222 secs] 334573K->334572K(506816K), 0.2520069 secs] [Times: user=0.25 sys=0.00, real=0.25 secs] 
2018-03-17T00:09:11.635+0500: 777.559: [GC (Allocation Failure) 2018-03-17T00:09:11.635+0500: 777.560: [DefNew: 157247K->157247K(157248K), 0.0000163 secs]2018-03-17T00:09:11.635+0500: 777.560: [Tenured: 317100K->44659K(349568K), 0.1993798 secs] 474348K->44659K(506816K), [Metaspace: 5350K->5350K(1056768K)], 0.1994709 secs] [Times: user=0.20 sys=0.00, real=0.20 secs] 
2018-03-17T00:09:11.864+0500: 777.788: [GC (Allocation Failure) 2018-03-17T00:09:11.864+0500: 777.788: [DefNew: 139776K->17471K(157248K), 0.2547058 secs] 184435K->184434K(506816K), 0.2547687 secs] [Times: user=0.27 sys=0.00, real=0.25 secs] 
2018-03-17T00:09:12.144+0500: 778.068: [GC (Allocation Failure) 2018-03-17T00:09:12.144+0500: 778.068: [DefNew: 157247K->17472K(157248K), 0.2505661 secs] 324210K->324208K(506816K), 0.2506268 secs] [Times: user=0.25 sys=0.00, real=0.25 secs] 
2018-03-17T00:09:12.420+0500: 778.344: [GC (Allocation Failure) 2018-03-17T00:09:12.420+0500: 778.344: [DefNew: 157248K->157248K(157248K), 0.0000167 secs]2018-03-17T00:09:12.420+0500: 778.344: [Tenured: 306736K->34272K(349568K), 0.1776234 secs] 463984K->34272K(506816K), [Metaspace: 5350K->5350K(1056768K)], 0.1777149 secs] [Times: user=0.17 sys=0.00, real=0.18 secs] 
2018-03-17T00:09:12.627+0500: 778.551: [GC (Allocation Failure) 2018-03-17T00:09:12.627+0500: 778.551: [DefNew: 139776K->17472K(157248K), 0.2554880 secs] 174048K->174046K(506816K), 0.2555470 secs] [Times: user=0.27 sys=0.00, real=0.26 secs] 
2018-03-17T00:09:12.908+0500: 778.832: [GC (Allocation Failure) 2018-03-17T00:09:12.908+0500: 778.832: [DefNew: 157248K->17472K(157248K), 0.2519410 secs] 313822K->313821K(506816K), 0.2520013 secs] [Times: user=0.25 sys=0.00, real=0.25 secs] 
2018-03-17T00:09:13.186+0500: 779.110: [GC (Allocation Failure) 2018-03-17T00:09:13.186+0500: 779.110: [DefNew: 157248K->157248K(157248K), 0.0000180 secs]2018-03-17T00:09:13.187+0500: 779.110: [Tenured: 296349K->23908K(349568K), 0.1561090 secs] 453597K->23908K(506816K), [Metaspace: 5350K->5350K(1056768K)], 0.1562497 secs] [Times: user=0.16 sys=0.00, real=0.16 secs] 
2018-03-17T00:09:13.371+0500: 779.294: [GC (Allocation Failure) 2018-03-17T00:09:13.371+0500: 779.294: [DefNew: 139776K->17472K(157248K), 0.2564720 secs] 163684K->163683K(506816K), 0.2565379 secs] [Times: user=0.25 sys=0.00, real=0.26 secs] 
2018-03-17T00:09:13.653+0500: 779.576: [GC (Allocation Failure) 2018-03-17T00:09:13.653+0500: 779.576: [DefNew: 157248K->17472K(157248K), 0.2529199 secs] 303459K->303458K(506816K), 0.2530012 secs] [Times: user=0.25 sys=0.00, real=0.25 secs] 
2018-03-17T00:09:13.931+0500: 779.855: [GC (Allocation Failure) 2018-03-17T00:09:13.931+0500: 779.855: [DefNew: 146063K->146063K(157248K), 0.0000175 secs]2018-03-17T00:09:13.931+0500: 779.855: [Tenured: 285986K->715K(349568K), 0.1355110 secs] 432050K->715K(506816K), [Metaspace: 5350K->5350K(1056768K)], 0.1355961 secs] [Times: user=0.13 sys=0.00, real=0.13 secs] 
2018-03-17T00:09:14.092+0500: 780.016: [GC (Allocation Failure) 2018-03-17T00:09:14.092+0500: 780.016: [DefNew: 139776K->17472K(157248K), 0.2212898 secs] 140491K->140490K(506816K), 0.2213531 secs] [Times: user=0.22 sys=0.00, real=0.22 secs] 
2018-03-17T00:09:14.339+0500: 780.263: [GC (Allocation Failure) 2018-03-17T00:09:14.339+0500: 780.263: [DefNew: 157248K->17472K(157248K), 0.2560384 secs] 280266K->280229K(506816K), 0.2560995 secs] [Times: user=0.25 sys=0.00, real=0.26 secs] 
2018-03-17T00:09:14.626+0500: 780.549: [GC (Allocation Failure) 2018-03-17T00:09:14.626+0500: 780.549: [DefNew: 157248K->157248K(157248K), 0.0000188 secs]2018-03-17T00:09:14.626+0500: 780.549: [Tenured: 262757K->205160K(349568K), 0.4882671 secs] 420005K->205160K(506816K), [Metaspace: 5350K->5350K(1056768K)], 0.4883599 secs] [Times: user=0.48 sys=0.00, real=0.49 secs] 
2018-03-17T00:09:15.140+0500: 781.064: [GC (Allocation Failure) 2018-03-17T00:09:15.140+0500: 781.064: [DefNew: 139776K->17472K(157248K), 0.2234392 secs] 344936K->344935K(506816K), 0.2235020 secs] [Times: user=0.22 sys=0.00, real=0.22 secs] 
2018-03-17T00:09:15.389+0500: 781.313: [GC (Allocation Failure) 2018-03-17T00:09:15.389+0500: 781.313: [DefNew: 157248K->157248K(157248K), 0.0000167 secs]2018-03-17T00:09:15.389+0500: 781.313: [Tenured: 327463K->55022K(349568K), 0.2209960 secs] 484711K->55022K(506816K), [Metaspace: 5350K->5350K(1056768K)], 0.2210884 secs] [Times: user=0.22 sys=0.00, real=0.22 secs] 
2018-03-17T00:09:15.639+0500: 781.563: [GC (Allocation Failure) 2018-03-17T00:09:15.639+0500: 781.563: [DefNew: 139776K->17472K(157248K), 0.2554927 secs] 194798K->194797K(506816K), 0.2555568 secs] [Times: user=0.25 sys=0.00, real=0.26 secs] 
2018-03-17T00:09:15.920+0500: 781.844: [GC (Allocation Failure) 2018-03-17T00:09:15.920+0500: 781.844: [DefNew: 157248K->17471K(157248K), 0.2500268 secs] 334573K->334572K(506816K), 0.2500884 secs] [Times: user=0.25 sys=0.00, real=0.25 secs] 
2018-03-17T00:09:16.196+0500: 782.119: [GC (Allocation Failure) 2018-03-17T00:09:16.196+0500: 782.119: [DefNew: 157247K->157247K(157248K), 0.0000171 secs]2018-03-17T00:09:16.196+0500: 782.119: [Tenured: 317100K->44659K(349568K), 0.1987738 secs] 474348K->44659K(506816K), [Metaspace: 5350K->5350K(1056768K)], 0.1988653 secs] [Times: user=0.19 sys=0.00, real=0.20 secs] 
2018-03-17T00:09:16.424+0500: 782.348: [GC (Allocation Failure) 2018-03-17T00:09:16.424+0500: 782.348: [DefNew: 139776K->17471K(157248K), 0.2554550 secs] 184435K->184434K(506816K), 0.2555166 secs] [Times: user=0.27 sys=0.00, real=0.25 secs] 
2018-03-17T00:09:16.705+0500: 782.629: [GC (Allocation Failure) 2018-03-17T00:09:16.705+0500: 782.629: [DefNew: 157247K->17472K(157248K), 0.2531119 secs] 324210K->324208K(506816K), 0.2531992 secs] [Times: user=0.25 sys=0.00, real=0.25 secs] 
2018-03-17T00:09:16.983+0500: 782.908: [GC (Allocation Failure) 2018-03-17T00:09:16.983+0500: 782.908: [DefNew: 157248K->157248K(157248K), 0.0000163 secs]2018-03-17T00:09:16.983+0500: 782.908: [Tenured: 306736K->34272K(349568K), 0.1785244 secs] 463984K->34272K(506816K), [Metaspace: 5350K->5350K(1056768K)], 0.1786142 secs] [Times: user=0.19 sys=0.00, real=0.18 secs] 
2018-03-17T00:09:17.190+0500: 783.115: [GC (Allocation Failure) 2018-03-17T00:09:17.190+0500: 783.115: [DefNew: 139776K->17472K(157248K), 0.2547849 secs] 174048K->174046K(506816K), 0.2548491 secs] [Times: user=0.26 sys=0.00, real=0.26 secs] 
2018-03-17T00:09:17.471+0500: 783.395: [GC (Allocation Failure) 2018-03-17T00:09:17.472+0500: 783.395: [DefNew: 157248K->17472K(157248K), 0.2509891 secs] 313822K->313821K(506816K), 0.2510960 secs] [Times: user=0.25 sys=0.00, real=0.25 secs] 
2018-03-17T00:09:17.748+0500: 783.671: [GC (Allocation Failure) 2018-03-17T00:09:17.748+0500: 783.671: [DefNew: 157248K->157248K(157248K), 0.0000180 secs]2018-03-17T00:09:17.748+0500: 783.671: [Tenured: 296349K->23908K(349568K), 0.1552579 secs] 453597K->23908K(506816K), [Metaspace: 5350K->5350K(1056768K)], 0.1553490 secs] [Times: user=0.16 sys=0.00, real=0.16 secs] 
2018-03-17T00:09:17.931+0500: 783.855: [GC (Allocation Failure) 2018-03-17T00:09:17.931+0500: 783.855: [DefNew: 139776K->17472K(157248K), 0.2553037 secs] 163684K->163683K(506816K), 0.2553648 secs] [Times: user=0.23 sys=0.00, real=0.26 secs] 
2018-03-17T00:09:18.212+0500: 784.136: [GC (Allocation Failure) 2018-03-17T00:09:18.212+0500: 784.136: [DefNew: 157248K->17472K(157248K), 0.2543838 secs] 303459K->303458K(506816K), 0.2544475 secs] [Times: user=0.25 sys=0.00, real=0.25 secs] 
2018-03-17T00:09:18.491+0500: 784.416: [GC (Allocation Failure) 2018-03-17T00:09:18.491+0500: 784.416: [DefNew: 146063K->146063K(157248K), 0.0000163 secs]2018-03-17T00:09:18.491+0500: 784.416: [Tenured: 285986K->715K(349568K), 0.1370091 secs] 432050K->715K(506816K), [Metaspace: 5350K->5350K(1056768K)], 0.1370963 secs] [Times: user=0.13 sys=0.00, real=0.14 secs] 
2018-03-17T00:09:18.654+0500: 784.578: [GC (Allocation Failure) 2018-03-17T00:09:18.654+0500: 784.578: [DefNew: 139776K->17472K(157248K), 0.2223226 secs] 140491K->140490K(506816K), 0.2223974 secs] [Times: user=0.22 sys=0.00, real=0.22 secs] 
2018-03-17T00:09:18.903+0500: 784.826: [GC (Allocation Failure) 2018-03-17T00:09:18.903+0500: 784.826: [DefNew: 157248K->17472K(157248K), 0.2569822 secs] 280266K->280229K(506816K), 0.2571036 secs] [Times: user=0.25 sys=0.00, real=0.26 secs] 
2018-03-17T00:09:19.187+0500: 785.111: [GC (Allocation Failure) 2018-03-17T00:09:19.187+0500: 785.111: [DefNew: 157248K->157248K(157248K), 0.0000163 secs]2018-03-17T00:09:19.187+0500: 785.111: [Tenured: 262757K->205160K(349568K), 0.4721839 secs] 420005K->205160K(506816K), [Metaspace: 5350K->5350K(1056768K)], 0.4722784 secs] [Times: user=0.47 sys=0.00, real=0.47 secs] 
2018-03-17T00:09:19.685+0500: 785.609: [GC (Allocation Failure) 2018-03-17T00:09:19.685+0500: 785.609: [DefNew: 139776K->17472K(157248K), 0.2240854 secs] 344936K->344935K(506816K), 0.2241474 secs] [Times: user=0.22 sys=0.00, real=0.22 secs] 
2018-03-17T00:09:19.934+0500: 785.859: [GC (Allocation Failure) 2018-03-17T00:09:19.934+0500: 785.859: [DefNew: 157248K->157248K(157248K), 0.0000163 secs]2018-03-17T00:09:19.934+0500: 785.859: [Tenured: 327463K->55022K(349568K), 0.2206107 secs] 484711K->55022K(506816K), [Metaspace: 5350K->5350K(1056768K)], 0.2206992 secs] [Times: user=0.22 sys=0.00, real=0.22 secs] 
2018-03-17T00:09:20.184+0500: 786.108: [GC (Allocation Failure) 2018-03-17T00:09:20.184+0500: 786.108: [DefNew: 139776K->17472K(157248K), 0.2547845 secs] 194798K->194797K(506816K), 0.2548550 secs] [Times: user=0.25 sys=0.00, real=0.25 secs] 
2018-03-17T00:09:20.465+0500: 786.388: [GC (Allocation Failure) 2018-03-17T00:09:20.465+0500: 786.388: [DefNew: 157248K->17471K(157248K), 0.2515518 secs] 334573K->334572K(506816K), 0.2516143 secs] [Times: user=0.25 sys=0.00, real=0.25 secs] 
2018-03-17T00:09:20.742+0500: 786.665: [GC (Allocation Failure) 2018-03-17T00:09:20.742+0500: 786.666: [DefNew: 157247K->157247K(157248K), 0.0000248 secs]2018-03-17T00:09:20.742+0500: 786.666: [Tenured: 317100K->44659K(349568K), 0.1990001 secs] 474348K->44659K(506816K), [Metaspace: 5350K->5350K(1056768K)], 0.1991164 secs] [Times: user=0.19 sys=0.00, real=0.20 secs] 
2018-03-17T00:09:20.970+0500: 786.894: [GC (Allocation Failure) 2018-03-17T00:09:20.970+0500: 786.894: [DefNew: 139776K->17471K(157248K), 0.2551950 secs] 184435K->184434K(506816K), 0.2552540 secs] [Times: user=0.27 sys=0.00, real=0.25 secs] 
2018-03-17T00:09:21.250+0500: 787.174: [GC (Allocation Failure) 2018-03-17T00:09:21.250+0500: 787.174: [DefNew: 157247K->17472K(157248K), 0.2506666 secs] 324210K->324208K(506816K), 0.2507282 secs] [Times: user=0.25 sys=0.00, real=0.25 secs] 
2018-03-17T00:09:21.527+0500: 787.451: [GC (Allocation Failure) 2018-03-17T00:09:21.527+0500: 787.451: [DefNew: 157248K->157248K(157248K), 0.0000175 secs]2018-03-17T00:09:21.527+0500: 787.451: [Tenured: 306736K->34272K(349568K), 0.1772573 secs] 463984K->34272K(506816K), [Metaspace: 5350K->5350K(1056768K)], 0.1773663 secs] [Times: user=0.17 sys=0.00, real=0.18 secs] 
2018-03-17T00:09:21.733+0500: 787.657: [GC (Allocation Failure) 2018-03-17T00:09:21.733+0500: 787.657: [DefNew: 139776K->17472K(157248K), 0.2576164 secs] 174048K->174046K(506816K), 0.2576810 secs] [Times: user=0.26 sys=0.00, real=0.26 secs] 
2018-03-17T00:09:22.016+0500: 787.940: [GC (Allocation Failure) 2018-03-17T00:09:22.016+0500: 787.940: [DefNew: 157248K->17472K(157248K), 0.2515762 secs] 313822K->313821K(506816K), 0.2516387 secs] [Times: user=0.25 sys=0.00, real=0.25 secs] 
2018-03-17T00:09:22.293+0500: 788.217: [GC (Allocation Failure) 2018-03-17T00:09:22.293+0500: 788.217: [DefNew: 157248K->157248K(157248K), 0.0000163 secs]2018-03-17T00:09:22.293+0500: 788.217: [Tenured: 296349K->23908K(349568K), 0.1548726 secs] 453597K->23908K(506816K), [Metaspace: 5350K->5350K(1056768K)], 0.1549599 secs] [Times: user=0.16 sys=0.00, real=0.15 secs] 
2018-03-17T00:09:22.476+0500: 788.400: [GC (Allocation Failure) 2018-03-17T00:09:22.476+0500: 788.400: [DefNew: 139776K->17472K(157248K), 0.2563706 secs] 163684K->163683K(506816K), 0.2564331 secs] [Times: user=0.25 sys=0.00, real=0.26 secs] 
2018-03-17T00:09:22.758+0500: 788.682: [GC (Allocation Failure) 2018-03-17T00:09:22.758+0500: 788.682: [DefNew: 157248K->17472K(157248K), 0.2596264 secs] 303459K->303458K(506816K), 0.2596867 secs] [Times: user=0.25 sys=0.00, real=0.26 secs] 
2018-03-17T00:09:23.045+0500: 788.968: [GC (Allocation Failure) 2018-03-17T00:09:23.045+0500: 788.969: [DefNew: 146063K->146063K(157248K), 0.0000163 secs]2018-03-17T00:09:23.045+0500: 788.969: [Tenured: 285986K->715K(349568K), 0.1404915 secs] 432050K->715K(506816K), [Metaspace: 5350K->5350K(1056768K)], 0.1405898 secs] [Times: user=0.14 sys=0.00, real=0.14 secs] 
2018-03-17T00:09:23.211+0500: 789.135: [GC (Allocation Failure) 2018-03-17T00:09:23.211+0500: 789.135: [DefNew: 139776K->17472K(157248K), 0.2240015 secs] 140491K->140490K(506816K), 0.2240657 secs] [Times: user=0.22 sys=0.00, real=0.22 secs] 
2018-03-17T00:09:23.460+0500: 789.384: [GC (Allocation Failure) 2018-03-17T00:09:23.460+0500: 789.384: [DefNew: 157248K->17472K(157248K), 0.2551801 secs] 280266K->280229K(506816K), 0.2552412 secs] [Times: user=0.24 sys=0.00, real=0.25 secs] 
2018-03-17T00:09:23.744+0500: 789.668: [GC (Allocation Failure) 2018-03-17T00:09:23.744+0500: 789.668: [DefNew: 157248K->157248K(157248K), 0.0000171 secs]2018-03-17T00:09:23.744+0500: 789.668: [Tenured: 262757K->205160K(349568K), 0.4714693 secs] 420005K->205160K(506816K), [Metaspace: 5350K->5350K(1056768K)], 0.4715634 secs] [Times: user=0.47 sys=0.00, real=0.47 secs] 
2018-03-17T00:09:24.240+0500: 790.165: [GC (Allocation Failure) 2018-03-17T00:09:24.240+0500: 790.165: [DefNew: 139776K->17472K(157248K), 0.2239173 secs] 344936K->344935K(506816K), 0.2239789 secs] [Times: user=0.22 sys=0.00, real=0.22 secs] 
2018-03-17T00:09:24.491+0500: 790.415: [GC (Allocation Failure) 2018-03-17T00:09:24.491+0500: 790.415: [DefNew: 157248K->157248K(157248K), 0.0000167 secs]2018-03-17T00:09:24.491+0500: 790.415: [Tenured: 327463K->55022K(349568K), 0.2226224 secs] 484711K->55022K(506816K), [Metaspace: 5350K->5350K(1056768K)], 0.2227147 secs] [Times: user=0.22 sys=0.00, real=0.22 secs] 
2018-03-17T00:09:24.743+0500: 790.666: [GC (Allocation Failure) 2018-03-17T00:09:24.743+0500: 790.666: [DefNew: 139776K->17472K(157248K), 0.2555342 secs] 194798K->194797K(506816K), 0.2555936 secs] [Times: user=0.25 sys=0.00, real=0.25 secs] 
2018-03-17T00:09:25.023+0500: 790.947: [GC (Allocation Failure) 2018-03-17T00:09:25.023+0500: 790.947: [DefNew: 157248K->17471K(157248K), 0.2508171 secs] 334573K->334572K(506816K), 0.2508796 secs] [Times: user=0.25 sys=0.00, real=0.25 secs] 
2018-03-17T00:09:25.300+0500: 791.224: [GC (Allocation Failure) 2018-03-17T00:09:25.300+0500: 791.224: [DefNew: 157247K->157247K(157248K), 0.0000167 secs]2018-03-17T00:09:25.300+0500: 791.224: [Tenured: 317100K->44659K(349568K), 0.1998883 secs] 474348K->44659K(506816K), [Metaspace: 5350K->5350K(1056768K)], 0.1999875 secs] [Times: user=0.20 sys=0.00, real=0.20 secs] 
2018-03-17T00:09:25.529+0500: 791.453: [GC (Allocation Failure) 2018-03-17T00:09:25.529+0500: 791.453: [DefNew: 139776K->17471K(157248K), 0.2567756 secs] 184435K->184434K(506816K), 0.2568398 secs] [Times: user=0.22 sys=0.00, real=0.26 secs] 
2018-03-17T00:09:25.812+0500: 791.735: [GC (Allocation Failure) 2018-03-17T00:09:25.812+0500: 791.736: [DefNew: 157247K->17472K(157248K), 0.2502851 secs] 324210K->324208K(506816K), 0.2503583 secs] [Times: user=0.25 sys=0.00, real=0.25 secs] 
2018-03-17T00:09:26.088+0500: 792.011: [GC (Allocation Failure) 2018-03-17T00:09:26.088+0500: 792.011: [DefNew: 157248K->157248K(157248K), 0.0000158 secs]2018-03-17T00:09:26.088+0500: 792.012: [Tenured: 306736K->34272K(349568K), 0.1764503 secs] 463984K->34272K(506816K), [Metaspace: 5350K->5350K(1056768K)], 0.1765388 secs] [Times: user=0.17 sys=0.00, real=0.18 secs] 
2018-03-17T00:09:26.293+0500: 792.217: [GC (Allocation Failure) 2018-03-17T00:09:26.293+0500: 792.217: [DefNew: 139776K->17472K(157248K), 0.2552493 secs] 174048K->174046K(506816K), 0.2553105 secs] [Times: user=0.25 sys=0.00, real=0.26 secs] 
2018-03-17T00:09:26.574+0500: 792.498: [GC (Allocation Failure) 2018-03-17T00:09:26.574+0500: 792.498: [DefNew: 157248K->17472K(157248K), 0.2525966 secs] 313822K->313821K(506816K), 0.2527108 secs] [Times: user=0.25 sys=0.00, real=0.25 secs] 
2018-03-17T00:09:26.852+0500: 792.776: [GC (Allocation Failure) 2018-03-17T00:09:26.852+0500: 792.776: [DefNew: 157248K->157248K(157248K), 0.0000150 secs]2018-03-17T00:09:26.852+0500: 792.776: [Tenured: 296349K->23908K(349568K), 0.1547503 secs] 453597K->23908K(506816K), [Metaspace: 5350K->5350K(1056768K)], 0.1548350 secs] [Times: user=0.16 sys=0.00, real=0.15 secs] 
2018-03-17T00:09:27.034+0500: 792.959: [GC (Allocation Failure) 2018-03-17T00:09:27.034+0500: 792.959: [DefNew: 139776K->17472K(157248K), 0.2565430 secs] 163684K->163683K(506816K), 0.2566046 secs] [Times: user=0.26 sys=0.00, real=0.26 secs] 
2018-03-17T00:09:27.318+0500: 793.241: [GC (Allocation Failure) 2018-03-17T00:09:27.318+0500: 793.241: [DefNew: 157248K->17472K(157248K), 0.2541105 secs] 303459K->303458K(506816K), 0.2541738 secs] [Times: user=0.27 sys=0.00, real=0.25 secs] 
2018-03-17T00:09:27.597+0500: 793.521: [GC (Allocation Failure) 2018-03-17T00:09:27.597+0500: 793.521: [DefNew: 146063K->146063K(157248K), 0.0000167 secs]2018-03-17T00:09:27.597+0500: 793.521: [Tenured: 285986K->715K(349568K), 0.1366007 secs] 432050K->715K(506816K), [Metaspace: 5350K->5350K(1056768K)], 0.1366952 secs] [Times: user=0.14 sys=0.00, real=0.14 secs] 
2018-03-17T00:09:27.759+0500: 793.683: [GC (Allocation Failure) 2018-03-17T00:09:27.759+0500: 793.683: [DefNew: 139776K->17472K(157248K), 0.2238604 secs] 140491K->140490K(506816K), 0.2239233 secs] [Times: user=0.22 sys=0.00, real=0.22 secs] 
2018-03-17T00:09:28.008+0500: 793.932: [GC (Allocation Failure) 2018-03-17T00:09:28.008+0500: 793.932: [DefNew: 157248K->17472K(157248K), 0.2555115 secs] 280266K->280229K(506816K), 0.2555846 secs] [Times: user=0.25 sys=0.00, real=0.26 secs] 
2018-03-17T00:09:28.292+0500: 794.216: [GC (Allocation Failure) 2018-03-17T00:09:28.292+0500: 794.216: [DefNew: 157248K->157248K(157248K), 0.0000158 secs]2018-03-17T00:09:28.292+0500: 794.216: [Tenured: 262757K->205160K(349568K), 0.4705605 secs] 420005K->205160K(506816K), [Metaspace: 5350K->5350K(1056768K)], 0.4706469 secs] [Times: user=0.47 sys=0.00, real=0.47 secs] 
2018-03-17T00:09:28.789+0500: 794.712: [GC (Allocation Failure) 2018-03-17T00:09:28.789+0500: 794.712: [DefNew: 139776K->17472K(157248K), 0.2222687 secs] 344936K->344935K(506816K), 0.2223303 secs] [Times: user=0.22 sys=0.00, real=0.22 secs] 
2018-03-17T00:09:29.037+0500: 794.961: [GC (Allocation Failure) 2018-03-17T00:09:29.037+0500: 794.961: [DefNew: 157248K->157248K(157248K), 0.0000167 secs]2018-03-17T00:09:29.037+0500: 794.961: [Tenured: 327463K->55022K(349568K), 0.2232668 secs] 484711K->55022K(506816K), [Metaspace: 5350K->5350K(1056768K)], 0.2233601 secs] [Times: user=0.23 sys=0.00, real=0.22 secs] 
2018-03-17T00:09:29.289+0500: 795.213: [GC (Allocation Failure) 2018-03-17T00:09:29.289+0500: 795.213: [DefNew: 139776K->17472K(157248K), 0.2544359 secs] 194798K->194797K(506816K), 0.2544950 secs] [Times: user=0.25 sys=0.00, real=0.25 secs] 
2018-03-17T00:09:29.569+0500: 795.493: [GC (Allocation Failure) 2018-03-17T00:09:29.569+0500: 795.493: [DefNew: 157248K->17471K(157248K), 0.2505276 secs] 334573K->334572K(506816K), 0.2505888 secs] [Times: user=0.25 sys=0.00, real=0.25 secs] 
2018-03-17T00:09:29.844+0500: 795.769: [GC (Allocation Failure) 2018-03-17T00:09:29.845+0500: 795.769: [DefNew: 157247K->157247K(157248K), 0.0000210 secs]2018-03-17T00:09:29.845+0500: 795.769: [Tenured: 317100K->44659K(349568K), 0.2003929 secs] 474348K->44659K(506816K), [Metaspace: 5350K->5350K(1056768K)], 0.2005204 secs] [Times: user=0.20 sys=0.00, real=0.20 secs] 
2018-03-17T00:09:30.075+0500: 795.998: [GC (Allocation Failure) 2018-03-17T00:09:30.075+0500: 795.998: [DefNew: 139776K->17471K(157248K), 0.2550483 secs] 184435K->184434K(506816K), 0.2551129 secs] [Times: user=0.25 sys=0.00, real=0.25 secs] 
2018-03-17T00:09:30.355+0500: 796.279: [GC (Allocation Failure) 2018-03-17T00:09:30.355+0500: 796.279: [DefNew: 157247K->17472K(157248K), 0.2525603 secs] 324210K->324208K(506816K), 0.2526317 secs] [Times: user=0.25 sys=0.00, real=0.25 secs] 
2018-03-17T00:09:30.633+0500: 796.557: [GC (Allocation Failure) 2018-03-17T00:09:30.633+0500: 796.557: [DefNew: 157248K->157248K(157248K), 0.0000167 secs]2018-03-17T00:09:30.633+0500: 796.557: [Tenured: 306736K->34272K(349568K), 0.1773864 secs] 463984K->34272K(506816K), [Metaspace: 5350K->5350K(1056768K)], 0.1774878 secs] [Times: user=0.17 sys=0.00, real=0.18 secs] 
2018-03-17T00:09:30.839+0500: 796.763: [GC (Allocation Failure) 2018-03-17T00:09:30.839+0500: 796.763: [DefNew: 139776K->17472K(157248K), 0.2559648 secs] 174048K->174046K(506816K), 0.2560247 secs] [Times: user=0.25 sys=0.00, real=0.26 secs] 
2018-03-17T00:09:31.122+0500: 797.046: [GC (Allocation Failure) 2018-03-17T00:09:31.122+0500: 797.046: [DefNew: 157248K->17472K(157248K), 0.2665005 secs] 313822K->313821K(506816K), 0.2665608 secs] [Times: user=0.26 sys=0.00, real=0.27 secs] 
2018-03-17T00:09:31.415+0500: 797.338: [GC (Allocation Failure) 2018-03-17T00:09:31.415+0500: 797.338: [DefNew: 157248K->157248K(157248K), 0.0000158 secs]2018-03-17T00:09:31.415+0500: 797.338: [Tenured: 296349K->23908K(349568K), 0.1561432 secs] 453597K->23908K(506816K), [Metaspace: 5350K->5350K(1056768K)], 0.1562338 secs] [Times: user=0.16 sys=0.00, real=0.16 secs] 
2018-03-17T00:09:31.599+0500: 797.523: [GC (Allocation Failure) 2018-03-17T00:09:31.599+0500: 797.523: [DefNew: 139776K->17472K(157248K), 0.2605501 secs] 163684K->163683K(506816K), 0.2606121 secs] [Times: user=0.27 sys=0.00, real=0.26 secs] 
2018-03-17T00:09:31.885+0500: 797.808: [GC (Allocation Failure) 2018-03-17T00:09:31.885+0500: 797.809: [DefNew: 157248K->17472K(157248K), 0.2527382 secs] 303459K->303458K(506816K), 0.2528177 secs] [Times: user=0.25 sys=0.00, real=0.25 secs] 
2018-03-17T00:09:32.163+0500: 798.087: [GC (Allocation Failure) 2018-03-17T00:09:32.163+0500: 798.087: [DefNew: 146063K->146063K(157248K), 0.0000231 secs]2018-03-17T00:09:32.163+0500: 798.087: [Tenured: 285986K->715K(349568K), 0.1362047 secs] 432050K->715K(506816K), [Metaspace: 5350K->5350K(1056768K)], 0.1363056 secs] [Times: user=0.13 sys=0.00, real=0.14 secs] 
2018-03-17T00:09:32.325+0500: 798.249: [GC (Allocation Failure) 2018-03-17T00:09:32.325+0500: 798.249: [DefNew: 139776K->17472K(157248K), 0.2232869 secs] 140491K->140490K(506816K), 0.2233502 secs] [Times: user=0.20 sys=0.00, real=0.22 secs] 
2018-03-17T00:09:32.573+0500: 798.498: [GC (Allocation Failure) 2018-03-17T00:09:32.573+0500: 798.498: [DefNew: 157248K->17472K(157248K), 0.2572409 secs] 280266K->280229K(506816K), 0.2573034 secs] [Times: user=0.25 sys=0.00, real=0.26 secs] 
2018-03-17T00:09:32.860+0500: 798.783: [GC (Allocation Failure) 2018-03-17T00:09:32.860+0500: 798.783: [DefNew: 157248K->157248K(157248K), 0.0000163 secs]2018-03-17T00:09:32.860+0500: 798.783: [Tenured: 262757K->205160K(349568K), 0.4741776 secs] 420005K->205160K(506816K), [Metaspace: 5350K->5350K(1056768K)], 0.4742764 secs] [Times: user=0.47 sys=0.00, real=0.47 secs] 
2018-03-17T00:09:33.360+0500: 799.284: [GC (Allocation Failure) 2018-03-17T00:09:33.360+0500: 799.284: [DefNew: 139776K->17472K(157248K), 0.2232065 secs] 344936K->344935K(506816K), 0.2232715 secs] [Times: user=0.22 sys=0.00, real=0.22 secs] 
2018-03-17T00:09:33.609+0500: 799.533: [GC (Allocation Failure) 2018-03-17T00:09:33.609+0500: 799.533: [DefNew: 157248K->157248K(157248K), 0.0000175 secs]2018-03-17T00:09:33.609+0500: 799.533: [Tenured: 327463K->55022K(349568K), 0.2218693 secs] 484711K->55022K(506816K), [Metaspace: 5350K->5350K(1056768K)], 0.2219595 secs] [Times: user=0.22 sys=0.00, real=0.22 secs] 
2018-03-17T00:09:33.860+0500: 799.784: [GC (Allocation Failure) 2018-03-17T00:09:33.860+0500: 799.784: [DefNew: 139776K->17472K(157248K), 0.2545638 secs] 194798K->194797K(506816K), 0.2546284 secs] [Times: user=0.27 sys=0.00, real=0.26 secs] 
2018-03-17T00:09:34.140+0500: 800.065: [GC (Allocation Failure) 2018-03-17T00:09:34.140+0500: 800.065: [DefNew: 157248K->17471K(157248K), 0.2490000 secs] 334573K->334572K(506816K), 0.2490625 secs] [Times: user=0.25 sys=0.00, real=0.25 secs] 
2018-03-17T00:09:34.416+0500: 800.340: [GC (Allocation Failure) 2018-03-17T00:09:34.416+0500: 800.340: [DefNew: 157247K->157247K(157248K), 0.0000175 secs]2018-03-17T00:09:34.416+0500: 800.340: [Tenured: 317100K->44659K(349568K), 0.2001979 secs] 474348K->44659K(506816K), [Metaspace: 5350K->5350K(1056768K)], 0.2002971 secs] [Times: user=0.20 sys=0.00, real=0.20 secs] 
2018-03-17T00:09:34.645+0500: 800.569: [GC (Allocation Failure) 2018-03-17T00:09:34.645+0500: 800.569: [DefNew: 139776K->17471K(157248K), 0.2567213 secs] 184435K->184434K(506816K), 0.2567803 secs] [Times: user=0.26 sys=0.00, real=0.26 secs] 
2018-03-17T00:09:34.927+0500: 800.851: [GC (Allocation Failure) 2018-03-17T00:09:34.927+0500: 800.851: [DefNew: 157247K->17472K(157248K), 0.2500538 secs] 324210K->324208K(506816K), 0.2501149 secs] [Times: user=0.25 sys=0.00, real=0.25 secs] 
2018-03-17T00:09:35.203+0500: 801.127: [GC (Allocation Failure) 2018-03-17T00:09:35.203+0500: 801.127: [DefNew: 157248K->157248K(157248K), 0.0000158 secs]2018-03-17T00:09:35.203+0500: 801.127: [Tenured: 306736K->34272K(349568K), 0.1778090 secs] 463984K->34272K(506816K), [Metaspace: 5350K->5350K(1056768K)], 0.1779009 secs] [Times: user=0.19 sys=0.00, real=0.18 secs] 
2018-03-17T00:09:35.410+0500: 801.334: [GC (Allocation Failure) 2018-03-17T00:09:35.410+0500: 801.334: [DefNew: 139776K->17472K(157248K), 0.2545685 secs] 174048K->174046K(506816K), 0.2546327 secs] [Times: user=0.27 sys=0.00, real=0.25 secs] 
2018-03-17T00:09:35.691+0500: 801.614: [GC (Allocation Failure) 2018-03-17T00:09:35.691+0500: 801.614: [DefNew: 157248K->17472K(157248K), 0.2502856 secs] 313822K->313821K(506816K), 0.2503454 secs] [Times: user=0.25 sys=0.00, real=0.25 secs] 
2018-03-17T00:09:35.966+0500: 801.890: [GC (Allocation Failure) 2018-03-17T00:09:35.966+0500: 801.890: [DefNew: 157248K->157248K(157248K), 0.0000154 secs]2018-03-17T00:09:35.966+0500: 801.890: [Tenured: 296349K->23908K(349568K), 0.1553242 secs] 453597K->23908K(506816K), [Metaspace: 5350K->5350K(1056768K)], 0.1554110 secs] [Times: user=0.16 sys=0.00, real=0.15 secs] 
2018-03-17T00:09:36.149+0500: 802.073: [GC (Allocation Failure) 2018-03-17T00:09:36.149+0500: 802.073: [DefNew: 139776K->17472K(157248K), 0.2760029 secs] 163684K->163683K(506816K), 0.2760654 secs] [Times: user=0.27 sys=0.00, real=0.28 secs] 
2018-03-17T00:09:36.450+0500: 802.374: [GC (Allocation Failure) 2018-03-17T00:09:36.451+0500: 802.375: [DefNew: 157248K->17472K(157248K), 0.2548816 secs] 303459K->303458K(506816K), 0.2549624 secs] [Times: user=0.25 sys=0.00, real=0.25 secs] 
2018-03-17T00:09:36.731+0500: 802.655: [GC (Allocation Failure) 2018-03-17T00:09:36.731+0500: 802.655: [DefNew: 146063K->146063K(157248K), 0.0000167 secs]2018-03-17T00:09:36.731+0500: 802.655: [Tenured: 285986K->715K(349568K), 0.1368953 secs] 432050K->715K(506816K), [Metaspace: 5350K->5350K(1056768K)], 0.1369809 secs] [Times: user=0.14 sys=0.00, real=0.14 secs] 
2018-03-17T00:09:36.894+0500: 802.818: [GC (Allocation Failure) 2018-03-17T00:09:36.894+0500: 802.818: [DefNew: 139776K->17472K(157248K), 0.2229688 secs] 140491K->140490K(506816K), 0.2230376 secs] [Times: user=0.23 sys=0.00, real=0.22 secs] 
2018-03-17T00:09:37.144+0500: 803.067: [GC (Allocation Failure) 2018-03-17T00:09:37.144+0500: 803.067: [DefNew: 157248K->17472K(157248K), 0.2547225 secs] 280266K->280229K(506816K), 0.2547853 secs] [Times: user=0.26 sys=0.00, real=0.25 secs] 
2018-03-17T00:09:37.426+0500: 803.350: [GC (Allocation Failure) 2018-03-17T00:09:37.426+0500: 803.350: [DefNew: 157248K->157248K(157248K), 0.0000180 secs]2018-03-17T00:09:37.426+0500: 803.350: [Tenured: 262757K->205160K(349568K), 0.4710724 secs] 420005K->205160K(506816K), [Metaspace: 5350K->5350K(1056768K)], 0.4711627 secs] [Times: user=0.48 sys=0.00, real=0.47 secs] 
2018-03-17T00:09:37.923+0500: 803.847: [GC (Allocation Failure) 2018-03-17T00:09:37.923+0500: 803.847: [DefNew: 139776K->17472K(157248K), 0.2238506 secs] 344936K->344935K(506816K), 0.2239327 secs] [Times: user=0.22 sys=0.02, real=0.22 secs] 
2018-03-17T00:09:38.173+0500: 804.097: [GC (Allocation Failure) 2018-03-17T00:09:38.173+0500: 804.097: [DefNew: 157248K->157248K(157248K), 0.0000222 secs]2018-03-17T00:09:38.173+0500: 804.097: [Tenured: 327463K->55022K(349568K), 0.2214925 secs] 484711K->55022K(506816K), [Metaspace: 5350K->5350K(1056768K)], 0.2215926 secs] [Times: user=0.22 sys=0.00, real=0.22 secs] 
2018-03-17T00:09:38.423+0500: 804.347: [GC (Allocation Failure) 2018-03-17T00:09:38.423+0500: 804.347: [DefNew: 139776K->17472K(157248K), 0.2573474 secs] 194798K->194797K(506816K), 0.2574090 secs] [Times: user=0.27 sys=0.00, real=0.26 secs] 
2018-03-17T00:09:38.707+0500: 804.630: [GC (Allocation Failure) 2018-03-17T00:09:38.707+0500: 804.631: [DefNew: 157248K->17471K(157248K), 0.2510819 secs] 334573K->334572K(506816K), 0.2511456 secs] [Times: user=0.24 sys=0.00, real=0.25 secs] 
2018-03-17T00:09:38.983+0500: 804.907: [GC (Allocation Failure) 2018-03-17T00:09:38.983+0500: 804.907: [DefNew: 157247K->157247K(157248K), 0.0000175 secs]2018-03-17T00:09:38.983+0500: 804.907: [Tenured: 317100K->44659K(349568K), 0.2012200 secs] 474348K->44659K(506816K), [Metaspace: 5350K->5350K(1056768K)], 0.2013517 secs] [Times: user=0.20 sys=0.00, real=0.20 secs] 
2018-03-17T00:09:39.214+0500: 805.138: [GC (Allocation Failure) 2018-03-17T00:09:39.214+0500: 805.138: [DefNew: 139776K->17471K(157248K), 0.2554315 secs] 184435K->184434K(506816K), 0.2554927 secs] [Times: user=0.25 sys=0.00, real=0.26 secs] 
2018-03-17T00:09:39.495+0500: 805.419: [GC (Allocation Failure) 2018-03-17T00:09:39.495+0500: 805.419: [DefNew: 157247K->17472K(157248K), 0.2527660 secs] 324210K->324208K(506816K), 0.2528545 secs] [Times: user=0.25 sys=0.00, real=0.25 secs] 
2018-03-17T00:09:39.773+0500: 805.697: [GC (Allocation Failure) 2018-03-17T00:09:39.773+0500: 805.697: [DefNew: 157248K->157248K(157248K), 0.0000163 secs]2018-03-17T00:09:39.773+0500: 805.697: [Tenured: 306736K->34272K(349568K), 0.1782640 secs] 463984K->34272K(506816K), [Metaspace: 5350K->5350K(1056768K)], 0.1783551 secs] [Times: user=0.17 sys=0.00, real=0.18 secs] 
2018-03-17T00:09:39.981+0500: 805.905: [GC (Allocation Failure) 2018-03-17T00:09:39.981+0500: 805.905: [DefNew: 139776K->17472K(157248K), 0.2557672 secs] 174048K->174046K(506816K), 0.2558284 secs] [Times: user=0.23 sys=0.00, real=0.26 secs] 
2018-03-17T00:09:40.262+0500: 806.186: [GC (Allocation Failure) 2018-03-17T00:09:40.262+0500: 806.186: [DefNew: 157248K->17472K(157248K), 0.2509377 secs] 313822K->313821K(506816K), 0.2509980 secs] [Times: user=0.25 sys=0.00, real=0.25 secs] 
2018-03-17T00:09:40.539+0500: 806.462: [GC (Allocation Failure) 2018-03-17T00:09:40.539+0500: 806.462: [DefNew: 157248K->157248K(157248K), 0.0000235 secs]2018-03-17T00:09:40.539+0500: 806.463: [Tenured: 296349K->23908K(349568K), 0.1556467 secs] 453597K->23908K(506816K), [Metaspace: 5350K->5350K(1056768K)], 0.1557519 secs] [Times: user=0.16 sys=0.00, real=0.15 secs] 
2018-03-17T00:09:40.723+0500: 806.647: [GC (Allocation Failure) 2018-03-17T00:09:40.723+0500: 806.647: [DefNew: 139776K->17472K(157248K), 0.2563608 secs] 163684K->163683K(506816K), 0.2564233 secs] [Times: user=0.26 sys=0.00, real=0.26 secs] 
2018-03-17T00:09:41.005+0500: 806.929: [GC (Allocation Failure) 2018-03-17T00:09:41.005+0500: 806.929: [DefNew: 157248K->17472K(157248K), 0.2534647 secs] 303459K->303458K(506816K), 0.2535306 secs] [Times: user=0.25 sys=0.00, real=0.25 secs] 
2018-03-17T00:09:41.285+0500: 807.208: [GC (Allocation Failure) 2018-03-17T00:09:41.285+0500: 807.208: [DefNew: 146063K->146063K(157248K), 0.0000163 secs]2018-03-17T00:09:41.285+0500: 807.208: [Tenured: 285986K->715K(349568K), 0.1357693 secs] 432050K->715K(506816K), [Metaspace: 5350K->5350K(1056768K)], 0.1358596 secs] [Times: user=0.14 sys=0.00, real=0.14 secs] 
2018-03-17T00:09:41.446+0500: 807.370: [GC (Allocation Failure) 2018-03-17T00:09:41.446+0500: 807.370: [DefNew: 139776K->17472K(157248K), 0.2235251 secs] 140491K->140490K(506816K), 0.2235863 secs] [Times: user=0.22 sys=0.00, real=0.22 secs] 
2018-03-17T00:09:41.696+0500: 807.619: [GC (Allocation Failure) 2018-03-17T00:09:41.696+0500: 807.619: [DefNew: 157248K->17472K(157248K), 0.2549072 secs] 280266K->280229K(506816K), 0.2550094 secs] [Times: user=0.25 sys=0.00, real=0.25 secs] 
2018-03-17T00:09:41.979+0500: 807.903: [GC (Allocation Failure) 2018-03-17T00:09:41.979+0500: 807.903: [DefNew: 157248K->157248K(157248K), 0.0000163 secs]2018-03-17T00:09:41.979+0500: 807.903: [Tenured: 262757K->205160K(349568K), 0.4712828 secs] 420005K->205160K(506816K), [Metaspace: 5350K->5350K(1056768K)], 0.4713731 secs] [Times: user=0.47 sys=0.00, real=0.47 secs] 
2018-03-17T00:09:42.475+0500: 808.399: [GC (Allocation Failure) 2018-03-17T00:09:42.475+0500: 808.400: [DefNew: 139776K->17472K(157248K), 0.2240554 secs] 344936K->344935K(506816K), 0.2241179 secs] [Times: user=0.22 sys=0.00, real=0.23 secs] 
2018-03-17T00:09:42.726+0500: 808.649: [GC (Allocation Failure) 2018-03-17T00:09:42.726+0500: 808.650: [DefNew: 157248K->157248K(157248K), 0.0000158 secs]2018-03-17T00:09:42.726+0500: 808.650: [Tenured: 327463K->55022K(349568K), 0.2206342 secs] 484711K->55022K(506816K), [Metaspace: 5350K->5350K(1056768K)], 0.2207407 secs] [Times: user=0.19 sys=0.00, real=0.22 secs] 
2018-03-17T00:09:42.976+0500: 808.899: [GC (Allocation Failure) 2018-03-17T00:09:42.976+0500: 808.899: [DefNew: 139776K->17472K(157248K), 0.2545027 secs] 194798K->194797K(506816K), 0.2545612 secs] [Times: user=0.25 sys=0.00, real=0.25 secs] 
2018-03-17T00:09:43.255+0500: 809.179: [GC (Allocation Failure) 2018-03-17T00:09:43.255+0500: 809.179: [DefNew: 157248K->17471K(157248K), 0.2500632 secs] 334573K->334572K(506816K), 0.2501243 secs] [Times: user=0.25 sys=0.00, real=0.25 secs] 
2018-03-17T00:09:43.531+0500: 809.455: [GC (Allocation Failure) 2018-03-17T00:09:43.531+0500: 809.455: [DefNew: 157247K->157247K(157248K), 0.0000175 secs]2018-03-17T00:09:43.531+0500: 809.455: [Tenured: 317100K->44659K(349568K), 0.2022532 secs] 474348K->44659K(506816K), [Metaspace: 5350K->5350K(1056768K)], 0.2023460 secs] [Times: user=0.20 sys=0.00, real=0.20 secs] 
2018-03-17T00:09:43.761+0500: 809.686: [GC (Allocation Failure) 2018-03-17T00:09:43.761+0500: 809.686: [DefNew: 139776K->17471K(157248K), 0.2548935 secs] 184435K->184434K(506816K), 0.2549564 secs] [Times: user=0.22 sys=0.00, real=0.26 secs] 
2018-03-17T00:09:44.042+0500: 809.967: [GC (Allocation Failure) 2018-03-17T00:09:44.042+0500: 809.967: [DefNew: 157247K->17472K(157248K), 0.2516220 secs] 324210K->324208K(506816K), 0.2516870 secs] [Times: user=0.25 sys=0.00, real=0.25 secs] 
2018-03-17T00:09:44.321+0500: 810.244: [GC (Allocation Failure) 2018-03-17T00:09:44.321+0500: 810.244: [DefNew: 157248K->157248K(157248K), 0.0000222 secs]2018-03-17T00:09:44.321+0500: 810.244: [Tenured: 306736K->34272K(349568K), 0.1769075 secs] 463984K->34272K(506816K), [Metaspace: 5350K->5350K(1056768K)], 0.1770242 secs] [Times: user=0.17 sys=0.00, real=0.18 secs] 
2018-03-17T00:09:44.526+0500: 810.450: [GC (Allocation Failure) 2018-03-17T00:09:44.526+0500: 810.450: [DefNew: 139776K->17472K(157248K), 0.2553704 secs] 174048K->174046K(506816K), 0.2554319 secs] [Times: user=0.25 sys=0.00, real=0.25 secs] 
2018-03-17T00:09:44.808+0500: 810.732: [GC (Allocation Failure) 2018-03-17T00:09:44.808+0500: 810.732: [DefNew: 157248K->17472K(157248K), 0.2521613 secs] 313822K->313821K(506816K), 0.2522245 secs] [Times: user=0.25 sys=0.00, real=0.25 secs] 
2018-03-17T00:09:45.086+0500: 811.010: [GC (Allocation Failure) 2018-03-17T00:09:45.086+0500: 811.010: [DefNew: 157248K->157248K(157248K), 0.0000197 secs]2018-03-17T00:09:45.086+0500: 811.010: [Tenured: 296349K->23908K(349568K), 0.1572170 secs] 453597K->23908K(506816K), [Metaspace: 5350K->5350K(1056768K)], 0.1573201 secs] [Times: user=0.16 sys=0.00, real=0.16 secs] 
2018-03-17T00:09:45.271+0500: 811.195: [GC (Allocation Failure) 2018-03-17T00:09:45.271+0500: 811.195: [DefNew: 139776K->17472K(157248K), 0.2562381 secs] 163684K->163683K(506816K), 0.2562992 secs] [Times: user=0.26 sys=0.00, real=0.26 secs] 
2018-03-17T00:09:45.554+0500: 811.478: [GC (Allocation Failure) 2018-03-17T00:09:45.554+0500: 811.478: [DefNew: 157248K->17472K(157248K), 0.2527078 secs] 303459K->303458K(506816K), 0.2527741 secs] [Times: user=0.25 sys=0.00, real=0.25 secs] 
2018-03-17T00:09:45.832+0500: 811.756: [GC (Allocation Failure) 2018-03-17T00:09:45.833+0500: 811.756: [DefNew: 146063K->146063K(157248K), 0.0000325 secs]2018-03-17T00:09:45.833+0500: 811.756: [Tenured: 285986K->715K(349568K), 0.1369591 secs] 432050K->715K(506816K), [Metaspace: 5350K->5350K(1056768K)], 0.1371087 secs] [Times: user=0.14 sys=0.00, real=0.14 secs] 
2018-03-17T00:09:45.995+0500: 811.919: [GC (Allocation Failure) 2018-03-17T00:09:45.995+0500: 811.919: [DefNew: 139776K->17472K(157248K), 0.2216991 secs] 140491K->140490K(506816K), 0.2217615 secs] [Times: user=0.22 sys=0.00, real=0.22 secs] 
2018-03-17T00:09:46.242+0500: 812.166: [GC (Allocation Failure) 2018-03-17T00:09:46.242+0500: 812.166: [DefNew: 157248K->17472K(157248K), 0.2557831 secs] 280266K->280229K(506816K), 0.2558451 secs] [Times: user=0.25 sys=0.00, real=0.26 secs] 
2018-03-17T00:09:46.526+0500: 812.450: [GC (Allocation Failure) 2018-03-17T00:09:46.526+0500: 812.450: [DefNew: 157248K->157248K(157248K), 0.0000167 secs]2018-03-17T00:09:46.526+0500: 812.450: [Tenured: 262757K->205160K(349568K), 0.4716866 secs] 420005K->205160K(506816K), [Metaspace: 5350K->5350K(1056768K)], 0.4717768 secs] [Times: user=0.47 sys=0.00, real=0.47 secs] 
2018-03-17T00:09:47.024+0500: 812.947: [GC (Allocation Failure) 2018-03-17T00:09:47.024+0500: 812.947: [DefNew: 139776K->17472K(157248K), 0.2236752 secs] 344936K->344935K(506816K), 0.2237351 secs] [Times: user=0.22 sys=0.00, real=0.22 secs] 
2018-03-17T00:09:47.273+0500: 813.197: [GC (Allocation Failure) 2018-03-17T00:09:47.273+0500: 813.197: [DefNew: 157248K->157248K(157248K), 0.0000184 secs]2018-03-17T00:09:47.273+0500: 813.197: [Tenured: 327463K->55022K(349568K), 0.2248902 secs] 484711K->55022K(506816K), [Metaspace: 5350K->5350K(1056768K)], 0.2249843 secs] [Times: user=0.22 sys=0.00, real=0.22 secs] 
2018-03-17T00:09:47.527+0500: 813.450: [GC (Allocation Failure) 2018-03-17T00:09:47.527+0500: 813.451: [DefNew: 139776K->17472K(157248K), 0.2764152 secs] 194798K->194797K(506816K), 0.2764789 secs] [Times: user=0.28 sys=0.00, real=0.28 secs] 
2018-03-17T00:09:47.828+0500: 813.753: [GC (Allocation Failure) 2018-03-17T00:09:47.829+0500: 813.753: [DefNew: 157248K->17471K(157248K), 0.2494940 secs] 334573K->334572K(506816K), 0.2495881 secs] [Times: user=0.25 sys=0.00, real=0.25 secs] 
2018-03-17T00:09:48.104+0500: 814.028: [GC (Allocation Failure) 2018-03-17T00:09:48.104+0500: 814.028: [DefNew: 157247K->157247K(157248K), 0.0000158 secs]2018-03-17T00:09:48.104+0500: 814.028: [Tenured: 317100K->44659K(349568K), 0.2004802 secs] 474348K->44659K(506816K), [Metaspace: 5350K->5350K(1056768K)], 0.2005717 secs] [Times: user=0.20 sys=0.00, real=0.20 secs] 
2018-03-17T00:09:48.334+0500: 814.257: [GC (Allocation Failure) 2018-03-17T00:09:48.334+0500: 814.257: [DefNew: 139776K->17471K(157248K), 0.2557347 secs] 184435K->184434K(506816K), 0.2558262 secs] [Times: user=0.27 sys=0.00, real=0.25 secs] 
2018-03-17T00:09:48.615+0500: 814.539: [GC (Allocation Failure) 2018-03-17T00:09:48.615+0500: 814.539: [DefNew: 157247K->17472K(157248K), 0.2506948 secs] 324210K->324208K(506816K), 0.2507551 secs] [Times: user=0.27 sys=0.00, real=0.25 secs] 
2018-03-17T00:09:48.891+0500: 814.815: [GC (Allocation Failure) 2018-03-17T00:09:48.891+0500: 814.815: [DefNew: 157248K->157248K(157248K), 0.0000167 secs]2018-03-17T00:09:48.891+0500: 814.815: [Tenured: 306736K->34272K(349568K), 0.1771632 secs] 463984K->34272K(506816K), [Metaspace: 5350K->5350K(1056768K)], 0.1772573 secs] [Times: user=0.19 sys=0.00, real=0.18 secs] 
2018-03-17T00:09:49.100+0500: 815.023: [GC (Allocation Failure) 2018-03-17T00:09:49.100+0500: 815.023: [DefNew: 139776K->17472K(157248K), 0.2566533 secs] 174048K->174046K(506816K), 0.2567406 secs] [Times: user=0.25 sys=0.00, real=0.26 secs] 
2018-03-17T00:09:49.382+0500: 815.305: [GC (Allocation Failure) 2018-03-17T00:09:49.382+0500: 815.305: [DefNew: 157248K->17472K(157248K), 0.2525573 secs] 313822K->313821K(506816K), 0.2526291 secs] [Times: user=0.25 sys=0.00, real=0.25 secs] 
2018-03-17T00:09:49.660+0500: 815.583: [GC (Allocation Failure) 2018-03-17T00:09:49.660+0500: 815.584: [DefNew: 157248K->157248K(157248K), 0.0000188 secs]2018-03-17T00:09:49.660+0500: 815.584: [Tenured: 296349K->23908K(349568K), 0.1553798 secs] 453597K->23908K(506816K), [Metaspace: 5350K->5350K(1056768K)], 0.1554786 secs] [Times: user=0.16 sys=0.00, real=0.15 secs] 
2018-03-17T00:09:49.843+0500: 815.767: [GC (Allocation Failure) 2018-03-17T00:09:49.843+0500: 815.767: [DefNew: 139776K->17472K(157248K), 0.2561162 secs] 163684K->163683K(506816K), 0.2561799 secs] [Times: user=0.25 sys=0.00, real=0.26 secs] 
2018-03-17T00:09:50.125+0500: 816.049: [GC (Allocation Failure) 2018-03-17T00:09:50.125+0500: 816.049: [DefNew: 157248K->17472K(157248K), 0.2534750 secs] 303459K->303458K(506816K), 0.2535370 secs] [Times: user=0.25 sys=0.00, real=0.25 secs] 
2018-03-17T00:09:50.403+0500: 816.328: [GC (Allocation Failure) 2018-03-17T00:09:50.403+0500: 816.328: [DefNew: 146063K->146063K(157248K), 0.0000171 secs]2018-03-17T00:09:50.404+0500: 816.328: [Tenured: 285986K->715K(349568K), 0.1361816 secs] 432050K->715K(506816K), [Metaspace: 5350K->5350K(1056768K)], 0.1362906 secs] [Times: user=0.14 sys=0.00, real=0.14 secs] 
2018-03-17T00:09:50.566+0500: 816.490: [GC (Allocation Failure) 2018-03-17T00:09:50.566+0500: 816.490: [DefNew: 139776K->17472K(157248K), 0.2217692 secs] 140491K->140490K(506816K), 0.2218312 secs] [Times: user=0.23 sys=0.00, real=0.22 secs] 
2018-03-17T00:09:50.815+0500: 816.739: [GC (Allocation Failure) 2018-03-17T00:09:50.815+0500: 816.739: [DefNew: 157248K->17472K(157248K), 0.2568766 secs] 280266K->280229K(506816K), 0.2569420 secs] [Times: user=0.26 sys=0.00, real=0.26 secs] 
2018-03-17T00:09:51.100+0500: 817.024: [GC (Allocation Failure) 2018-03-17T00:09:51.100+0500: 817.024: [DefNew: 157248K->157248K(157248K), 0.0000163 secs]2018-03-17T00:09:51.100+0500: 817.024: [Tenured: 262757K->205160K(349568K), 0.4707029 secs] 420005K->205160K(506816K), [Metaspace: 5350K->5350K(1056768K)], 0.4707923 secs] [Times: user=0.47 sys=0.00, real=0.47 secs] 
2018-03-17T00:09:51.596+0500: 817.520: [GC (Allocation Failure) 2018-03-17T00:09:51.596+0500: 817.520: [DefNew: 139776K->17472K(157248K), 0.2228016 secs] 344936K->344935K(506816K), 0.2228717 secs] [Times: user=0.23 sys=0.00, real=0.22 secs] 
2018-03-17T00:09:51.845+0500: 817.769: [GC (Allocation Failure) 2018-03-17T00:09:51.845+0500: 817.769: [DefNew: 157248K->157248K(157248K), 0.0000175 secs]2018-03-17T00:09:51.845+0500: 817.769: [Tenured: 327463K->55022K(349568K), 0.2202964 secs] 484711K->55022K(506816K), [Metaspace: 5350K->5350K(1056768K)], 0.2204174 secs] [Times: user=0.22 sys=0.00, real=0.22 secs] 
2018-03-17T00:09:52.095+0500: 818.018: [GC (Allocation Failure) 2018-03-17T00:09:52.095+0500: 818.018: [DefNew: 139776K->17472K(157248K), 0.2542589 secs] 194798K->194797K(506816K), 0.2543226 secs] [Times: user=0.25 sys=0.00, real=0.25 secs] 
2018-03-17T00:09:52.374+0500: 818.298: [GC (Allocation Failure) 2018-03-17T00:09:52.374+0500: 818.298: [DefNew: 157248K->17471K(157248K), 0.2526710 secs] 334573K->334572K(506816K), 0.2527352 secs] [Times: user=0.25 sys=0.00, real=0.25 secs] 
2018-03-17T00:09:52.653+0500: 818.577: [GC (Allocation Failure) 2018-03-17T00:09:52.653+0500: 818.577: [DefNew: 157247K->157247K(157248K), 0.0000257 secs]2018-03-17T00:09:52.653+0500: 818.577: [Tenured: 317100K->44659K(349568K), 0.1988709 secs] 474348K->44659K(506816K), [Metaspace: 5350K->5350K(1056768K)], 0.1989830 secs] [Times: user=0.16 sys=0.00, real=0.20 secs] 
2018-03-17T00:09:52.880+0500: 818.804: [GC (Allocation Failure) 2018-03-17T00:09:52.880+0500: 818.804: [DefNew: 139776K->17471K(157248K), 0.2554418 secs] 184435K->184434K(506816K), 0.2555123 secs] [Times: user=0.27 sys=0.00, real=0.26 secs] 
2018-03-17T00:09:53.161+0500: 819.086: [GC (Allocation Failure) 2018-03-17T00:09:53.161+0500: 819.086: [DefNew: 157247K->17472K(157248K), 0.2507367 secs] 324210K->324208K(506816K), 0.2507996 secs] [Times: user=0.27 sys=0.00, real=0.25 secs] 
2018-03-17T00:09:53.439+0500: 819.362: [GC (Allocation Failure) 2018-03-17T00:09:53.439+0500: 819.362: [DefNew: 157248K->157248K(157248K), 0.0000231 secs]2018-03-17T00:09:53.439+0500: 819.362: [Tenured: 306736K->34272K(349568K), 0.1775896 secs] 463984K->34272K(506816K), [Metaspace: 5350K->5350K(1056768K)], 0.1776918 secs] [Times: user=0.19 sys=0.00, real=0.18 secs] 
2018-03-17T00:09:53.645+0500: 819.569: [GC (Allocation Failure) 2018-03-17T00:09:53.645+0500: 819.569: [DefNew: 139776K->17472K(157248K), 0.2554375 secs] 174048K->174046K(506816K), 0.2555132 secs] [Times: user=0.27 sys=0.00, real=0.26 secs] 
2018-03-17T00:09:53.926+0500: 819.850: [GC (Allocation Failure) 2018-03-17T00:09:53.926+0500: 819.850: [DefNew: 157248K->17472K(157248K), 0.2516938 secs] 313822K->313821K(506816K), 0.2517546 secs] [Times: user=0.27 sys=0.00, real=0.25 secs] 
2018-03-17T00:09:54.203+0500: 820.127: [GC (Allocation Failure) 2018-03-17T00:09:54.203+0500: 820.127: [DefNew: 157248K->157248K(157248K), 0.0000171 secs]2018-03-17T00:09:54.203+0500: 820.127: [Tenured: 296349K->23908K(349568K), 0.1546716 secs] 453597K->23908K(506816K), [Metaspace: 5350K->5350K(1056768K)], 0.1547597 secs] [Times: user=0.16 sys=0.00, real=0.15 secs] 
2018-03-17T00:09:54.386+0500: 820.310: [GC (Allocation Failure) 2018-03-17T00:09:54.386+0500: 820.310: [DefNew: 139776K->17472K(157248K), 0.2572756 secs] 163684K->163683K(506816K), 0.2573367 secs] [Times: user=0.25 sys=0.00, real=0.26 secs] 
2018-03-17T00:09:54.670+0500: 820.593: [GC (Allocation Failure) 2018-03-17T00:09:54.670+0500: 820.593: [DefNew: 157248K->17472K(157248K), 0.2550787 secs] 303459K->303458K(506816K), 0.2551399 secs] [Times: user=0.25 sys=0.00, real=0.25 secs] 
2018-03-17T00:09:54.951+0500: 820.874: [GC (Allocation Failure) 2018-03-17T00:09:54.951+0500: 820.874: [DefNew: 146063K->146063K(157248K), 0.0000231 secs]2018-03-17T00:09:54.951+0500: 820.874: [Tenured: 285986K->715K(349568K), 0.1356804 secs] 432050K->715K(506816K), [Metaspace: 5350K->5350K(1056768K)], 0.1357950 secs] [Times: user=0.14 sys=0.00, real=0.13 secs] 
2018-03-17T00:09:55.112+0500: 821.036: [GC (Allocation Failure) 2018-03-17T00:09:55.112+0500: 821.036: [DefNew: 139776K->17472K(157248K), 0.2250608 secs] 140491K->140490K(506816K), 0.2251237 secs] [Times: user=0.23 sys=0.00, real=0.22 secs] 
2018-03-17T00:09:55.363+0500: 821.287: [GC (Allocation Failure) 2018-03-17T00:09:55.363+0500: 821.287: [DefNew: 157248K->17472K(157248K), 0.2568830 secs] 280266K->280229K(506816K), 0.2569745 secs] [Times: user=0.26 sys=0.00, real=0.26 secs] 
2018-03-17T00:09:55.648+0500: 821.572: [GC (Allocation Failure) 2018-03-17T00:09:55.648+0500: 821.572: [DefNew: 157248K->157248K(157248K), 0.0000175 secs]2018-03-17T00:09:55.648+0500: 821.572: [Tenured: 262757K->205160K(349568K), 0.4702077 secs] 420005K->205160K(506816K), [Metaspace: 5350K->5350K(1056768K)], 0.4703078 secs] [Times: user=0.47 sys=0.00, real=0.47 secs] 
2018-03-17T00:09:56.144+0500: 822.067: [GC (Allocation Failure) 2018-03-17T00:09:56.144+0500: 822.067: [DefNew: 139776K->17472K(157248K), 0.2224834 secs] 344936K->344935K(506816K), 0.2225450 secs] [Times: user=0.23 sys=0.00, real=0.22 secs] 
2018-03-17T00:09:56.393+0500: 822.316: [GC (Allocation Failure) 2018-03-17T00:09:56.393+0500: 822.316: [DefNew: 157248K->157248K(157248K), 0.0000167 secs]2018-03-17T00:09:56.393+0500: 822.316: [Tenured: 327463K->55022K(349568K), 0.2221883 secs] 484711K->55022K(506816K), [Metaspace: 5350K->5350K(1056768K)], 0.2222973 secs] [Times: user=0.22 sys=0.00, real=0.22 secs] 
2018-03-17T00:09:56.644+0500: 822.568: [GC (Allocation Failure) 2018-03-17T00:09:56.644+0500: 822.568: [DefNew: 139776K->17472K(157248K), 0.2569912 secs] 194798K->194797K(506816K), 0.2570682 secs] [Times: user=0.27 sys=0.00, real=0.26 secs] 
2018-03-17T00:09:56.926+0500: 822.850: [GC (Allocation Failure) 2018-03-17T00:09:56.926+0500: 822.850: [DefNew: 157248K->17471K(157248K), 0.2527369 secs] 334573K->334572K(506816K), 0.2527997 secs] [Times: user=0.27 sys=0.00, real=0.25 secs] 
2018-03-17T00:09:57.204+0500: 823.128: [GC (Allocation Failure) 2018-03-17T00:09:57.204+0500: 823.128: [DefNew: 157247K->157247K(157248K), 0.0000158 secs]2018-03-17T00:09:57.204+0500: 823.128: [Tenured: 317100K->44659K(349568K), 0.1992528 secs] 474348K->44659K(506816K), [Metaspace: 5350K->5350K(1056768K)], 0.1993563 secs] [Times: user=0.20 sys=0.00, real=0.20 secs] 
2018-03-17T00:09:57.433+0500: 823.357: [GC (Allocation Failure) 2018-03-17T00:09:57.433+0500: 823.357: [DefNew: 139776K->17471K(157248K), 0.2558703 secs] 184435K->184434K(506816K), 0.2559344 secs] [Times: user=0.25 sys=0.00, real=0.26 secs] 
2018-03-17T00:09:57.715+0500: 823.639: [GC (Allocation Failure) 2018-03-17T00:09:57.715+0500: 823.639: [DefNew: 157247K->17472K(157248K), 0.2520377 secs] 324210K->324208K(506816K), 0.2520975 secs] [Times: user=0.25 sys=0.00, real=0.25 secs] 
2018-03-17T00:09:57.993+0500: 823.917: [GC (Allocation Failure) 2018-03-17T00:09:57.993+0500: 823.917: [DefNew: 157248K->157248K(157248K), 0.0000167 secs]2018-03-17T00:09:57.993+0500: 823.917: [Tenured: 306736K->34272K(349568K), 0.1781485 secs] 463984K->34272K(506816K), [Metaspace: 5350K->5350K(1056768K)], 0.1782375 secs] [Times: user=0.17 sys=0.00, real=0.18 secs] 
2018-03-17T00:09:58.200+0500: 824.124: [GC (Allocation Failure) 2018-03-17T00:09:58.200+0500: 824.124: [DefNew: 139776K->17472K(157248K), 0.2557860 secs] 174048K->174046K(506816K), 0.2558562 secs] [Times: user=0.25 sys=0.00, real=0.25 secs] 
2018-03-17T00:09:58.481+0500: 824.405: [GC (Allocation Failure) 2018-03-17T00:09:58.481+0500: 824.405: [DefNew: 157248K->17472K(157248K), 0.2561893 secs] 313822K->313821K(506816K), 0.2562526 secs] [Times: user=0.25 sys=0.00, real=0.26 secs] 
2018-03-17T00:09:58.763+0500: 824.687: [GC (Allocation Failure) 2018-03-17T00:09:58.763+0500: 824.687: [DefNew: 157248K->157248K(157248K), 0.0000171 secs]2018-03-17T00:09:58.763+0500: 824.687: [Tenured: 296349K->23908K(349568K), 0.1559563 secs] 453597K->23908K(506816K), [Metaspace: 5350K->5350K(1056768K)], 0.1560474 secs] [Times: user=0.16 sys=0.00, real=0.16 secs] 
2018-03-17T00:09:58.948+0500: 824.872: [GC (Allocation Failure) 2018-03-17T00:09:58.948+0500: 824.872: [DefNew: 139776K->17472K(157248K), 0.2560144 secs] 163684K->163683K(506816K), 0.2560743 secs] [Times: user=0.25 sys=0.00, real=0.26 secs] 
2018-03-17T00:09:59.230+0500: 825.153: [GC (Allocation Failure) 2018-03-17T00:09:59.230+0500: 825.153: [DefNew: 157248K->17472K(157248K), 0.2522570 secs] 303459K->303458K(506816K), 0.2523161 secs] [Times: user=0.25 sys=0.00, real=0.25 secs] 
2018-03-17T00:09:59.508+0500: 825.432: [GC (Allocation Failure) 2018-03-17T00:09:59.508+0500: 825.432: [DefNew: 146063K->146063K(157248K), 0.0000163 secs]2018-03-17T00:09:59.508+0500: 825.432: [Tenured: 285986K->715K(349568K), 0.1373889 secs] 432050K->715K(506816K), [Metaspace: 5350K->5350K(1056768K)], 0.1374748 secs] [Times: user=0.13 sys=0.00, real=0.14 secs] 
2018-03-17T00:09:59.671+0500: 825.595: [GC (Allocation Failure) 2018-03-17T00:09:59.671+0500: 825.595: [DefNew: 139776K->17472K(157248K), 0.2227592 secs] 140491K->140490K(506816K), 0.2228195 secs] [Times: user=0.22 sys=0.00, real=0.22 secs] 
2018-03-17T00:09:59.922+0500: 825.846: [GC (Allocation Failure) 2018-03-17T00:09:59.922+0500: 825.846: [DefNew: 157248K->17472K(157248K), 0.2673575 secs] 280266K->280229K(506816K), 0.2674208 secs] [Times: user=0.27 sys=0.00, real=0.27 secs] 
2018-03-17T00:10:00.217+0500: 826.142: [GC (Allocation Failure) 2018-03-17T00:10:00.217+0500: 826.142: [DefNew: 157248K->157248K(157248K), 0.0000175 secs]2018-03-17T00:10:00.217+0500: 826.142: [Tenured: 262757K->205160K(349568K), 0.4697480 secs] 420005K->205160K(506816K), [Metaspace: 5350K->5350K(1056768K)], 0.4698387 secs] [Times: user=0.47 sys=0.00, real=0.47 secs] 
2018-03-17T00:10:00.713+0500: 826.637: [GC (Allocation Failure) 2018-03-17T00:10:00.713+0500: 826.637: [DefNew: 139776K->17472K(157248K), 0.2238771 secs] 344936K->344935K(506816K), 0.2239383 secs] [Times: user=0.22 sys=0.00, real=0.22 secs] 
2018-03-17T00:10:00.965+0500: 826.889: [GC (Allocation Failure) 2018-03-17T00:10:00.965+0500: 826.889: [DefNew: 157248K->157248K(157248K), 0.0000265 secs]2018-03-17T00:10:00.965+0500: 826.889: [Tenured: 327463K->55022K(349568K), 0.2199534 secs] 484711K->55022K(506816K), [Metaspace: 5350K->5350K(1056768K)], 0.2200847 secs] [Times: user=0.22 sys=0.00, real=0.22 secs] 
2018-03-17T00:10:01.214+0500: 827.138: [GC (Allocation Failure) 2018-03-17T00:10:01.214+0500: 827.138: [DefNew: 139776K->17472K(157248K), 0.2553391 secs] 194798K->194797K(506816K), 0.2554131 secs] [Times: user=0.25 sys=0.00, real=0.26 secs] 
2018-03-17T00:10:01.494+0500: 827.419: [GC (Allocation Failure) 2018-03-17T00:10:01.494+0500: 827.419: [DefNew: 157248K->17471K(157248K), 0.2501483 secs] 334573K->334572K(506816K), 0.2502107 secs] [Times: user=0.25 sys=0.00, real=0.25 secs] 
2018-03-17T00:10:01.771+0500: 827.694: [GC (Allocation Failure) 2018-03-17T00:10:01.771+0500: 827.694: [DefNew: 157247K->157247K(157248K), 0.0000163 secs]2018-03-17T00:10:01.771+0500: 827.694: [Tenured: 317100K->44659K(349568K), 0.1996642 secs] 474348K->44659K(506816K), [Metaspace: 5350K->5350K(1056768K)], 0.1997686 secs] [Times: user=0.20 sys=0.00, real=0.20 secs] 
2018-03-17T00:10:02.000+0500: 827.924: [GC (Allocation Failure) 2018-03-17T00:10:02.000+0500: 827.924: [DefNew: 139776K->17471K(157248K), 0.2559319 secs] 184435K->184434K(506816K), 0.2559952 secs] [Times: user=0.27 sys=0.00, real=0.26 secs] 
2018-03-17T00:10:02.282+0500: 828.205: [GC (Allocation Failure) 2018-03-17T00:10:02.282+0500: 828.205: [DefNew: 157247K->17472K(157248K), 0.2525641 secs] 324210K->324208K(506816K), 0.2526274 secs] [Times: user=0.25 sys=0.00, real=0.25 secs] 
2018-03-17T00:10:02.560+0500: 828.484: [GC (Allocation Failure) 2018-03-17T00:10:02.560+0500: 828.484: [DefNew: 157248K->157248K(157248K), 0.0000163 secs]2018-03-17T00:10:02.560+0500: 828.484: [Tenured: 306736K->34272K(349568K), 0.1770439 secs] 463984K->34272K(506816K), [Metaspace: 5350K->5350K(1056768K)], 0.1771358 secs] [Times: user=0.17 sys=0.00, real=0.18 secs] 
2018-03-17T00:10:02.766+0500: 828.690: [GC (Allocation Failure) 2018-03-17T00:10:02.766+0500: 828.690: [DefNew: 139776K->17472K(157248K), 0.2553267 secs] 174048K->174046K(506816K), 0.2553892 secs] [Times: user=0.27 sys=0.00, real=0.25 secs] 
2018-03-17T00:10:03.046+0500: 828.971: [GC (Allocation Failure) 2018-03-17T00:10:03.046+0500: 828.971: [DefNew: 157248K->17472K(157248K), 0.2518935 secs] 313822K->313821K(506816K), 0.2519697 secs] [Times: user=0.23 sys=0.00, real=0.25 secs] 
2018-03-17T00:10:03.325+0500: 829.249: [GC (Allocation Failure) 2018-03-17T00:10:03.325+0500: 829.249: [DefNew: 157248K->157248K(157248K), 0.0000163 secs]2018-03-17T00:10:03.325+0500: 829.249: [Tenured: 296349K->23908K(349568K), 0.1551775 secs] 453597K->23908K(506816K), [Metaspace: 5350K->5350K(1056768K)], 0.1552635 secs] [Times: user=0.16 sys=0.00, real=0.15 secs] 
2018-03-17T00:10:03.508+0500: 829.432: [GC (Allocation Failure) 2018-03-17T00:10:03.508+0500: 829.432: [DefNew: 139776K->17472K(157248K), 0.2576814 secs] 163684K->163683K(506816K), 0.2577456 secs] [Times: user=0.25 sys=0.00, real=0.26 secs] 
2018-03-17T00:10:03.791+0500: 829.715: [GC (Allocation Failure) 2018-03-17T00:10:03.791+0500: 829.715: [DefNew: 157248K->17472K(157248K), 0.2545771 secs] 303459K->303458K(506816K), 0.2546382 secs] [Times: user=0.25 sys=0.00, real=0.26 secs] 
2018-03-17T00:10:04.072+0500: 829.996: [GC (Allocation Failure) 2018-03-17T00:10:04.072+0500: 829.996: [DefNew: 146063K->146063K(157248K), 0.0000167 secs]2018-03-17T00:10:04.072+0500: 829.996: [Tenured: 285986K->715K(349568K), 0.1377973 secs] 432050K->715K(506816K), [Metaspace: 5350K->5350K(1056768K)], 0.1378854 secs] [Times: user=0.14 sys=0.00, real=0.14 secs] 
2018-03-17T00:10:04.235+0500: 830.159: [GC (Allocation Failure) 2018-03-17T00:10:04.235+0500: 830.159: [DefNew: 139776K->17472K(157248K), 0.2221472 secs] 140491K->140490K(506816K), 0.2222071 secs] [Times: user=0.22 sys=0.00, real=0.22 secs] 
2018-03-17T00:10:04.482+0500: 830.407: [GC (Allocation Failure) 2018-03-17T00:10:04.483+0500: 830.407: [DefNew: 157248K->17472K(157248K), 0.2562163 secs] 280266K->280229K(506816K), 0.2563326 secs] [Times: user=0.25 sys=0.00, real=0.26 secs] 
2018-03-17T00:10:04.767+0500: 830.691: [GC (Allocation Failure) 2018-03-17T00:10:04.767+0500: 830.691: [DefNew: 157248K->157248K(157248K), 0.0000188 secs]2018-03-17T00:10:04.768+0500: 830.691: [Tenured: 262757K->205160K(349568K), 0.4761979 secs] 420005K->205160K(506816K), [Metaspace: 5350K->5350K(1056768K)], 0.4763210 secs] [Times: user=0.48 sys=0.00, real=0.48 secs] 
2018-03-17T00:10:05.269+0500: 831.193: [GC (Allocation Failure) 2018-03-17T00:10:05.269+0500: 831.193: [DefNew: 139776K->17472K(157248K), 0.2235187 secs] 344936K->344935K(506816K), 0.2235795 secs] [Times: user=0.23 sys=0.00, real=0.22 secs] 
2018-03-17T00:10:05.518+0500: 831.442: [GC (Allocation Failure) 2018-03-17T00:10:05.518+0500: 831.442: [DefNew: 157248K->157248K(157248K), 0.0000175 secs]2018-03-17T00:10:05.518+0500: 831.442: [Tenured: 327463K->55022K(349568K), 0.2227725 secs] 484711K->55022K(506816K), [Metaspace: 5350K->5350K(1056768K)], 0.2228687 secs] [Times: user=0.23 sys=0.00, real=0.22 secs] 
2018-03-17T00:10:05.769+0500: 831.693: [GC (Allocation Failure) 2018-03-17T00:10:05.769+0500: 831.693: [DefNew: 139776K->17472K(157248K), 0.2549786 secs] 194798K->194797K(506816K), 0.2550394 secs] [Times: user=0.26 sys=0.00, real=0.26 secs] 
2018-03-17T00:10:06.050+0500: 831.974: [GC (Allocation Failure) 2018-03-17T00:10:06.050+0500: 831.974: [DefNew: 157248K->17471K(157248K), 0.2499918 secs] 334573K->334572K(506816K), 0.2500521 secs] [Times: user=0.25 sys=0.00, real=0.25 secs] 
2018-03-17T00:10:06.326+0500: 832.250: [GC (Allocation Failure) 2018-03-17T00:10:06.326+0500: 832.250: [DefNew: 157247K->157247K(157248K), 0.0000180 secs]2018-03-17T00:10:06.326+0500: 832.250: [Tenured: 317100K->44659K(349568K), 0.1992964 secs] 474348K->44659K(506816K), [Metaspace: 5350K->5350K(1056768K)], 0.1994068 secs] [Times: user=0.20 sys=0.00, real=0.20 secs] 
2018-03-17T00:10:06.554+0500: 832.478: [GC (Allocation Failure) 2018-03-17T00:10:06.554+0500: 832.478: [DefNew: 139776K->17471K(157248K), 0.2553520 secs] 184435K->184434K(506816K), 0.2554281 secs] [Times: user=0.25 sys=0.00, real=0.26 secs] 
2018-03-17T00:10:06.835+0500: 832.759: [GC (Allocation Failure) 2018-03-17T00:10:06.835+0500: 832.759: [DefNew: 157247K->17472K(157248K), 0.2512508 secs] 324210K->324208K(506816K), 0.2513136 secs] [Times: user=0.25 sys=0.00, real=0.25 secs] 
2018-03-17T00:10:07.112+0500: 833.036: [GC (Allocation Failure) 2018-03-17T00:10:07.112+0500: 833.036: [DefNew: 157248K->157248K(157248K), 0.0000167 secs]2018-03-17T00:10:07.112+0500: 833.036: [Tenured: 306736K->34272K(349568K), 0.1805430 secs] 463984K->34272K(506816K), [Metaspace: 5350K->5350K(1056768K)], 0.1806345 secs] [Times: user=0.19 sys=0.00, real=0.18 secs] 
2018-03-17T00:10:07.323+0500: 833.247: [GC (Allocation Failure) 2018-03-17T00:10:07.323+0500: 833.247: [DefNew: 139776K->17472K(157248K), 0.2558083 secs] 174048K->174046K(506816K), 0.2558793 secs] [Times: user=0.25 sys=0.00, real=0.26 secs] 
2018-03-17T00:10:07.605+0500: 833.529: [GC (Allocation Failure) 2018-03-17T00:10:07.605+0500: 833.529: [DefNew: 157248K->17472K(157248K), 0.2537590 secs] 313822K->313821K(506816K), 0.2538214 secs] [Times: user=0.25 sys=0.00, real=0.25 secs] 
2018-03-17T00:10:07.884+0500: 833.808: [GC (Allocation Failure) 2018-03-17T00:10:07.884+0500: 833.808: [DefNew: 157248K->157248K(157248K), 0.0000171 secs]2018-03-17T00:10:07.884+0500: 833.808: [Tenured: 296349K->23908K(349568K), 0.1549800 secs] 453597K->23908K(506816K), [Metaspace: 5350K->5350K(1056768K)], 0.1550702 secs] [Times: user=0.16 sys=0.00, real=0.15 secs] 
2018-03-17T00:10:08.067+0500: 833.991: [GC (Allocation Failure) 2018-03-17T00:10:08.068+0500: 833.991: [DefNew: 139776K->17472K(157248K), 0.2554358 secs] 163684K->163683K(506816K), 0.2555342 secs] [Times: user=0.27 sys=0.00, real=0.26 secs] 
2018-03-17T00:10:08.349+0500: 834.273: [GC (Allocation Failure) 2018-03-17T00:10:08.349+0500: 834.273: [DefNew: 157248K->17472K(157248K), 0.2541229 secs] 303459K->303458K(506816K), 0.2541862 secs] [Times: user=0.27 sys=0.00, real=0.25 secs] 
2018-03-17T00:10:08.629+0500: 834.553: [GC (Allocation Failure) 2018-03-17T00:10:08.629+0500: 834.553: [DefNew: 146063K->146063K(157248K), 0.0000231 secs]2018-03-17T00:10:08.629+0500: 834.553: [Tenured: 285986K->715K(349568K), 0.1366482 secs] 432050K->715K(506816K), [Metaspace: 5350K->5350K(1056768K)], 0.1367645 secs] [Times: user=0.14 sys=0.00, real=0.14 secs] 
2018-03-17T00:10:08.792+0500: 834.716: [GC (Allocation Failure) 2018-03-17T00:10:08.792+0500: 834.716: [DefNew: 139776K->17472K(157248K), 0.2216905 secs] 140491K->140490K(506816K), 0.2217508 secs] [Times: user=0.22 sys=0.00, real=0.22 secs] 
2018-03-17T00:10:09.039+0500: 834.963: [GC (Allocation Failure) 2018-03-17T00:10:09.039+0500: 834.963: [DefNew: 157248K->17472K(157248K), 0.2554208 secs] 280266K->280229K(506816K), 0.2554811 secs] [Times: user=0.25 sys=0.00, real=0.25 secs] 
2018-03-17T00:10:09.323+0500: 835.246: [GC (Allocation Failure) 2018-03-17T00:10:09.323+0500: 835.247: [DefNew: 157248K->157248K(157248K), 0.0000180 secs]2018-03-17T00:10:09.323+0500: 835.247: [Tenured: 262757K->205160K(349568K), 0.4708727 secs] 420005K->205160K(506816K), [Metaspace: 5350K->5350K(1056768K)], 0.4709796 secs] [Times: user=0.47 sys=0.00, real=0.47 secs] 
2018-03-17T00:10:09.819+0500: 835.744: [GC (Allocation Failure) 2018-03-17T00:10:09.819+0500: 835.744: [DefNew: 139776K->17472K(157248K), 0.2257284 secs] 344936K->344935K(506816K), 0.2257891 secs] [Times: user=0.22 sys=0.00, real=0.23 secs] 
2018-03-17T00:10:10.071+0500: 835.996: [GC (Allocation Failure) 2018-03-17T00:10:10.072+0500: 835.996: [DefNew: 157248K->157248K(157248K), 0.0000167 secs]2018-03-17T00:10:10.072+0500: 835.996: [Tenured: 327463K->55022K(349568K), 0.2208562 secs] 484711K->55022K(506816K), [Metaspace: 5350K->5350K(1056768K)], 0.2209720 secs] [Times: user=0.22 sys=0.00, real=0.22 secs] 
2018-03-17T00:10:10.323+0500: 836.246: [GC (Allocation Failure) 2018-03-17T00:10:10.323+0500: 836.246: [DefNew: 139776K->17472K(157248K), 0.2545091 secs] 194798K->194797K(506816K), 0.2545698 secs] [Times: user=0.25 sys=0.00, real=0.25 secs] 
2018-03-17T00:10:10.603+0500: 836.527: [GC (Allocation Failure) 2018-03-17T00:10:10.603+0500: 836.527: [DefNew: 157248K->17471K(157248K), 0.2530585 secs] 334573K->334572K(506816K), 0.2531235 secs] [Times: user=0.25 sys=0.00, real=0.25 secs] 
2018-03-17T00:10:10.881+0500: 836.805: [GC (Allocation Failure) 2018-03-17T00:10:10.881+0500: 836.805: [DefNew: 157247K->157247K(157248K), 0.0000163 secs]2018-03-17T00:10:10.881+0500: 836.805: [Tenured: 317100K->44659K(349568K), 0.1994038 secs] 474348K->44659K(506816K), [Metaspace: 5350K->5350K(1056768K)], 0.1995124 secs] [Times: user=0.19 sys=0.00, real=0.20 secs] 
2018-03-17T00:10:11.110+0500: 837.034: [GC (Allocation Failure) 2018-03-17T00:10:11.110+0500: 837.034: [DefNew: 139776K->17471K(157248K), 0.2575056 secs] 184435K->184434K(506816K), 0.2575865 secs] [Times: user=0.26 sys=0.00, real=0.26 secs] 
2018-03-17T00:10:11.393+0500: 837.317: [GC (Allocation Failure) 2018-03-17T00:10:11.393+0500: 837.317: [DefNew: 157247K->17472K(157248K), 0.2514317 secs] 324210K->324208K(506816K), 0.2514903 secs] [Times: user=0.25 sys=0.00, real=0.25 secs] 
2018-03-17T00:10:11.671+0500: 837.594: [GC (Allocation Failure) 2018-03-17T00:10:11.671+0500: 837.595: [DefNew: 157248K->157248K(157248K), 0.0000158 secs]2018-03-17T00:10:11.671+0500: 837.595: [Tenured: 306736K->34272K(349568K), 0.1782678 secs] 463984K->34272K(506816K), [Metaspace: 5350K->5350K(1056768K)], 0.1783555 secs] [Times: user=0.17 sys=0.00, real=0.18 secs] 
2018-03-17T00:10:11.878+0500: 837.802: [GC (Allocation Failure) 2018-03-17T00:10:11.878+0500: 837.802: [DefNew: 139776K->17472K(157248K), 0.2543573 secs] 174048K->174046K(506816K), 0.2544218 secs] [Times: user=0.27 sys=0.00, real=0.25 secs] 
2018-03-17T00:10:12.158+0500: 838.082: [GC (Allocation Failure) 2018-03-17T00:10:12.158+0500: 838.082: [DefNew: 157248K->17472K(157248K), 0.2513688 secs] 313822K->313821K(506816K), 0.2514334 secs] [Times: user=0.25 sys=0.00, real=0.25 secs] 
2018-03-17T00:10:12.435+0500: 838.359: [GC (Allocation Failure) 2018-03-17T00:10:12.435+0500: 838.359: [DefNew: 157248K->157248K(157248K), 0.0000158 secs]2018-03-17T00:10:12.435+0500: 838.359: [Tenured: 296349K->23908K(349568K), 0.1546951 secs] 453597K->23908K(506816K), [Metaspace: 5350K->5350K(1056768K)], 0.1547837 secs] [Times: user=0.16 sys=0.00, real=0.15 secs] 
2018-03-17T00:10:12.618+0500: 838.542: [GC (Allocation Failure) 2018-03-17T00:10:12.618+0500: 838.542: [DefNew: 139776K->17472K(157248K), 0.2596845 secs] 163684K->163683K(506816K), 0.2597568 secs] [Times: user=0.25 sys=0.00, real=0.26 secs] 
2018-03-17T00:10:12.903+0500: 838.827: [GC (Allocation Failure) 2018-03-17T00:10:12.903+0500: 838.827: [DefNew: 157248K->17472K(157248K), 0.2578405 secs] 303459K->303458K(506816K), 0.2579004 secs] [Times: user=0.25 sys=0.00, real=0.26 secs] 
2018-03-17T00:10:13.187+0500: 839.110: [GC (Allocation Failure) 2018-03-17T00:10:13.187+0500: 839.110: [DefNew: 146063K->146063K(157248K), 0.0000235 secs]2018-03-17T00:10:13.187+0500: 839.110: [Tenured: 285986K->715K(349568K), 0.1366965 secs] 432050K->715K(506816K), [Metaspace: 5350K->5350K(1056768K)], 0.1368449 secs] [Times: user=0.14 sys=0.00, real=0.14 secs] 
2018-03-17T00:10:13.350+0500: 839.273: [GC (Allocation Failure) 2018-03-17T00:10:13.350+0500: 839.273: [DefNew: 139776K->17472K(157248K), 0.2223799 secs] 140491K->140490K(506816K), 0.2224496 secs] [Times: user=0.22 sys=0.00, real=0.22 secs] 
2018-03-17T00:10:13.597+0500: 839.521: [GC (Allocation Failure) 2018-03-17T00:10:13.597+0500: 839.521: [DefNew: 157248K->17472K(157248K), 0.2556235 secs] 280266K->280229K(506816K), 0.2556860 secs] [Times: user=0.27 sys=0.00, real=0.26 secs] 
2018-03-17T00:10:13.881+0500: 839.805: [GC (Allocation Failure) 2018-03-17T00:10:13.881+0500: 839.805: [DefNew: 157248K->157248K(157248K), 0.0000992 secs]2018-03-17T00:10:13.881+0500: 839.805: [Tenured: 262757K->205160K(349568K), 0.4710040 secs] 420005K->205160K(506816K), [Metaspace: 5350K->5350K(1056768K)], 0.4712200 secs] [Times: user=0.47 sys=0.00, real=0.47 secs] 
2018-03-17T00:10:14.377+0500: 840.301: [GC (Allocation Failure) 2018-03-17T00:10:14.377+0500: 840.301: [DefNew: 139776K->17472K(157248K), 0.2244998 secs] 344936K->344935K(506816K), 0.2245618 secs] [Times: user=0.23 sys=0.00, real=0.22 secs] 
2018-03-17T00:10:14.628+0500: 840.552: [GC (Allocation Failure) 2018-03-17T00:10:14.628+0500: 840.552: [DefNew: 157248K->157248K(157248K), 0.0000163 secs]2018-03-17T00:10:14.628+0500: 840.552: [Tenured: 327463K->55022K(349568K), 0.2220544 secs] 484711K->55022K(506816K), [Metaspace: 5350K->5350K(1056768K)], 0.2221430 secs] [Times: user=0.23 sys=0.00, real=0.22 secs] 
2018-03-17T00:10:14.879+0500: 840.803: [GC (Allocation Failure) 2018-03-17T00:10:14.879+0500: 840.803: [DefNew: 139776K->17472K(157248K), 0.2579461 secs] 194798K->194797K(506816K), 0.2580094 secs] [Times: user=0.26 sys=0.00, real=0.26 secs] 
2018-03-17T00:10:15.165+0500: 841.089: [GC (Allocation Failure) 2018-03-17T00:10:15.166+0500: 841.089: [DefNew: 157248K->17471K(157248K), 0.2491330 secs] 334573K->334572K(506816K), 0.2492494 secs] [Times: user=0.25 sys=0.00, real=0.25 secs] 
2018-03-17T00:10:15.440+0500: 841.364: [GC (Allocation Failure) 2018-03-17T00:10:15.440+0500: 841.364: [DefNew: 157247K->157247K(157248K), 0.0000175 secs]2018-03-17T00:10:15.440+0500: 841.364: [Tenured: 317100K->44659K(349568K), 0.2011867 secs] 474348K->44659K(506816K), [Metaspace: 5350K->5350K(1056768K)], 0.2012812 secs] [Times: user=0.20 sys=0.00, real=0.20 secs] 
2018-03-17T00:10:15.670+0500: 841.594: [GC (Allocation Failure) 2018-03-17T00:10:15.670+0500: 841.594: [DefNew: 139776K->17471K(157248K), 0.2554247 secs] 184435K->184434K(506816K), 0.2554880 secs] [Times: user=0.25 sys=0.00, real=0.26 secs] 
2018-03-17T00:10:15.952+0500: 841.875: [GC (Allocation Failure) 2018-03-17T00:10:15.952+0500: 841.875: [DefNew: 157247K->17472K(157248K), 0.2517246 secs] 324210K->324208K(506816K), 0.2517862 secs] [Times: user=0.25 sys=0.00, real=0.25 secs] 
2018-03-17T00:10:16.229+0500: 842.152: [GC (Allocation Failure) 2018-03-17T00:10:16.229+0500: 842.152: [DefNew: 157248K->157248K(157248K), 0.0000163 secs]2018-03-17T00:10:16.229+0500: 842.152: [Tenured: 306736K->34272K(349568K), 0.1778517 secs] 463984K->34272K(506816K), [Metaspace: 5350K->5350K(1056768K)], 0.1779480 secs] [Times: user=0.17 sys=0.00, real=0.18 secs] 
2018-03-17T00:10:16.435+0500: 842.359: [GC (Allocation Failure) 2018-03-17T00:10:16.435+0500: 842.359: [DefNew: 139776K->17472K(157248K), 0.2565169 secs] 174048K->174046K(506816K), 0.2565892 secs] [Times: user=0.25 sys=0.00, real=0.26 secs] 
2018-03-17T00:10:16.717+0500: 842.641: [GC (Allocation Failure) 2018-03-17T00:10:16.717+0500: 842.641: [DefNew: 157248K->17472K(157248K), 0.2525718 secs] 313822K->313821K(506816K), 0.2526317 secs] [Times: user=0.25 sys=0.00, real=0.25 secs] 
2018-03-17T00:10:16.995+0500: 842.919: [GC (Allocation Failure) 2018-03-17T00:10:16.995+0500: 842.919: [DefNew: 157248K->157248K(157248K), 0.0000154 secs]2018-03-17T00:10:16.995+0500: 842.919: [Tenured: 296349K->23908K(349568K), 0.1575651 secs] 453597K->23908K(506816K), [Metaspace: 5350K->5350K(1056768K)], 0.1576511 secs] [Times: user=0.16 sys=0.00, real=0.16 secs] 
2018-03-17T00:10:17.180+0500: 843.105: [GC (Allocation Failure) 2018-03-17T00:10:17.180+0500: 843.105: [DefNew: 139776K->17472K(157248K), 0.2558964 secs] 163684K->163683K(506816K), 0.2559588 secs] [Times: user=0.25 sys=0.00, real=0.26 secs] 
2018-03-17T00:10:17.462+0500: 843.386: [GC (Allocation Failure) 2018-03-17T00:10:17.462+0500: 843.386: [DefNew: 157248K->17472K(157248K), 0.2541131 secs] 303459K->303458K(506816K), 0.2541875 secs] [Times: user=0.23 sys=0.00, real=0.25 secs] 
2018-03-17T00:10:17.742+0500: 843.666: [GC (Allocation Failure) 2018-03-17T00:10:17.742+0500: 843.666: [DefNew: 146063K->146063K(157248K), 0.0000163 secs]2018-03-17T00:10:17.742+0500: 843.666: [Tenured: 285986K->715K(349568K), 0.1373747 secs] 432050K->715K(506816K), [Metaspace: 5350K->5350K(1056768K)], 0.1374598 secs] [Times: user=0.13 sys=0.00, real=0.14 secs] 
2018-03-17T00:10:17.905+0500: 843.829: [GC (Allocation Failure) 2018-03-17T00:10:17.905+0500: 843.829: [DefNew: 139776K->17472K(157248K), 0.2216537 secs] 140491K->140490K(506816K), 0.2217179 secs] [Times: user=0.22 sys=0.00, real=0.22 secs] 
2018-03-17T00:10:18.152+0500: 844.076: [GC (Allocation Failure) 2018-03-17T00:10:18.152+0500: 844.076: [DefNew: 157248K->17472K(157248K), 0.2558985 secs] 280266K->280229K(506816K), 0.2559610 secs] [Times: user=0.25 sys=0.00, real=0.26 secs] 
2018-03-17T00:10:18.436+0500: 844.360: [GC (Allocation Failure) 2018-03-17T00:10:18.436+0500: 844.360: [DefNew: 157248K->157248K(157248K), 0.0000163 secs]2018-03-17T00:10:18.436+0500: 844.360: [Tenured: 262757K->205160K(349568K), 0.4705011 secs] 420005K->205160K(506816K), [Metaspace: 5350K->5350K(1056768K)], 0.4705918 secs] [Times: user=0.47 sys=0.00, real=0.47 secs] 
2018-03-17T00:10:18.933+0500: 844.857: [GC (Allocation Failure) 2018-03-17T00:10:18.933+0500: 844.857: [DefNew: 139776K->17472K(157248K), 0.2260521 secs] 344936K->344935K(506816K), 0.2261124 secs] [Times: user=0.22 sys=0.00, real=0.23 secs] 
2018-03-17T00:10:19.185+0500: 845.109: [GC (Allocation Failure) 2018-03-17T00:10:19.185+0500: 845.109: [DefNew: 157248K->157248K(157248K), 0.0000167 secs]2018-03-17T00:10:19.185+0500: 845.109: [Tenured: 327463K->55022K(349568K), 0.2203699 secs] 484711K->55022K(506816K), [Metaspace: 5350K->5350K(1056768K)], 0.2204601 secs] [Times: user=0.22 sys=0.00, real=0.22 secs] 
2018-03-17T00:10:19.435+0500: 845.359: [GC (Allocation Failure) 2018-03-17T00:10:19.435+0500: 845.359: [DefNew: 139776K->17472K(157248K), 0.2539215 secs] 194798K->194797K(506816K), 0.2539831 secs] [Times: user=0.25 sys=0.00, real=0.25 secs] 
2018-03-17T00:10:19.715+0500: 845.639: [GC (Allocation Failure) 2018-03-17T00:10:19.715+0500: 845.639: [DefNew: 157248K->17471K(157248K), 0.2560217 secs] 334573K->334572K(506816K), 0.2560841 secs] [Times: user=0.25 sys=0.00, real=0.26 secs] 
2018-03-17T00:10:19.996+0500: 845.921: [GC (Allocation Failure) 2018-03-17T00:10:19.996+0500: 845.921: [DefNew: 157247K->157247K(157248K), 0.0000167 secs]2018-03-17T00:10:19.996+0500: 845.921: [Tenured: 317100K->44659K(349568K), 0.2008467 secs] 474348K->44659K(506816K), [Metaspace: 5350K->5350K(1056768K)], 0.2009378 secs] [Times: user=0.20 sys=0.00, real=0.20 secs] 
2018-03-17T00:10:20.227+0500: 846.150: [GC (Allocation Failure) 2018-03-17T00:10:20.227+0500: 846.150: [DefNew: 139776K->17471K(157248K), 0.2555393 secs] 184435K->184434K(506816K), 0.2556270 secs] [Times: user=0.23 sys=0.00, real=0.26 secs] 
2018-03-17T00:10:20.508+0500: 846.431: [GC (Allocation Failure) 2018-03-17T00:10:20.508+0500: 846.431: [DefNew: 157247K->17472K(157248K), 0.2506405 secs] 324210K->324208K(506816K), 0.2507059 secs] [Times: user=0.25 sys=0.00, real=0.25 secs] 
2018-03-17T00:10:20.783+0500: 846.707: [GC (Allocation Failure) 2018-03-17T00:10:20.783+0500: 846.707: [DefNew: 157248K->157248K(157248K), 0.0000158 secs]2018-03-17T00:10:20.783+0500: 846.707: [Tenured: 306736K->34272K(349568K), 0.1776700 secs] 463984K->34272K(506816K), [Metaspace: 5350K->5350K(1056768K)], 0.1777705 secs] [Times: user=0.19 sys=0.00, real=0.18 secs] 
2018-03-17T00:10:20.990+0500: 846.914: [GC (Allocation Failure) 2018-03-17T00:10:20.990+0500: 846.914: [DefNew: 139776K->17472K(157248K), 0.2616068 secs] 174048K->174046K(506816K), 0.2616676 secs] [Times: user=0.25 sys=0.00, real=0.26 secs] 
2018-03-17T00:10:21.277+0500: 847.201: [GC (Allocation Failure) 2018-03-17T00:10:21.277+0500: 847.201: [DefNew: 157248K->17472K(157248K), 0.2518734 secs] 313822K->313821K(506816K), 0.2519346 secs] [Times: user=0.25 sys=0.00, real=0.25 secs] 
2018-03-17T00:10:21.556+0500: 847.480: [GC (Allocation Failure) 2018-03-17T00:10:21.556+0500: 847.480: [DefNew: 157248K->157248K(157248K), 0.0000167 secs]2018-03-17T00:10:21.556+0500: 847.480: [Tenured: 296349K->23908K(349568K), 0.1554555 secs] 453597K->23908K(506816K), [Metaspace: 5350K->5350K(1056768K)], 0.1555449 secs] [Times: user=0.16 sys=0.00, real=0.16 secs] 
2018-03-17T00:10:21.739+0500: 847.663: [GC (Allocation Failure) 2018-03-17T00:10:21.739+0500: 847.663: [DefNew: 139776K->17472K(157248K), 0.2563570 secs] 163684K->163683K(506816K), 0.2564267 secs] [Times: user=0.27 sys=0.00, real=0.26 secs] 
2018-03-17T00:10:22.021+0500: 847.945: [GC (Allocation Failure) 2018-03-17T00:10:22.021+0500: 847.945: [DefNew: 157248K->17472K(157248K), 0.2558947 secs] 303459K->303458K(506816K), 0.2559687 secs] [Times: user=0.27 sys=0.00, real=0.26 secs] 
2018-03-17T00:10:22.302+0500: 848.226: [GC (Allocation Failure) 2018-03-17T00:10:22.302+0500: 848.226: [DefNew: 146063K->146063K(157248K), 0.0000154 secs]2018-03-17T00:10:22.302+0500: 848.226: [Tenured: 285986K->715K(349568K), 0.1363492 secs] 432050K->715K(506816K), [Metaspace: 5350K->5350K(1056768K)], 0.1364326 secs] [Times: user=0.14 sys=0.00, real=0.14 secs] 
2018-03-17T00:10:22.464+0500: 848.388: [GC (Allocation Failure) 2018-03-17T00:10:22.464+0500: 848.388: [DefNew: 139776K->17472K(157248K), 0.2222858 secs] 140491K->140490K(506816K), 0.2223495 secs] [Times: user=0.22 sys=0.00, real=0.22 secs] 
2018-03-17T00:10:22.712+0500: 848.636: [GC (Allocation Failure) 2018-03-17T00:10:22.712+0500: 848.636: [DefNew: 157248K->17472K(157248K), 0.2552540 secs] 280266K->280229K(506816K), 0.2553152 secs] [Times: user=0.25 sys=0.00, real=0.26 secs] 
2018-03-17T00:10:22.996+0500: 848.919: [GC (Allocation Failure) 2018-03-17T00:10:22.996+0500: 848.919: [DefNew: 157248K->157248K(157248K), 0.0000171 secs]2018-03-17T00:10:22.996+0500: 848.919: [Tenured: 262757K->205160K(349568K), 0.4759533 secs] 420005K->205160K(506816K), [Metaspace: 5350K->5350K(1056768K)], 0.4760465 secs] [Times: user=0.47 sys=0.00, real=0.47 secs] 
2018-03-17T00:10:23.497+0500: 849.421: [GC (Allocation Failure) 2018-03-17T00:10:23.497+0500: 849.421: [DefNew: 139776K->17472K(157248K), 0.2246807 secs] 344936K->344935K(506816K), 0.2247418 secs] [Times: user=0.20 sys=0.00, real=0.22 secs] 
2018-03-17T00:10:23.748+0500: 849.672: [GC (Allocation Failure) 2018-03-17T00:10:23.748+0500: 849.672: [DefNew: 157248K->157248K(157248K), 0.0000163 secs]2018-03-17T00:10:23.748+0500: 849.672: [Tenured: 327463K->55022K(349568K), 0.2204636 secs] 484711K->55022K(506816K), [Metaspace: 5350K->5350K(1056768K)], 0.2205500 secs] [Times: user=0.22 sys=0.00, real=0.22 secs] 
2018-03-17T00:10:23.997+0500: 849.921: [GC (Allocation Failure) 2018-03-17T00:10:23.997+0500: 849.921: [DefNew: 139776K->17472K(157248K), 0.2545343 secs] 194798K->194797K(506816K), 0.2546002 secs] [Times: user=0.25 sys=0.00, real=0.25 secs] 
2018-03-17T00:10:24.278+0500: 850.201: [GC (Allocation Failure) 2018-03-17T00:10:24.278+0500: 850.201: [DefNew: 157248K->17471K(157248K), 0.2488632 secs] 334573K->334572K(506816K), 0.2489316 secs] [Times: user=0.25 sys=0.00, real=0.25 secs] 
2018-03-17T00:10:24.552+0500: 850.476: [GC (Allocation Failure) 2018-03-17T00:10:24.552+0500: 850.476: [DefNew: 157247K->157247K(157248K), 0.0000163 secs]2018-03-17T00:10:24.552+0500: 850.476: [Tenured: 317100K->44659K(349568K), 0.1993854 secs] 474348K->44659K(506816K), [Metaspace: 5350K->5350K(1056768K)], 0.1994872 secs] [Times: user=0.19 sys=0.00, real=0.20 secs] 
2018-03-17T00:10:24.782+0500: 850.706: [GC (Allocation Failure) 2018-03-17T00:10:24.782+0500: 850.706: [DefNew: 139776K->17471K(157248K), 0.2610919 secs] 184435K->184434K(506816K), 0.2611557 secs] [Times: user=0.27 sys=0.00, real=0.26 secs] 
2018-03-17T00:10:25.068+0500: 850.992: [GC (Allocation Failure) 2018-03-17T00:10:25.068+0500: 850.992: [DefNew: 157247K->17472K(157248K), 0.2501534 secs] 324210K->324208K(506816K), 0.2502133 secs] [Times: user=0.25 sys=0.00, real=0.25 secs] 
2018-03-17T00:10:25.344+0500: 851.268: [GC (Allocation Failure) 2018-03-17T00:10:25.344+0500: 851.268: [DefNew: 157248K->157248K(157248K), 0.0000154 secs]2018-03-17T00:10:25.344+0500: 851.268: [Tenured: 306736K->34272K(349568K), 0.1768117 secs] 463984K->34272K(506816K), [Metaspace: 5350K->5350K(1056768K)], 0.1768993 secs] [Times: user=0.17 sys=0.00, real=0.18 secs] 
2018-03-17T00:10:25.550+0500: 851.474: [GC (Allocation Failure) 2018-03-17T00:10:25.550+0500: 851.474: [DefNew: 139776K->17472K(157248K), 0.2560148 secs] 174048K->174046K(506816K), 0.2560756 secs] [Times: user=0.27 sys=0.00, real=0.26 secs] 
2018-03-17T00:10:25.832+0500: 851.756: [GC (Allocation Failure) 2018-03-17T00:10:25.832+0500: 851.756: [DefNew: 157248K->17472K(157248K), 0.2515202 secs] 313822K->313821K(506816K), 0.2515869 secs] [Times: user=0.25 sys=0.00, real=0.25 secs] 
2018-03-17T00:10:26.109+0500: 852.033: [GC (Allocation Failure) 2018-03-17T00:10:26.109+0500: 852.033: [DefNew: 157248K->157248K(157248K), 0.0000167 secs]2018-03-17T00:10:26.109+0500: 852.033: [Tenured: 296349K->23908K(349568K), 0.1561410 secs] 453597K->23908K(506816K), [Metaspace: 5350K->5350K(1056768K)], 0.1562304 secs] [Times: user=0.16 sys=0.00, real=0.16 secs] 
2018-03-17T00:10:26.293+0500: 852.217: [GC (Allocation Failure) 2018-03-17T00:10:26.293+0500: 852.217: [DefNew: 139776K->17472K(157248K), 0.2551014 secs] 163684K->163683K(506816K), 0.2551638 secs] [Times: user=0.25 sys=0.00, real=0.26 secs] 
2018-03-17T00:10:26.574+0500: 852.498: [GC (Allocation Failure) 2018-03-17T00:10:26.574+0500: 852.498: [DefNew: 157248K->17472K(157248K), 0.2538590 secs] 303459K->303458K(506816K), 0.2539210 secs] [Times: user=0.25 sys=0.00, real=0.25 secs] 
2018-03-17T00:10:26.853+0500: 852.777: [GC (Allocation Failure) 2018-03-17T00:10:26.853+0500: 852.777: [DefNew: 146063K->146063K(157248K), 0.0000163 secs]2018-03-17T00:10:26.853+0500: 852.777: [Tenured: 285986K->715K(349568K), 0.1361115 secs] 432050K->715K(506816K), [Metaspace: 5350K->5350K(1056768K)], 0.1361970 secs] [Times: user=0.11 sys=0.00, real=0.14 secs] 
2018-03-17T00:10:27.014+0500: 852.938: [GC (Allocation Failure) 2018-03-17T00:10:27.014+0500: 852.938: [DefNew: 139776K->17472K(157248K), 0.2245434 secs] 140491K->140490K(506816K), 0.2246165 secs] [Times: user=0.22 sys=0.00, real=0.23 secs] 
2018-03-17T00:10:27.265+0500: 853.188: [GC (Allocation Failure) 2018-03-17T00:10:27.265+0500: 853.188: [DefNew: 157248K->17472K(157248K), 0.2574877 secs] 280266K->280229K(506816K), 0.2575514 secs] [Times: user=0.26 sys=0.00, real=0.26 secs] 
2018-03-17T00:10:27.551+0500: 853.474: [GC (Allocation Failure) 2018-03-17T00:10:27.551+0500: 853.475: [DefNew: 157248K->157248K(157248K), 0.0000163 secs]2018-03-17T00:10:27.551+0500: 853.475: [Tenured: 262757K->205160K(349568K), 0.4734357 secs] 420005K->205160K(506816K), [Metaspace: 5350K->5350K(1056768K)], 0.4735297 secs] [Times: user=0.48 sys=0.00, real=0.47 secs] 
2018-03-17T00:10:28.051+0500: 853.975: [GC (Allocation Failure) 2018-03-17T00:10:28.051+0500: 853.975: [DefNew: 139776K->17472K(157248K), 0.2293121 secs] 344936K->344935K(506816K), 0.2293737 secs] [Times: user=0.23 sys=0.00, real=0.23 secs] 
2018-03-17T00:10:28.316+0500: 854.240: [GC (Allocation Failure) 2018-03-17T00:10:28.316+0500: 854.240: [DefNew: 157248K->157248K(157248K), 0.0000154 secs]2018-03-17T00:10:28.316+0500: 854.240: [Tenured: 327463K->55022K(349568K), 0.2216276 secs] 484711K->55022K(506816K), [Metaspace: 5350K->5350K(1056768K)], 0.2217200 secs] [Times: user=0.23 sys=0.00, real=0.22 secs] 
2018-03-17T00:10:28.568+0500: 854.492: [GC (Allocation Failure) 2018-03-17T00:10:28.568+0500: 854.492: [DefNew: 139776K->17472K(157248K), 0.2552515 secs] 194798K->194797K(506816K), 0.2553152 secs] [Times: user=0.27 sys=0.00, real=0.25 secs] 
2018-03-17T00:10:28.849+0500: 854.773: [GC (Allocation Failure) 2018-03-17T00:10:28.849+0500: 854.773: [DefNew: 157248K->17471K(157248K), 0.2515985 secs] 334573K->334572K(506816K), 0.2516763 secs] [Times: user=0.27 sys=0.00, real=0.25 secs] 
2018-03-17T00:10:29.126+0500: 855.050: [GC (Allocation Failure) 2018-03-17T00:10:29.126+0500: 855.050: [DefNew: 157247K->157247K(157248K), 0.0000158 secs]2018-03-17T00:10:29.126+0500: 855.050: [Tenured: 317100K->44659K(349568K), 0.2012149 secs] 474348K->44659K(506816K), [Metaspace: 5350K->5350K(1056768K)], 0.2013141 secs] [Times: user=0.20 sys=0.00, real=0.20 secs] 
2018-03-17T00:10:29.356+0500: 855.280: [GC (Allocation Failure) 2018-03-17T00:10:29.356+0500: 855.280: [DefNew: 139776K->17471K(157248K), 0.2552100 secs] 184435K->184434K(506816K), 0.2552763 secs] [Times: user=0.25 sys=0.00, real=0.26 secs] 
2018-03-17T00:10:29.637+0500: 855.561: [GC (Allocation Failure) 2018-03-17T00:10:29.637+0500: 855.561: [DefNew: 157247K->17472K(157248K), 0.2499426 secs] 324210K->324208K(506816K), 0.2500264 secs] [Times: user=0.25 sys=0.00, real=0.25 secs] 
2018-03-17T00:10:29.912+0500: 855.836: [GC (Allocation Failure) 2018-03-17T00:10:29.912+0500: 855.836: [DefNew: 157248K->157248K(157248K), 0.0000158 secs]2018-03-17T00:10:29.912+0500: 855.837: [Tenured: 306736K->34272K(349568K), 0.1776413 secs] 463984K->34272K(506816K), [Metaspace: 5350K->5350K(1056768K)], 0.1777384 secs] [Times: user=0.17 sys=0.00, real=0.18 secs] 
2018-03-17T00:10:30.120+0500: 856.044: [GC (Allocation Failure) 2018-03-17T00:10:30.120+0500: 856.044: [DefNew: 139776K->17472K(157248K), 0.2554880 secs] 174048K->174046K(506816K), 0.2555530 secs] [Times: user=0.25 sys=0.00, real=0.26 secs] 
2018-03-17T00:10:30.401+0500: 856.324: [GC (Allocation Failure) 2018-03-17T00:10:30.401+0500: 856.324: [DefNew: 157248K->17472K(157248K), 0.2517336 secs] 313822K->313821K(506816K), 0.2517948 secs] [Times: user=0.25 sys=0.00, real=0.25 secs] 
2018-03-17T00:10:30.678+0500: 856.602: [GC (Allocation Failure) 2018-03-17T00:10:30.678+0500: 856.602: [DefNew: 157248K->157248K(157248K), 0.0000158 secs]2018-03-17T00:10:30.678+0500: 856.602: [Tenured: 296349K->23908K(349568K), 0.1551861 secs] 453597K->23908K(506816K), [Metaspace: 5350K->5350K(1056768K)], 0.1552716 secs] [Times: user=0.14 sys=0.00, real=0.15 secs] 
2018-03-17T00:10:30.861+0500: 856.785: [GC (Allocation Failure) 2018-03-17T00:10:30.861+0500: 856.785: [DefNew: 139776K->17472K(157248K), 0.2570703 secs] 163684K->163683K(506816K), 0.2571323 secs] [Times: user=0.26 sys=0.00, real=0.26 secs] 
2018-03-17T00:10:31.143+0500: 857.068: [GC (Allocation Failure) 2018-03-17T00:10:31.143+0500: 857.068: [DefNew: 157248K->17472K(157248K), 0.2632238 secs] 303459K->303458K(506816K), 0.2632935 secs] [Times: user=0.26 sys=0.00, real=0.27 secs] 
2018-03-17T00:10:31.433+0500: 857.356: [GC (Allocation Failure) 2018-03-17T00:10:31.433+0500: 857.356: [DefNew: 146063K->146063K(157248K), 0.0000175 secs]2018-03-17T00:10:31.433+0500: 857.356: [Tenured: 285986K->715K(349568K), 0.1365250 secs] 432050K->715K(506816K), [Metaspace: 5350K->5350K(1056768K)], 0.1366289 secs] [Times: user=0.14 sys=0.00, real=0.14 secs] 
2018-03-17T00:10:31.595+0500: 857.518: [GC (Allocation Failure) 2018-03-17T00:10:31.595+0500: 857.518: [DefNew: 139776K->17472K(157248K), 0.2227160 secs] 140491K->140490K(506816K), 0.2227853 secs] [Times: user=0.22 sys=0.00, real=0.22 secs] 
2018-03-17T00:10:31.842+0500: 857.766: [GC (Allocation Failure) 2018-03-17T00:10:31.842+0500: 857.766: [DefNew: 157248K->17472K(157248K), 0.2551339 secs] 280266K->280229K(506816K), 0.2551972 secs] [Times: user=0.25 sys=0.00, real=0.25 secs] 
2018-03-17T00:10:32.126+0500: 858.050: [GC (Allocation Failure) 2018-03-17T00:10:32.126+0500: 858.050: [DefNew: 157248K->157248K(157248K), 0.0000171 secs]2018-03-17T00:10:32.126+0500: 858.050: [Tenured: 262757K->205160K(349568K), 0.4726334 secs] 420005K->205160K(506816K), [Metaspace: 5350K->5350K(1056768K)], 0.4727240 secs] [Times: user=0.47 sys=0.00, real=0.47 secs] 
2018-03-17T00:10:32.624+0500: 858.548: [GC (Allocation Failure) 2018-03-17T00:10:32.624+0500: 858.548: [DefNew: 139776K->17472K(157248K), 0.2239930 secs] 344936K->344935K(506816K), 0.2240571 secs] [Times: user=0.22 sys=0.00, real=0.22 secs] 
2018-03-17T00:10:32.875+0500: 858.798: [GC (Allocation Failure) 2018-03-17T00:10:32.875+0500: 858.798: [DefNew: 157248K->157248K(157248K), 0.0000167 secs]2018-03-17T00:10:32.875+0500: 858.798: [Tenured: 327463K->55022K(349568K), 0.2197917 secs] 484711K->55022K(506816K), [Metaspace: 5350K->5350K(1056768K)], 0.2198918 secs] [Times: user=0.22 sys=0.00, real=0.22 secs] 
2018-03-17T00:10:33.123+0500: 859.047: [GC (Allocation Failure) 2018-03-17T00:10:33.123+0500: 859.047: [DefNew: 139776K->17472K(157248K), 0.2554619 secs] 194798K->194797K(506816K), 0.2555239 secs] [Times: user=0.24 sys=0.00, real=0.26 secs] 
2018-03-17T00:10:33.404+0500: 859.328: [GC (Allocation Failure) 2018-03-17T00:10:33.404+0500: 859.328: [DefNew: 157248K->17471K(157248K), 0.2528652 secs] 334573K->334572K(506816K), 0.2529285 secs] [Times: user=0.25 sys=0.00, real=0.25 secs] 
2018-03-17T00:10:33.682+0500: 859.606: [GC (Allocation Failure) 2018-03-17T00:10:33.682+0500: 859.606: [DefNew: 157247K->157247K(157248K), 0.0000158 secs]2018-03-17T00:10:33.682+0500: 859.606: [Tenured: 317100K->44659K(349568K), 0.1994547 secs] 474348K->44659K(506816K), [Metaspace: 5350K->5350K(1056768K)], 0.1995603 secs] [Times: user=0.20 sys=0.00, real=0.20 secs] 
2018-03-17T00:10:33.914+0500: 859.838: [GC (Allocation Failure) 2018-03-17T00:10:33.914+0500: 859.838: [DefNew: 139776K->17471K(157248K), 0.2628736 secs] 184435K->184434K(506816K), 0.2629398 secs] [Times: user=0.25 sys=0.00, real=0.26 secs] 
2018-03-17T00:10:34.204+0500: 860.127: [GC (Allocation Failure) 2018-03-17T00:10:34.204+0500: 860.127: [DefNew: 157247K->17472K(157248K), 0.2514082 secs] 324210K->324208K(506816K), 0.2514685 secs] [Times: user=0.25 sys=0.00, real=0.25 secs] 
2018-03-17T00:10:34.481+0500: 860.405: [GC (Allocation Failure) 2018-03-17T00:10:34.481+0500: 860.405: [DefNew: 157248K->157248K(157248K), 0.0000167 secs]2018-03-17T00:10:34.481+0500: 860.405: [Tenured: 306736K->34272K(349568K), 0.1778607 secs] 463984K->34272K(506816K), [Metaspace: 5350K->5350K(1056768K)], 0.1779497 secs] [Times: user=0.17 sys=0.00, real=0.18 secs] 
2018-03-17T00:10:34.689+0500: 860.613: [GC (Allocation Failure) 2018-03-17T00:10:34.689+0500: 860.613: [DefNew: 139776K->17472K(157248K), 0.2548054 secs] 174048K->174046K(506816K), 0.2548649 secs] [Times: user=0.27 sys=0.00, real=0.26 secs] 
2018-03-17T00:10:34.969+0500: 860.893: [GC (Allocation Failure) 2018-03-17T00:10:34.969+0500: 860.893: [DefNew: 157248K->17472K(157248K), 0.2548401 secs] 313822K->313821K(506816K), 0.2549017 secs] [Times: user=0.25 sys=0.00, real=0.25 secs] 
2018-03-17T00:10:35.250+0500: 861.174: [GC (Allocation Failure) 2018-03-17T00:10:35.250+0500: 861.174: [DefNew: 157248K->157248K(157248K), 0.0000261 secs]2018-03-17T00:10:35.250+0500: 861.174: [Tenured: 296349K->23908K(349568K), 0.1557921 secs] 453597K->23908K(506816K), [Metaspace: 5350K->5350K(1056768K)], 0.1558956 secs] [Times: user=0.16 sys=0.00, real=0.15 secs] 
2018-03-17T00:10:35.433+0500: 861.358: [GC (Allocation Failure) 2018-03-17T00:10:35.433+0500: 861.358: [DefNew: 139776K->17472K(157248K), 0.2569347 secs] 163684K->163683K(506816K), 0.2569980 secs] [Times: user=0.25 sys=0.00, real=0.26 secs] 
2018-03-17T00:10:35.717+0500: 861.640: [GC (Allocation Failure) 2018-03-17T00:10:35.717+0500: 861.640: [DefNew: 157248K->17472K(157248K), 0.2554187 secs] 303459K->303458K(506816K), 0.2554884 secs] [Times: user=0.25 sys=0.00, real=0.25 secs] 
2018-03-17T00:10:35.997+0500: 861.921: [GC (Allocation Failure) 2018-03-17T00:10:35.997+0500: 861.921: [DefNew: 146063K->146063K(157248K), 0.0000163 secs]2018-03-17T00:10:35.997+0500: 861.921: [Tenured: 285986K->715K(349568K), 0.1371284 secs] 432050K->715K(506816K), [Metaspace: 5350K->5350K(1056768K)], 0.1372246 secs] [Times: user=0.14 sys=0.00, real=0.14 secs] 
2018-03-17T00:10:36.161+0500: 862.085: [GC (Allocation Failure) 2018-03-17T00:10:36.161+0500: 862.085: [DefNew: 139776K->17472K(157248K), 0.2259286 secs] 140491K->140490K(506816K), 0.2259910 secs] [Times: user=0.23 sys=0.00, real=0.23 secs] 
2018-03-17T00:10:36.413+0500: 862.337: [GC (Allocation Failure) 2018-03-17T00:10:36.413+0500: 862.337: [DefNew: 157248K->17472K(157248K), 0.2610599 secs] 280266K->280229K(506816K), 0.2611300 secs] [Times: user=0.25 sys=0.00, real=0.26 secs] 
2018-03-17T00:10:36.702+0500: 862.626: [GC (Allocation Failure) 2018-03-17T00:10:36.702+0500: 862.626: [DefNew: 157248K->157248K(157248K), 0.0000201 secs]2018-03-17T00:10:36.702+0500: 862.626: [Tenured: 262757K->205160K(349568K), 0.4764027 secs] 420005K->205160K(506816K), [Metaspace: 5350K->5350K(1056768K)], 0.4765045 secs] [Times: user=0.48 sys=0.00, real=0.48 secs] 
2018-03-17T00:10:37.204+0500: 863.128: [GC (Allocation Failure) 2018-03-17T00:10:37.204+0500: 863.128: [DefNew: 139776K->17472K(157248K), 0.2240978 secs] 344936K->344935K(506816K), 0.2241589 secs] [Times: user=0.23 sys=0.00, real=0.22 secs] 
2018-03-17T00:10:37.454+0500: 863.378: [GC (Allocation Failure) 2018-03-17T00:10:37.454+0500: 863.378: [DefNew: 157248K->157248K(157248K), 0.0000154 secs]2018-03-17T00:10:37.454+0500: 863.378: [Tenured: 327463K->55022K(349568K), 0.2209165 secs] 484711K->55022K(506816K), [Metaspace: 5350K->5350K(1056768K)], 0.2210041 secs] [Times: user=0.22 sys=0.00, real=0.22 secs] 
2018-03-17T00:10:37.704+0500: 863.628: [GC (Allocation Failure) 2018-03-17T00:10:37.704+0500: 863.628: [DefNew: 139776K->17472K(157248K), 0.2550881 secs] 194798K->194797K(506816K), 0.2551488 secs] [Times: user=0.27 sys=0.00, real=0.26 secs] 
2018-03-17T00:10:37.984+0500: 863.909: [GC (Allocation Failure) 2018-03-17T00:10:37.984+0500: 863.909: [DefNew: 157248K->17471K(157248K), 0.2501209 secs] 334573K->334572K(506816K), 0.2501816 secs] [Times: user=0.25 sys=0.00, real=0.25 secs] 
2018-03-17T00:10:38.260+0500: 864.184: [GC (Allocation Failure) 2018-03-17T00:10:38.260+0500: 864.184: [DefNew: 157247K->157247K(157248K), 0.0000163 secs]2018-03-17T00:10:38.260+0500: 864.184: [Tenured: 317100K->44659K(349568K), 0.2007077 secs] 474348K->44659K(506816K), [Metaspace: 5350K->5350K(1056768K)], 0.2008197 secs] [Times: user=0.19 sys=0.00, real=0.20 secs] 
2018-03-17T00:10:38.490+0500: 864.414: [GC (Allocation Failure) 2018-03-17T00:10:38.490+0500: 864.414: [DefNew: 139776K->17471K(157248K), 0.2549047 secs] 184435K->184434K(506816K), 0.2549731 secs] [Times: user=0.27 sys=0.00, real=0.25 secs] 
2018-03-17T00:10:38.770+0500: 864.694: [GC (Allocation Failure) 2018-03-17T00:10:38.770+0500: 864.694: [DefNew: 157247K->17472K(157248K), 0.2509818 secs] 324210K->324208K(506816K), 0.2510417 secs] [Times: user=0.25 sys=0.00, real=0.25 secs] 
2018-03-17T00:10:39.047+0500: 864.971: [GC (Allocation Failure) 2018-03-17T00:10:39.047+0500: 864.971: [DefNew: 157248K->157248K(157248K), 0.0000154 secs]2018-03-17T00:10:39.047+0500: 864.971: [Tenured: 306736K->34272K(349568K), 0.1786343 secs] 463984K->34272K(506816K), [Metaspace: 5350K->5350K(1056768K)], 0.1787224 secs] [Times: user=0.19 sys=0.00, real=0.18 secs] 
2018-03-17T00:10:39.254+0500: 865.178: [GC (Allocation Failure) 2018-03-17T00:10:39.254+0500: 865.178: [DefNew: 139776K->17472K(157248K), 0.2553836 secs] 174048K->174046K(506816K), 0.2554478 secs] [Times: user=0.27 sys=0.00, real=0.26 secs] 
2018-03-17T00:10:39.535+0500: 865.459: [GC (Allocation Failure) 2018-03-17T00:10:39.535+0500: 865.459: [DefNew: 157248K->17472K(157248K), 0.2518752 secs] 313822K->313821K(506816K), 0.2519376 secs] [Times: user=0.27 sys=0.00, real=0.25 secs] 
2018-03-17T00:10:39.813+0500: 865.737: [GC (Allocation Failure) 2018-03-17T00:10:39.813+0500: 865.737: [DefNew: 157248K->157248K(157248K), 0.0000171 secs]2018-03-17T00:10:39.814+0500: 865.737: [Tenured: 296349K->23908K(349568K), 0.1557412 secs] 453597K->23908K(506816K), [Metaspace: 5350K->5350K(1056768K)], 0.1558507 secs] [Times: user=0.16 sys=0.00, real=0.16 secs] 
2018-03-17T00:10:39.998+0500: 865.921: [GC (Allocation Failure) 2018-03-17T00:10:39.998+0500: 865.921: [DefNew: 139776K->17472K(157248K), 0.2559267 secs] 163684K->163683K(506816K), 0.2559969 secs] [Times: user=0.25 sys=0.00, real=0.26 secs] 
2018-03-17T00:10:40.279+0500: 866.203: [GC (Allocation Failure) 2018-03-17T00:10:40.279+0500: 866.203: [DefNew: 157248K->17472K(157248K), 0.2540677 secs] 303459K->303458K(506816K), 0.2541310 secs] [Times: user=0.25 sys=0.00, real=0.25 secs] 
2018-03-17T00:10:40.560+0500: 866.484: [GC (Allocation Failure) 2018-03-17T00:10:40.560+0500: 866.484: [DefNew: 146063K->146063K(157248K), 0.0000167 secs]2018-03-17T00:10:40.560+0500: 866.484: [Tenured: 285986K->715K(349568K), 0.1373363 secs] 432050K->715K(506816K), [Metaspace: 5350K->5350K(1056768K)], 0.1374226 secs] [Times: user=0.14 sys=0.00, real=0.14 secs] 
2018-03-17T00:10:40.722+0500: 866.646: [GC (Allocation Failure) 2018-03-17T00:10:40.722+0500: 866.646: [DefNew: 139776K->17472K(157248K), 0.2225364 secs] 140491K->140490K(506816K), 0.2225954 secs] [Times: user=0.23 sys=0.00, real=0.22 secs] 
2018-03-17T00:10:40.970+0500: 866.894: [GC (Allocation Failure) 2018-03-17T00:10:40.970+0500: 866.894: [DefNew: 157248K->17472K(157248K), 0.2573342 secs] 280266K->280229K(506816K), 0.2573962 secs] [Times: user=0.27 sys=0.00, real=0.26 secs] 
2018-03-17T00:10:41.256+0500: 867.180: [GC (Allocation Failure) 2018-03-17T00:10:41.256+0500: 867.180: [DefNew: 157248K->157248K(157248K), 0.0000163 secs]2018-03-17T00:10:41.256+0500: 867.180: [Tenured: 262757K->205160K(349568K), 0.4719491 secs] 420005K->205160K(506816K), [Metaspace: 5350K->5350K(1056768K)], 0.4720342 secs] [Times: user=0.48 sys=0.00, real=0.47 secs] 
2018-03-17T00:10:41.754+0500: 867.677: [GC (Allocation Failure) 2018-03-17T00:10:41.754+0500: 867.678: [DefNew: 139776K->17472K(157248K), 0.2246392 secs] 344936K->344935K(506816K), 0.2246990 secs] [Times: user=0.23 sys=0.00, real=0.22 secs] 
2018-03-17T00:10:42.004+0500: 867.928: [GC (Allocation Failure) 2018-03-17T00:10:42.004+0500: 867.928: [DefNew: 157248K->157248K(157248K), 0.0000167 secs]2018-03-17T00:10:42.004+0500: 867.928: [Tenured: 327463K->55022K(349568K), 0.2199277 secs] 484711K->55022K(506816K), [Metaspace: 5350K->5350K(1056768K)], 0.2200304 secs] [Times: user=0.22 sys=0.00, real=0.22 secs] 
2018-03-17T00:10:42.253+0500: 868.177: [GC (Allocation Failure) 2018-03-17T00:10:42.253+0500: 868.177: [DefNew: 139776K->17472K(157248K), 0.2546066 secs] 194798K->194797K(506816K), 0.2546823 secs] [Times: user=0.27 sys=0.00, real=0.25 secs] 
2018-03-17T00:10:42.533+0500: 868.457: [GC (Allocation Failure) 2018-03-17T00:10:42.533+0500: 868.457: [DefNew: 157248K->17471K(157248K), 0.2490612 secs] 334573K->334572K(506816K), 0.2491365 secs] [Times: user=0.25 sys=0.00, real=0.25 secs] 
2018-03-17T00:10:42.809+0500: 868.732: [GC (Allocation Failure) 2018-03-17T00:10:42.809+0500: 868.733: [DefNew: 157247K->157247K(157248K), 0.0000171 secs]2018-03-17T00:10:42.809+0500: 868.733: [Tenured: 317100K->44659K(349568K), 0.2006033 secs] 474348K->44659K(506816K), [Metaspace: 5350K->5350K(1056768K)], 0.2006927 secs] [Times: user=0.20 sys=0.00, real=0.20 secs] 
2018-03-17T00:10:43.038+0500: 868.962: [GC (Allocation Failure) 2018-03-17T00:10:43.038+0500: 868.962: [DefNew: 139776K->17471K(157248K), 0.2547960 secs] 184435K->184434K(506816K), 0.2548636 secs] [Times: user=0.25 sys=0.00, real=0.25 secs] 
2018-03-17T00:10:43.319+0500: 869.243: [GC (Allocation Failure) 2018-03-17T00:10:43.319+0500: 869.243: [DefNew: 157247K->17472K(157248K), 0.2507650 secs] 324210K->324208K(506816K), 0.2508257 secs] [Times: user=0.25 sys=0.00, real=0.25 secs] 
2018-03-17T00:10:43.595+0500: 869.519: [GC (Allocation Failure) 2018-03-17T00:10:43.595+0500: 869.519: [DefNew: 157248K->157248K(157248K), 0.0000167 secs]2018-03-17T00:10:43.595+0500: 869.519: [Tenured: 306736K->34272K(349568K), 0.1762553 secs] 463984K->34272K(506816K), [Metaspace: 5350K->5350K(1056768K)], 0.1763502 secs] [Times: user=0.17 sys=0.00, real=0.18 secs] 
2018-03-17T00:10:43.800+0500: 869.725: [GC (Allocation Failure) 2018-03-17T00:10:43.800+0500: 869.725: [DefNew: 139776K->17472K(157248K), 0.2553391 secs] 174048K->174046K(506816K), 0.2554302 secs] [Times: user=0.26 sys=0.00, real=0.26 secs] 
2018-03-17T00:10:44.082+0500: 870.006: [GC (Allocation Failure) 2018-03-17T00:10:44.082+0500: 870.006: [DefNew: 157248K->17472K(157248K), 0.2529888 secs] 313822K->313821K(506816K), 0.2530521 secs] [Times: user=0.27 sys=0.00, real=0.25 secs] 
2018-03-17T00:10:44.361+0500: 870.285: [GC (Allocation Failure) 2018-03-17T00:10:44.362+0500: 870.285: [DefNew: 157248K->157248K(157248K), 0.0000321 secs]2018-03-17T00:10:44.362+0500: 870.285: [Tenured: 296349K->23908K(349568K), 0.1557792 secs] 453597K->23908K(506816K), [Metaspace: 5350K->5350K(1056768K)], 0.1559178 secs] [Times: user=0.16 sys=0.00, real=0.16 secs] 
2018-03-17T00:10:44.547+0500: 870.471: [GC (Allocation Failure) 2018-03-17T00:10:44.547+0500: 870.471: [DefNew: 139776K->17472K(157248K), 0.2553999 secs] 163684K->163683K(506816K), 0.2554632 secs] [Times: user=0.25 sys=0.00, real=0.26 secs] 
2018-03-17T00:10:44.828+0500: 870.752: [GC (Allocation Failure) 2018-03-17T00:10:44.828+0500: 870.752: [DefNew: 157248K->17472K(157248K), 0.2549094 secs] 303459K->303458K(506816K), 0.2549688 secs] [Times: user=0.25 sys=0.00, real=0.25 secs] 
2018-03-17T00:10:45.109+0500: 871.033: [GC (Allocation Failure) 2018-03-17T00:10:45.109+0500: 871.033: [DefNew: 146063K->146063K(157248K), 0.0000163 secs]2018-03-17T00:10:45.109+0500: 871.033: [Tenured: 285986K->715K(349568K), 0.1383412 secs] 432050K->715K(506816K), [Metaspace: 5350K->5350K(1056768K)], 0.1384281 secs] [Times: user=0.14 sys=0.00, real=0.14 secs] 
2018-03-17T00:10:45.272+0500: 871.197: [GC (Allocation Failure) 2018-03-17T00:10:45.272+0500: 871.197: [DefNew: 139776K->17472K(157248K), 0.2222631 secs] 140491K->140490K(506816K), 0.2223298 secs] [Times: user=0.20 sys=0.00, real=0.22 secs] 
2018-03-17T00:10:45.521+0500: 871.444: [GC (Allocation Failure) 2018-03-17T00:10:45.521+0500: 871.444: [DefNew: 157248K->17472K(157248K), 0.2887312 secs] 280266K->280229K(506816K), 0.2887992 secs] [Times: user=0.28 sys=0.00, real=0.29 secs] 
2018-03-17T00:10:45.843+0500: 871.767: [GC (Allocation Failure) 2018-03-17T00:10:45.843+0500: 871.767: [DefNew: 157248K->157248K(157248K), 0.0000184 secs]2018-03-17T00:10:45.843+0500: 871.767: [Tenured: 262757K->205160K(349568K), 0.5210810 secs] 420005K->205160K(506816K), [Metaspace: 5350K->5350K(1056768K)], 0.5211733 secs] [Times: user=0.51 sys=0.00, real=0.52 secs] 
2018-03-17T00:10:46.389+0500: 872.313: [GC (Allocation Failure) 2018-03-17T00:10:46.389+0500: 872.313: [DefNew: 139776K->17472K(157248K), 0.2264216 secs] 344936K->344935K(506816K), 0.2265072 secs] [Times: user=0.23 sys=0.00, real=0.23 secs] 
2018-03-17T00:10:46.647+0500: 872.571: [GC (Allocation Failure) 2018-03-17T00:10:46.647+0500: 872.571: [DefNew: 157248K->157248K(157248K), 0.0000222 secs]2018-03-17T00:10:46.647+0500: 872.571: [Tenured: 327463K->55022K(349568K), 0.2269164 secs] 484711K->55022K(506816K), [Metaspace: 5350K->5350K(1056768K)], 0.2270400 secs] [Times: user=0.22 sys=0.00, real=0.23 secs] 
2018-03-17T00:10:46.903+0500: 872.827: [GC (Allocation Failure) 2018-03-17T00:10:46.903+0500: 872.827: [DefNew: 139776K->17472K(157248K), 0.2577477 secs] 194798K->194797K(506816K), 0.2578118 secs] [Times: user=0.25 sys=0.00, real=0.26 secs] 
2018-03-17T00:10:47.186+0500: 873.110: [GC (Allocation Failure) 2018-03-17T00:10:47.186+0500: 873.110: [DefNew: 157248K->17471K(157248K), 0.2523644 secs] 334573K->334572K(506816K), 0.2524354 secs] [Times: user=0.25 sys=0.00, real=0.25 secs] 
2018-03-17T00:10:47.464+0500: 873.388: [GC (Allocation Failure) 2018-03-17T00:10:47.464+0500: 873.388: [DefNew: 157247K->157247K(157248K), 0.0000163 secs]2018-03-17T00:10:47.464+0500: 873.388: [Tenured: 317100K->44659K(349568K), 0.1994752 secs] 474348K->44659K(506816K), [Metaspace: 5350K->5350K(1056768K)], 0.1995714 secs] [Times: user=0.20 sys=0.00, real=0.20 secs] 
2018-03-17T00:10:47.692+0500: 873.616: [GC (Allocation Failure) 2018-03-17T00:10:47.692+0500: 873.616: [DefNew: 139776K->17471K(157248K), 0.2672852 secs] 184435K->184434K(506816K), 0.2673755 secs] [Times: user=0.28 sys=0.00, real=0.27 secs] 
2018-03-17T00:10:47.985+0500: 873.909: [GC (Allocation Failure) 2018-03-17T00:10:47.985+0500: 873.909: [DefNew: 157247K->17472K(157248K), 0.2501124 secs] 324210K->324208K(506816K), 0.2501739 secs] [Times: user=0.25 sys=0.00, real=0.25 secs] 
2018-03-17T00:10:48.262+0500: 874.185: [GC (Allocation Failure) 2018-03-17T00:10:48.262+0500: 874.185: [DefNew: 157248K->157248K(157248K), 0.0000171 secs]2018-03-17T00:10:48.262+0500: 874.185: [Tenured: 306736K->34272K(349568K), 0.1778723 secs] 463984K->34272K(506816K), [Metaspace: 5350K->5350K(1056768K)], 0.1779864 secs] [Times: user=0.17 sys=0.00, real=0.18 secs] 
2018-03-17T00:10:48.469+0500: 874.392: [GC (Allocation Failure) 2018-03-17T00:10:48.469+0500: 874.392: [DefNew: 139776K->17472K(157248K), 0.2559421 secs] 174048K->174046K(506816K), 0.2560093 secs] [Times: user=0.26 sys=0.00, real=0.26 secs] 
2018-03-17T00:10:48.750+0500: 874.674: [GC (Allocation Failure) 2018-03-17T00:10:48.750+0500: 874.674: [DefNew: 157248K->17472K(157248K), 0.2517015 secs] 313822K->313821K(506816K), 0.2517721 secs] [Times: user=0.25 sys=0.00, real=0.25 secs] 
2018-03-17T00:10:49.027+0500: 874.951: [GC (Allocation Failure) 2018-03-17T00:10:49.027+0500: 874.951: [DefNew: 157248K->157248K(157248K), 0.0000154 secs]2018-03-17T00:10:49.027+0500: 874.951: [Tenured: 296349K->23908K(349568K), 0.1569963 secs] 453597K->23908K(506816K), [Metaspace: 5350K->5350K(1056768K)], 0.1570853 secs] [Times: user=0.16 sys=0.00, real=0.16 secs] 
2018-03-17T00:10:49.212+0500: 875.136: [GC (Allocation Failure) 2018-03-17T00:10:49.212+0500: 875.136: [DefNew: 139776K->17472K(157248K), 0.2544227 secs] 163684K->163683K(506816K), 0.2544856 secs] [Times: user=0.25 sys=0.00, real=0.25 secs] 
2018-03-17T00:10:49.491+0500: 875.416: [GC (Allocation Failure) 2018-03-17T00:10:49.492+0500: 875.416: [DefNew: 157248K->17472K(157248K), 0.2553687 secs] 303459K->303458K(506816K), 0.2554486 secs] [Times: user=0.25 sys=0.00, real=0.26 secs] 
2018-03-17T00:10:49.773+0500: 875.697: [GC (Allocation Failure) 2018-03-17T00:10:49.773+0500: 875.697: [DefNew: 146063K->146063K(157248K), 0.0000163 secs]2018-03-17T00:10:49.773+0500: 875.697: [Tenured: 285986K->715K(349568K), 0.1364703 secs] 432050K->715K(506816K), [Metaspace: 5350K->5350K(1056768K)], 0.1365665 secs] [Times: user=0.13 sys=0.00, real=0.14 secs] 
2018-03-17T00:10:49.935+0500: 875.858: [GC (Allocation Failure) 2018-03-17T00:10:49.935+0500: 875.859: [DefNew: 139776K->17472K(157248K), 0.2228276 secs] 140491K->140490K(506816K), 0.2228914 secs] [Times: user=0.22 sys=0.00, real=0.22 secs] 
2018-03-17T00:10:50.183+0500: 876.107: [GC (Allocation Failure) 2018-03-17T00:10:50.183+0500: 876.107: [DefNew: 157248K->17472K(157248K), 0.2566260 secs] 280266K->280229K(506816K), 0.2566863 secs] [Times: user=0.25 sys=0.00, real=0.26 secs] 
2018-03-17T00:10:50.468+0500: 876.392: [GC (Allocation Failure) 2018-03-17T00:10:50.468+0500: 876.392: [DefNew: 157248K->157248K(157248K), 0.0000163 secs]2018-03-17T00:10:50.468+0500: 876.392: [Tenured: 262757K->205160K(349568K), 0.4717699 secs] 420005K->205160K(506816K), [Metaspace: 5350K->5350K(1056768K)], 0.4718610 secs] [Times: user=0.47 sys=0.00, real=0.47 secs] 
2018-03-17T00:10:50.965+0500: 876.889: [GC (Allocation Failure) 2018-03-17T00:10:50.965+0500: 876.889: [DefNew: 139776K->17472K(157248K), 0.2233832 secs] 344936K->344935K(506816K), 0.2234465 secs] [Times: user=0.22 sys=0.00, real=0.22 secs] 
2018-03-17T00:10:51.215+0500: 877.139: [GC (Allocation Failure) 2018-03-17T00:10:51.215+0500: 877.139: [DefNew: 157248K->157248K(157248K), 0.0000167 secs]2018-03-17T00:10:51.215+0500: 877.139: [Tenured: 327463K->55022K(349568K), 0.2203977 secs] 484711K->55022K(506816K), [Metaspace: 5350K->5350K(1056768K)], 0.2204871 secs] [Times: user=0.22 sys=0.00, real=0.22 secs] 
2018-03-17T00:10:51.464+0500: 877.388: [GC (Allocation Failure) 2018-03-17T00:10:51.464+0500: 877.388: [DefNew: 139776K->17472K(157248K), 0.2553114 secs] 194798K->194797K(506816K), 0.2553905 secs] [Times: user=0.25 sys=0.00, real=0.26 secs] 
2018-03-17T00:10:51.745+0500: 877.669: [GC (Allocation Failure) 2018-03-17T00:10:51.745+0500: 877.669: [DefNew: 157248K->17471K(157248K), 0.2493144 secs] 334573K->334572K(506816K), 0.2493768 secs] [Times: user=0.25 sys=0.00, real=0.25 secs] 
2018-03-17T00:10:52.020+0500: 877.944: [GC (Allocation Failure) 2018-03-17T00:10:52.020+0500: 877.944: [DefNew: 157247K->157247K(157248K), 0.0000167 secs]2018-03-17T00:10:52.020+0500: 877.944: [Tenured: 317100K->44659K(349568K), 0.1992768 secs] 474348K->44659K(506816K), [Metaspace: 5350K->5350K(1056768K)], 0.1993730 secs] [Times: user=0.20 sys=0.00, real=0.20 secs] 
2018-03-17T00:10:52.248+0500: 878.172: [GC (Allocation Failure) 2018-03-17T00:10:52.248+0500: 878.172: [DefNew: 139776K->17471K(157248K), 0.2567333 secs] 184435K->184434K(506816K), 0.2567932 secs] [Times: user=0.25 sys=0.00, real=0.26 secs] 
2018-03-17T00:10:52.531+0500: 878.455: [GC (Allocation Failure) 2018-03-17T00:10:52.532+0500: 878.455: [DefNew: 157247K->17472K(157248K), 0.2533352 secs] 324210K->324208K(506816K), 0.2534168 secs] [Times: user=0.23 sys=0.00, real=0.25 secs] 
2018-03-17T00:10:52.811+0500: 878.734: [GC (Allocation Failure) 2018-03-17T00:10:52.811+0500: 878.734: [DefNew: 157248K->157248K(157248K), 0.0000222 secs]2018-03-17T00:10:52.811+0500: 878.734: [Tenured: 306736K->34272K(349568K), 0.1771346 secs] 463984K->34272K(506816K), [Metaspace: 5350K->5350K(1056768K)], 0.1772428 secs] [Times: user=0.17 sys=0.00, real=0.18 secs] 
2018-03-17T00:10:53.017+0500: 878.941: [GC (Allocation Failure) 2018-03-17T00:10:53.017+0500: 878.941: [DefNew: 139776K->17472K(157248K), 0.2572589 secs] 174048K->174046K(506816K), 0.2573376 secs] [Times: user=0.27 sys=0.00, real=0.26 secs] 
2018-03-17T00:10:53.300+0500: 879.224: [GC (Allocation Failure) 2018-03-17T00:10:53.300+0500: 879.224: [DefNew: 157248K->17472K(157248K), 0.2523392 secs] 313822K->313821K(506816K), 0.2524029 secs] [Times: user=0.25 sys=0.00, real=0.25 secs] 
2018-03-17T00:10:53.578+0500: 879.502: [GC (Allocation Failure) 2018-03-17T00:10:53.578+0500: 879.502: [DefNew: 157248K->157248K(157248K), 0.0000175 secs]2018-03-17T00:10:53.578+0500: 879.502: [Tenured: 296349K->23908K(349568K), 0.1555487 secs] 453597K->23908K(506816K), [Metaspace: 5350K->5350K(1056768K)], 0.1556510 secs] [Times: user=0.16 sys=0.00, real=0.16 secs] 
2018-03-17T00:10:53.762+0500: 879.686: [GC (Allocation Failure) 2018-03-17T00:10:53.762+0500: 879.686: [DefNew: 139776K->17472K(157248K), 0.2581578 secs] 163684K->163683K(506816K), 0.2582335 secs] [Times: user=0.25 sys=0.00, real=0.26 secs] 
2018-03-17T00:10:54.046+0500: 879.970: [GC (Allocation Failure) 2018-03-17T00:10:54.046+0500: 879.970: [DefNew: 157248K->17472K(157248K), 0.2535310 secs] 303459K->303458K(506816K), 0.2535943 secs] [Times: user=0.25 sys=0.00, real=0.25 secs] 
2018-03-17T00:10:54.325+0500: 880.249: [GC (Allocation Failure) 2018-03-17T00:10:54.325+0500: 880.249: [DefNew: 146063K->146063K(157248K), 0.0000163 secs]2018-03-17T00:10:54.325+0500: 880.249: [Tenured: 285986K->715K(349568K), 0.1365554 secs] 432050K->715K(506816K), [Metaspace: 5350K->5350K(1056768K)], 0.1366409 secs] [Times: user=0.14 sys=0.00, real=0.14 secs] 
2018-03-17T00:10:54.487+0500: 880.411: [GC (Allocation Failure) 2018-03-17T00:10:54.487+0500: 880.411: [DefNew: 139776K->17472K(157248K), 0.2224376 secs] 140491K->140490K(506816K), 0.2225043 secs] [Times: user=0.23 sys=0.00, real=0.22 secs] 
2018-03-17T00:10:54.735+0500: 880.659: [GC (Allocation Failure) 2018-03-17T00:10:54.735+0500: 880.659: [DefNew: 157248K->17472K(157248K), 0.2554234 secs] 280266K->280229K(506816K), 0.2554858 secs] [Times: user=0.26 sys=0.00, real=0.26 secs] 
2018-03-17T00:10:55.018+0500: 880.942: [GC (Allocation Failure) 2018-03-17T00:10:55.018+0500: 880.942: [DefNew: 157248K->157248K(157248K), 0.0000175 secs]2018-03-17T00:10:55.018+0500: 880.942: [Tenured: 262757K->205160K(349568K), 0.4723678 secs] 420005K->205160K(506816K), [Metaspace: 5350K->5350K(1056768K)], 0.4724619 secs] [Times: user=0.48 sys=0.00, real=0.47 secs] 
2018-03-17T00:10:55.516+0500: 881.440: [GC (Allocation Failure) 2018-03-17T00:10:55.517+0500: 881.440: [DefNew: 139776K->17472K(157248K), 0.2232232 secs] 344936K->344935K(506816K), 0.2233096 secs] [Times: user=0.22 sys=0.00, real=0.22 secs] 
2018-03-17T00:10:55.766+0500: 881.690: [GC (Allocation Failure) 2018-03-17T00:10:55.766+0500: 881.690: [DefNew: 157248K->157248K(157248K), 0.0000167 secs]2018-03-17T00:10:55.766+0500: 881.690: [Tenured: 327463K->55022K(349568K), 0.2206842 secs] 484711K->55022K(506816K), [Metaspace: 5350K->5350K(1056768K)], 0.2208040 secs] [Times: user=0.22 sys=0.00, real=0.22 secs] 
2018-03-17T00:10:56.016+0500: 881.940: [GC (Allocation Failure) 2018-03-17T00:10:56.016+0500: 881.940: [DefNew: 139776K->17472K(157248K), 0.2541058 secs] 194798K->194797K(506816K), 0.2541674 secs] [Times: user=0.25 sys=0.00, real=0.25 secs] 
2018-03-17T00:10:56.295+0500: 882.220: [GC (Allocation Failure) 2018-03-17T00:10:56.295+0500: 882.220: [DefNew: 157248K->17471K(157248K), 0.2499871 secs] 334573K->334572K(506816K), 0.2500482 secs] [Times: user=0.25 sys=0.00, real=0.25 secs] 
2018-03-17T00:10:56.571+0500: 882.495: [GC (Allocation Failure) 2018-03-17T00:10:56.571+0500: 882.495: [DefNew: 157247K->157247K(157248K), 0.0000180 secs]2018-03-17T00:10:56.571+0500: 882.495: [Tenured: 317100K->44659K(349568K), 0.1996668 secs] 474348K->44659K(506816K), [Metaspace: 5350K->5350K(1056768K)], 0.1997946 secs] [Times: user=0.19 sys=0.00, real=0.20 secs] 
2018-03-17T00:10:56.801+0500: 882.724: [GC (Allocation Failure) 2018-03-17T00:10:56.801+0500: 882.724: [DefNew: 139776K->17471K(157248K), 0.2545125 secs] 184435K->184434K(506816K), 0.2545715 secs] [Times: user=0.27 sys=0.00, real=0.25 secs] 
2018-03-17T00:10:57.080+0500: 883.004: [GC (Allocation Failure) 2018-03-17T00:10:57.080+0500: 883.004: [DefNew: 157247K->17472K(157248K), 0.2506546 secs] 324210K->324208K(506816K), 0.2507149 secs] [Times: user=0.25 sys=0.00, real=0.25 secs] 
2018-03-17T00:10:57.356+0500: 883.280: [GC (Allocation Failure) 2018-03-17T00:10:57.356+0500: 883.280: [DefNew: 157248K->157248K(157248K), 0.0000158 secs]2018-03-17T00:10:57.356+0500: 883.280: [Tenured: 306736K->34272K(349568K), 0.1771256 secs] 463984K->34272K(506816K), [Metaspace: 5350K->5350K(1056768K)], 0.1772154 secs] [Times: user=0.17 sys=0.00, real=0.18 secs] 
2018-03-17T00:10:57.562+0500: 883.486: [GC (Allocation Failure) 2018-03-17T00:10:57.562+0500: 883.486: [DefNew: 139776K->17472K(157248K), 0.2547032 secs] 174048K->174046K(506816K), 0.2547721 secs] [Times: user=0.25 sys=0.00, real=0.25 secs] 
2018-03-17T00:10:57.842+0500: 883.767: [GC (Allocation Failure) 2018-03-17T00:10:57.842+0500: 883.767: [DefNew: 157248K->17472K(157248K), 0.2517601 secs] 313822K->313821K(506816K), 0.2518200 secs] [Times: user=0.25 sys=0.00, real=0.25 secs] 
2018-03-17T00:10:58.119+0500: 884.044: [GC (Allocation Failure) 2018-03-17T00:10:58.119+0500: 884.044: [DefNew: 157248K->157248K(157248K), 0.0000154 secs]2018-03-17T00:10:58.119+0500: 884.044: [Tenured: 296349K->23908K(349568K), 0.1549218 secs] 453597K->23908K(506816K), [Metaspace: 5350K->5350K(1056768K)], 0.1550073 secs] [Times: user=0.16 sys=0.00, real=0.16 secs] 
2018-03-17T00:10:58.303+0500: 884.227: [GC (Allocation Failure) 2018-03-17T00:10:58.304+0500: 884.227: [DefNew: 139776K->17472K(157248K), 0.2558938 secs] 163684K->163683K(506816K), 0.2559977 secs] [Times: user=0.27 sys=0.00, real=0.26 secs] 
2018-03-17T00:10:58.585+0500: 884.509: [GC (Allocation Failure) 2018-03-17T00:10:58.585+0500: 884.509: [DefNew: 157248K->17472K(157248K), 0.2561855 secs] 303459K->303458K(506816K), 0.2562505 secs] [Times: user=0.25 sys=0.00, real=0.26 secs] 
2018-03-17T00:10:58.868+0500: 884.792: [GC (Allocation Failure) 2018-03-17T00:10:58.868+0500: 884.792: [DefNew: 146063K->146063K(157248K), 0.0000171 secs]2018-03-17T00:10:58.868+0500: 884.792: [Tenured: 285986K->715K(349568K), 0.1366375 secs] 432050K->715K(506816K), [Metaspace: 5350K->5350K(1056768K)], 0.1367474 secs] [Times: user=0.13 sys=0.00, real=0.14 secs] 
2018-03-17T00:10:59.029+0500: 884.953: [GC (Allocation Failure) 2018-03-17T00:10:59.029+0500: 884.953: [DefNew: 139776K->17472K(157248K), 0.2241581 secs] 140491K->140490K(506816K), 0.2242209 secs] [Times: user=0.22 sys=0.00, real=0.22 secs] 
2018-03-17T00:10:59.279+0500: 885.203: [GC (Allocation Failure) 2018-03-17T00:10:59.279+0500: 885.203: [DefNew: 157248K->17472K(157248K), 0.2563634 secs] 280266K->280229K(506816K), 0.2564233 secs] [Times: user=0.25 sys=0.00, real=0.26 secs] 
2018-03-17T00:10:59.564+0500: 885.488: [GC (Allocation Failure) 2018-03-17T00:10:59.564+0500: 885.488: [DefNew: 157248K->157248K(157248K), 0.0000163 secs]2018-03-17T00:10:59.564+0500: 885.488: [Tenured: 262757K->205160K(349568K), 0.4886764 secs] 420005K->205160K(506816K), [Metaspace: 5350K->5350K(1056768K)], 0.4887679 secs] [Times: user=0.50 sys=0.00, real=0.49 secs] 
2018-03-17T00:11:00.079+0500: 886.003: [GC (Allocation Failure) 2018-03-17T00:11:00.079+0500: 886.003: [DefNew: 139776K->17472K(157248K), 0.2234691 secs] 344936K->344935K(506816K), 0.2235393 secs] [Times: user=0.23 sys=0.00, real=0.22 secs] 
2018-03-17T00:11:00.329+0500: 886.253: [GC (Allocation Failure) 2018-03-17T00:11:00.329+0500: 886.253: [DefNew: 157248K->157248K(157248K), 0.0000269 secs]2018-03-17T00:11:00.329+0500: 886.253: [Tenured: 327463K->55022K(349568K), 0.2244981 secs] 484711K->55022K(506816K), [Metaspace: 5350K->5350K(1056768K)], 0.2246144 secs] [Times: user=0.23 sys=0.00, real=0.22 secs] 
2018-03-17T00:11:00.582+0500: 886.506: [GC (Allocation Failure) 2018-03-17T00:11:00.582+0500: 886.506: [DefNew: 139776K->17472K(157248K), 0.2560803 secs] 194798K->194797K(506816K), 0.2561436 secs] [Times: user=0.26 sys=0.00, real=0.26 secs] 
2018-03-17T00:11:00.864+0500: 886.788: [GC (Allocation Failure) 2018-03-17T00:11:00.864+0500: 886.788: [DefNew: 157248K->17471K(157248K), 0.2530448 secs] 334573K->334572K(506816K), 0.2531171 secs] [Times: user=0.26 sys=0.00, real=0.25 secs] 
2018-03-17T00:11:01.143+0500: 887.066: [GC (Allocation Failure) 2018-03-17T00:11:01.143+0500: 887.066: [DefNew: 157247K->157247K(157248K), 0.0000163 secs]2018-03-17T00:11:01.143+0500: 887.066: [Tenured: 317100K->44659K(349568K), 0.2016862 secs] 474348K->44659K(506816K), [Metaspace: 5350K->5350K(1056768K)], 0.2017999 secs] [Times: user=0.20 sys=0.00, real=0.20 secs] 
2018-03-17T00:11:01.378+0500: 887.302: [GC (Allocation Failure) 2018-03-17T00:11:01.378+0500: 887.302: [DefNew: 139776K->17471K(157248K), 0.2565015 secs] 184435K->184434K(506816K), 0.2565755 secs] [Times: user=0.27 sys=0.00, real=0.26 secs] 
2018-03-17T00:11:01.660+0500: 887.584: [GC (Allocation Failure) 2018-03-17T00:11:01.660+0500: 887.584: [DefNew: 157247K->17472K(157248K), 0.2505400 secs] 324210K->324208K(506816K), 0.2506020 secs] [Times: user=0.25 sys=0.00, real=0.25 secs] 
2018-03-17T00:11:01.936+0500: 887.860: [GC (Allocation Failure) 2018-03-17T00:11:01.936+0500: 887.861: [DefNew: 157248K->157248K(157248K), 0.0000163 secs]2018-03-17T00:11:01.936+0500: 887.861: [Tenured: 306736K->34272K(349568K), 0.1771837 secs] 463984K->34272K(506816K), [Metaspace: 5350K->5350K(1056768K)], 0.1772949 secs] [Times: user=0.17 sys=0.00, real=0.18 secs] 
2018-03-17T00:11:02.143+0500: 888.067: [GC (Allocation Failure) 2018-03-17T00:11:02.143+0500: 888.067: [DefNew: 139776K->17472K(157248K), 0.2545027 secs] 174048K->174046K(506816K), 0.2545651 secs] [Times: user=0.27 sys=0.00, real=0.26 secs] 
2018-03-17T00:11:02.423+0500: 888.347: [GC (Allocation Failure) 2018-03-17T00:11:02.423+0500: 888.347: [DefNew: 157248K->17472K(157248K), 0.2513107 secs] 313822K->313821K(506816K), 0.2513714 secs] [Times: user=0.25 sys=0.00, real=0.25 secs] 
2018-03-17T00:11:02.700+0500: 888.624: [GC (Allocation Failure) 2018-03-17T00:11:02.700+0500: 888.624: [DefNew: 157248K->157248K(157248K), 0.0000163 secs]2018-03-17T00:11:02.700+0500: 888.624: [Tenured: 296349K->23908K(349568K), 0.1564019 secs] 453597K->23908K(506816K), [Metaspace: 5350K->5350K(1056768K)], 0.1564900 secs] [Times: user=0.16 sys=0.00, real=0.16 secs] 
2018-03-17T00:11:02.885+0500: 888.808: [GC (Allocation Failure) 2018-03-17T00:11:02.885+0500: 888.808: [DefNew: 139776K->17472K(157248K), 0.2547302 secs] 163684K->163683K(506816K), 0.2547922 secs] [Times: user=0.25 sys=0.00, real=0.25 secs] 
2018-03-17T00:11:03.166+0500: 889.090: [GC (Allocation Failure) 2018-03-17T00:11:03.166+0500: 889.090: [DefNew: 157248K->17472K(157248K), 0.2535028 secs] 303459K->303458K(506816K), 0.2535670 secs] [Times: user=0.25 sys=0.00, real=0.25 secs] 
2018-03-17T00:11:03.445+0500: 889.369: [GC (Allocation Failure) 2018-03-17T00:11:03.445+0500: 889.369: [DefNew: 146063K->146063K(157248K), 0.0000163 secs]2018-03-17T00:11:03.445+0500: 889.369: [Tenured: 285986K->715K(349568K), 0.1377849 secs] 432050K->715K(506816K), [Metaspace: 5350K->5350K(1056768K)], 0.1378704 secs] [Times: user=0.13 sys=0.00, real=0.14 secs] 
2018-03-17T00:11:03.608+0500: 889.533: [GC (Allocation Failure) 2018-03-17T00:11:03.608+0500: 889.533: [DefNew: 139776K->17472K(157248K), 0.2220018 secs] 140491K->140490K(506816K), 0.2220643 secs] [Times: user=0.22 sys=0.00, real=0.22 secs] 
2018-03-17T00:11:03.857+0500: 889.780: [GC (Allocation Failure) 2018-03-17T00:11:03.857+0500: 889.780: [DefNew: 157248K->17472K(157248K), 0.2549183 secs] 280266K->280229K(506816K), 0.2549786 secs] [Times: user=0.25 sys=0.00, real=0.25 secs] 
2018-03-17T00:11:04.139+0500: 890.063: [GC (Allocation Failure) 2018-03-17T00:11:04.139+0500: 890.063: [DefNew: 157248K->157248K(157248K), 0.0000158 secs]2018-03-17T00:11:04.139+0500: 890.063: [Tenured: 262757K->205160K(349568K), 0.4715240 secs] 420005K->205160K(506816K), [Metaspace: 5350K->5350K(1056768K)], 0.4716421 secs] [Times: user=0.47 sys=0.00, real=0.47 secs] 
2018-03-17T00:11:04.637+0500: 890.561: [GC (Allocation Failure) 2018-03-17T00:11:04.637+0500: 890.561: [DefNew: 139776K->17472K(157248K), 0.2248017 secs] 344936K->344935K(506816K), 0.2248641 secs] [Times: user=0.22 sys=0.00, real=0.22 secs] 
2018-03-17T00:11:04.887+0500: 890.812: [GC (Allocation Failure) 2018-03-17T00:11:04.887+0500: 890.812: [DefNew: 157248K->157248K(157248K), 0.0000158 secs]2018-03-17T00:11:04.887+0500: 890.812: [Tenured: 327463K->55022K(349568K), 0.2217371 secs] 484711K->55022K(506816K), [Metaspace: 5350K->5350K(1056768K)], 0.2218261 secs] [Times: user=0.22 sys=0.00, real=0.22 secs] 
2018-03-17T00:11:05.138+0500: 891.063: [GC (Allocation Failure) 2018-03-17T00:11:05.138+0500: 891.063: [DefNew: 139776K->17472K(157248K), 0.2566918 secs] 194798K->194797K(506816K), 0.2567538 secs] [Times: user=0.25 sys=0.00, real=0.26 secs] 
2018-03-17T00:11:05.421+0500: 891.345: [GC (Allocation Failure) 2018-03-17T00:11:05.421+0500: 891.345: [DefNew: 157248K->17471K(157248K), 0.2495804 secs] 334573K->334572K(506816K), 0.2496411 secs] [Times: user=0.25 sys=0.00, real=0.25 secs] 
2018-03-17T00:11:05.696+0500: 891.620: [GC (Allocation Failure) 2018-03-17T00:11:05.696+0500: 891.620: [DefNew: 157247K->157247K(157248K), 0.0000167 secs]2018-03-17T00:11:05.696+0500: 891.620: [Tenured: 317100K->44659K(349568K), 0.1989936 secs] 474348K->44659K(506816K), [Metaspace: 5350K->5350K(1056768K)], 0.1990912 secs] [Times: user=0.19 sys=0.00, real=0.20 secs] 
2018-03-17T00:11:05.924+0500: 891.848: [GC (Allocation Failure) 2018-03-17T00:11:05.924+0500: 891.848: [DefNew: 139776K->17471K(157248K), 0.2587895 secs] 184435K->184434K(506816K), 0.2588570 secs] [Times: user=0.27 sys=0.00, real=0.26 secs] 
2018-03-17T00:11:06.209+0500: 892.133: [GC (Allocation Failure) 2018-03-17T00:11:06.209+0500: 892.133: [DefNew: 157247K->17472K(157248K), 0.2513513 secs] 324210K->324208K(506816K), 0.2514167 secs] [Times: user=0.25 sys=0.00, real=0.25 secs] 
2018-03-17T00:11:06.486+0500: 892.410: [GC (Allocation Failure) 2018-03-17T00:11:06.486+0500: 892.410: [DefNew: 157248K->157248K(157248K), 0.0000171 secs]2018-03-17T00:11:06.486+0500: 892.410: [Tenured: 306736K->34272K(349568K), 0.1767753 secs] 463984K->34272K(506816K), [Metaspace: 5350K->5350K(1056768K)], 0.1768634 secs] [Times: user=0.19 sys=0.00, real=0.18 secs] 
2018-03-17T00:11:06.693+0500: 892.616: [GC (Allocation Failure) 2018-03-17T00:11:06.693+0500: 892.616: [DefNew: 139776K->17472K(157248K), 0.2550137 secs] 174048K->174046K(506816K), 0.2550757 secs] [Times: user=0.27 sys=0.00, real=0.25 secs] 
2018-03-17T00:11:06.973+0500: 892.897: [GC (Allocation Failure) 2018-03-17T00:11:06.973+0500: 892.897: [DefNew: 157248K->17472K(157248K), 0.2566940 secs] 313822K->313821K(506816K), 0.2567547 secs] [Times: user=0.27 sys=0.00, real=0.26 secs] 
2018-03-17T00:11:07.255+0500: 893.179: [GC (Allocation Failure) 2018-03-17T00:11:07.255+0500: 893.179: [DefNew: 157248K->157248K(157248K), 0.0000158 secs]2018-03-17T00:11:07.255+0500: 893.179: [Tenured: 296349K->23908K(349568K), 0.1549830 secs] 453597K->23908K(506816K), [Metaspace: 5350K->5350K(1056768K)], 0.1550864 secs] [Times: user=0.16 sys=0.00, real=0.15 secs] 
2018-03-17T00:11:07.438+0500: 893.362: [GC (Allocation Failure) 2018-03-17T00:11:07.438+0500: 893.362: [DefNew: 139776K->17472K(157248K), 0.2555307 secs] 163684K->163683K(506816K), 0.2556154 secs] [Times: user=0.27 sys=0.00, real=0.26 secs] 
2018-03-17T00:11:07.719+0500: 893.643: [GC (Allocation Failure) 2018-03-17T00:11:07.719+0500: 893.643: [DefNew: 157248K->17472K(157248K), 0.2529464 secs] 303459K->303458K(506816K), 0.2530067 secs] [Times: user=0.25 sys=0.00, real=0.25 secs] 
2018-03-17T00:11:07.997+0500: 893.922: [GC (Allocation Failure) 2018-03-17T00:11:07.997+0500: 893.922: [DefNew: 146063K->146063K(157248K), 0.0000171 secs]2018-03-17T00:11:07.997+0500: 893.922: [Tenured: 285986K->715K(349568K), 0.1382737 secs] 432050K->715K(506816K), [Metaspace: 5350K->5350K(1056768K)], 0.1383737 secs] [Times: user=0.14 sys=0.00, real=0.14 secs] 
2018-03-17T00:11:08.162+0500: 894.086: [GC (Allocation Failure) 2018-03-17T00:11:08.162+0500: 894.086: [DefNew: 139776K->17472K(157248K), 0.2222242 secs] 140491K->140490K(506816K), 0.2222875 secs] [Times: user=0.23 sys=0.00, real=0.22 secs] 
2018-03-17T00:11:08.410+0500: 894.333: [GC (Allocation Failure) 2018-03-17T00:11:08.410+0500: 894.333: [DefNew: 157248K->17472K(157248K), 0.2563296 secs] 280266K->280229K(506816K), 0.2564181 secs] [Times: user=0.27 sys=0.00, real=0.26 secs] 
2018-03-17T00:11:08.695+0500: 894.619: [GC (Allocation Failure) 2018-03-17T00:11:08.695+0500: 894.619: [DefNew: 157248K->157248K(157248K), 0.0000167 secs]2018-03-17T00:11:08.695+0500: 894.619: [Tenured: 262757K->205160K(349568K), 0.4721664 secs] 420005K->205160K(506816K), [Metaspace: 5350K->5350K(1056768K)], 0.4722570 secs] [Times: user=0.45 sys=0.00, real=0.47 secs] 
2018-03-17T00:11:09.192+0500: 895.117: [GC (Allocation Failure) 2018-03-17T00:11:09.192+0500: 895.117: [DefNew: 139776K->17472K(157248K), 0.2231770 secs] 344936K->344935K(506816K), 0.2232382 secs] [Times: user=0.23 sys=0.00, real=0.22 secs] 
2018-03-17T00:11:09.443+0500: 895.366: [GC (Allocation Failure) 2018-03-17T00:11:09.443+0500: 895.366: [DefNew: 157248K->157248K(157248K), 0.0000175 secs]2018-03-17T00:11:09.443+0500: 895.366: [Tenured: 327463K->55022K(349568K), 0.2200834 secs] 484711K->55022K(506816K), [Metaspace: 5350K->5350K(1056768K)], 0.2201740 secs] [Times: user=0.23 sys=0.00, real=0.22 secs] 
2018-03-17T00:11:09.692+0500: 895.615: [GC (Allocation Failure) 2018-03-17T00:11:09.692+0500: 895.615: [DefNew: 139776K->17472K(157248K), 0.2577049 secs] 194798K->194797K(506816K), 0.2577691 secs] [Times: user=0.27 sys=0.00, real=0.26 secs] 
2018-03-17T00:11:09.975+0500: 895.898: [GC (Allocation Failure) 2018-03-17T00:11:09.975+0500: 895.898: [DefNew: 157248K->17471K(157248K), 0.2528900 secs] 334573K->334572K(506816K), 0.2529546 secs] [Times: user=0.25 sys=0.00, real=0.25 secs] 
2018-03-17T00:11:10.253+0500: 896.177: [GC (Allocation Failure) 2018-03-17T00:11:10.253+0500: 896.177: [DefNew: 157247K->157247K(157248K), 0.0000180 secs]2018-03-17T00:11:10.253+0500: 896.177: [Tenured: 317100K->44659K(349568K), 0.1995667 secs] 474348K->44659K(506816K), [Metaspace: 5350K->5350K(1056768K)], 0.1996668 secs] [Times: user=0.20 sys=0.00, real=0.20 secs] 
2018-03-17T00:11:10.481+0500: 896.405: [GC (Allocation Failure) 2018-03-17T00:11:10.481+0500: 896.405: [DefNew: 139776K->17471K(157248K), 0.2557916 secs] 184435K->184434K(506816K), 0.2558523 secs] [Times: user=0.25 sys=0.00, real=0.26 secs] 
2018-03-17T00:11:10.762+0500: 896.687: [GC (Allocation Failure) 2018-03-17T00:11:10.762+0500: 896.687: [DefNew: 157247K->17472K(157248K), 0.2504040 secs] 324210K->324208K(506816K), 0.2504759 secs] [Times: user=0.25 sys=0.00, real=0.25 secs] 
2018-03-17T00:11:11.039+0500: 896.963: [GC (Allocation Failure) 2018-03-17T00:11:11.039+0500: 896.963: [DefNew: 157248K->157248K(157248K), 0.0000167 secs]2018-03-17T00:11:11.039+0500: 896.963: [Tenured: 306736K->34272K(349568K), 0.1770619 secs] 463984K->34272K(506816K), [Metaspace: 5350K->5350K(1056768K)], 0.1771525 secs] [Times: user=0.17 sys=0.00, real=0.18 secs] 
2018-03-17T00:11:11.245+0500: 897.169: [GC (Allocation Failure) 2018-03-17T00:11:11.245+0500: 897.169: [DefNew: 139776K->17472K(157248K), 0.2539467 secs] 174048K->174046K(506816K), 0.2540074 secs] [Times: user=0.25 sys=0.00, real=0.25 secs] 
2018-03-17T00:11:11.524+0500: 897.448: [GC (Allocation Failure) 2018-03-17T00:11:11.525+0500: 897.448: [DefNew: 157248K->17472K(157248K), 0.2528476 secs] 313822K->313821K(506816K), 0.2529443 secs] [Times: user=0.25 sys=0.00, real=0.25 secs] 
2018-03-17T00:11:11.803+0500: 897.727: [GC (Allocation Failure) 2018-03-17T00:11:11.803+0500: 897.727: [DefNew: 157248K->157248K(157248K), 0.0000163 secs]2018-03-17T00:11:11.803+0500: 897.727: [Tenured: 296349K->23908K(349568K), 0.1555329 secs] 453597K->23908K(506816K), [Metaspace: 5350K->5350K(1056768K)], 0.1556202 secs] [Times: user=0.16 sys=0.00, real=0.16 secs] 
2018-03-17T00:11:11.987+0500: 897.911: [GC (Allocation Failure) 2018-03-17T00:11:11.987+0500: 897.911: [DefNew: 139776K->17472K(157248K), 0.2546968 secs] 163684K->163683K(506816K), 0.2547571 secs] [Times: user=0.26 sys=0.00, real=0.26 secs] 
2018-03-17T00:11:12.268+0500: 898.191: [GC (Allocation Failure) 2018-03-17T00:11:12.268+0500: 898.191: [DefNew: 157248K->17472K(157248K), 0.2532449 secs] 303459K->303458K(506816K), 0.2533108 secs] [Times: user=0.23 sys=0.00, real=0.25 secs] 
2018-03-17T00:11:12.547+0500: 898.470: [GC (Allocation Failure) 2018-03-17T00:11:12.547+0500: 898.470: [DefNew: 146063K->146063K(157248K), 0.0000167 secs]2018-03-17T00:11:12.547+0500: 898.470: [Tenured: 285986K->715K(349568K), 0.1366050 secs] 432050K->715K(506816K), [Metaspace: 5350K->5350K(1056768K)], 0.1367025 secs] [Times: user=0.14 sys=0.00, real=0.14 secs] 
2018-03-17T00:11:12.709+0500: 898.632: [GC (Allocation Failure) 2018-03-17T00:11:12.709+0500: 898.632: [DefNew: 139776K->17472K(157248K), 0.2225428 secs] 140491K->140490K(506816K), 0.2226035 secs] [Times: user=0.22 sys=0.00, real=0.22 secs] 
2018-03-17T00:11:12.957+0500: 898.881: [GC (Allocation Failure) 2018-03-17T00:11:12.957+0500: 898.881: [DefNew: 157248K->17472K(157248K), 0.2581215 secs] 280266K->280229K(506816K), 0.2581822 secs] [Times: user=0.25 sys=0.00, real=0.26 secs] 
2018-03-17T00:11:13.243+0500: 899.167: [GC (Allocation Failure) 2018-03-17T00:11:13.243+0500: 899.167: [DefNew: 157248K->157248K(157248K), 0.0000171 secs]2018-03-17T00:11:13.243+0500: 899.167: [Tenured: 262757K->205160K(349568K), 0.4734374 secs] 420005K->205160K(506816K), [Metaspace: 5350K->5350K(1056768K)], 0.4735285 secs] [Times: user=0.47 sys=0.00, real=0.47 secs] 
2018-03-17T00:11:13.743+0500: 899.666: [GC (Allocation Failure) 2018-03-17T00:11:13.743+0500: 899.667: [DefNew: 139776K->17472K(157248K), 0.2226343 secs] 344936K->344935K(506816K), 0.2227152 secs] [Times: user=0.22 sys=0.00, real=0.22 secs] 
2018-03-17T00:11:13.992+0500: 899.915: [GC (Allocation Failure) 2018-03-17T00:11:13.992+0500: 899.915: [DefNew: 157248K->157248K(157248K), 0.0000163 secs]2018-03-17T00:11:13.992+0500: 899.915: [Tenured: 327463K->55022K(349568K), 0.2203806 secs] 484711K->55022K(506816K), [Metaspace: 5350K->5350K(1056768K)], 0.2204725 secs] [Times: user=0.22 sys=0.00, real=0.22 secs] 
2018-03-17T00:11:14.240+0500: 900.164: [GC (Allocation Failure) 2018-03-17T00:11:14.240+0500: 900.164: [DefNew: 139776K->17472K(157248K), 0.2548230 secs] 194798K->194797K(506816K), 0.2548871 secs] [Times: user=0.27 sys=0.00, real=0.25 secs] 
2018-03-17T00:11:14.520+0500: 900.444: [GC (Allocation Failure) 2018-03-17T00:11:14.520+0500: 900.445: [DefNew: 157248K->17471K(157248K), 0.2521570 secs] 334573K->334572K(506816K), 0.2522271 secs] [Times: user=0.23 sys=0.00, real=0.25 secs] 
2018-03-17T00:11:14.799+0500: 900.723: [GC (Allocation Failure) 2018-03-17T00:11:14.799+0500: 900.723: [DefNew: 157247K->157247K(157248K), 0.0000175 secs]2018-03-17T00:11:14.799+0500: 900.723: [Tenured: 317100K->44659K(349568K), 0.1993503 secs] 474348K->44659K(506816K), [Metaspace: 5350K->5350K(1056768K)], 0.1994461 secs] [Times: user=0.20 sys=0.00, real=0.20 secs] 
2018-03-17T00:11:15.027+0500: 900.951: [GC (Allocation Failure) 2018-03-17T00:11:15.027+0500: 900.951: [DefNew: 139776K->17471K(157248K), 0.2572512 secs] 184435K->184434K(506816K), 0.2573145 secs] [Times: user=0.25 sys=0.00, real=0.26 secs] 
2018-03-17T00:11:15.310+0500: 901.234: [GC (Allocation Failure) 2018-03-17T00:11:15.310+0500: 901.234: [DefNew: 157247K->17472K(157248K), 0.2528468 secs] 324210K->324208K(506816K), 0.2529118 secs] [Times: user=0.25 sys=0.00, real=0.25 secs] 
2018-03-17T00:11:15.588+0500: 901.512: [GC (Allocation Failure) 2018-03-17T00:11:15.588+0500: 901.512: [DefNew: 157248K->157248K(157248K), 0.0000287 secs]2018-03-17T00:11:15.589+0500: 901.512: [Tenured: 306736K->34272K(349568K), 0.1770606 secs] 463984K->34272K(506816K), [Metaspace: 5350K->5350K(1056768K)], 0.1771671 secs] [Times: user=0.17 sys=0.00, real=0.18 secs] 
2018-03-17T00:11:15.796+0500: 901.720: [GC (Allocation Failure) 2018-03-17T00:11:15.796+0500: 901.720: [DefNew: 139776K->17472K(157248K), 0.2567628 secs] 174048K->174046K(506816K), 0.2568535 secs] [Times: user=0.22 sys=0.02, real=0.26 secs] 
2018-03-17T00:11:16.078+0500: 902.002: [GC (Allocation Failure) 2018-03-17T00:11:16.078+0500: 902.002: [DefNew: 157248K->17472K(157248K), 0.2519183 secs] 313822K->313821K(506816K), 0.2519791 secs] [Times: user=0.25 sys=0.00, real=0.25 secs] 
2018-03-17T00:11:16.356+0500: 902.280: [GC (Allocation Failure) 2018-03-17T00:11:16.356+0500: 902.280: [DefNew: 157248K->157248K(157248K), 0.0000175 secs]2018-03-17T00:11:16.356+0500: 902.280: [Tenured: 296349K->23908K(349568K), 0.1542790 secs] 453597K->23908K(506816K), [Metaspace: 5350K->5350K(1056768K)], 0.1543761 secs] [Times: user=0.16 sys=0.00, real=0.15 secs] 
2018-03-17T00:11:16.539+0500: 902.463: [GC (Allocation Failure) 2018-03-17T00:11:16.539+0500: 902.463: [DefNew: 139776K->17472K(157248K), 0.2578508 secs] 163684K->163683K(506816K), 0.2579166 secs] [Times: user=0.25 sys=0.00, real=0.26 secs] 
2018-03-17T00:11:16.822+0500: 902.746: [GC (Allocation Failure) 2018-03-17T00:11:16.822+0500: 902.746: [DefNew: 157248K->17472K(157248K), 0.2711914 secs] 303459K->303458K(506816K), 0.2712487 secs] [Times: user=0.27 sys=0.00, real=0.27 secs] 
2018-03-17T00:11:17.119+0500: 903.043: [GC (Allocation Failure) 2018-03-17T00:11:17.119+0500: 903.043: [DefNew: 146063K->146063K(157248K), 0.0000145 secs]2018-03-17T00:11:17.119+0500: 903.043: [Tenured: 285986K->715K(349568K), 0.1384105 secs] 432050K->715K(506816K), [Metaspace: 5350K->5350K(1056768K)], 0.1384995 secs] [Times: user=0.14 sys=0.00, real=0.14 secs] 
2018-03-17T00:11:17.283+0500: 903.207: [GC (Allocation Failure) 2018-03-17T00:11:17.283+0500: 903.207: [DefNew: 139776K->17472K(157248K), 0.2225958 secs] 140491K->140490K(506816K), 0.2226621 secs] [Times: user=0.22 sys=0.00, real=0.22 secs] 
2018-03-17T00:11:17.531+0500: 903.455: [GC (Allocation Failure) 2018-03-17T00:11:17.531+0500: 903.455: [DefNew: 157248K->17472K(157248K), 0.2555496 secs] 280266K->280229K(506816K), 0.2556223 secs] [Times: user=0.25 sys=0.00, real=0.26 secs] 
2018-03-17T00:11:17.815+0500: 903.740: [GC (Allocation Failure) 2018-03-17T00:11:17.815+0500: 903.740: [DefNew: 157248K->157248K(157248K), 0.0000184 secs]2018-03-17T00:11:17.815+0500: 903.740: [Tenured: 262757K->205160K(349568K), 0.4701812 secs] 420005K->205160K(506816K), [Metaspace: 5350K->5350K(1056768K)], 0.4702757 secs] [Times: user=0.47 sys=0.00, real=0.47 secs] 
2018-03-17T00:11:18.312+0500: 904.236: [GC (Allocation Failure) 2018-03-17T00:11:18.312+0500: 904.236: [DefNew: 139776K->17472K(157248K), 0.2230547 secs] 344936K->344935K(506816K), 0.2231176 secs] [Times: user=0.22 sys=0.00, real=0.22 secs] 
2018-03-17T00:11:18.561+0500: 904.485: [GC (Allocation Failure) 2018-03-17T00:11:18.561+0500: 904.485: [DefNew: 157248K->157248K(157248K), 0.0000163 secs]2018-03-17T00:11:18.561+0500: 904.485: [Tenured: 327463K->55022K(349568K), 0.2219407 secs] 484711K->55022K(506816K), [Metaspace: 5350K->5350K(1056768K)], 0.2220322 secs] [Times: user=0.22 sys=0.00, real=0.22 secs] 
2018-03-17T00:11:18.813+0500: 904.737: [GC (Allocation Failure) 2018-03-17T00:11:18.813+0500: 904.737: [DefNew: 139776K->17472K(157248K), 0.2544595 secs] 194798K->194797K(506816K), 0.2545356 secs] [Times: user=0.25 sys=0.00, real=0.25 secs] 
2018-03-17T00:11:19.092+0500: 905.017: [GC (Allocation Failure) 2018-03-17T00:11:19.092+0500: 905.017: [DefNew: 157248K->17471K(157248K), 0.2549739 secs] 334573K->334572K(506816K), 0.2550364 secs] [Times: user=0.25 sys=0.00, real=0.26 secs] 
2018-03-17T00:11:19.374+0500: 905.297: [GC (Allocation Failure) 2018-03-17T00:11:19.374+0500: 905.297: [DefNew: 157247K->157247K(157248K), 0.0000158 secs]2018-03-17T00:11:19.374+0500: 905.297: [Tenured: 317100K->44659K(349568K), 0.2065114 secs] 474348K->44659K(506816K), [Metaspace: 5350K->5350K(1056768K)], 0.2065999 secs] [Times: user=0.20 sys=0.00, real=0.21 secs] 
2018-03-17T00:11:19.609+0500: 905.533: [GC (Allocation Failure) 2018-03-17T00:11:19.609+0500: 905.533: [DefNew: 139776K->17471K(157248K), 0.2576224 secs] 184435K->184434K(506816K), 0.2576840 secs] [Times: user=0.25 sys=0.00, real=0.26 secs] 
2018-03-17T00:11:19.892+0500: 905.816: [GC (Allocation Failure) 2018-03-17T00:11:19.892+0500: 905.816: [DefNew: 157247K->17472K(157248K), 0.2539091 secs] 324210K->324208K(506816K), 0.2539698 secs] [Times: user=0.25 sys=0.00, real=0.25 secs] 
2018-03-17T00:11:20.172+0500: 906.096: [GC (Allocation Failure) 2018-03-17T00:11:20.172+0500: 906.096: [DefNew: 157248K->157248K(157248K), 0.0000261 secs]2018-03-17T00:11:20.172+0500: 906.096: [Tenured: 306736K->34272K(349568K), 0.1762378 secs] 463984K->34272K(506816K), [Metaspace: 5350K->5350K(1056768K)], 0.1763455 secs] [Times: user=0.17 sys=0.00, real=0.18 secs] 
2018-03-17T00:11:20.377+0500: 906.301: [GC (Allocation Failure) 2018-03-17T00:11:20.377+0500: 906.301: [DefNew: 139776K->17472K(157248K), 0.2554721 secs] 174048K->174046K(506816K), 0.2555376 secs] [Times: user=0.27 sys=0.00, real=0.25 secs] 
2018-03-17T00:11:20.658+0500: 906.582: [GC (Allocation Failure) 2018-03-17T00:11:20.658+0500: 906.582: [DefNew: 157248K->17472K(157248K), 0.2532958 secs] 313822K->313821K(506816K), 0.2533689 secs] [Times: user=0.25 sys=0.00, real=0.25 secs] 
2018-03-17T00:11:20.937+0500: 906.861: [GC (Allocation Failure) 2018-03-17T00:11:20.937+0500: 906.861: [DefNew: 157248K->157248K(157248K), 0.0000163 secs]2018-03-17T00:11:20.937+0500: 906.861: [Tenured: 296349K->23908K(349568K), 0.1551305 secs] 453597K->23908K(506816K), [Metaspace: 5350K->5350K(1056768K)], 0.1552165 secs] [Times: user=0.16 sys=0.00, real=0.15 secs] 
2018-03-17T00:11:21.121+0500: 907.044: [GC (Allocation Failure) 2018-03-17T00:11:21.121+0500: 907.044: [DefNew: 139776K->17472K(157248K), 0.2557574 secs] 163684K->163683K(506816K), 0.2558215 secs] [Times: user=0.25 sys=0.00, real=0.25 secs] 
2018-03-17T00:11:21.402+0500: 907.326: [GC (Allocation Failure) 2018-03-17T00:11:21.402+0500: 907.326: [DefNew: 157248K->17472K(157248K), 0.3207924 secs] 303459K->303458K(506816K), 0.3208531 secs] [Times: user=0.31 sys=0.00, real=0.32 secs] 
2018-03-17T00:11:21.748+0500: 907.672: [GC (Allocation Failure) 2018-03-17T00:11:21.748+0500: 907.672: [DefNew: 146063K->146063K(157248K), 0.0000167 secs]2018-03-17T00:11:21.748+0500: 907.672: [Tenured: 285986K->715K(349568K), 0.1392030 secs] 432050K->715K(506816K), [Metaspace: 5350K->5350K(1056768K)], 0.1392906 secs] [Times: user=0.14 sys=0.00, real=0.14 secs] 
2018-03-17T00:11:21.913+0500: 907.837: [GC (Allocation Failure) 2018-03-17T00:11:21.913+0500: 907.837: [DefNew: 139776K->17472K(157248K), 0.2235345 secs] 140491K->140490K(506816K), 0.2236021 secs] [Times: user=0.22 sys=0.00, real=0.22 secs] 
2018-03-17T00:11:22.163+0500: 908.087: [GC (Allocation Failure) 2018-03-17T00:11:22.163+0500: 908.087: [DefNew: 157248K->17472K(157248K), 0.2752165 secs] 280266K->280229K(506816K), 0.2752802 secs] [Times: user=0.26 sys=0.00, real=0.27 secs] 
2018-03-17T00:11:22.468+0500: 908.392: [GC (Allocation Failure) 2018-03-17T00:11:22.468+0500: 908.392: [DefNew: 157248K->157248K(157248K), 0.0000163 secs]2018-03-17T00:11:22.468+0500: 908.392: [Tenured: 262757K->205160K(349568K), 0.4797991 secs] 420005K->205160K(506816K), [Metaspace: 5350K->5350K(1056768K)], 0.4798885 secs] [Times: user=0.48 sys=0.00, real=0.48 secs] 
2018-03-17T00:11:22.973+0500: 908.898: [GC (Allocation Failure) 2018-03-17T00:11:22.974+0500: 908.898: [DefNew: 139776K->17472K(157248K), 0.2502898 secs] 344936K->344935K(506816K), 0.2503899 secs] [Times: user=0.25 sys=0.00, real=0.25 secs] 
2018-03-17T00:11:23.266+0500: 909.191: [GC (Allocation Failure) 2018-03-17T00:11:23.267+0500: 909.191: [DefNew: 157248K->157248K(157248K), 0.0000210 secs]2018-03-17T00:11:23.267+0500: 909.191: [Tenured: 327463K->55022K(349568K), 0.2302128 secs] 484711K->55022K(506816K), [Metaspace: 5350K->5350K(1056768K)], 0.2303235 secs] [Times: user=0.23 sys=0.00, real=0.23 secs] 
2018-03-17T00:11:23.526+0500: 909.450: [GC (Allocation Failure) 2018-03-17T00:11:23.526+0500: 909.450: [DefNew: 139776K->17472K(157248K), 0.2544107 secs] 194798K->194797K(506816K), 0.2544727 secs] [Times: user=0.25 sys=0.00, real=0.25 secs] 
2018-03-17T00:11:23.807+0500: 909.730: [GC (Allocation Failure) 2018-03-17T00:11:23.807+0500: 909.730: [DefNew: 157248K->17471K(157248K), 0.2501547 secs] 334573K->334572K(506816K), 0.2502287 secs] [Times: user=0.25 sys=0.00, real=0.25 secs] 
2018-03-17T00:11:24.082+0500: 910.006: [GC (Allocation Failure) 2018-03-17T00:11:24.082+0500: 910.006: [DefNew: 157247K->157247K(157248K), 0.0000163 secs]2018-03-17T00:11:24.082+0500: 910.006: [Tenured: 317100K->44659K(349568K), 0.2003929 secs] 474348K->44659K(506816K), [Metaspace: 5350K->5350K(1056768K)], 0.2005033 secs] [Times: user=0.20 sys=0.00, real=0.20 secs] 
2018-03-17T00:11:24.311+0500: 910.235: [GC (Allocation Failure) 2018-03-17T00:11:24.311+0500: 910.235: [DefNew: 139776K->17471K(157248K), 0.2558955 secs] 184435K->184434K(506816K), 0.2559575 secs] [Times: user=0.25 sys=0.00, real=0.26 secs] 
2018-03-17T00:11:24.592+0500: 910.517: [GC (Allocation Failure) 2018-03-17T00:11:24.593+0500: 910.517: [DefNew: 157247K->17472K(157248K), 0.2517191 secs] 324210K->324208K(506816K), 0.2518016 secs] [Times: user=0.25 sys=0.00, real=0.25 secs] 
2018-03-17T00:11:24.871+0500: 910.795: [GC (Allocation Failure) 2018-03-17T00:11:24.871+0500: 910.795: [DefNew: 157248K->157248K(157248K), 0.0000265 secs]2018-03-17T00:11:24.871+0500: 910.795: [Tenured: 306736K->34272K(349568K), 0.1819966 secs] 463984K->34272K(506816K), [Metaspace: 5350K->5350K(1056768K)], 0.1821150 secs] [Times: user=0.19 sys=0.00, real=0.18 secs] 
2018-03-17T00:11:25.087+0500: 911.010: [GC (Allocation Failure) 2018-03-17T00:11:25.087+0500: 911.010: [DefNew: 139776K->17472K(157248K), 0.2824485 secs] 174048K->174046K(506816K), 0.2825170 secs] [Times: user=0.28 sys=0.00, real=0.28 secs] 
2018-03-17T00:11:25.403+0500: 911.327: [GC (Allocation Failure) 2018-03-17T00:11:25.403+0500: 911.327: [DefNew: 157248K->17472K(157248K), 0.2613216 secs] 313822K->313821K(506816K), 0.2613857 secs] [Times: user=0.27 sys=0.00, real=0.26 secs] 
2018-03-17T00:11:25.691+0500: 911.615: [GC (Allocation Failure) 2018-03-17T00:11:25.691+0500: 911.615: [DefNew: 157248K->157248K(157248K), 0.0000154 secs]2018-03-17T00:11:25.691+0500: 911.615: [Tenured: 296349K->23908K(349568K), 0.1567295 secs] 453597K->23908K(506816K), [Metaspace: 5350K->5350K(1056768K)], 0.1568236 secs] [Times: user=0.16 sys=0.00, real=0.16 secs] 
2018-03-17T00:11:25.875+0500: 911.799: [GC (Allocation Failure) 2018-03-17T00:11:25.875+0500: 911.799: [DefNew: 139776K->17472K(157248K), 0.3074603 secs] 163684K->163683K(506816K), 0.3075351 secs] [Times: user=0.31 sys=0.00, real=0.31 secs] 
2018-03-17T00:11:26.226+0500: 912.151: [GC (Allocation Failure) 2018-03-17T00:11:26.226+0500: 912.151: [DefNew: 157248K->17472K(157248K), 0.3019329 secs] 303459K->303458K(506816K), 0.3020086 secs] [Times: user=0.30 sys=0.00, real=0.30 secs] 
2018-03-17T00:11:26.556+0500: 912.479: [GC (Allocation Failure) 2018-03-17T00:11:26.556+0500: 912.480: [DefNew: 146063K->146063K(157248K), 0.0000163 secs]2018-03-17T00:11:26.556+0500: 912.480: [Tenured: 285986K->715K(349568K), 0.1400720 secs] 432050K->715K(506816K), [Metaspace: 5350K->5350K(1056768K)], 0.1401562 secs] [Times: user=0.14 sys=0.00, real=0.14 secs] 
2018-03-17T00:11:26.722+0500: 912.646: [GC (Allocation Failure) 2018-03-17T00:11:26.722+0500: 912.646: [DefNew: 139776K->17472K(157248K), 0.2243184 secs] 140491K->140490K(506816K), 0.2243903 secs] [Times: user=0.23 sys=0.00, real=0.23 secs] 
2018-03-17T00:11:26.972+0500: 912.896: [GC (Allocation Failure) 2018-03-17T00:11:26.972+0500: 912.896: [DefNew: 157248K->17472K(157248K), 0.2596614 secs] 280266K->280229K(506816K), 0.2597209 secs] [Times: user=0.27 sys=0.00, real=0.26 secs] 
2018-03-17T00:11:27.260+0500: 913.184: [GC (Allocation Failure) 2018-03-17T00:11:27.260+0500: 913.184: [DefNew: 157248K->157248K(157248K), 0.0000167 secs]2018-03-17T00:11:27.260+0500: 913.184: [Tenured: 262757K->205160K(349568K), 0.4998437 secs] 420005K->205160K(506816K), [Metaspace: 5350K->5350K(1056768K)], 0.4999416 secs] [Times: user=0.50 sys=0.00, real=0.50 secs] 
2018-03-17T00:11:27.786+0500: 913.709: [GC (Allocation Failure) 2018-03-17T00:11:27.786+0500: 913.709: [DefNew: 139776K->17472K(157248K), 0.2262946 secs] 344936K->344935K(506816K), 0.2263579 secs] [Times: user=0.24 sys=0.00, real=0.23 secs] 
2018-03-17T00:11:28.039+0500: 913.963: [GC (Allocation Failure) 2018-03-17T00:11:28.039+0500: 913.963: [DefNew: 157248K->157248K(157248K), 0.0000163 secs]2018-03-17T00:11:28.039+0500: 913.963: [Tenured: 327463K->55022K(349568K), 0.2245002 secs] 484711K->55022K(506816K), [Metaspace: 5350K->5350K(1056768K)], 0.2245913 secs] [Times: user=0.22 sys=0.00, real=0.22 secs] 
2018-03-17T00:11:28.293+0500: 914.216: [GC (Allocation Failure) 2018-03-17T00:11:28.293+0500: 914.216: [DefNew: 139776K->17472K(157248K), 0.2894762 secs] 194798K->194797K(506816K), 0.2895395 secs] [Times: user=0.26 sys=0.00, real=0.29 secs] 
2018-03-17T00:11:28.609+0500: 914.533: [GC (Allocation Failure) 2018-03-17T00:11:28.609+0500: 914.533: [DefNew: 157248K->17471K(157248K), 0.2525235 secs] 334573K->334572K(506816K), 0.2525919 secs] [Times: user=0.25 sys=0.00, real=0.25 secs] 
2018-03-17T00:11:28.890+0500: 914.814: [GC (Allocation Failure) 2018-03-17T00:11:28.890+0500: 914.814: [DefNew: 157247K->157247K(157248K), 0.0000184 secs]2018-03-17T00:11:28.890+0500: 914.814: [Tenured: 317100K->44659K(349568K), 0.2453107 secs] 474348K->44659K(506816K), [Metaspace: 5350K->5350K(1056768K)], 0.2454043 secs] [Times: user=0.25 sys=0.00, real=0.24 secs] 
2018-03-17T00:11:29.182+0500: 915.105: [GC (Allocation Failure) 2018-03-17T00:11:29.182+0500: 915.105: [DefNew: 139776K->17471K(157248K), 0.2827881 secs] 184435K->184434K(506816K), 0.2828497 secs] [Times: user=0.28 sys=0.00, real=0.28 secs] 
2018-03-17T00:11:29.491+0500: 915.415: [GC (Allocation Failure) 2018-03-17T00:11:29.491+0500: 915.415: [DefNew: 157247K->17472K(157248K), 0.2564318 secs] 324210K->324208K(506816K), 0.2565438 secs] [Times: user=0.25 sys=0.00, real=0.26 secs] 
2018-03-17T00:11:29.774+0500: 915.698: [GC (Allocation Failure) 2018-03-17T00:11:29.774+0500: 915.698: [DefNew: 157248K->157248K(157248K), 0.0000175 secs]2018-03-17T00:11:29.774+0500: 915.698: [Tenured: 306736K->34272K(349568K), 0.1792968 secs] 463984K->34272K(506816K), [Metaspace: 5350K->5350K(1056768K)], 0.1793977 secs] [Times: user=0.17 sys=0.00, real=0.18 secs] 
2018-03-17T00:11:29.984+0500: 915.908: [GC (Allocation Failure) 2018-03-17T00:11:29.984+0500: 915.908: [DefNew: 139776K->17472K(157248K), 0.2852424 secs] 174048K->174046K(506816K), 0.2853070 secs] [Times: user=0.28 sys=0.00, real=0.29 secs] 
2018-03-17T00:11:30.296+0500: 916.220: [GC (Allocation Failure) 2018-03-17T00:11:30.296+0500: 916.220: [DefNew: 157248K->17472K(157248K), 0.2592458 secs] 313822K->313821K(506816K), 0.2593172 secs] [Times: user=0.27 sys=0.00, real=0.26 secs] 
2018-03-17T00:11:30.582+0500: 916.505: [GC (Allocation Failure) 2018-03-17T00:11:30.582+0500: 916.505: [DefNew: 157248K->157248K(157248K), 0.0000205 secs]2018-03-17T00:11:30.582+0500: 916.505: [Tenured: 296349K->23908K(349568K), 0.1572243 secs] 453597K->23908K(506816K), [Metaspace: 5350K->5350K(1056768K)], 0.1573209 secs] [Times: user=0.16 sys=0.00, real=0.16 secs] 
2018-03-17T00:11:30.768+0500: 916.691: [GC (Allocation Failure) 2018-03-17T00:11:30.768+0500: 916.691: [DefNew: 139776K->17472K(157248K), 0.2564682 secs] 163684K->163683K(506816K), 0.2565297 secs] [Times: user=0.27 sys=0.00, real=0.26 secs] 
2018-03-17T00:11:31.049+0500: 916.973: [GC (Allocation Failure) 2018-03-17T00:11:31.049+0500: 916.973: [DefNew: 157248K->17472K(157248K), 0.2604885 secs] 303459K->303458K(506816K), 0.2605604 secs] [Times: user=0.27 sys=0.00, real=0.26 secs] 
2018-03-17T00:11:31.336+0500: 917.260: [GC (Allocation Failure) 2018-03-17T00:11:31.336+0500: 917.260: [DefNew: 146063K->146063K(157248K), 0.0000287 secs]2018-03-17T00:11:31.336+0500: 917.260: [Tenured: 285986K->715K(349568K), 0.1381535 secs] 432050K->715K(506816K), [Metaspace: 5350K->5350K(1056768K)], 0.1383023 secs] [Times: user=0.13 sys=0.00, real=0.14 secs] 
2018-03-17T00:11:31.500+0500: 917.424: [GC (Allocation Failure) 2018-03-17T00:11:31.500+0500: 917.424: [DefNew: 139776K->17472K(157248K), 0.2239502 secs] 140491K->140490K(506816K), 0.2240135 secs] [Times: user=0.22 sys=0.00, real=0.22 secs] 
2018-03-17T00:11:31.749+0500: 917.673: [GC (Allocation Failure) 2018-03-17T00:11:31.749+0500: 917.674: [DefNew: 157248K->17472K(157248K), 0.2599745 secs] 280266K->280229K(506816K), 0.2600365 secs] [Times: user=0.27 sys=0.00, real=0.26 secs] 
2018-03-17T00:11:32.038+0500: 917.962: [GC (Allocation Failure) 2018-03-17T00:11:32.038+0500: 917.962: [DefNew: 157248K->157248K(157248K), 0.0000167 secs]2018-03-17T00:11:32.038+0500: 917.962: [Tenured: 262757K->205160K(349568K), 0.4716164 secs] 420005K->205160K(506816K), [Metaspace: 5350K->5350K(1056768K)], 0.4717054 secs] [Times: user=0.45 sys=0.00, real=0.47 secs] 
2018-03-17T00:11:32.535+0500: 918.459: [GC (Allocation Failure) 2018-03-17T00:11:32.535+0500: 918.459: [DefNew: 139776K->17472K(157248K), 0.2232959 secs] 344936K->344935K(506816K), 0.2233601 secs] [Times: user=0.23 sys=0.00, real=0.22 secs] 
2018-03-17T00:11:32.785+0500: 918.709: [GC (Allocation Failure) 2018-03-17T00:11:32.785+0500: 918.709: [DefNew: 157248K->157248K(157248K), 0.0000171 secs]2018-03-17T00:11:32.785+0500: 918.709: [Tenured: 327463K->55022K(349568K), 0.2214249 secs] 484711K->55022K(506816K), [Metaspace: 5350K->5350K(1056768K)], 0.2215194 secs] [Times: user=0.23 sys=0.00, real=0.22 secs] 
2018-03-17T00:11:33.035+0500: 918.959: [GC (Allocation Failure) 2018-03-17T00:11:33.035+0500: 918.959: [DefNew: 139776K->17472K(157248K), 0.2667609 secs] 194798K->194797K(506816K), 0.2668216 secs] [Times: user=0.27 sys=0.00, real=0.27 secs] 
2018-03-17T00:11:33.329+0500: 919.253: [GC (Allocation Failure) 2018-03-17T00:11:33.329+0500: 919.253: [DefNew: 157248K->17471K(157248K), 0.2667293 secs] 334573K->334572K(506816K), 0.2668084 secs] [Times: user=0.26 sys=0.00, real=0.27 secs] 
2018-03-17T00:11:33.623+0500: 919.546: [GC (Allocation Failure) 2018-03-17T00:11:33.623+0500: 919.546: [DefNew: 157247K->157247K(157248K), 0.0000222 secs]2018-03-17T00:11:33.623+0500: 919.546: [Tenured: 317100K->44659K(349568K), 0.2000499 secs] 474348K->44659K(506816K), [Metaspace: 5350K->5350K(1056768K)], 0.2001603 secs] [Times: user=0.20 sys=0.00, real=0.20 secs] 
2018-03-17T00:11:33.851+0500: 919.775: [GC (Allocation Failure) 2018-03-17T00:11:33.851+0500: 919.775: [DefNew: 139776K->17471K(157248K), 0.2559233 secs] 184435K->184434K(506816K), 0.2559845 secs] [Times: user=0.25 sys=0.00, real=0.26 secs] 
2018-03-17T00:11:34.133+0500: 920.057: [GC (Allocation Failure) 2018-03-17T00:11:34.133+0500: 920.057: [DefNew: 157247K->17472K(157248K), 0.2512615 secs] 324210K->324208K(506816K), 0.2513350 secs] [Times: user=0.25 sys=0.00, real=0.25 secs] 
2018-03-17T00:11:34.409+0500: 920.333: [GC (Allocation Failure) 2018-03-17T00:11:34.409+0500: 920.333: [DefNew: 157248K->157248K(157248K), 0.0000167 secs]2018-03-17T00:11:34.409+0500: 920.333: [Tenured: 306736K->34272K(349568K), 0.1775678 secs] 463984K->34272K(506816K), [Metaspace: 5350K->5350K(1056768K)], 0.1776584 secs] [Times: user=0.19 sys=0.00, real=0.18 secs] 
2018-03-17T00:11:34.617+0500: 920.541: [GC (Allocation Failure) 2018-03-17T00:11:34.617+0500: 920.541: [DefNew: 139776K->17472K(157248K), 0.2561855 secs] 174048K->174046K(506816K), 0.2562466 secs] [Times: user=0.25 sys=0.00, real=0.26 secs] 
2018-03-17T00:11:34.899+0500: 920.823: [GC (Allocation Failure) 2018-03-17T00:11:34.899+0500: 920.823: [DefNew: 157248K->17472K(157248K), 0.2523875 secs] 313822K->313821K(506816K), 0.2524499 secs] [Times: user=0.25 sys=0.00, real=0.25 secs] 
2018-03-17T00:11:35.180+0500: 921.103: [GC (Allocation Failure) 2018-03-17T00:11:35.180+0500: 921.103: [DefNew: 157248K->157248K(157248K), 0.0000167 secs]2018-03-17T00:11:35.180+0500: 921.103: [Tenured: 296349K->23908K(349568K), 0.1547584 secs] 453597K->23908K(506816K), [Metaspace: 5350K->5350K(1056768K)], 0.1548534 secs] [Times: user=0.16 sys=0.00, real=0.15 secs] 
2018-03-17T00:11:35.362+0500: 921.286: [GC (Allocation Failure) 2018-03-17T00:11:35.363+0500: 921.286: [DefNew: 139776K->17472K(157248K), 0.2579949 secs] 163684K->163683K(506816K), 0.2580757 secs] [Times: user=0.27 sys=0.00, real=0.26 secs] 
2018-03-17T00:11:35.646+0500: 921.570: [GC (Allocation Failure) 2018-03-17T00:11:35.646+0500: 921.570: [DefNew: 157248K->17472K(157248K), 0.2529169 secs] 303459K->303458K(506816K), 0.2529781 secs] [Times: user=0.27 sys=0.00, real=0.25 secs] 
2018-03-17T00:11:35.924+0500: 921.848: [GC (Allocation Failure) 2018-03-17T00:11:35.924+0500: 921.848: [DefNew: 146063K->146063K(157248K), 0.0000163 secs]2018-03-17T00:11:35.924+0500: 921.848: [Tenured: 285986K->715K(349568K), 0.1362663 secs] 432050K->715K(506816K), [Metaspace: 5350K->5350K(1056768K)], 0.1363531 secs] [Times: user=0.14 sys=0.00, real=0.14 secs] 
2018-03-17T00:11:36.086+0500: 922.010: [GC (Allocation Failure) 2018-03-17T00:11:36.086+0500: 922.010: [DefNew: 139776K->17472K(157248K), 0.2225146 secs] 140491K->140490K(506816K), 0.2225779 secs] [Times: user=0.22 sys=0.00, real=0.22 secs] 
2018-03-17T00:11:36.335+0500: 922.259: [GC (Allocation Failure) 2018-03-17T00:11:36.335+0500: 922.259: [DefNew: 157248K->17472K(157248K), 0.2549474 secs] 280266K->280229K(506816K), 0.2550081 secs] [Times: user=0.25 sys=0.00, real=0.25 secs] 
2018-03-17T00:11:36.618+0500: 922.542: [GC (Allocation Failure) 2018-03-17T00:11:36.619+0500: 922.542: [DefNew: 157248K->157248K(157248K), 0.0000278 secs]2018-03-17T00:11:36.619+0500: 922.542: [Tenured: 262757K->205160K(349568K), 0.4715181 secs] 420005K->205160K(506816K), [Metaspace: 5350K->5350K(1056768K)], 0.4716369 secs] [Times: user=0.47 sys=0.00, real=0.47 secs] 
2018-03-17T00:11:37.115+0500: 923.039: [GC (Allocation Failure) 2018-03-17T00:11:37.115+0500: 923.039: [DefNew: 139776K->17472K(157248K), 0.2232219 secs] 344936K->344935K(506816K), 0.2232899 secs] [Times: user=0.22 sys=0.00, real=0.22 secs] 
2018-03-17T00:11:37.365+0500: 923.289: [GC (Allocation Failure) 2018-03-17T00:11:37.365+0500: 923.289: [DefNew: 157248K->157248K(157248K), 0.0000316 secs]2018-03-17T00:11:37.365+0500: 923.289: [Tenured: 327463K->55022K(349568K), 0.2214784 secs] 484711K->55022K(506816K), [Metaspace: 5350K->5350K(1056768K)], 0.2216127 secs] [Times: user=0.22 sys=0.00, real=0.22 secs] 
2018-03-17T00:11:37.615+0500: 923.539: [GC (Allocation Failure) 2018-03-17T00:11:37.615+0500: 923.539: [DefNew: 139776K->17472K(157248K), 0.2546459 secs] 194798K->194797K(506816K), 0.2547062 secs] [Times: user=0.23 sys=0.00, real=0.25 secs] 
2018-03-17T00:11:37.896+0500: 923.819: [GC (Allocation Failure) 2018-03-17T00:11:37.896+0500: 923.819: [DefNew: 157248K->17471K(157248K), 0.2498485 secs] 334573K->334572K(506816K), 0.2499238 secs] [Times: user=0.25 sys=0.00, real=0.25 secs] 
2018-03-17T00:11:38.171+0500: 924.095: [GC (Allocation Failure) 2018-03-17T00:11:38.171+0500: 924.095: [DefNew: 157247K->157247K(157248K), 0.0000167 secs]2018-03-17T00:11:38.171+0500: 924.095: [Tenured: 317100K->44659K(349568K), 0.2002163 secs] 474348K->44659K(506816K), [Metaspace: 5350K->5350K(1056768K)], 0.2003245 secs] [Times: user=0.20 sys=0.00, real=0.20 secs] 
2018-03-17T00:11:38.400+0500: 924.324: [GC (Allocation Failure) 2018-03-17T00:11:38.400+0500: 924.324: [DefNew: 139776K->17471K(157248K), 0.2557895 secs] 184435K->184434K(506816K), 0.2558515 secs] [Times: user=0.25 sys=0.00, real=0.26 secs] 
2018-03-17T00:11:38.681+0500: 924.606: [GC (Allocation Failure) 2018-03-17T00:11:38.682+0500: 924.606: [DefNew: 157247K->17472K(157248K), 0.2512542 secs] 324210K->324208K(506816K), 0.2513389 secs] [Times: user=0.25 sys=0.00, real=0.25 secs] 
2018-03-17T00:11:38.958+0500: 924.882: [GC (Allocation Failure) 2018-03-17T00:11:38.958+0500: 924.882: [DefNew: 157248K->157248K(157248K), 0.0000163 secs]2018-03-17T00:11:38.958+0500: 924.882: [Tenured: 306736K->34272K(349568K), 0.1774523 secs] 463984K->34272K(506816K), [Metaspace: 5350K->5350K(1056768K)], 0.1775408 secs] [Times: user=0.19 sys=0.00, real=0.18 secs] 
2018-03-17T00:11:39.167+0500: 925.090: [GC (Allocation Failure) 2018-03-17T00:11:39.167+0500: 925.090: [DefNew: 139776K->17472K(157248K), 0.2546160 secs] 174048K->174046K(506816K), 0.2546776 secs] [Times: user=0.25 sys=0.00, real=0.25 secs] 
2018-03-17T00:11:39.447+0500: 925.370: [GC (Allocation Failure) 2018-03-17T00:11:39.447+0500: 925.370: [DefNew: 157248K->17472K(157248K), 0.2506114 secs] 313822K->313821K(506816K), 0.2506756 secs] [Times: user=0.25 sys=0.00, real=0.25 secs] 
2018-03-17T00:11:39.723+0500: 925.647: [GC (Allocation Failure) 2018-03-17T00:11:39.723+0500: 925.647: [DefNew: 157248K->157248K(157248K), 0.0000163 secs]2018-03-17T00:11:39.723+0500: 925.647: [Tenured: 296349K->23908K(349568K), 0.1543534 secs] 453597K->23908K(506816K), [Metaspace: 5350K->5350K(1056768K)], 0.1544394 secs] [Times: user=0.16 sys=0.00, real=0.15 secs] 
2018-03-17T00:11:39.905+0500: 925.829: [GC (Allocation Failure) 2018-03-17T00:11:39.905+0500: 925.829: [DefNew: 139776K->17472K(157248K), 0.2554940 secs] 163684K->163683K(506816K), 0.2555551 secs] [Times: user=0.25 sys=0.00, real=0.26 secs] 
2018-03-17T00:11:40.186+0500: 926.110: [GC (Allocation Failure) 2018-03-17T00:11:40.186+0500: 926.110: [DefNew: 157248K->17472K(157248K), 0.2526360 secs] 303459K->303458K(506816K), 0.2526980 secs] [Times: user=0.25 sys=0.00, real=0.25 secs] 
2018-03-17T00:11:40.465+0500: 926.389: [GC (Allocation Failure) 2018-03-17T00:11:40.465+0500: 926.389: [DefNew: 146063K->146063K(157248K), 0.0000163 secs]2018-03-17T00:11:40.465+0500: 926.389: [Tenured: 285986K->715K(349568K), 0.1365977 secs] 432050K->715K(506816K), [Metaspace: 5350K->5350K(1056768K)], 0.1366845 secs] [Times: user=0.14 sys=0.00, real=0.14 secs] 
2018-03-17T00:11:40.628+0500: 926.551: [GC (Allocation Failure) 2018-03-17T00:11:40.628+0500: 926.551: [DefNew: 139776K->17472K(157248K), 0.2219595 secs] 140491K->140490K(506816K), 0.2220352 secs] [Times: user=0.23 sys=0.00, real=0.22 secs] 
2018-03-17T00:11:40.875+0500: 926.799: [GC (Allocation Failure) 2018-03-17T00:11:40.875+0500: 926.799: [DefNew: 157248K->17472K(157248K), 0.2576190 secs] 280266K->280229K(506816K), 0.2576998 secs] [Times: user=0.27 sys=0.00, real=0.26 secs] 
2018-03-17T00:11:41.161+0500: 927.085: [GC (Allocation Failure) 2018-03-17T00:11:41.161+0500: 927.085: [DefNew: 157248K->157248K(157248K), 0.0000175 secs]2018-03-17T00:11:41.161+0500: 927.085: [Tenured: 262757K->205160K(349568K), 0.4725641 secs] 420005K->205160K(506816K), [Metaspace: 5350K->5350K(1056768K)], 0.4726565 secs] [Times: user=0.48 sys=0.00, real=0.47 secs] 
2018-03-17T00:11:41.659+0500: 927.583: [GC (Allocation Failure) 2018-03-17T00:11:41.659+0500: 927.583: [DefNew: 139776K->17472K(157248K), 0.2244933 secs] 344936K->344935K(506816K), 0.2245554 secs] [Times: user=0.23 sys=0.00, real=0.23 secs] 
2018-03-17T00:11:41.911+0500: 927.834: [GC (Allocation Failure) 2018-03-17T00:11:41.911+0500: 927.834: [DefNew: 157248K->157248K(157248K), 0.0000175 secs]2018-03-17T00:11:41.911+0500: 927.834: [Tenured: 327463K->55022K(349568K), 0.2209567 secs] 484711K->55022K(506816K), [Metaspace: 5350K->5350K(1056768K)], 0.2210469 secs] [Times: user=0.22 sys=0.00, real=0.22 secs] 
2018-03-17T00:11:42.161+0500: 928.085: [GC (Allocation Failure) 2018-03-17T00:11:42.161+0500: 928.085: [DefNew: 139776K->17472K(157248K), 0.2551403 secs] 194798K->194797K(506816K), 0.2552053 secs] [Times: user=0.27 sys=0.00, real=0.25 secs] 
2018-03-17T00:11:42.442+0500: 928.365: [GC (Allocation Failure) 2018-03-17T00:11:42.442+0500: 928.365: [DefNew: 157248K->17471K(157248K), 0.2509771 secs] 334573K->334572K(506816K), 0.2510605 secs] [Times: user=0.25 sys=0.00, real=0.25 secs] 
2018-03-17T00:11:42.718+0500: 928.642: [GC (Allocation Failure) 2018-03-17T00:11:42.718+0500: 928.642: [DefNew: 157247K->157247K(157248K), 0.0000163 secs]2018-03-17T00:11:42.718+0500: 928.642: [Tenured: 317100K->44659K(349568K), 0.2011871 secs] 474348K->44659K(506816K), [Metaspace: 5350K->5350K(1056768K)], 0.2012752 secs] [Times: user=0.20 sys=0.00, real=0.20 secs] 
2018-03-17T00:11:42.949+0500: 928.873: [GC (Allocation Failure) 2018-03-17T00:11:42.949+0500: 928.873: [DefNew: 139776K->17471K(157248K), 0.2596837 secs] 184435K->184434K(506816K), 0.2597666 secs] [Times: user=0.25 sys=0.00, real=0.26 secs] 
2018-03-17T00:11:43.234+0500: 929.158: [GC (Allocation Failure) 2018-03-17T00:11:43.234+0500: 929.158: [DefNew: 157247K->17472K(157248K), 0.2514757 secs] 324210K->324208K(506816K), 0.2515843 secs] [Times: user=0.25 sys=0.00, real=0.25 secs] 
2018-03-17T00:11:43.511+0500: 929.435: [GC (Allocation Failure) 2018-03-17T00:11:43.511+0500: 929.435: [DefNew: 157248K->157248K(157248K), 0.0000321 secs]2018-03-17T00:11:43.512+0500: 929.435: [Tenured: 306736K->34272K(349568K), 0.1778958 secs] 463984K->34272K(506816K), [Metaspace: 5350K->5350K(1056768K)], 0.1780040 secs] [Times: user=0.17 sys=0.00, real=0.18 secs] 
2018-03-17T00:11:43.719+0500: 929.643: [GC (Allocation Failure) 2018-03-17T00:11:43.719+0500: 929.643: [DefNew: 139776K->17472K(157248K), 0.2555123 secs] 174048K->174046K(506816K), 0.2555752 secs] [Times: user=0.25 sys=0.00, real=0.25 secs] 
2018-03-17T00:11:44.000+0500: 929.924: [GC (Allocation Failure) 2018-03-17T00:11:44.000+0500: 929.924: [DefNew: 157248K->17472K(157248K), 0.2525154 secs] 313822K->313821K(506816K), 0.2525769 secs] [Times: user=0.25 sys=0.00, real=0.25 secs] 
2018-03-17T00:11:44.277+0500: 930.201: [GC (Allocation Failure) 2018-03-17T00:11:44.277+0500: 930.202: [DefNew: 157248K->157248K(157248K), 0.0000163 secs]2018-03-17T00:11:44.277+0500: 930.202: [Tenured: 296349K->23908K(349568K), 0.1553033 secs] 453597K->23908K(506816K), [Metaspace: 5350K->5350K(1056768K)], 0.1553974 secs] [Times: user=0.16 sys=0.00, real=0.16 secs] 
2018-03-17T00:11:44.461+0500: 930.385: [GC (Allocation Failure) 2018-03-17T00:11:44.461+0500: 930.385: [DefNew: 139776K->17472K(157248K), 0.2568830 secs] 163684K->163683K(506816K), 0.2569574 secs] [Times: user=0.25 sys=0.00, real=0.26 secs] 
2018-03-17T00:11:44.744+0500: 930.667: [GC (Allocation Failure) 2018-03-17T00:11:44.744+0500: 930.667: [DefNew: 157248K->17472K(157248K), 0.2535079 secs] 303459K->303458K(506816K), 0.2535785 secs] [Times: user=0.25 sys=0.00, real=0.25 secs] 
2018-03-17T00:11:45.023+0500: 930.946: [GC (Allocation Failure) 2018-03-17T00:11:45.023+0500: 930.946: [DefNew: 146063K->146063K(157248K), 0.0000167 secs]2018-03-17T00:11:45.023+0500: 930.946: [Tenured: 285986K->715K(349568K), 0.1391264 secs] 432050K->715K(506816K), [Metaspace: 5350K->5350K(1056768K)], 0.1392166 secs] [Times: user=0.13 sys=0.00, real=0.14 secs] 
2018-03-17T00:11:45.187+0500: 931.111: [GC (Allocation Failure) 2018-03-17T00:11:45.187+0500: 931.111: [DefNew: 139776K->17472K(157248K), 0.2228144 secs] 140491K->140490K(506816K), 0.2228747 secs] [Times: user=0.22 sys=0.00, real=0.22 secs] 
2018-03-17T00:11:45.435+0500: 931.359: [GC (Allocation Failure) 2018-03-17T00:11:45.435+0500: 931.359: [DefNew: 157248K->17472K(157248K), 0.2552682 secs] 280266K->280229K(506816K), 0.2553289 secs] [Times: user=0.25 sys=0.00, real=0.26 secs] 
2018-03-17T00:11:45.719+0500: 931.643: [GC (Allocation Failure) 2018-03-17T00:11:45.719+0500: 931.643: [DefNew: 157248K->157248K(157248K), 0.0000167 secs]2018-03-17T00:11:45.719+0500: 931.643: [Tenured: 262757K->205160K(349568K), 0.4726667 secs] 420005K->205160K(506816K), [Metaspace: 5350K->5350K(1056768K)], 0.4727561 secs] [Times: user=0.47 sys=0.00, real=0.47 secs] 
2018-03-17T00:11:46.218+0500: 932.141: [GC (Allocation Failure) 2018-03-17T00:11:46.218+0500: 932.141: [DefNew: 139776K->17472K(157248K), 0.2233998 secs] 344936K->344935K(506816K), 0.2234666 secs] [Times: user=0.22 sys=0.00, real=0.22 secs] 
2018-03-17T00:11:46.467+0500: 932.391: [GC (Allocation Failure) 2018-03-17T00:11:46.467+0500: 932.391: [DefNew: 157248K->157248K(157248K), 0.0000163 secs]2018-03-17T00:11:46.467+0500: 932.391: [Tenured: 327463K->55022K(349568K), 0.2219830 secs] 484711K->55022K(506816K), [Metaspace: 5350K->5350K(1056768K)], 0.2220737 secs] [Times: user=0.22 sys=0.00, real=0.22 secs] 
2018-03-17T00:11:46.720+0500: 932.644: [GC (Allocation Failure) 2018-03-17T00:11:46.720+0500: 932.644: [DefNew: 139776K->17472K(157248K), 0.2550099 secs] 194798K->194797K(506816K), 0.2550719 secs] [Times: user=0.27 sys=0.00, real=0.25 secs] 
2018-03-17T00:11:47.000+0500: 932.924: [GC (Allocation Failure) 2018-03-17T00:11:47.000+0500: 932.925: [DefNew: 157248K->17471K(157248K), 0.2538817 secs] 334573K->334572K(506816K), 0.2539420 secs] [Times: user=0.25 sys=0.00, real=0.25 secs] 
2018-03-17T00:11:47.280+0500: 933.204: [GC (Allocation Failure) 2018-03-17T00:11:47.280+0500: 933.204: [DefNew: 157247K->157247K(157248K), 0.0000167 secs]2018-03-17T00:11:47.280+0500: 933.204: [Tenured: 317100K->44659K(349568K), 0.1981790 secs] 474348K->44659K(506816K), [Metaspace: 5350K->5350K(1056768K)], 0.1982683 secs] [Times: user=0.20 sys=0.00, real=0.20 secs] 
2018-03-17T00:11:47.509+0500: 933.433: [GC (Allocation Failure) 2018-03-17T00:11:47.509+0500: 933.433: [DefNew: 139776K->17471K(157248K), 0.2543650 secs] 184435K->184434K(506816K), 0.2544291 secs] [Times: user=0.25 sys=0.00, real=0.25 secs] 
2018-03-17T00:11:47.789+0500: 933.713: [GC (Allocation Failure) 2018-03-17T00:11:47.789+0500: 933.713: [DefNew: 157247K->17472K(157248K), 0.2501718 secs] 324210K->324208K(506816K), 0.2502347 secs] [Times: user=0.25 sys=0.00, real=0.25 secs] 
2018-03-17T00:11:48.064+0500: 933.988: [GC (Allocation Failure) 2018-03-17T00:11:48.064+0500: 933.988: [DefNew: 157248K->157248K(157248K), 0.0000167 secs]2018-03-17T00:11:48.064+0500: 933.988: [Tenured: 306736K->34272K(349568K), 0.1775203 secs] 463984K->34272K(506816K), [Metaspace: 5350K->5350K(1056768K)], 0.1776093 secs] [Times: user=0.17 sys=0.00, real=0.18 secs] 
2018-03-17T00:11:48.271+0500: 934.195: [GC (Allocation Failure) 2018-03-17T00:11:48.271+0500: 934.195: [DefNew: 139776K->17472K(157248K), 0.2574766 secs] 174048K->174046K(506816K), 0.2575394 secs] [Times: user=0.27 sys=0.00, real=0.26 secs] 
2018-03-17T00:11:48.554+0500: 934.478: [GC (Allocation Failure) 2018-03-17T00:11:48.554+0500: 934.478: [DefNew: 157248K->17472K(157248K), 0.2523054 secs] 313822K->313821K(506816K), 0.2523836 secs] [Times: user=0.25 sys=0.00, real=0.25 secs] 
2018-03-17T00:11:48.832+0500: 934.756: [GC (Allocation Failure) 2018-03-17T00:11:48.832+0500: 934.756: [DefNew: 157248K->157248K(157248K), 0.0000346 secs]2018-03-17T00:11:48.832+0500: 934.756: [Tenured: 296349K->23908K(349568K), 0.1549017 secs] 453597K->23908K(506816K), [Metaspace: 5350K->5350K(1056768K)], 0.1550309 secs] [Times: user=0.16 sys=0.00, real=0.16 secs] 
2018-03-17T00:11:49.015+0500: 934.939: [GC (Allocation Failure) 2018-03-17T00:11:49.015+0500: 934.939: [DefNew: 139776K->17472K(157248K), 0.2659291 secs] 163684K->163683K(506816K), 0.2659924 secs] [Times: user=0.27 sys=0.00, real=0.27 secs] 
2018-03-17T00:11:49.307+0500: 935.230: [GC (Allocation Failure) 2018-03-17T00:11:49.307+0500: 935.230: [DefNew: 157248K->17472K(157248K), 0.2612536 secs] 303459K->303458K(506816K), 0.2613148 secs] [Times: user=0.25 sys=0.00, real=0.26 secs] 
2018-03-17T00:11:49.594+0500: 935.518: [GC (Allocation Failure) 2018-03-17T00:11:49.594+0500: 935.518: [DefNew: 146063K->146063K(157248K), 0.0000171 secs]2018-03-17T00:11:49.594+0500: 935.518: [Tenured: 285986K->715K(349568K), 0.1384837 secs] 432050K->715K(506816K), [Metaspace: 5350K->5350K(1056768K)], 0.1385790 secs] [Times: user=0.14 sys=0.00, real=0.14 secs] 
2018-03-17T00:11:49.761+0500: 935.685: [GC (Allocation Failure) 2018-03-17T00:11:49.761+0500: 935.685: [DefNew: 139776K->17472K(157248K), 0.2287998 secs] 140491K->140490K(506816K), 0.2288755 secs] [Times: user=0.23 sys=0.00, real=0.23 secs] 
2018-03-17T00:11:50.016+0500: 935.940: [GC (Allocation Failure) 2018-03-17T00:11:50.016+0500: 935.940: [DefNew: 157248K->17472K(157248K), 0.2615594 secs] 280266K->280229K(506816K), 0.2616552 secs] [Times: user=0.26 sys=0.00, real=0.26 secs] 
2018-03-17T00:11:50.306+0500: 936.230: [GC (Allocation Failure) 2018-03-17T00:11:50.306+0500: 936.230: [DefNew: 157248K->157248K(157248K), 0.0000175 secs]2018-03-17T00:11:50.306+0500: 936.230: [Tenured: 262757K->205160K(349568K), 0.4792265 secs] 420005K->205160K(506816K), [Metaspace: 5350K->5350K(1056768K)], 0.4793167 secs] [Times: user=0.47 sys=0.00, real=0.48 secs] 
2018-03-17T00:11:50.812+0500: 936.735: [GC (Allocation Failure) 2018-03-17T00:11:50.812+0500: 936.735: [DefNew: 139776K->17472K(157248K), 0.2284068 secs] 344936K->344935K(506816K), 0.2284663 secs] [Times: user=0.23 sys=0.00, real=0.23 secs] 
2018-03-17T00:11:51.065+0500: 936.989: [GC (Allocation Failure) 2018-03-17T00:11:51.066+0500: 936.989: [DefNew: 157248K->157248K(157248K), 0.0000210 secs]2018-03-17T00:11:51.066+0500: 936.989: [Tenured: 327463K->55022K(349568K), 0.2246772 secs] 484711K->55022K(506816K), [Metaspace: 5350K->5350K(1056768K)], 0.2247901 secs] [Times: user=0.22 sys=0.00, real=0.22 secs] 
2018-03-17T00:11:51.319+0500: 937.243: [GC (Allocation Failure) 2018-03-17T00:11:51.319+0500: 937.243: [DefNew: 139776K->17472K(157248K), 0.2547939 secs] 194798K->194797K(506816K), 0.2548559 secs] [Times: user=0.25 sys=0.00, real=0.25 secs] 
2018-03-17T00:11:51.599+0500: 937.523: [GC (Allocation Failure) 2018-03-17T00:11:51.599+0500: 937.523: [DefNew: 157248K->17471K(157248K), 0.2497762 secs] 334573K->334572K(506816K), 0.2498802 secs] [Times: user=0.25 sys=0.00, real=0.25 secs] 
2018-03-17T00:11:51.875+0500: 937.799: [GC (Allocation Failure) 2018-03-17T00:11:51.875+0500: 937.799: [DefNew: 157247K->157247K(157248K), 0.0000163 secs]2018-03-17T00:11:51.875+0500: 937.799: [Tenured: 317100K->44659K(349568K), 0.2006491 secs] 474348K->44659K(506816K), [Metaspace: 5350K->5350K(1056768K)], 0.2007513 secs] [Times: user=0.20 sys=0.00, real=0.20 secs] 
2018-03-17T00:11:52.104+0500: 938.028: [GC (Allocation Failure) 2018-03-17T00:11:52.104+0500: 938.028: [DefNew: 139776K->17471K(157248K), 0.2558861 secs] 184435K->184434K(506816K), 0.2559460 secs] [Times: user=0.25 sys=0.00, real=0.26 secs] 
2018-03-17T00:11:52.385+0500: 938.309: [GC (Allocation Failure) 2018-03-17T00:11:52.385+0500: 938.309: [DefNew: 157247K->17472K(157248K), 0.2532992 secs] 324210K->324208K(506816K), 0.2533672 secs] [Times: user=0.25 sys=0.00, real=0.25 secs] 
2018-03-17T00:11:52.664+0500: 938.588: [GC (Allocation Failure) 2018-03-17T00:11:52.664+0500: 938.588: [DefNew: 157248K->157248K(157248K), 0.0000158 secs]2018-03-17T00:11:52.664+0500: 938.588: [Tenured: 306736K->34272K(349568K), 0.1771889 secs] 463984K->34272K(506816K), [Metaspace: 5350K->5350K(1056768K)], 0.1772744 secs] [Times: user=0.16 sys=0.00, real=0.18 secs] 
2018-03-17T00:11:52.870+0500: 938.794: [GC (Allocation Failure) 2018-03-17T00:11:52.870+0500: 938.794: [DefNew: 139776K->17472K(157248K), 0.2553079 secs] 174048K->174046K(506816K), 0.2553691 secs] [Times: user=0.25 sys=0.00, real=0.26 secs] 
2018-03-17T00:11:53.151+0500: 939.075: [GC (Allocation Failure) 2018-03-17T00:11:53.151+0500: 939.075: [DefNew: 157248K->17472K(157248K), 0.2523088 secs] 313822K->313821K(506816K), 0.2523858 secs] [Times: user=0.25 sys=0.00, real=0.25 secs] 
2018-03-17T00:11:53.429+0500: 939.353: [GC (Allocation Failure) 2018-03-17T00:11:53.429+0500: 939.353: [DefNew: 157248K->157248K(157248K), 0.0000167 secs]2018-03-17T00:11:53.429+0500: 939.353: [Tenured: 296349K->23908K(349568K), 0.1553879 secs] 453597K->23908K(506816K), [Metaspace: 5350K->5350K(1056768K)], 0.1554752 secs] [Times: user=0.14 sys=0.00, real=0.16 secs] 
2018-03-17T00:11:53.612+0500: 939.536: [GC (Allocation Failure) 2018-03-17T00:11:53.612+0500: 939.536: [DefNew: 139776K->17472K(157248K), 0.2559327 secs] 163684K->163683K(506816K), 0.2559935 secs] [Times: user=0.27 sys=0.00, real=0.26 secs] 
2018-03-17T00:11:53.893+0500: 939.817: [GC (Allocation Failure) 2018-03-17T00:11:53.893+0500: 939.817: [DefNew: 157248K->17472K(157248K), 0.2531470 secs] 303459K->303458K(506816K), 0.2532158 secs] [Times: user=0.27 sys=0.00, real=0.25 secs] 
2018-03-17T00:11:54.172+0500: 940.096: [GC (Allocation Failure) 2018-03-17T00:11:54.172+0500: 940.096: [DefNew: 146063K->146063K(157248K), 0.0000167 secs]2018-03-17T00:11:54.172+0500: 940.096: [Tenured: 285986K->715K(349568K), 0.1362137 secs] 432050K->715K(506816K), [Metaspace: 5350K->5350K(1056768K)], 0.1363013 secs] [Times: user=0.14 sys=0.00, real=0.14 secs] 
2018-03-17T00:11:54.334+0500: 940.258: [GC (Allocation Failure) 2018-03-17T00:11:54.334+0500: 940.258: [DefNew: 139776K->17472K(157248K), 0.2242710 secs] 140491K->140490K(506816K), 0.2243394 secs] [Times: user=0.22 sys=0.00, real=0.22 secs] 
2018-03-17T00:11:54.584+0500: 940.508: [GC (Allocation Failure) 2018-03-17T00:11:54.584+0500: 940.508: [DefNew: 157248K->17472K(157248K), 0.2552416 secs] 280266K->280229K(506816K), 0.2553054 secs] [Times: user=0.27 sys=0.00, real=0.25 secs] 
2018-03-17T00:11:54.868+0500: 940.791: [GC (Allocation Failure) 2018-03-17T00:11:54.868+0500: 940.791: [DefNew: 157248K->157248K(157248K), 0.0000261 secs]2018-03-17T00:11:54.868+0500: 940.791: [Tenured: 262757K->205160K(349568K), 0.4737500 secs] 420005K->205160K(506816K), [Metaspace: 5350K->5350K(1056768K)], 0.4738706 secs] [Times: user=0.47 sys=0.00, real=0.47 secs] 
2018-03-17T00:11:55.367+0500: 941.291: [GC (Allocation Failure) 2018-03-17T00:11:55.367+0500: 941.291: [DefNew: 139776K->17472K(157248K), 0.2256711 secs] 344936K->344935K(506816K), 0.2257318 secs] [Times: user=0.22 sys=0.00, real=0.22 secs] 
2018-03-17T00:11:55.618+0500: 941.543: [GC (Allocation Failure) 2018-03-17T00:11:55.619+0500: 941.543: [DefNew: 157248K->157248K(157248K), 0.0000239 secs]2018-03-17T00:11:55.619+0500: 941.543: [Tenured: 327463K->55022K(349568K), 0.2208506 secs] 484711K->55022K(506816K), [Metaspace: 5350K->5350K(1056768K)], 0.2209768 secs] [Times: user=0.22 sys=0.00, real=0.22 secs] 
2018-03-17T00:11:55.868+0500: 941.793: [GC (Allocation Failure) 2018-03-17T00:11:55.868+0500: 941.793: [DefNew: 139776K->17472K(157248K), 0.2593890 secs] 194798K->194797K(506816K), 0.2594519 secs] [Times: user=0.25 sys=0.00, real=0.26 secs] 
2018-03-17T00:11:56.160+0500: 942.083: [GC (Allocation Failure) 2018-03-17T00:11:56.160+0500: 942.083: [DefNew: 157248K->17471K(157248K), 0.2714792 secs] 334573K->334572K(506816K), 0.2715690 secs] [Times: user=0.28 sys=0.00, real=0.27 secs] 
2018-03-17T00:11:56.459+0500: 942.383: [GC (Allocation Failure) 2018-03-17T00:11:56.459+0500: 942.383: [DefNew: 157247K->157247K(157248K), 0.0000167 secs]2018-03-17T00:11:56.459+0500: 942.383: [Tenured: 317100K->44659K(349568K), 0.2271414 secs] 474348K->44659K(506816K), [Metaspace: 5350K->5350K(1056768K)], 0.2272744 secs] [Times: user=0.22 sys=0.02, real=0.23 secs] 
2018-03-17T00:11:56.717+0500: 942.641: [GC (Allocation Failure) 2018-03-17T00:11:56.717+0500: 942.641: [DefNew: 139776K->17471K(157248K), 0.2631207 secs] 184435K->184434K(506816K), 0.2631827 secs] [Times: user=0.27 sys=0.00, real=0.26 secs] 
2018-03-17T00:11:57.006+0500: 942.930: [GC (Allocation Failure) 2018-03-17T00:11:57.006+0500: 942.930: [DefNew: 157247K->17472K(157248K), 0.2554704 secs] 324210K->324208K(506816K), 0.2555307 secs] [Times: user=0.25 sys=0.00, real=0.25 secs] 
2018-03-17T00:11:57.286+0500: 943.211: [GC (Allocation Failure) 2018-03-17T00:11:57.286+0500: 943.211: [DefNew: 157248K->157248K(157248K), 0.0000158 secs]2018-03-17T00:11:57.286+0500: 943.211: [Tenured: 306736K->34272K(349568K), 0.1778111 secs] 463984K->34272K(506816K), [Metaspace: 5350K->5350K(1056768K)], 0.1779039 secs] [Times: user=0.19 sys=0.00, real=0.18 secs] 
2018-03-17T00:11:57.494+0500: 943.418: [GC (Allocation Failure) 2018-03-17T00:11:57.494+0500: 943.418: [DefNew: 139776K->17472K(157248K), 0.2628008 secs] 174048K->174046K(506816K), 0.2628624 secs] [Times: user=0.27 sys=0.00, real=0.26 secs] 
2018-03-17T00:11:57.786+0500: 943.709: [GC (Allocation Failure) 2018-03-17T00:11:57.786+0500: 943.709: [DefNew: 157248K->17472K(157248K), 0.2824447 secs] 313822K->313821K(506816K), 0.2826098 secs] [Times: user=0.28 sys=0.00, real=0.28 secs] 
2018-03-17T00:11:58.096+0500: 944.020: [GC (Allocation Failure) 2018-03-17T00:11:58.096+0500: 944.020: [DefNew: 157248K->157248K(157248K), 0.0000158 secs]2018-03-17T00:11:58.096+0500: 944.020: [Tenured: 296349K->23908K(349568K), 0.1628462 secs] 453597K->23908K(506816K), [Metaspace: 5350K->5350K(1056768K)], 0.1629437 secs] [Times: user=0.17 sys=0.00, real=0.16 secs] 
2018-03-17T00:11:58.290+0500: 944.214: [GC (Allocation Failure) 2018-03-17T00:11:58.290+0500: 944.214: [DefNew: 139776K->17472K(157248K), 0.2630070 secs] 163684K->163683K(506816K), 0.2630728 secs] [Times: user=0.26 sys=0.00, real=0.26 secs] 
2018-03-17T00:11:58.579+0500: 944.503: [GC (Allocation Failure) 2018-03-17T00:11:58.579+0500: 944.503: [DefNew: 157248K->17472K(157248K), 0.2562684 secs] 303459K->303458K(506816K), 0.2563433 secs] [Times: user=0.26 sys=0.00, real=0.26 secs] 
2018-03-17T00:11:58.862+0500: 944.785: [GC (Allocation Failure) 2018-03-17T00:11:58.862+0500: 944.785: [DefNew: 146063K->146063K(157248K), 0.0000163 secs]2018-03-17T00:11:58.862+0500: 944.785: [Tenured: 285986K->715K(349568K), 0.1370762 secs] 432050K->715K(506816K), [Metaspace: 5350K->5350K(1056768K)], 0.1371682 secs] [Times: user=0.14 sys=0.00, real=0.14 secs] 
2018-03-17T00:11:59.024+0500: 944.948: [GC (Allocation Failure) 2018-03-17T00:11:59.024+0500: 944.948: [DefNew: 139776K->17472K(157248K), 0.2247512 secs] 140491K->140490K(506816K), 0.2248132 secs] [Times: user=0.22 sys=0.00, real=0.23 secs] 
2018-03-17T00:11:59.274+0500: 945.198: [GC (Allocation Failure) 2018-03-17T00:11:59.274+0500: 945.198: [DefNew: 157248K->17472K(157248K), 0.2561923 secs] 280266K->280229K(506816K), 0.2562539 secs] [Times: user=0.25 sys=0.00, real=0.26 secs] 
2018-03-17T00:11:59.559+0500: 945.483: [GC (Allocation Failure) 2018-03-17T00:11:59.559+0500: 945.483: [DefNew: 157248K->157248K(157248K), 0.0000171 secs]2018-03-17T00:11:59.559+0500: 945.483: [Tenured: 262757K->205160K(349568K), 0.5315285 secs] 420005K->205160K(506816K), [Metaspace: 5350K->5350K(1056768K)], 0.5316218 secs] [Times: user=0.53 sys=0.00, real=0.53 secs] 
2018-03-17T00:12:00.120+0500: 946.045: [GC (Allocation Failure) 2018-03-17T00:12:00.120+0500: 946.045: [DefNew: 139776K->17472K(157248K), 0.2607400 secs] 344936K->344935K(506816K), 0.2608041 secs] [Times: user=0.27 sys=0.00, real=0.26 secs] 
2018-03-17T00:12:00.416+0500: 946.339: [GC (Allocation Failure) 2018-03-17T00:12:00.416+0500: 946.339: [DefNew: 157248K->157248K(157248K), 0.0000321 secs]2018-03-17T00:12:00.416+0500: 946.339: [Tenured: 327463K->55022K(349568K), 0.2424043 secs] 484711K->55022K(506816K), [Metaspace: 5350K->5350K(1056768K)], 0.2425395 secs] [Times: user=0.23 sys=0.00, real=0.24 secs] 
2018-03-17T00:12:00.690+0500: 946.614: [GC (Allocation Failure) 2018-03-17T00:12:00.690+0500: 946.614: [DefNew: 139776K->17472K(157248K), 0.3103692 secs] 194798K->194797K(506816K), 0.3104316 secs] [Times: user=0.31 sys=0.00, real=0.31 secs] 
2018-03-17T00:12:01.027+0500: 946.951: [GC (Allocation Failure) 2018-03-17T00:12:01.027+0500: 946.951: [DefNew: 157248K->17471K(157248K), 0.2562047 secs] 334573K->334572K(506816K), 0.2562680 secs] [Times: user=0.25 sys=0.00, real=0.26 secs] 
2018-03-17T00:12:01.308+0500: 947.233: [GC (Allocation Failure) 2018-03-17T00:12:01.309+0500: 947.233: [DefNew: 157247K->157247K(157248K), 0.0000184 secs]2018-03-17T00:12:01.309+0500: 947.233: [Tenured: 317100K->44659K(349568K), 0.1987931 secs] 474348K->44659K(506816K), [Metaspace: 5350K->5350K(1056768K)], 0.1988953 secs] [Times: user=0.20 sys=0.00, real=0.20 secs] 
2018-03-17T00:12:01.536+0500: 947.460: [GC (Allocation Failure) 2018-03-17T00:12:01.536+0500: 947.460: [DefNew: 139776K->17471K(157248K), 0.2795110 secs] 184435K->184434K(506816K), 0.2797081 secs] [Times: user=0.27 sys=0.00, real=0.28 secs] 
2018-03-17T00:12:01.849+0500: 947.773: [GC (Allocation Failure) 2018-03-17T00:12:01.849+0500: 947.773: [DefNew: 157247K->17472K(157248K), 0.3499939 secs] 324210K->324208K(506816K), 0.3500674 secs] [Times: user=0.34 sys=0.00, real=0.35 secs] 
2018-03-17T00:12:02.234+0500: 948.158: [GC (Allocation Failure) 2018-03-17T00:12:02.234+0500: 948.158: [DefNew: 157248K->157248K(157248K), 0.0000175 secs]2018-03-17T00:12:02.234+0500: 948.158: [Tenured: 306736K->34272K(349568K), 0.1910893 secs] 463984K->34272K(506816K), [Metaspace: 5350K->5350K(1056768K)], 0.1911847 secs] [Times: user=0.19 sys=0.00, real=0.19 secs] 
2018-03-17T00:12:02.458+0500: 948.382: [GC (Allocation Failure) 2018-03-17T00:12:02.458+0500: 948.382: [DefNew: 139776K->17472K(157248K), 0.2815329 secs] 174048K->174046K(506816K), 0.2816125 secs] [Times: user=0.30 sys=0.00, real=0.28 secs] 
2018-03-17T00:12:02.769+0500: 948.694: [GC (Allocation Failure) 2018-03-17T00:12:02.770+0500: 948.694: [DefNew: 157248K->17472K(157248K), 0.2971992 secs] 313822K->313821K(506816K), 0.2973069 secs] [Times: user=0.30 sys=0.00, real=0.30 secs] 
2018-03-17T00:12:03.096+0500: 949.020: [GC (Allocation Failure) 2018-03-17T00:12:03.096+0500: 949.020: [DefNew: 157248K->157248K(157248K), 0.0000171 secs]2018-03-17T00:12:03.096+0500: 949.020: [Tenured: 296349K->23908K(349568K), 0.1608756 secs] 453597K->23908K(506816K), [Metaspace: 5350K->5350K(1056768K)], 0.1609684 secs] [Times: user=0.17 sys=0.00, real=0.16 secs] 
2018-03-17T00:12:03.285+0500: 949.209: [GC (Allocation Failure) 2018-03-17T00:12:03.285+0500: 949.209: [DefNew: 139776K->17472K(157248K), 0.2563625 secs] 163684K->163683K(506816K), 0.2564224 secs] [Times: user=0.27 sys=0.00, real=0.26 secs] 
2018-03-17T00:12:03.567+0500: 949.491: [GC (Allocation Failure) 2018-03-17T00:12:03.567+0500: 949.491: [DefNew: 157248K->17472K(157248K), 0.2647095 secs] 303459K->303458K(506816K), 0.2647783 secs] [Times: user=0.27 sys=0.00, real=0.27 secs] 
2018-03-17T00:12:03.860+0500: 949.784: [GC (Allocation Failure) 2018-03-17T00:12:03.860+0500: 949.784: [DefNew: 146063K->146063K(157248K), 0.0000184 secs]2018-03-17T00:12:03.860+0500: 949.784: [Tenured: 285986K->715K(349568K), 0.1447381 secs] 432050K->715K(506816K), [Metaspace: 5350K->5350K(1056768K)], 0.1448335 secs] [Times: user=0.14 sys=0.00, real=0.15 secs] 
2018-03-17T00:12:04.035+0500: 949.959: [GC (Allocation Failure) 2018-03-17T00:12:04.035+0500: 949.959: [DefNew: 139776K->17472K(157248K), 0.2456066 secs] 140491K->140490K(506816K), 0.2456733 secs] [Times: user=0.23 sys=0.00, real=0.25 secs] 
2018-03-17T00:12:04.309+0500: 950.233: [GC (Allocation Failure) 2018-03-17T00:12:04.309+0500: 950.233: [DefNew: 157248K->17472K(157248K), 0.2665552 secs] 280266K->280229K(506816K), 0.2666215 secs] [Times: user=0.27 sys=0.00, real=0.27 secs] 
2018-03-17T00:12:04.605+0500: 950.528: [GC (Allocation Failure) 2018-03-17T00:12:04.605+0500: 950.528: [DefNew: 157248K->157248K(157248K), 0.0000188 secs]2018-03-17T00:12:04.605+0500: 950.528: [Tenured: 262757K->205160K(349568K), 0.5129282 secs] 420005K->205160K(506816K), [Metaspace: 5350K->5350K(1056768K)], 0.5130330 secs] [Times: user=0.52 sys=0.00, real=0.51 secs] 
2018-03-17T00:12:05.146+0500: 951.070: [GC (Allocation Failure) 2018-03-17T00:12:05.146+0500: 951.070: [DefNew: 139776K->17472K(157248K), 0.2496924 secs] 344936K->344935K(506816K), 0.2497762 secs] [Times: user=0.25 sys=0.00, real=0.25 secs] 
2018-03-17T00:12:05.436+0500: 951.360: [GC (Allocation Failure) 2018-03-17T00:12:05.436+0500: 951.360: [DefNew: 157248K->157248K(157248K), 0.0000269 secs]2018-03-17T00:12:05.436+0500: 951.360: [Tenured: 327463K->55022K(349568K), 0.2633346 secs] 484711K->55022K(506816K), [Metaspace: 5350K->5350K(1056768K)], 0.2634500 secs] [Times: user=0.27 sys=0.00, real=0.26 secs] 
2018-03-17T00:12:05.733+0500: 951.657: [GC (Allocation Failure) 2018-03-17T00:12:05.733+0500: 951.657: [DefNew: 139776K->17472K(157248K), 0.2824361 secs] 194798K->194797K(506816K), 0.2825123 secs] [Times: user=0.28 sys=0.00, real=0.28 secs] 
2018-03-17T00:12:06.064+0500: 951.988: [GC (Allocation Failure) 2018-03-17T00:12:06.064+0500: 951.988: [DefNew: 157248K->17471K(157248K), 0.3083430 secs] 334573K->334572K(506816K), 0.3084204 secs] [Times: user=0.31 sys=0.00, real=0.31 secs] 
2018-03-17T00:12:06.398+0500: 952.322: [GC (Allocation Failure) 2018-03-17T00:12:06.398+0500: 952.322: [DefNew: 157247K->157247K(157248K), 0.0000171 secs]2018-03-17T00:12:06.398+0500: 952.322: [Tenured: 317100K->44659K(349568K), 0.1995539 secs] 474348K->44659K(506816K), [Metaspace: 5350K->5350K(1056768K)], 0.1996441 secs] [Times: user=0.19 sys=0.00, real=0.20 secs] 
2018-03-17T00:12:06.627+0500: 952.551: [GC (Allocation Failure) 2018-03-17T00:12:06.627+0500: 952.551: [DefNew: 139776K->17471K(157248K), 0.2566721 secs] 184435K->184434K(506816K), 0.2567320 secs] [Times: user=0.26 sys=0.00, real=0.26 secs] 
2018-03-17T00:12:06.909+0500: 952.833: [GC (Allocation Failure) 2018-03-17T00:12:06.909+0500: 952.833: [DefNew: 157247K->17472K(157248K), 0.2535165 secs] 324210K->324208K(506816K), 0.2535781 secs] [Times: user=0.26 sys=0.00, real=0.25 secs] 
2018-03-17T00:12:07.189+0500: 953.113: [GC (Allocation Failure) 2018-03-17T00:12:07.189+0500: 953.113: [DefNew: 157248K->157248K(157248K), 0.0000158 secs]2018-03-17T00:12:07.189+0500: 953.113: [Tenured: 306736K->34272K(349568K), 0.2038065 secs] 463984K->34272K(506816K), [Metaspace: 5350K->5350K(1056768K)], 0.2039155 secs] [Times: user=0.20 sys=0.00, real=0.20 secs] 
2018-03-17T00:12:07.433+0500: 953.356: [GC (Allocation Failure) 2018-03-17T00:12:07.433+0500: 953.356: [DefNew: 139776K->17472K(157248K), 0.3019855 secs] 174048K->174046K(506816K), 0.3020458 secs] [Times: user=0.30 sys=0.00, real=0.30 secs] 
2018-03-17T00:12:07.762+0500: 953.686: [GC (Allocation Failure) 2018-03-17T00:12:07.762+0500: 953.686: [DefNew: 157248K->17472K(157248K), 0.2554140 secs] 313822K->313821K(506816K), 0.2554777 secs] [Times: user=0.25 sys=0.00, real=0.25 secs] 
2018-03-17T00:12:08.046+0500: 953.970: [GC (Allocation Failure) 2018-03-17T00:12:08.046+0500: 953.970: [DefNew: 157248K->157248K(157248K), 0.0000222 secs]2018-03-17T00:12:08.046+0500: 953.970: [Tenured: 296349K->23908K(349568K), 0.1685045 secs] 453597K->23908K(506816K), [Metaspace: 5350K->5350K(1056768K)], 0.1686392 secs] [Times: user=0.17 sys=0.00, real=0.17 secs] 
2018-03-17T00:12:08.245+0500: 954.169: [GC (Allocation Failure) 2018-03-17T00:12:08.245+0500: 954.169: [DefNew: 139776K->17472K(157248K), 0.2644516 secs] 163684K->163683K(506816K), 0.2645230 secs] [Times: user=0.26 sys=0.00, real=0.26 secs] 
2018-03-17T00:12:08.541+0500: 954.465: [GC (Allocation Failure) 2018-03-17T00:12:08.541+0500: 954.465: [DefNew: 157248K->17472K(157248K), 0.3115534 secs] 303459K->303458K(506816K), 0.3116573 secs] [Times: user=0.31 sys=0.00, real=0.31 secs] 
2018-03-17T00:12:08.884+0500: 954.808: [GC (Allocation Failure) 2018-03-17T00:12:08.884+0500: 954.808: [DefNew: 146063K->146063K(157248K), 0.0000158 secs]2018-03-17T00:12:08.884+0500: 954.808: [Tenured: 285986K->715K(349568K), 0.1395930 secs] 432050K->715K(506816K), [Metaspace: 5350K->5350K(1056768K)], 0.1396789 secs] [Times: user=0.14 sys=0.00, real=0.14 secs] 
2018-03-17T00:12:09.051+0500: 954.974: [GC (Allocation Failure) 2018-03-17T00:12:09.051+0500: 954.974: [DefNew: 139776K->17472K(157248K), 0.2244878 secs] 140491K->140490K(506816K), 0.2245489 secs] [Times: user=0.24 sys=0.00, real=0.22 secs] 
2018-03-17T00:12:09.301+0500: 955.225: [GC (Allocation Failure) 2018-03-17T00:12:09.301+0500: 955.225: [DefNew: 157248K->17472K(157248K), 0.2654087 secs] 280266K->280229K(506816K), 0.2654720 secs] [Times: user=0.27 sys=0.00, real=0.26 secs] 
2018-03-17T00:12:09.597+0500: 955.521: [GC (Allocation Failure) 2018-03-17T00:12:09.597+0500: 955.521: [DefNew: 157248K->157248K(157248K), 0.0000197 secs]2018-03-17T00:12:09.597+0500: 955.521: [Tenured: 262757K->205160K(349568K), 0.4802815 secs] 420005K->205160K(506816K), [Metaspace: 5350K->5350K(1056768K)], 0.4803816 secs] [Times: user=0.48 sys=0.00, real=0.48 secs] 
2018-03-17T00:12:10.104+0500: 956.027: [GC (Allocation Failure) 2018-03-17T00:12:10.104+0500: 956.027: [DefNew: 139776K->17472K(157248K), 0.2444212 secs] 344936K->344935K(506816K), 0.2444964 secs] [Times: user=0.23 sys=0.00, real=0.24 secs] 
2018-03-17T00:12:10.377+0500: 956.301: [GC (Allocation Failure) 2018-03-17T00:12:10.378+0500: 956.301: [DefNew: 157248K->157248K(157248K), 0.0000299 secs]2018-03-17T00:12:10.378+0500: 956.301: [Tenured: 327463K->55022K(349568K), 0.2632678 secs] 484711K->55022K(506816K), [Metaspace: 5350K->5350K(1056768K)], 0.2633996 secs] [Times: user=0.26 sys=0.00, real=0.26 secs] 
2018-03-17T00:12:10.677+0500: 956.601: [GC (Allocation Failure) 2018-03-17T00:12:10.677+0500: 956.601: [DefNew: 139776K->17472K(157248K), 0.2645196 secs] 194798K->194797K(506816K), 0.2646004 secs] [Times: user=0.27 sys=0.00, real=0.26 secs] 
2018-03-17T00:12:10.967+0500: 956.891: [GC (Allocation Failure) 2018-03-17T00:12:10.967+0500: 956.891: [DefNew: 157248K->17471K(157248K), 0.2517186 secs] 334573K->334572K(506816K), 0.2517896 secs] [Times: user=0.25 sys=0.00, real=0.25 secs] 
2018-03-17T00:12:11.244+0500: 957.169: [GC (Allocation Failure) 2018-03-17T00:12:11.244+0500: 957.169: [DefNew: 157247K->157247K(157248K), 0.0000180 secs]2018-03-17T00:12:11.244+0500: 957.169: [Tenured: 317100K->44659K(349568K), 0.2021861 secs] 474348K->44659K(506816K), [Metaspace: 5350K->5350K(1056768K)], 0.2022904 secs] [Times: user=0.19 sys=0.00, real=0.20 secs] 
2018-03-17T00:12:11.483+0500: 957.406: [GC (Allocation Failure) 2018-03-17T00:12:11.483+0500: 957.406: [DefNew: 139776K->17471K(157248K), 0.2831927 secs] 184435K->184434K(506816K), 0.2832572 secs] [Times: user=0.28 sys=0.00, real=0.28 secs] 
2018-03-17T00:12:11.795+0500: 957.719: [GC (Allocation Failure) 2018-03-17T00:12:11.795+0500: 957.719: [DefNew: 157247K->17472K(157248K), 0.2585773 secs] 324210K->324208K(506816K), 0.2586355 secs] [Times: user=0.25 sys=0.00, real=0.26 secs] 
2018-03-17T00:12:12.079+0500: 958.003: [GC (Allocation Failure) 2018-03-17T00:12:12.079+0500: 958.003: [DefNew: 157248K->157248K(157248K), 0.0000163 secs]2018-03-17T00:12:12.079+0500: 958.003: [Tenured: 306736K->34272K(349568K), 0.1766753 secs] 463984K->34272K(506816K), [Metaspace: 5350K->5350K(1056768K)], 0.1767659 secs] [Times: user=0.19 sys=0.00, real=0.18 secs] 
2018-03-17T00:12:12.285+0500: 958.209: [GC (Allocation Failure) 2018-03-17T00:12:12.285+0500: 958.209: [DefNew: 139776K->17472K(157248K), 0.2557232 secs] 174048K->174046K(506816K), 0.2557860 secs] [Times: user=0.26 sys=0.00, real=0.25 secs] 
2018-03-17T00:12:12.566+0500: 958.490: [GC (Allocation Failure) 2018-03-17T00:12:12.566+0500: 958.490: [DefNew: 157248K->17472K(157248K), 0.2524328 secs] 313822K->313821K(506816K), 0.2524948 secs] [Times: user=0.26 sys=0.00, real=0.25 secs] 
2018-03-17T00:12:12.844+0500: 958.768: [GC (Allocation Failure) 2018-03-17T00:12:12.844+0500: 958.769: [DefNew: 157248K->157248K(157248K), 0.0000167 secs]2018-03-17T00:12:12.844+0500: 958.769: [Tenured: 296349K->23908K(349568K), 0.1558105 secs] 453597K->23908K(506816K), [Metaspace: 5350K->5350K(1056768K)], 0.1559024 secs] [Times: user=0.16 sys=0.00, real=0.16 secs] 
2018-03-17T00:12:13.029+0500: 958.953: [GC (Allocation Failure) 2018-03-17T00:12:13.029+0500: 958.953: [DefNew: 139776K->17472K(157248K), 0.2599719 secs] 163684K->163683K(506816K), 0.2600339 secs] [Times: user=0.26 sys=0.00, real=0.26 secs] 
2018-03-17T00:12:13.315+0500: 959.238: [GC (Allocation Failure) 2018-03-17T00:12:13.315+0500: 959.238: [DefNew: 157248K->17472K(157248K), 0.2538590 secs] 303459K->303458K(506816K), 0.2539292 secs] [Times: user=0.25 sys=0.00, real=0.25 secs] 
2018-03-17T00:12:13.594+0500: 959.518: [GC (Allocation Failure) 2018-03-17T00:12:13.594+0500: 959.518: [DefNew: 146063K->146063K(157248K), 0.0000222 secs]2018-03-17T00:12:13.594+0500: 959.518: [Tenured: 285986K->715K(349568K), 0.1358591 secs] 432050K->715K(506816K), [Metaspace: 5350K->5350K(1056768K)], 0.1359913 secs] [Times: user=0.14 sys=0.00, real=0.14 secs] 
2018-03-17T00:12:13.756+0500: 959.680: [GC (Allocation Failure) 2018-03-17T00:12:13.756+0500: 959.680: [DefNew: 139776K->17472K(157248K), 0.2233177 secs] 140491K->140490K(506816K), 0.2233900 secs] [Times: user=0.22 sys=0.00, real=0.22 secs] 
2018-03-17T00:12:14.005+0500: 959.929: [GC (Allocation Failure) 2018-03-17T00:12:14.005+0500: 959.929: [DefNew: 157248K->17472K(157248K), 0.2555598 secs] 280266K->280229K(506816K), 0.2556193 secs] [Times: user=0.27 sys=0.00, real=0.25 secs] 
2018-03-17T00:12:14.288+0500: 960.212: [GC (Allocation Failure) 2018-03-17T00:12:14.288+0500: 960.212: [DefNew: 157248K->157248K(157248K), 0.0000163 secs]2018-03-17T00:12:14.288+0500: 960.212: [Tenured: 262757K->205160K(349568K), 0.4724140 secs] 420005K->205160K(506816K), [Metaspace: 5350K->5350K(1056768K)], 0.4725038 secs] [Times: user=0.45 sys=0.00, real=0.47 secs] 
2018-03-17T00:12:14.787+0500: 960.710: [GC (Allocation Failure) 2018-03-17T00:12:14.787+0500: 960.711: [DefNew: 139776K->17472K(157248K), 0.2261586 secs] 344936K->344935K(506816K), 0.2262416 secs] [Times: user=0.22 sys=0.00, real=0.23 secs] 
2018-03-17T00:12:15.038+0500: 960.962: [GC (Allocation Failure) 2018-03-17T00:12:15.038+0500: 960.962: [DefNew: 157248K->157248K(157248K), 0.0000163 secs]2018-03-17T00:12:15.038+0500: 960.962: [Tenured: 327463K->55022K(349568K), 0.2238839 secs] 484711K->55022K(506816K), [Metaspace: 5350K->5350K(1056768K)], 0.2239742 secs] [Times: user=0.22 sys=0.00, real=0.22 secs] 
2018-03-17T00:12:15.291+0500: 961.215: [GC (Allocation Failure) 2018-03-17T00:12:15.291+0500: 961.215: [DefNew: 139776K->17472K(157248K), 0.2548546 secs] 194798K->194797K(506816K), 0.2549175 secs] [Times: user=0.25 sys=0.00, real=0.26 secs] 
2018-03-17T00:12:15.572+0500: 961.496: [GC (Allocation Failure) 2018-03-17T00:12:15.572+0500: 961.496: [DefNew: 157248K->17471K(157248K), 0.2556342 secs] 334573K->334572K(506816K), 0.2557108 secs] [Times: user=0.25 sys=0.00, real=0.26 secs] 
2018-03-17T00:12:15.853+0500: 961.777: [GC (Allocation Failure) 2018-03-17T00:12:15.854+0500: 961.777: [DefNew: 157247K->157247K(157248K), 0.0000287 secs]2018-03-17T00:12:15.854+0500: 961.777: [Tenured: 317100K->44659K(349568K), 0.2006174 secs] 474348K->44659K(506816K), [Metaspace: 5350K->5350K(1056768K)], 0.2007842 secs] [Times: user=0.20 sys=0.00, real=0.20 secs] 
2018-03-17T00:12:16.083+0500: 962.007: [GC (Allocation Failure) 2018-03-17T00:12:16.083+0500: 962.007: [DefNew: 139776K->17471K(157248K), 0.2549902 secs] 184435K->184434K(506816K), 0.2550518 secs] [Times: user=0.27 sys=0.00, real=0.26 secs] 
2018-03-17T00:12:16.363+0500: 962.287: [GC (Allocation Failure) 2018-03-17T00:12:16.363+0500: 962.287: [DefNew: 157247K->17472K(157248K), 0.2580325 secs] 324210K->324208K(506816K), 0.2580937 secs] [Times: user=0.27 sys=0.00, real=0.26 secs] 
2018-03-17T00:12:16.646+0500: 962.570: [GC (Allocation Failure) 2018-03-17T00:12:16.646+0500: 962.571: [DefNew: 157248K->157248K(157248K), 0.0000197 secs]2018-03-17T00:12:16.646+0500: 962.571: [Tenured: 306736K->34272K(349568K), 0.1773480 secs] 463984K->34272K(506816K), [Metaspace: 5350K->5350K(1056768K)], 0.1774480 secs] [Times: user=0.19 sys=0.00, real=0.18 secs] 
2018-03-17T00:12:16.852+0500: 962.777: [GC (Allocation Failure) 2018-03-17T00:12:16.853+0500: 962.777: [DefNew: 139776K->17472K(157248K), 0.2555457 secs] 174048K->174046K(506816K), 0.2556128 secs] [Times: user=0.25 sys=0.00, real=0.26 secs] 
2018-03-17T00:12:17.134+0500: 963.058: [GC (Allocation Failure) 2018-03-17T00:12:17.134+0500: 963.058: [DefNew: 157248K->17472K(157248K), 0.2521022 secs] 313822K->313821K(506816K), 0.2521638 secs] [Times: user=0.25 sys=0.00, real=0.25 secs] 
2018-03-17T00:12:17.411+0500: 963.335: [GC (Allocation Failure) 2018-03-17T00:12:17.411+0500: 963.335: [DefNew: 157248K->157248K(157248K), 0.0000163 secs]2018-03-17T00:12:17.411+0500: 963.335: [Tenured: 296349K->23908K(349568K), 0.1576519 secs] 453597K->23908K(506816K), [Metaspace: 5350K->5350K(1056768K)], 0.1577400 secs] [Times: user=0.17 sys=0.00, real=0.16 secs] 
2018-03-17T00:12:17.597+0500: 963.521: [GC (Allocation Failure) 2018-03-17T00:12:17.597+0500: 963.521: [DefNew: 139776K->17472K(157248K), 0.2573795 secs] 163684K->163683K(506816K), 0.2574423 secs] [Times: user=0.26 sys=0.00, real=0.26 secs] 
2018-03-17T00:12:17.880+0500: 963.804: [GC (Allocation Failure) 2018-03-17T00:12:17.880+0500: 963.804: [DefNew: 157248K->17472K(157248K), 0.2529045 secs] 303459K->303458K(506816K), 0.2529682 secs] [Times: user=0.27 sys=0.00, real=0.25 secs] 
2018-03-17T00:12:18.158+0500: 964.082: [GC (Allocation Failure) 2018-03-17T00:12:18.158+0500: 964.082: [DefNew: 146063K->146063K(157248K), 0.0000163 secs]2018-03-17T00:12:18.158+0500: 964.082: [Tenured: 285986K->715K(349568K), 0.1365438 secs] 432050K->715K(506816K), [Metaspace: 5350K->5350K(1056768K)], 0.1366293 secs] [Times: user=0.14 sys=0.00, real=0.14 secs] 
2018-03-17T00:12:18.320+0500: 964.244: [GC (Allocation Failure) 2018-03-17T00:12:18.320+0500: 964.244: [DefNew: 139776K->17472K(157248K), 0.2245434 secs] 140491K->140490K(506816K), 0.2246169 secs] [Times: user=0.20 sys=0.02, real=0.23 secs] 
2018-03-17T00:12:18.571+0500: 964.494: [GC (Allocation Failure) 2018-03-17T00:12:18.571+0500: 964.494: [DefNew: 157248K->17472K(157248K), 0.2561029 secs] 280266K->280229K(506816K), 0.2561628 secs] [Times: user=0.25 sys=0.00, real=0.26 secs] 
2018-03-17T00:12:18.855+0500: 964.778: [GC (Allocation Failure) 2018-03-17T00:12:18.855+0500: 964.778: [DefNew: 157248K->157248K(157248K), 0.0000175 secs]2018-03-17T00:12:18.855+0500: 964.778: [Tenured: 262757K->205160K(349568K), 0.4906615 secs] 420005K->205160K(506816K), [Metaspace: 5350K->5350K(1056768K)], 0.4907552 secs] [Times: user=0.48 sys=0.00, real=0.49 secs] 
2018-03-17T00:12:19.371+0500: 965.295: [GC (Allocation Failure) 2018-03-17T00:12:19.371+0500: 965.295: [DefNew: 139776K->17472K(157248K), 0.2237300 secs] 344936K->344935K(506816K), 0.2238095 secs] [Times: user=0.22 sys=0.00, real=0.22 secs] 
2018-03-17T00:12:19.621+0500: 965.546: [GC (Allocation Failure) 2018-03-17T00:12:19.621+0500: 965.546: [DefNew: 157248K->157248K(157248K), 0.0000163 secs]2018-03-17T00:12:19.621+0500: 965.546: [Tenured: 327463K->55022K(349568K), 0.2208874 secs] 484711K->55022K(506816K), [Metaspace: 5350K->5350K(1056768K)], 0.2209802 secs] [Times: user=0.22 sys=0.00, real=0.22 secs] 
2018-03-17T00:12:19.872+0500: 965.796: [GC (Allocation Failure) 2018-03-17T00:12:19.872+0500: 965.796: [DefNew: 139776K->17472K(157248K), 0.2544808 secs] 194798K->194797K(506816K), 0.2545450 secs] [Times: user=0.25 sys=0.00, real=0.26 secs] 
2018-03-17T00:12:20.153+0500: 966.076: [GC (Allocation Failure) 2018-03-17T00:12:20.153+0500: 966.076: [DefNew: 157248K->17471K(157248K), 0.2510421 secs] 334573K->334572K(506816K), 0.2511169 secs] [Times: user=0.25 sys=0.00, real=0.25 secs] 
2018-03-17T00:12:20.429+0500: 966.353: [GC (Allocation Failure) 2018-03-17T00:12:20.429+0500: 966.353: [DefNew: 157247K->157247K(157248K), 0.0000842 secs]2018-03-17T00:12:20.429+0500: 966.353: [Tenured: 317100K->44659K(349568K), 0.2210982 secs] 474348K->44659K(506816K), [Metaspace: 5350K->5350K(1056768K)], 0.2212616 secs] [Times: user=0.22 sys=0.00, real=0.22 secs] 
2018-03-17T00:12:20.688+0500: 966.612: [GC (Allocation Failure) 2018-03-17T00:12:20.688+0500: 966.612: [DefNew: 139776K->17471K(157248K), 0.3348327 secs] 184435K->184434K(506816K), 0.3349050 secs] [Times: user=0.34 sys=0.00, real=0.34 secs] 
2018-03-17T00:12:21.054+0500: 966.978: [GC (Allocation Failure) 2018-03-17T00:12:21.054+0500: 966.978: [DefNew: 157247K->17472K(157248K), 0.2933152 secs] 324210K->324208K(506816K), 0.2933879 secs] [Times: user=0.28 sys=0.00, real=0.29 secs] 
2018-03-17T00:12:21.374+0500: 967.297: [GC (Allocation Failure) 2018-03-17T00:12:21.374+0500: 967.297: [DefNew: 157248K->157248K(157248K), 0.0000210 secs]2018-03-17T00:12:21.374+0500: 967.297: [Tenured: 306736K->34272K(349568K), 0.1782003 secs] 463984K->34272K(506816K), [Metaspace: 5350K->5350K(1056768K)], 0.1783136 secs] [Times: user=0.17 sys=0.00, real=0.18 secs] 
2018-03-17T00:12:21.581+0500: 967.504: [GC (Allocation Failure) 2018-03-17T00:12:21.581+0500: 967.504: [DefNew: 139776K->17472K(157248K), 0.2564784 secs] 174048K->174046K(506816K), 0.2565430 secs] [Times: user=0.26 sys=0.00, real=0.26 secs] 
2018-03-17T00:12:21.862+0500: 967.786: [GC (Allocation Failure) 2018-03-17T00:12:21.862+0500: 967.786: [DefNew: 157248K->17472K(157248K), 0.2546493 secs] 313822K->313821K(506816K), 0.2547114 secs] [Times: user=0.26 sys=0.00, real=0.26 secs] 
2018-03-17T00:12:22.143+0500: 968.067: [GC (Allocation Failure) 2018-03-17T00:12:22.143+0500: 968.067: [DefNew: 157248K->157248K(157248K), 0.0000222 secs]2018-03-17T00:12:22.143+0500: 968.067: [Tenured: 296349K->23908K(349568K), 0.1546652 secs] 453597K->23908K(506816K), [Metaspace: 5350K->5350K(1056768K)], 0.1547687 secs] [Times: user=0.16 sys=0.00, real=0.15 secs] 
2018-03-17T00:12:22.326+0500: 968.250: [GC (Allocation Failure) 2018-03-17T00:12:22.326+0500: 968.250: [DefNew: 139776K->17472K(157248K), 0.2584974 secs] 163684K->163683K(506816K), 0.2585671 secs] [Times: user=0.26 sys=0.00, real=0.26 secs] 
2018-03-17T00:12:22.610+0500: 968.534: [GC (Allocation Failure) 2018-03-17T00:12:22.610+0500: 968.534: [DefNew: 157248K->17472K(157248K), 0.2540186 secs] 303459K->303458K(506816K), 0.2540797 secs] [Times: user=0.25 sys=0.00, real=0.26 secs] 
2018-03-17T00:12:22.890+0500: 968.814: [GC (Allocation Failure) 2018-03-17T00:12:22.891+0500: 968.814: [DefNew: 146063K->146063K(157248K), 0.0000210 secs]2018-03-17T00:12:22.891+0500: 968.814: [Tenured: 285986K->715K(349568K), 0.1356552 secs] 432050K->715K(506816K), [Metaspace: 5350K->5350K(1056768K)], 0.1357612 secs] [Times: user=0.14 sys=0.00, real=0.14 secs] 
2018-03-17T00:12:23.052+0500: 968.975: [GC (Allocation Failure) 2018-03-17T00:12:23.052+0500: 968.975: [DefNew: 139776K->17472K(157248K), 0.2270199 secs] 140491K->140490K(506816K), 0.2271102 secs] [Times: user=0.23 sys=0.00, real=0.23 secs] 
2018-03-17T00:12:23.304+0500: 969.228: [GC (Allocation Failure) 2018-03-17T00:12:23.304+0500: 969.228: [DefNew: 157248K->17472K(157248K), 0.2574847 secs] 280266K->280229K(506816K), 0.2575441 secs] [Times: user=0.25 sys=0.00, real=0.26 secs] 
2018-03-17T00:12:23.590+0500: 969.514: [GC (Allocation Failure) 2018-03-17T00:12:23.590+0500: 969.514: [DefNew: 157248K->157248K(157248K), 0.0000184 secs]2018-03-17T00:12:23.590+0500: 969.514: [Tenured: 262757K->205160K(349568K), 0.4714325 secs] 420005K->205160K(506816K), [Metaspace: 5350K->5350K(1056768K)], 0.4715258 secs] [Times: user=0.47 sys=0.00, real=0.47 secs] 
2018-03-17T00:12:24.087+0500: 970.011: [GC (Allocation Failure) 2018-03-17T00:12:24.087+0500: 970.011: [DefNew: 139776K->17472K(157248K), 0.2235478 secs] 344936K->344935K(506816K), 0.2236115 secs] [Times: user=0.22 sys=0.00, real=0.22 secs] 
2018-03-17T00:12:24.337+0500: 970.261: [GC (Allocation Failure) 2018-03-17T00:12:24.337+0500: 970.261: [DefNew: 157248K->157248K(157248K), 0.0000167 secs]2018-03-17T00:12:24.337+0500: 970.261: [Tenured: 327463K->55022K(349568K), 0.2234888 secs] 484711K->55022K(506816K), [Metaspace: 5350K->5350K(1056768K)], 0.2235842 secs] [Times: user=0.22 sys=0.00, real=0.22 secs] 
2018-03-17T00:12:24.590+0500: 970.513: [GC (Allocation Failure) 2018-03-17T00:12:24.590+0500: 970.513: [DefNew: 139776K->17472K(157248K), 0.2563228 secs] 194798K->194797K(506816K), 0.2564096 secs] [Times: user=0.25 sys=0.00, real=0.26 secs] 
2018-03-17T00:12:24.871+0500: 970.795: [GC (Allocation Failure) 2018-03-17T00:12:24.871+0500: 970.795: [DefNew: 157248K->17471K(157248K), 0.2502334 secs] 334573K->334572K(506816K), 0.2503057 secs] [Times: user=0.25 sys=0.00, real=0.25 secs] 
2018-03-17T00:12:25.147+0500: 971.071: [GC (Allocation Failure) 2018-03-17T00:12:25.147+0500: 971.071: [DefNew: 157247K->157247K(157248K), 0.0000205 secs]2018-03-17T00:12:25.147+0500: 971.071: [Tenured: 317100K->44659K(349568K), 0.2011443 secs] 474348K->44659K(506816K), [Metaspace: 5350K->5350K(1056768K)], 0.2012559 secs] [Times: user=0.19 sys=0.00, real=0.20 secs] 
2018-03-17T00:12:25.379+0500: 971.303: [GC (Allocation Failure) 2018-03-17T00:12:25.379+0500: 971.303: [DefNew: 139776K->17471K(157248K), 0.2546990 secs] 184435K->184434K(506816K), 0.2547610 secs] [Times: user=0.27 sys=0.00, real=0.26 secs] 
2018-03-17T00:12:25.660+0500: 971.583: [GC (Allocation Failure) 2018-03-17T00:12:25.660+0500: 971.583: [DefNew: 157247K->17472K(157248K), 0.2503040 secs] 324210K->324208K(506816K), 0.2503638 secs] [Times: user=0.25 sys=0.00, real=0.25 secs] 
2018-03-17T00:12:25.936+0500: 971.860: [GC (Allocation Failure) 2018-03-17T00:12:25.936+0500: 971.860: [DefNew: 157248K->157248K(157248K), 0.0000171 secs]2018-03-17T00:12:25.936+0500: 971.860: [Tenured: 306736K->34272K(349568K), 0.1817181 secs] 463984K->34272K(506816K), [Metaspace: 5350K->5350K(1056768K)], 0.1818293 secs] [Times: user=0.19 sys=0.00, real=0.18 secs] 
2018-03-17T00:12:26.147+0500: 972.070: [GC (Allocation Failure) 2018-03-17T00:12:26.147+0500: 972.070: [DefNew: 139776K->17472K(157248K), 0.2556124 secs] 174048K->174046K(506816K), 0.2556791 secs] [Times: user=0.25 sys=0.00, real=0.25 secs] 
2018-03-17T00:12:26.427+0500: 972.351: [GC (Allocation Failure) 2018-03-17T00:12:26.427+0500: 972.351: [DefNew: 157248K->17472K(157248K), 0.2520360 secs] 313822K->313821K(506816K), 0.2520971 secs] [Times: user=0.27 sys=0.00, real=0.25 secs] 
2018-03-17T00:12:26.705+0500: 972.629: [GC (Allocation Failure) 2018-03-17T00:12:26.705+0500: 972.629: [DefNew: 157248K->157248K(157248K), 0.0000171 secs]2018-03-17T00:12:26.705+0500: 972.629: [Tenured: 296349K->23908K(349568K), 0.1551095 secs] 453597K->23908K(506816K), [Metaspace: 5350K->5350K(1056768K)], 0.1551981 secs] [Times: user=0.16 sys=0.00, real=0.15 secs] 
2018-03-17T00:12:26.888+0500: 972.812: [GC (Allocation Failure) 2018-03-17T00:12:26.888+0500: 972.812: [DefNew: 139776K->17472K(157248K), 0.2550620 secs] 163684K->163683K(506816K), 0.2551287 secs] [Times: user=0.25 sys=0.00, real=0.26 secs] 
2018-03-17T00:12:27.169+0500: 973.092: [GC (Allocation Failure) 2018-03-17T00:12:27.169+0500: 973.092: [DefNew: 157248K->17472K(157248K), 0.2544257 secs] 303459K->303458K(506816K), 0.2544877 secs] [Times: user=0.25 sys=0.00, real=0.25 secs] 
2018-03-17T00:12:27.449+0500: 973.372: [GC (Allocation Failure) 2018-03-17T00:12:27.449+0500: 973.372: [DefNew: 146063K->146063K(157248K), 0.0000154 secs]2018-03-17T00:12:27.449+0500: 973.372: [Tenured: 285986K->715K(349568K), 0.1364215 secs] 432050K->715K(506816K), [Metaspace: 5350K->5350K(1056768K)], 0.1365023 secs] [Times: user=0.14 sys=0.00, real=0.14 secs] 
2018-03-17T00:12:27.610+0500: 973.534: [GC (Allocation Failure) 2018-03-17T00:12:27.610+0500: 973.534: [DefNew: 139776K->17472K(157248K), 0.2225586 secs] 140491K->140490K(506816K), 0.2226198 secs] [Times: user=0.22 sys=0.00, real=0.22 secs] 
2018-03-17T00:12:27.858+0500: 973.782: [GC (Allocation Failure) 2018-03-17T00:12:27.858+0500: 973.782: [DefNew: 157248K->17472K(157248K), 0.2554268 secs] 280266K->280229K(506816K), 0.2554905 secs] [Times: user=0.25 sys=0.00, real=0.26 secs] 
2018-03-17T00:12:28.142+0500: 974.066: [GC (Allocation Failure) 2018-03-17T00:12:28.142+0500: 974.066: [DefNew: 157248K->157248K(157248K), 0.0000171 secs]2018-03-17T00:12:28.142+0500: 974.066: [Tenured: 262757K->205160K(349568K), 0.4716549 secs] 420005K->205160K(506816K), [Metaspace: 5350K->5350K(1056768K)], 0.4717503 secs] [Times: user=0.47 sys=0.00, real=0.47 secs] 
2018-03-17T00:12:28.639+0500: 974.563: [GC (Allocation Failure) 2018-03-17T00:12:28.639+0500: 974.563: [DefNew: 139776K->17472K(157248K), 0.2239917 secs] 344936K->344935K(506816K), 0.2240563 secs] [Times: user=0.22 sys=0.00, real=0.22 secs] 
2018-03-17T00:12:28.889+0500: 974.813: [GC (Allocation Failure) 2018-03-17T00:12:28.889+0500: 974.813: [DefNew: 157248K->157248K(157248K), 0.0000158 secs]2018-03-17T00:12:28.889+0500: 974.813: [Tenured: 327463K->55022K(349568K), 0.2218611 secs] 484711K->55022K(506816K), [Metaspace: 5350K->5350K(1056768K)], 0.2219676 secs] [Times: user=0.22 sys=0.00, real=0.22 secs] 
2018-03-17T00:12:29.140+0500: 975.064: [GC (Allocation Failure) 2018-03-17T00:12:29.140+0500: 975.064: [DefNew: 139776K->17472K(157248K), 0.2557967 secs] 194798K->194797K(506816K), 0.2558617 secs] [Times: user=0.25 sys=0.00, real=0.25 secs] 
2018-03-17T00:12:29.421+0500: 975.345: [GC (Allocation Failure) 2018-03-17T00:12:29.421+0500: 975.345: [DefNew: 157248K->17471K(157248K), 0.2506247 secs] 334573K->334572K(506816K), 0.2506876 secs] [Times: user=0.25 sys=0.00, real=0.25 secs] 
2018-03-17T00:12:29.697+0500: 975.621: [GC (Allocation Failure) 2018-03-17T00:12:29.697+0500: 975.621: [DefNew: 157247K->157247K(157248K), 0.0000171 secs]2018-03-17T00:12:29.697+0500: 975.621: [Tenured: 317100K->44659K(349568K), 0.1993430 secs] 474348K->44659K(506816K), [Metaspace: 5350K->5350K(1056768K)], 0.1994324 secs] [Times: user=0.20 sys=0.00, real=0.20 secs] 
2018-03-17T00:12:29.926+0500: 975.849: [GC (Allocation Failure) 2018-03-17T00:12:29.926+0500: 975.849: [DefNew: 139776K->17471K(157248K), 0.2567111 secs] 184435K->184434K(506816K), 0.2568022 secs] [Times: user=0.27 sys=0.00, real=0.26 secs] 
2018-03-17T00:12:30.210+0500: 976.133: [GC (Allocation Failure) 2018-03-17T00:12:30.210+0500: 976.133: [DefNew: 157247K->17472K(157248K), 0.2695638 secs] 324210K->324208K(506816K), 0.2696300 secs] [Times: user=0.27 sys=0.00, real=0.27 secs] 
2018-03-17T00:12:30.506+0500: 976.430: [GC (Allocation Failure) 2018-03-17T00:12:30.506+0500: 976.430: [DefNew: 157248K->157248K(157248K), 0.0000167 secs]2018-03-17T00:12:30.506+0500: 976.430: [Tenured: 306736K->34272K(349568K), 0.1779368 secs] 463984K->34272K(506816K), [Metaspace: 5350K->5350K(1056768K)], 0.1780284 secs] [Times: user=0.17 sys=0.00, real=0.18 secs] 
2018-03-17T00:12:30.712+0500: 976.636: [GC (Allocation Failure) 2018-03-17T00:12:30.712+0500: 976.636: [DefNew: 139776K->17472K(157248K), 0.2555645 secs] 174048K->174046K(506816K), 0.2556402 secs] [Times: user=0.25 sys=0.00, real=0.26 secs] 
2018-03-17T00:12:30.993+0500: 976.917: [GC (Allocation Failure) 2018-03-17T00:12:30.993+0500: 976.917: [DefNew: 157248K->17472K(157248K), 0.2523635 secs] 313822K->313821K(506816K), 0.2524226 secs] [Times: user=0.25 sys=0.00, real=0.25 secs] 
2018-03-17T00:12:31.271+0500: 977.195: [GC (Allocation Failure) 2018-03-17T00:12:31.271+0500: 977.195: [DefNew: 157248K->157248K(157248K), 0.0000163 secs]2018-03-17T00:12:31.271+0500: 977.195: [Tenured: 296349K->23908K(349568K), 0.1552182 secs] 453597K->23908K(506816K), [Metaspace: 5350K->5350K(1056768K)], 0.1553024 secs] [Times: user=0.16 sys=0.00, real=0.16 secs] 
2018-03-17T00:12:31.454+0500: 977.378: [GC (Allocation Failure) 2018-03-17T00:12:31.454+0500: 977.378: [DefNew: 139776K->17472K(157248K), 0.2572957 secs] 163684K->163683K(506816K), 0.2573679 secs] [Times: user=0.25 sys=0.00, real=0.26 secs] 
2018-03-17T00:12:31.737+0500: 977.661: [GC (Allocation Failure) 2018-03-17T00:12:31.737+0500: 977.661: [DefNew: 157248K->17472K(157248K), 0.2534429 secs] 303459K->303458K(506816K), 0.2535045 secs] [Times: user=0.25 sys=0.00, real=0.25 secs] 
2018-03-17T00:12:32.016+0500: 977.940: [GC (Allocation Failure) 2018-03-17T00:12:32.016+0500: 977.940: [DefNew: 146063K->146063K(157248K), 0.0000192 secs]2018-03-17T00:12:32.016+0500: 977.940: [Tenured: 285986K->715K(349568K), 0.1372695 secs] 432050K->715K(506816K), [Metaspace: 5350K->5350K(1056768K)], 0.1373632 secs] [Times: user=0.14 sys=0.00, real=0.14 secs] 
2018-03-17T00:12:32.179+0500: 978.103: [GC (Allocation Failure) 2018-03-17T00:12:32.179+0500: 978.103: [DefNew: 139776K->17472K(157248K), 0.2233284 secs] 140491K->140490K(506816K), 0.2233956 secs] [Times: user=0.22 sys=0.00, real=0.22 secs] 
2018-03-17T00:12:32.427+0500: 978.351: [GC (Allocation Failure) 2018-03-17T00:12:32.427+0500: 978.351: [DefNew: 157248K->17472K(157248K), 0.2567243 secs] 280266K->280229K(506816K), 0.2567842 secs] [Times: user=0.27 sys=0.00, real=0.26 secs] 
2018-03-17T00:12:32.713+0500: 978.636: [GC (Allocation Failure) 2018-03-17T00:12:32.713+0500: 978.636: [DefNew: 157248K->157248K(157248K), 0.0000355 secs]2018-03-17T00:12:32.713+0500: 978.636: [Tenured: 262757K->205160K(349568K), 0.4721899 secs] 420005K->205160K(506816K), [Metaspace: 5350K->5350K(1056768K)], 0.4723037 secs] [Times: user=0.47 sys=0.00, real=0.47 secs] 
2018-03-17T00:12:33.210+0500: 979.134: [GC (Allocation Failure) 2018-03-17T00:12:33.210+0500: 979.134: [DefNew: 139776K->17472K(157248K), 0.2240648 secs] 344936K->344935K(506816K), 0.2241277 secs] [Times: user=0.22 sys=0.00, real=0.22 secs] 
2018-03-17T00:12:33.460+0500: 979.384: [GC (Allocation Failure) 2018-03-17T00:12:33.460+0500: 979.384: [DefNew: 157248K->157248K(157248K), 0.0000175 secs]2018-03-17T00:12:33.460+0500: 979.384: [Tenured: 327463K->55022K(349568K), 0.2202185 secs] 484711K->55022K(506816K), [Metaspace: 5350K->5350K(1056768K)], 0.2203109 secs] [Times: user=0.22 sys=0.00, real=0.22 secs] 
2018-03-17T00:12:33.708+0500: 979.633: [GC (Allocation Failure) 2018-03-17T00:12:33.708+0500: 979.633: [DefNew: 139776K->17472K(157248K), 0.2553892 secs] 194798K->194797K(506816K), 0.2554499 secs] [Times: user=0.27 sys=0.00, real=0.26 secs] 
2018-03-17T00:12:33.989+0500: 979.913: [GC (Allocation Failure) 2018-03-17T00:12:33.989+0500: 979.913: [DefNew: 157248K->17471K(157248K), 0.2498686 secs] 334573K->334572K(506816K), 0.2499310 secs] [Times: user=0.25 sys=0.00, real=0.25 secs] 
2018-03-17T00:12:34.265+0500: 980.189: [GC (Allocation Failure) 2018-03-17T00:12:34.265+0500: 980.189: [DefNew: 157247K->157247K(157248K), 0.0000167 secs]2018-03-17T00:12:34.265+0500: 980.189: [Tenured: 317100K->44659K(349568K), 0.1984326 secs] 474348K->44659K(506816K), [Metaspace: 5350K->5350K(1056768K)], 0.1985219 secs] [Times: user=0.20 sys=0.00, real=0.20 secs] 
2018-03-17T00:12:34.492+0500: 980.416: [GC (Allocation Failure) 2018-03-17T00:12:34.492+0500: 980.416: [DefNew: 139776K->17471K(157248K), 0.2560769 secs] 184435K->184434K(506816K), 0.2561372 secs] [Times: user=0.25 sys=0.00, real=0.26 secs] 
2018-03-17T00:12:34.773+0500: 980.697: [GC (Allocation Failure) 2018-03-17T00:12:34.773+0500: 980.697: [DefNew: 157247K->17472K(157248K), 0.2501620 secs] 324210K->324208K(506816K), 0.2502368 secs] [Times: user=0.25 sys=0.00, real=0.25 secs] 
2018-03-17T00:12:35.049+0500: 980.973: [GC (Allocation Failure) 2018-03-17T00:12:35.049+0500: 980.973: [DefNew: 157248K->157248K(157248K), 0.0000167 secs]2018-03-17T00:12:35.049+0500: 980.973: [Tenured: 306736K->34272K(349568K), 0.1796504 secs] 463984K->34272K(506816K), [Metaspace: 5350K->5350K(1056768K)], 0.1797420 secs] [Times: user=0.19 sys=0.00, real=0.18 secs] 
2018-03-17T00:12:35.263+0500: 981.187: [GC (Allocation Failure) 2018-03-17T00:12:35.263+0500: 981.187: [DefNew: 139776K->17472K(157248K), 0.2538052 secs] 174048K->174046K(506816K), 0.2538663 secs] [Times: user=0.25 sys=0.00, real=0.25 secs] 
2018-03-17T00:12:35.543+0500: 981.466: [GC (Allocation Failure) 2018-03-17T00:12:35.543+0500: 981.466: [DefNew: 157248K->17472K(157248K), 0.2509643 secs] 313822K->313821K(506816K), 0.2510258 secs] [Times: user=0.25 sys=0.00, real=0.25 secs] 
2018-03-17T00:12:35.821+0500: 981.744: [GC (Allocation Failure) 2018-03-17T00:12:35.821+0500: 981.744: [DefNew: 157248K->157248K(157248K), 0.0000316 secs]2018-03-17T00:12:35.821+0500: 981.744: [Tenured: 296349K->23908K(349568K), 0.1548534 secs] 453597K->23908K(506816K), [Metaspace: 5350K->5350K(1056768K)], 0.1549629 secs] [Times: user=0.16 sys=0.00, real=0.15 secs] 
2018-03-17T00:12:36.003+0500: 981.927: [GC (Allocation Failure) 2018-03-17T00:12:36.003+0500: 981.927: [DefNew: 139776K->17472K(157248K), 0.2549594 secs] 163684K->163683K(506816K), 0.2550218 secs] [Times: user=0.26 sys=0.00, real=0.25 secs] 
2018-03-17T00:12:36.284+0500: 982.208: [GC (Allocation Failure) 2018-03-17T00:12:36.284+0500: 982.208: [DefNew: 157248K->17472K(157248K), 0.2553537 secs] 303459K->303458K(506816K), 0.2554187 secs] [Times: user=0.26 sys=0.00, real=0.26 secs] 
2018-03-17T00:12:36.564+0500: 982.488: [GC (Allocation Failure) 2018-03-17T00:12:36.564+0500: 982.488: [DefNew: 146063K->146063K(157248K), 0.0000167 secs]2018-03-17T00:12:36.564+0500: 982.488: [Tenured: 285986K->715K(349568K), 0.1373722 secs] 432050K->715K(506816K), [Metaspace: 5350K->5350K(1056768K)], 0.1374650 secs] [Times: user=0.14 sys=0.00, real=0.14 secs] 
2018-03-17T00:12:36.727+0500: 982.651: [GC (Allocation Failure) 2018-03-17T00:12:36.727+0500: 982.651: [DefNew: 139776K->17472K(157248K), 0.2216358 secs] 140491K->140490K(506816K), 0.2216991 secs] [Times: user=0.22 sys=0.00, real=0.22 secs] 
2018-03-17T00:12:36.975+0500: 982.898: [GC (Allocation Failure) 2018-03-17T00:12:36.975+0500: 982.898: [DefNew: 157248K->17472K(157248K), 0.2567508 secs] 280266K->280229K(506816K), 0.2568120 secs] [Times: user=0.25 sys=0.00, real=0.26 secs] 
2018-03-17T00:12:37.259+0500: 983.183: [GC (Allocation Failure) 2018-03-17T00:12:37.259+0500: 983.183: [DefNew: 157248K->157248K(157248K), 0.0000171 secs]2018-03-17T00:12:37.260+0500: 983.183: [Tenured: 262757K->205160K(349568K), 0.4722087 secs] 420005K->205160K(506816K), [Metaspace: 5350K->5350K(1056768K)], 0.4723062 secs] [Times: user=0.47 sys=0.00, real=0.47 secs] 
2018-03-17T00:12:37.757+0500: 983.681: [GC (Allocation Failure) 2018-03-17T00:12:37.757+0500: 983.681: [DefNew: 139776K->17472K(157248K), 0.2232617 secs] 344936K->344935K(506816K), 0.2233387 secs] [Times: user=0.22 sys=0.00, real=0.22 secs] 
2018-03-17T00:12:38.006+0500: 983.930: [GC (Allocation Failure) 2018-03-17T00:12:38.006+0500: 983.930: [DefNew: 157248K->157248K(157248K), 0.0000171 secs]2018-03-17T00:12:38.006+0500: 983.930: [Tenured: 327463K->55022K(349568K), 0.2210413 secs] 484711K->55022K(506816K), [Metaspace: 5350K->5350K(1056768K)], 0.2211504 secs] [Times: user=0.22 sys=0.00, real=0.22 secs] 
2018-03-17T00:12:38.255+0500: 984.180: [GC (Allocation Failure) 2018-03-17T00:12:38.255+0500: 984.180: [DefNew: 139776K->17472K(157248K), 0.2573038 secs] 194798K->194797K(506816K), 0.2573688 secs] [Times: user=0.26 sys=0.00, real=0.26 secs] 
2018-03-17T00:12:38.539+0500: 984.462: [GC (Allocation Failure) 2018-03-17T00:12:38.539+0500: 984.462: [DefNew: 157248K->17471K(157248K), 0.2491685 secs] 334573K->334572K(506816K), 0.2492344 secs] [Times: user=0.25 sys=0.00, real=0.25 secs] 
2018-03-17T00:12:38.814+0500: 984.738: [GC (Allocation Failure) 2018-03-17T00:12:38.814+0500: 984.738: [DefNew: 157247K->157247K(157248K), 0.0000167 secs]2018-03-17T00:12:38.814+0500: 984.738: [Tenured: 317100K->44659K(349568K), 0.2009373 secs] 474348K->44659K(506816K), [Metaspace: 5350K->5350K(1056768K)], 0.2010280 secs] [Times: user=0.20 sys=0.00, real=0.20 secs] 
2018-03-17T00:12:39.044+0500: 984.968: [GC (Allocation Failure) 2018-03-17T00:12:39.044+0500: 984.968: [DefNew: 139776K->17471K(157248K), 0.2542593 secs] 184435K->184434K(506816K), 0.2543205 secs] [Times: user=0.25 sys=0.00, real=0.25 secs] 
2018-03-17T00:12:39.323+0500: 985.247: [GC (Allocation Failure) 2018-03-17T00:12:39.323+0500: 985.247: [DefNew: 157247K->17472K(157248K), 0.2523357 secs] 324210K->324208K(506816K), 0.2524003 secs] [Times: user=0.25 sys=0.00, real=0.25 secs] 
2018-03-17T00:12:39.601+0500: 985.525: [GC (Allocation Failure) 2018-03-17T00:12:39.603+0500: 985.528: [DefNew: 157248K->157248K(157248K), 0.0000299 secs]2018-03-17T00:12:39.603+0500: 985.528: [Tenured: 306736K->34272K(349568K), 0.1765658 secs] 463984K->34272K(506816K), [Metaspace: 5350K->5350K(1056768K)], 0.1791757 secs] [Times: user=0.17 sys=0.00, real=0.18 secs] 
2018-03-17T00:12:39.811+0500: 985.734: [GC (Allocation Failure) 2018-03-17T00:12:39.811+0500: 985.734: [DefNew: 139776K->17472K(157248K), 0.2554717 secs] 174048K->174046K(506816K), 0.2555346 secs] [Times: user=0.25 sys=0.00, real=0.25 secs] 
2018-03-17T00:12:40.091+0500: 986.015: [GC (Allocation Failure) 2018-03-17T00:12:40.091+0500: 986.015: [DefNew: 157248K->17472K(157248K), 0.2531149 secs] 313822K->313821K(506816K), 0.2531774 secs] [Times: user=0.25 sys=0.00, real=0.25 secs] 
2018-03-17T00:12:40.370+0500: 986.294: [GC (Allocation Failure) 2018-03-17T00:12:40.370+0500: 986.294: [DefNew: 157248K->157248K(157248K), 0.0000175 secs]2018-03-17T00:12:40.370+0500: 986.294: [Tenured: 296349K->23908K(349568K), 0.1550899 secs] 453597K->23908K(506816K), [Metaspace: 5350K->5350K(1056768K)], 0.1551788 secs] [Times: user=0.16 sys=0.00, real=0.16 secs] 
2018-03-17T00:12:40.555+0500: 986.479: [GC (Allocation Failure) 2018-03-17T00:12:40.555+0500: 986.479: [DefNew: 139776K->17472K(157248K), 0.2571088 secs] 163684K->163683K(506816K), 0.2571836 secs] [Times: user=0.23 sys=0.00, real=0.26 secs] 
2018-03-17T00:12:40.837+0500: 986.761: [GC (Allocation Failure) 2018-03-17T00:12:40.837+0500: 986.761: [DefNew: 157248K->17472K(157248K), 0.2527561 secs] 303459K->303458K(506816K), 0.2528177 secs] [Times: user=0.25 sys=0.00, real=0.25 secs] 
2018-03-17T00:12:41.116+0500: 987.040: [GC (Allocation Failure) 2018-03-17T00:12:41.116+0500: 987.040: [DefNew: 146063K->146063K(157248K), 0.0000167 secs]2018-03-17T00:12:41.116+0500: 987.040: [Tenured: 285986K->715K(349568K), 0.1361517 secs] 432050K->715K(506816K), [Metaspace: 5350K->5350K(1056768K)], 0.1362599 secs] [Times: user=0.13 sys=0.00, real=0.14 secs] 
2018-03-17T00:12:41.278+0500: 987.202: [GC (Allocation Failure) 2018-03-17T00:12:41.278+0500: 987.202: [DefNew: 139776K->17472K(157248K), 0.2220891 secs] 140491K->140490K(506816K), 0.2221498 secs] [Times: user=0.22 sys=0.00, real=0.22 secs] 
2018-03-17T00:12:41.525+0500: 987.449: [GC (Allocation Failure) 2018-03-17T00:12:41.525+0500: 987.449: [DefNew: 157248K->17472K(157248K), 0.2567927 secs] 280266K->280229K(506816K), 0.2568552 secs] [Times: user=0.24 sys=0.00, real=0.26 secs] 
2018-03-17T00:12:41.811+0500: 987.734: [GC (Allocation Failure) 2018-03-17T00:12:41.811+0500: 987.734: [DefNew: 157248K->157248K(157248K), 0.0000252 secs]2018-03-17T00:12:41.811+0500: 987.735: [Tenured: 262757K->205160K(349568K), 0.4719196 secs] 420005K->205160K(506816K), [Metaspace: 5350K->5350K(1056768K)], 0.4720257 secs] [Times: user=0.47 sys=0.00, real=0.47 secs] 
2018-03-17T00:12:42.308+0500: 988.232: [GC (Allocation Failure) 2018-03-17T00:12:42.308+0500: 988.232: [DefNew: 139776K->17472K(157248K), 0.2230547 secs] 344936K->344935K(506816K), 0.2231249 secs] [Times: user=0.22 sys=0.00, real=0.22 secs] 
2018-03-17T00:12:42.560+0500: 988.483: [GC (Allocation Failure) 2018-03-17T00:12:42.560+0500: 988.483: [DefNew: 157248K->157248K(157248K), 0.0000171 secs]2018-03-17T00:12:42.560+0500: 988.483: [Tenured: 327463K->55022K(349568K), 0.2214797 secs] 484711K->55022K(506816K), [Metaspace: 5350K->5350K(1056768K)], 0.2215686 secs] [Times: user=0.22 sys=0.00, real=0.22 secs] 
2018-03-17T00:12:42.811+0500: 988.735: [GC (Allocation Failure) 2018-03-17T00:12:42.811+0500: 988.735: [DefNew: 139776K->17472K(157248K), 0.2545848 secs] 194798K->194797K(506816K), 0.2546442 secs] [Times: user=0.25 sys=0.00, real=0.25 secs] 
2018-03-17T00:12:43.091+0500: 989.015: [GC (Allocation Failure) 2018-03-17T00:12:43.091+0500: 989.015: [DefNew: 157248K->17471K(157248K), 0.2522250 secs] 334573K->334572K(506816K), 0.2522853 secs] [Times: user=0.25 sys=0.00, real=0.25 secs] 
2018-03-17T00:12:43.369+0500: 989.293: [GC (Allocation Failure) 2018-03-17T00:12:43.369+0500: 989.293: [DefNew: 157247K->157247K(157248K), 0.0000163 secs]2018-03-17T00:12:43.369+0500: 989.293: [Tenured: 317100K->44659K(349568K), 0.1994179 secs] 474348K->44659K(506816K), [Metaspace: 5350K->5350K(1056768K)], 0.1995209 secs] [Times: user=0.20 sys=0.00, real=0.20 secs] 
2018-03-17T00:12:43.597+0500: 989.521: [GC (Allocation Failure) 2018-03-17T00:12:43.597+0500: 989.521: [DefNew: 139776K->17471K(157248K), 0.2555380 secs] 184435K->184434K(506816K), 0.2556026 secs] [Times: user=0.27 sys=0.00, real=0.26 secs] 
2018-03-17T00:12:43.878+0500: 989.802: [GC (Allocation Failure) 2018-03-17T00:12:43.878+0500: 989.802: [DefNew: 157247K->17472K(157248K), 0.2511995 secs] 324210K->324208K(506816K), 0.2512700 secs] [Times: user=0.25 sys=0.00, real=0.25 secs] 
2018-03-17T00:12:44.155+0500: 990.079: [GC (Allocation Failure) 2018-03-17T00:12:44.155+0500: 990.079: [DefNew: 157248K->157248K(157248K), 0.0000163 secs]2018-03-17T00:12:44.155+0500: 990.079: [Tenured: 306736K->34272K(349568K), 0.1773582 secs] 463984K->34272K(506816K), [Metaspace: 5350K->5350K(1056768K)], 0.1774476 secs] [Times: user=0.17 sys=0.00, real=0.18 secs] 
2018-03-17T00:12:44.361+0500: 990.285: [GC (Allocation Failure) 2018-03-17T00:12:44.361+0500: 990.285: [DefNew: 139776K->17472K(157248K), 0.2579902 secs] 174048K->174046K(506816K), 0.2580496 secs] [Times: user=0.27 sys=0.00, real=0.26 secs] 
2018-03-17T00:12:44.644+0500: 990.568: [GC (Allocation Failure) 2018-03-17T00:12:44.644+0500: 990.568: [DefNew: 157248K->17472K(157248K), 0.2511092 secs] 313822K->313821K(506816K), 0.2511704 secs] [Times: user=0.25 sys=0.00, real=0.25 secs] 
2018-03-17T00:12:44.921+0500: 990.845: [GC (Allocation Failure) 2018-03-17T00:12:44.921+0500: 990.845: [DefNew: 157248K->157248K(157248K), 0.0000163 secs]2018-03-17T00:12:44.921+0500: 990.845: [Tenured: 296349K->23908K(349568K), 0.1555838 secs] 453597K->23908K(506816K), [Metaspace: 5350K->5350K(1056768K)], 0.1556711 secs] [Times: user=0.16 sys=0.00, real=0.15 secs] 
2018-03-17T00:12:45.104+0500: 991.029: [GC (Allocation Failure) 2018-03-17T00:12:45.105+0500: 991.029: [DefNew: 139776K->17472K(157248K), 0.2576468 secs] 163684K->163683K(506816K), 0.2577229 secs] [Times: user=0.25 sys=0.00, real=0.26 secs] 
2018-03-17T00:12:45.389+0500: 991.312: [GC (Allocation Failure) 2018-03-17T00:12:45.389+0500: 991.312: [DefNew: 157248K->17472K(157248K), 0.2560418 secs] 303459K->303458K(506816K), 0.2561017 secs] [Times: user=0.25 sys=0.00, real=0.26 secs] 
2018-03-17T00:12:45.670+0500: 991.594: [GC (Allocation Failure) 2018-03-17T00:12:45.670+0500: 991.594: [DefNew: 146063K->146063K(157248K), 0.0000158 secs]2018-03-17T00:12:45.670+0500: 991.594: [Tenured: 285986K->715K(349568K), 0.1370626 secs] 432050K->715K(506816K), [Metaspace: 5350K->5350K(1056768K)], 0.1371438 secs] [Times: user=0.14 sys=0.00, real=0.14 secs] 
2018-03-17T00:12:45.833+0500: 991.756: [GC (Allocation Failure) 2018-03-17T00:12:45.833+0500: 991.757: [DefNew: 139776K->17472K(157248K), 0.2215186 secs] 140491K->140490K(506816K), 0.2215879 secs] [Times: user=0.24 sys=0.00, real=0.22 secs] 
2018-03-17T00:12:46.080+0500: 992.004: [GC (Allocation Failure) 2018-03-17T00:12:46.080+0500: 992.004: [DefNew: 157248K->17472K(157248K), 0.2551959 secs] 280266K->280229K(506816K), 0.2552536 secs] [Times: user=0.27 sys=0.00, real=0.26 secs] 
2018-03-17T00:12:46.363+0500: 992.287: [GC (Allocation Failure) 2018-03-17T00:12:46.363+0500: 992.287: [DefNew: 157248K->157248K(157248K), 0.0000167 secs]2018-03-17T00:12:46.363+0500: 992.287: [Tenured: 262757K->205160K(349568K), 0.4719466 secs] 420005K->205160K(506816K), [Metaspace: 5350K->5350K(1056768K)], 0.4720359 secs] [Times: user=0.48 sys=0.00, real=0.47 secs] 
2018-03-17T00:12:46.861+0500: 992.784: [GC (Allocation Failure) 2018-03-17T00:12:46.861+0500: 992.785: [DefNew: 139776K->17472K(157248K), 0.2232211 secs] 344936K->344935K(506816K), 0.2232788 secs] [Times: user=0.22 sys=0.00, real=0.22 secs] 
2018-03-17T00:12:47.110+0500: 993.034: [GC (Allocation Failure) 2018-03-17T00:12:47.110+0500: 993.034: [DefNew: 157248K->157248K(157248K), 0.0000158 secs]2018-03-17T00:12:47.111+0500: 993.034: [Tenured: 327463K->55022K(349568K), 0.2232130 secs] 484711K->55022K(506816K), [Metaspace: 5350K->5350K(1056768K)], 0.2233400 secs] [Times: user=0.23 sys=0.00, real=0.22 secs] 
2018-03-17T00:12:47.364+0500: 993.288: [GC (Allocation Failure) 2018-03-17T00:12:47.364+0500: 993.288: [DefNew: 139776K->17472K(157248K), 0.2568710 secs] 194798K->194797K(506816K), 0.2569313 secs] [Times: user=0.25 sys=0.00, real=0.26 secs] 
2018-03-17T00:12:47.646+0500: 993.570: [GC (Allocation Failure) 2018-03-17T00:12:47.646+0500: 993.570: [DefNew: 157248K->17471K(157248K), 0.2502561 secs] 334573K->334572K(506816K), 0.2503181 secs] [Times: user=0.25 sys=0.00, real=0.25 secs] 
2018-03-17T00:12:47.922+0500: 993.846: [GC (Allocation Failure) 2018-03-17T00:12:47.922+0500: 993.846: [DefNew: 157247K->157247K(157248K), 0.0000175 secs]2018-03-17T00:12:47.922+0500: 993.846: [Tenured: 317100K->44659K(349568K), 0.1985651 secs] 474348K->44659K(506816K), [Metaspace: 5350K->5350K(1056768K)], 0.1986699 secs] [Times: user=0.20 sys=0.00, real=0.20 secs] 
2018-03-17T00:12:48.150+0500: 994.075: [GC (Allocation Failure) 2018-03-17T00:12:48.150+0500: 994.075: [DefNew: 139776K->17471K(157248K), 0.2569600 secs] 184435K->184434K(506816K), 0.2570215 secs] [Times: user=0.25 sys=0.00, real=0.26 secs] 
2018-03-17T00:12:48.434+0500: 994.358: [GC (Allocation Failure) 2018-03-17T00:12:48.434+0500: 994.358: [DefNew: 157247K->17472K(157248K), 0.2507598 secs] 324210K->324208K(506816K), 0.2508407 secs] [Times: user=0.25 sys=0.00, real=0.25 secs] 
2018-03-17T00:12:48.710+0500: 994.634: [GC (Allocation Failure) 2018-03-17T00:12:48.710+0500: 994.634: [DefNew: 157248K->157248K(157248K), 0.0000163 secs]2018-03-17T00:12:48.710+0500: 994.634: [Tenured: 306736K->34272K(349568K), 0.1770999 secs] 463984K->34272K(506816K), [Metaspace: 5350K->5350K(1056768K)], 0.1771884 secs] [Times: user=0.17 sys=0.00, real=0.18 secs] 
2018-03-17T00:12:48.916+0500: 994.840: [GC (Allocation Failure) 2018-03-17T00:12:48.916+0500: 994.840: [DefNew: 139776K->17472K(157248K), 0.2550590 secs] 174048K->174046K(506816K), 0.2551454 secs] [Times: user=0.25 sys=0.00, real=0.26 secs] 
2018-03-17T00:12:49.196+0500: 995.121: [GC (Allocation Failure) 2018-03-17T00:12:49.196+0500: 995.121: [DefNew: 157248K->17472K(157248K), 0.2506444 secs] 313822K->313821K(506816K), 0.2507077 secs] [Times: user=0.25 sys=0.00, real=0.25 secs] 
2018-03-17T00:12:49.472+0500: 995.397: [GC (Allocation Failure) 2018-03-17T00:12:49.472+0500: 995.397: [DefNew: 157248K->157248K(157248K), 0.0000167 secs]2018-03-17T00:12:49.472+0500: 995.397: [Tenured: 296349K->23908K(349568K), 0.1544642 secs] 453597K->23908K(506816K), [Metaspace: 5350K->5350K(1056768K)], 0.1545536 secs] [Times: user=0.16 sys=0.00, real=0.16 secs] 
2018-03-17T00:12:49.656+0500: 995.579: [GC (Allocation Failure) 2018-03-17T00:12:49.656+0500: 995.579: [DefNew: 139776K->17472K(157248K), 0.2551014 secs] 163684K->163683K(506816K), 0.2551612 secs] [Times: user=0.25 sys=0.00, real=0.26 secs] 
2018-03-17T00:12:49.936+0500: 995.860: [GC (Allocation Failure) 2018-03-17T00:12:49.936+0500: 995.860: [DefNew: 157248K->17472K(157248K), 0.2517943 secs] 303459K->303458K(506816K), 0.2518542 secs] [Times: user=0.25 sys=0.00, real=0.25 secs] 
2018-03-17T00:12:50.213+0500: 996.137: [GC (Allocation Failure) 2018-03-17T00:12:50.214+0500: 996.137: [DefNew: 146063K->146063K(157248K), 0.0000342 secs]2018-03-17T00:12:50.214+0500: 996.137: [Tenured: 285986K->715K(349568K), 0.1362154 secs] 432050K->715K(506816K), [Metaspace: 5350K->5350K(1056768K)], 0.1363471 secs] [Times: user=0.14 sys=0.00, real=0.14 secs] 
2018-03-17T00:12:50.375+0500: 996.299: [GC (Allocation Failure) 2018-03-17T00:12:50.375+0500: 996.299: [DefNew: 139776K->17472K(157248K), 0.2310232 secs] 140491K->140490K(506816K), 0.2310895 secs] [Times: user=0.23 sys=0.00, real=0.23 secs] 
2018-03-17T00:12:50.632+0500: 996.556: [GC (Allocation Failure) 2018-03-17T00:12:50.632+0500: 996.556: [DefNew: 157248K->17472K(157248K), 0.2560315 secs] 280266K->280229K(506816K), 0.2560922 secs] [Times: user=0.25 sys=0.00, real=0.26 secs] 
2018-03-17T00:12:50.916+0500: 996.840: [GC (Allocation Failure) 2018-03-17T00:12:50.916+0500: 996.840: [DefNew: 157248K->157248K(157248K), 0.0000321 secs]2018-03-17T00:12:50.916+0500: 996.840: [Tenured: 262757K->205160K(349568K), 0.4722284 secs] 420005K->205160K(506816K), [Metaspace: 5350K->5350K(1056768K)], 0.4723537 secs] [Times: user=0.45 sys=0.00, real=0.47 secs] 
2018-03-17T00:12:51.414+0500: 997.338: [GC (Allocation Failure) 2018-03-17T00:12:51.414+0500: 997.338: [DefNew: 139776K->17472K(157248K), 0.2252824 secs] 344936K->344935K(506816K), 0.2253427 secs] [Times: user=0.22 sys=0.00, real=0.22 secs] 
2018-03-17T00:12:51.665+0500: 997.589: [GC (Allocation Failure) 2018-03-17T00:12:51.665+0500: 997.589: [DefNew: 157248K->157248K(157248K), 0.0000167 secs]2018-03-17T00:12:51.665+0500: 997.589: [Tenured: 327463K->55022K(349568K), 0.2206915 secs] 484711K->55022K(506816K), [Metaspace: 5350K->5350K(1056768K)], 0.2208001 secs] [Times: user=0.22 sys=0.00, real=0.22 secs] 
2018-03-17T00:12:51.914+0500: 997.838: [GC (Allocation Failure) 2018-03-17T00:12:51.914+0500: 997.839: [DefNew: 139776K->17472K(157248K), 0.2546549 secs] 194798K->194797K(506816K), 0.2547255 secs] [Times: user=0.25 sys=0.00, real=0.25 secs] 
2018-03-17T00:12:52.194+0500: 998.118: [GC (Allocation Failure) 2018-03-17T00:12:52.194+0500: 998.119: [DefNew: 157248K->17471K(157248K), 0.2496753 secs] 334573K->334572K(506816K), 0.2497365 secs] [Times: user=0.25 sys=0.00, real=0.25 secs] 
2018-03-17T00:12:52.470+0500: 998.394: [GC (Allocation Failure) 2018-03-17T00:12:52.470+0500: 998.394: [DefNew: 157247K->157247K(157248K), 0.0000167 secs]2018-03-17T00:12:52.470+0500: 998.394: [Tenured: 317100K->44659K(349568K), 0.2007355 secs] 474348K->44659K(506816K), [Metaspace: 5350K->5350K(1056768K)], 0.2008279 secs] [Times: user=0.20 sys=0.00, real=0.20 secs] 
2018-03-17T00:12:52.699+0500: 998.623: [GC (Allocation Failure) 2018-03-17T00:12:52.699+0500: 998.623: [DefNew: 139776K->17471K(157248K), 0.2554751 secs] 184435K->184434K(506816K), 0.2555448 secs] [Times: user=0.25 sys=0.00, real=0.26 secs] 
2018-03-17T00:12:52.980+0500: 998.904: [GC (Allocation Failure) 2018-03-17T00:12:52.980+0500: 998.904: [DefNew: 157247K->17472K(157248K), 0.2535601 secs] 324210K->324208K(506816K), 0.2547451 secs] [Times: user=0.25 sys=0.00, real=0.25 secs] 
2018-03-17T00:12:53.260+0500: 999.184: [GC (Allocation Failure) 2018-03-17T00:12:53.260+0500: 999.184: [DefNew: 157248K->157248K(157248K), 0.0000163 secs]2018-03-17T00:12:53.260+0500: 999.184: [Tenured: 306736K->34272K(349568K), 0.1775930 secs] 463984K->34272K(506816K), [Metaspace: 5350K->5350K(1056768K)], 0.1776802 secs] [Times: user=0.17 sys=0.00, real=0.18 secs] 
2018-03-17T00:12:53.466+0500: 999.391: [GC (Allocation Failure) 2018-03-17T00:12:53.466+0500: 999.391: [DefNew: 139776K->17472K(157248K), 0.2546630 secs] 174048K->174046K(506816K), 0.2547259 secs] [Times: user=0.25 sys=0.00, real=0.25 secs] 
2018-03-17T00:12:53.746+0500: 999.671: [GC (Allocation Failure) 2018-03-17T00:12:53.746+0500: 999.671: [DefNew: 157248K->17472K(157248K), 0.2518153 secs] 313822K->313821K(506816K), 0.2518760 secs] [Times: user=0.25 sys=0.00, real=0.25 secs] 
2018-03-17T00:12:54.024+0500: 999.948: [GC (Allocation Failure) 2018-03-17T00:12:54.024+0500: 999.948: [DefNew: 157248K->157248K(157248K), 0.0000154 secs]2018-03-17T00:12:54.024+0500: 999.948: [Tenured: 296349K->23908K(349568K), 0.1548564 secs] 453597K->23908K(506816K), [Metaspace: 5350K->5350K(1056768K)], 0.1549402 secs] [Times: user=0.14 sys=0.00, real=0.15 secs] 
2018-03-17T00:12:54.207+0500: 1000.131: [GC (Allocation Failure) 2018-03-17T00:12:54.207+0500: 1000.131: [DefNew: 139776K->17472K(157248K), 0.2562881 secs] 163684K->163683K(506816K), 0.2563527 secs] [Times: user=0.27 sys=0.00, real=0.26 secs] 
2018-03-17T00:12:54.489+0500: 1000.413: [GC (Allocation Failure) 2018-03-17T00:12:54.489+0500: 1000.413: [DefNew: 157248K->17472K(157248K), 0.2533878 secs] 303459K->303458K(506816K), 0.2534464 secs] [Times: user=0.27 sys=0.00, real=0.25 secs] 
2018-03-17T00:12:54.768+0500: 1000.692: [GC (Allocation Failure) 2018-03-17T00:12:54.768+0500: 1000.692: [DefNew: 146063K->146063K(157248K), 0.0000167 secs]2018-03-17T00:12:54.768+0500: 1000.692: [Tenured: 285986K->715K(349568K), 0.1358241 secs] 432050K->715K(506816K), [Metaspace: 5350K->5350K(1056768K)], 0.1359306 secs] [Times: user=0.14 sys=0.00, real=0.14 secs] 
2018-03-17T00:12:54.929+0500: 1000.854: [GC (Allocation Failure) 2018-03-17T00:12:54.930+0500: 1000.854: [DefNew: 139776K->17472K(157248K), 0.2217632 secs] 140491K->140490K(506816K), 0.2218355 secs] [Times: user=0.22 sys=0.00, real=0.22 secs] 
2018-03-17T00:12:55.179+0500: 1001.103: [GC (Allocation Failure) 2018-03-17T00:12:55.179+0500: 1001.103: [DefNew: 157248K->17472K(157248K), 0.2549200 secs] 280266K->280229K(506816K), 0.2550253 secs] [Times: user=0.25 sys=0.00, real=0.26 secs] 
2018-03-17T00:12:55.462+0500: 1001.386: [GC (Allocation Failure) 2018-03-17T00:12:55.462+0500: 1001.386: [DefNew: 157248K->157248K(157248K), 0.0000167 secs]2018-03-17T00:12:55.462+0500: 1001.386: [Tenured: 262757K->205160K(349568K), 0.4707868 secs] 420005K->205160K(506816K), [Metaspace: 5350K->5350K(1056768K)], 0.4708774 secs] [Times: user=0.47 sys=0.00, real=0.47 secs] 
2018-03-17T00:12:55.958+0500: 1001.882: [GC (Allocation Failure) 2018-03-17T00:12:55.958+0500: 1001.882: [DefNew: 139776K->17472K(157248K), 0.2232527 secs] 344936K->344935K(506816K), 0.2233164 secs] [Times: user=0.22 sys=0.00, real=0.22 secs] 
2018-03-17T00:12:56.208+0500: 1002.132: [GC (Allocation Failure) 2018-03-17T00:12:56.208+0500: 1002.132: [DefNew: 157248K->157248K(157248K), 0.0000171 secs]2018-03-17T00:12:56.208+0500: 1002.132: [Tenured: 327463K->55022K(349568K), 0.2211606 secs] 484711K->55022K(506816K), [Metaspace: 5350K->5350K(1056768K)], 0.2212706 secs] [Times: user=0.23 sys=0.00, real=0.22 secs] 
2018-03-17T00:12:56.457+0500: 1002.382: [GC (Allocation Failure) 2018-03-17T00:12:56.457+0500: 1002.382: [DefNew: 139776K->17472K(157248K), 0.2568697 secs] 194798K->194797K(506816K), 0.2569326 secs] [Times: user=0.27 sys=0.00, real=0.26 secs] 
2018-03-17T00:12:56.740+0500: 1002.664: [GC (Allocation Failure) 2018-03-17T00:12:56.740+0500: 1002.664: [DefNew: 157248K->17471K(157248K), 0.2490847 secs] 334573K->334572K(506816K), 0.2491484 secs] [Times: user=0.25 sys=0.00, real=0.25 secs] 
2018-03-17T00:12:57.015+0500: 1002.938: [GC (Allocation Failure) 2018-03-17T00:12:57.015+0500: 1002.938: [DefNew: 157247K->157247K(157248K), 0.0000167 secs]2018-03-17T00:12:57.015+0500: 1002.938: [Tenured: 317100K->44659K(349568K), 0.2021497 secs] 474348K->44659K(506816K), [Metaspace: 5350K->5350K(1056768K)], 0.2023272 secs] [Times: user=0.19 sys=0.00, real=0.20 secs] 
2018-03-17T00:12:57.246+0500: 1003.170: [GC (Allocation Failure) 2018-03-17T00:12:57.246+0500: 1003.170: [DefNew: 139776K->17471K(157248K), 0.2548076 secs] 184435K->184434K(506816K), 0.2548717 secs] [Times: user=0.25 sys=0.00, real=0.25 secs] 
2018-03-17T00:12:57.526+0500: 1003.450: [GC (Allocation Failure) 2018-03-17T00:12:57.526+0500: 1003.450: [DefNew: 157247K->17472K(157248K), 0.2519958 secs] 324210K->324208K(506816K), 0.2520569 secs] [Times: user=0.25 sys=0.00, real=0.25 secs] 
2018-03-17T00:12:57.804+0500: 1003.728: [GC (Allocation Failure) 2018-03-17T00:12:57.804+0500: 1003.728: [DefNew: 157248K->157248K(157248K), 0.0000175 secs]2018-03-17T00:12:57.804+0500: 1003.728: [Tenured: 306736K->34272K(349568K), 0.1765855 secs] 463984K->34272K(506816K), [Metaspace: 5350K->5350K(1056768K)], 0.1766885 secs] [Times: user=0.17 sys=0.00, real=0.18 secs] 
2018-03-17T00:12:58.009+0500: 1003.933: [GC (Allocation Failure) 2018-03-17T00:12:58.009+0500: 1003.933: [DefNew: 139776K->17472K(157248K), 0.2552686 secs] 174048K->174046K(506816K), 0.2553315 secs] [Times: user=0.25 sys=0.00, real=0.26 secs] 
2018-03-17T00:12:58.290+0500: 1004.214: [GC (Allocation Failure) 2018-03-17T00:12:58.290+0500: 1004.214: [DefNew: 157248K->17472K(157248K), 0.2512456 secs] 313822K->313821K(506816K), 0.2513081 secs] [Times: user=0.25 sys=0.00, real=0.25 secs] 
2018-03-17T00:12:58.567+0500: 1004.491: [GC (Allocation Failure) 2018-03-17T00:12:58.567+0500: 1004.491: [DefNew: 157248K->157248K(157248K), 0.0000171 secs]2018-03-17T00:12:58.567+0500: 1004.491: [Tenured: 296349K->23908K(349568K), 0.1551822 secs] 453597K->23908K(506816K), [Metaspace: 5350K->5350K(1056768K)], 0.1552785 secs] [Times: user=0.16 sys=0.00, real=0.15 secs] 
2018-03-17T00:12:58.750+0500: 1004.674: [GC (Allocation Failure) 2018-03-17T00:12:58.750+0500: 1004.674: [DefNew: 139776K->17472K(157248K), 0.2545655 secs] 163684K->163683K(506816K), 0.2546267 secs] [Times: user=0.25 sys=0.00, real=0.26 secs] 
2018-03-17T00:12:59.030+0500: 1004.954: [GC (Allocation Failure) 2018-03-17T00:12:59.030+0500: 1004.954: [DefNew: 157248K->17472K(157248K), 0.2574210 secs] 303459K->303458K(506816K), 0.2574813 secs] [Times: user=0.26 sys=0.00, real=0.26 secs] 
2018-03-17T00:12:59.313+0500: 1005.237: [GC (Allocation Failure) 2018-03-17T00:12:59.313+0500: 1005.237: [DefNew: 146063K->146063K(157248K), 0.0000163 secs]2018-03-17T00:12:59.313+0500: 1005.237: [Tenured: 285986K->715K(349568K), 0.1363877 secs] 432050K->715K(506816K), [Metaspace: 5350K->5350K(1056768K)], 0.1364720 secs] [Times: user=0.14 sys=0.00, real=0.14 secs] 
2018-03-17T00:12:59.475+0500: 1005.399: [GC (Allocation Failure) 2018-03-17T00:12:59.476+0500: 1005.399: [DefNew: 139776K->17472K(157248K), 0.2222593 secs] 140491K->140490K(506816K), 0.2223487 secs] [Times: user=0.22 sys=0.00, real=0.22 secs] 
2018-03-17T00:12:59.723+0500: 1005.646: [GC (Allocation Failure) 2018-03-17T00:12:59.723+0500: 1005.647: [DefNew: 157248K->17472K(157248K), 0.2558664 secs] 280266K->280229K(506816K), 0.2559409 secs] [Times: user=0.27 sys=0.00, real=0.26 secs] 
2018-03-17T00:13:00.011+0500: 1005.935: [GC (Allocation Failure) 2018-03-17T00:13:00.011+0500: 1005.935: [DefNew: 157248K->157248K(157248K), 0.0000261 secs]2018-03-17T00:13:00.011+0500: 1005.935: [Tenured: 262757K->205160K(349568K), 0.4765639 secs] 420005K->205160K(506816K), [Metaspace: 5350K->5350K(1056768K)], 0.4766824 secs] [Times: user=0.47 sys=0.00, real=0.48 secs] 
2018-03-17T00:13:00.513+0500: 1006.437: [GC (Allocation Failure) 2018-03-17T00:13:00.513+0500: 1006.437: [DefNew: 139776K->17472K(157248K), 0.2250309 secs] 344936K->344935K(506816K), 0.2250916 secs] [Times: user=0.22 sys=0.00, real=0.22 secs] 
2018-03-17T00:13:00.764+0500: 1006.688: [GC (Allocation Failure) 2018-03-17T00:13:00.764+0500: 1006.688: [DefNew: 157248K->157248K(157248K), 0.0000163 secs]2018-03-17T00:13:00.764+0500: 1006.688: [Tenured: 327463K->55022K(349568K), 0.2299002 secs] 484711K->55022K(506816K), [Metaspace: 5350K->5350K(1056768K)], 0.2299921 secs] [Times: user=0.24 sys=0.00, real=0.23 secs] 
2018-03-17T00:13:01.023+0500: 1006.947: [GC (Allocation Failure) 2018-03-17T00:13:01.023+0500: 1006.947: [DefNew: 139776K->17472K(157248K), 0.2579679 secs] 194798K->194797K(506816K), 0.2580304 secs] [Times: user=0.25 sys=0.00, real=0.26 secs] 
2018-03-17T00:13:01.307+0500: 1007.231: [GC (Allocation Failure) 2018-03-17T00:13:01.307+0500: 1007.231: [DefNew: 157248K->17471K(157248K), 0.2497070 secs] 334573K->334572K(506816K), 0.2497702 secs] [Times: user=0.25 sys=0.00, real=0.25 secs] 
2018-03-17T00:13:01.582+0500: 1007.506: [GC (Allocation Failure) 2018-03-17T00:13:01.582+0500: 1007.506: [DefNew: 157247K->157247K(157248K), 0.0000171 secs]2018-03-17T00:13:01.582+0500: 1007.506: [Tenured: 317100K->44659K(349568K), 0.1993225 secs] 474348K->44659K(506816K), [Metaspace: 5350K->5350K(1056768K)], 0.1994277 secs] [Times: user=0.20 sys=0.00, real=0.20 secs] 
2018-03-17T00:13:01.811+0500: 1007.735: [GC (Allocation Failure) 2018-03-17T00:13:01.811+0500: 1007.735: [DefNew: 139776K->17471K(157248K), 0.2564271 secs] 184435K->184434K(506816K), 0.2564985 secs] [Times: user=0.27 sys=0.00, real=0.26 secs] 
2018-03-17T00:13:02.093+0500: 1008.017: [GC (Allocation Failure) 2018-03-17T00:13:02.093+0500: 1008.017: [DefNew: 157247K->17472K(157248K), 0.2503873 secs] 324210K->324208K(506816K), 0.2504524 secs] [Times: user=0.25 sys=0.00, real=0.25 secs] 
2018-03-17T00:13:02.370+0500: 1008.293: [GC (Allocation Failure) 2018-03-17T00:13:02.370+0500: 1008.293: [DefNew: 157248K->157248K(157248K), 0.0000158 secs]2018-03-17T00:13:02.370+0500: 1008.293: [Tenured: 306736K->34272K(349568K), 0.1785163 secs] 463984K->34272K(506816K), [Metaspace: 5350K->5350K(1056768K)], 0.1786083 secs] [Times: user=0.17 sys=0.00, real=0.18 secs] 
2018-03-17T00:13:02.578+0500: 1008.501: [GC (Allocation Failure) 2018-03-17T00:13:02.578+0500: 1008.502: [DefNew: 139776K->17472K(157248K), 0.2623163 secs] 174048K->174046K(506816K), 0.2623775 secs] [Times: user=0.27 sys=0.00, real=0.26 secs] 
2018-03-17T00:13:02.865+0500: 1008.789: [GC (Allocation Failure) 2018-03-17T00:13:02.865+0500: 1008.789: [DefNew: 157248K->17472K(157248K), 0.2575501 secs] 313822K->313821K(506816K), 0.2576138 secs] [Times: user=0.27 sys=0.00, real=0.26 secs] 
2018-03-17T00:13:03.148+0500: 1009.072: [GC (Allocation Failure) 2018-03-17T00:13:03.148+0500: 1009.072: [DefNew: 157248K->157248K(157248K), 0.0000158 secs]2018-03-17T00:13:03.148+0500: 1009.072: [Tenured: 296349K->23908K(349568K), 0.1550146 secs] 453597K->23908K(506816K), [Metaspace: 5350K->5350K(1056768K)], 0.1551091 secs] [Times: user=0.16 sys=0.00, real=0.15 secs] 
2018-03-17T00:13:03.333+0500: 1009.258: [GC (Allocation Failure) 2018-03-17T00:13:03.334+0500: 1009.258: [DefNew: 139776K->17472K(157248K), 0.2581865 secs] 163684K->163683K(506816K), 0.2582737 secs] [Times: user=0.25 sys=0.00, real=0.26 secs] 
2018-03-17T00:13:03.617+0500: 1009.541: [GC (Allocation Failure) 2018-03-17T00:13:03.617+0500: 1009.541: [DefNew: 157248K->17472K(157248K), 0.2548747 secs] 303459K->303458K(506816K), 0.2549354 secs] [Times: user=0.25 sys=0.00, real=0.26 secs] 
2018-03-17T00:13:03.899+0500: 1009.822: [GC (Allocation Failure) 2018-03-17T00:13:03.899+0500: 1009.822: [DefNew: 146063K->146063K(157248K), 0.0000278 secs]2018-03-17T00:13:03.899+0500: 1009.822: [Tenured: 285986K->715K(349568K), 0.1357176 secs] 432050K->715K(506816K), [Metaspace: 5350K->5350K(1056768K)], 0.1358241 secs] [Times: user=0.13 sys=0.00, real=0.13 secs] 
2018-03-17T00:13:04.060+0500: 1009.984: [GC (Allocation Failure) 2018-03-17T00:13:04.060+0500: 1009.984: [DefNew: 139776K->17472K(157248K), 0.2227507 secs] 140491K->140490K(506816K), 0.2228165 secs] [Times: user=0.22 sys=0.00, real=0.22 secs] 
2018-03-17T00:13:04.309+0500: 1010.233: [GC (Allocation Failure) 2018-03-17T00:13:04.309+0500: 1010.233: [DefNew: 157248K->17472K(157248K), 0.2565704 secs] 280266K->280229K(506816K), 0.2566298 secs] [Times: user=0.25 sys=0.00, real=0.26 secs] 
2018-03-17T00:13:04.593+0500: 1010.517: [GC (Allocation Failure) 2018-03-17T00:13:04.593+0500: 1010.517: [DefNew: 157248K->157248K(157248K), 0.0000158 secs]2018-03-17T00:13:04.593+0500: 1010.518: [Tenured: 262757K->205160K(349568K), 0.4731863 secs] 420005K->205160K(506816K), [Metaspace: 5350K->5350K(1056768K)], 0.4732778 secs] [Times: user=0.47 sys=0.00, real=0.47 secs] 
2018-03-17T00:13:05.094+0500: 1011.017: [GC (Allocation Failure) 2018-03-17T00:13:05.094+0500: 1011.017: [DefNew: 139776K->17472K(157248K), 0.2268647 secs] 344936K->344935K(506816K), 0.2269258 secs] [Times: user=0.23 sys=0.00, real=0.23 secs] 
2018-03-17T00:13:05.346+0500: 1011.270: [GC (Allocation Failure) 2018-03-17T00:13:05.346+0500: 1011.270: [DefNew: 157248K->157248K(157248K), 0.0000163 secs]2018-03-17T00:13:05.346+0500: 1011.270: [Tenured: 327463K->55022K(349568K), 0.2217204 secs] 484711K->55022K(506816K), [Metaspace: 5350K->5350K(1056768K)], 0.2218209 secs] [Times: user=0.22 sys=0.00, real=0.22 secs] 
2018-03-17T00:13:05.597+0500: 1011.520: [GC (Allocation Failure) 2018-03-17T00:13:05.597+0500: 1011.521: [DefNew: 139776K->17472K(157248K), 0.2594844 secs] 194798K->194797K(506816K), 0.2595477 secs] [Times: user=0.27 sys=0.00, real=0.26 secs] 
2018-03-17T00:13:05.882+0500: 1011.806: [GC (Allocation Failure) 2018-03-17T00:13:05.882+0500: 1011.806: [DefNew: 157248K->17471K(157248K), 0.2504600 secs] 334573K->334572K(506816K), 0.2505323 secs] [Times: user=0.25 sys=0.00, real=0.25 secs] 
2018-03-17T00:13:06.158+0500: 1012.083: [GC (Allocation Failure) 2018-03-17T00:13:06.158+0500: 1012.083: [DefNew: 157247K->157247K(157248K), 0.0000252 secs]2018-03-17T00:13:06.158+0500: 1012.083: [Tenured: 317100K->44659K(349568K), 0.1988307 secs] 474348K->44659K(506816K), [Metaspace: 5350K->5350K(1056768K)], 0.1989582 secs] [Times: user=0.20 sys=0.00, real=0.20 secs] 
2018-03-17T00:13:06.386+0500: 1012.310: [GC (Allocation Failure) 2018-03-17T00:13:06.386+0500: 1012.310: [DefNew: 139776K->17471K(157248K), 0.2549705 secs] 184435K->184434K(506816K), 0.2550312 secs] [Times: user=0.25 sys=0.00, real=0.26 secs] 
2018-03-17T00:13:06.667+0500: 1012.591: [GC (Allocation Failure) 2018-03-17T00:13:06.667+0500: 1012.591: [DefNew: 157247K->17472K(157248K), 0.2551514 secs] 324210K->324208K(506816K), 0.2552160 secs] [Times: user=0.25 sys=0.00, real=0.25 secs] 
2018-03-17T00:13:06.948+0500: 1012.872: [GC (Allocation Failure) 2018-03-17T00:13:06.948+0500: 1012.872: [DefNew: 157248K->157248K(157248K), 0.0000163 secs]2018-03-17T00:13:06.948+0500: 1012.872: [Tenured: 306736K->34272K(349568K), 0.1801491 secs] 463984K->34272K(506816K), [Metaspace: 5350K->5350K(1056768K)], 0.1802445 secs] [Times: user=0.17 sys=0.00, real=0.18 secs] 
2018-03-17T00:13:07.158+0500: 1013.082: [GC (Allocation Failure) 2018-03-17T00:13:07.158+0500: 1013.082: [DefNew: 139776K->17472K(157248K), 0.2572730 secs] 174048K->174046K(506816K), 0.2573350 secs] [Times: user=0.27 sys=0.00, real=0.26 secs] 
2018-03-17T00:13:07.441+0500: 1013.365: [GC (Allocation Failure) 2018-03-17T00:13:07.441+0500: 1013.365: [DefNew: 157248K->17472K(157248K), 0.2548717 secs] 313822K->313821K(506816K), 0.2549453 secs] [Times: user=0.27 sys=0.00, real=0.25 secs] 
2018-03-17T00:13:07.722+0500: 1013.646: [GC (Allocation Failure) 2018-03-17T00:13:07.722+0500: 1013.646: [DefNew: 157248K->157248K(157248K), 0.0000171 secs]2018-03-17T00:13:07.722+0500: 1013.646: [Tenured: 296349K->23908K(349568K), 0.1544386 secs] 453597K->23908K(506816K), [Metaspace: 5350K->5350K(1056768K)], 0.1545258 secs] [Times: user=0.16 sys=0.00, real=0.15 secs] 
2018-03-17T00:13:07.905+0500: 1013.828: [GC (Allocation Failure) 2018-03-17T00:13:07.905+0500: 1013.828: [DefNew: 139776K->17472K(157248K), 0.2577956 secs] 163684K->163683K(506816K), 0.2578602 secs] [Times: user=0.27 sys=0.00, real=0.26 secs] 
2018-03-17T00:13:08.188+0500: 1014.112: [GC (Allocation Failure) 2018-03-17T00:13:08.188+0500: 1014.112: [DefNew: 157248K->17472K(157248K), 0.2631874 secs] 303459K->303458K(506816K), 0.2632503 secs] [Times: user=0.24 sys=0.00, real=0.26 secs] 
2018-03-17T00:13:08.477+0500: 1014.401: [GC (Allocation Failure) 2018-03-17T00:13:08.477+0500: 1014.401: [DefNew: 146063K->146063K(157248K), 0.0000158 secs]2018-03-17T00:13:08.477+0500: 1014.401: [Tenured: 285986K->715K(349568K), 0.1366388 secs] 432050K->715K(506816K), [Metaspace: 5350K->5350K(1056768K)], 0.1367226 secs] [Times: user=0.13 sys=0.00, real=0.14 secs] 
2018-03-17T00:13:08.639+0500: 1014.563: [GC (Allocation Failure) 2018-03-17T00:13:08.639+0500: 1014.563: [DefNew: 139776K->17472K(157248K), 0.2226121 secs] 140491K->140490K(506816K), 0.2226745 secs] [Times: user=0.22 sys=0.00, real=0.22 secs] 
2018-03-17T00:13:08.887+0500: 1014.811: [GC (Allocation Failure) 2018-03-17T00:13:08.887+0500: 1014.811: [DefNew: 157248K->17472K(157248K), 0.2602401 secs] 280266K->280229K(506816K), 0.2603012 secs] [Times: user=0.27 sys=0.00, real=0.26 secs] 
2018-03-17T00:13:09.176+0500: 1015.100: [GC (Allocation Failure) 2018-03-17T00:13:09.176+0500: 1015.100: [DefNew: 157248K->157248K(157248K), 0.0000171 secs]2018-03-17T00:13:09.176+0500: 1015.100: [Tenured: 262757K->205160K(349568K), 0.4715587 secs] 420005K->205160K(506816K), [Metaspace: 5350K->5350K(1056768K)], 0.4716481 secs] [Times: user=0.48 sys=0.00, real=0.47 secs] 
2018-03-17T00:13:09.674+0500: 1015.598: [GC (Allocation Failure) 2018-03-17T00:13:09.674+0500: 1015.598: [DefNew: 139776K->17472K(157248K), 0.2257335 secs] 344936K->344935K(506816K), 0.2258045 secs] [Times: user=0.23 sys=0.00, real=0.23 secs] 
2018-03-17T00:13:09.926+0500: 1015.850: [GC (Allocation Failure) 2018-03-17T00:13:09.926+0500: 1015.850: [DefNew: 157248K->157248K(157248K), 0.0000163 secs]2018-03-17T00:13:09.926+0500: 1015.850: [Tenured: 327463K->55022K(349568K), 0.2381385 secs] 484711K->55022K(506816K), [Metaspace: 5350K->5350K(1056768K)], 0.2382390 secs] [Times: user=0.25 sys=0.00, real=0.24 secs] 
2018-03-17T00:13:10.196+0500: 1016.120: [GC (Allocation Failure) 2018-03-17T00:13:10.196+0500: 1016.120: [DefNew: 139776K->17472K(157248K), 0.3032791 secs] 194798K->194797K(506816K), 0.3033471 secs] [Times: user=0.30 sys=0.00, real=0.30 secs] 
2018-03-17T00:13:10.525+0500: 1016.449: [GC (Allocation Failure) 2018-03-17T00:13:10.525+0500: 1016.449: [DefNew: 157248K->17471K(157248K), 0.2558194 secs] 334573K->334572K(506816K), 0.2558823 secs] [Times: user=0.25 sys=0.00, real=0.26 secs] 
2018-03-17T00:13:10.808+0500: 1016.732: [GC (Allocation Failure) 2018-03-17T00:13:10.808+0500: 1016.732: [DefNew: 157247K->157247K(157248K), 0.0000154 secs]2018-03-17T00:13:10.808+0500: 1016.732: [Tenured: 317100K->44659K(349568K), 0.1992173 secs] 474348K->44659K(506816K), [Metaspace: 5350K->5350K(1056768K)], 0.1993054 secs] [Times: user=0.20 sys=0.00, real=0.20 secs] 
2018-03-17T00:13:11.036+0500: 1016.960: [GC (Allocation Failure) 2018-03-17T00:13:11.036+0500: 1016.960: [DefNew: 139776K->17471K(157248K), 0.2563095 secs] 184435K->184434K(506816K), 0.2563719 secs] [Times: user=0.27 sys=0.00, real=0.26 secs] 
2018-03-17T00:13:11.318+0500: 1017.242: [GC (Allocation Failure) 2018-03-17T00:13:11.318+0500: 1017.242: [DefNew: 157247K->17472K(157248K), 0.2508565 secs] 324210K->324208K(506816K), 0.2509185 secs] [Times: user=0.27 sys=0.00, real=0.25 secs] 
2018-03-17T00:13:11.594+0500: 1017.519: [GC (Allocation Failure) 2018-03-17T00:13:11.595+0500: 1017.519: [DefNew: 157248K->157248K(157248K), 0.0000257 secs]2018-03-17T00:13:11.595+0500: 1017.519: [Tenured: 306736K->34272K(349568K), 0.1773458 secs] 463984K->34272K(506816K), [Metaspace: 5350K->5350K(1056768K)], 0.1774557 secs] [Times: user=0.19 sys=0.00, real=0.18 secs] 
2018-03-17T00:13:11.802+0500: 1017.726: [GC (Allocation Failure) 2018-03-17T00:13:11.802+0500: 1017.726: [DefNew: 139776K->17472K(157248K), 0.2551386 secs] 174048K->174046K(506816K), 0.2551993 secs] [Times: user=0.26 sys=0.00, real=0.25 secs] 
2018-03-17T00:13:12.083+0500: 1018.007: [GC (Allocation Failure) 2018-03-17T00:13:12.083+0500: 1018.007: [DefNew: 157248K->17472K(157248K), 0.2734233 secs] 313822K->313821K(506816K), 0.2734977 secs] [Times: user=0.28 sys=0.00, real=0.27 secs] 
2018-03-17T00:13:12.386+0500: 1018.309: [GC (Allocation Failure) 2018-03-17T00:13:12.386+0500: 1018.309: [DefNew: 157248K->157248K(157248K), 0.0000171 secs]2018-03-17T00:13:12.386+0500: 1018.309: [Tenured: 296349K->23908K(349568K), 0.1581574 secs] 453597K->23908K(506816K), [Metaspace: 5350K->5350K(1056768K)], 0.1582464 secs] [Times: user=0.16 sys=0.00, real=0.16 secs] 
2018-03-17T00:13:12.572+0500: 1018.496: [GC (Allocation Failure) 2018-03-17T00:13:12.572+0500: 1018.496: [DefNew: 139776K->17472K(157248K), 0.2559186 secs] 163684K->163683K(506816K), 0.2559815 secs] [Times: user=0.25 sys=0.00, real=0.26 secs] 
2018-03-17T00:13:12.855+0500: 1018.779: [GC (Allocation Failure) 2018-03-17T00:13:12.856+0500: 1018.779: [DefNew: 157248K->17472K(157248K), 0.3067234 secs] 303459K->303458K(506816K), 0.3067953 secs] [Times: user=0.31 sys=0.00, real=0.31 secs] 
2018-03-17T00:13:13.192+0500: 1019.116: [GC (Allocation Failure) 2018-03-17T00:13:13.192+0500: 1019.116: [DefNew: 146063K->146063K(157248K), 0.0000304 secs]2018-03-17T00:13:13.192+0500: 1019.116: [Tenured: 285986K->715K(349568K), 0.1479331 secs] 432050K->715K(506816K), [Metaspace: 5350K->5350K(1056768K)], 0.1480528 secs] [Times: user=0.16 sys=0.00, real=0.15 secs] 
2018-03-17T00:13:13.370+0500: 1019.294: [GC (Allocation Failure) 2018-03-17T00:13:13.370+0500: 1019.294: [DefNew: 139776K->17472K(157248K), 0.2357988 secs] 140491K->140490K(506816K), 0.2358629 secs] [Times: user=0.23 sys=0.00, real=0.24 secs] 
2018-03-17T00:13:13.634+0500: 1019.557: [GC (Allocation Failure) 2018-03-17T00:13:13.634+0500: 1019.558: [DefNew: 157248K->17472K(157248K), 0.2566798 secs] 280266K->280229K(506816K), 0.2567508 secs] [Times: user=0.25 sys=0.00, real=0.26 secs] 
2018-03-17T00:13:13.919+0500: 1019.842: [GC (Allocation Failure) 2018-03-17T00:13:13.919+0500: 1019.843: [DefNew: 157248K->157248K(157248K), 0.0000192 secs]2018-03-17T00:13:13.919+0500: 1019.843: [Tenured: 262757K->205160K(349568K), 0.4704245 secs] 420005K->205160K(506816K), [Metaspace: 5350K->5350K(1056768K)], 0.4705315 secs] [Times: user=0.47 sys=0.00, real=0.47 secs] 
2018-03-17T00:13:14.414+0500: 1020.338: [GC (Allocation Failure) 2018-03-17T00:13:14.414+0500: 1020.338: [DefNew: 139776K->17472K(157248K), 0.2239827 secs] 344936K->344935K(506816K), 0.2240443 secs] [Times: user=0.22 sys=0.00, real=0.22 secs] 
2018-03-17T00:13:14.664+0500: 1020.588: [GC (Allocation Failure) 2018-03-17T00:13:14.664+0500: 1020.588: [DefNew: 157248K->157248K(157248K), 0.0000163 secs]2018-03-17T00:13:14.664+0500: 1020.588: [Tenured: 327463K->55022K(349568K), 0.2211863 secs] 484711K->55022K(506816K), [Metaspace: 5350K->5350K(1056768K)], 0.2212774 secs] [Times: user=0.22 sys=0.00, real=0.22 secs] 
2018-03-17T00:13:14.914+0500: 1020.838: [GC (Allocation Failure) 2018-03-17T00:13:14.914+0500: 1020.838: [DefNew: 139776K->17472K(157248K), 0.2721399 secs] 194798K->194797K(506816K), 0.2722037 secs] [Times: user=0.26 sys=0.00, real=0.27 secs] 
2018-03-17T00:13:15.222+0500: 1021.145: [GC (Allocation Failure) 2018-03-17T00:13:15.222+0500: 1021.145: [DefNew: 157248K->17471K(157248K), 0.2783093 secs] 334573K->334572K(506816K), 0.2783730 secs] [Times: user=0.28 sys=0.00, real=0.28 secs] 
2018-03-17T00:13:15.529+0500: 1021.453: [GC (Allocation Failure) 2018-03-17T00:13:15.529+0500: 1021.453: [DefNew: 157247K->157247K(157248K), 0.0000304 secs]2018-03-17T00:13:15.529+0500: 1021.453: [Tenured: 317100K->44659K(349568K), 0.2039540 secs] 474348K->44659K(506816K), [Metaspace: 5350K->5350K(1056768K)], 0.2040951 secs] [Times: user=0.20 sys=0.00, real=0.20 secs] 
2018-03-17T00:13:15.762+0500: 1021.686: [GC (Allocation Failure) 2018-03-17T00:13:15.762+0500: 1021.686: [DefNew: 139776K->17471K(157248K), 0.2706209 secs] 184435K->184434K(506816K), 0.2706855 secs] [Times: user=0.27 sys=0.00, real=0.27 secs] 
2018-03-17T00:13:16.063+0500: 1021.987: [GC (Allocation Failure) 2018-03-17T00:13:16.063+0500: 1021.987: [DefNew: 157247K->17472K(157248K), 0.2766209 secs] 324210K->324208K(506816K), 0.2766885 secs] [Times: user=0.28 sys=0.00, real=0.28 secs] 
2018-03-17T00:13:16.370+0500: 1022.294: [GC (Allocation Failure) 2018-03-17T00:13:16.370+0500: 1022.294: [DefNew: 157248K->157248K(157248K), 0.0000175 secs]2018-03-17T00:13:16.370+0500: 1022.294: [Tenured: 306736K->34272K(349568K), 0.1872597 secs] 463984K->34272K(506816K), [Metaspace: 5350K->5350K(1056768K)], 0.1873687 secs] [Times: user=0.19 sys=0.00, real=0.19 secs] 
2018-03-17T00:13:16.588+0500: 1022.511: [GC (Allocation Failure) 2018-03-17T00:13:16.588+0500: 1022.511: [DefNew: 139776K->17472K(157248K), 0.2542106 secs] 174048K->174046K(506816K), 0.2542781 secs] [Times: user=0.25 sys=0.00, real=0.25 secs] 
2018-03-17T00:13:16.867+0500: 1022.791: [GC (Allocation Failure) 2018-03-17T00:13:16.867+0500: 1022.791: [DefNew: 157248K->17472K(157248K), 0.2543722 secs] 313822K->313821K(506816K), 0.2544304 secs] [Times: user=0.25 sys=0.00, real=0.25 secs] 
2018-03-17T00:13:17.147+0500: 1023.071: [GC (Allocation Failure) 2018-03-17T00:13:17.147+0500: 1023.071: [DefNew: 157248K->157248K(157248K), 0.0000141 secs]2018-03-17T00:13:17.147+0500: 1023.071: [Tenured: 296349K->23908K(349568K), 0.1558400 secs] 453597K->23908K(506816K), [Metaspace: 5350K->5350K(1056768K)], 0.1559217 secs] [Times: user=0.14 sys=0.00, real=0.15 secs] 
2018-03-17T00:13:17.330+0500: 1023.255: [GC (Allocation Failure) 2018-03-17T00:13:17.331+0500: 1023.255: [DefNew: 139776K->17472K(157248K), 0.2548888 secs] 163684K->163683K(506816K), 0.2549543 secs] [Times: user=0.26 sys=0.00, real=0.26 secs] 
2018-03-17T00:13:17.612+0500: 1023.536: [GC (Allocation Failure) 2018-03-17T00:13:17.612+0500: 1023.536: [DefNew: 157248K->17472K(157248K), 0.2542101 secs] 303459K->303458K(506816K), 0.2542734 secs] [Times: user=0.27 sys=0.00, real=0.26 secs] 
2018-03-17T00:13:17.893+0500: 1023.816: [GC (Allocation Failure) 2018-03-17T00:13:17.893+0500: 1023.816: [DefNew: 146063K->146063K(157248K), 0.0000205 secs]2018-03-17T00:13:17.893+0500: 1023.816: [Tenured: 285986K->715K(349568K), 0.1367525 secs] 432050K->715K(506816K), [Metaspace: 5350K->5350K(1056768K)], 0.1368487 secs] [Times: user=0.14 sys=0.00, real=0.14 secs] 
2018-03-17T00:13:18.055+0500: 1023.979: [GC (Allocation Failure) 2018-03-17T00:13:18.055+0500: 1023.979: [DefNew: 139776K->17472K(157248K), 0.2219488 secs] 140491K->140490K(506816K), 0.2220117 secs] [Times: user=0.22 sys=0.00, real=0.22 secs] 
2018-03-17T00:13:18.302+0500: 1024.226: [GC (Allocation Failure) 2018-03-17T00:13:18.302+0500: 1024.226: [DefNew: 157248K->17472K(157248K), 0.2567282 secs] 280266K->280229K(506816K), 0.2567983 secs] [Times: user=0.26 sys=0.00, real=0.26 secs] 
2018-03-17T00:13:18.587+0500: 1024.511: [GC (Allocation Failure) 2018-03-17T00:13:18.587+0500: 1024.511: [DefNew: 157248K->157248K(157248K), 0.0000158 secs]2018-03-17T00:13:18.587+0500: 1024.511: [Tenured: 262757K->205160K(349568K), 0.5078472 secs] 420005K->205160K(506816K), [Metaspace: 5350K->5350K(1056768K)], 0.5079439 secs] [Times: user=0.50 sys=0.00, real=0.51 secs] 
2018-03-17T00:13:19.122+0500: 1025.046: [GC (Allocation Failure) 2018-03-17T00:13:19.122+0500: 1025.046: [DefNew: 139776K->17472K(157248K), 0.2335549 secs] 344936K->344935K(506816K), 0.2336272 secs] [Times: user=0.23 sys=0.00, real=0.23 secs] 
2018-03-17T00:13:19.385+0500: 1025.308: [GC (Allocation Failure) 2018-03-17T00:13:19.385+0500: 1025.308: [DefNew: 157248K->157248K(157248K), 0.0000158 secs]2018-03-17T00:13:19.385+0500: 1025.308: [Tenured: 327463K->55022K(349568K), 0.2535751 secs] 484711K->55022K(506816K), [Metaspace: 5350K->5350K(1056768K)], 0.2536645 secs] [Times: user=0.25 sys=0.00, real=0.25 secs] 
2018-03-17T00:13:19.672+0500: 1025.595: [GC (Allocation Failure) 2018-03-17T00:13:19.672+0500: 1025.595: [DefNew: 139776K->17472K(157248K), 0.2840916 secs] 194798K->194797K(506816K), 0.2841852 secs] [Times: user=0.28 sys=0.00, real=0.28 secs] 
2018-03-17T00:13:19.985+0500: 1025.909: [GC (Allocation Failure) 2018-03-17T00:13:19.985+0500: 1025.909: [DefNew: 157248K->17471K(157248K), 0.2702608 secs] 334573K->334572K(506816K), 0.2703228 secs] [Times: user=0.27 sys=0.00, real=0.27 secs] 
2018-03-17T00:13:20.283+0500: 1026.208: [GC (Allocation Failure) 2018-03-17T00:13:20.283+0500: 1026.208: [DefNew: 157247K->157247K(157248K), 0.0000188 secs]2018-03-17T00:13:20.284+0500: 1026.208: [Tenured: 317100K->44659K(349568K), 0.2088361 secs] 474348K->44659K(506816K), [Metaspace: 5350K->5350K(1056768K)], 0.2089520 secs] [Times: user=0.22 sys=0.00, real=0.21 secs] 
2018-03-17T00:13:20.524+0500: 1026.448: [GC (Allocation Failure) 2018-03-17T00:13:20.524+0500: 1026.448: [DefNew: 139776K->17471K(157248K), 0.2776605 secs] 184435K->184434K(506816K), 0.2777307 secs] [Times: user=0.27 sys=0.00, real=0.28 secs] 
2018-03-17T00:13:20.833+0500: 1026.756: [GC (Allocation Failure) 2018-03-17T00:13:20.833+0500: 1026.756: [DefNew: 157247K->17472K(157248K), 0.2548516 secs] 324210K->324208K(506816K), 0.2549136 secs] [Times: user=0.26 sys=0.00, real=0.25 secs] 
2018-03-17T00:13:21.113+0500: 1027.037: [GC (Allocation Failure) 2018-03-17T00:13:21.113+0500: 1027.037: [DefNew: 157248K->157248K(157248K), 0.0000158 secs]2018-03-17T00:13:21.113+0500: 1027.037: [Tenured: 306736K->34272K(349568K), 0.1773420 secs] 463984K->34272K(506816K), [Metaspace: 5350K->5350K(1056768K)], 0.1774318 secs] [Times: user=0.17 sys=0.00, real=0.18 secs] 
2018-03-17T00:13:21.319+0500: 1027.243: [GC (Allocation Failure) 2018-03-17T00:13:21.319+0500: 1027.243: [DefNew: 139776K->17472K(157248K), 0.2595374 secs] 174048K->174046K(506816K), 0.2596029 secs] [Times: user=0.25 sys=0.00, real=0.26 secs] 
2018-03-17T00:13:21.608+0500: 1027.532: [GC (Allocation Failure) 2018-03-17T00:13:21.608+0500: 1027.533: [DefNew: 157248K->17472K(157248K), 0.2973065 secs] 313822K->313821K(506816K), 0.2974233 secs] [Times: user=0.30 sys=0.00, real=0.30 secs] 
2018-03-17T00:13:21.934+0500: 1027.858: [GC (Allocation Failure) 2018-03-17T00:13:21.934+0500: 1027.859: [DefNew: 157248K->157248K(157248K), 0.0001984 secs]2018-03-17T00:13:21.934+0500: 1027.859: [Tenured: 296349K->23908K(349568K), 0.1638213 secs] 453597K->23908K(506816K), [Metaspace: 5350K->5350K(1056768K)], 0.1640945 secs] [Times: user=0.16 sys=0.00, real=0.16 secs] 
2018-03-17T00:13:22.129+0500: 1028.053: [GC (Allocation Failure) 2018-03-17T00:13:22.130+0500: 1028.053: [DefNew: 139776K->17472K(157248K), 0.2663230 secs] 163684K->163683K(506816K), 0.2663996 secs] [Times: user=0.27 sys=0.00, real=0.27 secs] 
2018-03-17T00:13:22.424+0500: 1028.348: [GC (Allocation Failure) 2018-03-17T00:13:22.424+0500: 1028.348: [DefNew: 157248K->17472K(157248K), 0.3038996 secs] 303459K->303458K(506816K), 0.3039706 secs] [Times: user=0.31 sys=0.00, real=0.30 secs] 
2018-03-17T00:13:22.758+0500: 1028.682: [GC (Allocation Failure) 2018-03-17T00:13:22.758+0500: 1028.682: [DefNew: 146063K->146063K(157248K), 0.0000316 secs]2018-03-17T00:13:22.758+0500: 1028.682: [Tenured: 285986K->715K(349568K), 0.1486139 secs] 432050K->715K(506816K), [Metaspace: 5350K->5350K(1056768K)], 0.1487589 secs] [Times: user=0.14 sys=0.00, real=0.15 secs] 
2018-03-17T00:13:22.935+0500: 1028.859: [GC (Allocation Failure) 2018-03-17T00:13:22.935+0500: 1028.859: [DefNew: 139776K->17472K(157248K), 0.2757002 secs] 140491K->140490K(506816K), 0.2757647 secs] [Times: user=0.28 sys=0.00, real=0.28 secs] 
2018-03-17T00:13:23.241+0500: 1029.165: [GC (Allocation Failure) 2018-03-17T00:13:23.241+0500: 1029.165: [DefNew: 157248K->17472K(157248K), 0.2858390 secs] 280266K->280229K(506816K), 0.2859412 secs] [Times: user=0.27 sys=0.00, real=0.29 secs] 
2018-03-17T00:13:23.581+0500: 1029.505: [GC (Allocation Failure) 2018-03-17T00:13:23.581+0500: 1029.505: [DefNew: 157248K->157248K(157248K), 0.0000291 secs]2018-03-17T00:13:23.581+0500: 1029.505: [Tenured: 262757K->205160K(349568K), 0.4888205 secs] 420005K->205160K(506816K), [Metaspace: 5350K->5350K(1056768K)], 0.4889454 secs] [Times: user=0.50 sys=0.00, real=0.49 secs] 
2018-03-17T00:13:24.096+0500: 1030.020: [GC (Allocation Failure) 2018-03-17T00:13:24.096+0500: 1030.020: [DefNew: 139776K->17472K(157248K), 0.2511024 secs] 344936K->344935K(506816K), 0.2511665 secs] [Times: user=0.25 sys=0.00, real=0.25 secs] 
2018-03-17T00:13:24.383+0500: 1030.307: [GC (Allocation Failure) 2018-03-17T00:13:24.383+0500: 1030.307: [DefNew: 157248K->157248K(157248K), 0.0000338 secs]2018-03-17T00:13:24.383+0500: 1030.307: [Tenured: 327463K->55022K(349568K), 0.2499430 secs] 484711K->55022K(506816K), [Metaspace: 5350K->5350K(1056768K)], 0.2500935 secs] [Times: user=0.25 sys=0.00, real=0.25 secs] 
2018-03-17T00:13:24.670+0500: 1030.594: [GC (Allocation Failure) 2018-03-17T00:13:24.670+0500: 1030.594: [DefNew: 139776K->17472K(157248K), 0.2608191 secs] 194798K->194797K(506816K), 0.2609008 secs] [Times: user=0.27 sys=0.00, real=0.26 secs] 
2018-03-17T00:13:24.956+0500: 1030.880: [GC (Allocation Failure) 2018-03-17T00:13:24.957+0500: 1030.880: [DefNew: 157248K->17471K(157248K), 0.2528536 secs] 334573K->334572K(506816K), 0.2529349 secs] [Times: user=0.25 sys=0.00, real=0.25 secs] 
2018-03-17T00:13:25.235+0500: 1031.158: [GC (Allocation Failure) 2018-03-17T00:13:25.235+0500: 1031.158: [DefNew: 157247K->157247K(157248K), 0.0000167 secs]2018-03-17T00:13:25.235+0500: 1031.158: [Tenured: 317100K->44659K(349568K), 0.2003741 secs] 474348K->44659K(506816K), [Metaspace: 5350K->5350K(1056768K)], 0.2004703 secs] [Times: user=0.20 sys=0.00, real=0.20 secs] 
2018-03-17T00:13:25.463+0500: 1031.387: [GC (Allocation Failure) 2018-03-17T00:13:25.463+0500: 1031.387: [DefNew: 139776K->17471K(157248K), 0.2572674 secs] 184435K->184434K(506816K), 0.2573611 secs] [Times: user=0.25 sys=0.00, real=0.26 secs] 
2018-03-17T00:13:25.746+0500: 1031.670: [GC (Allocation Failure) 2018-03-17T00:13:25.746+0500: 1031.670: [DefNew: 157247K->17472K(157248K), 0.2577588 secs] 324210K->324208K(506816K), 0.2578294 secs] [Times: user=0.25 sys=0.00, real=0.26 secs] 
2018-03-17T00:13:26.030+0500: 1031.954: [GC (Allocation Failure) 2018-03-17T00:13:26.030+0500: 1031.954: [DefNew: 157248K->157248K(157248K), 0.0000316 secs]2018-03-17T00:13:26.030+0500: 1031.954: [Tenured: 306736K->34272K(349568K), 0.1780437 secs] 463984K->34272K(506816K), [Metaspace: 5350K->5350K(1056768K)], 0.1781725 secs] [Times: user=0.17 sys=0.00, real=0.18 secs] 
2018-03-17T00:13:26.239+0500: 1032.163: [GC (Allocation Failure) 2018-03-17T00:13:26.239+0500: 1032.163: [DefNew: 139776K->17472K(157248K), 0.2576536 secs] 174048K->174046K(506816K), 0.2577165 secs] [Times: user=0.26 sys=0.00, real=0.26 secs] 
2018-03-17T00:13:26.523+0500: 1032.447: [GC (Allocation Failure) 2018-03-17T00:13:26.523+0500: 1032.447: [DefNew: 157248K->17472K(157248K), 0.2586821 secs] 313822K->313821K(506816K), 0.2587428 secs] [Times: user=0.25 sys=0.00, real=0.26 secs] 
2018-03-17T00:13:26.808+0500: 1032.732: [GC (Allocation Failure) 2018-03-17T00:13:26.808+0500: 1032.732: [DefNew: 157248K->157248K(157248K), 0.0000163 secs]2018-03-17T00:13:26.808+0500: 1032.732: [Tenured: 296349K->23908K(349568K), 0.1546575 secs] 453597K->23908K(506816K), [Metaspace: 5350K->5350K(1056768K)], 0.1547644 secs] [Times: user=0.16 sys=0.00, real=0.15 secs] 
2018-03-17T00:13:26.991+0500: 1032.915: [GC (Allocation Failure) 2018-03-17T00:13:26.991+0500: 1032.915: [DefNew: 139776K->17472K(157248K), 0.2563848 secs] 163684K->163683K(506816K), 0.2564455 secs] [Times: user=0.25 sys=0.00, real=0.26 secs] 
2018-03-17T00:13:27.273+0500: 1033.197: [GC (Allocation Failure) 2018-03-17T00:13:27.273+0500: 1033.197: [DefNew: 157248K->17472K(157248K), 0.2527950 secs] 303459K->303458K(506816K), 0.2528570 secs] [Times: user=0.25 sys=0.00, real=0.25 secs] 
2018-03-17T00:13:27.552+0500: 1033.476: [GC (Allocation Failure) 2018-03-17T00:13:27.552+0500: 1033.476: [DefNew: 146063K->146063K(157248K), 0.0000171 secs]2018-03-17T00:13:27.552+0500: 1033.476: [Tenured: 285986K->715K(349568K), 0.1368757 secs] 432050K->715K(506816K), [Metaspace: 5350K->5350K(1056768K)], 0.1369993 secs] [Times: user=0.14 sys=0.00, real=0.14 secs] 
2018-03-17T00:13:27.715+0500: 1033.638: [GC (Allocation Failure) 2018-03-17T00:13:27.715+0500: 1033.638: [DefNew: 139776K->17472K(157248K), 0.2220164 secs] 140491K->140490K(506816K), 0.2220810 secs] [Times: user=0.22 sys=0.00, real=0.22 secs] 
2018-03-17T00:13:27.962+0500: 1033.886: [GC (Allocation Failure) 2018-03-17T00:13:27.962+0500: 1033.886: [DefNew: 157248K->17472K(157248K), 0.2555183 secs] 280266K->280229K(506816K), 0.2555795 secs] [Times: user=0.25 sys=0.00, real=0.26 secs] 
2018-03-17T00:13:28.246+0500: 1034.170: [GC (Allocation Failure) 2018-03-17T00:13:28.246+0500: 1034.170: [DefNew: 157248K->157248K(157248K), 0.0000171 secs]2018-03-17T00:13:28.246+0500: 1034.170: [Tenured: 262757K->205160K(349568K), 0.4723635 secs] 420005K->205160K(506816K), [Metaspace: 5350K->5350K(1056768K)], 0.4724559 secs] [Times: user=0.45 sys=0.00, real=0.47 secs] 
2018-03-17T00:13:28.743+0500: 1034.668: [GC (Allocation Failure) 2018-03-17T00:13:28.743+0500: 1034.668: [DefNew: 139776K->17472K(157248K), 0.2231527 secs] 344936K->344935K(506816K), 0.2232305 secs] [Times: user=0.22 sys=0.00, real=0.22 secs] 
2018-03-17T00:13:28.993+0500: 1034.917: [GC (Allocation Failure) 2018-03-17T00:13:28.993+0500: 1034.917: [DefNew: 157248K->157248K(157248K), 0.0000167 secs]2018-03-17T00:13:28.993+0500: 1034.917: [Tenured: 327463K->55022K(349568K), 0.2198512 secs] 484711K->55022K(506816K), [Metaspace: 5350K->5350K(1056768K)], 0.2199410 secs] [Times: user=0.22 sys=0.00, real=0.22 secs] 
2018-03-17T00:13:29.243+0500: 1035.166: [GC (Allocation Failure) 2018-03-17T00:13:29.243+0500: 1035.166: [DefNew: 139776K->17472K(157248K), 0.2637336 secs] 194798K->194797K(506816K), 0.2638058 secs] [Times: user=0.26 sys=0.00, real=0.26 secs] 
2018-03-17T00:13:29.535+0500: 1035.459: [GC (Allocation Failure) 2018-03-17T00:13:29.535+0500: 1035.459: [DefNew: 157248K->17471K(157248K), 0.2604650 secs] 334573K->334572K(506816K), 0.2605454 secs] [Times: user=0.27 sys=0.00, real=0.26 secs] 
2018-03-17T00:13:29.825+0500: 1035.749: [GC (Allocation Failure) 2018-03-17T00:13:29.826+0500: 1035.749: [DefNew: 157247K->157247K(157248K), 0.0000406 secs]2018-03-17T00:13:29.826+0500: 1035.750: [Tenured: 317100K->44659K(349568K), 0.2122663 secs] 474348K->44659K(506816K), [Metaspace: 5350K->5350K(1056768K)], 0.2124271 secs] [Times: user=0.22 sys=0.00, real=0.21 secs] 
2018-03-17T00:13:30.069+0500: 1035.993: [GC (Allocation Failure) 2018-03-17T00:13:30.069+0500: 1035.993: [DefNew: 139776K->17471K(157248K), 0.3197314 secs] 184435K->184434K(506816K), 0.3198148 secs] [Times: user=0.31 sys=0.00, real=0.32 secs] 
2018-03-17T00:13:30.419+0500: 1036.343: [GC (Allocation Failure) 2018-03-17T00:13:30.419+0500: 1036.343: [DefNew: 157247K->17472K(157248K), 0.2854922 secs] 324210K->324208K(506816K), 0.2855875 secs] [Times: user=0.28 sys=0.00, real=0.29 secs] 
2018-03-17T00:13:30.737+0500: 1036.660: [GC (Allocation Failure) 2018-03-17T00:13:30.737+0500: 1036.660: [DefNew: 157248K->157248K(157248K), 0.0000325 secs]2018-03-17T00:13:30.737+0500: 1036.660: [Tenured: 306736K->34272K(349568K), 0.2020056 secs] 463984K->34272K(506816K), [Metaspace: 5350K->5350K(1056768K)], 0.2021301 secs] [Times: user=0.20 sys=0.00, real=0.20 secs] 
2018-03-17T00:13:30.969+0500: 1036.893: [GC (Allocation Failure) 2018-03-17T00:13:30.969+0500: 1036.893: [DefNew: 139776K->17472K(157248K), 0.2577691 secs] 174048K->174046K(506816K), 0.2578401 secs] [Times: user=0.26 sys=0.00, real=0.26 secs] 
2018-03-17T00:13:31.253+0500: 1037.177: [GC (Allocation Failure) 2018-03-17T00:13:31.253+0500: 1037.177: [DefNew: 157248K->17472K(157248K), 0.2512666 secs] 313822K->313821K(506816K), 0.2513295 secs] [Times: user=0.25 sys=0.00, real=0.25 secs] 
2018-03-17T00:13:31.530+0500: 1037.454: [GC (Allocation Failure) 2018-03-17T00:13:31.530+0500: 1037.454: [DefNew: 157248K->157248K(157248K), 0.0000163 secs]2018-03-17T00:13:31.530+0500: 1037.454: [Tenured: 296349K->23908K(349568K), 0.1549919 secs] 453597K->23908K(506816K), [Metaspace: 5350K->5350K(1056768K)], 0.1550796 secs] [Times: user=0.16 sys=0.00, real=0.15 secs] 
2018-03-17T00:13:31.713+0500: 1037.637: [GC (Allocation Failure) 2018-03-17T00:13:31.713+0500: 1037.637: [DefNew: 139776K->17472K(157248K), 0.2573855 secs] 163684K->163683K(506816K), 0.2574518 secs] [Times: user=0.23 sys=0.00, real=0.26 secs] 
2018-03-17T00:13:31.997+0500: 1037.920: [GC (Allocation Failure) 2018-03-17T00:13:31.997+0500: 1037.920: [DefNew: 157248K->17472K(157248K), 0.2632251 secs] 303459K->303458K(506816K), 0.2632858 secs] [Times: user=0.27 sys=0.00, real=0.26 secs] 
2018-03-17T00:13:32.297+0500: 1038.221: [GC (Allocation Failure) 2018-03-17T00:13:32.297+0500: 1038.221: [DefNew: 146063K->146063K(157248K), 0.0000184 secs]2018-03-17T00:13:32.297+0500: 1038.221: [Tenured: 285986K->715K(349568K), 0.1452765 secs] 432050K->715K(506816K), [Metaspace: 5350K->5350K(1056768K)], 0.1453736 secs] [Times: user=0.14 sys=0.00, real=0.15 secs] 
2018-03-17T00:13:32.472+0500: 1038.396: [GC (Allocation Failure) 2018-03-17T00:13:32.472+0500: 1038.396: [DefNew: 139776K->17472K(157248K), 0.2914562 secs] 140491K->140490K(506816K), 0.2915174 secs] [Times: user=0.28 sys=0.00, real=0.29 secs] 
2018-03-17T00:13:32.793+0500: 1038.717: [GC (Allocation Failure) 2018-03-17T00:13:32.793+0500: 1038.717: [DefNew: 157248K->17472K(157248K), 0.2570305 secs] 280266K->280229K(506816K), 0.2570959 secs] [Times: user=0.25 sys=0.00, real=0.26 secs] 
2018-03-17T00:13:33.081+0500: 1039.005: [GC (Allocation Failure) 2018-03-17T00:13:33.081+0500: 1039.005: [DefNew: 157248K->157248K(157248K), 0.0000145 secs]2018-03-17T00:13:33.081+0500: 1039.005: [Tenured: 262757K->205160K(349568K), 0.5267504 secs] 420005K->205160K(506816K), [Metaspace: 5350K->5350K(1056768K)], 0.5268359 secs] [Times: user=0.53 sys=0.00, real=0.53 secs] 
2018-03-17T00:13:33.638+0500: 1039.562: [GC (Allocation Failure) 2018-03-17T00:13:33.638+0500: 1039.562: [DefNew: 139776K->17472K(157248K), 0.2299036 secs] 344936K->344935K(506816K), 0.2299669 secs] [Times: user=0.24 sys=0.00, real=0.23 secs] 
2018-03-17T00:13:33.894+0500: 1039.818: [GC (Allocation Failure) 2018-03-17T00:13:33.894+0500: 1039.818: [DefNew: 157248K->157248K(157248K), 0.0000154 secs]2018-03-17T00:13:33.894+0500: 1039.818: [Tenured: 327463K->55022K(349568K), 0.2270978 secs] 484711K->55022K(506816K), [Metaspace: 5350K->5350K(1056768K)], 0.2271876 secs] [Times: user=0.20 sys=0.00, real=0.23 secs] 
2018-03-17T00:13:34.153+0500: 1040.077: [GC (Allocation Failure) 2018-03-17T00:13:34.153+0500: 1040.078: [DefNew: 139776K->17472K(157248K), 0.3174644 secs] 194798K->194797K(506816K), 0.3175422 secs] [Times: user=0.31 sys=0.00, real=0.32 secs] 
2018-03-17T00:13:34.512+0500: 1040.437: [GC (Allocation Failure) 2018-03-17T00:13:34.512+0500: 1040.437: [DefNew: 157248K->17471K(157248K), 0.4136334 secs] 334573K->334572K(506816K), 0.4137104 secs] [Times: user=0.41 sys=0.00, real=0.41 secs] 
2018-03-17T00:13:34.959+0500: 1040.882: [GC (Allocation Failure) 2018-03-17T00:13:34.959+0500: 1040.882: [DefNew: 157247K->157247K(157248K), 0.0000167 secs]2018-03-17T00:13:34.959+0500: 1040.882: [Tenured: 317100K->44659K(349568K), 0.2396263 secs] 474348K->44659K(506816K), [Metaspace: 5350K->5350K(1056768K)], 0.2397661 secs] [Times: user=0.24 sys=0.00, real=0.24 secs] 
2018-03-17T00:13:35.245+0500: 1041.168: [GC (Allocation Failure) 2018-03-17T00:13:35.245+0500: 1041.169: [DefNew: 139776K->17471K(157248K), 0.3137323 secs] 184435K->184434K(506816K), 0.3138015 secs] [Times: user=0.31 sys=0.00, real=0.31 secs] 
2018-03-17T00:13:35.590+0500: 1041.514: [GC (Allocation Failure) 2018-03-17T00:13:35.590+0500: 1041.514: [DefNew: 157247K->17472K(157248K), 0.2596170 secs] 324210K->324208K(506816K), 0.2596901 secs] [Times: user=0.27 sys=0.00, real=0.26 secs] 
2018-03-17T00:13:35.876+0500: 1041.800: [GC (Allocation Failure) 2018-03-17T00:13:35.876+0500: 1041.800: [DefNew: 157248K->157248K(157248K), 0.0000158 secs]2018-03-17T00:13:35.876+0500: 1041.800: [Tenured: 306736K->34272K(349568K), 0.1779539 secs] 463984K->34272K(506816K), [Metaspace: 5350K->5350K(1056768K)], 0.1780476 secs] [Times: user=0.19 sys=0.00, real=0.18 secs] 
2018-03-17T00:13:36.085+0500: 1042.009: [GC (Allocation Failure) 2018-03-17T00:13:36.085+0500: 1042.009: [DefNew: 139776K->17472K(157248K), 0.2758900 secs] 174048K->174046K(506816K), 0.2759546 secs] [Times: user=0.27 sys=0.00, real=0.28 secs] 
2018-03-17T00:13:36.388+0500: 1042.312: [GC (Allocation Failure) 2018-03-17T00:13:36.388+0500: 1042.312: [DefNew: 157248K->17472K(157248K), 0.2823249 secs] 313822K->313821K(506816K), 0.2823882 secs] [Times: user=0.28 sys=0.00, real=0.28 secs] 
2018-03-17T00:13:36.705+0500: 1042.629: [GC (Allocation Failure) 2018-03-17T00:13:36.705+0500: 1042.629: [DefNew: 157248K->157248K(157248K), 0.0000184 secs]2018-03-17T00:13:36.705+0500: 1042.629: [Tenured: 296349K->23908K(349568K), 0.1612861 secs] 453597K->23908K(506816K), [Metaspace: 5350K->5350K(1056768K)], 0.1613836 secs] [Times: user=0.17 sys=0.00, real=0.16 secs] 
2018-03-17T00:13:36.896+0500: 1042.820: [GC (Allocation Failure) 2018-03-17T00:13:36.896+0500: 1042.820: [DefNew: 139776K->17472K(157248K), 0.2618835 secs] 163684K->163683K(506816K), 0.2619494 secs] [Times: user=0.27 sys=0.00, real=0.26 secs] 
2018-03-17T00:13:37.186+0500: 1043.110: [GC (Allocation Failure) 2018-03-17T00:13:37.186+0500: 1043.110: [DefNew: 157248K->17472K(157248K), 0.2598000 secs] 303459K->303458K(506816K), 0.2600352 secs] [Times: user=0.27 sys=0.00, real=0.26 secs] 
2018-03-17T00:13:37.474+0500: 1043.399: [GC (Allocation Failure) 2018-03-17T00:13:37.474+0500: 1043.399: [DefNew: 146063K->146063K(157248K), 0.0000167 secs]2018-03-17T00:13:37.474+0500: 1043.399: [Tenured: 285986K->715K(349568K), 0.1523452 secs] 432050K->715K(506816K), [Metaspace: 5350K->5350K(1056768K)], 0.1524367 secs] [Times: user=0.16 sys=0.00, real=0.15 secs] 
2018-03-17T00:13:37.663+0500: 1043.586: [GC (Allocation Failure) 2018-03-17T00:13:37.663+0500: 1043.586: [DefNew: 139776K->17472K(157248K), 0.3273265 secs] 140491K->140490K(506816K), 0.3273928 secs] [Times: user=0.31 sys=0.00, real=0.33 secs] 
2018-03-17T00:13:38.026+0500: 1043.950: [GC (Allocation Failure) 2018-03-17T00:13:38.026+0500: 1043.950: [DefNew: 157248K->17472K(157248K), 0.3547058 secs] 280266K->280229K(506816K), 0.3547695 secs] [Times: user=0.34 sys=0.02, real=0.36 secs] 
2018-03-17T00:13:38.410+0500: 1044.334: [GC (Allocation Failure) 2018-03-17T00:13:38.410+0500: 1044.334: [DefNew: 157248K->157248K(157248K), 0.0000171 secs]2018-03-17T00:13:38.410+0500: 1044.334: [Tenured: 262757K->205160K(349568K), 0.4812959 secs] 420005K->205160K(506816K), [Metaspace: 5350K->5350K(1056768K)], 0.4813900 secs] [Times: user=0.48 sys=0.00, real=0.48 secs] 
2018-03-17T00:13:38.916+0500: 1044.841: [GC (Allocation Failure) 2018-03-17T00:13:38.916+0500: 1044.841: [DefNew: 139776K->17472K(157248K), 0.2270156 secs] 344936K->344935K(506816K), 0.2270794 secs] [Times: user=0.22 sys=0.00, real=0.23 secs] 
2018-03-17T00:13:39.171+0500: 1045.095: [GC (Allocation Failure) 2018-03-17T00:13:39.171+0500: 1045.095: [DefNew: 157248K->157248K(157248K), 0.0000158 secs]2018-03-17T00:13:39.171+0500: 1045.095: [Tenured: 327463K->55022K(349568K), 0.2265713 secs] 484711K->55022K(506816K), [Metaspace: 5350K->5350K(1056768K)], 0.2266607 secs] [Times: user=0.23 sys=0.00, real=0.23 secs] 
2018-03-17T00:13:39.427+0500: 1045.351: [GC (Allocation Failure) 2018-03-17T00:13:39.427+0500: 1045.351: [DefNew: 139776K->17472K(157248K), 0.2559725 secs] 194798K->194797K(506816K), 0.2560337 secs] [Times: user=0.27 sys=0.00, real=0.26 secs] 
2018-03-17T00:13:39.708+0500: 1045.632: [GC (Allocation Failure) 2018-03-17T00:13:39.708+0500: 1045.632: [DefNew: 157248K->17471K(157248K), 0.2503168 secs] 334573K->334572K(506816K), 0.2503779 secs] [Times: user=0.25 sys=0.00, real=0.25 secs] 
2018-03-17T00:13:39.983+0500: 1045.908: [GC (Allocation Failure) 2018-03-17T00:13:39.984+0500: 1045.908: [DefNew: 157247K->157247K(157248K), 0.0000167 secs]2018-03-17T00:13:39.984+0500: 1045.908: [Tenured: 317100K->44659K(349568K), 0.2011482 secs] 474348K->44659K(506816K), [Metaspace: 5350K->5350K(1056768K)], 0.2012726 secs] [Times: user=0.20 sys=0.00, real=0.20 secs] 
2018-03-17T00:13:40.213+0500: 1046.138: [GC (Allocation Failure) 2018-03-17T00:13:40.213+0500: 1046.138: [DefNew: 139776K->17471K(157248K), 0.2591906 secs] 184435K->184434K(506816K), 0.2592509 secs] [Times: user=0.25 sys=0.00, real=0.26 secs] 
2018-03-17T00:13:40.499+0500: 1046.423: [GC (Allocation Failure) 2018-03-17T00:13:40.499+0500: 1046.423: [DefNew: 157247K->17472K(157248K), 0.2534245 secs] 324210K->324208K(506816K), 0.2534861 secs] [Times: user=0.25 sys=0.00, real=0.25 secs] 
2018-03-17T00:13:40.779+0500: 1046.703: [GC (Allocation Failure) 2018-03-17T00:13:40.779+0500: 1046.703: [DefNew: 157248K->157248K(157248K), 0.0000411 secs]2018-03-17T00:13:40.779+0500: 1046.703: [Tenured: 306736K->34272K(349568K), 0.2060067 secs] 463984K->34272K(506816K), [Metaspace: 5350K->5350K(1056768K)], 0.2061462 secs] [Times: user=0.20 sys=0.00, real=0.21 secs] 
2018-03-17T00:13:41.014+0500: 1046.938: [GC (Allocation Failure) 2018-03-17T00:13:41.014+0500: 1046.938: [DefNew: 139776K->17472K(157248K), 0.2774745 secs] 174048K->174046K(506816K), 0.2775446 secs] [Times: user=0.28 sys=0.00, real=0.28 secs] 
2018-03-17T00:13:41.317+0500: 1047.241: [GC (Allocation Failure) 2018-03-17T00:13:41.317+0500: 1047.241: [DefNew: 157248K->17472K(157248K), 0.2593031 secs] 313822K->313821K(506816K), 0.2593651 secs] [Times: user=0.26 sys=0.00, real=0.26 secs] 
2018-03-17T00:13:41.602+0500: 1047.526: [GC (Allocation Failure) 2018-03-17T00:13:41.602+0500: 1047.526: [DefNew: 157248K->157248K(157248K), 0.0000163 secs]2018-03-17T00:13:41.602+0500: 1047.526: [Tenured: 296349K->23908K(349568K), 0.1544398 secs] 453597K->23908K(506816K), [Metaspace: 5350K->5350K(1056768K)], 0.1545292 secs] [Times: user=0.16 sys=0.00, real=0.15 secs] 
2018-03-17T00:13:41.785+0500: 1047.709: [GC (Allocation Failure) 2018-03-17T00:13:41.785+0500: 1047.709: [DefNew: 139776K->17472K(157248K), 0.2579119 secs] 163684K->163683K(506816K), 0.2579748 secs] [Times: user=0.27 sys=0.00, real=0.26 secs] 
2018-03-17T00:13:42.078+0500: 1048.002: [GC (Allocation Failure) 2018-03-17T00:13:42.078+0500: 1048.002: [DefNew: 157248K->17472K(157248K), 0.3000649 secs] 303459K->303458K(506816K), 0.3001320 secs] [Times: user=0.30 sys=0.00, real=0.30 secs] 
2018-03-17T00:13:42.404+0500: 1048.327: [GC (Allocation Failure) 2018-03-17T00:13:42.404+0500: 1048.327: [DefNew: 146063K->146063K(157248K), 0.0000171 secs]2018-03-17T00:13:42.404+0500: 1048.327: [Tenured: 285986K->715K(349568K), 0.1359887 secs] 432050K->715K(506816K), [Metaspace: 5350K->5350K(1056768K)], 0.1360892 secs] [Times: user=0.14 sys=0.00, real=0.14 secs] 
2018-03-17T00:13:42.565+0500: 1048.489: [GC (Allocation Failure) 2018-03-17T00:13:42.565+0500: 1048.489: [DefNew: 139776K->17472K(157248K), 0.2239023 secs] 140491K->140490K(506816K), 0.2239652 secs] [Times: user=0.20 sys=0.00, real=0.22 secs] 
2018-03-17T00:13:42.815+0500: 1048.739: [GC (Allocation Failure) 2018-03-17T00:13:42.815+0500: 1048.739: [DefNew: 157248K->17472K(157248K), 0.2552857 secs] 280266K->280229K(506816K), 0.2553473 secs] [Times: user=0.27 sys=0.00, real=0.25 secs] 
2018-03-17T00:13:43.098+0500: 1049.023: [GC (Allocation Failure) 2018-03-17T00:13:43.098+0500: 1049.023: [DefNew: 157248K->157248K(157248K), 0.0000192 secs]2018-03-17T00:13:43.098+0500: 1049.023: [Tenured: 262757K->205160K(349568K), 0.4743457 secs] 420005K->205160K(506816K), [Metaspace: 5350K->5350K(1056768K)], 0.4744411 secs] [Times: user=0.48 sys=0.00, real=0.47 secs] 
2018-03-17T00:13:43.600+0500: 1049.524: [GC (Allocation Failure) 2018-03-17T00:13:43.600+0500: 1049.524: [DefNew: 139776K->17472K(157248K), 0.2243236 secs] 344936K->344935K(506816K), 0.2243877 secs] [Times: user=0.22 sys=0.00, real=0.22 secs] 
2018-03-17T00:13:43.850+0500: 1049.774: [GC (Allocation Failure) 2018-03-17T00:13:43.850+0500: 1049.774: [DefNew: 157248K->157248K(157248K), 0.0000163 secs]2018-03-17T00:13:43.850+0500: 1049.774: [Tenured: 327463K->55022K(349568K), 0.2207668 secs] 484711K->55022K(506816K), [Metaspace: 5350K->5350K(1056768K)], 0.2208591 secs] [Times: user=0.22 sys=0.00, real=0.22 secs] 
2018-03-17T00:13:44.100+0500: 1050.024: [GC (Allocation Failure) 2018-03-17T00:13:44.100+0500: 1050.024: [DefNew: 139776K->17472K(157248K), 0.2557813 secs] 194798K->194797K(506816K), 0.2558699 secs] [Times: user=0.25 sys=0.01, real=0.26 secs] 
2018-03-17T00:13:44.381+0500: 1050.305: [GC (Allocation Failure) 2018-03-17T00:13:44.381+0500: 1050.305: [DefNew: 157248K->17471K(157248K), 0.2657367 secs] 334573K->334572K(506816K), 0.2657991 secs] [Times: user=0.25 sys=0.00, real=0.27 secs] 
2018-03-17T00:13:44.673+0500: 1050.596: [GC (Allocation Failure) 2018-03-17T00:13:44.673+0500: 1050.596: [DefNew: 157247K->157247K(157248K), 0.0000158 secs]2018-03-17T00:13:44.673+0500: 1050.596: [Tenured: 317100K->44659K(349568K), 0.1993982 secs] 474348K->44659K(506816K), [Metaspace: 5350K->5350K(1056768K)], 0.1994889 secs] [Times: user=0.20 sys=0.00, real=0.20 secs] 
2018-03-17T00:13:44.901+0500: 1050.825: [GC (Allocation Failure) 2018-03-17T00:13:44.901+0500: 1050.825: [DefNew: 139776K->17471K(157248K), 0.2552331 secs] 184435K->184434K(506816K), 0.2552989 secs] [Times: user=0.25 sys=0.00, real=0.25 secs] 
2018-03-17T00:13:45.181+0500: 1051.105: [GC (Allocation Failure) 2018-03-17T00:13:45.181+0500: 1051.105: [DefNew: 157247K->17472K(157248K), 0.2532920 secs] 324210K->324208K(506816K), 0.2533540 secs] [Times: user=0.25 sys=0.00, real=0.25 secs] 
2018-03-17T00:13:45.460+0500: 1051.384: [GC (Allocation Failure) 2018-03-17T00:13:45.460+0500: 1051.384: [DefNew: 157248K->157248K(157248K), 0.0000180 secs]2018-03-17T00:13:45.460+0500: 1051.384: [Tenured: 306736K->34272K(349568K), 0.1787036 secs] 463984K->34272K(506816K), [Metaspace: 5350K->5350K(1056768K)], 0.1788075 secs] [Times: user=0.17 sys=0.00, real=0.18 secs] 
2018-03-17T00:13:45.667+0500: 1051.592: [GC (Allocation Failure) 2018-03-17T00:13:45.668+0500: 1051.592: [DefNew: 139776K->17472K(157248K), 0.2570309 secs] 174048K->174046K(506816K), 0.2571374 secs] [Times: user=0.25 sys=0.00, real=0.26 secs] 
2018-03-17T00:13:45.950+0500: 1051.874: [GC (Allocation Failure) 2018-03-17T00:13:45.950+0500: 1051.874: [DefNew: 157248K->17472K(157248K), 0.2518897 secs] 313822K->313821K(506816K), 0.2519799 secs] [Times: user=0.25 sys=0.00, real=0.25 secs] 
2018-03-17T00:13:46.228+0500: 1052.152: [GC (Allocation Failure) 2018-03-17T00:13:46.228+0500: 1052.152: [DefNew: 157248K->157248K(157248K), 0.0000184 secs]2018-03-17T00:13:46.228+0500: 1052.152: [Tenured: 296349K->23908K(349568K), 0.1668016 secs] 453597K->23908K(506816K), [Metaspace: 5350K->5350K(1056768K)], 0.1679605 secs] [Times: user=0.16 sys=0.00, real=0.17 secs] 
2018-03-17T00:13:46.426+0500: 1052.349: [GC (Allocation Failure) 2018-03-17T00:13:46.426+0500: 1052.349: [DefNew: 139776K->17472K(157248K), 0.2694663 secs] 163684K->163683K(506816K), 0.2695278 secs] [Times: user=0.28 sys=0.00, real=0.27 secs] 
2018-03-17T00:13:46.721+0500: 1052.645: [GC (Allocation Failure) 2018-03-17T00:13:46.721+0500: 1052.645: [DefNew: 157248K->17472K(157248K), 0.2606912 secs] 303459K->303458K(506816K), 0.2607550 secs] [Times: user=0.25 sys=0.00, real=0.26 secs] 
2018-03-17T00:13:47.007+0500: 1052.931: [GC (Allocation Failure) 2018-03-17T00:13:47.007+0500: 1052.931: [DefNew: 146063K->146063K(157248K), 0.0000163 secs]2018-03-17T00:13:47.007+0500: 1052.931: [Tenured: 285986K->715K(349568K), 0.1367166 secs] 432050K->715K(506816K), [Metaspace: 5350K->5350K(1056768K)], 0.1368030 secs] [Times: user=0.13 sys=0.00, real=0.14 secs] 
2018-03-17T00:13:47.169+0500: 1053.093: [GC (Allocation Failure) 2018-03-17T00:13:47.169+0500: 1053.093: [DefNew: 139776K->17472K(157248K), 0.2231355 secs] 140491K->140490K(506816K), 0.2231976 secs] [Times: user=0.22 sys=0.00, real=0.22 secs] 
2018-03-17T00:13:47.419+0500: 1053.342: [GC (Allocation Failure) 2018-03-17T00:13:47.419+0500: 1053.342: [DefNew: 157248K->17472K(157248K), 0.2605142 secs] 280266K->280229K(506816K), 0.2605732 secs] [Times: user=0.26 sys=0.00, real=0.26 secs] 
2018-03-17T00:13:47.707+0500: 1053.631: [GC (Allocation Failure) 2018-03-17T00:13:47.707+0500: 1053.631: [DefNew: 157248K->157248K(157248K), 0.0000163 secs]2018-03-17T00:13:47.707+0500: 1053.631: [Tenured: 262757K->205160K(349568K), 0.4936932 secs] 420005K->205160K(506816K), [Metaspace: 5350K->5350K(1056768K)], 0.4938352 secs] [Times: user=0.50 sys=0.00, real=0.49 secs] 
2018-03-17T00:13:48.227+0500: 1054.151: [GC (Allocation Failure) 2018-03-17T00:13:48.227+0500: 1054.151: [DefNew: 139776K->17472K(157248K), 0.2284761 secs] 344936K->344935K(506816K), 0.2285646 secs] [Times: user=0.22 sys=0.00, real=0.23 secs] 
2018-03-17T00:13:48.481+0500: 1054.406: [GC (Allocation Failure) 2018-03-17T00:13:48.481+0500: 1054.406: [DefNew: 157248K->157248K(157248K), 0.0000167 secs]2018-03-17T00:13:48.481+0500: 1054.406: [Tenured: 327463K->55022K(349568K), 0.2245737 secs] 484711K->55022K(506816K), [Metaspace: 5350K->5350K(1056768K)], 0.2246665 secs] [Times: user=0.22 sys=0.00, real=0.23 secs] 
2018-03-17T00:13:48.736+0500: 1054.661: [GC (Allocation Failure) 2018-03-17T00:13:48.736+0500: 1054.661: [DefNew: 139776K->17472K(157248K), 0.2614657 secs] 194798K->194797K(506816K), 0.2615303 secs] [Times: user=0.27 sys=0.00, real=0.26 secs] 
2018-03-17T00:13:49.025+0500: 1054.949: [GC (Allocation Failure) 2018-03-17T00:13:49.025+0500: 1054.949: [DefNew: 157248K->17471K(157248K), 0.2591632 secs] 334573K->334572K(506816K), 0.2592278 secs] [Times: user=0.25 sys=0.00, real=0.26 secs] 
2018-03-17T00:13:49.310+0500: 1055.234: [GC (Allocation Failure) 2018-03-17T00:13:49.310+0500: 1055.234: [DefNew: 157247K->157247K(157248K), 0.0000393 secs]2018-03-17T00:13:49.310+0500: 1055.234: [Tenured: 317100K->44659K(349568K), 0.2001765 secs] 474348K->44659K(506816K), [Metaspace: 5350K->5350K(1056768K)], 0.2002988 secs] [Times: user=0.19 sys=0.00, real=0.20 secs] 
2018-03-17T00:13:49.539+0500: 1055.463: [GC (Allocation Failure) 2018-03-17T00:13:49.539+0500: 1055.463: [DefNew: 139776K->17471K(157248K), 0.2654750 secs] 184435K->184434K(506816K), 0.2655455 secs] [Times: user=0.27 sys=0.00, real=0.26 secs] 
2018-03-17T00:13:49.835+0500: 1055.759: [GC (Allocation Failure) 2018-03-17T00:13:49.835+0500: 1055.759: [DefNew: 157247K->17472K(157248K), 0.2591008 secs] 324210K->324208K(506816K), 0.2591684 secs] [Times: user=0.25 sys=0.00, real=0.26 secs] 
2018-03-17T00:13:50.119+0500: 1056.044: [GC (Allocation Failure) 2018-03-17T00:13:50.119+0500: 1056.044: [DefNew: 157248K->157248K(157248K), 0.0000167 secs]2018-03-17T00:13:50.119+0500: 1056.044: [Tenured: 306736K->34272K(349568K), 0.1823750 secs] 463984K->34272K(506816K), [Metaspace: 5350K->5350K(1056768K)], 0.1824717 secs] [Times: user=0.17 sys=0.00, real=0.18 secs] 
2018-03-17T00:13:50.333+0500: 1056.257: [GC (Allocation Failure) 2018-03-17T00:13:50.333+0500: 1056.257: [DefNew: 139776K->17472K(157248K), 0.2604633 secs] 174048K->174046K(506816K), 0.2605274 secs] [Times: user=0.27 sys=0.00, real=0.26 secs] 
2018-03-17T00:13:50.619+0500: 1056.543: [GC (Allocation Failure) 2018-03-17T00:13:50.619+0500: 1056.543: [DefNew: 157248K->17472K(157248K), 0.2550000 secs] 313822K->313821K(506816K), 0.2550625 secs] [Times: user=0.25 sys=0.00, real=0.26 secs] 
2018-03-17T00:13:50.900+0500: 1056.824: [GC (Allocation Failure) 2018-03-17T00:13:50.900+0500: 1056.824: [DefNew: 157248K->157248K(157248K), 0.0000175 secs]2018-03-17T00:13:50.900+0500: 1056.824: [Tenured: 296349K->23908K(349568K), 0.1551557 secs] 453597K->23908K(506816K), [Metaspace: 5350K->5350K(1056768K)], 0.1552438 secs] [Times: user=0.16 sys=0.00, real=0.15 secs] 
2018-03-17T00:13:51.083+0500: 1057.007: [GC (Allocation Failure) 2018-03-17T00:13:51.083+0500: 1057.007: [DefNew: 139776K->17472K(157248K), 0.3999451 secs] 163684K->163683K(506816K), 0.4000105 secs] [Times: user=0.41 sys=0.00, real=0.40 secs] 
2018-03-17T00:13:51.511+0500: 1057.435: [GC (Allocation Failure) 2018-03-17T00:13:51.511+0500: 1057.435: [DefNew: 157248K->17472K(157248K), 0.3141792 secs] 303459K->303458K(506816K), 0.3142643 secs] [Times: user=0.31 sys=0.00, real=0.32 secs] 
2018-03-17T00:13:51.860+0500: 1057.784: [GC (Allocation Failure) 2018-03-17T00:13:51.860+0500: 1057.784: [DefNew: 146063K->146063K(157248K), 0.0000210 secs]2018-03-17T00:13:51.860+0500: 1057.784: [Tenured: 285986K->715K(349568K), 0.1438105 secs] 432050K->715K(506816K), [Metaspace: 5350K->5350K(1056768K)], 0.1439153 secs] [Times: user=0.14 sys=0.00, real=0.14 secs] 
2018-03-17T00:13:52.038+0500: 1057.962: [GC (Allocation Failure) 2018-03-17T00:13:52.039+0500: 1057.962: [DefNew: 139776K->17472K(157248K), 0.3011832 secs] 140491K->140490K(506816K), 0.3012657 secs] [Times: user=0.28 sys=0.00, real=0.30 secs] 
2018-03-17T00:13:52.377+0500: 1058.301: [GC (Allocation Failure) 2018-03-17T00:13:52.377+0500: 1058.301: [DefNew: 157248K->17472K(157248K), 0.3341459 secs] 280266K->280229K(506816K), 0.3342237 secs] [Times: user=0.34 sys=0.00, real=0.33 secs] 
2018-03-17T00:13:52.748+0500: 1058.672: [GC (Allocation Failure) 2018-03-17T00:13:52.748+0500: 1058.672: [DefNew: 157248K->157248K(157248K), 0.0000188 secs]2018-03-17T00:13:52.748+0500: 1058.672: [Tenured: 262757K->205160K(349568K), 0.6354116 secs] 420005K->205160K(506816K), [Metaspace: 5350K->5350K(1056768K)], 0.6355130 secs] [Times: user=0.64 sys=0.00, real=0.64 secs] 
2018-03-17T00:13:53.428+0500: 1059.352: [GC (Allocation Failure) 2018-03-17T00:13:53.428+0500: 1059.352: [DefNew: 139776K->17472K(157248K), 0.3118822 secs] 344936K->344935K(506816K), 0.3121675 secs] [Times: user=0.30 sys=0.00, real=0.31 secs] 
2018-03-17T00:13:53.780+0500: 1059.704: [GC (Allocation Failure) 2018-03-17T00:13:53.780+0500: 1059.704: [DefNew: 157248K->157248K(157248K), 0.0000222 secs]2018-03-17T00:13:53.780+0500: 1059.704: [Tenured: 327463K->55022K(349568K), 0.2871361 secs] 484711K->55022K(506816K), [Metaspace: 5350K->5350K(1056768K)], 0.2872498 secs] [Times: user=0.28 sys=0.00, real=0.29 secs] 
2018-03-17T00:13:54.102+0500: 1060.027: [GC (Allocation Failure) 2018-03-17T00:13:54.102+0500: 1060.027: [DefNew: 139776K->17472K(157248K), 0.2824892 secs] 194798K->194797K(506816K), 0.2825653 secs] [Times: user=0.28 sys=0.00, real=0.28 secs] 
2018-03-17T00:13:54.415+0500: 1060.340: [GC (Allocation Failure) 2018-03-17T00:13:54.415+0500: 1060.340: [DefNew: 157248K->17471K(157248K), 0.2642493 secs] 334573K->334572K(506816K), 0.2643336 secs] [Times: user=0.27 sys=0.00, real=0.27 secs] 
2018-03-17T00:13:54.708+0500: 1060.631: [GC (Allocation Failure) 2018-03-17T00:13:54.708+0500: 1060.631: [DefNew: 157247K->157247K(157248K), 0.0000192 secs]2018-03-17T00:13:54.708+0500: 1060.632: [Tenured: 317100K->44659K(349568K), 0.2061115 secs] 474348K->44659K(506816K), [Metaspace: 5350K->5350K(1056768K)], 0.2062129 secs] [Times: user=0.22 sys=0.00, real=0.21 secs] 
2018-03-17T00:13:54.944+0500: 1060.868: [GC (Allocation Failure) 2018-03-17T00:13:54.944+0500: 1060.868: [DefNew: 139776K->17471K(157248K), 0.2646304 secs] 184435K->184434K(506816K), 0.2646941 secs] [Times: user=0.27 sys=0.00, real=0.27 secs] 
2018-03-17T00:13:55.236+0500: 1061.160: [GC (Allocation Failure) 2018-03-17T00:13:55.236+0500: 1061.160: [DefNew: 157247K->17472K(157248K), 0.2604398 secs] 324210K->324208K(506816K), 0.2605043 secs] [Times: user=0.27 sys=0.00, real=0.26 secs] 
2018-03-17T00:13:55.524+0500: 1061.448: [GC (Allocation Failure) 2018-03-17T00:13:55.524+0500: 1061.448: [DefNew: 157248K->157248K(157248K), 0.0000282 secs]2018-03-17T00:13:55.524+0500: 1061.448: [Tenured: 306736K->34272K(349568K), 0.1839206 secs] 463984K->34272K(506816K), [Metaspace: 5350K->5350K(1056768K)], 0.1840373 secs] [Times: user=0.17 sys=0.00, real=0.18 secs] 
2018-03-17T00:13:55.739+0500: 1061.664: [GC (Allocation Failure) 2018-03-17T00:13:55.740+0500: 1061.664: [DefNew: 139776K->17472K(157248K), 0.2640248 secs] 174048K->174046K(506816K), 0.2641206 secs] [Times: user=0.27 sys=0.00, real=0.26 secs] 
2018-03-17T00:13:56.033+0500: 1061.956: [GC (Allocation Failure) 2018-03-17T00:13:56.033+0500: 1061.956: [DefNew: 157248K->17472K(157248K), 0.2644362 secs] 313822K->313821K(506816K), 0.2645063 secs] [Times: user=0.27 sys=0.00, real=0.26 secs] 
2018-03-17T00:13:56.324+0500: 1062.248: [GC (Allocation Failure) 2018-03-17T00:13:56.324+0500: 1062.248: [DefNew: 157248K->157248K(157248K), 0.0000282 secs]2018-03-17T00:13:56.325+0500: 1062.248: [Tenured: 296349K->23908K(349568K), 0.1575057 secs] 453597K->23908K(506816K), [Metaspace: 5350K->5350K(1056768K)], 0.1576096 secs] [Times: user=0.16 sys=0.00, real=0.16 secs] 
2018-03-17T00:13:56.512+0500: 1062.436: [GC (Allocation Failure) 2018-03-17T00:13:56.512+0500: 1062.436: [DefNew: 139776K->17472K(157248K), 0.2631648 secs] 163684K->163683K(506816K), 0.2632289 secs] [Times: user=0.27 sys=0.00, real=0.26 secs] 
2018-03-17T00:13:56.804+0500: 1062.728: [GC (Allocation Failure) 2018-03-17T00:13:56.804+0500: 1062.728: [DefNew: 157248K->17472K(157248K), 0.2612981 secs] 303459K->303458K(506816K), 0.2613661 secs] [Times: user=0.25 sys=0.00, real=0.26 secs] 
2018-03-17T00:13:57.093+0500: 1063.017: [GC (Allocation Failure) 2018-03-17T00:13:57.093+0500: 1063.017: [DefNew: 146063K->146063K(157248K), 0.0000141 secs]2018-03-17T00:13:57.093+0500: 1063.017: [Tenured: 285986K->715K(349568K), 0.1410419 secs] 432050K->715K(506816K), [Metaspace: 5350K->5350K(1056768K)], 0.1411244 secs] [Times: user=0.14 sys=0.00, real=0.14 secs] 
2018-03-17T00:13:57.262+0500: 1063.187: [GC (Allocation Failure) 2018-03-17T00:13:57.262+0500: 1063.187: [DefNew: 139776K->17472K(157248K), 0.2331409 secs] 140491K->140490K(506816K), 0.2332051 secs] [Times: user=0.23 sys=0.00, real=0.23 secs] 
2018-03-17T00:13:57.524+0500: 1063.447: [GC (Allocation Failure) 2018-03-17T00:13:57.524+0500: 1063.447: [DefNew: 157248K->17472K(157248K), 0.2707556 secs] 280266K->280229K(506816K), 0.2708223 secs] [Times: user=0.27 sys=0.00, real=0.27 secs] 
2018-03-17T00:13:57.826+0500: 1063.750: [GC (Allocation Failure) 2018-03-17T00:13:57.826+0500: 1063.750: [DefNew: 157248K->157248K(157248K), 0.0000158 secs]2018-03-17T00:13:57.826+0500: 1063.750: [Tenured: 262757K->205160K(349568K), 0.4863632 secs] 420005K->205160K(506816K), [Metaspace: 5350K->5350K(1056768K)], 0.4864521 secs] [Times: user=0.49 sys=0.00, real=0.49 secs] 
2018-03-17T00:13:58.340+0500: 1064.265: [GC (Allocation Failure) 2018-03-17T00:13:58.340+0500: 1064.265: [DefNew: 139776K->17472K(157248K), 0.2347806 secs] 344936K->344935K(506816K), 0.2348464 secs] [Times: user=0.23 sys=0.00, real=0.24 secs] 
2018-03-17T00:13:58.604+0500: 1064.528: [GC (Allocation Failure) 2018-03-17T00:13:58.604+0500: 1064.528: [DefNew: 157248K->157248K(157248K), 0.0000364 secs]2018-03-17T00:13:58.604+0500: 1064.528: [Tenured: 327463K->55022K(349568K), 0.2342161 secs] 484711K->55022K(506816K), [Metaspace: 5350K->5350K(1056768K)], 0.2343606 secs] [Times: user=0.24 sys=0.00, real=0.23 secs] 
2018-03-17T00:13:58.870+0500: 1064.793: [GC (Allocation Failure) 2018-03-17T00:13:58.870+0500: 1064.793: [DefNew: 139776K->17472K(157248K), 0.2691746 secs] 194798K->194797K(506816K), 0.2692430 secs] [Times: user=0.27 sys=0.00, real=0.27 secs] 
2018-03-17T00:13:59.166+0500: 1065.090: [GC (Allocation Failure) 2018-03-17T00:13:59.166+0500: 1065.090: [DefNew: 157248K->17471K(157248K), 0.2689257 secs] 334573K->334572K(506816K), 0.2689903 secs] [Times: user=0.27 sys=0.00, real=0.27 secs] 
2018-03-17T00:13:59.462+0500: 1065.386: [GC (Allocation Failure) 2018-03-17T00:13:59.462+0500: 1065.386: [DefNew: 157247K->157247K(157248K), 0.0000175 secs]2018-03-17T00:13:59.462+0500: 1065.386: [Tenured: 317100K->44659K(349568K), 0.2138123 secs] 474348K->44659K(506816K), [Metaspace: 5350K->5350K(1056768K)], 0.2139059 secs] [Times: user=0.20 sys=0.00, real=0.21 secs] 
2018-03-17T00:13:59.710+0500: 1065.634: [GC (Allocation Failure) 2018-03-17T00:13:59.710+0500: 1065.635: [DefNew: 139776K->17471K(157248K), 0.2929329 secs] 184435K->184434K(506816K), 0.2930154 secs] [Times: user=0.27 sys=0.00, real=0.29 secs] 
2018-03-17T00:14:00.040+0500: 1065.964: [GC (Allocation Failure) 2018-03-17T00:14:00.040+0500: 1065.964: [DefNew: 157247K->17472K(157248K), 0.2754055 secs] 324210K->324208K(506816K), 0.2754898 secs] [Times: user=0.27 sys=0.00, real=0.28 secs] 
2018-03-17T00:14:00.344+0500: 1066.267: [GC (Allocation Failure) 2018-03-17T00:14:00.344+0500: 1066.267: [DefNew: 157248K->157248K(157248K), 0.0000210 secs]2018-03-17T00:14:00.344+0500: 1066.267: [Tenured: 306736K->34272K(349568K), 0.1915431 secs] 463984K->34272K(506816K), [Metaspace: 5350K->5350K(1056768K)], 0.1916423 secs] [Times: user=0.19 sys=0.00, real=0.19 secs] 
2018-03-17T00:14:00.568+0500: 1066.491: [GC (Allocation Failure) 2018-03-17T00:14:00.568+0500: 1066.491: [DefNew: 139776K->17472K(157248K), 0.2782165 secs] 174048K->174046K(506816K), 0.2783007 secs] [Times: user=0.28 sys=0.00, real=0.28 secs] 
2018-03-17T00:14:00.876+0500: 1066.800: [GC (Allocation Failure) 2018-03-17T00:14:00.876+0500: 1066.800: [DefNew: 157248K->17472K(157248K), 0.2827842 secs] 313822K->313821K(506816K), 0.2828480 secs] [Times: user=0.26 sys=0.00, real=0.28 secs] 
2018-03-17T00:14:01.187+0500: 1067.111: [GC (Allocation Failure) 2018-03-17T00:14:01.187+0500: 1067.111: [DefNew: 157248K->157248K(157248K), 0.0000163 secs]2018-03-17T00:14:01.187+0500: 1067.111: [Tenured: 296349K->23908K(349568K), 0.1611176 secs] 453597K->23908K(506816K), [Metaspace: 5350K->5350K(1056768K)], 0.1612079 secs] [Times: user=0.16 sys=0.00, real=0.16 secs] 
2018-03-17T00:14:01.380+0500: 1067.305: [GC (Allocation Failure) 2018-03-17T00:14:01.380+0500: 1067.305: [DefNew: 139776K->17472K(157248K), 0.2750313 secs] 163684K->163683K(506816K), 0.2750967 secs] [Times: user=0.28 sys=0.00, real=0.28 secs] 
2018-03-17T00:14:01.685+0500: 1067.608: [GC (Allocation Failure) 2018-03-17T00:14:01.685+0500: 1067.608: [DefNew: 157248K->17472K(157248K), 0.3221190 secs] 303459K->303458K(506816K), 0.3222024 secs] [Times: user=0.33 sys=0.00, real=0.32 secs] 
2018-03-17T00:14:02.042+0500: 1067.965: [GC (Allocation Failure) 2018-03-17T00:14:02.042+0500: 1067.965: [DefNew: 146063K->146063K(157248K), 0.0000295 secs]2018-03-17T00:14:02.042+0500: 1067.965: [Tenured: 285986K->715K(349568K), 0.1435804 secs] 432050K->715K(506816K), [Metaspace: 5350K->5350K(1056768K)], 0.1437049 secs] [Times: user=0.14 sys=0.00, real=0.14 secs] 
2018-03-17T00:14:02.216+0500: 1068.140: [GC (Allocation Failure) 2018-03-17T00:14:02.216+0500: 1068.140: [DefNew: 139776K->17472K(157248K), 0.2464854 secs] 140491K->140490K(506816K), 0.2465492 secs] [Times: user=0.25 sys=0.00, real=0.25 secs] 
2018-03-17T00:14:02.493+0500: 1068.417: [GC (Allocation Failure) 2018-03-17T00:14:02.493+0500: 1068.417: [DefNew: 157248K->17472K(157248K), 0.3124091 secs] 280266K->280229K(506816K), 0.3124891 secs] [Times: user=0.31 sys=0.00, real=0.31 secs] 
2018-03-17T00:14:02.859+0500: 1068.783: [GC (Allocation Failure) 2018-03-17T00:14:02.859+0500: 1068.783: [DefNew: 157248K->157248K(157248K), 0.0000222 secs]2018-03-17T00:14:02.859+0500: 1068.784: [Tenured: 262757K->205160K(349568K), 0.6415831 secs] 420005K->205160K(506816K), [Metaspace: 5350K->5350K(1056768K)], 0.6416994 secs] [Times: user=0.64 sys=0.00, real=0.64 secs] 
2018-03-17T00:14:03.540+0500: 1069.464: [GC (Allocation Failure) 2018-03-17T00:14:03.540+0500: 1069.464: [DefNew: 139776K->17472K(157248K), 0.2492716 secs] 344936K->344935K(506816K), 0.2493353 secs] [Times: user=0.25 sys=0.00, real=0.25 secs] 
2018-03-17T00:14:03.819+0500: 1069.743: [GC (Allocation Failure) 2018-03-17T00:14:03.819+0500: 1069.743: [DefNew: 157248K->157248K(157248K), 0.0000171 secs]2018-03-17T00:14:03.819+0500: 1069.743: [Tenured: 327463K->55022K(349568K), 0.2388719 secs] 484711K->55022K(506816K), [Metaspace: 5350K->5350K(1056768K)], 0.2389622 secs] [Times: user=0.23 sys=0.00, real=0.24 secs] 
2018-03-17T00:14:04.089+0500: 1070.013: [GC (Allocation Failure) 2018-03-17T00:14:04.089+0500: 1070.013: [DefNew: 139776K->17472K(157248K), 0.2761924 secs] 194798K->194797K(506816K), 0.2762655 secs] [Times: user=0.27 sys=0.00, real=0.28 secs] 
2018-03-17T00:14:04.393+0500: 1070.316: [GC (Allocation Failure) 2018-03-17T00:14:04.393+0500: 1070.316: [DefNew: 157248K->17471K(157248K), 0.2894437 secs] 334573K->334572K(506816K), 0.2895087 secs] [Times: user=0.30 sys=0.00, real=0.29 secs] 
2018-03-17T00:14:04.715+0500: 1070.639: [GC (Allocation Failure) 2018-03-17T00:14:04.715+0500: 1070.639: [DefNew: 157247K->157247K(157248K), 0.0000218 secs]2018-03-17T00:14:04.715+0500: 1070.639: [Tenured: 317100K->44659K(349568K), 0.2119516 secs] 474348K->44659K(506816K), [Metaspace: 5350K->5350K(1056768K)], 0.2120533 secs] [Times: user=0.20 sys=0.00, real=0.21 secs] 
2018-03-17T00:14:04.957+0500: 1070.881: [GC (Allocation Failure) 2018-03-17T00:14:04.957+0500: 1070.881: [DefNew: 139776K->17471K(157248K), 0.2738839 secs] 184435K->184434K(506816K), 0.2739523 secs] [Times: user=0.28 sys=0.00, real=0.27 secs] 
2018-03-17T00:14:05.265+0500: 1071.189: [GC (Allocation Failure) 2018-03-17T00:14:05.265+0500: 1071.189: [DefNew: 157247K->17472K(157248K), 0.3544941 secs] 324210K->324208K(506816K), 0.3545890 secs] [Times: user=0.34 sys=0.00, real=0.35 secs] 
2018-03-17T00:14:05.653+0500: 1071.577: [GC (Allocation Failure) 2018-03-17T00:14:05.653+0500: 1071.577: [DefNew: 157248K->157248K(157248K), 0.0000167 secs]2018-03-17T00:14:05.653+0500: 1071.577: [Tenured: 306736K->34272K(349568K), 0.1813914 secs] 463984K->34272K(506816K), [Metaspace: 5350K->5350K(1056768K)], 0.1814851 secs] [Times: user=0.19 sys=0.00, real=0.18 secs] 
2018-03-17T00:14:05.868+0500: 1071.791: [GC (Allocation Failure) 2018-03-17T00:14:05.868+0500: 1071.791: [DefNew: 139776K->17472K(157248K), 0.2710349 secs] 174048K->174046K(506816K), 0.2711097 secs] [Times: user=0.27 sys=0.00, real=0.27 secs] 
2018-03-17T00:14:06.164+0500: 1072.088: [GC (Allocation Failure) 2018-03-17T00:14:06.164+0500: 1072.088: [DefNew: 157248K->17472K(157248K), 0.2553682 secs] 313822K->313821K(506816K), 0.2554396 secs] [Times: user=0.25 sys=0.00, real=0.25 secs] 
2018-03-17T00:14:06.446+0500: 1072.369: [GC (Allocation Failure) 2018-03-17T00:14:06.446+0500: 1072.369: [DefNew: 157248K->157248K(157248K), 0.0000274 secs]2018-03-17T00:14:06.446+0500: 1072.370: [Tenured: 296349K->23908K(349568K), 0.1624207 secs] 453597K->23908K(506816K), [Metaspace: 5350K->5350K(1056768K)], 0.1625276 secs] [Times: user=0.16 sys=0.00, real=0.16 secs] 
2018-03-17T00:14:06.648+0500: 1072.572: [GC (Allocation Failure) 2018-03-17T00:14:06.648+0500: 1072.572: [DefNew: 139776K->17472K(157248K), 0.2568013 secs] 163684K->163683K(506816K), 0.2568753 secs] [Times: user=0.25 sys=0.00, real=0.26 secs] 
2018-03-17T00:14:06.934+0500: 1072.858: [GC (Allocation Failure) 2018-03-17T00:14:06.934+0500: 1072.858: [DefNew: 157248K->17472K(157248K), 0.2744382 secs] 303459K->303458K(506816K), 0.2745797 secs] [Times: user=0.27 sys=0.00, real=0.28 secs] 
2018-03-17T00:14:07.235+0500: 1073.158: [GC (Allocation Failure) 2018-03-17T00:14:07.235+0500: 1073.158: [DefNew: 146063K->146063K(157248K), 0.0000154 secs]2018-03-17T00:14:07.235+0500: 1073.158: [Tenured: 285986K->715K(349568K), 0.1416141 secs] 432050K->715K(506816K), [Metaspace: 5350K->5350K(1056768K)], 0.1416988 secs] [Times: user=0.14 sys=0.00, real=0.14 secs] 
2018-03-17T00:14:07.403+0500: 1073.326: [GC (Allocation Failure) 2018-03-17T00:14:07.403+0500: 1073.327: [DefNew: 139776K->17472K(157248K), 0.2230654 secs] 140491K->140490K(506816K), 0.2231283 secs] [Times: user=0.22 sys=0.00, real=0.22 secs] 
2018-03-17T00:14:07.651+0500: 1073.575: [GC (Allocation Failure) 2018-03-17T00:14:07.651+0500: 1073.575: [DefNew: 157248K->17472K(157248K), 0.2641971 secs] 280266K->280229K(506816K), 0.2642579 secs] [Times: user=0.27 sys=0.00, real=0.26 secs] 
2018-03-17T00:14:07.943+0500: 1073.867: [GC (Allocation Failure) 2018-03-17T00:14:07.943+0500: 1073.867: [DefNew: 157248K->157248K(157248K), 0.0000167 secs]2018-03-17T00:14:07.943+0500: 1073.867: [Tenured: 262757K->205160K(349568K), 0.4780304 secs] 420005K->205160K(506816K), [Metaspace: 5350K->5350K(1056768K)], 0.4781206 secs] [Times: user=0.49 sys=0.00, real=0.48 secs] 
2018-03-17T00:14:08.447+0500: 1074.371: [GC (Allocation Failure) 2018-03-17T00:14:08.447+0500: 1074.371: [DefNew: 139776K->17472K(157248K), 0.2241632 secs] 344936K->344935K(506816K), 0.2242273 secs] [Times: user=0.22 sys=0.00, real=0.22 secs] 
2018-03-17T00:14:08.698+0500: 1074.621: [GC (Allocation Failure) 2018-03-17T00:14:08.698+0500: 1074.621: [DefNew: 157248K->157248K(157248K), 0.0000171 secs]2018-03-17T00:14:08.698+0500: 1074.622: [Tenured: 327463K->55022K(349568K), 0.2297360 secs] 484711K->55022K(506816K), [Metaspace: 5350K->5350K(1056768K)], 0.2298266 secs] [Times: user=0.23 sys=0.00, real=0.23 secs] 
2018-03-17T00:14:08.957+0500: 1074.880: [GC (Allocation Failure) 2018-03-17T00:14:08.957+0500: 1074.880: [DefNew: 139776K->17472K(157248K), 0.2585859 secs] 194798K->194797K(506816K), 0.2586500 secs] [Times: user=0.27 sys=0.00, real=0.26 secs] 
2018-03-17T00:14:09.240+0500: 1075.164: [GC (Allocation Failure) 2018-03-17T00:14:09.241+0500: 1075.164: [DefNew: 157248K->17471K(157248K), 0.2569920 secs] 334573K->334572K(506816K), 0.2570776 secs] [Times: user=0.27 sys=0.00, real=0.26 secs] 
2018-03-17T00:14:09.523+0500: 1075.447: [GC (Allocation Failure) 2018-03-17T00:14:09.523+0500: 1075.447: [DefNew: 157247K->157247K(157248K), 0.0000167 secs]2018-03-17T00:14:09.523+0500: 1075.447: [Tenured: 317100K->44659K(349568K), 0.2007564 secs] 474348K->44659K(506816K), [Metaspace: 5350K->5350K(1056768K)], 0.2008591 secs] [Times: user=0.19 sys=0.00, real=0.20 secs] 
2018-03-17T00:14:09.753+0500: 1075.677: [GC (Allocation Failure) 2018-03-17T00:14:09.753+0500: 1075.677: [DefNew: 139776K->17471K(157248K), 0.2644507 secs] 184435K->184434K(506816K), 0.2645140 secs] [Times: user=0.27 sys=0.00, real=0.26 secs] 
2018-03-17T00:14:10.044+0500: 1075.968: [GC (Allocation Failure) 2018-03-17T00:14:10.044+0500: 1075.968: [DefNew: 157247K->17472K(157248K), 0.2545296 secs] 324210K->324208K(506816K), 0.2546079 secs] [Times: user=0.25 sys=0.00, real=0.26 secs] 
2018-03-17T00:14:10.324+0500: 1076.248: [GC (Allocation Failure) 2018-03-17T00:14:10.324+0500: 1076.248: [DefNew: 157248K->157248K(157248K), 0.0000312 secs]2018-03-17T00:14:10.325+0500: 1076.248: [Tenured: 306736K->34272K(349568K), 0.1790599 secs] 463984K->34272K(506816K), [Metaspace: 5350K->5350K(1056768K)], 0.1791745 secs] [Times: user=0.17 sys=0.00, real=0.18 secs] 
2018-03-17T00:14:10.533+0500: 1076.457: [GC (Allocation Failure) 2018-03-17T00:14:10.533+0500: 1076.457: [DefNew: 139776K->17472K(157248K), 0.2596623 secs] 174048K->174046K(506816K), 0.2597235 secs] [Times: user=0.27 sys=0.00, real=0.26 secs] 
2018-03-17T00:14:10.818+0500: 1076.742: [GC (Allocation Failure) 2018-03-17T00:14:10.818+0500: 1076.742: [DefNew: 157248K->17472K(157248K), 0.2768210 secs] 313822K->313821K(506816K), 0.2768843 secs] [Times: user=0.28 sys=0.00, real=0.28 secs] 
2018-03-17T00:14:11.122+0500: 1077.046: [GC (Allocation Failure) 2018-03-17T00:14:11.122+0500: 1077.046: [DefNew: 157248K->157248K(157248K), 0.0000154 secs]2018-03-17T00:14:11.122+0500: 1077.046: [Tenured: 296349K->23908K(349568K), 0.1567735 secs] 453597K->23908K(506816K), [Metaspace: 5350K->5350K(1056768K)], 0.1568595 secs] [Times: user=0.16 sys=0.00, real=0.16 secs] 
2018-03-17T00:14:11.307+0500: 1077.231: [GC (Allocation Failure) 2018-03-17T00:14:11.307+0500: 1077.231: [DefNew: 139776K->17472K(157248K), 0.2597192 secs] 163684K->163683K(506816K), 0.2597979 secs] [Times: user=0.25 sys=0.00, real=0.26 secs] 
2018-03-17T00:14:11.593+0500: 1077.517: [GC (Allocation Failure) 2018-03-17T00:14:11.593+0500: 1077.517: [DefNew: 157248K->17472K(157248K), 0.2538026 secs] 303459K->303458K(506816K), 0.2538693 secs] [Times: user=0.25 sys=0.00, real=0.25 secs] 
2018-03-17T00:14:11.872+0500: 1077.796: [GC (Allocation Failure) 2018-03-17T00:14:11.872+0500: 1077.796: [DefNew: 146063K->146063K(157248K), 0.0000163 secs]2018-03-17T00:14:11.872+0500: 1077.796: [Tenured: 285986K->715K(349568K), 0.1363398 secs] 432050K->715K(506816K), [Metaspace: 5350K->5350K(1056768K)], 0.1364258 secs] [Times: user=0.14 sys=0.00, real=0.14 secs] 
2018-03-17T00:14:12.034+0500: 1077.958: [GC (Allocation Failure) 2018-03-17T00:14:12.034+0500: 1077.958: [DefNew: 139776K->17472K(157248K), 0.2223106 secs] 140491K->140490K(506816K), 0.2223739 secs] [Times: user=0.23 sys=0.00, real=0.22 secs] 
2018-03-17T00:14:12.282+0500: 1078.206: [GC (Allocation Failure) 2018-03-17T00:14:12.282+0500: 1078.206: [DefNew: 157248K->17472K(157248K), 0.2552964 secs] 280266K->280229K(506816K), 0.2553610 secs] [Times: user=0.26 sys=0.00, real=0.25 secs] 
2018-03-17T00:14:12.565+0500: 1078.489: [GC (Allocation Failure) 2018-03-17T00:14:12.565+0500: 1078.489: [DefNew: 157248K->157248K(157248K), 0.0000171 secs]2018-03-17T00:14:12.565+0500: 1078.489: [Tenured: 262757K->205160K(349568K), 0.4759533 secs] 420005K->205160K(506816K), [Metaspace: 5350K->5350K(1056768K)], 0.4760473 secs] [Times: user=0.48 sys=0.00, real=0.48 secs] 
2018-03-17T00:14:13.067+0500: 1078.991: [GC (Allocation Failure) 2018-03-17T00:14:13.067+0500: 1078.991: [DefNew: 139776K->17472K(157248K), 0.2261364 secs] 344936K->344935K(506816K), 0.2262091 secs] [Times: user=0.23 sys=0.00, real=0.23 secs] 
2018-03-17T00:14:13.319+0500: 1079.243: [GC (Allocation Failure) 2018-03-17T00:14:13.320+0500: 1079.243: [DefNew: 157248K->157248K(157248K), 0.0000167 secs]2018-03-17T00:14:13.320+0500: 1079.243: [Tenured: 327463K->55022K(349568K), 0.2216999 secs] 484711K->55022K(506816K), [Metaspace: 5350K->5350K(1056768K)], 0.2218047 secs] [Times: user=0.19 sys=0.00, real=0.22 secs] 
2018-03-17T00:14:13.570+0500: 1079.494: [GC (Allocation Failure) 2018-03-17T00:14:13.570+0500: 1079.494: [DefNew: 139776K->17472K(157248K), 0.2597457 secs] 194798K->194797K(506816K), 0.2598081 secs] [Times: user=0.25 sys=0.00, real=0.26 secs] 
2018-03-17T00:14:13.855+0500: 1079.779: [GC (Allocation Failure) 2018-03-17T00:14:13.855+0500: 1079.779: [DefNew: 157248K->17471K(157248K), 0.2545309 secs] 334573K->334572K(506816K), 0.2545920 secs] [Times: user=0.25 sys=0.00, real=0.25 secs] 
2018-03-17T00:14:14.135+0500: 1080.060: [GC (Allocation Failure) 2018-03-17T00:14:14.135+0500: 1080.060: [DefNew: 157247K->157247K(157248K), 0.0000167 secs]2018-03-17T00:14:14.135+0500: 1080.060: [Tenured: 317100K->44659K(349568K), 0.2000705 secs] 474348K->44659K(506816K), [Metaspace: 5350K->5350K(1056768K)], 0.2001637 secs] [Times: user=0.20 sys=0.00, real=0.20 secs] 
2018-03-17T00:14:14.365+0500: 1080.289: [GC (Allocation Failure) 2018-03-17T00:14:14.365+0500: 1080.289: [DefNew: 139776K->17471K(157248K), 0.2666570 secs] 184435K->184434K(506816K), 0.2667186 secs] [Times: user=0.28 sys=0.00, real=0.27 secs] 
2018-03-17T00:14:14.657+0500: 1080.581: [GC (Allocation Failure) 2018-03-17T00:14:14.658+0500: 1080.581: [DefNew: 157247K->17472K(157248K), 0.2513718 secs] 324210K->324208K(506816K), 0.2514680 secs] [Times: user=0.25 sys=0.00, real=0.25 secs] 
2018-03-17T00:14:14.934+0500: 1080.858: [GC (Allocation Failure) 2018-03-17T00:14:14.934+0500: 1080.858: [DefNew: 157248K->157248K(157248K), 0.0000167 secs]2018-03-17T00:14:14.934+0500: 1080.858: [Tenured: 306736K->34272K(349568K), 0.1786557 secs] 463984K->34272K(506816K), [Metaspace: 5350K->5350K(1056768K)], 0.1787481 secs] [Times: user=0.17 sys=0.00, real=0.18 secs] 
2018-03-17T00:14:15.142+0500: 1081.066: [GC (Allocation Failure) 2018-03-17T00:14:15.142+0500: 1081.066: [DefNew: 139776K->17472K(157248K), 0.2624194 secs] 174048K->174046K(506816K), 0.2624822 secs] [Times: user=0.25 sys=0.00, real=0.26 secs] 
2018-03-17T00:14:15.429+0500: 1081.354: [GC (Allocation Failure) 2018-03-17T00:14:15.429+0500: 1081.354: [DefNew: 157248K->17472K(157248K), 0.2546840 secs] 313822K->313821K(506816K), 0.2547460 secs] [Times: user=0.25 sys=0.00, real=0.26 secs] 
2018-03-17T00:14:15.710+0500: 1081.634: [GC (Allocation Failure) 2018-03-17T00:14:15.710+0500: 1081.634: [DefNew: 157248K->157248K(157248K), 0.0000163 secs]2018-03-17T00:14:15.710+0500: 1081.634: [Tenured: 296349K->23908K(349568K), 0.1552374 secs] 453597K->23908K(506816K), [Metaspace: 5350K->5350K(1056768K)], 0.1553443 secs] [Times: user=0.16 sys=0.00, real=0.16 secs] 
2018-03-17T00:14:15.894+0500: 1081.817: [GC (Allocation Failure) 2018-03-17T00:14:15.894+0500: 1081.817: [DefNew: 139776K->17472K(157248K), 0.2587848 secs] 163684K->163683K(506816K), 0.2588489 secs] [Times: user=0.27 sys=0.00, real=0.26 secs] 
2018-03-17T00:14:16.178+0500: 1082.102: [GC (Allocation Failure) 2018-03-17T00:14:16.178+0500: 1082.102: [DefNew: 157248K->17472K(157248K), 0.2536101 secs] 303459K->303458K(506816K), 0.2536726 secs] [Times: user=0.25 sys=0.00, real=0.25 secs] 
2018-03-17T00:14:16.457+0500: 1082.381: [GC (Allocation Failure) 2018-03-17T00:14:16.457+0500: 1082.381: [DefNew: 146063K->146063K(157248K), 0.0000171 secs]2018-03-17T00:14:16.457+0500: 1082.381: [Tenured: 285986K->715K(349568K), 0.1359229 secs] 432050K->715K(506816K), [Metaspace: 5350K->5350K(1056768K)], 0.1360097 secs] [Times: user=0.14 sys=0.00, real=0.14 secs] 
2018-03-17T00:14:16.619+0500: 1082.543: [GC (Allocation Failure) 2018-03-17T00:14:16.619+0500: 1082.543: [DefNew: 139776K->17472K(157248K), 0.2222999 secs] 140491K->140490K(506816K), 0.2223688 secs] [Times: user=0.22 sys=0.00, real=0.22 secs] 
2018-03-17T00:14:16.867+0500: 1082.792: [GC (Allocation Failure) 2018-03-17T00:14:16.867+0500: 1082.792: [DefNew: 157248K->17472K(157248K), 0.2549205 secs] 280266K->280229K(506816K), 0.2549808 secs] [Times: user=0.25 sys=0.00, real=0.26 secs] 
2018-03-17T00:14:17.151+0500: 1083.075: [GC (Allocation Failure) 2018-03-17T00:14:17.151+0500: 1083.075: [DefNew: 157248K->157248K(157248K), 0.0000163 secs]2018-03-17T00:14:17.151+0500: 1083.075: [Tenured: 262757K->205160K(349568K), 0.4721429 secs] 420005K->205160K(506816K), [Metaspace: 5350K->5350K(1056768K)], 0.4722322 secs] [Times: user=0.47 sys=0.00, real=0.47 secs] 
2018-03-17T00:14:17.648+0500: 1083.572: [GC (Allocation Failure) 2018-03-17T00:14:17.648+0500: 1083.572: [DefNew: 139776K->17472K(157248K), 0.2243270 secs] 344936K->344935K(506816K), 0.2243920 secs] [Times: user=0.22 sys=0.00, real=0.22 secs] 
2018-03-17T00:14:17.899+0500: 1083.823: [GC (Allocation Failure) 2018-03-17T00:14:17.899+0500: 1083.823: [DefNew: 157248K->157248K(157248K), 0.0000175 secs]2018-03-17T00:14:17.899+0500: 1083.823: [Tenured: 327463K->55022K(349568K), 0.2214241 secs] 484711K->55022K(506816K), [Metaspace: 5350K->5350K(1056768K)], 0.2215113 secs] [Times: user=0.22 sys=0.00, real=0.22 secs] 
2018-03-17T00:14:18.149+0500: 1084.073: [GC (Allocation Failure) 2018-03-17T00:14:18.149+0500: 1084.073: [DefNew: 139776K->17472K(157248K), 0.2549260 secs] 194798K->194797K(506816K), 0.2549880 secs] [Times: user=0.25 sys=0.00, real=0.26 secs] 
2018-03-17T00:14:18.430+0500: 1084.354: [GC (Allocation Failure) 2018-03-17T00:14:18.430+0500: 1084.354: [DefNew: 157248K->17471K(157248K), 0.2516904 secs] 334573K->334572K(506816K), 0.2517661 secs] [Times: user=0.25 sys=0.00, real=0.25 secs] 
2018-03-17T00:14:18.707+0500: 1084.631: [GC (Allocation Failure) 2018-03-17T00:14:18.707+0500: 1084.631: [DefNew: 157247K->157247K(157248K), 0.0000175 secs]2018-03-17T00:14:18.707+0500: 1084.631: [Tenured: 317100K->44659K(349568K), 0.1993093 secs] 474348K->44659K(506816K), [Metaspace: 5350K->5350K(1056768K)], 0.1994080 secs] [Times: user=0.20 sys=0.00, real=0.20 secs] 
2018-03-17T00:14:18.936+0500: 1084.860: [GC (Allocation Failure) 2018-03-17T00:14:18.936+0500: 1084.860: [DefNew: 139776K->17471K(157248K), 0.2550454 secs] 184435K->184434K(506816K), 0.2551104 secs] [Times: user=0.25 sys=0.00, real=0.25 secs] 
2018-03-17T00:14:19.217+0500: 1085.141: [GC (Allocation Failure) 2018-03-17T00:14:19.217+0500: 1085.141: [DefNew: 157247K->17472K(157248K), 0.2588446 secs] 324210K->324208K(506816K), 0.2589062 secs] [Times: user=0.26 sys=0.00, real=0.26 secs] 
2018-03-17T00:14:19.501+0500: 1085.425: [GC (Allocation Failure) 2018-03-17T00:14:19.501+0500: 1085.425: [DefNew: 157248K->157248K(157248K), 0.0000163 secs]2018-03-17T00:14:19.501+0500: 1085.425: [Tenured: 306736K->34272K(349568K), 0.1772573 secs] 463984K->34272K(506816K), [Metaspace: 5350K->5350K(1056768K)], 0.1773492 secs] [Times: user=0.19 sys=0.00, real=0.18 secs] 
2018-03-17T00:14:19.707+0500: 1085.632: [GC (Allocation Failure) 2018-03-17T00:14:19.707+0500: 1085.632: [DefNew: 139776K->17472K(157248K), 0.2599937 secs] 174048K->174046K(506816K), 0.2600557 secs] [Times: user=0.27 sys=0.00, real=0.26 secs] 
2018-03-17T00:14:19.995+0500: 1085.918: [GC (Allocation Failure) 2018-03-17T00:14:19.995+0500: 1085.918: [DefNew: 157248K->17472K(157248K), 0.2560294 secs] 313822K->313821K(506816K), 0.2561256 secs] [Times: user=0.25 sys=0.00, real=0.26 secs] 
2018-03-17T00:14:20.276+0500: 1086.200: [GC (Allocation Failure) 2018-03-17T00:14:20.276+0500: 1086.200: [DefNew: 157248K->157248K(157248K), 0.0000154 secs]2018-03-17T00:14:20.276+0500: 1086.200: [Tenured: 296349K->23908K(349568K), 0.1557266 secs] 453597K->23908K(506816K), [Metaspace: 5350K->5350K(1056768K)], 0.1558207 secs] [Times: user=0.16 sys=0.00, real=0.16 secs] 
2018-03-17T00:14:20.461+0500: 1086.385: [GC (Allocation Failure) 2018-03-17T00:14:20.461+0500: 1086.385: [DefNew: 139776K->17472K(157248K), 0.2611877 secs] 163684K->163683K(506816K), 0.2612690 secs] [Times: user=0.25 sys=0.00, real=0.26 secs] 
2018-03-17T00:14:20.748+0500: 1086.672: [GC (Allocation Failure) 2018-03-17T00:14:20.748+0500: 1086.672: [DefNew: 157248K->17472K(157248K), 0.2543662 secs] 303459K->303458K(506816K), 0.2544278 secs] [Times: user=0.25 sys=0.00, real=0.25 secs] 
2018-03-17T00:14:21.028+0500: 1086.952: [GC (Allocation Failure) 2018-03-17T00:14:21.028+0500: 1086.952: [DefNew: 146063K->146063K(157248K), 0.0000163 secs]2018-03-17T00:14:21.028+0500: 1086.952: [Tenured: 285986K->715K(349568K), 0.1389669 secs] 432050K->715K(506816K), [Metaspace: 5350K->5350K(1056768K)], 0.1390524 secs] [Times: user=0.14 sys=0.00, real=0.14 secs] 
2018-03-17T00:14:21.192+0500: 1087.117: [GC (Allocation Failure) 2018-03-17T00:14:21.192+0500: 1087.117: [DefNew: 139776K->17472K(157248K), 0.2247452 secs] 140491K->140490K(506816K), 0.2248077 secs] [Times: user=0.23 sys=0.00, real=0.23 secs] 
2018-03-17T00:14:21.443+0500: 1087.367: [GC (Allocation Failure) 2018-03-17T00:14:21.444+0500: 1087.367: [DefNew: 157248K->17472K(157248K), 0.2572332 secs] 280266K->280229K(506816K), 0.2573282 secs] [Times: user=0.27 sys=0.00, real=0.26 secs] 
2018-03-17T00:14:21.729+0500: 1087.653: [GC (Allocation Failure) 2018-03-17T00:14:21.729+0500: 1087.653: [DefNew: 157248K->157248K(157248K), 0.0000167 secs]2018-03-17T00:14:21.729+0500: 1087.653: [Tenured: 262757K->205160K(349568K), 0.4705092 secs] 420005K->205160K(506816K), [Metaspace: 5350K->5350K(1056768K)], 0.4706020 secs] [Times: user=0.47 sys=0.00, real=0.47 secs] 
2018-03-17T00:14:22.224+0500: 1088.148: [GC (Allocation Failure) 2018-03-17T00:14:22.224+0500: 1088.148: [DefNew: 139776K->17472K(157248K), 0.2233186 secs] 344936K->344935K(506816K), 0.2233896 secs] [Times: user=0.22 sys=0.00, real=0.22 secs] 
2018-03-17T00:14:22.473+0500: 1088.397: [GC (Allocation Failure) 2018-03-17T00:14:22.473+0500: 1088.397: [DefNew: 157248K->157248K(157248K), 0.0000201 secs]2018-03-17T00:14:22.473+0500: 1088.397: [Tenured: 327463K->55022K(349568K), 0.2214292 secs] 484711K->55022K(506816K), [Metaspace: 5350K->5350K(1056768K)], 0.2215336 secs] [Times: user=0.23 sys=0.00, real=0.22 secs] 
2018-03-17T00:14:22.724+0500: 1088.648: [GC (Allocation Failure) 2018-03-17T00:14:22.724+0500: 1088.648: [DefNew: 139776K->17472K(157248K), 0.2554640 secs] 194798K->194797K(506816K), 0.2555256 secs] [Times: user=0.27 sys=0.00, real=0.26 secs] 
2018-03-17T00:14:23.005+0500: 1088.929: [GC (Allocation Failure) 2018-03-17T00:14:23.005+0500: 1088.929: [DefNew: 157248K->17471K(157248K), 0.2529439 secs] 334573K->334572K(506816K), 0.2530059 secs] [Times: user=0.27 sys=0.00, real=0.25 secs] 
2018-03-17T00:14:23.284+0500: 1089.207: [GC (Allocation Failure) 2018-03-17T00:14:23.284+0500: 1089.207: [DefNew: 157247K->157247K(157248K), 0.0000261 secs]2018-03-17T00:14:23.284+0500: 1089.207: [Tenured: 317100K->44659K(349568K), 0.2012029 secs] 474348K->44659K(506816K), [Metaspace: 5350K->5350K(1056768K)], 0.2013175 secs] [Times: user=0.20 sys=0.00, real=0.20 secs] 
2018-03-17T00:14:23.513+0500: 1089.437: [GC (Allocation Failure) 2018-03-17T00:14:23.513+0500: 1089.437: [DefNew: 139776K->17471K(157248K), 0.2557587 secs] 184435K->184434K(506816K), 0.2558207 secs] [Times: user=0.25 sys=0.00, real=0.26 secs] 
2018-03-17T00:14:23.794+0500: 1089.718: [GC (Allocation Failure) 2018-03-17T00:14:23.794+0500: 1089.718: [DefNew: 157247K->17472K(157248K), 0.2510823 secs] 324210K->324208K(506816K), 0.2511417 secs] [Times: user=0.25 sys=0.00, real=0.25 secs] 
2018-03-17T00:14:24.071+0500: 1089.995: [GC (Allocation Failure) 2018-03-17T00:14:24.071+0500: 1089.995: [DefNew: 157248K->157248K(157248K), 0.0000163 secs]2018-03-17T00:14:24.071+0500: 1089.995: [Tenured: 306736K->34272K(349568K), 0.1797257 secs] 463984K->34272K(506816K), [Metaspace: 5350K->5350K(1056768K)], 0.1798159 secs] [Times: user=0.17 sys=0.00, real=0.18 secs] 
2018-03-17T00:14:24.281+0500: 1090.205: [GC (Allocation Failure) 2018-03-17T00:14:24.281+0500: 1090.205: [DefNew: 139776K->17472K(157248K), 0.2611779 secs] 174048K->174046K(506816K), 0.2612510 secs] [Times: user=0.25 sys=0.00, real=0.26 secs] 
2018-03-17T00:14:24.568+0500: 1090.492: [GC (Allocation Failure) 2018-03-17T00:14:24.568+0500: 1090.492: [DefNew: 157248K->17472K(157248K), 0.2523058 secs] 313822K->313821K(506816K), 0.2523712 secs] [Times: user=0.27 sys=0.00, real=0.25 secs] 
2018-03-17T00:14:24.846+0500: 1090.770: [GC (Allocation Failure) 2018-03-17T00:14:24.846+0500: 1090.770: [DefNew: 157248K->157248K(157248K), 0.0000158 secs]2018-03-17T00:14:24.846+0500: 1090.770: [Tenured: 296349K->23908K(349568K), 0.1548722 secs] 453597K->23908K(506816K), [Metaspace: 5350K->5350K(1056768K)], 0.1549590 secs] [Times: user=0.16 sys=0.00, real=0.15 secs] 
2018-03-17T00:14:25.029+0500: 1090.953: [GC (Allocation Failure) 2018-03-17T00:14:25.029+0500: 1090.953: [DefNew: 139776K->17472K(157248K), 0.2585577 secs] 163684K->163683K(506816K), 0.2586188 secs] [Times: user=0.26 sys=0.00, real=0.26 secs] 
2018-03-17T00:14:25.313+0500: 1091.237: [GC (Allocation Failure) 2018-03-17T00:14:25.313+0500: 1091.237: [DefNew: 157248K->17472K(157248K), 0.2533001 secs] 303459K->303458K(506816K), 0.2533625 secs] [Times: user=0.23 sys=0.00, real=0.25 secs] 
2018-03-17T00:14:25.593+0500: 1091.516: [GC (Allocation Failure) 2018-03-17T00:14:25.593+0500: 1091.516: [DefNew: 146063K->146063K(157248K), 0.0000163 secs]2018-03-17T00:14:25.593+0500: 1091.516: [Tenured: 285986K->715K(349568K), 0.1368282 secs] 432050K->715K(506816K), [Metaspace: 5350K->5350K(1056768K)], 0.1369154 secs] [Times: user=0.14 sys=0.00, real=0.14 secs] 
2018-03-17T00:14:25.755+0500: 1091.679: [GC (Allocation Failure) 2018-03-17T00:14:25.755+0500: 1091.679: [DefNew: 139776K->17472K(157248K), 0.2226767 secs] 140491K->140490K(506816K), 0.2227464 secs] [Times: user=0.23 sys=0.00, real=0.22 secs] 
2018-03-17T00:14:26.003+0500: 1091.927: [GC (Allocation Failure) 2018-03-17T00:14:26.003+0500: 1091.927: [DefNew: 157248K->17472K(157248K), 0.2546348 secs] 280266K->280229K(506816K), 0.2547550 secs] [Times: user=0.25 sys=0.00, real=0.25 secs] 
2018-03-17T00:14:26.285+0500: 1092.209: [GC (Allocation Failure) 2018-03-17T00:14:26.285+0500: 1092.209: [DefNew: 157248K->157248K(157248K), 0.0000210 secs]2018-03-17T00:14:26.286+0500: 1092.210: [Tenured: 262757K->205160K(349568K), 0.4727967 secs] 420005K->205160K(506816K), [Metaspace: 5350K->5350K(1056768K)], 0.4729084 secs] [Times: user=0.48 sys=0.00, real=0.47 secs] 
2018-03-17T00:14:26.783+0500: 1092.708: [GC (Allocation Failure) 2018-03-17T00:14:26.783+0500: 1092.708: [DefNew: 139776K->17472K(157248K), 0.2241166 secs] 344936K->344935K(506816K), 0.2241820 secs] [Times: user=0.23 sys=0.00, real=0.22 secs] 
2018-03-17T00:14:27.034+0500: 1092.958: [GC (Allocation Failure) 2018-03-17T00:14:27.034+0500: 1092.958: [DefNew: 157248K->157248K(157248K), 0.0000154 secs]2018-03-17T00:14:27.035+0500: 1092.958: [Tenured: 327463K->55022K(349568K), 0.2218376 secs] 484711K->55022K(506816K), [Metaspace: 5350K->5350K(1056768K)], 0.2219373 secs] [Times: user=0.23 sys=0.00, real=0.22 secs] 
2018-03-17T00:14:27.285+0500: 1093.208: [GC (Allocation Failure) 2018-03-17T00:14:27.285+0500: 1093.209: [DefNew: 139776K->17472K(157248K), 0.2560268 secs] 194798K->194797K(506816K), 0.2560944 secs] [Times: user=0.26 sys=0.00, real=0.26 secs] 
2018-03-17T00:14:27.566+0500: 1093.490: [GC (Allocation Failure) 2018-03-17T00:14:27.566+0500: 1093.490: [DefNew: 157248K->17471K(157248K), 0.2488559 secs] 334573K->334572K(506816K), 0.2489171 secs] [Times: user=0.25 sys=0.00, real=0.25 secs] 
2018-03-17T00:14:27.840+0500: 1093.765: [GC (Allocation Failure) 2018-03-17T00:14:27.841+0500: 1093.765: [DefNew: 157247K->157247K(157248K), 0.0000192 secs]2018-03-17T00:14:27.841+0500: 1093.765: [Tenured: 317100K->44659K(349568K), 0.1997921 secs] 474348K->44659K(506816K), [Metaspace: 5350K->5350K(1056768K)], 0.1999157 secs] [Times: user=0.20 sys=0.00, real=0.20 secs] 
2018-03-17T00:14:28.070+0500: 1093.994: [GC (Allocation Failure) 2018-03-17T00:14:28.070+0500: 1093.994: [DefNew: 139776K->17471K(157248K), 0.2755000 secs] 184435K->184434K(506816K), 0.2755637 secs] [Times: user=0.27 sys=0.00, real=0.28 secs] 
2018-03-17T00:14:28.373+0500: 1094.296: [GC (Allocation Failure) 2018-03-17T00:14:28.373+0500: 1094.296: [DefNew: 157247K->17472K(157248K), 0.2617719 secs] 324210K->324208K(506816K), 0.2618318 secs] [Times: user=0.27 sys=0.00, real=0.26 secs] 
2018-03-17T00:14:28.660+0500: 1094.584: [GC (Allocation Failure) 2018-03-17T00:14:28.660+0500: 1094.584: [DefNew: 157248K->157248K(157248K), 0.0000171 secs]2018-03-17T00:14:28.660+0500: 1094.584: [Tenured: 306736K->34272K(349568K), 0.1834993 secs] 463984K->34272K(506816K), [Metaspace: 5350K->5350K(1056768K)], 0.1835955 secs] [Times: user=0.19 sys=0.00, real=0.18 secs] 
2018-03-17T00:14:28.873+0500: 1094.797: [GC (Allocation Failure) 2018-03-17T00:14:28.873+0500: 1094.797: [DefNew: 139776K->17472K(157248K), 0.2557950 secs] 174048K->174046K(506816K), 0.2558549 secs] [Times: user=0.25 sys=0.00, real=0.26 secs] 
2018-03-17T00:14:29.155+0500: 1095.079: [GC (Allocation Failure) 2018-03-17T00:14:29.155+0500: 1095.079: [DefNew: 157248K->17472K(157248K), 0.2547516 secs] 313822K->313821K(506816K), 0.2548221 secs] [Times: user=0.25 sys=0.00, real=0.25 secs] 
2018-03-17T00:14:29.435+0500: 1095.359: [GC (Allocation Failure) 2018-03-17T00:14:29.435+0500: 1095.359: [DefNew: 157248K->157248K(157248K), 0.0000167 secs]2018-03-17T00:14:29.435+0500: 1095.359: [Tenured: 296349K->23908K(349568K), 0.1625730 secs] 453597K->23908K(506816K), [Metaspace: 5350K->5350K(1056768K)], 0.1626653 secs] [Times: user=0.16 sys=0.00, real=0.16 secs] 
2018-03-17T00:14:29.626+0500: 1095.551: [GC (Allocation Failure) 2018-03-17T00:14:29.626+0500: 1095.551: [DefNew: 139776K->17472K(157248K), 0.2580039 secs] 163684K->163683K(506816K), 0.2580650 secs] [Times: user=0.27 sys=0.00, real=0.26 secs] 
2018-03-17T00:14:29.911+0500: 1095.835: [GC (Allocation Failure) 2018-03-17T00:14:29.911+0500: 1095.835: [DefNew: 157248K->17472K(157248K), 0.2642048 secs] 303459K->303458K(506816K), 0.2642754 secs] [Times: user=0.26 sys=0.00, real=0.26 secs] 
2018-03-17T00:14:30.201+0500: 1096.124: [GC (Allocation Failure) 2018-03-17T00:14:30.201+0500: 1096.124: [DefNew: 146063K->146063K(157248K), 0.0000175 secs]2018-03-17T00:14:30.201+0500: 1096.124: [Tenured: 285986K->715K(349568K), 0.1599074 secs] 432050K->715K(506816K), [Metaspace: 5350K->5350K(1056768K)], 0.1600194 secs] [Times: user=0.16 sys=0.00, real=0.16 secs] 
2018-03-17T00:14:30.420+0500: 1096.344: [GC (Allocation Failure) 2018-03-17T00:14:30.420+0500: 1096.344: [DefNew: 139776K->17472K(157248K), 0.3406017 secs] 140491K->140490K(506816K), 0.3406761 secs] [Times: user=0.33 sys=0.00, real=0.34 secs] 
2018-03-17T00:14:30.818+0500: 1096.742: [GC (Allocation Failure) 2018-03-17T00:14:30.818+0500: 1096.742: [DefNew: 157248K->17472K(157248K), 0.3361794 secs] 280266K->280229K(506816K), 0.3364278 secs] [Times: user=0.33 sys=0.00, real=0.34 secs] 
2018-03-17T00:14:31.187+0500: 1097.110: [GC (Allocation Failure) 2018-03-17T00:14:31.187+0500: 1097.110: [DefNew: 157248K->157248K(157248K), 0.0000184 secs]2018-03-17T00:14:31.187+0500: 1097.110: [Tenured: 262757K->205160K(349568K), 0.4988344 secs] 420005K->205160K(506816K), [Metaspace: 5350K->5350K(1056768K)], 0.4989311 secs] [Times: user=0.50 sys=0.00, real=0.50 secs] 
2018-03-17T00:14:31.711+0500: 1097.635: [GC (Allocation Failure) 2018-03-17T00:14:31.711+0500: 1097.635: [DefNew: 139776K->17472K(157248K), 0.2302239 secs] 344936K->344935K(506816K), 0.2302945 secs] [Times: user=0.22 sys=0.00, real=0.23 secs] 
2018-03-17T00:14:31.968+0500: 1097.892: [GC (Allocation Failure) 2018-03-17T00:14:31.968+0500: 1097.892: [DefNew: 157248K->157248K(157248K), 0.0000158 secs]2018-03-17T00:14:31.968+0500: 1097.892: [Tenured: 327463K->55022K(349568K), 0.2244677 secs] 484711K->55022K(506816K), [Metaspace: 5350K->5350K(1056768K)], 0.2245609 secs] [Times: user=0.24 sys=0.00, real=0.23 secs] 
2018-03-17T00:14:32.239+0500: 1098.163: [GC (Allocation Failure) 2018-03-17T00:14:32.239+0500: 1098.163: [DefNew: 139776K->17472K(157248K), 0.2890053 secs] 194798K->194797K(506816K), 0.2890819 secs] [Times: user=0.30 sys=0.00, real=0.29 secs] 
2018-03-17T00:14:32.560+0500: 1098.483: [GC (Allocation Failure) 2018-03-17T00:14:32.560+0500: 1098.483: [DefNew: 157248K->17471K(157248K), 0.2702023 secs] 334573K->334572K(506816K), 0.2702698 secs] [Times: user=0.27 sys=0.00, real=0.27 secs] 
2018-03-17T00:14:32.864+0500: 1098.787: [GC (Allocation Failure) 2018-03-17T00:14:32.864+0500: 1098.787: [DefNew: 157247K->157247K(157248K), 0.0000188 secs]2018-03-17T00:14:32.864+0500: 1098.787: [Tenured: 317100K->44659K(349568K), 0.2072512 secs] 474348K->44659K(506816K), [Metaspace: 5350K->5350K(1056768K)], 0.2073504 secs] [Times: user=0.22 sys=0.00, real=0.21 secs] 
2018-03-17T00:14:33.100+0500: 1099.024: [GC (Allocation Failure) 2018-03-17T00:14:33.100+0500: 1099.024: [DefNew: 139776K->17471K(157248K), 0.2585632 secs] 184435K->184434K(506816K), 0.2586248 secs] [Times: user=0.25 sys=0.00, real=0.26 secs] 
2018-03-17T00:14:33.384+0500: 1099.308: [GC (Allocation Failure) 2018-03-17T00:14:33.384+0500: 1099.308: [DefNew: 157247K->17472K(157248K), 0.2573692 secs] 324210K->324208K(506816K), 0.2574321 secs] [Times: user=0.25 sys=0.00, real=0.26 secs] 
2018-03-17T00:14:33.667+0500: 1099.591: [GC (Allocation Failure) 2018-03-17T00:14:33.667+0500: 1099.591: [DefNew: 157248K->157248K(157248K), 0.0000214 secs]2018-03-17T00:14:33.667+0500: 1099.591: [Tenured: 306736K->34272K(349568K), 0.1963764 secs] 463984K->34272K(506816K), [Metaspace: 5350K->5350K(1056768K)], 0.1964850 secs] [Times: user=0.19 sys=0.00, real=0.20 secs] 
2018-03-17T00:14:33.911+0500: 1099.835: [GC (Allocation Failure) 2018-03-17T00:14:33.911+0500: 1099.835: [DefNew: 139776K->17472K(157248K), 0.2786343 secs] 174048K->174046K(506816K), 0.2786980 secs] [Times: user=0.28 sys=0.00, real=0.28 secs] 
2018-03-17T00:14:34.218+0500: 1100.142: [GC (Allocation Failure) 2018-03-17T00:14:34.218+0500: 1100.142: [DefNew: 157248K->17472K(157248K), 0.3594168 secs] 313822K->313821K(506816K), 0.3594985 secs] [Times: user=0.36 sys=0.00, real=0.36 secs] 
2018-03-17T00:14:34.615+0500: 1100.539: [GC (Allocation Failure) 2018-03-17T00:14:34.615+0500: 1100.539: [DefNew: 157248K->157248K(157248K), 0.0000171 secs]2018-03-17T00:14:34.615+0500: 1100.539: [Tenured: 296349K->23908K(349568K), 0.1824003 secs] 453597K->23908K(506816K), [Metaspace: 5350K->5350K(1056768K)], 0.1825692 secs] [Times: user=0.19 sys=0.00, real=0.18 secs] 
2018-03-17T00:14:34.843+0500: 1100.767: [GC (Allocation Failure) 2018-03-17T00:14:34.843+0500: 1100.767: [DefNew: 139776K->17472K(157248K), 0.3209553 secs] 163684K->163683K(506816K), 0.3210285 secs] [Times: user=0.33 sys=0.00, real=0.32 secs] 
2018-03-17T00:14:35.193+0500: 1101.117: [GC (Allocation Failure) 2018-03-17T00:14:35.193+0500: 1101.117: [DefNew: 157248K->17472K(157248K), 0.2971812 secs] 303459K->303458K(506816K), 0.2972556 secs] [Times: user=0.30 sys=0.00, real=0.30 secs] 
2018-03-17T00:14:35.524+0500: 1101.447: [GC (Allocation Failure) 2018-03-17T00:14:35.524+0500: 1101.447: [DefNew: 146063K->146063K(157248K), 0.0000188 secs]2018-03-17T00:14:35.524+0500: 1101.447: [Tenured: 285986K->715K(349568K), 0.1438259 secs] 432050K->715K(506816K), [Metaspace: 5350K->5350K(1056768K)], 0.1439213 secs] [Times: user=0.14 sys=0.00, real=0.14 secs] 
2018-03-17T00:14:35.696+0500: 1101.619: [GC (Allocation Failure) 2018-03-17T00:14:35.696+0500: 1101.619: [DefNew: 139776K->17472K(157248K), 0.2943134 secs] 140491K->140490K(506816K), 0.2943767 secs] [Times: user=0.28 sys=0.00, real=0.29 secs] 
2018-03-17T00:14:36.025+0500: 1101.948: [GC (Allocation Failure) 2018-03-17T00:14:36.025+0500: 1101.949: [DefNew: 157248K->17472K(157248K), 0.2600048 secs] 280266K->280229K(506816K), 0.2600810 secs] [Times: user=0.23 sys=0.00, real=0.26 secs] 
2018-03-17T00:14:36.313+0500: 1102.237: [GC (Allocation Failure) 2018-03-17T00:14:36.313+0500: 1102.237: [DefNew: 157248K->157248K(157248K), 0.0000163 secs]2018-03-17T00:14:36.313+0500: 1102.237: [Tenured: 262757K->205160K(349568K), 0.4744616 secs] 420005K->205160K(506816K), [Metaspace: 5350K->5350K(1056768K)], 0.4745514 secs] [Times: user=0.47 sys=0.00, real=0.48 secs] 
2018-03-17T00:14:36.817+0500: 1102.740: [GC (Allocation Failure) 2018-03-17T00:14:36.817+0500: 1102.741: [DefNew: 139776K->17472K(157248K), 0.2296136 secs] 344936K->344935K(506816K), 0.2296846 secs] [Times: user=0.23 sys=0.00, real=0.23 secs] 
2018-03-17T00:14:37.076+0500: 1102.999: [GC (Allocation Failure) 2018-03-17T00:14:37.076+0500: 1102.999: [DefNew: 157248K->157248K(157248K), 0.0000205 secs]2018-03-17T00:14:37.076+0500: 1102.999: [Tenured: 327463K->55022K(349568K), 0.2245545 secs] 484711K->55022K(506816K), [Metaspace: 5350K->5350K(1056768K)], 0.2246580 secs] [Times: user=0.22 sys=0.00, real=0.22 secs] 
2018-03-17T00:14:37.329+0500: 1103.253: [GC (Allocation Failure) 2018-03-17T00:14:37.329+0500: 1103.253: [DefNew: 139776K->17472K(157248K), 0.2552190 secs] 194798K->194797K(506816K), 0.2553109 secs] [Times: user=0.25 sys=0.00, real=0.26 secs] 
2018-03-17T00:14:37.610+0500: 1103.534: [GC (Allocation Failure) 2018-03-17T00:14:37.610+0500: 1103.534: [DefNew: 157248K->17471K(157248K), 0.2538094 secs] 334573K->334572K(506816K), 0.2538783 secs] [Times: user=0.25 sys=0.00, real=0.25 secs] 
2018-03-17T00:14:37.889+0500: 1103.813: [GC (Allocation Failure) 2018-03-17T00:14:37.889+0500: 1103.813: [DefNew: 157247K->157247K(157248K), 0.0000154 secs]2018-03-17T00:14:37.889+0500: 1103.814: [Tenured: 317100K->44659K(349568K), 0.1999832 secs] 474348K->44659K(506816K), [Metaspace: 5350K->5350K(1056768K)], 0.2000765 secs] [Times: user=0.20 sys=0.00, real=0.20 secs] 
2018-03-17T00:14:38.120+0500: 1104.045: [GC (Allocation Failure) 2018-03-17T00:14:38.120+0500: 1104.045: [DefNew: 139776K->17471K(157248K), 0.2614071 secs] 184435K->184434K(506816K), 0.2614965 secs] [Times: user=0.26 sys=0.00, real=0.26 secs] 
2018-03-17T00:14:38.409+0500: 1104.333: [GC (Allocation Failure) 2018-03-17T00:14:38.409+0500: 1104.333: [DefNew: 157247K->17472K(157248K), 0.2508826 secs] 324210K->324208K(506816K), 0.2509519 secs] [Times: user=0.25 sys=0.00, real=0.25 secs] 
2018-03-17T00:14:38.685+0500: 1104.609: [GC (Allocation Failure) 2018-03-17T00:14:38.685+0500: 1104.609: [DefNew: 157248K->157248K(157248K), 0.0000261 secs]2018-03-17T00:14:38.686+0500: 1104.609: [Tenured: 306736K->34272K(349568K), 0.1771222 secs] 463984K->34272K(506816K), [Metaspace: 5350K->5350K(1056768K)], 0.1772372 secs] [Times: user=0.17 sys=0.00, real=0.18 secs] 
2018-03-17T00:14:38.891+0500: 1104.815: [GC (Allocation Failure) 2018-03-17T00:14:38.891+0500: 1104.815: [DefNew: 139776K->17472K(157248K), 0.2559079 secs] 174048K->174046K(506816K), 0.2559699 secs] [Times: user=0.27 sys=0.00, real=0.26 secs] 
2018-03-17T00:14:39.172+0500: 1105.096: [GC (Allocation Failure) 2018-03-17T00:14:39.172+0500: 1105.096: [DefNew: 157248K->17472K(157248K), 0.2534759 secs] 313822K->313821K(506816K), 0.2535456 secs] [Times: user=0.25 sys=0.00, real=0.25 secs] 
2018-03-17T00:14:39.452+0500: 1105.376: [GC (Allocation Failure) 2018-03-17T00:14:39.452+0500: 1105.376: [DefNew: 157248K->157248K(157248K), 0.0000158 secs]2018-03-17T00:14:39.452+0500: 1105.376: [Tenured: 296349K->23908K(349568K), 0.1566247 secs] 453597K->23908K(506816K), [Metaspace: 5350K->5350K(1056768K)], 0.1567145 secs] [Times: user=0.16 sys=0.00, real=0.16 secs] 
2018-03-17T00:14:39.638+0500: 1105.562: [GC (Allocation Failure) 2018-03-17T00:14:39.638+0500: 1105.562: [DefNew: 139776K->17472K(157248K), 0.2588720 secs] 163684K->163683K(506816K), 0.2589323 secs] [Times: user=0.25 sys=0.00, real=0.26 secs] 
2018-03-17T00:14:39.923+0500: 1105.847: [GC (Allocation Failure) 2018-03-17T00:14:39.923+0500: 1105.847: [DefNew: 157248K->17472K(157248K), 0.2548572 secs] 303459K->303458K(506816K), 0.2549196 secs] [Times: user=0.26 sys=0.00, real=0.25 secs] 
2018-03-17T00:14:40.204+0500: 1106.128: [GC (Allocation Failure) 2018-03-17T00:14:40.204+0500: 1106.128: [DefNew: 146063K->146063K(157248K), 0.0000167 secs]2018-03-17T00:14:40.204+0500: 1106.128: [Tenured: 285986K->715K(349568K), 0.1403132 secs] 432050K->715K(506816K), [Metaspace: 5350K->5350K(1056768K)], 0.1404072 secs] [Times: user=0.14 sys=0.00, real=0.14 secs] 
2018-03-17T00:14:40.374+0500: 1106.298: [GC (Allocation Failure) 2018-03-17T00:14:40.374+0500: 1106.298: [DefNew: 139776K->17472K(157248K), 0.2276336 secs] 140491K->140490K(506816K), 0.2276956 secs] [Times: user=0.23 sys=0.00, real=0.23 secs] 
2018-03-17T00:14:40.627+0500: 1106.551: [GC (Allocation Failure) 2018-03-17T00:14:40.627+0500: 1106.552: [DefNew: 157248K->17472K(157248K), 0.2637348 secs] 280266K->280229K(506816K), 0.2637986 secs] [Times: user=0.27 sys=0.00, real=0.26 secs] 
2018-03-17T00:14:40.919+0500: 1106.843: [GC (Allocation Failure) 2018-03-17T00:14:40.919+0500: 1106.843: [DefNew: 157248K->157248K(157248K), 0.0000175 secs]2018-03-17T00:14:40.919+0500: 1106.843: [Tenured: 262757K->205160K(349568K), 0.4718751 secs] 420005K->205160K(506816K), [Metaspace: 5350K->5350K(1056768K)], 0.4719679 secs] [Times: user=0.47 sys=0.00, real=0.47 secs] 
2018-03-17T00:14:41.417+0500: 1107.341: [GC (Allocation Failure) 2018-03-17T00:14:41.417+0500: 1107.341: [DefNew: 139776K->17472K(157248K), 0.2358903 secs] 344936K->344935K(506816K), 0.2359528 secs] [Times: user=0.23 sys=0.00, real=0.24 secs] 
2018-03-17T00:14:41.679+0500: 1107.603: [GC (Allocation Failure) 2018-03-17T00:14:41.679+0500: 1107.603: [DefNew: 157248K->157248K(157248K), 0.0000171 secs]2018-03-17T00:14:41.679+0500: 1107.603: [Tenured: 327463K->55022K(349568K), 0.2208698 secs] 484711K->55022K(506816K), [Metaspace: 5350K->5350K(1056768K)], 0.2209699 secs] [Times: user=0.22 sys=0.00, real=0.22 secs] 
2018-03-17T00:14:41.929+0500: 1107.853: [GC (Allocation Failure) 2018-03-17T00:14:41.929+0500: 1107.853: [DefNew: 139776K->17472K(157248K), 0.2548367 secs] 194798K->194797K(506816K), 0.2548978 secs] [Times: user=0.22 sys=0.00, real=0.26 secs] 
2018-03-17T00:14:42.209+0500: 1108.133: [GC (Allocation Failure) 2018-03-17T00:14:42.209+0500: 1108.133: [DefNew: 157248K->17471K(157248K), 0.2550702 secs] 334573K->334572K(506816K), 0.2551386 secs] [Times: user=0.25 sys=0.00, real=0.26 secs] 
2018-03-17T00:14:42.491+0500: 1108.414: [GC (Allocation Failure) 2018-03-17T00:14:42.491+0500: 1108.414: [DefNew: 157247K->157247K(157248K), 0.0000261 secs]2018-03-17T00:14:42.491+0500: 1108.414: [Tenured: 317100K->44659K(349568K), 0.1993974 secs] 474348K->44659K(506816K), [Metaspace: 5350K->5350K(1056768K)], 0.1995162 secs] [Times: user=0.19 sys=0.00, real=0.20 secs] 
2018-03-17T00:14:42.720+0500: 1108.644: [GC (Allocation Failure) 2018-03-17T00:14:42.720+0500: 1108.644: [DefNew: 139776K->17471K(157248K), 0.2568676 secs] 184435K->184434K(506816K), 0.2569446 secs] [Times: user=0.27 sys=0.00, real=0.26 secs] 
2018-03-17T00:14:43.003+0500: 1108.926: [GC (Allocation Failure) 2018-03-17T00:14:43.003+0500: 1108.926: [DefNew: 157247K->17472K(157248K), 0.2528985 secs] 324210K->324208K(506816K), 0.2529699 secs] [Times: user=0.25 sys=0.00, real=0.25 secs] 
2018-03-17T00:14:43.281+0500: 1109.205: [GC (Allocation Failure) 2018-03-17T00:14:43.281+0500: 1109.205: [DefNew: 157248K->157248K(157248K), 0.0000158 secs]2018-03-17T00:14:43.281+0500: 1109.205: [Tenured: 306736K->34272K(349568K), 0.1774420 secs] 463984K->34272K(506816K), [Metaspace: 5350K->5350K(1056768K)], 0.1775280 secs] [Times: user=0.17 sys=0.00, real=0.18 secs] 
2018-03-17T00:14:43.487+0500: 1109.411: [GC (Allocation Failure) 2018-03-17T00:14:43.487+0500: 1109.411: [DefNew: 139776K->17472K(157248K), 0.2642519 secs] 174048K->174046K(506816K), 0.2643135 secs] [Times: user=0.27 sys=0.00, real=0.26 secs] 
2018-03-17T00:14:43.776+0500: 1109.701: [GC (Allocation Failure) 2018-03-17T00:14:43.776+0500: 1109.701: [DefNew: 157248K->17472K(157248K), 0.2517417 secs] 313822K->313821K(506816K), 0.2518161 secs] [Times: user=0.25 sys=0.00, real=0.25 secs] 
2018-03-17T00:14:44.055+0500: 1109.979: [GC (Allocation Failure) 2018-03-17T00:14:44.055+0500: 1109.979: [DefNew: 157248K->157248K(157248K), 0.0000163 secs]2018-03-17T00:14:44.055+0500: 1109.979: [Tenured: 296349K->23908K(349568K), 0.1553845 secs] 453597K->23908K(506816K), [Metaspace: 5350K->5350K(1056768K)], 0.1554718 secs] [Times: user=0.16 sys=0.00, real=0.15 secs] 
2018-03-17T00:14:44.241+0500: 1110.165: [GC (Allocation Failure) 2018-03-17T00:14:44.241+0500: 1110.165: [DefNew: 139776K->17472K(157248K), 0.2743360 secs] 163684K->163683K(506816K), 0.2743992 secs] [Times: user=0.27 sys=0.00, real=0.27 secs] 
2018-03-17T00:14:44.542+0500: 1110.466: [GC (Allocation Failure) 2018-03-17T00:14:44.542+0500: 1110.466: [DefNew: 157248K->17472K(157248K), 0.2527305 secs] 303459K->303458K(506816K), 0.2527938 secs] [Times: user=0.25 sys=0.00, real=0.25 secs] 
2018-03-17T00:14:44.821+0500: 1110.745: [GC (Allocation Failure) 2018-03-17T00:14:44.821+0500: 1110.745: [DefNew: 146063K->146063K(157248K), 0.0000163 secs]2018-03-17T00:14:44.821+0500: 1110.745: [Tenured: 285986K->715K(349568K), 0.1373149 secs] 432050K->715K(506816K), [Metaspace: 5350K->5350K(1056768K)], 0.1374017 secs] [Times: user=0.13 sys=0.00, real=0.14 secs] 
2018-03-17T00:14:44.983+0500: 1110.908: [GC (Allocation Failure) 2018-03-17T00:14:44.984+0500: 1110.908: [DefNew: 139776K->17472K(157248K), 0.2607216 secs] 140491K->140490K(506816K), 0.2608148 secs] [Times: user=0.27 sys=0.00, real=0.26 secs] 
2018-03-17T00:14:45.280+0500: 1111.204: [GC (Allocation Failure) 2018-03-17T00:14:45.280+0500: 1111.204: [DefNew: 157248K->17472K(157248K), 0.3563514 secs] 280266K->280229K(506816K), 0.3564249 secs] [Times: user=0.36 sys=0.00, real=0.36 secs] 
2018-03-17T00:14:45.677+0500: 1111.601: [GC (Allocation Failure) 2018-03-17T00:14:45.677+0500: 1111.601: [DefNew: 157248K->157248K(157248K), 0.0000239 secs]2018-03-17T00:14:45.677+0500: 1111.601: [Tenured: 262757K->205160K(349568K), 0.6019203 secs] 420005K->205160K(506816K), [Metaspace: 5350K->5350K(1056768K)], 0.6020589 secs] [Times: user=0.61 sys=0.00, real=0.60 secs] 
2018-03-17T00:14:46.315+0500: 1112.239: [GC (Allocation Failure) 2018-03-17T00:14:46.315+0500: 1112.239: [DefNew: 139776K->17472K(157248K), 0.2859904 secs] 344936K->344935K(506816K), 0.2860554 secs] [Times: user=0.30 sys=0.00, real=0.29 secs] 
2018-03-17T00:14:46.638+0500: 1112.561: [GC (Allocation Failure) 2018-03-17T00:14:46.638+0500: 1112.561: [DefNew: 157248K->157248K(157248K), 0.0000175 secs]2018-03-17T00:14:46.638+0500: 1112.561: [Tenured: 327463K->55022K(349568K), 0.2258986 secs] 484711K->55022K(506816K), [Metaspace: 5350K->5350K(1056768K)], 0.2260188 secs] [Times: user=0.22 sys=0.00, real=0.23 secs] 
2018-03-17T00:14:46.892+0500: 1112.816: [GC (Allocation Failure) 2018-03-17T00:14:46.893+0500: 1112.816: [DefNew: 139776K->17472K(157248K), 0.2550158 secs] 194798K->194797K(506816K), 0.2550984 secs] [Times: user=0.27 sys=0.00, real=0.26 secs] 
2018-03-17T00:14:47.173+0500: 1113.097: [GC (Allocation Failure) 2018-03-17T00:14:47.173+0500: 1113.097: [DefNew: 157248K->17471K(157248K), 0.2539561 secs] 334573K->334572K(506816K), 0.2540168 secs] [Times: user=0.25 sys=0.00, real=0.25 secs] 
2018-03-17T00:14:47.452+0500: 1113.376: [GC (Allocation Failure) 2018-03-17T00:14:47.453+0500: 1113.377: [DefNew: 157247K->157247K(157248K), 0.0000239 secs]2018-03-17T00:14:47.453+0500: 1113.377: [Tenured: 317100K->44659K(349568K), 0.2001286 secs] 474348K->44659K(506816K), [Metaspace: 5350K->5350K(1056768K)], 0.2002676 secs] [Times: user=0.20 sys=0.00, real=0.20 secs] 
2018-03-17T00:14:47.682+0500: 1113.606: [GC (Allocation Failure) 2018-03-17T00:14:47.682+0500: 1113.606: [DefNew: 139776K->17471K(157248K), 0.2565015 secs] 184435K->184434K(506816K), 0.2565661 secs] [Times: user=0.25 sys=0.00, real=0.26 secs] 
2018-03-17T00:14:47.965+0500: 1113.890: [GC (Allocation Failure) 2018-03-17T00:14:47.965+0500: 1113.890: [DefNew: 157247K->17472K(157248K), 0.3385520 secs] 324210K->324208K(506816K), 0.3386277 secs] [Times: user=0.34 sys=0.00, real=0.34 secs] 
2018-03-17T00:14:48.348+0500: 1114.272: [GC (Allocation Failure) 2018-03-17T00:14:48.349+0500: 1114.272: [DefNew: 157248K->157248K(157248K), 0.0000881 secs]2018-03-17T00:14:48.349+0500: 1114.272: [Tenured: 306736K->34272K(349568K), 0.1887941 secs] 463984K->34272K(506816K), [Metaspace: 5350K->5350K(1056768K)], 0.1891050 secs] [Times: user=0.19 sys=0.00, real=0.19 secs] 
2018-03-17T00:14:48.568+0500: 1114.492: [GC (Allocation Failure) 2018-03-17T00:14:48.568+0500: 1114.492: [DefNew: 139776K->17472K(157248K), 0.2633183 secs] 174048K->174046K(506816K), 0.2633812 secs] [Times: user=0.27 sys=0.00, real=0.26 secs] 
2018-03-17T00:14:48.858+0500: 1114.782: [GC (Allocation Failure) 2018-03-17T00:14:48.858+0500: 1114.782: [DefNew: 157248K->17472K(157248K), 0.2521625 secs] 313822K->313821K(506816K), 0.2522271 secs] [Times: user=0.25 sys=0.00, real=0.25 secs] 
2018-03-17T00:14:49.136+0500: 1115.060: [GC (Allocation Failure) 2018-03-17T00:14:49.136+0500: 1115.060: [DefNew: 157248K->157248K(157248K), 0.0000175 secs]2018-03-17T00:14:49.136+0500: 1115.060: [Tenured: 296349K->23908K(349568K), 0.1554050 secs] 453597K->23908K(506816K), [Metaspace: 5350K->5350K(1056768K)], 0.1554987 secs] [Times: user=0.16 sys=0.00, real=0.15 secs] 
2018-03-17T00:14:49.319+0500: 1115.243: [GC (Allocation Failure) 2018-03-17T00:14:49.319+0500: 1115.243: [DefNew: 139776K->17472K(157248K), 0.2543722 secs] 163684K->163683K(506816K), 0.2544347 secs] [Times: user=0.22 sys=0.00, real=0.25 secs] 
2018-03-17T00:14:49.600+0500: 1115.523: [GC (Allocation Failure) 2018-03-17T00:14:49.600+0500: 1115.523: [DefNew: 157248K->17472K(157248K), 0.2728948 secs] 303459K->303458K(506816K), 0.2729563 secs] [Times: user=0.26 sys=0.00, real=0.27 secs] 
2018-03-17T00:14:49.898+0500: 1115.821: [GC (Allocation Failure) 2018-03-17T00:14:49.898+0500: 1115.822: [DefNew: 146063K->146063K(157248K), 0.0000158 secs]2018-03-17T00:14:49.898+0500: 1115.822: [Tenured: 285986K->715K(349568K), 0.1365100 secs] 432050K->715K(506816K), [Metaspace: 5350K->5350K(1056768K)], 0.1365947 secs] [Times: user=0.13 sys=0.00, real=0.14 secs] 
2018-03-17T00:14:50.064+0500: 1115.988: [GC (Allocation Failure) 2018-03-17T00:14:50.064+0500: 1115.988: [DefNew: 139776K->17472K(157248K), 0.2256100 secs] 140491K->140490K(506816K), 0.2257797 secs] [Times: user=0.23 sys=0.00, real=0.23 secs] 
2018-03-17T00:14:50.321+0500: 1116.245: [GC (Allocation Failure) 2018-03-17T00:14:50.321+0500: 1116.245: [DefNew: 157248K->17472K(157248K), 0.2573286 secs] 280266K->280229K(506816K), 0.2574039 secs] [Times: user=0.25 sys=0.00, real=0.26 secs] 
2018-03-17T00:14:50.609+0500: 1116.533: [GC (Allocation Failure) 2018-03-17T00:14:50.609+0500: 1116.533: [DefNew: 157248K->157248K(157248K), 0.0000141 secs]2018-03-17T00:14:50.609+0500: 1116.533: [Tenured: 262757K->205160K(349568K), 0.4726415 secs] 420005K->205160K(506816K), [Metaspace: 5350K->5350K(1056768K)], 0.4727369 secs] [Times: user=0.47 sys=0.00, real=0.47 secs] 
2018-03-17T00:14:51.108+0500: 1117.032: [GC (Allocation Failure) 2018-03-17T00:14:51.108+0500: 1117.032: [DefNew: 139776K->17472K(157248K), 0.2267005 secs] 344936K->344935K(506816K), 0.2267757 secs] [Times: user=0.24 sys=0.00, real=0.23 secs] 
2018-03-17T00:14:51.360+0500: 1117.284: [GC (Allocation Failure) 2018-03-17T00:14:51.360+0500: 1117.284: [DefNew: 157248K->157248K(157248K), 0.0000163 secs]2018-03-17T00:14:51.360+0500: 1117.284: [Tenured: 327463K->55022K(349568K), 0.2250968 secs] 484711K->55022K(506816K), [Metaspace: 5350K->5350K(1056768K)], 0.2251896 secs] [Times: user=0.24 sys=0.00, real=0.23 secs] 
2018-03-17T00:14:51.615+0500: 1117.539: [GC (Allocation Failure) 2018-03-17T00:14:51.615+0500: 1117.539: [DefNew: 139776K->17472K(157248K), 0.2556877 secs] 194798K->194797K(506816K), 0.2557518 secs] [Times: user=0.27 sys=0.00, real=0.26 secs] 
2018-03-17T00:14:51.896+0500: 1117.821: [GC (Allocation Failure) 2018-03-17T00:14:51.896+0500: 1117.821: [DefNew: 157248K->17471K(157248K), 0.2517323 secs] 334573K->334572K(506816K), 0.2517930 secs] [Times: user=0.27 sys=0.00, real=0.25 secs] 
2018-03-17T00:14:52.173+0500: 1118.098: [GC (Allocation Failure) 2018-03-17T00:14:52.173+0500: 1118.098: [DefNew: 157247K->157247K(157248K), 0.0000257 secs]2018-03-17T00:14:52.174+0500: 1118.098: [Tenured: 317100K->44659K(349568K), 0.1992840 secs] 474348K->44659K(506816K), [Metaspace: 5350K->5350K(1056768K)], 0.1993969 secs] [Times: user=0.20 sys=0.00, real=0.20 secs] 
2018-03-17T00:14:52.403+0500: 1118.327: [GC (Allocation Failure) 2018-03-17T00:14:52.403+0500: 1118.327: [DefNew: 139776K->17471K(157248K), 0.2577451 secs] 184435K->184434K(506816K), 0.2578093 secs] [Times: user=0.25 sys=0.00, real=0.26 secs] 
2018-03-17T00:14:52.686+0500: 1118.610: [GC (Allocation Failure) 2018-03-17T00:14:52.686+0500: 1118.610: [DefNew: 157247K->17472K(157248K), 0.3911444 secs] 324210K->324208K(506816K), 0.3912077 secs] [Times: user=0.39 sys=0.00, real=0.39 secs] 
2018-03-17T00:14:53.103+0500: 1119.027: [GC (Allocation Failure) 2018-03-17T00:14:53.103+0500: 1119.027: [DefNew: 157248K->157248K(157248K), 0.0000278 secs]2018-03-17T00:14:53.103+0500: 1119.027: [Tenured: 306736K->34272K(349568K), 0.1800306 secs] 463984K->34272K(506816K), [Metaspace: 5350K->5350K(1056768K)], 0.1801499 secs] [Times: user=0.17 sys=0.00, real=0.18 secs] 
2018-03-17T00:14:53.312+0500: 1119.236: [GC (Allocation Failure) 2018-03-17T00:14:53.312+0500: 1119.236: [DefNew: 139776K->17472K(157248K), 0.2557792 secs] 174048K->174046K(506816K), 0.2558429 secs] [Times: user=0.26 sys=0.00, real=0.26 secs] 
2018-03-17T00:14:53.593+0500: 1119.517: [GC (Allocation Failure) 2018-03-17T00:14:53.593+0500: 1119.517: [DefNew: 157248K->17472K(157248K), 0.2528947 secs] 313822K->313821K(506816K), 0.2529584 secs] [Times: user=0.25 sys=0.00, real=0.25 secs] 
2018-03-17T00:14:53.872+0500: 1119.796: [GC (Allocation Failure) 2018-03-17T00:14:53.872+0500: 1119.796: [DefNew: 157248K->157248K(157248K), 0.0000154 secs]2018-03-17T00:14:53.872+0500: 1119.796: [Tenured: 296349K->23908K(349568K), 0.1547991 secs] 453597K->23908K(506816K), [Metaspace: 5350K->5350K(1056768K)], 0.1548842 secs] [Times: user=0.16 sys=0.00, real=0.15 secs] 
2018-03-17T00:14:54.055+0500: 1119.979: [GC (Allocation Failure) 2018-03-17T00:14:54.055+0500: 1119.979: [DefNew: 139776K->17472K(157248K), 0.2560649 secs] 163684K->163683K(506816K), 0.2561286 secs] [Times: user=0.25 sys=0.00, real=0.26 secs] 
2018-03-17T00:14:54.336+0500: 1120.260: [GC (Allocation Failure) 2018-03-17T00:14:54.336+0500: 1120.260: [DefNew: 157248K->17472K(157248K), 0.2535447 secs] 303459K->303458K(506816K), 0.2536153 secs] [Times: user=0.25 sys=0.00, real=0.25 secs] 
2018-03-17T00:14:54.615+0500: 1120.539: [GC (Allocation Failure) 2018-03-17T00:14:54.615+0500: 1120.540: [DefNew: 146063K->146063K(157248K), 0.0000167 secs]2018-03-17T00:14:54.615+0500: 1120.540: [Tenured: 285986K->715K(349568K), 0.1358198 secs] 432050K->715K(506816K), [Metaspace: 5350K->5350K(1056768K)], 0.1359066 secs] [Times: user=0.13 sys=0.00, real=0.14 secs] 
2018-03-17T00:14:54.777+0500: 1120.701: [GC (Allocation Failure) 2018-03-17T00:14:54.777+0500: 1120.701: [DefNew: 139776K->17472K(157248K), 0.2266915 secs] 140491K->140490K(506816K), 0.2267531 secs] [Times: user=0.22 sys=0.00, real=0.23 secs] 
2018-03-17T00:14:55.030+0500: 1120.954: [GC (Allocation Failure) 2018-03-17T00:14:55.030+0500: 1120.954: [DefNew: 157248K->17472K(157248K), 0.2642036 secs] 280266K->280229K(506816K), 0.2642733 secs] [Times: user=0.27 sys=0.00, real=0.27 secs] 
2018-03-17T00:14:55.324+0500: 1121.247: [GC (Allocation Failure) 2018-03-17T00:14:55.324+0500: 1121.247: [DefNew: 157248K->157248K(157248K), 0.0000171 secs]2018-03-17T00:14:55.324+0500: 1121.247: [Tenured: 262757K->205160K(349568K), 0.4815739 secs] 420005K->205160K(506816K), [Metaspace: 5350K->5350K(1056768K)], 0.4816667 secs] [Times: user=0.49 sys=0.00, real=0.48 secs] 
2018-03-17T00:14:55.830+0500: 1121.754: [GC (Allocation Failure) 2018-03-17T00:14:55.830+0500: 1121.754: [DefNew: 139776K->17472K(157248K), 0.2231394 secs] 344936K->344935K(506816K), 0.2232027 secs] [Times: user=0.24 sys=0.00, real=0.22 secs] 
2018-03-17T00:14:56.079+0500: 1122.003: [GC (Allocation Failure) 2018-03-17T00:14:56.079+0500: 1122.003: [DefNew: 157248K->157248K(157248K), 0.0000171 secs]2018-03-17T00:14:56.079+0500: 1122.003: [Tenured: 327463K->55022K(349568K), 0.2361520 secs] 484711K->55022K(506816K), [Metaspace: 5350K->5350K(1056768K)], 0.2362436 secs] [Times: user=0.24 sys=0.00, real=0.24 secs] 
2018-03-17T00:14:56.344+0500: 1122.268: [GC (Allocation Failure) 2018-03-17T00:14:56.344+0500: 1122.268: [DefNew: 139776K->17472K(157248K), 0.2559614 secs] 194798K->194797K(506816K), 0.2560349 secs] [Times: user=0.26 sys=0.00, real=0.26 secs] 
2018-03-17T00:14:56.626+0500: 1122.550: [GC (Allocation Failure) 2018-03-17T00:14:56.626+0500: 1122.550: [DefNew: 157248K->17471K(157248K), 0.2575347 secs] 334573K->334572K(506816K), 0.2576173 secs] [Times: user=0.27 sys=0.00, real=0.26 secs] 
2018-03-17T00:14:56.911+0500: 1122.835: [GC (Allocation Failure) 2018-03-17T00:14:56.911+0500: 1122.835: [DefNew: 157247K->157247K(157248K), 0.0000171 secs]2018-03-17T00:14:56.911+0500: 1122.835: [Tenured: 317100K->44659K(349568K), 0.2029315 secs] 474348K->44659K(506816K), [Metaspace: 5350K->5350K(1056768K)], 0.2030213 secs] [Times: user=0.20 sys=0.00, real=0.20 secs] 
2018-03-17T00:14:57.142+0500: 1123.066: [GC (Allocation Failure) 2018-03-17T00:14:57.142+0500: 1123.066: [DefNew: 139776K->17471K(157248K), 0.2832299 secs] 184435K->184434K(506816K), 0.2832923 secs] [Times: user=0.28 sys=0.00, real=0.28 secs] 
2018-03-17T00:14:57.450+0500: 1123.375: [GC (Allocation Failure) 2018-03-17T00:14:57.451+0500: 1123.375: [DefNew: 157247K->17472K(157248K), 0.2522536 secs] 324210K->324208K(506816K), 0.2523268 secs] [Times: user=0.25 sys=0.00, real=0.25 secs] 
2018-03-17T00:14:57.728+0500: 1123.652: [GC (Allocation Failure) 2018-03-17T00:14:57.728+0500: 1123.652: [DefNew: 157248K->157248K(157248K), 0.0000167 secs]2018-03-17T00:14:57.728+0500: 1123.652: [Tenured: 306736K->34272K(349568K), 0.1778727 secs] 463984K->34272K(506816K), [Metaspace: 5350K->5350K(1056768K)], 0.1779621 secs] [Times: user=0.17 sys=0.00, real=0.18 secs] 
2018-03-17T00:14:57.936+0500: 1123.859: [GC (Allocation Failure) 2018-03-17T00:14:57.936+0500: 1123.859: [DefNew: 139776K->17472K(157248K), 0.2551937 secs] 174048K->174046K(506816K), 0.2552669 secs] [Times: user=0.25 sys=0.00, real=0.25 secs] 
2018-03-17T00:14:58.216+0500: 1124.140: [GC (Allocation Failure) 2018-03-17T00:14:58.216+0500: 1124.140: [DefNew: 157248K->17472K(157248K), 0.2518067 secs] 313822K->313821K(506816K), 0.2518764 secs] [Times: user=0.25 sys=0.00, real=0.25 secs] 
2018-03-17T00:14:58.493+0500: 1124.417: [GC (Allocation Failure) 2018-03-17T00:14:58.493+0500: 1124.417: [DefNew: 157248K->157248K(157248K), 0.0000171 secs]2018-03-17T00:14:58.493+0500: 1124.417: [Tenured: 296349K->23908K(349568K), 0.1542175 secs] 453597K->23908K(506816K), [Metaspace: 5350K->5350K(1056768K)], 0.1543094 secs] [Times: user=0.16 sys=0.00, real=0.15 secs] 
2018-03-17T00:14:58.676+0500: 1124.600: [GC (Allocation Failure) 2018-03-17T00:14:58.676+0500: 1124.600: [DefNew: 139776K->17472K(157248K), 0.2567295 secs] 163684K->163683K(506816K), 0.2567915 secs] [Times: user=0.27 sys=0.00, real=0.26 secs] 
2018-03-17T00:14:58.963+0500: 1124.887: [GC (Allocation Failure) 2018-03-17T00:14:58.963+0500: 1124.887: [DefNew: 157248K->17472K(157248K), 0.2547751 secs] 303459K->303458K(506816K), 0.2548495 secs] [Times: user=0.25 sys=0.00, real=0.25 secs] 
2018-03-17T00:14:59.243+0500: 1125.167: [GC (Allocation Failure) 2018-03-17T00:14:59.243+0500: 1125.167: [DefNew: 146063K->146063K(157248K), 0.0000171 secs]2018-03-17T00:14:59.243+0500: 1125.167: [Tenured: 285986K->715K(349568K), 0.1373773 secs] 432050K->715K(506816K), [Metaspace: 5350K->5350K(1056768K)], 0.1374646 secs] [Times: user=0.13 sys=0.00, real=0.14 secs] 
2018-03-17T00:14:59.407+0500: 1125.330: [GC (Allocation Failure) 2018-03-17T00:14:59.407+0500: 1125.330: [DefNew: 139776K->17472K(157248K), 0.2242705 secs] 140491K->140490K(506816K), 0.2243326 secs] [Times: user=0.22 sys=0.00, real=0.22 secs] 
2018-03-17T00:14:59.656+0500: 1125.580: [GC (Allocation Failure) 2018-03-17T00:14:59.656+0500: 1125.580: [DefNew: 157248K->17472K(157248K), 0.2560405 secs] 280266K->280229K(506816K), 0.2561038 secs] [Times: user=0.23 sys=0.00, real=0.26 secs] 
2018-03-17T00:14:59.941+0500: 1125.865: [GC (Allocation Failure) 2018-03-17T00:14:59.941+0500: 1125.865: [DefNew: 157248K->157248K(157248K), 0.0000171 secs]2018-03-17T00:14:59.941+0500: 1125.865: [Tenured: 262757K->205160K(349568K), 0.4876641 secs] 420005K->205160K(506816K), [Metaspace: 5350K->5350K(1056768K)], 0.4877544 secs] [Times: user=0.50 sys=0.00, real=0.49 secs] 
2018-03-17T00:15:00.453+0500: 1126.378: [GC (Allocation Failure) 2018-03-17T00:15:00.453+0500: 1126.378: [DefNew: 139776K->17472K(157248K), 0.2248492 secs] 344936K->344935K(506816K), 0.2249133 secs] [Times: user=0.23 sys=0.00, real=0.22 secs] 
2018-03-17T00:15:00.704+0500: 1126.629: [GC (Allocation Failure) 2018-03-17T00:15:00.704+0500: 1126.629: [DefNew: 157248K->157248K(157248K), 0.0000158 secs]2018-03-17T00:15:00.704+0500: 1126.629: [Tenured: 327463K->55022K(349568K), 0.2211829 secs] 484711K->55022K(506816K), [Metaspace: 5350K->5350K(1056768K)], 0.2212748 secs] [Times: user=0.22 sys=0.00, real=0.22 secs] 
2018-03-17T00:15:00.955+0500: 1126.879: [GC (Allocation Failure) 2018-03-17T00:15:00.955+0500: 1126.879: [DefNew: 139776K->17472K(157248K), 0.3144109 secs] 194798K->194797K(506816K), 0.3144922 secs] [Times: user=0.31 sys=0.00, real=0.32 secs] 
2018-03-17T00:15:01.298+0500: 1127.222: [GC (Allocation Failure) 2018-03-17T00:15:01.298+0500: 1127.222: [DefNew: 157248K->17471K(157248K), 0.2509061 secs] 334573K->334572K(506816K), 0.2509732 secs] [Times: user=0.25 sys=0.00, real=0.25 secs] 
2018-03-17T00:15:01.575+0500: 1127.499: [GC (Allocation Failure) 2018-03-17T00:15:01.575+0500: 1127.499: [DefNew: 157247K->157247K(157248K), 0.0000265 secs]2018-03-17T00:15:01.575+0500: 1127.499: [Tenured: 317100K->44659K(349568K), 0.1996471 secs] 474348K->44659K(506816K), [Metaspace: 5350K->5350K(1056768K)], 0.1997523 secs] [Times: user=0.20 sys=0.00, real=0.20 secs] 
2018-03-17T00:15:01.803+0500: 1127.727: [GC (Allocation Failure) 2018-03-17T00:15:01.803+0500: 1127.727: [DefNew: 139776K->17471K(157248K), 0.3246327 secs] 184435K->184434K(506816K), 0.3246943 secs] [Times: user=0.31 sys=0.00, real=0.33 secs] 
2018-03-17T00:15:02.154+0500: 1128.077: [GC (Allocation Failure) 2018-03-17T00:15:02.154+0500: 1128.077: [DefNew: 157247K->17472K(157248K), 0.2513804 secs] 324210K->324208K(506816K), 0.2514526 secs] [Times: user=0.25 sys=0.00, real=0.25 secs] 
2018-03-17T00:15:02.431+0500: 1128.355: [GC (Allocation Failure) 2018-03-17T00:15:02.431+0500: 1128.355: [DefNew: 157248K->157248K(157248K), 0.0000167 secs]2018-03-17T00:15:02.431+0500: 1128.355: [Tenured: 306736K->34272K(349568K), 0.1765093 secs] 463984K->34272K(506816K), [Metaspace: 5350K->5350K(1056768K)], 0.1765961 secs] [Times: user=0.17 sys=0.00, real=0.18 secs] 
2018-03-17T00:15:02.637+0500: 1128.561: [GC (Allocation Failure) 2018-03-17T00:15:02.637+0500: 1128.561: [DefNew: 139776K->17472K(157248K), 0.2570917 secs] 174048K->174046K(506816K), 0.2571575 secs] [Times: user=0.25 sys=0.00, real=0.26 secs] 
2018-03-17T00:15:02.920+0500: 1128.844: [GC (Allocation Failure) 2018-03-17T00:15:02.920+0500: 1128.844: [DefNew: 157248K->17472K(157248K), 0.2516143 secs] 313822K->313821K(506816K), 0.2516784 secs] [Times: user=0.25 sys=0.00, real=0.25 secs] 
2018-03-17T00:15:03.197+0500: 1129.121: [GC (Allocation Failure) 2018-03-17T00:15:03.197+0500: 1129.121: [DefNew: 157248K->157248K(157248K), 0.0000299 secs]2018-03-17T00:15:03.197+0500: 1129.121: [Tenured: 296349K->23908K(349568K), 0.1550274 secs] 453597K->23908K(506816K), [Metaspace: 5350K->5350K(1056768K)], 0.1551574 secs] [Times: user=0.16 sys=0.00, real=0.15 secs] 
2018-03-17T00:15:03.380+0500: 1129.304: [GC (Allocation Failure) 2018-03-17T00:15:03.380+0500: 1129.304: [DefNew: 139776K->17472K(157248K), 0.2581180 secs] 163684K->163683K(506816K), 0.2581818 secs] [Times: user=0.27 sys=0.00, real=0.26 secs] 
2018-03-17T00:15:03.664+0500: 1129.588: [GC (Allocation Failure) 2018-03-17T00:15:03.664+0500: 1129.588: [DefNew: 157248K->17472K(157248K), 0.2553836 secs] 303459K->303458K(506816K), 0.2554473 secs] [Times: user=0.25 sys=0.00, real=0.26 secs] 
2018-03-17T00:15:03.946+0500: 1129.870: [GC (Allocation Failure) 2018-03-17T00:15:03.946+0500: 1129.870: [DefNew: 146063K->146063K(157248K), 0.0000163 secs]2018-03-17T00:15:03.946+0500: 1129.870: [Tenured: 285986K->715K(349568K), 0.1371434 secs] 432050K->715K(506816K), [Metaspace: 5350K->5350K(1056768K)], 0.1372302 secs] [Times: user=0.13 sys=0.00, real=0.14 secs] 
2018-03-17T00:15:04.109+0500: 1130.033: [GC (Allocation Failure) 2018-03-17T00:15:04.109+0500: 1130.033: [DefNew: 139776K->17472K(157248K), 0.2234914 secs] 140491K->140490K(506816K), 0.2235546 secs] [Times: user=0.22 sys=0.00, real=0.22 secs] 
2018-03-17T00:15:04.358+0500: 1130.282: [GC (Allocation Failure) 2018-03-17T00:15:04.358+0500: 1130.282: [DefNew: 157248K->17472K(157248K), 0.2620114 secs] 280266K->280229K(506816K), 0.2620717 secs] [Times: user=0.26 sys=0.00, real=0.26 secs] 
2018-03-17T00:15:04.648+0500: 1130.572: [GC (Allocation Failure) 2018-03-17T00:15:04.648+0500: 1130.572: [DefNew: 157248K->157248K(157248K), 0.0000175 secs]2018-03-17T00:15:04.648+0500: 1130.572: [Tenured: 262757K->205160K(349568K), 0.4797812 secs] 420005K->205160K(506816K), [Metaspace: 5350K->5350K(1056768K)], 0.4798723 secs] [Times: user=0.47 sys=0.00, real=0.48 secs] 
2018-03-17T00:15:05.154+0500: 1131.077: [GC (Allocation Failure) 2018-03-17T00:15:05.154+0500: 1131.077: [DefNew: 139776K->17472K(157248K), 0.2407882 secs] 344936K->344935K(506816K), 0.2408562 secs] [Times: user=0.23 sys=0.00, real=0.24 secs] 
2018-03-17T00:15:05.422+0500: 1131.346: [GC (Allocation Failure) 2018-03-17T00:15:05.422+0500: 1131.346: [DefNew: 157248K->157248K(157248K), 0.0000158 secs]2018-03-17T00:15:05.422+0500: 1131.346: [Tenured: 327463K->55022K(349568K), 0.2259251 secs] 484711K->55022K(506816K), [Metaspace: 5350K->5350K(1056768K)], 0.2260214 secs] [Times: user=0.23 sys=0.00, real=0.23 secs] 
2018-03-17T00:15:05.677+0500: 1131.601: [GC (Allocation Failure) 2018-03-17T00:15:05.677+0500: 1131.601: [DefNew: 139776K->17472K(157248K), 0.2616381 secs] 194798K->194797K(506816K), 0.2616975 secs] [Times: user=0.27 sys=0.00, real=0.26 secs] 
2018-03-17T00:15:05.964+0500: 1131.888: [GC (Allocation Failure) 2018-03-17T00:15:05.964+0500: 1131.888: [DefNew: 157248K->17471K(157248K), 0.2511370 secs] 334573K->334572K(506816K), 0.2512033 secs] [Times: user=0.25 sys=0.00, real=0.25 secs] 
2018-03-17T00:15:06.243+0500: 1132.168: [GC (Allocation Failure) 2018-03-17T00:15:06.243+0500: 1132.168: [DefNew: 157247K->157247K(157248K), 0.0000171 secs]2018-03-17T00:15:06.243+0500: 1132.168: [Tenured: 317100K->44659K(349568K), 0.2068856 secs] 474348K->44659K(506816K), [Metaspace: 5350K->5350K(1056768K)], 0.2069788 secs] [Times: user=0.20 sys=0.00, real=0.21 secs] 
2018-03-17T00:15:06.480+0500: 1132.403: [GC (Allocation Failure) 2018-03-17T00:15:06.480+0500: 1132.403: [DefNew: 139776K->17471K(157248K), 0.2692665 secs] 184435K->184434K(506816K), 0.2693294 secs] [Times: user=0.27 sys=0.00, real=0.27 secs] 
2018-03-17T00:15:06.774+0500: 1132.698: [GC (Allocation Failure) 2018-03-17T00:15:06.774+0500: 1132.698: [DefNew: 157247K->17472K(157248K), 0.2514920 secs] 324210K->324208K(506816K), 0.2515570 secs] [Times: user=0.25 sys=0.00, real=0.25 secs] 
2018-03-17T00:15:07.051+0500: 1132.975: [GC (Allocation Failure) 2018-03-17T00:15:07.051+0500: 1132.975: [DefNew: 157248K->157248K(157248K), 0.0000167 secs]2018-03-17T00:15:07.051+0500: 1132.975: [Tenured: 306736K->34272K(349568K), 0.1842020 secs] 463984K->34272K(506816K), [Metaspace: 5350K->5350K(1056768K)], 0.1842918 secs] [Times: user=0.17 sys=0.00, real=0.18 secs] 
2018-03-17T00:15:07.268+0500: 1133.192: [GC (Allocation Failure) 2018-03-17T00:15:07.268+0500: 1133.192: [DefNew: 139776K->17472K(157248K), 0.2587048 secs] 174048K->174046K(506816K), 0.2587672 secs] [Times: user=0.26 sys=0.00, real=0.26 secs] 
2018-03-17T00:15:07.554+0500: 1133.479: [GC (Allocation Failure) 2018-03-17T00:15:07.554+0500: 1133.479: [DefNew: 157248K->17472K(157248K), 0.2560465 secs] 313822K->313821K(506816K), 0.2561106 secs] [Times: user=0.25 sys=0.00, real=0.26 secs] 
2018-03-17T00:15:07.837+0500: 1133.760: [GC (Allocation Failure) 2018-03-17T00:15:07.837+0500: 1133.760: [DefNew: 157248K->157248K(157248K), 0.0000167 secs]2018-03-17T00:15:07.837+0500: 1133.760: [Tenured: 296349K->23908K(349568K), 0.1551639 secs] 453597K->23908K(506816K), [Metaspace: 5350K->5350K(1056768K)], 0.1552532 secs] [Times: user=0.16 sys=0.00, real=0.16 secs] 
2018-03-17T00:15:08.020+0500: 1133.943: [GC (Allocation Failure) 2018-03-17T00:15:08.020+0500: 1133.943: [DefNew: 139776K->17472K(157248K), 0.2555316 secs] 163684K->163683K(506816K), 0.2555962 secs] [Times: user=0.26 sys=0.00, real=0.26 secs] 
2018-03-17T00:15:08.301+0500: 1134.224: [GC (Allocation Failure) 2018-03-17T00:15:08.301+0500: 1134.224: [DefNew: 157248K->17472K(157248K), 0.2546729 secs] 303459K->303458K(506816K), 0.2547511 secs] [Times: user=0.27 sys=0.00, real=0.25 secs] 
2018-03-17T00:15:08.581+0500: 1134.505: [GC (Allocation Failure) 2018-03-17T00:15:08.581+0500: 1134.505: [DefNew: 146063K->146063K(157248K), 0.0000171 secs]2018-03-17T00:15:08.581+0500: 1134.505: [Tenured: 285986K->715K(349568K), 0.1360503 secs] 432050K->715K(506816K), [Metaspace: 5350K->5350K(1056768K)], 0.1361478 secs] [Times: user=0.14 sys=0.00, real=0.14 secs] 
2018-03-17T00:15:08.742+0500: 1134.666: [GC (Allocation Failure) 2018-03-17T00:15:08.742+0500: 1134.666: [DefNew: 139776K->17472K(157248K), 0.2232100 secs] 140491K->140490K(506816K), 0.2232720 secs] [Times: user=0.22 sys=0.00, real=0.22 secs] 
2018-03-17T00:15:08.991+0500: 1134.915: [GC (Allocation Failure) 2018-03-17T00:15:08.991+0500: 1134.915: [DefNew: 157248K->17472K(157248K), 0.2576998 secs] 280266K->280229K(506816K), 0.2577939 secs] [Times: user=0.25 sys=0.00, real=0.26 secs] 
2018-03-17T00:15:09.277+0500: 1135.201: [GC (Allocation Failure) 2018-03-17T00:15:09.277+0500: 1135.201: [DefNew: 157248K->157248K(157248K), 0.0000167 secs]2018-03-17T00:15:09.277+0500: 1135.201: [Tenured: 262757K->205160K(349568K), 0.4712893 secs] 420005K->205160K(506816K), [Metaspace: 5350K->5350K(1056768K)], 0.4713825 secs] [Times: user=0.47 sys=0.00, real=0.47 secs] 
2018-03-17T00:15:09.774+0500: 1135.697: [GC (Allocation Failure) 2018-03-17T00:15:09.774+0500: 1135.698: [DefNew: 139776K->17472K(157248K), 0.2229649 secs] 344936K->344935K(506816K), 0.2230620 secs] [Times: user=0.22 sys=0.00, real=0.22 secs] 
2018-03-17T00:15:10.023+0500: 1135.947: [GC (Allocation Failure) 2018-03-17T00:15:10.023+0500: 1135.947: [DefNew: 157248K->157248K(157248K), 0.0000252 secs]2018-03-17T00:15:10.023+0500: 1135.947: [Tenured: 327463K->55022K(349568K), 0.2207800 secs] 484711K->55022K(506816K), [Metaspace: 5350K->5350K(1056768K)], 0.2208895 secs] [Times: user=0.22 sys=0.00, real=0.22 secs] 
2018-03-17T00:15:10.272+0500: 1136.196: [GC (Allocation Failure) 2018-03-17T00:15:10.272+0500: 1136.196: [DefNew: 139776K->17472K(157248K), 0.2576900 secs] 194798K->194797K(506816K), 0.2577712 secs] [Times: user=0.25 sys=0.00, real=0.26 secs] 
2018-03-17T00:15:10.556+0500: 1136.481: [GC (Allocation Failure) 2018-03-17T00:15:10.556+0500: 1136.481: [DefNew: 157248K->17471K(157248K), 0.2701638 secs] 334573K->334572K(506816K), 0.2702249 secs] [Times: user=0.27 sys=0.00, real=0.27 secs] 
2018-03-17T00:15:10.854+0500: 1136.778: [GC (Allocation Failure) 2018-03-17T00:15:10.854+0500: 1136.778: [DefNew: 157247K->157247K(157248K), 0.0000175 secs]2018-03-17T00:15:10.854+0500: 1136.778: [Tenured: 317100K->44659K(349568K), 0.2119712 secs] 474348K->44659K(506816K), [Metaspace: 5350K->5350K(1056768K)], 0.2120657 secs] [Times: user=0.20 sys=0.00, real=0.21 secs] 
2018-03-17T00:15:11.098+0500: 1137.022: [GC (Allocation Failure) 2018-03-17T00:15:11.098+0500: 1137.022: [DefNew: 139776K->17471K(157248K), 0.2797402 secs] 184435K->184434K(506816K), 0.2798189 secs] [Times: user=0.27 sys=0.00, real=0.28 secs] 
2018-03-17T00:15:11.406+0500: 1137.330: [GC (Allocation Failure) 2018-03-17T00:15:11.406+0500: 1137.330: [DefNew: 157247K->17472K(157248K), 0.3394342 secs] 324210K->324208K(506816K), 0.3395262 secs] [Times: user=0.34 sys=0.00, real=0.34 secs] 
2018-03-17T00:15:11.780+0500: 1137.705: [GC (Allocation Failure) 2018-03-17T00:15:11.780+0500: 1137.705: [DefNew: 157248K->157248K(157248K), 0.0000261 secs]2018-03-17T00:15:11.780+0500: 1137.705: [Tenured: 306736K->34272K(349568K), 0.1915546 secs] 463984K->34272K(506816K), [Metaspace: 5350K->5350K(1056768K)], 0.1917022 secs] [Times: user=0.19 sys=0.00, real=0.19 secs] 
2018-03-17T00:15:12.010+0500: 1137.935: [GC (Allocation Failure) 2018-03-17T00:15:12.010+0500: 1137.935: [DefNew: 139776K->17472K(157248K), 0.2625554 secs] 174048K->174046K(506816K), 0.2630262 secs] [Times: user=0.26 sys=0.00, real=0.27 secs] 
2018-03-17T00:15:12.302+0500: 1138.225: [GC (Allocation Failure) 2018-03-17T00:15:12.302+0500: 1138.225: [DefNew: 157248K->17472K(157248K), 0.2588955 secs] 313822K->313821K(506816K), 0.2589665 secs] [Times: user=0.23 sys=0.00, real=0.26 secs] 
2018-03-17T00:15:12.586+0500: 1138.510: [GC (Allocation Failure) 2018-03-17T00:15:12.586+0500: 1138.510: [DefNew: 157248K->157248K(157248K), 0.0000167 secs]2018-03-17T00:15:12.586+0500: 1138.510: [Tenured: 296349K->23908K(349568K), 0.1584269 secs] 453597K->23908K(506816K), [Metaspace: 5350K->5350K(1056768K)], 0.1585149 secs] [Times: user=0.16 sys=0.00, real=0.16 secs] 
2018-03-17T00:15:12.774+0500: 1138.698: [GC (Allocation Failure) 2018-03-17T00:15:12.774+0500: 1138.698: [DefNew: 139776K->17472K(157248K), 0.2573051 secs] 163684K->163683K(506816K), 0.2573671 secs] [Times: user=0.25 sys=0.00, real=0.26 secs] 
2018-03-17T00:15:13.057+0500: 1138.981: [GC (Allocation Failure) 2018-03-17T00:15:13.057+0500: 1138.981: [DefNew: 157248K->17472K(157248K), 0.2540369 secs] 303459K->303458K(506816K), 0.2541007 secs] [Times: user=0.24 sys=0.00, real=0.25 secs] 
2018-03-17T00:15:13.336+0500: 1139.261: [GC (Allocation Failure) 2018-03-17T00:15:13.336+0500: 1139.261: [DefNew: 146063K->146063K(157248K), 0.0000171 secs]2018-03-17T00:15:13.336+0500: 1139.261: [Tenured: 285986K->715K(349568K), 0.1382510 secs] 432050K->715K(506816K), [Metaspace: 5350K->5350K(1056768K)], 0.1383404 secs] [Times: user=0.14 sys=0.00, real=0.14 secs] 
2018-03-17T00:15:13.507+0500: 1139.430: [GC (Allocation Failure) 2018-03-17T00:15:13.507+0500: 1139.430: [DefNew: 139776K->17472K(157248K), 0.2284008 secs] 140491K->140490K(506816K), 0.2284684 secs] [Times: user=0.22 sys=0.00, real=0.23 secs] 
2018-03-17T00:15:13.762+0500: 1139.686: [GC (Allocation Failure) 2018-03-17T00:15:13.762+0500: 1139.686: [DefNew: 157248K->17472K(157248K), 0.2596486 secs] 280266K->280229K(506816K), 0.2597102 secs] [Times: user=0.27 sys=0.00, real=0.26 secs] 
2018-03-17T00:15:14.050+0500: 1139.974: [GC (Allocation Failure) 2018-03-17T00:15:14.050+0500: 1139.974: [DefNew: 157248K->157248K(157248K), 0.0000163 secs]2018-03-17T00:15:14.050+0500: 1139.974: [Tenured: 262757K->205160K(349568K), 0.4722776 secs] 420005K->205160K(506816K), [Metaspace: 5350K->5350K(1056768K)], 0.4723691 secs] [Times: user=0.48 sys=0.00, real=0.47 secs] 
2018-03-17T00:15:14.548+0500: 1140.472: [GC (Allocation Failure) 2018-03-17T00:15:14.548+0500: 1140.472: [DefNew: 139776K->17472K(157248K), 0.2232985 secs] 344936K->344935K(506816K), 0.2233626 secs] [Times: user=0.23 sys=0.00, real=0.22 secs] 
2018-03-17T00:15:14.797+0500: 1140.722: [GC (Allocation Failure) 2018-03-17T00:15:14.797+0500: 1140.722: [DefNew: 157248K->157248K(157248K), 0.0000218 secs]2018-03-17T00:15:14.797+0500: 1140.722: [Tenured: 327463K->55022K(349568K), 0.2209173 secs] 484711K->55022K(506816K), [Metaspace: 5350K->5350K(1056768K)], 0.2210178 secs] [Times: user=0.22 sys=0.00, real=0.22 secs] 
2018-03-17T00:15:15.049+0500: 1140.972: [GC (Allocation Failure) 2018-03-17T00:15:15.049+0500: 1140.972: [DefNew: 139776K->17472K(157248K), 0.2548328 secs] 194798K->194797K(506816K), 0.2549158 secs] [Times: user=0.27 sys=0.00, real=0.25 secs] 
2018-03-17T00:15:15.328+0500: 1141.252: [GC (Allocation Failure) 2018-03-17T00:15:15.328+0500: 1141.252: [DefNew: 157248K->17471K(157248K), 0.2523623 secs] 334573K->334572K(506816K), 0.2524230 secs] [Times: user=0.25 sys=0.00, real=0.25 secs] 
2018-03-17T00:15:15.606+0500: 1141.530: [GC (Allocation Failure) 2018-03-17T00:15:15.606+0500: 1141.530: [DefNew: 157247K->157247K(157248K), 0.0000175 secs]2018-03-17T00:15:15.606+0500: 1141.530: [Tenured: 317100K->44659K(349568K), 0.2026150 secs] 474348K->44659K(506816K), [Metaspace: 5350K->5350K(1056768K)], 0.2027061 secs] [Times: user=0.20 sys=0.00, real=0.20 secs] 
2018-03-17T00:15:15.838+0500: 1141.762: [GC (Allocation Failure) 2018-03-17T00:15:15.838+0500: 1141.762: [DefNew: 139776K->17471K(157248K), 0.2543949 secs] 184435K->184434K(506816K), 0.2544680 secs] [Times: user=0.25 sys=0.00, real=0.25 secs] 
2018-03-17T00:15:16.117+0500: 1142.042: [GC (Allocation Failure) 2018-03-17T00:15:16.117+0500: 1142.042: [DefNew: 157247K->17472K(157248K), 0.2506166 secs] 324210K->324208K(506816K), 0.2506782 secs] [Times: user=0.23 sys=0.00, real=0.25 secs] 
2018-03-17T00:15:16.394+0500: 1142.318: [GC (Allocation Failure) 2018-03-17T00:15:16.394+0500: 1142.318: [DefNew: 157248K->157248K(157248K), 0.0000163 secs]2018-03-17T00:15:16.394+0500: 1142.318: [Tenured: 306736K->34272K(349568K), 0.1769370 secs] 463984K->34272K(506816K), [Metaspace: 5350K->5350K(1056768K)], 0.1770255 secs] [Times: user=0.19 sys=0.00, real=0.18 secs] 
2018-03-17T00:15:16.601+0500: 1142.524: [GC (Allocation Failure) 2018-03-17T00:15:16.601+0500: 1142.524: [DefNew: 139776K->17472K(157248K), 0.2567333 secs] 174048K->174046K(506816K), 0.2568051 secs] [Times: user=0.25 sys=0.00, real=0.26 secs] 
2018-03-17T00:15:16.883+0500: 1142.806: [GC (Allocation Failure) 2018-03-17T00:15:16.883+0500: 1142.806: [DefNew: 157248K->17472K(157248K), 0.2562530 secs] 313822K->313821K(506816K), 0.2563159 secs] [Times: user=0.25 sys=0.00, real=0.26 secs] 
2018-03-17T00:15:17.164+0500: 1143.088: [GC (Allocation Failure) 2018-03-17T00:15:17.164+0500: 1143.088: [DefNew: 157248K->157248K(157248K), 0.0000167 secs]2018-03-17T00:15:17.164+0500: 1143.088: [Tenured: 296349K->23908K(349568K), 0.1552233 secs] 453597K->23908K(506816K), [Metaspace: 5350K->5350K(1056768K)], 0.1553345 secs] [Times: user=0.16 sys=0.00, real=0.16 secs] 
2018-03-17T00:15:17.348+0500: 1143.272: [GC (Allocation Failure) 2018-03-17T00:15:17.348+0500: 1143.272: [DefNew: 139776K->17472K(157248K), 0.2613648 secs] 163684K->163683K(506816K), 0.2614306 secs] [Times: user=0.27 sys=0.00, real=0.26 secs] 
2018-03-17T00:15:17.635+0500: 1143.559: [GC (Allocation Failure) 2018-03-17T00:15:17.635+0500: 1143.559: [DefNew: 157248K->17472K(157248K), 0.2537166 secs] 303459K->303458K(506816K), 0.2537851 secs] [Times: user=0.25 sys=0.00, real=0.26 secs] 
2018-03-17T00:15:17.915+0500: 1143.839: [GC (Allocation Failure) 2018-03-17T00:15:17.915+0500: 1143.839: [DefNew: 146063K->146063K(157248K), 0.0000175 secs]2018-03-17T00:15:17.915+0500: 1143.839: [Tenured: 285986K->715K(349568K), 0.1367978 secs] 432050K->715K(506816K), [Metaspace: 5350K->5350K(1056768K)], 0.1368829 secs] [Times: user=0.13 sys=0.00, real=0.14 secs] 
2018-03-17T00:15:18.077+0500: 1144.001: [GC (Allocation Failure) 2018-03-17T00:15:18.077+0500: 1144.001: [DefNew: 139776K->17472K(157248K), 0.2219120 secs] 140491K->140490K(506816K), 0.2219740 secs] [Times: user=0.22 sys=0.00, real=0.22 secs] 
2018-03-17T00:15:18.325+0500: 1144.248: [GC (Allocation Failure) 2018-03-17T00:15:18.325+0500: 1144.249: [DefNew: 157248K->17472K(157248K), 0.2595006 secs] 280266K->280229K(506816K), 0.2595644 secs] [Times: user=0.26 sys=0.00, real=0.26 secs] 
2018-03-17T00:15:18.612+0500: 1144.536: [GC (Allocation Failure) 2018-03-17T00:15:18.612+0500: 1144.537: [DefNew: 157248K->157248K(157248K), 0.0000167 secs]2018-03-17T00:15:18.612+0500: 1144.537: [Tenured: 262757K->205160K(349568K), 0.4700786 secs] 420005K->205160K(506816K), [Metaspace: 5350K->5350K(1056768K)], 0.4701697 secs] [Times: user=0.47 sys=0.00, real=0.47 secs] 
2018-03-17T00:15:19.109+0500: 1145.032: [GC (Allocation Failure) 2018-03-17T00:15:19.109+0500: 1145.032: [DefNew: 139776K->17472K(157248K), 0.2234610 secs] 344936K->344935K(506816K), 0.2235239 secs] [Times: user=0.22 sys=0.00, real=0.22 secs] 
2018-03-17T00:15:19.358+0500: 1145.282: [GC (Allocation Failure) 2018-03-17T00:15:19.358+0500: 1145.282: [DefNew: 157248K->157248K(157248K), 0.0000163 secs]2018-03-17T00:15:19.358+0500: 1145.282: [Tenured: 327463K->55022K(349568K), 0.2214758 secs] 484711K->55022K(506816K), [Metaspace: 5350K->5350K(1056768K)], 0.2215909 secs] [Times: user=0.22 sys=0.00, real=0.22 secs] 
2018-03-17T00:15:19.609+0500: 1145.532: [GC (Allocation Failure) 2018-03-17T00:15:19.609+0500: 1145.532: [DefNew: 139776K->17472K(157248K), 0.2552583 secs] 194798K->194797K(506816K), 0.2553246 secs] [Times: user=0.23 sys=0.00, real=0.26 secs] 
2018-03-17T00:15:19.889+0500: 1145.813: [GC (Allocation Failure) 2018-03-17T00:15:19.889+0500: 1145.813: [DefNew: 157248K->17471K(157248K), 0.2496680 secs] 334573K->334572K(506816K), 0.2497305 secs] [Times: user=0.25 sys=0.00, real=0.25 secs] 
2018-03-17T00:15:20.164+0500: 1146.088: [GC (Allocation Failure) 2018-03-17T00:15:20.164+0500: 1146.088: [DefNew: 157247K->157247K(157248K), 0.0000158 secs]2018-03-17T00:15:20.164+0500: 1146.088: [Tenured: 317100K->44659K(349568K), 0.1989402 secs] 474348K->44659K(506816K), [Metaspace: 5350K->5350K(1056768K)], 0.1990283 secs] [Times: user=0.19 sys=0.00, real=0.20 secs] 
2018-03-17T00:15:20.392+0500: 1146.316: [GC (Allocation Failure) 2018-03-17T00:15:20.392+0500: 1146.316: [DefNew: 139776K->17471K(157248K), 0.2555684 secs] 184435K->184434K(506816K), 0.2556321 secs] [Times: user=0.27 sys=0.00, real=0.26 secs] 
2018-03-17T00:15:20.678+0500: 1146.601: [GC (Allocation Failure) 2018-03-17T00:15:20.678+0500: 1146.601: [DefNew: 157247K->17472K(157248K), 0.2578662 secs] 324210K->324208K(506816K), 0.2579354 secs] [Times: user=0.25 sys=0.00, real=0.26 secs] 
2018-03-17T00:15:20.961+0500: 1146.885: [GC (Allocation Failure) 2018-03-17T00:15:20.961+0500: 1146.885: [DefNew: 157248K->157248K(157248K), 0.0000163 secs]2018-03-17T00:15:20.961+0500: 1146.885: [Tenured: 306736K->34272K(349568K), 0.1780690 secs] 463984K->34272K(506816K), [Metaspace: 5350K->5350K(1056768K)], 0.1781584 secs] [Times: user=0.17 sys=0.00, real=0.18 secs] 
2018-03-17T00:15:21.168+0500: 1147.092: [GC (Allocation Failure) 2018-03-17T00:15:21.168+0500: 1147.092: [DefNew: 139776K->17472K(157248K), 0.2601930 secs] 174048K->174046K(506816K), 0.2602555 secs] [Times: user=0.27 sys=0.00, real=0.26 secs] 
2018-03-17T00:15:21.459+0500: 1147.383: [GC (Allocation Failure) 2018-03-17T00:15:21.459+0500: 1147.383: [DefNew: 157248K->17472K(157248K), 0.2551852 secs] 313822K->313821K(506816K), 0.2552600 secs] [Times: user=0.25 sys=0.00, real=0.25 secs] 
2018-03-17T00:15:21.741+0500: 1147.665: [GC (Allocation Failure) 2018-03-17T00:15:21.741+0500: 1147.665: [DefNew: 157248K->157248K(157248K), 0.0000154 secs]2018-03-17T00:15:21.741+0500: 1147.665: [Tenured: 296349K->23908K(349568K), 0.1555363 secs] 453597K->23908K(506816K), [Metaspace: 5350K->5350K(1056768K)], 0.1556236 secs] [Times: user=0.16 sys=0.00, real=0.16 secs] 
2018-03-17T00:15:21.925+0500: 1147.849: [GC (Allocation Failure) 2018-03-17T00:15:21.925+0500: 1147.849: [DefNew: 139776K->17472K(157248K), 0.2556385 secs] 163684K->163683K(506816K), 0.2556992 secs] [Times: user=0.27 sys=0.00, real=0.26 secs] 
2018-03-17T00:15:22.206+0500: 1148.130: [GC (Allocation Failure) 2018-03-17T00:15:22.206+0500: 1148.130: [DefNew: 157248K->17472K(157248K), 0.2541225 secs] 303459K->303458K(506816K), 0.2541832 secs] [Times: user=0.27 sys=0.00, real=0.25 secs] 
2018-03-17T00:15:22.486+0500: 1148.410: [GC (Allocation Failure) 2018-03-17T00:15:22.486+0500: 1148.410: [DefNew: 146063K->146063K(157248K), 0.0000428 secs]2018-03-17T00:15:22.486+0500: 1148.410: [Tenured: 285986K->715K(349568K), 0.1379940 secs] 432050K->715K(506816K), [Metaspace: 5350K->5350K(1056768K)], 0.1381112 secs] [Times: user=0.14 sys=0.00, real=0.14 secs] 
2018-03-17T00:15:22.649+0500: 1148.573: [GC (Allocation Failure) 2018-03-17T00:15:22.649+0500: 1148.573: [DefNew: 139776K->17472K(157248K), 0.2227571 secs] 140491K->140490K(506816K), 0.2228204 secs] [Times: user=0.22 sys=0.00, real=0.22 secs] 
2018-03-17T00:15:22.897+0500: 1148.822: [GC (Allocation Failure) 2018-03-17T00:15:22.897+0500: 1148.822: [DefNew: 157248K->17472K(157248K), 0.2559028 secs] 280266K->280229K(506816K), 0.2559657 secs] [Times: user=0.25 sys=0.00, real=0.26 secs] 
2018-03-17T00:15:23.181+0500: 1149.106: [GC (Allocation Failure) 2018-03-17T00:15:23.181+0500: 1149.106: [DefNew: 157248K->157248K(157248K), 0.0000158 secs]2018-03-17T00:15:23.181+0500: 1149.106: [Tenured: 262757K->205160K(349568K), 0.4735661 secs] 420005K->205160K(506816K), [Metaspace: 5350K->5350K(1056768K)], 0.4736568 secs] [Times: user=0.47 sys=0.00, real=0.47 secs] 
2018-03-17T00:15:23.682+0500: 1149.605: [GC (Allocation Failure) 2018-03-17T00:15:23.682+0500: 1149.605: [DefNew: 139776K->17472K(157248K), 0.2250378 secs] 344936K->344935K(506816K), 0.2251224 secs] [Times: user=0.20 sys=0.00, real=0.23 secs] 
2018-03-17T00:15:23.933+0500: 1149.857: [GC (Allocation Failure) 2018-03-17T00:15:23.933+0500: 1149.857: [DefNew: 157248K->157248K(157248K), 0.0000163 secs]2018-03-17T00:15:23.933+0500: 1149.857: [Tenured: 327463K->55022K(349568K), 0.2226095 secs] 484711K->55022K(506816K), [Metaspace: 5350K->5350K(1056768K)], 0.2227028 secs] [Times: user=0.22 sys=0.00, real=0.22 secs] 
2018-03-17T00:15:24.185+0500: 1150.109: [GC (Allocation Failure) 2018-03-17T00:15:24.185+0500: 1150.109: [DefNew: 139776K->17472K(157248K), 0.2569394 secs] 194798K->194797K(506816K), 0.2570036 secs] [Times: user=0.25 sys=0.00, real=0.26 secs] 
2018-03-17T00:15:24.468+0500: 1150.392: [GC (Allocation Failure) 2018-03-17T00:15:24.468+0500: 1150.392: [DefNew: 157248K->17471K(157248K), 0.2520667 secs] 334573K->334572K(506816K), 0.2521467 secs] [Times: user=0.25 sys=0.00, real=0.25 secs] 
2018-03-17T00:15:24.746+0500: 1150.670: [GC (Allocation Failure) 2018-03-17T00:15:24.747+0500: 1150.670: [DefNew: 157247K->157247K(157248K), 0.0000278 secs]2018-03-17T00:15:24.747+0500: 1150.670: [Tenured: 317100K->44659K(349568K), 0.2002437 secs] 474348K->44659K(506816K), [Metaspace: 5350K->5350K(1056768K)], 0.2003899 secs] [Times: user=0.20 sys=0.00, real=0.20 secs] 
2018-03-17T00:15:24.976+0500: 1150.899: [GC (Allocation Failure) 2018-03-17T00:15:24.976+0500: 1150.899: [DefNew: 139776K->17471K(157248K), 0.2572165 secs] 184435K->184434K(506816K), 0.2572790 secs] [Times: user=0.25 sys=0.00, real=0.26 secs] 
2018-03-17T00:15:25.258+0500: 1151.182: [GC (Allocation Failure) 2018-03-17T00:15:25.258+0500: 1151.182: [DefNew: 157247K->17472K(157248K), 0.2512816 secs] 324210K->324208K(506816K), 0.2513461 secs] [Times: user=0.23 sys=0.00, real=0.25 secs] 
2018-03-17T00:15:25.535+0500: 1151.459: [GC (Allocation Failure) 2018-03-17T00:15:25.535+0500: 1151.459: [DefNew: 157248K->157248K(157248K), 0.0000171 secs]2018-03-17T00:15:25.535+0500: 1151.459: [Tenured: 306736K->34272K(349568K), 0.1789636 secs] 463984K->34272K(506816K), [Metaspace: 5350K->5350K(1056768K)], 0.1790740 secs] [Times: user=0.19 sys=0.00, real=0.18 secs] 
2018-03-17T00:15:25.745+0500: 1151.669: [GC (Allocation Failure) 2018-03-17T00:15:25.745+0500: 1151.669: [DefNew: 139776K->17472K(157248K), 0.2551993 secs] 174048K->174046K(506816K), 0.2552613 secs] [Times: user=0.25 sys=0.00, real=0.26 secs] 
2018-03-17T00:15:26.025+0500: 1151.949: [GC (Allocation Failure) 2018-03-17T00:15:26.025+0500: 1151.949: [DefNew: 157248K->17472K(157248K), 0.2517939 secs] 313822K->313821K(506816K), 0.2518555 secs] [Times: user=0.25 sys=0.00, real=0.25 secs] 
2018-03-17T00:15:26.303+0500: 1152.227: [GC (Allocation Failure) 2018-03-17T00:15:26.303+0500: 1152.227: [DefNew: 157248K->157248K(157248K), 0.0000163 secs]2018-03-17T00:15:26.303+0500: 1152.227: [Tenured: 296349K->23908K(349568K), 0.1554658 secs] 453597K->23908K(506816K), [Metaspace: 5350K->5350K(1056768K)], 0.1555526 secs] [Times: user=0.14 sys=0.00, real=0.16 secs] 
2018-03-17T00:15:26.487+0500: 1152.410: [GC (Allocation Failure) 2018-03-17T00:15:26.487+0500: 1152.410: [DefNew: 139776K->17472K(157248K), 0.2554751 secs] 163684K->163683K(506816K), 0.2555350 secs] [Times: user=0.27 sys=0.00, real=0.26 secs] 
2018-03-17T00:15:26.768+0500: 1152.692: [GC (Allocation Failure) 2018-03-17T00:15:26.768+0500: 1152.692: [DefNew: 157248K->17472K(157248K), 0.2544684 secs] 303459K->303458K(506816K), 0.2545300 secs] [Times: user=0.27 sys=0.00, real=0.25 secs] 
2018-03-17T00:15:27.048+0500: 1152.972: [GC (Allocation Failure) 2018-03-17T00:15:27.048+0500: 1152.972: [DefNew: 146063K->146063K(157248K), 0.0000163 secs]2018-03-17T00:15:27.048+0500: 1152.972: [Tenured: 285986K->715K(349568K), 0.1372251 secs] 432050K->715K(506816K), [Metaspace: 5350K->5350K(1056768K)], 0.1373115 secs] [Times: user=0.14 sys=0.00, real=0.14 secs] 
2018-03-17T00:15:27.213+0500: 1153.137: [GC (Allocation Failure) 2018-03-17T00:15:27.213+0500: 1153.137: [DefNew: 139776K->17472K(157248K), 0.2214467 secs] 140491K->140490K(506816K), 0.2215122 secs] [Times: user=0.22 sys=0.00, real=0.22 secs] 
2018-03-17T00:15:27.460+0500: 1153.384: [GC (Allocation Failure) 2018-03-17T00:15:27.460+0500: 1153.384: [DefNew: 157248K->17472K(157248K), 0.2552519 secs] 280266K->280229K(506816K), 0.2553135 secs] [Times: user=0.25 sys=0.00, real=0.26 secs] 
2018-03-17T00:15:27.744+0500: 1153.667: [GC (Allocation Failure) 2018-03-17T00:15:27.744+0500: 1153.667: [DefNew: 157248K->157248K(157248K), 0.0000158 secs]2018-03-17T00:15:27.744+0500: 1153.667: [Tenured: 262757K->205160K(349568K), 0.4682923 secs] 420005K->205160K(506816K), [Metaspace: 5350K->5350K(1056768K)], 0.4683816 secs] [Times: user=0.45 sys=0.00, real=0.47 secs] 
2018-03-17T00:15:28.237+0500: 1154.161: [GC (Allocation Failure) 2018-03-17T00:15:28.237+0500: 1154.161: [DefNew: 139776K->17472K(157248K), 0.2245258 secs] 344936K->344935K(506816K), 0.2245879 secs] [Times: user=0.23 sys=0.00, real=0.22 secs] 
2018-03-17T00:15:28.488+0500: 1154.412: [GC (Allocation Failure) 2018-03-17T00:15:28.488+0500: 1154.412: [DefNew: 157248K->157248K(157248K), 0.0000180 secs]2018-03-17T00:15:28.488+0500: 1154.412: [Tenured: 327463K->55022K(349568K), 0.2198653 secs] 484711K->55022K(506816K), [Metaspace: 5350K->5350K(1056768K)], 0.2199615 secs] [Times: user=0.22 sys=0.00, real=0.22 secs] 
2018-03-17T00:15:28.736+0500: 1154.661: [GC (Allocation Failure) 2018-03-17T00:15:28.736+0500: 1154.661: [DefNew: 139776K->17472K(157248K), 0.2545809 secs] 194798K->194797K(506816K), 0.2546429 secs] [Times: user=0.27 sys=0.00, real=0.26 secs] 
2018-03-17T00:15:29.017+0500: 1154.941: [GC (Allocation Failure) 2018-03-17T00:15:29.017+0500: 1154.941: [DefNew: 157248K->17471K(157248K), 0.2500328 secs] 334573K->334572K(506816K), 0.2500978 secs] [Times: user=0.23 sys=0.00, real=0.25 secs] 
2018-03-17T00:15:29.292+0500: 1155.216: [GC (Allocation Failure) 2018-03-17T00:15:29.293+0500: 1155.216: [DefNew: 157247K->157247K(157248K), 0.0000338 secs]2018-03-17T00:15:29.293+0500: 1155.216: [Tenured: 317100K->44659K(349568K), 0.1998964 secs] 474348K->44659K(506816K), [Metaspace: 5350K->5350K(1056768K)], 0.2000222 secs] [Times: user=0.20 sys=0.00, real=0.20 secs] 
2018-03-17T00:15:29.521+0500: 1155.444: [GC (Allocation Failure) 2018-03-17T00:15:29.521+0500: 1155.444: [DefNew: 139776K->17471K(157248K), 0.2590657 secs] 184435K->184434K(506816K), 0.2591504 secs] [Times: user=0.25 sys=0.00, real=0.26 secs] 
2018-03-17T00:15:29.806+0500: 1155.730: [GC (Allocation Failure) 2018-03-17T00:15:29.806+0500: 1155.730: [DefNew: 157247K->17472K(157248K), 0.2738211 secs] 324210K->324208K(506816K), 0.2738891 secs] [Times: user=0.27 sys=0.00, real=0.27 secs] 
2018-03-17T00:15:30.109+0500: 1156.033: [GC (Allocation Failure) 2018-03-17T00:15:30.109+0500: 1156.033: [DefNew: 157248K->157248K(157248K), 0.0000145 secs]2018-03-17T00:15:30.109+0500: 1156.033: [Tenured: 306736K->34272K(349568K), 0.1779749 secs] 463984K->34272K(506816K), [Metaspace: 5350K->5350K(1056768K)], 0.1780668 secs] [Times: user=0.17 sys=0.00, real=0.18 secs] 
2018-03-17T00:15:30.315+0500: 1156.240: [GC (Allocation Failure) 2018-03-17T00:15:30.316+0500: 1156.240: [DefNew: 139776K->17472K(157248K), 0.2879298 secs] 174048K->174046K(506816K), 0.2880145 secs] [Times: user=0.30 sys=0.00, real=0.29 secs] 
2018-03-17T00:15:30.630+0500: 1156.554: [GC (Allocation Failure) 2018-03-17T00:15:30.630+0500: 1156.554: [DefNew: 157248K->17472K(157248K), 0.2536811 secs] 313822K->313821K(506816K), 0.2537440 secs] [Times: user=0.27 sys=0.00, real=0.25 secs] 
2018-03-17T00:15:30.909+0500: 1156.833: [GC (Allocation Failure) 2018-03-17T00:15:30.909+0500: 1156.833: [DefNew: 157248K->157248K(157248K), 0.0000154 secs]2018-03-17T00:15:30.909+0500: 1156.833: [Tenured: 296349K->23908K(349568K), 0.1545472 secs] 453597K->23908K(506816K), [Metaspace: 5350K->5350K(1056768K)], 0.1546340 secs] [Times: user=0.16 sys=0.00, real=0.15 secs] 
2018-03-17T00:15:31.092+0500: 1157.016: [GC (Allocation Failure) 2018-03-17T00:15:31.092+0500: 1157.016: [DefNew: 139776K->17472K(157248K), 0.2585940 secs] 163684K->163683K(506816K), 0.2586565 secs] [Times: user=0.26 sys=0.00, real=0.26 secs] 
2018-03-17T00:15:31.377+0500: 1157.300: [GC (Allocation Failure) 2018-03-17T00:15:31.377+0500: 1157.300: [DefNew: 157248K->17472K(157248K), 0.2542828 secs] 303459K->303458K(506816K), 0.2543564 secs] [Times: user=0.25 sys=0.00, real=0.25 secs] 
2018-03-17T00:15:31.656+0500: 1157.580: [GC (Allocation Failure) 2018-03-17T00:15:31.656+0500: 1157.580: [DefNew: 146063K->146063K(157248K), 0.0000171 secs]2018-03-17T00:15:31.656+0500: 1157.580: [Tenured: 285986K->715K(349568K), 0.1368693 secs] 432050K->715K(506816K), [Metaspace: 5350K->5350K(1056768K)], 0.1369544 secs] [Times: user=0.14 sys=0.00, real=0.14 secs] 
2018-03-17T00:15:31.820+0500: 1157.743: [GC (Allocation Failure) 2018-03-17T00:15:31.820+0500: 1157.744: [DefNew: 139776K->17472K(157248K), 0.2405077 secs] 140491K->140490K(506816K), 0.2405701 secs] [Times: user=0.24 sys=0.00, real=0.24 secs] 
2018-03-17T00:15:32.086+0500: 1158.010: [GC (Allocation Failure) 2018-03-17T00:15:32.086+0500: 1158.010: [DefNew: 157248K->17472K(157248K), 0.2593629 secs] 280266K->280229K(506816K), 0.2594245 secs] [Times: user=0.25 sys=0.00, real=0.26 secs] 
2018-03-17T00:15:32.374+0500: 1158.298: [GC (Allocation Failure) 2018-03-17T00:15:32.374+0500: 1158.298: [DefNew: 157248K->157248K(157248K), 0.0000218 secs]2018-03-17T00:15:32.374+0500: 1158.298: [Tenured: 262757K->205160K(349568K), 0.4733467 secs] 420005K->205160K(506816K), [Metaspace: 5350K->5350K(1056768K)], 0.4734558 secs] [Times: user=0.47 sys=0.00, real=0.47 secs] 
2018-03-17T00:15:32.873+0500: 1158.797: [GC (Allocation Failure) 2018-03-17T00:15:32.873+0500: 1158.797: [DefNew: 139776K->17472K(157248K), 0.2227036 secs] 344936K->344935K(506816K), 0.2227678 secs] [Times: user=0.22 sys=0.00, real=0.22 secs] 
2018-03-17T00:15:33.122+0500: 1159.047: [GC (Allocation Failure) 2018-03-17T00:15:33.122+0500: 1159.047: [DefNew: 157248K->157248K(157248K), 0.0000175 secs]2018-03-17T00:15:33.122+0500: 1159.047: [Tenured: 327463K->55022K(349568K), 0.2231548 secs] 484711K->55022K(506816K), [Metaspace: 5350K->5350K(1056768K)], 0.2232450 secs] [Times: user=0.22 sys=0.00, real=0.22 secs] 
2018-03-17T00:15:33.376+0500: 1159.299: [GC (Allocation Failure) 2018-03-17T00:15:33.376+0500: 1159.299: [DefNew: 139776K->17472K(157248K), 0.2613195 secs] 194798K->194797K(506816K), 0.2613815 secs] [Times: user=0.27 sys=0.00, real=0.26 secs] 
2018-03-17T00:15:33.663+0500: 1159.586: [GC (Allocation Failure) 2018-03-17T00:15:33.663+0500: 1159.586: [DefNew: 157248K->17471K(157248K), 0.2544133 secs] 334573K->334572K(506816K), 0.2544885 secs] [Times: user=0.25 sys=0.00, real=0.25 secs] 
2018-03-17T00:15:33.944+0500: 1159.868: [GC (Allocation Failure) 2018-03-17T00:15:33.944+0500: 1159.868: [DefNew: 157247K->157247K(157248K), 0.0000167 secs]2018-03-17T00:15:33.944+0500: 1159.868: [Tenured: 317100K->44659K(349568K), 0.1986584 secs] 474348K->44659K(506816K), [Metaspace: 5350K->5350K(1056768K)], 0.1987559 secs] [Times: user=0.19 sys=0.00, real=0.20 secs] 
2018-03-17T00:15:34.172+0500: 1160.096: [GC (Allocation Failure) 2018-03-17T00:15:34.172+0500: 1160.096: [DefNew: 139776K->17471K(157248K), 0.2562501 secs] 184435K->184434K(506816K), 0.2563129 secs] [Times: user=0.27 sys=0.00, real=0.26 secs] 
2018-03-17T00:15:34.453+0500: 1160.378: [GC (Allocation Failure) 2018-03-17T00:15:34.453+0500: 1160.378: [DefNew: 157247K->17472K(157248K), 0.2510425 secs] 324210K->324208K(506816K), 0.2511041 secs] [Times: user=0.25 sys=0.00, real=0.25 secs] 
2018-03-17T00:15:34.731+0500: 1160.654: [GC (Allocation Failure) 2018-03-17T00:15:34.731+0500: 1160.654: [DefNew: 157248K->157248K(157248K), 0.0000171 secs]2018-03-17T00:15:34.731+0500: 1160.654: [Tenured: 306736K->34272K(349568K), 0.1771115 secs] 463984K->34272K(506816K), [Metaspace: 5350K->5350K(1056768K)], 0.1772000 secs] [Times: user=0.17 sys=0.00, real=0.18 secs] 
2018-03-17T00:15:34.936+0500: 1160.860: [GC (Allocation Failure) 2018-03-17T00:15:34.936+0500: 1160.860: [DefNew: 139776K->17472K(157248K), 0.2594626 secs] 174048K->174046K(506816K), 0.2595276 secs] [Times: user=0.27 sys=0.00, real=0.26 secs] 
2018-03-17T00:15:35.221+0500: 1161.145: [GC (Allocation Failure) 2018-03-17T00:15:35.222+0500: 1161.145: [DefNew: 157248K->17472K(157248K), 0.2568278 secs] 313822K->313821K(506816K), 0.2569146 secs] [Times: user=0.26 sys=0.00, real=0.26 secs] 
2018-03-17T00:15:35.504+0500: 1161.428: [GC (Allocation Failure) 2018-03-17T00:15:35.504+0500: 1161.428: [DefNew: 157248K->157248K(157248K), 0.0000163 secs]2018-03-17T00:15:35.504+0500: 1161.428: [Tenured: 296349K->23908K(349568K), 0.1564002 secs] 453597K->23908K(506816K), [Metaspace: 5350K->5350K(1056768K)], 0.1564917 secs] [Times: user=0.16 sys=0.00, real=0.16 secs] 
2018-03-17T00:15:35.688+0500: 1161.613: [GC (Allocation Failure) 2018-03-17T00:15:35.688+0500: 1161.613: [DefNew: 139776K->17472K(157248K), 0.2627649 secs] 163684K->163683K(506816K), 0.2628278 secs] [Times: user=0.27 sys=0.00, real=0.26 secs] 
2018-03-17T00:15:35.978+0500: 1161.902: [GC (Allocation Failure) 2018-03-17T00:15:35.978+0500: 1161.902: [DefNew: 157248K->17472K(157248K), 0.2565956 secs] 303459K->303458K(506816K), 0.2566572 secs] [Times: user=0.24 sys=0.00, real=0.26 secs] 
2018-03-17T00:15:36.260+0500: 1162.184: [GC (Allocation Failure) 2018-03-17T00:15:36.260+0500: 1162.184: [DefNew: 146063K->146063K(157248K), 0.0000167 secs]2018-03-17T00:15:36.260+0500: 1162.184: [Tenured: 285986K->715K(349568K), 0.1363001 secs] 432050K->715K(506816K), [Metaspace: 5350K->5350K(1056768K)], 0.1363864 secs] [Times: user=0.13 sys=0.00, real=0.14 secs] 
2018-03-17T00:15:36.422+0500: 1162.345: [GC (Allocation Failure) 2018-03-17T00:15:36.422+0500: 1162.345: [DefNew: 139776K->17472K(157248K), 0.2218141 secs] 140491K->140490K(506816K), 0.2218902 secs] [Times: user=0.22 sys=0.00, real=0.22 secs] 
2018-03-17T00:15:36.669+0500: 1162.593: [GC (Allocation Failure) 2018-03-17T00:15:36.669+0500: 1162.593: [DefNew: 157248K->17472K(157248K), 0.2576267 secs] 280266K->280229K(506816K), 0.2576895 secs] [Times: user=0.25 sys=0.00, real=0.26 secs] 
2018-03-17T00:15:36.954+0500: 1162.879: [GC (Allocation Failure) 2018-03-17T00:15:36.954+0500: 1162.879: [DefNew: 157248K->157248K(157248K), 0.0000167 secs]2018-03-17T00:15:36.954+0500: 1162.879: [Tenured: 262757K->205160K(349568K), 0.4724533 secs] 420005K->205160K(506816K), [Metaspace: 5350K->5350K(1056768K)], 0.4725436 secs] [Times: user=0.47 sys=0.00, real=0.47 secs] 
2018-03-17T00:15:37.453+0500: 1163.377: [GC (Allocation Failure) 2018-03-17T00:15:37.453+0500: 1163.377: [DefNew: 139776K->17472K(157248K), 0.2236252 secs] 344936K->344935K(506816K), 0.2236868 secs] [Times: user=0.22 sys=0.00, real=0.22 secs] 
2018-03-17T00:15:37.703+0500: 1163.626: [GC (Allocation Failure) 2018-03-17T00:15:37.703+0500: 1163.626: [DefNew: 157248K->157248K(157248K), 0.0000163 secs]2018-03-17T00:15:37.703+0500: 1163.626: [Tenured: 327463K->55022K(349568K), 0.2206440 secs] 484711K->55022K(506816K), [Metaspace: 5350K->5350K(1056768K)], 0.2207338 secs] [Times: user=0.22 sys=0.00, real=0.22 secs] 
2018-03-17T00:15:37.953+0500: 1163.876: [GC (Allocation Failure) 2018-03-17T00:15:37.953+0500: 1163.876: [DefNew: 139776K->17472K(157248K), 0.2556851 secs] 194798K->194797K(506816K), 0.2557501 secs] [Times: user=0.23 sys=0.00, real=0.25 secs] 
2018-03-17T00:15:38.234+0500: 1164.158: [GC (Allocation Failure) 2018-03-17T00:15:38.234+0500: 1164.158: [DefNew: 157248K->17471K(157248K), 0.2510425 secs] 334573K->334572K(506816K), 0.2511203 secs] [Times: user=0.25 sys=0.00, real=0.25 secs] 
2018-03-17T00:15:38.510+0500: 1164.434: [GC (Allocation Failure) 2018-03-17T00:15:38.510+0500: 1164.434: [DefNew: 157247K->157247K(157248K), 0.0000171 secs]2018-03-17T00:15:38.510+0500: 1164.434: [Tenured: 317100K->44659K(349568K), 0.1996330 secs] 474348K->44659K(506816K), [Metaspace: 5350K->5350K(1056768K)], 0.1997237 secs] [Times: user=0.20 sys=0.00, real=0.20 secs] 
2018-03-17T00:15:38.738+0500: 1164.663: [GC (Allocation Failure) 2018-03-17T00:15:38.738+0500: 1164.663: [DefNew: 139776K->17471K(157248K), 0.2549868 secs] 184435K->184434K(506816K), 0.2550483 secs] [Times: user=0.25 sys=0.00, real=0.26 secs] 
2018-03-17T00:15:39.020+0500: 1164.943: [GC (Allocation Failure) 2018-03-17T00:15:39.020+0500: 1164.943: [DefNew: 157247K->17472K(157248K), 0.2542538 secs] 324210K->324208K(506816K), 0.2543200 secs] [Times: user=0.26 sys=0.00, real=0.25 secs] 
2018-03-17T00:15:39.299+0500: 1165.223: [GC (Allocation Failure) 2018-03-17T00:15:39.299+0500: 1165.223: [DefNew: 157248K->157248K(157248K), 0.0000163 secs]2018-03-17T00:15:39.299+0500: 1165.223: [Tenured: 306736K->34272K(349568K), 0.1778936 secs] 463984K->34272K(506816K), [Metaspace: 5350K->5350K(1056768K)], 0.1779805 secs] [Times: user=0.19 sys=0.00, real=0.18 secs] 
2018-03-17T00:15:39.506+0500: 1165.430: [GC (Allocation Failure) 2018-03-17T00:15:39.506+0500: 1165.430: [DefNew: 139776K->17472K(157248K), 0.2565661 secs] 174048K->174046K(506816K), 0.2566298 secs] [Times: user=0.25 sys=0.00, real=0.26 secs] 
2018-03-17T00:15:39.788+0500: 1165.712: [GC (Allocation Failure) 2018-03-17T00:15:39.788+0500: 1165.712: [DefNew: 157248K->17472K(157248K), 0.2609029 secs] 313822K->313821K(506816K), 0.2609803 secs] [Times: user=0.25 sys=0.00, real=0.26 secs] 
2018-03-17T00:15:40.074+0500: 1165.998: [GC (Allocation Failure) 2018-03-17T00:15:40.074+0500: 1165.998: [DefNew: 157248K->157248K(157248K), 0.0000171 secs]2018-03-17T00:15:40.074+0500: 1165.998: [Tenured: 296349K->23908K(349568K), 0.1555496 secs] 453597K->23908K(506816K), [Metaspace: 5350K->5350K(1056768K)], 0.1556390 secs] [Times: user=0.16 sys=0.00, real=0.16 secs] 
2018-03-17T00:15:40.259+0500: 1166.182: [GC (Allocation Failure) 2018-03-17T00:15:40.259+0500: 1166.182: [DefNew: 139776K->17472K(157248K), 0.2557715 secs] 163684K->163683K(506816K), 0.2558528 secs] [Times: user=0.25 sys=0.00, real=0.25 secs] 
2018-03-17T00:15:40.541+0500: 1166.464: [GC (Allocation Failure) 2018-03-17T00:15:40.541+0500: 1166.465: [DefNew: 157248K->17472K(157248K), 0.2560324 secs] 303459K->303458K(506816K), 0.2560999 secs] [Times: user=0.25 sys=0.00, real=0.26 secs] 
2018-03-17T00:15:40.822+0500: 1166.746: [GC (Allocation Failure) 2018-03-17T00:15:40.822+0500: 1166.746: [DefNew: 146063K->146063K(157248K), 0.0000163 secs]2018-03-17T00:15:40.822+0500: 1166.746: [Tenured: 285986K->715K(349568K), 0.1367247 secs] 432050K->715K(506816K), [Metaspace: 5350K->5350K(1056768K)], 0.1368111 secs] [Times: user=0.14 sys=0.00, real=0.14 secs] 
2018-03-17T00:15:40.984+0500: 1166.908: [GC (Allocation Failure) 2018-03-17T00:15:40.984+0500: 1166.908: [DefNew: 139776K->17472K(157248K), 0.2321351 secs] 140491K->140490K(506816K), 0.2321958 secs] [Times: user=0.23 sys=0.00, real=0.23 secs] 
2018-03-17T00:15:41.242+0500: 1167.166: [GC (Allocation Failure) 2018-03-17T00:15:41.242+0500: 1167.166: [DefNew: 157248K->17472K(157248K), 0.2554157 secs] 280266K->280229K(506816K), 0.2554743 secs] [Times: user=0.25 sys=0.00, real=0.25 secs] 
2018-03-17T00:15:41.525+0500: 1167.449: [GC (Allocation Failure) 2018-03-17T00:15:41.525+0500: 1167.449: [DefNew: 157248K->157248K(157248K), 0.0000175 secs]2018-03-17T00:15:41.525+0500: 1167.449: [Tenured: 262757K->205160K(349568K), 0.4720158 secs] 420005K->205160K(506816K), [Metaspace: 5350K->5350K(1056768K)], 0.4721074 secs] [Times: user=0.47 sys=0.00, real=0.47 secs] 
2018-03-17T00:15:42.024+0500: 1167.948: [GC (Allocation Failure) 2018-03-17T00:15:42.024+0500: 1167.948: [DefNew: 139776K->17472K(157248K), 0.2334736 secs] 344936K->344935K(506816K), 0.2335369 secs] [Times: user=0.24 sys=0.00, real=0.23 secs] 
2018-03-17T00:15:42.283+0500: 1168.207: [GC (Allocation Failure) 2018-03-17T00:15:42.283+0500: 1168.207: [DefNew: 157248K->157248K(157248K), 0.0000163 secs]2018-03-17T00:15:42.283+0500: 1168.207: [Tenured: 327463K->55022K(349568K), 0.2238925 secs] 484711K->55022K(506816K), [Metaspace: 5350K->5350K(1056768K)], 0.2239836 secs] [Times: user=0.24 sys=0.00, real=0.22 secs] 
2018-03-17T00:15:42.537+0500: 1168.461: [GC (Allocation Failure) 2018-03-17T00:15:42.537+0500: 1168.461: [DefNew: 139776K->17472K(157248K), 0.2777349 secs] 194798K->194797K(506816K), 0.2778183 secs] [Times: user=0.26 sys=0.00, real=0.28 secs] 
2018-03-17T00:15:42.843+0500: 1168.767: [GC (Allocation Failure) 2018-03-17T00:15:42.843+0500: 1168.767: [DefNew: 157248K->17471K(157248K), 0.2519175 secs] 334573K->334572K(506816K), 0.2520043 secs] [Times: user=0.25 sys=0.00, real=0.25 secs] 
2018-03-17T00:15:43.121+0500: 1169.045: [GC (Allocation Failure) 2018-03-17T00:15:43.121+0500: 1169.045: [DefNew: 157247K->157247K(157248K), 0.0000180 secs]2018-03-17T00:15:43.121+0500: 1169.045: [Tenured: 317100K->44659K(349568K), 0.2083541 secs] 474348K->44659K(506816K), [Metaspace: 5350K->5350K(1056768K)], 0.2084940 secs] [Times: user=0.20 sys=0.00, real=0.21 secs] 
2018-03-17T00:15:43.359+0500: 1169.283: [GC (Allocation Failure) 2018-03-17T00:15:43.359+0500: 1169.283: [DefNew: 139776K->17471K(157248K), 0.2613652 secs] 184435K->184434K(506816K), 0.2614311 secs] [Times: user=0.27 sys=0.00, real=0.26 secs] 
2018-03-17T00:15:43.647+0500: 1169.571: [GC (Allocation Failure) 2018-03-17T00:15:43.647+0500: 1169.571: [DefNew: 157247K->17472K(157248K), 0.2517499 secs] 324210K->324208K(506816K), 0.2518174 secs] [Times: user=0.25 sys=0.00, real=0.25 secs] 
2018-03-17T00:15:43.924+0500: 1169.848: [GC (Allocation Failure) 2018-03-17T00:15:43.924+0500: 1169.848: [DefNew: 157248K->157248K(157248K), 0.0000175 secs]2018-03-17T00:15:43.924+0500: 1169.848: [Tenured: 306736K->34272K(349568K), 0.1763472 secs] 463984K->34272K(506816K), [Metaspace: 5350K->5350K(1056768K)], 0.1764375 secs] [Times: user=0.19 sys=0.00, real=0.18 secs] 
2018-03-17T00:15:44.129+0500: 1170.053: [GC (Allocation Failure) 2018-03-17T00:15:44.129+0500: 1170.053: [DefNew: 139776K->17472K(157248K), 0.2678425 secs] 174048K->174046K(506816K), 0.2679117 secs] [Times: user=0.28 sys=0.00, real=0.27 secs] 
2018-03-17T00:15:44.425+0500: 1170.348: [GC (Allocation Failure) 2018-03-17T00:15:44.425+0500: 1170.348: [DefNew: 157248K->17472K(157248K), 0.2543098 secs] 313822K->313821K(506816K), 0.2543992 secs] [Times: user=0.26 sys=0.00, real=0.25 secs] 
2018-03-17T00:15:44.704+0500: 1170.628: [GC (Allocation Failure) 2018-03-17T00:15:44.704+0500: 1170.628: [DefNew: 157248K->157248K(157248K), 0.0000167 secs]2018-03-17T00:15:44.705+0500: 1170.628: [Tenured: 296349K->23908K(349568K), 0.1569904 secs] 453597K->23908K(506816K), [Metaspace: 5350K->5350K(1056768K)], 0.1570836 secs] [Times: user=0.16 sys=0.00, real=0.16 secs] 
2018-03-17T00:15:44.890+0500: 1170.814: [GC (Allocation Failure) 2018-03-17T00:15:44.890+0500: 1170.814: [DefNew: 139776K->17472K(157248K), 0.2584097 secs] 163684K->163683K(506816K), 0.2584764 secs] [Times: user=0.25 sys=0.00, real=0.26 secs] 
2018-03-17T00:15:45.175+0500: 1171.099: [GC (Allocation Failure) 2018-03-17T00:15:45.175+0500: 1171.099: [DefNew: 157248K->17472K(157248K), 0.3096011 secs] 303459K->303458K(506816K), 0.3096695 secs] [Times: user=0.31 sys=0.00, real=0.31 secs] 
2018-03-17T00:15:45.512+0500: 1171.436: [GC (Allocation Failure) 2018-03-17T00:15:45.512+0500: 1171.436: [DefNew: 146063K->146063K(157248K), 0.0000171 secs]2018-03-17T00:15:45.512+0500: 1171.436: [Tenured: 285986K->715K(349568K), 0.1399881 secs] 432050K->715K(506816K), [Metaspace: 5350K->5350K(1056768K)], 0.1400754 secs] [Times: user=0.14 sys=0.00, real=0.14 secs] 
2018-03-17T00:15:45.679+0500: 1171.604: [GC (Allocation Failure) 2018-03-17T00:15:45.679+0500: 1171.604: [DefNew: 139776K->17472K(157248K), 0.2316826 secs] 140491K->140490K(506816K), 0.2317476 secs] [Times: user=0.22 sys=0.00, real=0.23 secs] 
2018-03-17T00:15:45.941+0500: 1171.864: [GC (Allocation Failure) 2018-03-17T00:15:45.941+0500: 1171.864: [DefNew: 157248K->17472K(157248K), 0.3270199 secs] 280266K->280229K(506816K), 0.3271105 secs] [Times: user=0.33 sys=0.00, real=0.33 secs] 
2018-03-17T00:15:46.322+0500: 1172.245: [GC (Allocation Failure) 2018-03-17T00:15:46.322+0500: 1172.245: [DefNew: 157248K->157248K(157248K), 0.0000231 secs]2018-03-17T00:15:46.322+0500: 1172.245: [Tenured: 262757K->205160K(349568K), 0.6349433 secs] 420005K->205160K(506816K), [Metaspace: 5350K->5350K(1056768K)], 0.6350626 secs] [Times: user=0.63 sys=0.00, real=0.63 secs] 
2018-03-17T00:15:46.995+0500: 1172.919: [GC (Allocation Failure) 2018-03-17T00:15:46.995+0500: 1172.919: [DefNew: 139776K->17472K(157248K), 0.3225924 secs] 344936K->344935K(506816K), 0.3226732 secs] [Times: user=0.33 sys=0.00, real=0.32 secs] 
2018-03-17T00:15:47.354+0500: 1173.278: [GC (Allocation Failure) 2018-03-17T00:15:47.354+0500: 1173.278: [DefNew: 157248K->157248K(157248K), 0.0000239 secs]2018-03-17T00:15:47.354+0500: 1173.278: [Tenured: 327463K->55022K(349568K), 0.2723777 secs] 484711K->55022K(506816K), [Metaspace: 5350K->5350K(1056768K)], 0.2724906 secs] [Times: user=0.27 sys=0.00, real=0.27 secs] 
2018-03-17T00:15:47.674+0500: 1173.598: [GC (Allocation Failure) 2018-03-17T00:15:47.674+0500: 1173.598: [DefNew: 139776K->17472K(157248K), 0.3380260 secs] 194798K->194797K(506816K), 0.3381085 secs] [Times: user=0.34 sys=0.00, real=0.34 secs] 
2018-03-17T00:15:48.049+0500: 1173.973: [GC (Allocation Failure) 2018-03-17T00:15:48.049+0500: 1173.973: [DefNew: 157248K->17471K(157248K), 0.3301785 secs] 334573K->334572K(506816K), 0.3302615 secs] [Times: user=0.31 sys=0.00, real=0.33 secs] 
2018-03-17T00:15:48.416+0500: 1174.341: [GC (Allocation Failure) 2018-03-17T00:15:48.416+0500: 1174.341: [DefNew: 157247K->157247K(157248K), 0.0000325 secs]2018-03-17T00:15:48.417+0500: 1174.341: [Tenured: 317100K->44659K(349568K), 0.2333351 secs] 474348K->44659K(506816K), [Metaspace: 5350K->5350K(1056768K)], 0.2334591 secs] [Times: user=0.23 sys=0.00, real=0.24 secs] 
2018-03-17T00:15:48.683+0500: 1174.606: [GC (Allocation Failure) 2018-03-17T00:15:48.683+0500: 1174.606: [DefNew: 139776K->17471K(157248K), 0.2953346 secs] 184435K->184434K(506816K), 0.2954039 secs] [Times: user=0.30 sys=0.00, real=0.29 secs] 
2018-03-17T00:15:49.007+0500: 1174.931: [GC (Allocation Failure) 2018-03-17T00:15:49.007+0500: 1174.931: [DefNew: 157247K->17472K(157248K), 0.2611223 secs] 324210K->324208K(506816K), 0.2611869 secs] [Times: user=0.25 sys=0.00, real=0.26 secs] 
2018-03-17T00:15:49.296+0500: 1175.220: [GC (Allocation Failure) 2018-03-17T00:15:49.296+0500: 1175.220: [DefNew: 157248K->157248K(157248K), 0.0000158 secs]2018-03-17T00:15:49.296+0500: 1175.220: [Tenured: 306736K->34272K(349568K), 0.1965748 secs] 463984K->34272K(506816K), [Metaspace: 5350K->5350K(1056768K)], 0.1966779 secs] [Times: user=0.20 sys=0.00, real=0.20 secs] 
2018-03-17T00:15:49.530+0500: 1175.454: [GC (Allocation Failure) 2018-03-17T00:15:49.530+0500: 1175.455: [DefNew: 139776K->17472K(157248K), 0.2565721 secs] 174048K->174046K(506816K), 0.2566345 secs] [Times: user=0.27 sys=0.00, real=0.26 secs] 
2018-03-17T00:15:49.814+0500: 1175.738: [GC (Allocation Failure) 2018-03-17T00:15:49.814+0500: 1175.739: [DefNew: 157248K->17472K(157248K), 0.2582600 secs] 313822K->313821K(506816K), 0.2583233 secs] [Times: user=0.27 sys=0.00, real=0.26 secs] 
2018-03-17T00:15:50.099+0500: 1176.023: [GC (Allocation Failure) 2018-03-17T00:15:50.099+0500: 1176.023: [DefNew: 157248K->157248K(157248K), 0.0000154 secs]2018-03-17T00:15:50.099+0500: 1176.023: [Tenured: 296349K->23908K(349568K), 0.1558921 secs] 453597K->23908K(506816K), [Metaspace: 5350K->5350K(1056768K)], 0.1559785 secs] [Times: user=0.16 sys=0.00, real=0.16 secs] 
2018-03-17T00:15:50.283+0500: 1176.207: [GC (Allocation Failure) 2018-03-17T00:15:50.283+0500: 1176.207: [DefNew: 139776K->17472K(157248K), 0.2588369 secs] 163684K->163683K(506816K), 0.2589062 secs] [Times: user=0.27 sys=0.00, real=0.26 secs] 
2018-03-17T00:15:50.569+0500: 1176.493: [GC (Allocation Failure) 2018-03-17T00:15:50.569+0500: 1176.493: [DefNew: 157248K->17472K(157248K), 0.2627226 secs] 303459K->303458K(506816K), 0.2627996 secs] [Times: user=0.25 sys=0.00, real=0.26 secs] 
2018-03-17T00:15:50.858+0500: 1176.782: [GC (Allocation Failure) 2018-03-17T00:15:50.858+0500: 1176.782: [DefNew: 146063K->146063K(157248K), 0.0000158 secs]2018-03-17T00:15:50.858+0500: 1176.782: [Tenured: 285986K->715K(349568K), 0.1389985 secs] 432050K->715K(506816K), [Metaspace: 5350K->5350K(1056768K)], 0.1390832 secs] [Times: user=0.14 sys=0.00, real=0.14 secs] 
2018-03-17T00:15:51.028+0500: 1176.952: [GC (Allocation Failure) 2018-03-17T00:15:51.028+0500: 1176.952: [DefNew: 139776K->17472K(157248K), 0.2320252 secs] 140491K->140490K(506816K), 0.2320889 secs] [Times: user=0.23 sys=0.00, real=0.23 secs] 
2018-03-17T00:15:51.289+0500: 1177.214: [GC (Allocation Failure) 2018-03-17T00:15:51.290+0500: 1177.214: [DefNew: 157248K->17472K(157248K), 0.3126734 secs] 280266K->280229K(506816K), 0.3127585 secs] [Times: user=0.31 sys=0.00, real=0.31 secs] 
2018-03-17T00:15:51.658+0500: 1177.581: [GC (Allocation Failure) 2018-03-17T00:15:51.658+0500: 1177.581: [DefNew: 157248K->157248K(157248K), 0.0000205 secs]2018-03-17T00:15:51.658+0500: 1177.581: [Tenured: 262757K->205160K(349568K), 0.6357961 secs] 420005K->205160K(506816K), [Metaspace: 5350K->5350K(1056768K)], 0.6359111 secs] [Times: user=0.64 sys=0.00, real=0.63 secs] 
2018-03-17T00:15:52.328+0500: 1178.252: [GC (Allocation Failure) 2018-03-17T00:15:52.328+0500: 1178.252: [DefNew: 139776K->17472K(157248K), 0.3138464 secs] 344936K->344935K(506816K), 0.3139320 secs] [Times: user=0.31 sys=0.00, real=0.31 secs] 
2018-03-17T00:15:52.677+0500: 1178.601: [GC (Allocation Failure) 2018-03-17T00:15:52.677+0500: 1178.601: [DefNew: 157248K->157248K(157248K), 0.0000287 secs]2018-03-17T00:15:52.677+0500: 1178.601: [Tenured: 327463K->55022K(349568K), 0.2734956 secs] 484711K->55022K(506816K), [Metaspace: 5350K->5350K(1056768K)], 0.2736231 secs] [Times: user=0.28 sys=0.00, real=0.27 secs] 
2018-03-17T00:15:53.002+0500: 1178.925: [GC (Allocation Failure) 2018-03-17T00:15:53.002+0500: 1178.925: [DefNew: 139776K->17472K(157248K), 0.4008419 secs] 194798K->194797K(506816K), 0.4009167 secs] [Times: user=0.39 sys=0.00, real=0.40 secs] 
2018-03-17T00:15:53.435+0500: 1179.359: [GC (Allocation Failure) 2018-03-17T00:15:53.435+0500: 1179.359: [DefNew: 157248K->17471K(157248K), 0.3046750 secs] 334573K->334572K(506816K), 0.3047391 secs] [Times: user=0.30 sys=0.00, real=0.31 secs] 
2018-03-17T00:15:53.766+0500: 1179.690: [GC (Allocation Failure) 2018-03-17T00:15:53.766+0500: 1179.690: [DefNew: 157247K->157247K(157248K), 0.0000171 secs]2018-03-17T00:15:53.766+0500: 1179.690: [Tenured: 317100K->44659K(349568K), 0.2116248 secs] 474348K->44659K(506816K), [Metaspace: 5350K->5350K(1056768K)], 0.2117215 secs] [Times: user=0.22 sys=0.00, real=0.21 secs] 
2018-03-17T00:15:54.018+0500: 1179.942: [GC (Allocation Failure) 2018-03-17T00:15:54.018+0500: 1179.942: [DefNew: 139776K->17471K(157248K), 0.2978924 secs] 184435K->184434K(506816K), 0.2979523 secs] [Times: user=0.30 sys=0.00, real=0.30 secs] 
2018-03-17T00:15:54.345+0500: 1180.269: [GC (Allocation Failure) 2018-03-17T00:15:54.345+0500: 1180.269: [DefNew: 157247K->17472K(157248K), 0.2730585 secs] 324210K->324208K(506816K), 0.2731218 secs] [Times: user=0.28 sys=0.00, real=0.27 secs] 
2018-03-17T00:15:54.645+0500: 1180.569: [GC (Allocation Failure) 2018-03-17T00:15:54.645+0500: 1180.569: [DefNew: 157248K->157248K(157248K), 0.0000201 secs]2018-03-17T00:15:54.645+0500: 1180.569: [Tenured: 306736K->34272K(349568K), 0.1858835 secs] 463984K->34272K(506816K), [Metaspace: 5350K->5350K(1056768K)], 0.1859904 secs] [Times: user=0.19 sys=0.00, real=0.19 secs] 
2018-03-17T00:15:54.868+0500: 1180.792: [GC (Allocation Failure) 2018-03-17T00:15:54.868+0500: 1180.792: [DefNew: 139776K->17472K(157248K), 0.2732108 secs] 174048K->174046K(506816K), 0.2732719 secs] [Times: user=0.26 sys=0.00, real=0.27 secs] 
2018-03-17T00:15:55.168+0500: 1181.092: [GC (Allocation Failure) 2018-03-17T00:15:55.168+0500: 1181.092: [DefNew: 157248K->17472K(157248K), 0.2683890 secs] 313822K->313821K(506816K), 0.2684591 secs] [Times: user=0.27 sys=0.00, real=0.27 secs] 
2018-03-17T00:15:55.462+0500: 1181.387: [GC (Allocation Failure) 2018-03-17T00:15:55.462+0500: 1181.387: [DefNew: 157248K->157248K(157248K), 0.0000158 secs]2018-03-17T00:15:55.462+0500: 1181.387: [Tenured: 296349K->23908K(349568K), 0.1563728 secs] 453597K->23908K(506816K), [Metaspace: 5350K->5350K(1056768K)], 0.1564596 secs] [Times: user=0.16 sys=0.00, real=0.16 secs] 
2018-03-17T00:15:55.647+0500: 1181.571: [GC (Allocation Failure) 2018-03-17T00:15:55.647+0500: 1181.571: [DefNew: 139776K->17472K(157248K), 0.2658239 secs] 163684K->163683K(506816K), 0.2658945 secs] [Times: user=0.27 sys=0.00, real=0.27 secs] 
2018-03-17T00:15:55.940+0500: 1181.864: [GC (Allocation Failure) 2018-03-17T00:15:55.940+0500: 1181.864: [DefNew: 157248K->17472K(157248K), 0.2573431 secs] 303459K->303458K(506816K), 0.2574398 secs] [Times: user=0.27 sys=0.00, real=0.26 secs] 
2018-03-17T00:15:56.223+0500: 1182.147: [GC (Allocation Failure) 2018-03-17T00:15:56.223+0500: 1182.147: [DefNew: 146063K->146063K(157248K), 0.0000167 secs]2018-03-17T00:15:56.223+0500: 1182.147: [Tenured: 285986K->715K(349568K), 0.1364916 secs] 432050K->715K(506816K), [Metaspace: 5350K->5350K(1056768K)], 0.1365802 secs] [Times: user=0.14 sys=0.00, real=0.14 secs] 
2018-03-17T00:15:56.385+0500: 1182.309: [GC (Allocation Failure) 2018-03-17T00:15:56.385+0500: 1182.309: [DefNew: 139776K->17472K(157248K), 0.2283371 secs] 140491K->140490K(506816K), 0.2284042 secs] [Times: user=0.22 sys=0.00, real=0.23 secs] 
2018-03-17T00:15:56.639+0500: 1182.564: [GC (Allocation Failure) 2018-03-17T00:15:56.639+0500: 1182.564: [DefNew: 157248K->17472K(157248K), 0.2639457 secs] 280266K->280229K(506816K), 0.2640064 secs] [Times: user=0.27 sys=0.00, real=0.26 secs] 
2018-03-17T00:15:56.932+0500: 1182.856: [GC (Allocation Failure) 2018-03-17T00:15:56.932+0500: 1182.856: [DefNew: 157248K->157248K(157248K), 0.0000257 secs]2018-03-17T00:15:56.932+0500: 1182.856: [Tenured: 262757K->205160K(349568K), 0.4743265 secs] 420005K->205160K(506816K), [Metaspace: 5350K->5350K(1056768K)], 0.4744398 secs] [Times: user=0.47 sys=0.00, real=0.48 secs] 
2018-03-17T00:15:57.432+0500: 1183.356: [GC (Allocation Failure) 2018-03-17T00:15:57.432+0500: 1183.356: [DefNew: 139776K->17472K(157248K), 0.2384088 secs] 344936K->344935K(506816K), 0.2384708 secs] [Times: user=0.23 sys=0.00, real=0.24 secs] 
2018-03-17T00:15:57.697+0500: 1183.620: [GC (Allocation Failure) 2018-03-17T00:15:57.697+0500: 1183.620: [DefNew: 157248K->157248K(157248K), 0.0000167 secs]2018-03-17T00:15:57.697+0500: 1183.620: [Tenured: 327463K->55022K(349568K), 0.2212569 secs] 484711K->55022K(506816K), [Metaspace: 5350K->5350K(1056768K)], 0.2213475 secs] [Times: user=0.22 sys=0.00, real=0.22 secs] 
2018-03-17T00:15:57.947+0500: 1183.871: [GC (Allocation Failure) 2018-03-17T00:15:57.947+0500: 1183.871: [DefNew: 139776K->17472K(157248K), 0.2631100 secs] 194798K->194797K(506816K), 0.2631733 secs] [Times: user=0.27 sys=0.00, real=0.26 secs] 
2018-03-17T00:15:58.236+0500: 1184.161: [GC (Allocation Failure) 2018-03-17T00:15:58.236+0500: 1184.161: [DefNew: 157248K->17471K(157248K), 0.2654168 secs] 334573K->334572K(506816K), 0.2654797 secs] [Times: user=0.27 sys=0.00, real=0.27 secs] 
2018-03-17T00:15:58.529+0500: 1184.453: [GC (Allocation Failure) 2018-03-17T00:15:58.529+0500: 1184.453: [DefNew: 157247K->157247K(157248K), 0.0000227 secs]2018-03-17T00:15:58.529+0500: 1184.453: [Tenured: 317100K->44659K(349568K), 0.2139992 secs] 474348K->44659K(506816K), [Metaspace: 5350K->5350K(1056768K)], 0.2141193 secs] [Times: user=0.22 sys=0.00, real=0.21 secs] 
2018-03-17T00:15:58.773+0500: 1184.697: [GC (Allocation Failure) 2018-03-17T00:15:58.773+0500: 1184.697: [DefNew: 139776K->17471K(157248K), 0.2654459 secs] 184435K->184434K(506816K), 0.2655075 secs] [Times: user=0.27 sys=0.00, real=0.27 secs] 
2018-03-17T00:15:59.070+0500: 1184.994: [GC (Allocation Failure) 2018-03-17T00:15:59.070+0500: 1184.994: [DefNew: 157247K->17472K(157248K), 0.2517131 secs] 324210K->324208K(506816K), 0.2517759 secs] [Times: user=0.23 sys=0.00, real=0.25 secs] 
2018-03-17T00:15:59.347+0500: 1185.271: [GC (Allocation Failure) 2018-03-17T00:15:59.348+0500: 1185.272: [DefNew: 157248K->157248K(157248K), 0.0000261 secs]2018-03-17T00:15:59.348+0500: 1185.272: [Tenured: 306736K->34272K(349568K), 0.1866152 secs] 463984K->34272K(506816K), [Metaspace: 5350K->5350K(1056768K)], 0.1867371 secs] [Times: user=0.19 sys=0.00, real=0.19 secs] 
2018-03-17T00:15:59.565+0500: 1185.489: [GC (Allocation Failure) 2018-03-17T00:15:59.565+0500: 1185.489: [DefNew: 139776K->17472K(157248K), 0.2574026 secs] 174048K->174046K(506816K), 0.2574676 secs] [Times: user=0.27 sys=0.00, real=0.26 secs] 
2018-03-17T00:15:59.854+0500: 1185.778: [GC (Allocation Failure) 2018-03-17T00:15:59.854+0500: 1185.778: [DefNew: 157248K->17472K(157248K), 0.2717538 secs] 313822K->313821K(506816K), 0.2718350 secs] [Times: user=0.26 sys=0.00, real=0.27 secs] 
2018-03-17T00:16:00.152+0500: 1186.075: [GC (Allocation Failure) 2018-03-17T00:16:00.152+0500: 1186.075: [DefNew: 157248K->157248K(157248K), 0.0000163 secs]2018-03-17T00:16:00.152+0500: 1186.075: [Tenured: 296349K->23908K(349568K), 0.1545664 secs] 453597K->23908K(506816K), [Metaspace: 5350K->5350K(1056768K)], 0.1546549 secs] [Times: user=0.16 sys=0.00, real=0.15 secs] 
2018-03-17T00:16:00.334+0500: 1186.258: [GC (Allocation Failure) 2018-03-17T00:16:00.334+0500: 1186.258: [DefNew: 139776K->17472K(157248K), 0.2714993 secs] 163684K->163683K(506816K), 0.2715716 secs] [Times: user=0.28 sys=0.00, real=0.27 secs] 
2018-03-17T00:16:00.633+0500: 1186.557: [GC (Allocation Failure) 2018-03-17T00:16:00.633+0500: 1186.557: [DefNew: 157248K->17472K(157248K), 0.2636348 secs] 303459K->303458K(506816K), 0.2636959 secs] [Times: user=0.26 sys=0.00, real=0.26 secs] 
2018-03-17T00:16:00.924+0500: 1186.848: [GC (Allocation Failure) 2018-03-17T00:16:00.924+0500: 1186.848: [DefNew: 146063K->146063K(157248K), 0.0000163 secs]2018-03-17T00:16:00.924+0500: 1186.848: [Tenured: 285986K->715K(349568K), 0.1484557 secs] 432050K->715K(506816K), [Metaspace: 5350K->5350K(1056768K)], 0.1485566 secs] [Times: user=0.16 sys=0.00, real=0.15 secs] 
2018-03-17T00:16:01.099+0500: 1187.024: [GC (Allocation Failure) 2018-03-17T00:16:01.099+0500: 1187.024: [DefNew: 139776K->17472K(157248K), 0.2307880 secs] 140491K->140490K(506816K), 0.2308560 secs] [Times: user=0.23 sys=0.00, real=0.23 secs] 
2018-03-17T00:16:01.358+0500: 1187.281: [GC (Allocation Failure) 2018-03-17T00:16:01.358+0500: 1187.281: [DefNew: 157248K->17472K(157248K), 0.2598791 secs] 280266K->280229K(506816K), 0.2599548 secs] [Times: user=0.26 sys=0.00, real=0.26 secs] 
2018-03-17T00:16:01.645+0500: 1187.569: [GC (Allocation Failure) 2018-03-17T00:16:01.646+0500: 1187.569: [DefNew: 157248K->157248K(157248K), 0.0000244 secs]2018-03-17T00:16:01.646+0500: 1187.569: [Tenured: 262757K->205160K(349568K), 0.4748178 secs] 420005K->205160K(506816K), [Metaspace: 5350K->5350K(1056768K)], 0.4749312 secs] [Times: user=0.48 sys=0.00, real=0.47 secs] 
2018-03-17T00:16:02.145+0500: 1188.069: [GC (Allocation Failure) 2018-03-17T00:16:02.145+0500: 1188.069: [DefNew: 139776K->17472K(157248K), 0.2231488 secs] 344936K->344935K(506816K), 0.2232091 secs] [Times: user=0.23 sys=0.00, real=0.22 secs] 
2018-03-17T00:16:02.394+0500: 1188.319: [GC (Allocation Failure) 2018-03-17T00:16:02.395+0500: 1188.319: [DefNew: 157248K->157248K(157248K), 0.0000389 secs]2018-03-17T00:16:02.395+0500: 1188.319: [Tenured: 327463K->55022K(349568K), 0.2259114 secs] 484711K->55022K(506816K), [Metaspace: 5350K->5350K(1056768K)], 0.2260308 secs] [Times: user=0.23 sys=0.00, real=0.23 secs] 
2018-03-17T00:16:02.651+0500: 1188.576: [GC (Allocation Failure) 2018-03-17T00:16:02.651+0500: 1188.576: [DefNew: 139776K->17472K(157248K), 0.2569976 secs] 194798K->194797K(506816K), 0.2570622 secs] [Times: user=0.25 sys=0.00, real=0.26 secs] 
2018-03-17T00:16:02.935+0500: 1188.858: [GC (Allocation Failure) 2018-03-17T00:16:02.935+0500: 1188.858: [DefNew: 157248K->17471K(157248K), 0.2507513 secs] 334573K->334572K(506816K), 0.2508120 secs] [Times: user=0.25 sys=0.00, real=0.25 secs] 
2018-03-17T00:16:03.211+0500: 1189.134: [GC (Allocation Failure) 2018-03-17T00:16:03.211+0500: 1189.134: [DefNew: 157247K->157247K(157248K), 0.0000175 secs]2018-03-17T00:16:03.211+0500: 1189.134: [Tenured: 317100K->44659K(349568K), 0.2012705 secs] 474348K->44659K(506816K), [Metaspace: 5350K->5350K(1056768K)], 0.2013611 secs] [Times: user=0.19 sys=0.00, real=0.20 secs] 
2018-03-17T00:16:03.440+0500: 1189.364: [GC (Allocation Failure) 2018-03-17T00:16:03.440+0500: 1189.364: [DefNew: 139776K->17471K(157248K), 0.2574650 secs] 184435K->184434K(506816K), 0.2575300 secs] [Times: user=0.27 sys=0.00, real=0.26 secs] 
2018-03-17T00:16:03.724+0500: 1189.648: [GC (Allocation Failure) 2018-03-17T00:16:03.724+0500: 1189.648: [DefNew: 157247K->17472K(157248K), 0.2549286 secs] 324210K->324208K(506816K), 0.2549962 secs] [Times: user=0.27 sys=0.00, real=0.26 secs] 
2018-03-17T00:16:04.005+0500: 1189.929: [GC (Allocation Failure) 2018-03-17T00:16:04.005+0500: 1189.929: [DefNew: 157248K->157248K(157248K), 0.0000171 secs]2018-03-17T00:16:04.005+0500: 1189.929: [Tenured: 306736K->34272K(349568K), 0.1784569 secs] 463984K->34272K(506816K), [Metaspace: 5350K->5350K(1056768K)], 0.1785484 secs] [Times: user=0.19 sys=0.00, real=0.18 secs] 
2018-03-17T00:16:04.213+0500: 1190.136: [GC (Allocation Failure) 2018-03-17T00:16:04.213+0500: 1190.136: [DefNew: 139776K->17472K(157248K), 0.2557219 secs] 174048K->174046K(506816K), 0.2557869 secs] [Times: user=0.25 sys=0.00, real=0.25 secs] 
2018-03-17T00:16:04.494+0500: 1190.418: [GC (Allocation Failure) 2018-03-17T00:16:04.494+0500: 1190.418: [DefNew: 157248K->17472K(157248K), 0.2562924 secs] 313822K->313821K(506816K), 0.2563523 secs] [Times: user=0.24 sys=0.00, real=0.26 secs] 
2018-03-17T00:16:04.776+0500: 1190.700: [GC (Allocation Failure) 2018-03-17T00:16:04.776+0500: 1190.700: [DefNew: 157248K->157248K(157248K), 0.0000163 secs]2018-03-17T00:16:04.776+0500: 1190.700: [Tenured: 296349K->23908K(349568K), 0.1558981 secs] 453597K->23908K(506816K), [Metaspace: 5350K->5350K(1056768K)], 0.1559849 secs] [Times: user=0.16 sys=0.00, real=0.16 secs] 
2018-03-17T00:16:04.960+0500: 1190.884: [GC (Allocation Failure) 2018-03-17T00:16:04.960+0500: 1190.884: [DefNew: 139776K->17472K(157248K), 0.2627055 secs] 163684K->163683K(506816K), 0.2627713 secs] [Times: user=0.25 sys=0.00, real=0.26 secs] 
2018-03-17T00:16:05.248+0500: 1191.172: [GC (Allocation Failure) 2018-03-17T00:16:05.248+0500: 1191.173: [DefNew: 157248K->17472K(157248K), 0.2532257 secs] 303459K->303458K(506816K), 0.2532877 secs] [Times: user=0.25 sys=0.00, real=0.25 secs] 
2018-03-17T00:16:05.527+0500: 1191.451: [GC (Allocation Failure) 2018-03-17T00:16:05.527+0500: 1191.451: [DefNew: 146063K->146063K(157248K), 0.0000167 secs]2018-03-17T00:16:05.527+0500: 1191.451: [Tenured: 285986K->715K(349568K), 0.1422551 secs] 432050K->715K(506816K), [Metaspace: 5350K->5350K(1056768K)], 0.1423419 secs] [Times: user=0.14 sys=0.00, real=0.14 secs] 
2018-03-17T00:16:05.698+0500: 1191.621: [GC (Allocation Failure) 2018-03-17T00:16:05.698+0500: 1191.621: [DefNew: 139776K->17472K(157248K), 0.2268365 secs] 140491K->140490K(506816K), 0.2268998 secs] [Times: user=0.22 sys=0.00, real=0.23 secs] 
2018-03-17T00:16:05.951+0500: 1191.874: [GC (Allocation Failure) 2018-03-17T00:16:05.951+0500: 1191.874: [DefNew: 157248K->17472K(157248K), 0.2895519 secs] 280266K->280229K(506816K), 0.2896357 secs] [Times: user=0.28 sys=0.00, real=0.29 secs] 
2018-03-17T00:16:06.269+0500: 1192.193: [GC (Allocation Failure) 2018-03-17T00:16:06.269+0500: 1192.193: [DefNew: 157248K->157248K(157248K), 0.0000167 secs]2018-03-17T00:16:06.269+0500: 1192.193: [Tenured: 262757K->205160K(349568K), 0.4808482 secs] 420005K->205160K(506816K), [Metaspace: 5350K->5350K(1056768K)], 0.4809688 secs] [Times: user=0.49 sys=0.00, real=0.48 secs] 
2018-03-17T00:16:06.775+0500: 1192.699: [GC (Allocation Failure) 2018-03-17T00:16:06.775+0500: 1192.699: [DefNew: 139776K->17472K(157248K), 0.2365147 secs] 344936K->344935K(506816K), 0.2365793 secs] [Times: user=0.23 sys=0.00, real=0.24 secs] 
2018-03-17T00:16:07.041+0500: 1192.965: [GC (Allocation Failure) 2018-03-17T00:16:07.041+0500: 1192.965: [DefNew: 157248K->157248K(157248K), 0.0000163 secs]2018-03-17T00:16:07.041+0500: 1192.965: [Tenured: 327463K->55022K(349568K), 0.2637331 secs] 484711K->55022K(506816K), [Metaspace: 5350K->5350K(1056768K)], 0.2638281 secs] [Times: user=0.24 sys=0.00, real=0.26 secs] 
2018-03-17T00:16:07.350+0500: 1193.273: [GC (Allocation Failure) 2018-03-17T00:16:07.350+0500: 1193.273: [DefNew: 139776K->17472K(157248K), 0.3621024 secs] 194798K->194797K(506816K), 0.3621687 secs] [Times: user=0.36 sys=0.00, real=0.36 secs] 
2018-03-17T00:16:07.744+0500: 1193.667: [GC (Allocation Failure) 2018-03-17T00:16:07.744+0500: 1193.667: [DefNew: 157248K->17471K(157248K), 0.2601862 secs] 334573K->334572K(506816K), 0.2602721 secs] [Times: user=0.25 sys=0.00, real=0.26 secs] 
2018-03-17T00:16:08.031+0500: 1193.955: [GC (Allocation Failure) 2018-03-17T00:16:08.031+0500: 1193.955: [DefNew: 157247K->157247K(157248K), 0.0000171 secs]2018-03-17T00:16:08.031+0500: 1193.955: [Tenured: 317100K->44659K(349568K), 0.2052562 secs] 474348K->44659K(506816K), [Metaspace: 5350K->5350K(1056768K)], 0.2053511 secs] [Times: user=0.20 sys=0.00, real=0.21 secs] 
2018-03-17T00:16:08.271+0500: 1194.196: [GC (Allocation Failure) 2018-03-17T00:16:08.271+0500: 1194.196: [DefNew: 139776K->17471K(157248K), 0.2789046 secs] 184435K->184434K(506816K), 0.2789674 secs] [Times: user=0.26 sys=0.00, real=0.28 secs] 
2018-03-17T00:16:08.578+0500: 1194.501: [GC (Allocation Failure) 2018-03-17T00:16:08.578+0500: 1194.501: [DefNew: 157247K->17472K(157248K), 0.2570241 secs] 324210K->324208K(506816K), 0.2570853 secs] [Times: user=0.25 sys=0.00, real=0.26 secs] 
2018-03-17T00:16:08.860+0500: 1194.784: [GC (Allocation Failure) 2018-03-17T00:16:08.860+0500: 1194.784: [DefNew: 157248K->157248K(157248K), 0.0000163 secs]2018-03-17T00:16:08.860+0500: 1194.784: [Tenured: 306736K->34272K(349568K), 0.1814958 secs] 463984K->34272K(506816K), [Metaspace: 5350K->5350K(1056768K)], 0.1815839 secs] [Times: user=0.19 sys=0.00, real=0.18 secs] 
2018-03-17T00:16:09.078+0500: 1195.002: [GC (Allocation Failure) 2018-03-17T00:16:09.079+0500: 1195.002: [DefNew: 139776K->17472K(157248K), 0.2609418 secs] 174048K->174046K(506816K), 0.2610227 secs] [Times: user=0.26 sys=0.00, real=0.26 secs] 
2018-03-17T00:16:09.365+0500: 1195.290: [GC (Allocation Failure) 2018-03-17T00:16:09.365+0500: 1195.290: [DefNew: 157248K->17472K(157248K), 0.2593300 secs] 313822K->313821K(506816K), 0.2593916 secs] [Times: user=0.25 sys=0.00, real=0.26 secs] 
2018-03-17T00:16:09.651+0500: 1195.575: [GC (Allocation Failure) 2018-03-17T00:16:09.651+0500: 1195.575: [DefNew: 157248K->157248K(157248K), 0.0000163 secs]2018-03-17T00:16:09.651+0500: 1195.575: [Tenured: 296349K->23908K(349568K), 0.1597119 secs] 453597K->23908K(506816K), [Metaspace: 5350K->5350K(1056768K)], 0.1598005 secs] [Times: user=0.16 sys=0.00, real=0.16 secs] 
2018-03-17T00:16:09.841+0500: 1195.764: [GC (Allocation Failure) 2018-03-17T00:16:09.841+0500: 1195.764: [DefNew: 139776K->17472K(157248K), 0.2727964 secs] 163684K->163683K(506816K), 0.2728700 secs] [Times: user=0.27 sys=0.00, real=0.27 secs] 
2018-03-17T00:16:10.139+0500: 1196.063: [GC (Allocation Failure) 2018-03-17T00:16:10.139+0500: 1196.063: [DefNew: 157248K->17472K(157248K), 0.2640646 secs] 303459K->303458K(506816K), 0.2641381 secs] [Times: user=0.27 sys=0.00, real=0.26 secs] 
2018-03-17T00:16:10.437+0500: 1196.360: [GC (Allocation Failure) 2018-03-17T00:16:10.437+0500: 1196.360: [DefNew: 146063K->146063K(157248K), 0.0000205 secs]2018-03-17T00:16:10.437+0500: 1196.360: [Tenured: 285986K->715K(349568K), 0.1415337 secs] 432050K->715K(506816K), [Metaspace: 5350K->5350K(1056768K)], 0.1416483 secs] [Times: user=0.14 sys=0.00, real=0.14 secs] 
2018-03-17T00:16:10.603+0500: 1196.527: [GC (Allocation Failure) 2018-03-17T00:16:10.603+0500: 1196.527: [DefNew: 139776K->17472K(157248K), 0.2370634 secs] 140491K->140490K(506816K), 0.2371391 secs] [Times: user=0.23 sys=0.00, real=0.24 secs] 
2018-03-17T00:16:10.870+0500: 1196.794: [GC (Allocation Failure) 2018-03-17T00:16:10.870+0500: 1196.794: [DefNew: 157248K->17472K(157248K), 0.2720869 secs] 280266K->280229K(506816K), 0.2721489 secs] [Times: user=0.27 sys=0.00, real=0.27 secs] 
2018-03-17T00:16:11.170+0500: 1197.095: [GC (Allocation Failure) 2018-03-17T00:16:11.170+0500: 1197.095: [DefNew: 157248K->157248K(157248K), 0.0000154 secs]2018-03-17T00:16:11.170+0500: 1197.095: [Tenured: 262757K->205160K(349568K), 0.4930248 secs] 420005K->205160K(506816K), [Metaspace: 5350K->5350K(1056768K)], 0.4931146 secs] [Times: user=0.50 sys=0.00, real=0.49 secs] 
2018-03-17T00:16:11.690+0500: 1197.613: [GC (Allocation Failure) 2018-03-17T00:16:11.690+0500: 1197.613: [DefNew: 139776K->17472K(157248K), 0.2255082 secs] 344936K->344935K(506816K), 0.2255881 secs] [Times: user=0.24 sys=0.00, real=0.22 secs] 
2018-03-17T00:16:11.941+0500: 1197.865: [GC (Allocation Failure) 2018-03-17T00:16:11.941+0500: 1197.865: [DefNew: 157248K->157248K(157248K), 0.0000163 secs]2018-03-17T00:16:11.941+0500: 1197.865: [Tenured: 327463K->55022K(349568K), 0.2208160 secs] 484711K->55022K(506816K), [Metaspace: 5350K->5350K(1056768K)], 0.2209049 secs] [Times: user=0.24 sys=0.00, real=0.22 secs] 
2018-03-17T00:16:12.191+0500: 1198.115: [GC (Allocation Failure) 2018-03-17T00:16:12.191+0500: 1198.115: [DefNew: 139776K->17472K(157248K), 0.2564823 secs] 194798K->194797K(506816K), 0.2565468 secs] [Times: user=0.27 sys=0.00, real=0.26 secs] 
2018-03-17T00:16:12.473+0500: 1198.397: [GC (Allocation Failure) 2018-03-17T00:16:12.473+0500: 1198.397: [DefNew: 157248K->17471K(157248K), 0.2526732 secs] 334573K->334572K(506816K), 0.2527364 secs] [Times: user=0.27 sys=0.00, real=0.25 secs] 
2018-03-17T00:16:12.753+0500: 1198.676: [GC (Allocation Failure) 2018-03-17T00:16:12.753+0500: 1198.676: [DefNew: 157247K->157247K(157248K), 0.0000167 secs]2018-03-17T00:16:12.753+0500: 1198.676: [Tenured: 317100K->44659K(349568K), 0.1996911 secs] 474348K->44659K(506816K), [Metaspace: 5350K->5350K(1056768K)], 0.1998028 secs] [Times: user=0.19 sys=0.00, real=0.20 secs] 
2018-03-17T00:16:12.982+0500: 1198.906: [GC (Allocation Failure) 2018-03-17T00:16:12.982+0500: 1198.906: [DefNew: 139776K->17471K(157248K), 0.2613139 secs] 184435K->184434K(506816K), 0.2613793 secs] [Times: user=0.27 sys=0.00, real=0.26 secs] 
2018-03-17T00:16:13.269+0500: 1199.192: [GC (Allocation Failure) 2018-03-17T00:16:13.269+0500: 1199.192: [DefNew: 157247K->17472K(157248K), 0.2527078 secs] 324210K->324208K(506816K), 0.2527728 secs] [Times: user=0.25 sys=0.00, real=0.25 secs] 
2018-03-17T00:16:13.547+0500: 1199.471: [GC (Allocation Failure) 2018-03-17T00:16:13.547+0500: 1199.471: [DefNew: 157248K->157248K(157248K), 0.0000167 secs]2018-03-17T00:16:13.547+0500: 1199.471: [Tenured: 306736K->34272K(349568K), 0.1778492 secs] 463984K->34272K(506816K), [Metaspace: 5350K->5350K(1056768K)], 0.1779475 secs] [Times: user=0.19 sys=0.00, real=0.18 secs] 
2018-03-17T00:16:13.758+0500: 1199.682: [GC (Allocation Failure) 2018-03-17T00:16:13.758+0500: 1199.682: [DefNew: 139776K->17472K(157248K), 0.2754059 secs] 174048K->174046K(506816K), 0.2754846 secs] [Times: user=0.27 sys=0.00, real=0.28 secs] 
2018-03-17T00:16:14.060+0500: 1199.983: [GC (Allocation Failure) 2018-03-17T00:16:14.060+0500: 1199.983: [DefNew: 157248K->17472K(157248K), 0.2587706 secs] 313822K->313821K(506816K), 0.2588331 secs] [Times: user=0.26 sys=0.00, real=0.26 secs] 
2018-03-17T00:16:14.345+0500: 1200.268: [GC (Allocation Failure) 2018-03-17T00:16:14.345+0500: 1200.268: [DefNew: 157248K->157248K(157248K), 0.0000167 secs]2018-03-17T00:16:14.345+0500: 1200.268: [Tenured: 296349K->23908K(349568K), 0.1623129 secs] 453597K->23908K(506816K), [Metaspace: 5350K->5350K(1056768K)], 0.1624122 secs] [Times: user=0.17 sys=0.00, real=0.16 secs] 
2018-03-17T00:16:14.537+0500: 1200.461: [GC (Allocation Failure) 2018-03-17T00:16:14.537+0500: 1200.461: [DefNew: 139776K->17472K(157248K), 0.3000174 secs] 163684K->163683K(506816K), 0.3000974 secs] [Times: user=0.31 sys=0.00, real=0.30 secs] 
2018-03-17T00:16:14.875+0500: 1200.799: [GC (Allocation Failure) 2018-03-17T00:16:14.875+0500: 1200.799: [DefNew: 157248K->17472K(157248K), 0.3523562 secs] 303459K->303458K(506816K), 0.3524268 secs] [Times: user=0.36 sys=0.00, real=0.35 secs] 
2018-03-17T00:16:15.264+0500: 1201.188: [GC (Allocation Failure) 2018-03-17T00:16:15.264+0500: 1201.188: [DefNew: 146063K->146063K(157248K), 0.0000150 secs]2018-03-17T00:16:15.264+0500: 1201.188: [Tenured: 285986K->715K(349568K), 0.1411257 secs] 432050K->715K(506816K), [Metaspace: 5350K->5350K(1056768K)], 0.1412142 secs] [Times: user=0.14 sys=0.00, real=0.14 secs] 
2018-03-17T00:16:15.432+0500: 1201.356: [GC (Allocation Failure) 2018-03-17T00:16:15.432+0500: 1201.356: [DefNew: 139776K->17472K(157248K), 0.2345680 secs] 140491K->140490K(506816K), 0.2346300 secs] [Times: user=0.23 sys=0.00, real=0.24 secs] 
2018-03-17T00:16:15.694+0500: 1201.618: [GC (Allocation Failure) 2018-03-17T00:16:15.694+0500: 1201.618: [DefNew: 157248K->17472K(157248K), 0.2737449 secs] 280266K->280229K(506816K), 0.2738018 secs] [Times: user=0.27 sys=0.00, real=0.27 secs] 
2018-03-17T00:16:15.996+0500: 1201.920: [GC (Allocation Failure) 2018-03-17T00:16:15.996+0500: 1201.920: [DefNew: 157248K->157248K(157248K), 0.0000171 secs]2018-03-17T00:16:15.996+0500: 1201.920: [Tenured: 262757K->205160K(349568K), 0.5172069 secs] 420005K->205160K(506816K), [Metaspace: 5350K->5350K(1056768K)], 0.5173009 secs] [Times: user=0.52 sys=0.00, real=0.52 secs] 
2018-03-17T00:16:16.539+0500: 1202.463: [GC (Allocation Failure) 2018-03-17T00:16:16.539+0500: 1202.463: [DefNew: 139776K->17472K(157248K), 0.2231894 secs] 344936K->344935K(506816K), 0.2232544 secs] [Times: user=0.22 sys=0.00, real=0.22 secs] 
2018-03-17T00:16:16.790+0500: 1202.714: [GC (Allocation Failure) 2018-03-17T00:16:16.790+0500: 1202.714: [DefNew: 157248K->157248K(157248K), 0.0000184 secs]2018-03-17T00:16:16.790+0500: 1202.714: [Tenured: 327463K->55022K(349568K), 0.2233348 secs] 484711K->55022K(506816K), [Metaspace: 5350K->5350K(1056768K)], 0.2234614 secs] [Times: user=0.22 sys=0.00, real=0.22 secs] 
2018-03-17T00:16:17.044+0500: 1202.967: [GC (Allocation Failure) 2018-03-17T00:16:17.044+0500: 1202.967: [DefNew: 139776K->17472K(157248K), 0.2580009 secs] 194798K->194797K(506816K), 0.2580654 secs] [Times: user=0.25 sys=0.00, real=0.26 secs] 
2018-03-17T00:16:17.329+0500: 1203.253: [GC (Allocation Failure) 2018-03-17T00:16:17.329+0500: 1203.253: [DefNew: 157248K->17471K(157248K), 0.2555765 secs] 334573K->334572K(506816K), 0.2556385 secs] [Times: user=0.27 sys=0.00, real=0.26 secs] 
2018-03-17T00:16:17.610+0500: 1203.534: [GC (Allocation Failure) 2018-03-17T00:16:17.610+0500: 1203.534: [DefNew: 157247K->157247K(157248K), 0.0000171 secs]2018-03-17T00:16:17.610+0500: 1203.534: [Tenured: 317100K->44659K(349568K), 0.1997848 secs] 474348K->44659K(506816K), [Metaspace: 5350K->5350K(1056768K)], 0.1998917 secs] [Times: user=0.20 sys=0.00, real=0.20 secs] 
2018-03-17T00:16:17.838+0500: 1203.762: [GC (Allocation Failure) 2018-03-17T00:16:17.838+0500: 1203.762: [DefNew: 139776K->17471K(157248K), 0.2558532 secs] 184435K->184434K(506816K), 0.2559165 secs] [Times: user=0.25 sys=0.00, real=0.26 secs] 
2018-03-17T00:16:18.119+0500: 1204.044: [GC (Allocation Failure) 2018-03-17T00:16:18.119+0500: 1204.044: [DefNew: 157247K->17472K(157248K), 0.2628248 secs] 324210K->324208K(506816K), 0.2628902 secs] [Times: user=0.27 sys=0.00, real=0.26 secs] 
2018-03-17T00:16:18.409+0500: 1204.333: [GC (Allocation Failure) 2018-03-17T00:16:18.409+0500: 1204.333: [DefNew: 157248K->157248K(157248K), 0.0000163 secs]2018-03-17T00:16:18.409+0500: 1204.333: [Tenured: 306736K->34272K(349568K), 0.1823960 secs] 463984K->34272K(506816K), [Metaspace: 5350K->5350K(1056768K)], 0.1824875 secs] [Times: user=0.19 sys=0.00, real=0.18 secs] 
2018-03-17T00:16:18.627+0500: 1204.551: [GC (Allocation Failure) 2018-03-17T00:16:18.627+0500: 1204.551: [DefNew: 139776K->17472K(157248K), 0.2556702 secs] 174048K->174046K(506816K), 0.2557420 secs] [Times: user=0.27 sys=0.00, real=0.26 secs] 
2018-03-17T00:16:18.908+0500: 1204.832: [GC (Allocation Failure) 2018-03-17T00:16:18.908+0500: 1204.832: [DefNew: 157248K->17472K(157248K), 0.2559079 secs] 313822K->313821K(506816K), 0.2559738 secs] [Times: user=0.27 sys=0.00, real=0.26 secs] 
2018-03-17T00:16:19.190+0500: 1205.114: [GC (Allocation Failure) 2018-03-17T00:16:19.190+0500: 1205.114: [DefNew: 157248K->157248K(157248K), 0.0000359 secs]2018-03-17T00:16:19.190+0500: 1205.114: [Tenured: 296349K->23908K(349568K), 0.1576990 secs] 453597K->23908K(506816K), [Metaspace: 5350K->5350K(1056768K)], 0.1578354 secs] [Times: user=0.14 sys=0.00, real=0.16 secs] 
2018-03-17T00:16:19.376+0500: 1205.300: [GC (Allocation Failure) 2018-03-17T00:16:19.376+0500: 1205.300: [DefNew: 139776K->17472K(157248K), 0.2546173 secs] 163684K->163683K(506816K), 0.2546793 secs] [Times: user=0.25 sys=0.00, real=0.25 secs] 
2018-03-17T00:16:19.656+0500: 1205.580: [GC (Allocation Failure) 2018-03-17T00:16:19.656+0500: 1205.580: [DefNew: 157248K->17472K(157248K), 0.3025932 secs] 303459K->303458K(506816K), 0.3026539 secs] [Times: user=0.30 sys=0.00, real=0.30 secs] 
2018-03-17T00:16:19.985+0500: 1205.909: [GC (Allocation Failure) 2018-03-17T00:16:19.985+0500: 1205.909: [DefNew: 146063K->146063K(157248K), 0.0000163 secs]2018-03-17T00:16:19.985+0500: 1205.909: [Tenured: 285986K->715K(349568K), 0.1379324 secs] 432050K->715K(506816K), [Metaspace: 5350K->5350K(1056768K)], 0.1380214 secs] [Times: user=0.14 sys=0.00, real=0.14 secs] 
2018-03-17T00:16:20.149+0500: 1206.072: [GC (Allocation Failure) 2018-03-17T00:16:20.149+0500: 1206.073: [DefNew: 139776K->17472K(157248K), 0.2296406 secs] 140491K->140490K(506816K), 0.2297030 secs] [Times: user=0.22 sys=0.00, real=0.23 secs] 
2018-03-17T00:16:20.409+0500: 1206.333: [GC (Allocation Failure) 2018-03-17T00:16:20.409+0500: 1206.333: [DefNew: 157248K->17472K(157248K), 0.2560606 secs] 280266K->280229K(506816K), 0.2561265 secs] [Times: user=0.27 sys=0.00, real=0.26 secs] 
2018-03-17T00:16:20.693+0500: 1206.617: [GC (Allocation Failure) 2018-03-17T00:16:20.693+0500: 1206.617: [DefNew: 157248K->157248K(157248K), 0.0000163 secs]2018-03-17T00:16:20.693+0500: 1206.617: [Tenured: 262757K->205160K(349568K), 0.4845414 secs] 420005K->205160K(506816K), [Metaspace: 5350K->5350K(1056768K)], 0.4846342 secs] [Times: user=0.48 sys=0.00, real=0.48 secs] 
2018-03-17T00:16:21.205+0500: 1207.129: [GC (Allocation Failure) 2018-03-17T00:16:21.205+0500: 1207.129: [DefNew: 139776K->17472K(157248K), 0.2403794 secs] 344936K->344935K(506816K), 0.2404431 secs] [Times: user=0.25 sys=0.00, real=0.24 secs] 
2018-03-17T00:16:21.472+0500: 1207.395: [GC (Allocation Failure) 2018-03-17T00:16:21.472+0500: 1207.395: [DefNew: 157248K->157248K(157248K), 0.0000163 secs]2018-03-17T00:16:21.472+0500: 1207.395: [Tenured: 327463K->55022K(349568K), 0.2254077 secs] 484711K->55022K(506816K), [Metaspace: 5350K->5350K(1056768K)], 0.2255112 secs] [Times: user=0.24 sys=0.00, real=0.23 secs] 
2018-03-17T00:16:21.727+0500: 1207.651: [GC (Allocation Failure) 2018-03-17T00:16:21.728+0500: 1207.651: [DefNew: 139776K->17472K(157248K), 0.2654284 secs] 194798K->194797K(506816K), 0.2655130 secs] [Times: user=0.27 sys=0.00, real=0.27 secs] 
2018-03-17T00:16:22.019+0500: 1207.943: [GC (Allocation Failure) 2018-03-17T00:16:22.019+0500: 1207.943: [DefNew: 157248K->17471K(157248K), 0.2598376 secs] 334573K->334572K(506816K), 0.2599005 secs] [Times: user=0.27 sys=0.00, real=0.26 secs] 
2018-03-17T00:16:22.305+0500: 1208.229: [GC (Allocation Failure) 2018-03-17T00:16:22.305+0500: 1208.229: [DefNew: 157247K->157247K(157248K), 0.0000163 secs]2018-03-17T00:16:22.305+0500: 1208.229: [Tenured: 317100K->44659K(349568K), 0.2042820 secs] 474348K->44659K(506816K), [Metaspace: 5350K->5350K(1056768K)], 0.2043761 secs] [Times: user=0.20 sys=0.00, real=0.20 secs] 
2018-03-17T00:16:22.541+0500: 1208.465: [GC (Allocation Failure) 2018-03-17T00:16:22.541+0500: 1208.465: [DefNew: 139776K->17471K(157248K), 0.2553088 secs] 184435K->184434K(506816K), 0.2553909 secs] [Times: user=0.25 sys=0.00, real=0.26 secs] 
2018-03-17T00:16:22.822+0500: 1208.746: [GC (Allocation Failure) 2018-03-17T00:16:22.822+0500: 1208.746: [DefNew: 157247K->17472K(157248K), 0.2579915 secs] 324210K->324208K(506816K), 0.2580543 secs] [Times: user=0.25 sys=0.00, real=0.26 secs] 
2018-03-17T00:16:23.111+0500: 1209.034: [GC (Allocation Failure) 2018-03-17T00:16:23.111+0500: 1209.035: [DefNew: 157248K->157248K(157248K), 0.0000192 secs]2018-03-17T00:16:23.111+0500: 1209.035: [Tenured: 306736K->34272K(349568K), 0.1799271 secs] 463984K->34272K(506816K), [Metaspace: 5350K->5350K(1056768K)], 0.1800666 secs] [Times: user=0.19 sys=0.00, real=0.18 secs] 
2018-03-17T00:16:23.321+0500: 1209.245: [GC (Allocation Failure) 2018-03-17T00:16:23.321+0500: 1209.245: [DefNew: 139776K->17472K(157248K), 0.2763207 secs] 174048K->174046K(506816K), 0.2764028 secs] [Times: user=0.27 sys=0.00, real=0.28 secs] 
2018-03-17T00:16:23.634+0500: 1209.558: [GC (Allocation Failure) 2018-03-17T00:16:23.634+0500: 1209.558: [DefNew: 157248K->17472K(157248K), 0.2759978 secs] 313822K->313821K(506816K), 0.2760573 secs] [Times: user=0.27 sys=0.00, real=0.28 secs] 
2018-03-17T00:16:23.937+0500: 1209.860: [GC (Allocation Failure) 2018-03-17T00:16:23.937+0500: 1209.860: [DefNew: 157248K->157248K(157248K), 0.0000167 secs]2018-03-17T00:16:23.937+0500: 1209.860: [Tenured: 296349K->23908K(349568K), 0.1593463 secs] 453597K->23908K(506816K), [Metaspace: 5350K->5350K(1056768K)], 0.1594378 secs] [Times: user=0.16 sys=0.00, real=0.16 secs] 
2018-03-17T00:16:24.125+0500: 1210.049: [GC (Allocation Failure) 2018-03-17T00:16:24.125+0500: 1210.049: [DefNew: 139776K->17472K(157248K), 0.2589639 secs] 163684K->163683K(506816K), 0.2590230 secs] [Times: user=0.25 sys=0.00, real=0.26 secs] 
2018-03-17T00:16:24.410+0500: 1210.333: [GC (Allocation Failure) 2018-03-17T00:16:24.410+0500: 1210.333: [DefNew: 157248K->17472K(157248K), 0.2607964 secs] 303459K->303458K(506816K), 0.2608589 secs] [Times: user=0.27 sys=0.00, real=0.26 secs] 
2018-03-17T00:16:24.697+0500: 1210.621: [GC (Allocation Failure) 2018-03-17T00:16:24.697+0500: 1210.621: [DefNew: 146063K->146063K(157248K), 0.0000163 secs]2018-03-17T00:16:24.697+0500: 1210.621: [Tenured: 285986K->715K(349568K), 0.1409046 secs] 432050K->715K(506816K), [Metaspace: 5350K->5350K(1056768K)], 0.1409931 secs] [Times: user=0.14 sys=0.00, real=0.14 secs] 
2018-03-17T00:16:24.866+0500: 1210.790: [GC (Allocation Failure) 2018-03-17T00:16:24.866+0500: 1210.790: [DefNew: 139776K->17472K(157248K), 0.2381813 secs] 140491K->140490K(506816K), 0.2382505 secs] [Times: user=0.24 sys=0.00, real=0.24 secs] 
2018-03-17T00:16:25.132+0500: 1211.057: [GC (Allocation Failure) 2018-03-17T00:16:25.132+0500: 1211.057: [DefNew: 157248K->17472K(157248K), 0.2672249 secs] 280266K->280229K(506816K), 0.2672882 secs] [Times: user=0.26 sys=0.00, real=0.27 secs] 
2018-03-17T00:16:25.430+0500: 1211.353: [GC (Allocation Failure) 2018-03-17T00:16:25.430+0500: 1211.353: [DefNew: 157248K->157248K(157248K), 0.0000163 secs]2018-03-17T00:16:25.430+0500: 1211.353: [Tenured: 262757K->205160K(349568K), 0.4797042 secs] 420005K->205160K(506816K), [Metaspace: 5350K->5350K(1056768K)], 0.4797940 secs] [Times: user=0.45 sys=0.00, real=0.48 secs] 
2018-03-17T00:16:25.935+0500: 1211.859: [GC (Allocation Failure) 2018-03-17T00:16:25.935+0500: 1211.859: [DefNew: 139776K->17472K(157248K), 0.2894698 secs] 344936K->344935K(506816K), 0.2895493 secs] [Times: user=0.28 sys=0.00, real=0.29 secs] 
2018-03-17T00:16:26.258+0500: 1212.182: [GC (Allocation Failure) 2018-03-17T00:16:26.258+0500: 1212.182: [DefNew: 157248K->157248K(157248K), 0.0000175 secs]2018-03-17T00:16:26.258+0500: 1212.182: [Tenured: 327463K->55022K(349568K), 0.2677599 secs] 484711K->55022K(506816K), [Metaspace: 5350K->5350K(1056768K)], 0.2678493 secs] [Times: user=0.27 sys=0.00, real=0.27 secs] 
2018-03-17T00:16:26.562+0500: 1212.487: [GC (Allocation Failure) 2018-03-17T00:16:26.562+0500: 1212.487: [DefNew: 139776K->17472K(157248K), 0.3199850 secs] 194798K->194797K(506816K), 0.3200555 secs] [Times: user=0.33 sys=0.00, real=0.32 secs] 
2018-03-17T00:16:26.918+0500: 1212.841: [GC (Allocation Failure) 2018-03-17T00:16:26.918+0500: 1212.841: [DefNew: 157248K->17471K(157248K), 0.3629894 secs] 334573K->334572K(506816K), 0.3630736 secs] [Times: user=0.34 sys=0.00, real=0.36 secs] 
2018-03-17T00:16:27.320+0500: 1213.243: [GC (Allocation Failure) 2018-03-17T00:16:27.320+0500: 1213.243: [DefNew: 157247K->157247K(157248K), 0.0000299 secs]2018-03-17T00:16:27.320+0500: 1213.243: [Tenured: 317100K->44659K(349568K), 0.2206915 secs] 474348K->44659K(506816K), [Metaspace: 5350K->5350K(1056768K)], 0.2208228 secs] [Times: user=0.22 sys=0.00, real=0.22 secs] 
2018-03-17T00:16:27.577+0500: 1213.501: [GC (Allocation Failure) 2018-03-17T00:16:27.577+0500: 1213.501: [DefNew: 139776K->17471K(157248K), 0.3180088 secs] 184435K->184434K(506816K), 0.3180755 secs] [Times: user=0.31 sys=0.00, real=0.32 secs] 
2018-03-17T00:16:27.922+0500: 1213.846: [GC (Allocation Failure) 2018-03-17T00:16:27.922+0500: 1213.846: [DefNew: 157247K->17472K(157248K), 0.2659441 secs] 324210K->324208K(506816K), 0.2660091 secs] [Times: user=0.26 sys=0.00, real=0.27 secs] 
2018-03-17T00:16:28.219+0500: 1214.142: [GC (Allocation Failure) 2018-03-17T00:16:28.219+0500: 1214.142: [DefNew: 157248K->157248K(157248K), 0.0000163 secs]2018-03-17T00:16:28.219+0500: 1214.142: [Tenured: 306736K->34272K(349568K), 0.1933845 secs] 463984K->34272K(506816K), [Metaspace: 5350K->5350K(1056768K)], 0.1934769 secs] [Times: user=0.19 sys=0.00, real=0.19 secs] 
2018-03-17T00:16:28.451+0500: 1214.375: [GC (Allocation Failure) 2018-03-17T00:16:28.451+0500: 1214.375: [DefNew: 139776K->17472K(157248K), 0.2730380 secs] 174048K->174046K(506816K), 0.2731064 secs] [Times: user=0.27 sys=0.00, real=0.27 secs] 
2018-03-17T00:16:28.755+0500: 1214.678: [GC (Allocation Failure) 2018-03-17T00:16:28.755+0500: 1214.678: [DefNew: 157248K->17472K(157248K), 0.2707565 secs] 313822K->313821K(506816K), 0.2708262 secs] [Times: user=0.28 sys=0.00, real=0.27 secs] 
2018-03-17T00:16:29.053+0500: 1214.977: [GC (Allocation Failure) 2018-03-17T00:16:29.053+0500: 1214.977: [DefNew: 157248K->157248K(157248K), 0.0000158 secs]2018-03-17T00:16:29.053+0500: 1214.977: [Tenured: 296349K->23908K(349568K), 0.1600729 secs] 453597K->23908K(506816K), [Metaspace: 5350K->5350K(1056768K)], 0.1601708 secs] [Times: user=0.16 sys=0.00, real=0.16 secs] 
2018-03-17T00:16:29.247+0500: 1215.171: [GC (Allocation Failure) 2018-03-17T00:16:29.247+0500: 1215.171: [DefNew: 139776K->17472K(157248K), 0.2829720 secs] 163684K->163683K(506816K), 0.2830558 secs] [Times: user=0.28 sys=0.00, real=0.28 secs] 
2018-03-17T00:16:29.560+0500: 1215.483: [GC (Allocation Failure) 2018-03-17T00:16:29.560+0500: 1215.484: [DefNew: 157248K->17472K(157248K), 0.2755287 secs] 303459K->303458K(506816K), 0.2755928 secs] [Times: user=0.28 sys=0.00, real=0.28 secs] 
2018-03-17T00:16:29.863+0500: 1215.786: [GC (Allocation Failure) 2018-03-17T00:16:29.863+0500: 1215.786: [DefNew: 146063K->146063K(157248K), 0.0000278 secs]2018-03-17T00:16:29.863+0500: 1215.786: [Tenured: 285986K->715K(349568K), 0.1449558 secs] 432050K->715K(506816K), [Metaspace: 5350K->5350K(1056768K)], 0.1450973 secs] [Times: user=0.14 sys=0.00, real=0.14 secs] 
2018-03-17T00:16:30.043+0500: 1215.967: [GC (Allocation Failure) 2018-03-17T00:16:30.043+0500: 1215.967: [DefNew: 139776K->17472K(157248K), 0.3175046 secs] 140491K->140490K(506816K), 0.3175722 secs] [Times: user=0.31 sys=0.00, real=0.32 secs] 
2018-03-17T00:16:30.389+0500: 1216.313: [GC (Allocation Failure) 2018-03-17T00:16:30.389+0500: 1216.313: [DefNew: 157248K->17472K(157248K), 0.2614148 secs] 280266K->280229K(506816K), 0.2614811 secs] [Times: user=0.27 sys=0.00, real=0.26 secs] 
2018-03-17T00:16:30.683+0500: 1216.607: [GC (Allocation Failure) 2018-03-17T00:16:30.683+0500: 1216.607: [DefNew: 157248K->157248K(157248K), 0.0000244 secs]2018-03-17T00:16:30.683+0500: 1216.607: [Tenured: 262757K->205160K(349568K), 0.4877522 secs] 420005K->205160K(506816K), [Metaspace: 5350K->5350K(1056768K)], 0.4878707 secs] [Times: user=0.48 sys=0.00, real=0.49 secs] 
2018-03-17T00:16:31.197+0500: 1217.121: [GC (Allocation Failure) 2018-03-17T00:16:31.197+0500: 1217.121: [DefNew: 139776K->17472K(157248K), 0.2254406 secs] 344936K->344935K(506816K), 0.2255026 secs] [Times: user=0.20 sys=0.00, real=0.22 secs] 
2018-03-17T00:16:31.449+0500: 1217.372: [GC (Allocation Failure) 2018-03-17T00:16:31.449+0500: 1217.372: [DefNew: 157248K->157248K(157248K), 0.0000167 secs]2018-03-17T00:16:31.449+0500: 1217.372: [Tenured: 327463K->55022K(349568K), 0.2217076 secs] 484711K->55022K(506816K), [Metaspace: 5350K->5350K(1056768K)], 0.2217966 secs] [Times: user=0.22 sys=0.00, real=0.22 secs] 
2018-03-17T00:16:31.700+0500: 1217.624: [GC (Allocation Failure) 2018-03-17T00:16:31.700+0500: 1217.624: [DefNew: 139776K->17472K(157248K), 0.2559575 secs] 194798K->194797K(506816K), 0.2560170 secs] [Times: user=0.25 sys=0.00, real=0.26 secs] 
2018-03-17T00:16:31.984+0500: 1217.908: [GC (Allocation Failure) 2018-03-17T00:16:31.984+0500: 1217.908: [DefNew: 157248K->17471K(157248K), 0.2501645 secs] 334573K->334572K(506816K), 0.2502278 secs] [Times: user=0.25 sys=0.00, real=0.25 secs] 
2018-03-17T00:16:32.259+0500: 1218.184: [GC (Allocation Failure) 2018-03-17T00:16:32.260+0500: 1218.184: [DefNew: 157247K->157247K(157248K), 0.0000321 secs]2018-03-17T00:16:32.260+0500: 1218.184: [Tenured: 317100K->44659K(349568K), 0.1995457 secs] 474348K->44659K(506816K), [Metaspace: 5350K->5350K(1056768K)], 0.1996775 secs] [Times: user=0.20 sys=0.00, real=0.20 secs] 
2018-03-17T00:16:32.489+0500: 1218.413: [GC (Allocation Failure) 2018-03-17T00:16:32.489+0500: 1218.413: [DefNew: 139776K->17471K(157248K), 0.2623869 secs] 184435K->184434K(506816K), 0.2624600 secs] [Times: user=0.27 sys=0.00, real=0.26 secs] 
2018-03-17T00:16:32.779+0500: 1218.703: [GC (Allocation Failure) 2018-03-17T00:16:32.779+0500: 1218.703: [DefNew: 157247K->17472K(157248K), 0.2857646 secs] 324210K->324208K(506816K), 0.2858304 secs] [Times: user=0.28 sys=0.00, real=0.29 secs] 
2018-03-17T00:16:33.090+0500: 1219.014: [GC (Allocation Failure) 2018-03-17T00:16:33.090+0500: 1219.014: [DefNew: 157248K->157248K(157248K), 0.0000163 secs]2018-03-17T00:16:33.090+0500: 1219.014: [Tenured: 306736K->34272K(349568K), 0.1812931 secs] 463984K->34272K(506816K), [Metaspace: 5350K->5350K(1056768K)], 0.1813833 secs] [Times: user=0.16 sys=0.00, real=0.18 secs] 
2018-03-17T00:16:33.300+0500: 1219.224: [GC (Allocation Failure) 2018-03-17T00:16:33.300+0500: 1219.224: [DefNew: 139776K->17472K(157248K), 0.2570378 secs] 174048K->174046K(506816K), 0.2571019 secs] [Times: user=0.27 sys=0.00, real=0.26 secs] 
2018-03-17T00:16:33.582+0500: 1219.506: [GC (Allocation Failure) 2018-03-17T00:16:33.582+0500: 1219.506: [DefNew: 157248K->17472K(157248K), 0.2526094 secs] 313822K->313821K(506816K), 0.2526723 secs] [Times: user=0.27 sys=0.00, real=0.25 secs] 
2018-03-17T00:16:33.861+0500: 1219.784: [GC (Allocation Failure) 2018-03-17T00:16:33.861+0500: 1219.784: [DefNew: 157248K->157248K(157248K), 0.0000163 secs]2018-03-17T00:16:33.861+0500: 1219.784: [Tenured: 296349K->23908K(349568K), 0.1560440 secs] 453597K->23908K(506816K), [Metaspace: 5350K->5350K(1056768K)], 0.1561312 secs] [Times: user=0.16 sys=0.00, real=0.16 secs] 
2018-03-17T00:16:34.045+0500: 1219.968: [GC (Allocation Failure) 2018-03-17T00:16:34.045+0500: 1219.968: [DefNew: 139776K->17472K(157248K), 0.2671651 secs] 163684K->163683K(506816K), 0.2672288 secs] [Times: user=0.27 sys=0.00, real=0.27 secs] 
2018-03-17T00:16:34.338+0500: 1220.262: [GC (Allocation Failure) 2018-03-17T00:16:34.338+0500: 1220.262: [DefNew: 157248K->17472K(157248K), 0.2531859 secs] 303459K->303458K(506816K), 0.2532496 secs] [Times: user=0.25 sys=0.00, real=0.25 secs] 
2018-03-17T00:16:34.617+0500: 1220.541: [GC (Allocation Failure) 2018-03-17T00:16:34.617+0500: 1220.541: [DefNew: 146063K->146063K(157248K), 0.0000167 secs]2018-03-17T00:16:34.617+0500: 1220.541: [Tenured: 285986K->715K(349568K), 0.1362261 secs] 432050K->715K(506816K), [Metaspace: 5350K->5350K(1056768K)], 0.1363129 secs] [Times: user=0.13 sys=0.00, real=0.14 secs] 
2018-03-17T00:16:34.779+0500: 1220.703: [GC (Allocation Failure) 2018-03-17T00:16:34.779+0500: 1220.703: [DefNew: 139776K->17472K(157248K), 0.2235846 secs] 140491K->140490K(506816K), 0.2236440 secs] [Times: user=0.22 sys=0.00, real=0.22 secs] 
2018-03-17T00:16:35.028+0500: 1220.953: [GC (Allocation Failure) 2018-03-17T00:16:35.028+0500: 1220.953: [DefNew: 157248K->17472K(157248K), 0.2599540 secs] 280266K->280229K(506816K), 0.2600164 secs] [Times: user=0.27 sys=0.00, real=0.26 secs] 
2018-03-17T00:16:35.317+0500: 1221.241: [GC (Allocation Failure) 2018-03-17T00:16:35.317+0500: 1221.241: [DefNew: 157248K->157248K(157248K), 0.0000163 secs]2018-03-17T00:16:35.317+0500: 1221.241: [Tenured: 262757K->205160K(349568K), 0.4729310 secs] 420005K->205160K(506816K), [Metaspace: 5350K->5350K(1056768K)], 0.4730294 secs] [Times: user=0.47 sys=0.00, real=0.47 secs] 
2018-03-17T00:16:35.816+0500: 1221.740: [GC (Allocation Failure) 2018-03-17T00:16:35.816+0500: 1221.740: [DefNew: 139776K->17472K(157248K), 0.2386816 secs] 344936K->344935K(506816K), 0.2387428 secs] [Times: user=0.25 sys=0.00, real=0.24 secs] 
2018-03-17T00:16:36.084+0500: 1222.008: [GC (Allocation Failure) 2018-03-17T00:16:36.084+0500: 1222.008: [DefNew: 157248K->157248K(157248K), 0.0000261 secs]2018-03-17T00:16:36.084+0500: 1222.008: [Tenured: 327463K->55022K(349568K), 0.2256386 secs] 484711K->55022K(506816K), [Metaspace: 5350K->5350K(1056768K)], 0.2257485 secs] [Times: user=0.22 sys=0.00, real=0.23 secs] 
2018-03-17T00:16:36.340+0500: 1222.264: [GC (Allocation Failure) 2018-03-17T00:16:36.340+0500: 1222.264: [DefNew: 139776K->17472K(157248K), 0.2615290 secs] 194798K->194797K(506816K), 0.2615923 secs] [Times: user=0.27 sys=0.00, real=0.26 secs] 
2018-03-17T00:16:36.629+0500: 1222.552: [GC (Allocation Failure) 2018-03-17T00:16:36.629+0500: 1222.552: [DefNew: 157248K->17471K(157248K), 0.2550830 secs] 334573K->334572K(506816K), 0.2551446 secs] [Times: user=0.27 sys=0.00, real=0.26 secs] 
2018-03-17T00:16:36.909+0500: 1222.833: [GC (Allocation Failure) 2018-03-17T00:16:36.909+0500: 1222.833: [DefNew: 157247K->157247K(157248K), 0.0000175 secs]2018-03-17T00:16:36.909+0500: 1222.833: [Tenured: 317100K->44659K(349568K), 0.2093527 secs] 474348K->44659K(506816K), [Metaspace: 5350K->5350K(1056768K)], 0.2094549 secs] [Times: user=0.22 sys=0.00, real=0.21 secs] 
2018-03-17T00:16:37.157+0500: 1223.081: [GC (Allocation Failure) 2018-03-17T00:16:37.158+0500: 1223.081: [DefNew: 139776K->17471K(157248K), 0.2595571 secs] 184435K->184434K(506816K), 0.2596349 secs] [Times: user=0.27 sys=0.00, real=0.26 secs] 
2018-03-17T00:16:37.442+0500: 1223.366: [GC (Allocation Failure) 2018-03-17T00:16:37.442+0500: 1223.366: [DefNew: 157247K->17472K(157248K), 0.2603581 secs] 324210K->324208K(506816K), 0.2604227 secs] [Times: user=0.27 sys=0.00, real=0.26 secs] 
2018-03-17T00:16:37.729+0500: 1223.654: [GC (Allocation Failure) 2018-03-17T00:16:37.729+0500: 1223.654: [DefNew: 157248K->157248K(157248K), 0.0000158 secs]2018-03-17T00:16:37.729+0500: 1223.654: [Tenured: 306736K->34272K(349568K), 0.1803740 secs] 463984K->34272K(506816K), [Metaspace: 5350K->5350K(1056768K)], 0.1804647 secs] [Times: user=0.17 sys=0.00, real=0.18 secs] 
2018-03-17T00:16:37.940+0500: 1223.864: [GC (Allocation Failure) 2018-03-17T00:16:37.940+0500: 1223.864: [DefNew: 139776K->17472K(157248K), 0.2604316 secs] 174048K->174046K(506816K), 0.2604941 secs] [Times: user=0.27 sys=0.00, real=0.26 secs] 
2018-03-17T00:16:38.226+0500: 1224.150: [GC (Allocation Failure) 2018-03-17T00:16:38.226+0500: 1224.150: [DefNew: 157248K->17472K(157248K), 0.3436475 secs] 313822K->313821K(506816K), 0.3437121 secs] [Times: user=0.33 sys=0.00, real=0.34 secs] 
2018-03-17T00:16:38.598+0500: 1224.522: [GC (Allocation Failure) 2018-03-17T00:16:38.598+0500: 1224.522: [DefNew: 157248K->157248K(157248K), 0.0000180 secs]2018-03-17T00:16:38.598+0500: 1224.522: [Tenured: 296349K->23908K(349568K), 0.1606015 secs] 453597K->23908K(506816K), [Metaspace: 5350K->5350K(1056768K)], 0.1606917 secs] [Times: user=0.17 sys=0.00, real=0.16 secs] 
2018-03-17T00:16:38.789+0500: 1224.713: [GC (Allocation Failure) 2018-03-17T00:16:38.789+0500: 1224.713: [DefNew: 139776K->17472K(157248K), 0.2791505 secs] 163684K->163683K(506816K), 0.2792210 secs] [Times: user=0.27 sys=0.00, real=0.28 secs] 
2018-03-17T00:16:39.097+0500: 1225.021: [GC (Allocation Failure) 2018-03-17T00:16:39.097+0500: 1225.021: [DefNew: 157248K->17472K(157248K), 0.2687401 secs] 303459K->303458K(506816K), 0.2688017 secs] [Times: user=0.28 sys=0.00, real=0.27 secs] 
2018-03-17T00:16:39.393+0500: 1225.317: [GC (Allocation Failure) 2018-03-17T00:16:39.393+0500: 1225.317: [DefNew: 146063K->146063K(157248K), 0.0000167 secs]2018-03-17T00:16:39.393+0500: 1225.317: [Tenured: 285986K->715K(349568K), 0.1405047 secs] 432050K->715K(506816K), [Metaspace: 5350K->5350K(1056768K)], 0.1406082 secs] [Times: user=0.13 sys=0.00, real=0.14 secs] 
2018-03-17T00:16:39.562+0500: 1225.485: [GC (Allocation Failure) 2018-03-17T00:16:39.562+0500: 1225.485: [DefNew: 139776K->17472K(157248K), 0.3394843 secs] 140491K->140490K(506816K), 0.3395565 secs] [Times: user=0.31 sys=0.00, real=0.34 secs] 
2018-03-17T00:16:39.966+0500: 1225.889: [GC (Allocation Failure) 2018-03-17T00:16:39.966+0500: 1225.889: [DefNew: 157248K->17472K(157248K), 0.4015629 secs] 280266K->280229K(506816K), 0.4016608 secs] [Times: user=0.39 sys=0.00, real=0.40 secs] 
2018-03-17T00:16:40.408+0500: 1226.333: [GC (Allocation Failure) 2018-03-17T00:16:40.409+0500: 1226.333: [DefNew: 157248K->157248K(157248K), 0.0000282 secs]2018-03-17T00:16:40.409+0500: 1226.333: [Tenured: 262757K->205160K(349568K), 0.5852008 secs] 420005K->205160K(506816K), [Metaspace: 5350K->5350K(1056768K)], 0.5853351 secs] [Times: user=0.58 sys=0.00, real=0.59 secs] 
2018-03-17T00:16:41.021+0500: 1226.944: [GC (Allocation Failure) 2018-03-17T00:16:41.021+0500: 1226.944: [DefNew: 139776K->17472K(157248K), 0.2356089 secs] 344936K->344935K(506816K), 0.2356731 secs] [Times: user=0.25 sys=0.00, real=0.24 secs] 
2018-03-17T00:16:41.289+0500: 1227.212: [GC (Allocation Failure) 2018-03-17T00:16:41.289+0500: 1227.212: [DefNew: 157248K->157248K(157248K), 0.0000158 secs]2018-03-17T00:16:41.289+0500: 1227.213: [Tenured: 327463K->55022K(349568K), 0.2235427 secs] 484711K->55022K(506816K), [Metaspace: 5350K->5350K(1056768K)], 0.2236363 secs] [Times: user=0.22 sys=0.00, real=0.22 secs] 
2018-03-17T00:16:41.542+0500: 1227.466: [GC (Allocation Failure) 2018-03-17T00:16:41.542+0500: 1227.466: [DefNew: 139776K->17472K(157248K), 0.2555346 secs] 194798K->194797K(506816K), 0.2556099 secs] [Times: user=0.25 sys=0.00, real=0.25 secs] 
2018-03-17T00:16:41.823+0500: 1227.747: [GC (Allocation Failure) 2018-03-17T00:16:41.823+0500: 1227.747: [DefNew: 157248K->17471K(157248K), 0.2549765 secs] 334573K->334572K(506816K), 0.2550385 secs] [Times: user=0.25 sys=0.00, real=0.26 secs] 
2018-03-17T00:16:42.104+0500: 1228.028: [GC (Allocation Failure) 2018-03-17T00:16:42.104+0500: 1228.028: [DefNew: 157247K->157247K(157248K), 0.0000163 secs]2018-03-17T00:16:42.104+0500: 1228.028: [Tenured: 317100K->44659K(349568K), 0.2007770 secs] 474348K->44659K(506816K), [Metaspace: 5350K->5350K(1056768K)], 0.2008843 secs] [Times: user=0.20 sys=0.00, real=0.20 secs] 
2018-03-17T00:16:42.336+0500: 1228.259: [GC (Allocation Failure) 2018-03-17T00:16:42.336+0500: 1228.259: [DefNew: 139776K->17471K(157248K), 0.2575467 secs] 184435K->184434K(506816K), 0.2576348 secs] [Times: user=0.24 sys=0.00, real=0.26 secs] 
2018-03-17T00:16:42.619+0500: 1228.543: [GC (Allocation Failure) 2018-03-17T00:16:42.619+0500: 1228.543: [DefNew: 157247K->17472K(157248K), 0.2594391 secs] 324210K->324208K(506816K), 0.2595024 secs] [Times: user=0.25 sys=0.00, real=0.26 secs] 
2018-03-17T00:16:42.904+0500: 1228.828: [GC (Allocation Failure) 2018-03-17T00:16:42.904+0500: 1228.828: [DefNew: 157248K->157248K(157248K), 0.0000274 secs]2018-03-17T00:16:42.904+0500: 1228.828: [Tenured: 306736K->34272K(349568K), 0.1789735 secs] 463984K->34272K(506816K), [Metaspace: 5350K->5350K(1056768K)], 0.1790958 secs] [Times: user=0.17 sys=0.00, real=0.18 secs] 
2018-03-17T00:16:43.113+0500: 1229.037: [GC (Allocation Failure) 2018-03-17T00:16:43.113+0500: 1229.037: [DefNew: 139776K->17472K(157248K), 0.2601780 secs] 174048K->174046K(506816K), 0.2602401 secs] [Times: user=0.27 sys=0.00, real=0.26 secs] 
2018-03-17T00:16:43.399+0500: 1229.323: [GC (Allocation Failure) 2018-03-17T00:16:43.399+0500: 1229.323: [DefNew: 157248K->17472K(157248K), 0.2688325 secs] 313822K->313821K(506816K), 0.2688941 secs] [Times: user=0.27 sys=0.00, real=0.27 secs] 
2018-03-17T00:16:43.694+0500: 1229.617: [GC (Allocation Failure) 2018-03-17T00:16:43.694+0500: 1229.617: [DefNew: 157248K->157248K(157248K), 0.0000167 secs]2018-03-17T00:16:43.694+0500: 1229.617: [Tenured: 296349K->23908K(349568K), 0.1597021 secs] 453597K->23908K(506816K), [Metaspace: 5350K->5350K(1056768K)], 0.1597945 secs] [Times: user=0.16 sys=0.00, real=0.16 secs] 
2018-03-17T00:16:43.886+0500: 1229.810: [GC (Allocation Failure) 2018-03-17T00:16:43.886+0500: 1229.810: [DefNew: 139776K->17472K(157248K), 0.2594292 secs] 163684K->163683K(506816K), 0.2594981 secs] [Times: user=0.25 sys=0.00, real=0.26 secs] 
2018-03-17T00:16:44.171+0500: 1230.095: [GC (Allocation Failure) 2018-03-17T00:16:44.171+0500: 1230.095: [DefNew: 157248K->17472K(157248K), 0.2528130 secs] 303459K->303458K(506816K), 0.2528737 secs] [Times: user=0.25 sys=0.00, real=0.25 secs] 
2018-03-17T00:16:44.449+0500: 1230.373: [GC (Allocation Failure) 2018-03-17T00:16:44.449+0500: 1230.373: [DefNew: 146063K->146063K(157248K), 0.0000171 secs]2018-03-17T00:16:44.449+0500: 1230.373: [Tenured: 285986K->715K(349568K), 0.1379666 secs] 432050K->715K(506816K), [Metaspace: 5350K->5350K(1056768K)], 0.1380543 secs] [Times: user=0.14 sys=0.00, real=0.14 secs] 
2018-03-17T00:16:44.613+0500: 1230.537: [GC (Allocation Failure) 2018-03-17T00:16:44.613+0500: 1230.537: [DefNew: 139776K->17472K(157248K), 0.2242603 secs] 140491K->140490K(506816K), 0.2243214 secs] [Times: user=0.24 sys=0.00, real=0.22 secs] 
2018-03-17T00:16:44.863+0500: 1230.787: [GC (Allocation Failure) 2018-03-17T00:16:44.863+0500: 1230.787: [DefNew: 157248K->17472K(157248K), 0.2673130 secs] 280266K->280229K(506816K), 0.2673806 secs] [Times: user=0.27 sys=0.00, real=0.27 secs] 
2018-03-17T00:16:45.160+0500: 1231.084: [GC (Allocation Failure) 2018-03-17T00:16:45.160+0500: 1231.084: [DefNew: 157248K->157248K(157248K), 0.0000167 secs]2018-03-17T00:16:45.160+0500: 1231.084: [Tenured: 262757K->205160K(349568K), 0.4860600 secs] 420005K->205160K(506816K), [Metaspace: 5350K->5350K(1056768K)], 0.4861583 secs] [Times: user=0.48 sys=0.00, real=0.49 secs] 
2018-03-17T00:16:45.675+0500: 1231.599: [GC (Allocation Failure) 2018-03-17T00:16:45.676+0500: 1231.599: [DefNew: 139776K->17472K(157248K), 0.2407416 secs] 344936K->344935K(506816K), 0.2408272 secs] [Times: user=0.25 sys=0.00, real=0.24 secs] 
2018-03-17T00:16:45.946+0500: 1231.870: [GC (Allocation Failure) 2018-03-17T00:16:45.946+0500: 1231.870: [DefNew: 157248K->157248K(157248K), 0.0000175 secs]2018-03-17T00:16:45.946+0500: 1231.870: [Tenured: 327463K->55022K(349568K), 0.2489740 secs] 484711K->55022K(506816K), [Metaspace: 5350K->5350K(1056768K)], 0.2491040 secs] [Times: user=0.25 sys=0.00, real=0.25 secs] 
2018-03-17T00:16:46.243+0500: 1232.168: [GC (Allocation Failure) 2018-03-17T00:16:46.243+0500: 1232.168: [DefNew: 139776K->17472K(157248K), 0.3132434 secs] 194798K->194797K(506816K), 0.3133097 secs] [Times: user=0.30 sys=0.00, real=0.31 secs] 
2018-03-17T00:16:46.587+0500: 1232.510: [GC (Allocation Failure) 2018-03-17T00:16:46.587+0500: 1232.510: [DefNew: 157248K->17471K(157248K), 0.2969610 secs] 334573K->334572K(506816K), 0.2970238 secs] [Times: user=0.30 sys=0.00, real=0.30 secs] 
2018-03-17T00:16:46.910+0500: 1232.834: [GC (Allocation Failure) 2018-03-17T00:16:46.910+0500: 1232.834: [DefNew: 157247K->157247K(157248K), 0.0000167 secs]2018-03-17T00:16:46.910+0500: 1232.834: [Tenured: 317100K->44659K(349568K), 0.2080411 secs] 474348K->44659K(506816K), [Metaspace: 5350K->5350K(1056768K)], 0.2081339 secs] [Times: user=0.22 sys=0.00, real=0.21 secs] 
2018-03-17T00:16:47.151+0500: 1233.075: [GC (Allocation Failure) 2018-03-17T00:16:47.151+0500: 1233.075: [DefNew: 139776K->17471K(157248K), 0.2990727 secs] 184435K->184434K(506816K), 0.2991407 secs] [Times: user=0.30 sys=0.00, real=0.30 secs] 
2018-03-17T00:16:47.480+0500: 1233.404: [GC (Allocation Failure) 2018-03-17T00:16:47.480+0500: 1233.404: [DefNew: 157247K->17472K(157248K), 0.2703806 secs] 324210K->324208K(506816K), 0.2704482 secs] [Times: user=0.26 sys=0.00, real=0.27 secs] 
2018-03-17T00:16:47.776+0500: 1233.700: [GC (Allocation Failure) 2018-03-17T00:16:47.776+0500: 1233.700: [DefNew: 157248K->157248K(157248K), 0.0000158 secs]2018-03-17T00:16:47.776+0500: 1233.700: [Tenured: 306736K->34272K(349568K), 0.1846416 secs] 463984K->34272K(506816K), [Metaspace: 5350K->5350K(1056768K)], 0.1847464 secs] [Times: user=0.19 sys=0.00, real=0.18 secs] 
2018-03-17T00:16:47.996+0500: 1233.920: [GC (Allocation Failure) 2018-03-17T00:16:47.996+0500: 1233.920: [DefNew: 139776K->17472K(157248K), 0.2978064 secs] 174048K->174046K(506816K), 0.2978693 secs] [Times: user=0.30 sys=0.00, real=0.30 secs] 
2018-03-17T00:16:48.321+0500: 1234.245: [GC (Allocation Failure) 2018-03-17T00:16:48.321+0500: 1234.245: [DefNew: 157248K->17472K(157248K), 0.2589503 secs] 313822K->313821K(506816K), 0.2590148 secs] [Times: user=0.25 sys=0.00, real=0.26 secs] 
2018-03-17T00:16:48.606+0500: 1234.530: [GC (Allocation Failure) 2018-03-17T00:16:48.606+0500: 1234.530: [DefNew: 157248K->157248K(157248K), 0.0000158 secs]2018-03-17T00:16:48.606+0500: 1234.530: [Tenured: 296349K->23908K(349568K), 0.1571619 secs] 453597K->23908K(506816K), [Metaspace: 5350K->5350K(1056768K)], 0.1572504 secs] [Times: user=0.16 sys=0.00, real=0.16 secs] 
2018-03-17T00:16:48.793+0500: 1234.717: [GC (Allocation Failure) 2018-03-17T00:16:48.793+0500: 1234.717: [DefNew: 139776K->17472K(157248K), 0.2628351 secs] 163684K->163683K(506816K), 0.2629343 secs] [Times: user=0.27 sys=0.00, real=0.26 secs] 
2018-03-17T00:16:49.083+0500: 1235.007: [GC (Allocation Failure) 2018-03-17T00:16:49.083+0500: 1235.007: [DefNew: 157248K->17472K(157248K), 0.2617326 secs] 303459K->303458K(506816K), 0.2617912 secs] [Times: user=0.27 sys=0.00, real=0.26 secs] 
2018-03-17T00:16:49.371+0500: 1235.295: [GC (Allocation Failure) 2018-03-17T00:16:49.371+0500: 1235.295: [DefNew: 146063K->146063K(157248K), 0.0000158 secs]2018-03-17T00:16:49.371+0500: 1235.295: [Tenured: 285986K->715K(349568K), 0.1364010 secs] 432050K->715K(506816K), [Metaspace: 5350K->5350K(1056768K)], 0.1365224 secs] [Times: user=0.14 sys=0.00, real=0.14 secs] 
2018-03-17T00:16:49.533+0500: 1235.457: [GC (Allocation Failure) 2018-03-17T00:16:49.533+0500: 1235.457: [DefNew: 139776K->17472K(157248K), 0.2229461 secs] 140491K->140490K(506816K), 0.2230085 secs] [Times: user=0.24 sys=0.00, real=0.22 secs] 
2018-03-17T00:16:49.784+0500: 1235.707: [GC (Allocation Failure) 2018-03-17T00:16:49.784+0500: 1235.707: [DefNew: 157248K->17472K(157248K), 0.2567102 secs] 280266K->280229K(506816K), 0.2567726 secs] [Times: user=0.27 sys=0.00, real=0.26 secs] 
2018-03-17T00:16:50.069+0500: 1235.993: [GC (Allocation Failure) 2018-03-17T00:16:50.069+0500: 1235.993: [DefNew: 157248K->157248K(157248K), 0.0000167 secs]2018-03-17T00:16:50.069+0500: 1235.993: [Tenured: 262757K->205160K(349568K), 0.4718726 secs] 420005K->205160K(506816K), [Metaspace: 5350K->5350K(1056768K)], 0.4719752 secs] [Times: user=0.47 sys=0.00, real=0.47 secs] 
2018-03-17T00:16:50.566+0500: 1236.490: [GC (Allocation Failure) 2018-03-17T00:16:50.566+0500: 1236.490: [DefNew: 139776K->17472K(157248K), 0.2255928 secs] 344936K->344935K(506816K), 0.2256553 secs] [Times: user=0.23 sys=0.00, real=0.23 secs] 
2018-03-17T00:16:50.819+0500: 1236.743: [GC (Allocation Failure) 2018-03-17T00:16:50.819+0500: 1236.743: [DefNew: 157248K->157248K(157248K), 0.0000167 secs]2018-03-17T00:16:50.819+0500: 1236.743: [Tenured: 327463K->55022K(349568K), 0.2272496 secs] 484711K->55022K(506816K), [Metaspace: 5350K->5350K(1056768K)], 0.2273390 secs] [Times: user=0.22 sys=0.00, real=0.23 secs] 
2018-03-17T00:16:51.075+0500: 1236.999: [GC (Allocation Failure) 2018-03-17T00:16:51.075+0500: 1236.999: [DefNew: 139776K->17472K(157248K), 0.2693585 secs] 194798K->194797K(506816K), 0.2694184 secs] [Times: user=0.27 sys=0.00, real=0.27 secs] 
2018-03-17T00:16:51.370+0500: 1237.294: [GC (Allocation Failure) 2018-03-17T00:16:51.370+0500: 1237.294: [DefNew: 157248K->17471K(157248K), 0.2613143 secs] 334573K->334572K(506816K), 0.2613746 secs] [Times: user=0.27 sys=0.00, real=0.26 secs] 
2018-03-17T00:16:51.657+0500: 1237.581: [GC (Allocation Failure) 2018-03-17T00:16:51.657+0500: 1237.581: [DefNew: 157247K->157247K(157248K), 0.0000167 secs]2018-03-17T00:16:51.657+0500: 1237.581: [Tenured: 317100K->44659K(349568K), 0.2015031 secs] 474348K->44659K(506816K), [Metaspace: 5350K->5350K(1056768K)], 0.2016045 secs] [Times: user=0.20 sys=0.00, real=0.20 secs] 
2018-03-17T00:16:51.888+0500: 1237.812: [GC (Allocation Failure) 2018-03-17T00:16:51.888+0500: 1237.812: [DefNew: 139776K->17471K(157248K), 0.2563570 secs] 184435K->184434K(506816K), 0.2564198 secs] [Times: user=0.25 sys=0.00, real=0.26 secs] 
2018-03-17T00:16:52.172+0500: 1238.096: [GC (Allocation Failure) 2018-03-17T00:16:52.172+0500: 1238.096: [DefNew: 157247K->17472K(157248K), 0.2531440 secs] 324210K->324208K(506816K), 0.2532034 secs] [Times: user=0.25 sys=0.00, real=0.25 secs] 
2018-03-17T00:16:52.451+0500: 1238.374: [GC (Allocation Failure) 2018-03-17T00:16:52.451+0500: 1238.375: [DefNew: 157248K->157248K(157248K), 0.0000167 secs]2018-03-17T00:16:52.451+0500: 1238.375: [Tenured: 306736K->34272K(349568K), 0.1781421 secs] 463984K->34272K(506816K), [Metaspace: 5350K->5350K(1056768K)], 0.1782447 secs] [Times: user=0.16 sys=0.00, real=0.18 secs] 
2018-03-17T00:16:52.658+0500: 1238.582: [GC (Allocation Failure) 2018-03-17T00:16:52.658+0500: 1238.582: [DefNew: 139776K->17472K(157248K), 0.2575501 secs] 174048K->174046K(506816K), 0.2576121 secs] [Times: user=0.26 sys=0.00, real=0.26 secs] 
2018-03-17T00:16:52.941+0500: 1238.865: [GC (Allocation Failure) 2018-03-17T00:16:52.941+0500: 1238.865: [DefNew: 157248K->17472K(157248K), 0.2544971 secs] 313822K->313821K(506816K), 0.2545647 secs] [Times: user=0.27 sys=0.00, real=0.25 secs] 
2018-03-17T00:16:53.222+0500: 1239.147: [GC (Allocation Failure) 2018-03-17T00:16:53.222+0500: 1239.147: [DefNew: 157248K->157248K(157248K), 0.0000163 secs]2018-03-17T00:16:53.222+0500: 1239.147: [Tenured: 296349K->23908K(349568K), 0.1560803 secs] 453597K->23908K(506816K), [Metaspace: 5350K->5350K(1056768K)], 0.1561718 secs] [Times: user=0.16 sys=0.00, real=0.16 secs] 
2018-03-17T00:16:53.408+0500: 1239.333: [GC (Allocation Failure) 2018-03-17T00:16:53.408+0500: 1239.333: [DefNew: 139776K->17472K(157248K), 0.2595143 secs] 163684K->163683K(506816K), 0.2595862 secs] [Times: user=0.26 sys=0.00, real=0.26 secs] 
2018-03-17T00:16:53.694+0500: 1239.617: [GC (Allocation Failure) 2018-03-17T00:16:53.694+0500: 1239.618: [DefNew: 157248K->17472K(157248K), 0.2590486 secs] 303459K->303458K(506816K), 0.2591166 secs] [Times: user=0.25 sys=0.00, real=0.26 secs] 
2018-03-17T00:16:53.980+0500: 1239.903: [GC (Allocation Failure) 2018-03-17T00:16:53.980+0500: 1239.903: [DefNew: 146063K->146063K(157248K), 0.0000184 secs]2018-03-17T00:16:53.980+0500: 1239.903: [Tenured: 285986K->715K(349568K), 0.1378225 secs] 432050K->715K(506816K), [Metaspace: 5350K->5350K(1056768K)], 0.1379217 secs] [Times: user=0.14 sys=0.00, real=0.14 secs] 
2018-03-17T00:16:54.144+0500: 1240.067: [GC (Allocation Failure) 2018-03-17T00:16:54.144+0500: 1240.067: [DefNew: 139776K->17472K(157248K), 0.2232527 secs] 140491K->140490K(506816K), 0.2233271 secs] [Times: user=0.24 sys=0.00, real=0.22 secs] 
2018-03-17T00:16:54.392+0500: 1240.316: [GC (Allocation Failure) 2018-03-17T00:16:54.392+0500: 1240.316: [DefNew: 157248K->17472K(157248K), 0.2607857 secs] 280266K->280229K(506816K), 0.2608473 secs] [Times: user=0.27 sys=0.00, real=0.26 secs] 
2018-03-17T00:16:54.681+0500: 1240.605: [GC (Allocation Failure) 2018-03-17T00:16:54.681+0500: 1240.605: [DefNew: 157248K->157248K(157248K), 0.0000154 secs]2018-03-17T00:16:54.681+0500: 1240.605: [Tenured: 262757K->205160K(349568K), 0.4720329 secs] 420005K->205160K(506816K), [Metaspace: 5350K->5350K(1056768K)], 0.4721240 secs] [Times: user=0.45 sys=0.00, real=0.47 secs] 
2018-03-17T00:16:55.180+0500: 1241.103: [GC (Allocation Failure) 2018-03-17T00:16:55.180+0500: 1241.103: [DefNew: 139776K->17472K(157248K), 0.2262185 secs] 344936K->344935K(506816K), 0.2262938 secs] [Times: user=0.22 sys=0.00, real=0.23 secs] 
2018-03-17T00:16:55.432+0500: 1241.355: [GC (Allocation Failure) 2018-03-17T00:16:55.432+0500: 1241.355: [DefNew: 157248K->157248K(157248K), 0.0000248 secs]2018-03-17T00:16:55.432+0500: 1241.355: [Tenured: 327463K->55022K(349568K), 0.2211953 secs] 484711K->55022K(506816K), [Metaspace: 5350K->5350K(1056768K)], 0.2213039 secs] [Times: user=0.22 sys=0.00, real=0.22 secs] 
2018-03-17T00:16:55.682+0500: 1241.606: [GC (Allocation Failure) 2018-03-17T00:16:55.682+0500: 1241.606: [DefNew: 139776K->17472K(157248K), 0.2578016 secs] 194798K->194797K(506816K), 0.2578944 secs] [Times: user=0.25 sys=0.00, real=0.26 secs] 
2018-03-17T00:16:55.965+0500: 1241.889: [GC (Allocation Failure) 2018-03-17T00:16:55.965+0500: 1241.889: [DefNew: 157248K->17471K(157248K), 0.2590272 secs] 334573K->334572K(506816K), 0.2590910 secs] [Times: user=0.25 sys=0.00, real=0.26 secs] 
2018-03-17T00:16:56.250+0500: 1242.175: [GC (Allocation Failure) 2018-03-17T00:16:56.250+0500: 1242.175: [DefNew: 157247K->157247K(157248K), 0.0000171 secs]2018-03-17T00:16:56.250+0500: 1242.175: [Tenured: 317100K->44659K(349568K), 0.1989629 secs] 474348K->44659K(506816K), [Metaspace: 5350K->5350K(1056768K)], 0.1990599 secs] [Times: user=0.20 sys=0.00, real=0.20 secs] 
2018-03-17T00:16:56.479+0500: 1242.403: [GC (Allocation Failure) 2018-03-17T00:16:56.479+0500: 1242.403: [DefNew: 139776K->17471K(157248K), 0.2558690 secs] 184435K->184434K(506816K), 0.2559323 secs] [Times: user=0.25 sys=0.00, real=0.26 secs] 
2018-03-17T00:16:56.760+0500: 1242.684: [GC (Allocation Failure) 2018-03-17T00:16:56.760+0500: 1242.684: [DefNew: 157247K->17472K(157248K), 0.2516532 secs] 324210K->324208K(506816K), 0.2517434 secs] [Times: user=0.25 sys=0.00, real=0.25 secs] 
2018-03-17T00:16:57.037+0500: 1242.961: [GC (Allocation Failure) 2018-03-17T00:16:57.037+0500: 1242.961: [DefNew: 157248K->157248K(157248K), 0.0000180 secs]2018-03-17T00:16:57.037+0500: 1242.961: [Tenured: 306736K->34272K(349568K), 0.1777089 secs] 463984K->34272K(506816K), [Metaspace: 5350K->5350K(1056768K)], 0.1778064 secs] [Times: user=0.19 sys=0.00, real=0.18 secs] 
2018-03-17T00:16:57.245+0500: 1243.169: [GC (Allocation Failure) 2018-03-17T00:16:57.245+0500: 1243.169: [DefNew: 139776K->17472K(157248K), 0.2553374 secs] 174048K->174046K(506816K), 0.2554243 secs] [Times: user=0.25 sys=0.00, real=0.26 secs] 
2018-03-17T00:16:57.525+0500: 1243.450: [GC (Allocation Failure) 2018-03-17T00:16:57.525+0500: 1243.450: [DefNew: 157248K->17472K(157248K), 0.2521044 secs] 313822K->313821K(506816K), 0.2521655 secs] [Times: user=0.25 sys=0.00, real=0.25 secs] 
2018-03-17T00:16:57.804+0500: 1243.728: [GC (Allocation Failure) 2018-03-17T00:16:57.804+0500: 1243.728: [DefNew: 157248K->157248K(157248K), 0.0000163 secs]2018-03-17T00:16:57.804+0500: 1243.728: [Tenured: 296349K->23908K(349568K), 0.1542482 secs] 453597K->23908K(506816K), [Metaspace: 5350K->5350K(1056768K)], 0.1543363 secs] [Times: user=0.14 sys=0.00, real=0.15 secs] 
2018-03-17T00:16:57.987+0500: 1243.910: [GC (Allocation Failure) 2018-03-17T00:16:57.987+0500: 1243.910: [DefNew: 139776K->17472K(157248K), 0.2595494 secs] 163684K->163683K(506816K), 0.2596101 secs] [Times: user=0.27 sys=0.00, real=0.26 secs] 
2018-03-17T00:16:58.271+0500: 1244.195: [GC (Allocation Failure) 2018-03-17T00:16:58.271+0500: 1244.195: [DefNew: 157248K->17472K(157248K), 0.2561649 secs] 303459K->303458K(506816K), 0.2562270 secs] [Times: user=0.26 sys=0.00, real=0.26 secs] 
2018-03-17T00:16:58.555+0500: 1244.479: [GC (Allocation Failure) 2018-03-17T00:16:58.555+0500: 1244.479: [DefNew: 146063K->146063K(157248K), 0.0000163 secs]2018-03-17T00:16:58.555+0500: 1244.479: [Tenured: 285986K->715K(349568K), 0.1366956 secs] 432050K->715K(506816K), [Metaspace: 5350K->5350K(1056768K)], 0.1368064 secs] [Times: user=0.13 sys=0.00, real=0.14 secs] 
2018-03-17T00:16:58.717+0500: 1244.641: [GC (Allocation Failure) 2018-03-17T00:16:58.717+0500: 1244.641: [DefNew: 139776K->17472K(157248K), 0.2236603 secs] 140491K->140490K(506816K), 0.2237223 secs] [Times: user=0.22 sys=0.00, real=0.22 secs] 
2018-03-17T00:16:58.966+0500: 1244.890: [GC (Allocation Failure) 2018-03-17T00:16:58.966+0500: 1244.891: [DefNew: 157248K->17472K(157248K), 0.2561218 secs] 280266K->280229K(506816K), 0.2561863 secs] [Times: user=0.25 sys=0.00, real=0.26 secs] 
2018-03-17T00:16:59.253+0500: 1245.176: [GC (Allocation Failure) 2018-03-17T00:16:59.253+0500: 1245.176: [DefNew: 157248K->157248K(157248K), 0.0000163 secs]2018-03-17T00:16:59.253+0500: 1245.176: [Tenured: 262757K->205160K(349568K), 0.4728592 secs] 420005K->205160K(506816K), [Metaspace: 5350K->5350K(1056768K)], 0.4729503 secs] [Times: user=0.48 sys=0.00, real=0.47 secs] 
2018-03-17T00:16:59.751+0500: 1245.674: [GC (Allocation Failure) 2018-03-17T00:16:59.751+0500: 1245.675: [DefNew: 139776K->17472K(157248K), 0.2232750 secs] 344936K->344935K(506816K), 0.2233489 secs] [Times: user=0.22 sys=0.00, real=0.22 secs] 
2018-03-17T00:17:00.001+0500: 1245.925: [GC (Allocation Failure) 2018-03-17T00:17:00.001+0500: 1245.925: [DefNew: 157248K->157248K(157248K), 0.0000304 secs]2018-03-17T00:17:00.001+0500: 1245.925: [Tenured: 327463K->55022K(349568K), 0.2323831 secs] 484711K->55022K(506816K), [Metaspace: 5350K->5350K(1056768K)], 0.2325093 secs] [Times: user=0.23 sys=0.00, real=0.23 secs] 
2018-03-17T00:17:00.262+0500: 1246.186: [GC (Allocation Failure) 2018-03-17T00:17:00.262+0500: 1246.186: [DefNew: 139776K->17472K(157248K), 0.2542037 secs] 194798K->194797K(506816K), 0.2542662 secs] [Times: user=0.25 sys=0.00, real=0.25 secs] 
2018-03-17T00:17:00.542+0500: 1246.467: [GC (Allocation Failure) 2018-03-17T00:17:00.542+0500: 1246.467: [DefNew: 157248K->17471K(157248K), 0.2514663 secs] 334573K->334572K(506816K), 0.2515296 secs] [Times: user=0.25 sys=0.00, real=0.25 secs] 
2018-03-17T00:17:00.821+0500: 1246.744: [GC (Allocation Failure) 2018-03-17T00:17:00.821+0500: 1246.744: [DefNew: 157247K->157247K(157248K), 0.0000163 secs]2018-03-17T00:17:00.821+0500: 1246.744: [Tenured: 317100K->44659K(349568K), 0.2030606 secs] 474348K->44659K(506816K), [Metaspace: 5350K->5350K(1056768K)], 0.2031590 secs] [Times: user=0.20 sys=0.00, real=0.20 secs] 
2018-03-17T00:17:01.054+0500: 1246.977: [GC (Allocation Failure) 2018-03-17T00:17:01.054+0500: 1246.978: [DefNew: 139776K->17471K(157248K), 0.2693722 secs] 184435K->184434K(506816K), 0.2694530 secs] [Times: user=0.27 sys=0.00, real=0.27 secs] 
2018-03-17T00:17:01.349+0500: 1247.273: [GC (Allocation Failure) 2018-03-17T00:17:01.349+0500: 1247.273: [DefNew: 157247K->17472K(157248K), 0.2562548 secs] 324210K->324208K(506816K), 0.2563198 secs] [Times: user=0.27 sys=0.00, real=0.26 secs] 
2018-03-17T00:17:01.631+0500: 1247.555: [GC (Allocation Failure) 2018-03-17T00:17:01.631+0500: 1247.555: [DefNew: 157248K->157248K(157248K), 0.0000154 secs]2018-03-17T00:17:01.631+0500: 1247.555: [Tenured: 306736K->34272K(349568K), 0.1816510 secs] 463984K->34272K(506816K), [Metaspace: 5350K->5350K(1056768K)], 0.1817374 secs] [Times: user=0.17 sys=0.00, real=0.18 secs] 
2018-03-17T00:17:01.842+0500: 1247.766: [GC (Allocation Failure) 2018-03-17T00:17:01.842+0500: 1247.766: [DefNew: 139776K->17472K(157248K), 0.3222451 secs] 174048K->174046K(506816K), 0.3223114 secs] [Times: user=0.33 sys=0.00, real=0.32 secs] 
2018-03-17T00:17:02.198+0500: 1248.122: [GC (Allocation Failure) 2018-03-17T00:17:02.198+0500: 1248.122: [DefNew: 157248K->17472K(157248K), 0.3221228 secs] 313822K->313821K(506816K), 0.3221912 secs] [Times: user=0.31 sys=0.00, real=0.32 secs] 
2018-03-17T00:17:02.553+0500: 1248.477: [GC (Allocation Failure) 2018-03-17T00:17:02.553+0500: 1248.477: [DefNew: 157248K->157248K(157248K), 0.0000175 secs]2018-03-17T00:17:02.553+0500: 1248.477: [Tenured: 296349K->23908K(349568K), 0.1719125 secs] 453597K->23908K(506816K), [Metaspace: 5350K->5350K(1056768K)], 0.1720245 secs] [Times: user=0.17 sys=0.00, real=0.17 secs] 
2018-03-17T00:17:02.765+0500: 1248.689: [GC (Allocation Failure) 2018-03-17T00:17:02.765+0500: 1248.689: [DefNew: 139776K->17472K(157248K), 0.2615418 secs] 163684K->163683K(506816K), 0.2616051 secs] [Times: user=0.26 sys=0.00, real=0.26 secs] 
2018-03-17T00:17:03.052+0500: 1248.976: [GC (Allocation Failure) 2018-03-17T00:17:03.052+0500: 1248.976: [DefNew: 157248K->17472K(157248K), 0.2568672 secs] 303459K->303458K(506816K), 0.2569287 secs] [Times: user=0.26 sys=0.00, real=0.26 secs] 
2018-03-17T00:17:03.334+0500: 1249.259: [GC (Allocation Failure) 2018-03-17T00:17:03.334+0500: 1249.259: [DefNew: 146063K->146063K(157248K), 0.0000163 secs]2018-03-17T00:17:03.334+0500: 1249.259: [Tenured: 285986K->715K(349568K), 0.1366276 secs] 432050K->715K(506816K), [Metaspace: 5350K->5350K(1056768K)], 0.1367123 secs] [Times: user=0.13 sys=0.00, real=0.14 secs] 
2018-03-17T00:17:03.498+0500: 1249.421: [GC (Allocation Failure) 2018-03-17T00:17:03.498+0500: 1249.421: [DefNew: 139776K->17472K(157248K), 0.2227575 secs] 140491K->140490K(506816K), 0.2228469 secs] [Times: user=0.22 sys=0.00, real=0.22 secs] 
2018-03-17T00:17:03.746+0500: 1249.669: [GC (Allocation Failure) 2018-03-17T00:17:03.746+0500: 1249.669: [DefNew: 157248K->17472K(157248K), 0.2561615 secs] 280266K->280229K(506816K), 0.2562342 secs] [Times: user=0.25 sys=0.00, real=0.26 secs] 
2018-03-17T00:17:04.030+0500: 1249.954: [GC (Allocation Failure) 2018-03-17T00:17:04.030+0500: 1249.954: [DefNew: 157248K->157248K(157248K), 0.0000163 secs]2018-03-17T00:17:04.030+0500: 1249.954: [Tenured: 262757K->205160K(349568K), 0.4722378 secs] 420005K->205160K(506816K), [Metaspace: 5350K->5350K(1056768K)], 0.4723302 secs] [Times: user=0.47 sys=0.00, real=0.47 secs] 
2018-03-17T00:17:04.528+0500: 1250.452: [GC (Allocation Failure) 2018-03-17T00:17:04.528+0500: 1250.452: [DefNew: 139776K->17472K(157248K), 0.2358133 secs] 344936K->344935K(506816K), 0.2358758 secs] [Times: user=0.24 sys=0.00, real=0.23 secs] 
2018-03-17T00:17:04.793+0500: 1250.718: [GC (Allocation Failure) 2018-03-17T00:17:04.793+0500: 1250.718: [DefNew: 157248K->157248K(157248K), 0.0000163 secs]2018-03-17T00:17:04.793+0500: 1250.718: [Tenured: 327463K->55022K(349568K), 0.2218295 secs] 484711K->55022K(506816K), [Metaspace: 5350K->5350K(1056768K)], 0.2219176 secs] [Times: user=0.22 sys=0.00, real=0.22 secs] 
2018-03-17T00:17:05.045+0500: 1250.969: [GC (Allocation Failure) 2018-03-17T00:17:05.045+0500: 1250.969: [DefNew: 139776K->17472K(157248K), 0.2572786 secs] 194798K->194797K(506816K), 0.2573389 secs] [Times: user=0.25 sys=0.00, real=0.26 secs] 
2018-03-17T00:17:05.328+0500: 1251.251: [GC (Allocation Failure) 2018-03-17T00:17:05.328+0500: 1251.251: [DefNew: 157248K->17471K(157248K), 0.2540891 secs] 334573K->334572K(506816K), 0.2541511 secs] [Times: user=0.23 sys=0.00, real=0.25 secs] 
2018-03-17T00:17:05.608+0500: 1251.532: [GC (Allocation Failure) 2018-03-17T00:17:05.608+0500: 1251.532: [DefNew: 157247K->157247K(157248K), 0.0000175 secs]2018-03-17T00:17:05.608+0500: 1251.532: [Tenured: 317100K->44659K(349568K), 0.2180011 secs] 474348K->44659K(506816K), [Metaspace: 5350K->5350K(1056768K)], 0.2180982 secs] [Times: user=0.22 sys=0.00, real=0.22 secs] 
2018-03-17T00:17:05.865+0500: 1251.789: [GC (Allocation Failure) 2018-03-17T00:17:05.865+0500: 1251.789: [DefNew: 139776K->17471K(157248K), 0.2574612 secs] 184435K->184434K(506816K), 0.2575317 secs] [Times: user=0.25 sys=0.00, real=0.26 secs] 
2018-03-17T00:17:06.148+0500: 1252.072: [GC (Allocation Failure) 2018-03-17T00:17:06.148+0500: 1252.072: [DefNew: 157247K->17472K(157248K), 0.2567431 secs] 324210K->324208K(506816K), 0.2568158 secs] [Times: user=0.25 sys=0.00, real=0.26 secs] 
2018-03-17T00:17:06.431+0500: 1252.355: [GC (Allocation Failure) 2018-03-17T00:17:06.431+0500: 1252.355: [DefNew: 157248K->157248K(157248K), 0.0000163 secs]2018-03-17T00:17:06.431+0500: 1252.355: [Tenured: 306736K->34272K(349568K), 0.1771555 secs] 463984K->34272K(506816K), [Metaspace: 5350K->5350K(1056768K)], 0.1772466 secs] [Times: user=0.17 sys=0.00, real=0.18 secs] 
2018-03-17T00:17:06.639+0500: 1252.562: [GC (Allocation Failure) 2018-03-17T00:17:06.639+0500: 1252.562: [DefNew: 139776K->17472K(157248K), 0.2921734 secs] 174048K->174046K(506816K), 0.2922743 secs] [Times: user=0.30 sys=0.00, real=0.29 secs] 
2018-03-17T00:17:06.956+0500: 1252.880: [GC (Allocation Failure) 2018-03-17T00:17:06.956+0500: 1252.880: [DefNew: 157248K->17472K(157248K), 0.2642814 secs] 313822K->313821K(506816K), 0.2643430 secs] [Times: user=0.27 sys=0.00, real=0.26 secs] 
2018-03-17T00:17:07.248+0500: 1253.172: [GC (Allocation Failure) 2018-03-17T00:17:07.248+0500: 1253.172: [DefNew: 157248K->157248K(157248K), 0.0000163 secs]2018-03-17T00:17:07.248+0500: 1253.172: [Tenured: 296349K->23908K(349568K), 0.1557348 secs] 453597K->23908K(506816K), [Metaspace: 5350K->5350K(1056768K)], 0.1558348 secs] [Times: user=0.16 sys=0.00, real=0.16 secs] 
2018-03-17T00:17:07.432+0500: 1253.356: [GC (Allocation Failure) 2018-03-17T00:17:07.432+0500: 1253.356: [DefNew: 139776K->17472K(157248K), 0.2580346 secs] 163684K->163683K(506816K), 0.2581142 secs] [Times: user=0.25 sys=0.00, real=0.26 secs] 
2018-03-17T00:17:07.716+0500: 1253.639: [GC (Allocation Failure) 2018-03-17T00:17:07.716+0500: 1253.639: [DefNew: 157248K->17472K(157248K), 0.2547088 secs] 303459K->303458K(506816K), 0.2547717 secs] [Times: user=0.25 sys=0.00, real=0.25 secs] 
2018-03-17T00:17:07.996+0500: 1253.920: [GC (Allocation Failure) 2018-03-17T00:17:07.996+0500: 1253.920: [DefNew: 146063K->146063K(157248K), 0.0000175 secs]2018-03-17T00:17:07.996+0500: 1253.920: [Tenured: 285986K->715K(349568K), 0.1363954 secs] 432050K->715K(506816K), [Metaspace: 5350K->5350K(1056768K)], 0.1364981 secs] [Times: user=0.14 sys=0.00, real=0.14 secs] 
2018-03-17T00:17:08.158+0500: 1254.082: [GC (Allocation Failure) 2018-03-17T00:17:08.158+0500: 1254.082: [DefNew: 139776K->17472K(157248K), 0.2244301 secs] 140491K->140490K(506816K), 0.2244955 secs] [Times: user=0.23 sys=0.00, real=0.22 secs] 
2018-03-17T00:17:08.408+0500: 1254.332: [GC (Allocation Failure) 2018-03-17T00:17:08.408+0500: 1254.332: [DefNew: 157248K->17472K(157248K), 0.2568000 secs] 280266K->280229K(506816K), 0.2568864 secs] [Times: user=0.26 sys=0.00, real=0.26 secs] 
2018-03-17T00:17:08.693+0500: 1254.617: [GC (Allocation Failure) 2018-03-17T00:17:08.693+0500: 1254.617: [DefNew: 157248K->157248K(157248K), 0.0000218 secs]2018-03-17T00:17:08.693+0500: 1254.617: [Tenured: 262757K->205160K(349568K), 0.4724974 secs] 420005K->205160K(506816K), [Metaspace: 5350K->5350K(1056768K)], 0.4725953 secs] [Times: user=0.45 sys=0.00, real=0.47 secs] 
2018-03-17T00:17:09.192+0500: 1255.115: [GC (Allocation Failure) 2018-03-17T00:17:09.192+0500: 1255.115: [DefNew: 139776K->17472K(157248K), 0.2243090 secs] 344936K->344935K(506816K), 0.2243727 secs] [Times: user=0.24 sys=0.00, real=0.22 secs] 
2018-03-17T00:17:09.442+0500: 1255.366: [GC (Allocation Failure) 2018-03-17T00:17:09.442+0500: 1255.366: [DefNew: 157248K->157248K(157248K), 0.0000163 secs]2018-03-17T00:17:09.442+0500: 1255.366: [Tenured: 327463K->55022K(349568K), 0.2213625 secs] 484711K->55022K(506816K), [Metaspace: 5350K->5350K(1056768K)], 0.2214557 secs] [Times: user=0.24 sys=0.00, real=0.22 secs] 
2018-03-17T00:17:09.693+0500: 1255.616: [GC (Allocation Failure) 2018-03-17T00:17:09.693+0500: 1255.616: [DefNew: 139776K->17472K(157248K), 0.2550432 secs] 194798K->194797K(506816K), 0.2551138 secs] [Times: user=0.27 sys=0.00, real=0.25 secs] 
2018-03-17T00:17:09.973+0500: 1255.897: [GC (Allocation Failure) 2018-03-17T00:17:09.973+0500: 1255.897: [DefNew: 157248K->17471K(157248K), 0.2500786 secs] 334573K->334572K(506816K), 0.2501414 secs] [Times: user=0.25 sys=0.00, real=0.25 secs] 
2018-03-17T00:17:10.248+0500: 1256.172: [GC (Allocation Failure) 2018-03-17T00:17:10.248+0500: 1256.172: [DefNew: 157247K->157247K(157248K), 0.0000163 secs]2018-03-17T00:17:10.248+0500: 1256.172: [Tenured: 317100K->44659K(349568K), 0.1991151 secs] 474348K->44659K(506816K), [Metaspace: 5350K->5350K(1056768K)], 0.1992088 secs] [Times: user=0.20 sys=0.00, real=0.20 secs] 
2018-03-17T00:17:10.478+0500: 1256.401: [GC (Allocation Failure) 2018-03-17T00:17:10.478+0500: 1256.401: [DefNew: 139776K->17471K(157248K), 0.2550518 secs] 184435K->184434K(506816K), 0.2551125 secs] [Times: user=0.25 sys=0.00, real=0.26 secs] 
2018-03-17T00:17:10.760+0500: 1256.683: [GC (Allocation Failure) 2018-03-17T00:17:10.760+0500: 1256.683: [DefNew: 157247K->17472K(157248K), 0.2572080 secs] 324210K->324208K(506816K), 0.2572786 secs] [Times: user=0.25 sys=0.00, real=0.26 secs] 
2018-03-17T00:17:11.043+0500: 1256.967: [GC (Allocation Failure) 2018-03-17T00:17:11.043+0500: 1256.967: [DefNew: 157248K->157248K(157248K), 0.0000163 secs]2018-03-17T00:17:11.043+0500: 1256.967: [Tenured: 306736K->34272K(349568K), 0.1779937 secs] 463984K->34272K(506816K), [Metaspace: 5350K->5350K(1056768K)], 0.1780818 secs] [Times: user=0.17 sys=0.00, real=0.18 secs] 
2018-03-17T00:17:11.253+0500: 1257.177: [GC (Allocation Failure) 2018-03-17T00:17:11.253+0500: 1257.177: [DefNew: 139776K->17472K(157248K), 0.2622718 secs] 174048K->174046K(506816K), 0.2623377 secs] [Times: user=0.27 sys=0.00, real=0.26 secs] 
2018-03-17T00:17:11.541+0500: 1257.465: [GC (Allocation Failure) 2018-03-17T00:17:11.541+0500: 1257.465: [DefNew: 157248K->17472K(157248K), 0.2518773 secs] 313822K->313821K(506816K), 0.2519384 secs] [Times: user=0.25 sys=0.00, real=0.25 secs] 
2018-03-17T00:17:11.819+0500: 1257.744: [GC (Allocation Failure) 2018-03-17T00:17:11.819+0500: 1257.744: [DefNew: 157248K->157248K(157248K), 0.0000158 secs]2018-03-17T00:17:11.819+0500: 1257.744: [Tenured: 296349K->23908K(349568K), 0.1620670 secs] 453597K->23908K(506816K), [Metaspace: 5350K->5350K(1056768K)], 0.1621556 secs] [Times: user=0.16 sys=0.00, real=0.16 secs] 
2018-03-17T00:17:12.011+0500: 1257.935: [GC (Allocation Failure) 2018-03-17T00:17:12.011+0500: 1257.935: [DefNew: 139776K->17472K(157248K), 0.2572649 secs] 163684K->163683K(506816K), 0.2573303 secs] [Times: user=0.25 sys=0.00, real=0.26 secs] 
2018-03-17T00:17:12.294+0500: 1258.218: [GC (Allocation Failure) 2018-03-17T00:17:12.294+0500: 1258.218: [DefNew: 157248K->17472K(157248K), 0.2588070 secs] 303459K->303458K(506816K), 0.2588724 secs] [Times: user=0.27 sys=0.00, real=0.26 secs] 
2018-03-17T00:17:12.578+0500: 1258.502: [GC (Allocation Failure) 2018-03-17T00:17:12.578+0500: 1258.502: [DefNew: 146063K->146063K(157248K), 0.0000368 secs]2018-03-17T00:17:12.579+0500: 1258.502: [Tenured: 285986K->715K(349568K), 0.1392013 secs] 432050K->715K(506816K), [Metaspace: 5350K->5350K(1056768K)], 0.1393385 secs] [Times: user=0.14 sys=0.00, real=0.14 secs] 
2018-03-17T00:17:12.750+0500: 1258.674: [GC (Allocation Failure) 2018-03-17T00:17:12.750+0500: 1258.674: [DefNew: 139776K->17472K(157248K), 0.2242658 secs] 140491K->140490K(506816K), 0.2243300 secs] [Times: user=0.22 sys=0.00, real=0.22 secs] 
2018-03-17T00:17:13.000+0500: 1258.924: [GC (Allocation Failure) 2018-03-17T00:17:13.000+0500: 1258.924: [DefNew: 157248K->17472K(157248K), 0.2586167 secs] 280266K->280229K(506816K), 0.2586791 secs] [Times: user=0.27 sys=0.00, real=0.26 secs] 
2018-03-17T00:17:13.287+0500: 1259.210: [GC (Allocation Failure) 2018-03-17T00:17:13.287+0500: 1259.210: [DefNew: 157248K->157248K(157248K), 0.0000163 secs]2018-03-17T00:17:13.287+0500: 1259.210: [Tenured: 262757K->205160K(349568K), 0.4716211 secs] 420005K->205160K(506816K), [Metaspace: 5350K->5350K(1056768K)], 0.4717139 secs] [Times: user=0.48 sys=0.00, real=0.47 secs] 
2018-03-17T00:17:13.784+0500: 1259.707: [GC (Allocation Failure) 2018-03-17T00:17:13.784+0500: 1259.707: [DefNew: 139776K->17472K(157248K), 0.2244613 secs] 344936K->344935K(506816K), 0.2245237 secs] [Times: user=0.23 sys=0.00, real=0.22 secs] 
2018-03-17T00:17:14.034+0500: 1259.958: [GC (Allocation Failure) 2018-03-17T00:17:14.034+0500: 1259.958: [DefNew: 157248K->157248K(157248K), 0.0000163 secs]2018-03-17T00:17:14.034+0500: 1259.958: [Tenured: 327463K->55022K(349568K), 0.2209502 secs] 484711K->55022K(506816K), [Metaspace: 5350K->5350K(1056768K)], 0.2210661 secs] [Times: user=0.22 sys=0.00, real=0.22 secs] 
2018-03-17T00:17:14.283+0500: 1260.207: [GC (Allocation Failure) 2018-03-17T00:17:14.283+0500: 1260.207: [DefNew: 139776K->17472K(157248K), 0.2556218 secs] 194798K->194797K(506816K), 0.2556881 secs] [Times: user=0.27 sys=0.00, real=0.26 secs] 
2018-03-17T00:17:14.565+0500: 1260.489: [GC (Allocation Failure) 2018-03-17T00:17:14.565+0500: 1260.489: [DefNew: 157248K->17471K(157248K), 0.2500739 secs] 334573K->334572K(506816K), 0.2501479 secs] [Times: user=0.25 sys=0.00, real=0.25 secs] 
2018-03-17T00:17:14.841+0500: 1260.765: [GC (Allocation Failure) 2018-03-17T00:17:14.841+0500: 1260.765: [DefNew: 157247K->157247K(157248K), 0.0000167 secs]2018-03-17T00:17:14.841+0500: 1260.765: [Tenured: 317100K->44659K(349568K), 0.1994367 secs] 474348K->44659K(506816K), [Metaspace: 5350K->5350K(1056768K)], 0.1995291 secs] [Times: user=0.20 sys=0.00, real=0.20 secs] 
2018-03-17T00:17:15.069+0500: 1260.993: [GC (Allocation Failure) 2018-03-17T00:17:15.069+0500: 1260.993: [DefNew: 139776K->17471K(157248K), 0.2581818 secs] 184435K->184434K(506816K), 0.2582451 secs] [Times: user=0.25 sys=0.00, real=0.26 secs] 
2018-03-17T00:17:15.353+0500: 1261.277: [GC (Allocation Failure) 2018-03-17T00:17:15.353+0500: 1261.277: [DefNew: 157247K->17472K(157248K), 0.2555620 secs] 324210K->324208K(506816K), 0.2556240 secs] [Times: user=0.25 sys=0.00, real=0.26 secs] 
2018-03-17T00:17:15.634+0500: 1261.558: [GC (Allocation Failure) 2018-03-17T00:17:15.634+0500: 1261.558: [DefNew: 157248K->157248K(157248K), 0.0000154 secs]2018-03-17T00:17:15.634+0500: 1261.558: [Tenured: 306736K->34272K(349568K), 0.1775194 secs] 463984K->34272K(506816K), [Metaspace: 5350K->5350K(1056768K)], 0.1776101 secs] [Times: user=0.17 sys=0.00, real=0.18 secs] 
2018-03-17T00:17:15.841+0500: 1261.765: [GC (Allocation Failure) 2018-03-17T00:17:15.841+0500: 1261.765: [DefNew: 139776K->17472K(157248K), 0.2564664 secs] 174048K->174046K(506816K), 0.2565289 secs] [Times: user=0.25 sys=0.00, real=0.26 secs] 
2018-03-17T00:17:16.128+0500: 1262.052: [GC (Allocation Failure) 2018-03-17T00:17:16.128+0500: 1262.052: [DefNew: 157248K->17472K(157248K), 0.2553319 secs] 313822K->313821K(506816K), 0.2554059 secs] [Times: user=0.27 sys=0.00, real=0.26 secs] 
2018-03-17T00:17:16.409+0500: 1262.333: [GC (Allocation Failure) 2018-03-17T00:17:16.409+0500: 1262.333: [DefNew: 157248K->157248K(157248K), 0.0000167 secs]2018-03-17T00:17:16.409+0500: 1262.333: [Tenured: 296349K->23908K(349568K), 0.1551865 secs] 453597K->23908K(506816K), [Metaspace: 5350K->5350K(1056768K)], 0.1552964 secs] [Times: user=0.16 sys=0.00, real=0.16 secs] 
2018-03-17T00:17:16.593+0500: 1262.516: [GC (Allocation Failure) 2018-03-17T00:17:16.593+0500: 1262.516: [DefNew: 139776K->17472K(157248K), 0.2552262 secs] 163684K->163683K(506816K), 0.2553096 secs] [Times: user=0.25 sys=0.00, real=0.26 secs] 
2018-03-17T00:17:16.873+0500: 1262.797: [GC (Allocation Failure) 2018-03-17T00:17:16.874+0500: 1262.797: [DefNew: 157248K->17472K(157248K), 0.2548114 secs] 303459K->303458K(506816K), 0.2548893 secs] [Times: user=0.25 sys=0.00, real=0.26 secs] 
2018-03-17T00:17:17.154+0500: 1263.078: [GC (Allocation Failure) 2018-03-17T00:17:17.154+0500: 1263.078: [DefNew: 146063K->146063K(157248K), 0.0000167 secs]2018-03-17T00:17:17.154+0500: 1263.078: [Tenured: 285986K->715K(349568K), 0.1359712 secs] 432050K->715K(506816K), [Metaspace: 5350K->5350K(1056768K)], 0.1360571 secs] [Times: user=0.14 sys=0.00, real=0.14 secs] 
2018-03-17T00:17:17.316+0500: 1263.240: [GC (Allocation Failure) 2018-03-17T00:17:17.316+0500: 1263.240: [DefNew: 139776K->17472K(157248K), 0.2226125 secs] 140491K->140490K(506816K), 0.2226814 secs] [Times: user=0.23 sys=0.00, real=0.22 secs] 
2018-03-17T00:17:17.565+0500: 1263.489: [GC (Allocation Failure) 2018-03-17T00:17:17.565+0500: 1263.489: [DefNew: 157248K->17472K(157248K), 0.2562706 secs] 280266K->280229K(506816K), 0.2563313 secs] [Times: user=0.25 sys=0.00, real=0.26 secs] 
2018-03-17T00:17:17.849+0500: 1263.773: [GC (Allocation Failure) 2018-03-17T00:17:17.849+0500: 1263.773: [DefNew: 157248K->157248K(157248K), 0.0000167 secs]2018-03-17T00:17:17.849+0500: 1263.773: [Tenured: 262757K->205160K(349568K), 0.4737487 secs] 420005K->205160K(506816K), [Metaspace: 5350K->5350K(1056768K)], 0.4738424 secs] [Times: user=0.49 sys=0.00, real=0.47 secs] 
2018-03-17T00:17:18.348+0500: 1264.272: [GC (Allocation Failure) 2018-03-17T00:17:18.348+0500: 1264.272: [DefNew: 139776K->17472K(157248K), 0.2243283 secs] 344936K->344935K(506816K), 0.2243899 secs] [Times: user=0.24 sys=0.00, real=0.22 secs] 
2018-03-17T00:17:18.598+0500: 1264.523: [GC (Allocation Failure) 2018-03-17T00:17:18.599+0500: 1264.523: [DefNew: 157248K->157248K(157248K), 0.0000231 secs]2018-03-17T00:17:18.599+0500: 1264.523: [Tenured: 327463K->55022K(349568K), 0.2218120 secs] 484711K->55022K(506816K), [Metaspace: 5350K->5350K(1056768K)], 0.2219398 secs] [Times: user=0.24 sys=0.00, real=0.22 secs] 
2018-03-17T00:17:18.849+0500: 1264.774: [GC (Allocation Failure) 2018-03-17T00:17:18.849+0500: 1264.774: [DefNew: 139776K->17472K(157248K), 0.2563257 secs] 194798K->194797K(506816K), 0.2563916 secs] [Times: user=0.27 sys=0.00, real=0.26 secs] 
2018-03-17T00:17:19.132+0500: 1265.056: [GC (Allocation Failure) 2018-03-17T00:17:19.132+0500: 1265.056: [DefNew: 157248K->17471K(157248K), 0.2506012 secs] 334573K->334572K(506816K), 0.2506734 secs] [Times: user=0.25 sys=0.00, real=0.25 secs] 
2018-03-17T00:17:19.408+0500: 1265.332: [GC (Allocation Failure) 2018-03-17T00:17:19.408+0500: 1265.332: [DefNew: 157247K->157247K(157248K), 0.0000167 secs]2018-03-17T00:17:19.408+0500: 1265.332: [Tenured: 317100K->44659K(349568K), 0.2101285 secs] 474348K->44659K(506816K), [Metaspace: 5350K->5350K(1056768K)], 0.2102247 secs] [Times: user=0.22 sys=0.00, real=0.21 secs] 
2018-03-17T00:17:19.651+0500: 1265.575: [GC (Allocation Failure) 2018-03-17T00:17:19.651+0500: 1265.575: [DefNew: 139776K->17471K(157248K), 0.2727630 secs] 184435K->184434K(506816K), 0.2728276 secs] [Times: user=0.27 sys=0.00, real=0.27 secs] 
2018-03-17T00:17:19.950+0500: 1265.874: [GC (Allocation Failure) 2018-03-17T00:17:19.950+0500: 1265.874: [DefNew: 157247K->17472K(157248K), 0.2509035 secs] 324210K->324208K(506816K), 0.2509698 secs] [Times: user=0.25 sys=0.00, real=0.25 secs] 
2018-03-17T00:17:20.226+0500: 1266.151: [GC (Allocation Failure) 2018-03-17T00:17:20.226+0500: 1266.151: [DefNew: 157248K->157248K(157248K), 0.0000171 secs]2018-03-17T00:17:20.226+0500: 1266.151: [Tenured: 306736K->34272K(349568K), 0.1777653 secs] 463984K->34272K(506816K), [Metaspace: 5350K->5350K(1056768K)], 0.1778629 secs] [Times: user=0.17 sys=0.00, real=0.18 secs] 
2018-03-17T00:17:20.435+0500: 1266.359: [GC (Allocation Failure) 2018-03-17T00:17:20.435+0500: 1266.359: [DefNew: 139776K->17472K(157248K), 0.2948466 secs] 174048K->174046K(506816K), 0.2949134 secs] [Times: user=0.30 sys=0.00, real=0.30 secs] 
2018-03-17T00:17:20.761+0500: 1266.684: [GC (Allocation Failure) 2018-03-17T00:17:20.761+0500: 1266.684: [DefNew: 157248K->17472K(157248K), 0.3331435 secs] 313822K->313821K(506816K), 0.3332157 secs] [Times: user=0.33 sys=0.00, real=0.33 secs] 
2018-03-17T00:17:21.125+0500: 1267.049: [GC (Allocation Failure) 2018-03-17T00:17:21.125+0500: 1267.049: [DefNew: 157248K->157248K(157248K), 0.0000171 secs]2018-03-17T00:17:21.125+0500: 1267.049: [Tenured: 296349K->23908K(349568K), 0.1669423 secs] 453597K->23908K(506816K), [Metaspace: 5350K->5350K(1056768K)], 0.1670492 secs] [Times: user=0.17 sys=0.00, real=0.17 secs] 
2018-03-17T00:17:21.329+0500: 1267.253: [GC (Allocation Failure) 2018-03-17T00:17:21.329+0500: 1267.253: [DefNew: 139776K->17472K(157248K), 0.3609657 secs] 163684K->163683K(506816K), 0.3610419 secs] [Times: user=0.36 sys=0.00, real=0.36 secs] 
2018-03-17T00:17:21.724+0500: 1267.648: [GC (Allocation Failure) 2018-03-17T00:17:21.724+0500: 1267.648: [DefNew: 157248K->17472K(157248K), 0.2626306 secs] 303459K->303458K(506816K), 0.2626956 secs] [Times: user=0.27 sys=0.00, real=0.26 secs] 
2018-03-17T00:17:22.013+0500: 1267.937: [GC (Allocation Failure) 2018-03-17T00:17:22.013+0500: 1267.937: [DefNew: 146063K->146063K(157248K), 0.0000171 secs]2018-03-17T00:17:22.013+0500: 1267.937: [Tenured: 285986K->715K(349568K), 0.1372524 secs] 432050K->715K(506816K), [Metaspace: 5350K->5350K(1056768K)], 0.1373393 secs] [Times: user=0.14 sys=0.00, real=0.14 secs] 
2018-03-17T00:17:22.176+0500: 1268.099: [GC (Allocation Failure) 2018-03-17T00:17:22.176+0500: 1268.099: [DefNew: 139776K->17472K(157248K), 0.2232934 secs] 140491K->140490K(506816K), 0.2233558 secs] [Times: user=0.23 sys=0.00, real=0.22 secs] 
2018-03-17T00:17:22.424+0500: 1268.348: [GC (Allocation Failure) 2018-03-17T00:17:22.424+0500: 1268.348: [DefNew: 157248K->17472K(157248K), 0.2573158 secs] 280266K->280229K(506816K), 0.2573778 secs] [Times: user=0.25 sys=0.00, real=0.26 secs] 
2018-03-17T00:17:22.709+0500: 1268.634: [GC (Allocation Failure) 2018-03-17T00:17:22.710+0500: 1268.634: [DefNew: 157248K->157248K(157248K), 0.0000304 secs]2018-03-17T00:17:22.710+0500: 1268.634: [Tenured: 262757K->205160K(349568K), 0.4715813 secs] 420005K->205160K(506816K), [Metaspace: 5350K->5350K(1056768K)], 0.4716895 secs] [Times: user=0.47 sys=0.00, real=0.47 secs] 
2018-03-17T00:17:23.207+0500: 1269.131: [GC (Allocation Failure) 2018-03-17T00:17:23.207+0500: 1269.131: [DefNew: 139776K->17472K(157248K), 0.2279475 secs] 344936K->344935K(506816K), 0.2280108 secs] [Times: user=0.23 sys=0.00, real=0.23 secs] 
2018-03-17T00:17:23.461+0500: 1269.385: [GC (Allocation Failure) 2018-03-17T00:17:23.461+0500: 1269.385: [DefNew: 157248K->157248K(157248K), 0.0000167 secs]2018-03-17T00:17:23.461+0500: 1269.385: [Tenured: 327463K->55022K(349568K), 0.2221434 secs] 484711K->55022K(506816K), [Metaspace: 5350K->5350K(1056768K)], 0.2222336 secs] [Times: user=0.22 sys=0.00, real=0.22 secs] 
2018-03-17T00:17:23.713+0500: 1269.637: [GC (Allocation Failure) 2018-03-17T00:17:23.713+0500: 1269.637: [DefNew: 139776K->17472K(157248K), 0.2633671 secs] 194798K->194797K(506816K), 0.2634372 secs] [Times: user=0.26 sys=0.00, real=0.26 secs] 
2018-03-17T00:17:24.002+0500: 1269.926: [GC (Allocation Failure) 2018-03-17T00:17:24.002+0500: 1269.926: [DefNew: 157248K->17471K(157248K), 0.2578033 secs] 334573K->334572K(506816K), 0.2578760 secs] [Times: user=0.25 sys=0.00, real=0.26 secs] 
2018-03-17T00:17:24.285+0500: 1270.209: [GC (Allocation Failure) 2018-03-17T00:17:24.285+0500: 1270.209: [DefNew: 157247K->157247K(157248K), 0.0000171 secs]2018-03-17T00:17:24.285+0500: 1270.209: [Tenured: 317100K->44659K(349568K), 0.2007620 secs] 474348K->44659K(506816K), [Metaspace: 5350K->5350K(1056768K)], 0.2008582 secs] [Times: user=0.19 sys=0.00, real=0.20 secs] 
2018-03-17T00:17:24.515+0500: 1270.440: [GC (Allocation Failure) 2018-03-17T00:17:24.516+0500: 1270.440: [DefNew: 139776K->17471K(157248K), 0.2630878 secs] 184435K->184434K(506816K), 0.2632028 secs] [Times: user=0.27 sys=0.00, real=0.26 secs] 
2018-03-17T00:17:24.808+0500: 1270.731: [GC (Allocation Failure) 2018-03-17T00:17:24.808+0500: 1270.731: [DefNew: 157247K->17472K(157248K), 0.2561572 secs] 324210K->324208K(506816K), 0.2562308 secs] [Times: user=0.23 sys=0.00, real=0.26 secs] 
2018-03-17T00:17:25.091+0500: 1271.015: [GC (Allocation Failure) 2018-03-17T00:17:25.091+0500: 1271.015: [DefNew: 157248K->157248K(157248K), 0.0000154 secs]2018-03-17T00:17:25.091+0500: 1271.015: [Tenured: 306736K->34272K(349568K), 0.1798215 secs] 463984K->34272K(506816K), [Metaspace: 5350K->5350K(1056768K)], 0.1799087 secs] [Times: user=0.17 sys=0.00, real=0.18 secs] 
2018-03-17T00:17:25.300+0500: 1271.224: [GC (Allocation Failure) 2018-03-17T00:17:25.301+0500: 1271.224: [DefNew: 139776K->17472K(157248K), 0.2612728 secs] 174048K->174046K(506816K), 0.2613609 secs] [Times: user=0.26 sys=0.00, real=0.26 secs] 
2018-03-17T00:17:25.588+0500: 1271.512: [GC (Allocation Failure) 2018-03-17T00:17:25.588+0500: 1271.512: [DefNew: 157248K->17472K(157248K), 0.2529221 secs] 313822K->313821K(506816K), 0.2529832 secs] [Times: user=0.25 sys=0.00, real=0.25 secs] 
2018-03-17T00:17:25.866+0500: 1271.791: [GC (Allocation Failure) 2018-03-17T00:17:25.866+0500: 1271.791: [DefNew: 157248K->157248K(157248K), 0.0000154 secs]2018-03-17T00:17:25.866+0500: 1271.791: [Tenured: 296349K->23908K(349568K), 0.1563065 secs] 453597K->23908K(506816K), [Metaspace: 5350K->5350K(1056768K)], 0.1563895 secs] [Times: user=0.16 sys=0.00, real=0.16 secs] 
2018-03-17T00:17:26.052+0500: 1271.976: [GC (Allocation Failure) 2018-03-17T00:17:26.052+0500: 1271.976: [DefNew: 139776K->17472K(157248K), 0.2601511 secs] 163684K->163683K(506816K), 0.2602157 secs] [Times: user=0.26 sys=0.00, real=0.26 secs] 
2018-03-17T00:17:26.338+0500: 1272.262: [GC (Allocation Failure) 2018-03-17T00:17:26.338+0500: 1272.262: [DefNew: 157248K->17472K(157248K), 0.2610492 secs] 303459K->303458K(506816K), 0.2611116 secs] [Times: user=0.25 sys=0.00, real=0.26 secs] 
2018-03-17T00:17:26.625+0500: 1272.549: [GC (Allocation Failure) 2018-03-17T00:17:26.625+0500: 1272.549: [DefNew: 146063K->146063K(157248K), 0.0000167 secs]2018-03-17T00:17:26.625+0500: 1272.549: [Tenured: 285986K->715K(349568K), 0.1377891 secs] 432050K->715K(506816K), [Metaspace: 5350K->5350K(1056768K)], 0.1378764 secs] [Times: user=0.14 sys=0.00, real=0.14 secs] 
2018-03-17T00:17:26.789+0500: 1272.713: [GC (Allocation Failure) 2018-03-17T00:17:26.789+0500: 1272.713: [DefNew: 139776K->17472K(157248K), 0.2265204 secs] 140491K->140490K(506816K), 0.2265880 secs] [Times: user=0.22 sys=0.00, real=0.23 secs] 
2018-03-17T00:17:27.042+0500: 1272.966: [GC (Allocation Failure) 2018-03-17T00:17:27.042+0500: 1272.966: [DefNew: 157248K->17472K(157248K), 0.2573021 secs] 280266K->280229K(506816K), 0.2573885 secs] [Times: user=0.25 sys=0.00, real=0.26 secs] 
2018-03-17T00:17:27.327+0500: 1273.251: [GC (Allocation Failure) 2018-03-17T00:17:27.327+0500: 1273.252: [DefNew: 157248K->157248K(157248K), 0.0000158 secs]2018-03-17T00:17:27.327+0500: 1273.252: [Tenured: 262757K->205160K(349568K), 0.4752934 secs] 420005K->205160K(506816K), [Metaspace: 5350K->5350K(1056768K)], 0.4753853 secs] [Times: user=0.48 sys=0.00, real=0.48 secs] 
2018-03-17T00:17:27.829+0500: 1273.752: [GC (Allocation Failure) 2018-03-17T00:17:27.829+0500: 1273.752: [DefNew: 139776K->17472K(157248K), 0.2227130 secs] 344936K->344935K(506816K), 0.2227785 secs] [Times: user=0.22 sys=0.00, real=0.22 secs] 
2018-03-17T00:17:28.079+0500: 1274.003: [GC (Allocation Failure) 2018-03-17T00:17:28.079+0500: 1274.003: [DefNew: 157248K->157248K(157248K), 0.0000171 secs]2018-03-17T00:17:28.079+0500: 1274.003: [Tenured: 327463K->55022K(349568K), 0.2220258 secs] 484711K->55022K(506816K), [Metaspace: 5350K->5350K(1056768K)], 0.2221434 secs] [Times: user=0.22 sys=0.00, real=0.22 secs] 
2018-03-17T00:17:28.330+0500: 1274.254: [GC (Allocation Failure) 2018-03-17T00:17:28.330+0500: 1274.254: [DefNew: 139776K->17472K(157248K), 0.2588232 secs] 194798K->194797K(506816K), 0.2588835 secs] [Times: user=0.27 sys=0.00, real=0.26 secs] 
2018-03-17T00:17:28.614+0500: 1274.538: [GC (Allocation Failure) 2018-03-17T00:17:28.614+0500: 1274.538: [DefNew: 157248K->17471K(157248K), 0.2507671 secs] 334573K->334572K(506816K), 0.2508325 secs] [Times: user=0.25 sys=0.00, real=0.25 secs] 
2018-03-17T00:17:28.891+0500: 1274.815: [GC (Allocation Failure) 2018-03-17T00:17:28.892+0500: 1274.815: [DefNew: 157247K->157247K(157248K), 0.0000295 secs]2018-03-17T00:17:28.892+0500: 1274.815: [Tenured: 317100K->44659K(349568K), 0.1994243 secs] 474348K->44659K(506816K), [Metaspace: 5350K->5350K(1056768K)], 0.1995479 secs] [Times: user=0.20 sys=0.00, real=0.20 secs] 
2018-03-17T00:17:29.121+0500: 1275.045: [GC (Allocation Failure) 2018-03-17T00:17:29.121+0500: 1275.045: [DefNew: 139776K->17471K(157248K), 0.2590054 secs] 184435K->184434K(506816K), 0.2590679 secs] [Times: user=0.25 sys=0.00, real=0.26 secs] 
2018-03-17T00:17:29.406+0500: 1275.330: [GC (Allocation Failure) 2018-03-17T00:17:29.406+0500: 1275.330: [DefNew: 157247K->17472K(157248K), 0.2549679 secs] 324210K->324208K(506816K), 0.2550287 secs] [Times: user=0.25 sys=0.00, real=0.26 secs] 
2018-03-17T00:17:29.686+0500: 1275.610: [GC (Allocation Failure) 2018-03-17T00:17:29.686+0500: 1275.610: [DefNew: 157248K->157248K(157248K), 0.0000163 secs]2018-03-17T00:17:29.686+0500: 1275.610: [Tenured: 306736K->34272K(349568K), 0.1771816 secs] 463984K->34272K(506816K), [Metaspace: 5350K->5350K(1056768K)], 0.1772710 secs] [Times: user=0.17 sys=0.00, real=0.18 secs] 
2018-03-17T00:17:29.894+0500: 1275.818: [GC (Allocation Failure) 2018-03-17T00:17:29.894+0500: 1275.818: [DefNew: 139776K->17472K(157248K), 0.2563219 secs] 174048K->174046K(506816K), 0.2563835 secs] [Times: user=0.27 sys=0.00, real=0.26 secs] 
2018-03-17T00:17:30.175+0500: 1276.100: [GC (Allocation Failure) 2018-03-17T00:17:30.175+0500: 1276.100: [DefNew: 157248K->17472K(157248K), 0.2521916 secs] 313822K->313821K(506816K), 0.2522528 secs] [Times: user=0.27 sys=0.00, real=0.25 secs] 
2018-03-17T00:17:30.454+0500: 1276.378: [GC (Allocation Failure) 2018-03-17T00:17:30.454+0500: 1276.378: [DefNew: 157248K->157248K(157248K), 0.0000167 secs]2018-03-17T00:17:30.454+0500: 1276.378: [Tenured: 296349K->23908K(349568K), 0.1558981 secs] 453597K->23908K(506816K), [Metaspace: 5350K->5350K(1056768K)], 0.1559849 secs] [Times: user=0.16 sys=0.00, real=0.16 secs] 
2018-03-17T00:17:30.638+0500: 1276.562: [GC (Allocation Failure) 2018-03-17T00:17:30.638+0500: 1276.562: [DefNew: 139776K->17472K(157248K), 0.2557069 secs] 163684K->163683K(506816K), 0.2557698 secs] [Times: user=0.25 sys=0.00, real=0.26 secs] 
2018-03-17T00:17:30.920+0500: 1276.843: [GC (Allocation Failure) 2018-03-17T00:17:30.920+0500: 1276.844: [DefNew: 157248K->17472K(157248K), 0.2560080 secs] 303459K->303458K(506816K), 0.2560798 secs] [Times: user=0.24 sys=0.00, real=0.25 secs] 
2018-03-17T00:17:31.202+0500: 1277.126: [GC (Allocation Failure) 2018-03-17T00:17:31.202+0500: 1277.126: [DefNew: 146063K->146063K(157248K), 0.0000167 secs]2018-03-17T00:17:31.202+0500: 1277.126: [Tenured: 285986K->715K(349568K), 0.1392628 secs] 432050K->715K(506816K), [Metaspace: 5350K->5350K(1056768K)], 0.1393526 secs] [Times: user=0.14 sys=0.00, real=0.14 secs] 
2018-03-17T00:17:31.368+0500: 1277.292: [GC (Allocation Failure) 2018-03-17T00:17:31.368+0500: 1277.292: [DefNew: 139776K->17472K(157248K), 0.2227763 secs] 140491K->140490K(506816K), 0.2228447 secs] [Times: user=0.22 sys=0.00, real=0.22 secs] 
2018-03-17T00:17:31.617+0500: 1277.541: [GC (Allocation Failure) 2018-03-17T00:17:31.617+0500: 1277.541: [DefNew: 157248K->17472K(157248K), 0.2555359 secs] 280266K->280229K(506816K), 0.2555953 secs] [Times: user=0.25 sys=0.00, real=0.26 secs] 
2018-03-17T00:17:31.901+0500: 1277.825: [GC (Allocation Failure) 2018-03-17T00:17:31.901+0500: 1277.825: [DefNew: 157248K->157248K(157248K), 0.0000180 secs]2018-03-17T00:17:31.901+0500: 1277.825: [Tenured: 262757K->205160K(349568K), 0.4765494 secs] 420005K->205160K(506816K), [Metaspace: 5350K->5350K(1056768K)], 0.4766473 secs] [Times: user=0.47 sys=0.00, real=0.48 secs] 
2018-03-17T00:17:32.403+0500: 1278.327: [GC (Allocation Failure) 2018-03-17T00:17:32.403+0500: 1278.327: [DefNew: 139776K->17472K(157248K), 0.2260047 secs] 344936K->344935K(506816K), 0.2260645 secs] [Times: user=0.22 sys=0.00, real=0.23 secs] 
2018-03-17T00:17:32.655+0500: 1278.579: [GC (Allocation Failure) 2018-03-17T00:17:32.655+0500: 1278.579: [DefNew: 157248K->157248K(157248K), 0.0000171 secs]2018-03-17T00:17:32.655+0500: 1278.579: [Tenured: 327463K->55022K(349568K), 0.2236158 secs] 484711K->55022K(506816K), [Metaspace: 5350K->5350K(1056768K)], 0.2237231 secs] [Times: user=0.22 sys=0.00, real=0.22 secs] 
2018-03-17T00:17:32.909+0500: 1278.834: [GC (Allocation Failure) 2018-03-17T00:17:32.909+0500: 1278.834: [DefNew: 139776K->17472K(157248K), 0.2558711 secs] 194798K->194797K(506816K), 0.2559332 secs] [Times: user=0.27 sys=0.00, real=0.26 secs] 
2018-03-17T00:17:33.192+0500: 1279.115: [GC (Allocation Failure) 2018-03-17T00:17:33.192+0500: 1279.115: [DefNew: 157248K->17471K(157248K), 0.2503561 secs] 334573K->334572K(506816K), 0.2504190 secs] [Times: user=0.25 sys=0.00, real=0.25 secs] 
2018-03-17T00:17:33.467+0500: 1279.391: [GC (Allocation Failure) 2018-03-17T00:17:33.467+0500: 1279.391: [DefNew: 157247K->157247K(157248K), 0.0000163 secs]2018-03-17T00:17:33.467+0500: 1279.391: [Tenured: 317100K->44659K(349568K), 0.1994996 secs] 474348K->44659K(506816K), [Metaspace: 5350K->5350K(1056768K)], 0.1995906 secs] [Times: user=0.20 sys=0.00, real=0.20 secs] 
2018-03-17T00:17:33.697+0500: 1279.620: [GC (Allocation Failure) 2018-03-17T00:17:33.697+0500: 1279.621: [DefNew: 139776K->17471K(157248K), 0.2556979 secs] 184435K->184434K(506816K), 0.2557617 secs] [Times: user=0.25 sys=0.00, real=0.25 secs] 
2018-03-17T00:17:33.978+0500: 1279.902: [GC (Allocation Failure) 2018-03-17T00:17:33.978+0500: 1279.902: [DefNew: 157247K->17472K(157248K), 0.2524580 secs] 324210K->324208K(506816K), 0.2525466 secs] [Times: user=0.25 sys=0.00, real=0.25 secs] 
2018-03-17T00:17:34.255+0500: 1280.179: [GC (Allocation Failure) 2018-03-17T00:17:34.255+0500: 1280.179: [DefNew: 157248K->157248K(157248K), 0.0000171 secs]2018-03-17T00:17:34.255+0500: 1280.179: [Tenured: 306736K->34272K(349568K), 0.1775519 secs] 463984K->34272K(506816K), [Metaspace: 5350K->5350K(1056768K)], 0.1776409 secs] [Times: user=0.17 sys=0.00, real=0.18 secs] 
2018-03-17T00:17:34.463+0500: 1280.386: [GC (Allocation Failure) 2018-03-17T00:17:34.463+0500: 1280.386: [DefNew: 139776K->17472K(157248K), 0.2584088 secs] 174048K->174046K(506816K), 0.2584987 secs] [Times: user=0.25 sys=0.00, real=0.26 secs] 
2018-03-17T00:17:34.746+0500: 1280.670: [GC (Allocation Failure) 2018-03-17T00:17:34.746+0500: 1280.670: [DefNew: 157248K->17472K(157248K), 0.2526462 secs] 313822K->313821K(506816K), 0.2527074 secs] [Times: user=0.25 sys=0.00, real=0.25 secs] 
2018-03-17T00:17:35.024+0500: 1280.948: [GC (Allocation Failure) 2018-03-17T00:17:35.024+0500: 1280.948: [DefNew: 157248K->157248K(157248K), 0.0000163 secs]2018-03-17T00:17:35.024+0500: 1280.948: [Tenured: 296349K->23908K(349568K), 0.1551429 secs] 453597K->23908K(506816K), [Metaspace: 5350K->5350K(1056768K)], 0.1552276 secs] [Times: user=0.16 sys=0.00, real=0.15 secs] 
2018-03-17T00:17:35.207+0500: 1281.131: [GC (Allocation Failure) 2018-03-17T00:17:35.207+0500: 1281.131: [DefNew: 139776K->17472K(157248K), 0.2582288 secs] 163684K->163683K(506816K), 0.2582934 secs] [Times: user=0.27 sys=0.00, real=0.26 secs] 
2018-03-17T00:17:35.491+0500: 1281.415: [GC (Allocation Failure) 2018-03-17T00:17:35.491+0500: 1281.415: [DefNew: 157248K->17472K(157248K), 0.2535079 secs] 303459K->303458K(506816K), 0.2535678 secs] [Times: user=0.25 sys=0.00, real=0.25 secs] 
2018-03-17T00:17:35.770+0500: 1281.694: [GC (Allocation Failure) 2018-03-17T00:17:35.770+0500: 1281.694: [DefNew: 146063K->146063K(157248K), 0.0000197 secs]2018-03-17T00:17:35.770+0500: 1281.694: [Tenured: 285986K->715K(349568K), 0.1377258 secs] 432050K->715K(506816K), [Metaspace: 5350K->5350K(1056768K)], 0.1379067 secs] [Times: user=0.14 sys=0.00, real=0.14 secs] 
2018-03-17T00:17:35.934+0500: 1281.857: [GC (Allocation Failure) 2018-03-17T00:17:35.934+0500: 1281.857: [DefNew: 139776K->17472K(157248K), 0.2222991 secs] 140491K->140490K(506816K), 0.2223709 secs] [Times: user=0.22 sys=0.00, real=0.22 secs] 
2018-03-17T00:17:36.182+0500: 1282.105: [GC (Allocation Failure) 2018-03-17T00:17:36.182+0500: 1282.105: [DefNew: 157248K->17472K(157248K), 0.2555089 secs] 280266K->280229K(506816K), 0.2555692 secs] [Times: user=0.25 sys=0.00, real=0.26 secs] 
2018-03-17T00:17:36.465+0500: 1282.389: [GC (Allocation Failure) 2018-03-17T00:17:36.465+0500: 1282.389: [DefNew: 157248K->157248K(157248K), 0.0000137 secs]2018-03-17T00:17:36.465+0500: 1282.389: [Tenured: 262757K->205160K(349568K), 0.4729178 secs] 420005K->205160K(506816K), [Metaspace: 5350K->5350K(1056768K)], 0.4730042 secs] [Times: user=0.47 sys=0.00, real=0.47 secs] 
2018-03-17T00:17:36.963+0500: 1282.887: [GC (Allocation Failure) 2018-03-17T00:17:36.963+0500: 1282.887: [DefNew: 139776K->17472K(157248K), 0.2236043 secs] 344936K->344935K(506816K), 0.2236628 secs] [Times: user=0.22 sys=0.00, real=0.22 secs] 
2018-03-17T00:17:37.213+0500: 1283.137: [GC (Allocation Failure) 2018-03-17T00:17:37.213+0500: 1283.137: [DefNew: 157248K->157248K(157248K), 0.0000158 secs]2018-03-17T00:17:37.213+0500: 1283.137: [Tenured: 327463K->55022K(349568K), 0.2214587 secs] 484711K->55022K(506816K), [Metaspace: 5350K->5350K(1056768K)], 0.2215472 secs] [Times: user=0.22 sys=0.00, real=0.22 secs] 
2018-03-17T00:17:37.464+0500: 1283.388: [GC (Allocation Failure) 2018-03-17T00:17:37.464+0500: 1283.388: [DefNew: 139776K->17472K(157248K), 0.2553032 secs] 194798K->194797K(506816K), 0.2553665 secs] [Times: user=0.25 sys=0.00, real=0.26 secs] 
2018-03-17T00:17:37.745+0500: 1283.669: [GC (Allocation Failure) 2018-03-17T00:17:37.745+0500: 1283.669: [DefNew: 157248K->17471K(157248K), 0.2504186 secs] 334573K->334572K(506816K), 0.2504814 secs] [Times: user=0.23 sys=0.00, real=0.25 secs] 
2018-03-17T00:17:38.021+0500: 1283.945: [GC (Allocation Failure) 2018-03-17T00:17:38.021+0500: 1283.945: [DefNew: 157247K->157247K(157248K), 0.0000171 secs]2018-03-17T00:17:38.021+0500: 1283.945: [Tenured: 317100K->44659K(349568K), 0.1993272 secs] 474348K->44659K(506816K), [Metaspace: 5350K->5350K(1056768K)], 0.1994281 secs] [Times: user=0.19 sys=0.00, real=0.20 secs] 
2018-03-17T00:17:38.249+0500: 1284.173: [GC (Allocation Failure) 2018-03-17T00:17:38.249+0500: 1284.173: [DefNew: 139776K->17471K(157248K), 0.2559768 secs] 184435K->184434K(506816K), 0.2560371 secs] [Times: user=0.25 sys=0.00, real=0.26 secs] 
2018-03-17T00:17:38.530+0500: 1284.454: [GC (Allocation Failure) 2018-03-17T00:17:38.530+0500: 1284.454: [DefNew: 157247K->17472K(157248K), 0.2516310 secs] 324210K->324208K(506816K), 0.2517092 secs] [Times: user=0.25 sys=0.00, real=0.25 secs] 
2018-03-17T00:17:38.809+0500: 1284.732: [GC (Allocation Failure) 2018-03-17T00:17:38.809+0500: 1284.732: [DefNew: 157248K->157248K(157248K), 0.0000227 secs]2018-03-17T00:17:38.809+0500: 1284.732: [Tenured: 306736K->34272K(349568K), 0.1763639 secs] 463984K->34272K(506816K), [Metaspace: 5350K->5350K(1056768K)], 0.1764760 secs] [Times: user=0.17 sys=0.00, real=0.18 secs] 
2018-03-17T00:17:39.014+0500: 1284.938: [GC (Allocation Failure) 2018-03-17T00:17:39.014+0500: 1284.938: [DefNew: 139776K->17472K(157248K), 0.2582472 secs] 174048K->174046K(506816K), 0.2583075 secs] [Times: user=0.27 sys=0.00, real=0.26 secs] 
2018-03-17T00:17:39.297+0500: 1285.221: [GC (Allocation Failure) 2018-03-17T00:17:39.297+0500: 1285.221: [DefNew: 157248K->17472K(157248K), 0.2528121 secs] 313822K->313821K(506816K), 0.2528767 secs] [Times: user=0.25 sys=0.00, real=0.25 secs] 
2018-03-17T00:17:39.576+0500: 1285.500: [GC (Allocation Failure) 2018-03-17T00:17:39.576+0500: 1285.500: [DefNew: 157248K->157248K(157248K), 0.0000188 secs]2018-03-17T00:17:39.576+0500: 1285.500: [Tenured: 296349K->23908K(349568K), 0.1550270 secs] 453597K->23908K(506816K), [Metaspace: 5350K->5350K(1056768K)], 0.1551681 secs] [Times: user=0.16 sys=0.00, real=0.15 secs] 
2018-03-17T00:17:39.759+0500: 1285.683: [GC (Allocation Failure) 2018-03-17T00:17:39.759+0500: 1285.683: [DefNew: 139776K->17472K(157248K), 0.2551510 secs] 163684K->163683K(506816K), 0.2552130 secs] [Times: user=0.25 sys=0.00, real=0.25 secs] 
2018-03-17T00:17:40.039+0500: 1285.963: [GC (Allocation Failure) 2018-03-17T00:17:40.039+0500: 1285.964: [DefNew: 157248K->17472K(157248K), 0.2598919 secs] 303459K->303458K(506816K), 0.2599612 secs] [Times: user=0.25 sys=0.00, real=0.26 secs] 
2018-03-17T00:17:40.328+0500: 1286.252: [GC (Allocation Failure) 2018-03-17T00:17:40.328+0500: 1286.252: [DefNew: 146063K->146063K(157248K), 0.0000171 secs]2018-03-17T00:17:40.328+0500: 1286.252: [Tenured: 285986K->715K(349568K), 0.1382797 secs] 432050K->715K(506816K), [Metaspace: 5350K->5350K(1056768K)], 0.1383678 secs] [Times: user=0.14 sys=0.00, real=0.14 secs] 
2018-03-17T00:17:40.492+0500: 1286.416: [GC (Allocation Failure) 2018-03-17T00:17:40.492+0500: 1286.416: [DefNew: 139776K->17472K(157248K), 0.2294379 secs] 140491K->140490K(506816K), 0.2295007 secs] [Times: user=0.22 sys=0.00, real=0.23 secs] 
2018-03-17T00:17:40.747+0500: 1286.671: [GC (Allocation Failure) 2018-03-17T00:17:40.747+0500: 1286.671: [DefNew: 157248K->17472K(157248K), 0.2580047 secs] 280266K->280229K(506816K), 0.2580667 secs] [Times: user=0.25 sys=0.00, real=0.26 secs] 
2018-03-17T00:17:41.033+0500: 1286.957: [GC (Allocation Failure) 2018-03-17T00:17:41.033+0500: 1286.957: [DefNew: 157248K->157248K(157248K), 0.0000167 secs]2018-03-17T00:17:41.033+0500: 1286.957: [Tenured: 262757K->205160K(349568K), 0.4753383 secs] 420005K->205160K(506816K), [Metaspace: 5350K->5350K(1056768K)], 0.4754315 secs] [Times: user=0.48 sys=0.00, real=0.48 secs] 
2018-03-17T00:17:41.535+0500: 1287.458: [GC (Allocation Failure) 2018-03-17T00:17:41.535+0500: 1287.458: [DefNew: 139776K->17472K(157248K), 0.2235405 secs] 344936K->344935K(506816K), 0.2236197 secs] [Times: user=0.23 sys=0.00, real=0.22 secs] 
2018-03-17T00:17:41.785+0500: 1287.708: [GC (Allocation Failure) 2018-03-17T00:17:41.785+0500: 1287.708: [DefNew: 157248K->157248K(157248K), 0.0000171 secs]2018-03-17T00:17:41.785+0500: 1287.708: [Tenured: 327463K->55022K(349568K), 0.2255124 secs] 484711K->55022K(506816K), [Metaspace: 5350K->5350K(1056768K)], 0.2256155 secs] [Times: user=0.23 sys=0.00, real=0.22 secs] 
2018-03-17T00:17:42.039+0500: 1287.963: [GC (Allocation Failure) 2018-03-17T00:17:42.039+0500: 1287.963: [DefNew: 139776K->17472K(157248K), 0.2563873 secs] 194798K->194797K(506816K), 0.2564502 secs] [Times: user=0.25 sys=0.00, real=0.26 secs] 
2018-03-17T00:17:42.321+0500: 1288.245: [GC (Allocation Failure) 2018-03-17T00:17:42.321+0500: 1288.245: [DefNew: 157248K->17471K(157248K), 0.2503536 secs] 334573K->334572K(506816K), 0.2504258 secs] [Times: user=0.25 sys=0.00, real=0.25 secs] 
2018-03-17T00:17:42.597+0500: 1288.521: [GC (Allocation Failure) 2018-03-17T00:17:42.597+0500: 1288.521: [DefNew: 157247K->157247K(157248K), 0.0000167 secs]2018-03-17T00:17:42.597+0500: 1288.521: [Tenured: 317100K->44659K(349568K), 0.1996296 secs] 474348K->44659K(506816K), [Metaspace: 5350K->5350K(1056768K)], 0.1997467 secs] [Times: user=0.20 sys=0.00, real=0.20 secs] 
2018-03-17T00:17:42.826+0500: 1288.750: [GC (Allocation Failure) 2018-03-17T00:17:42.826+0500: 1288.750: [DefNew: 139776K->17471K(157248K), 0.2548046 secs] 184435K->184434K(506816K), 0.2548841 secs] [Times: user=0.25 sys=0.00, real=0.26 secs] 
2018-03-17T00:17:43.107+0500: 1289.030: [GC (Allocation Failure) 2018-03-17T00:17:43.107+0500: 1289.031: [DefNew: 157247K->17472K(157248K), 0.2511781 secs] 324210K->324208K(506816K), 0.2512392 secs] [Times: user=0.25 sys=0.00, real=0.25 secs] 
2018-03-17T00:17:43.384+0500: 1289.308: [GC (Allocation Failure) 2018-03-17T00:17:43.384+0500: 1289.308: [DefNew: 157248K->157248K(157248K), 0.0000620 secs]2018-03-17T00:17:43.384+0500: 1289.308: [Tenured: 306736K->34272K(349568K), 0.1767685 secs] 463984K->34272K(506816K), [Metaspace: 5350K->5350K(1056768K)], 0.1769032 secs] [Times: user=0.17 sys=0.00, real=0.18 secs] 
2018-03-17T00:17:43.590+0500: 1289.514: [GC (Allocation Failure) 2018-03-17T00:17:43.590+0500: 1289.514: [DefNew: 139776K->17472K(157248K), 0.2562817 secs] 174048K->174046K(506816K), 0.2563433 secs] [Times: user=0.25 sys=0.00, real=0.26 secs] 
2018-03-17T00:17:43.872+0500: 1289.796: [GC (Allocation Failure) 2018-03-17T00:17:43.872+0500: 1289.796: [DefNew: 157248K->17472K(157248K), 0.2528712 secs] 313822K->313821K(506816K), 0.2529511 secs] [Times: user=0.25 sys=0.00, real=0.25 secs] 
2018-03-17T00:17:44.150+0500: 1290.075: [GC (Allocation Failure) 2018-03-17T00:17:44.150+0500: 1290.075: [DefNew: 157248K->157248K(157248K), 0.0000163 secs]2018-03-17T00:17:44.150+0500: 1290.075: [Tenured: 296349K->23908K(349568K), 0.1554581 secs] 453597K->23908K(506816K), [Metaspace: 5350K->5350K(1056768K)], 0.1555530 secs] [Times: user=0.16 sys=0.00, real=0.16 secs] 
2018-03-17T00:17:44.334+0500: 1290.258: [GC (Allocation Failure) 2018-03-17T00:17:44.334+0500: 1290.258: [DefNew: 139776K->17472K(157248K), 0.2561282 secs] 163684K->163683K(506816K), 0.2561906 secs] [Times: user=0.27 sys=0.00, real=0.26 secs] 
2018-03-17T00:17:44.616+0500: 1290.540: [GC (Allocation Failure) 2018-03-17T00:17:44.616+0500: 1290.540: [DefNew: 157248K->17472K(157248K), 0.2529618 secs] 303459K->303458K(506816K), 0.2530238 secs] [Times: user=0.25 sys=0.00, real=0.25 secs] 
2018-03-17T00:17:44.895+0500: 1290.818: [GC (Allocation Failure) 2018-03-17T00:17:44.895+0500: 1290.819: [DefNew: 146063K->146063K(157248K), 0.0000175 secs]2018-03-17T00:17:44.895+0500: 1290.819: [Tenured: 285986K->715K(349568K), 0.1366589 secs] 432050K->715K(506816K), [Metaspace: 5350K->5350K(1056768K)], 0.1367474 secs] [Times: user=0.14 sys=0.00, real=0.14 secs] 
2018-03-17T00:17:45.057+0500: 1290.981: [GC (Allocation Failure) 2018-03-17T00:17:45.057+0500: 1290.981: [DefNew: 139776K->17472K(157248K), 0.2244399 secs] 140491K->140490K(506816K), 0.2245032 secs] [Times: user=0.22 sys=0.00, real=0.22 secs] 
2018-03-17T00:17:45.307+0500: 1291.231: [GC (Allocation Failure) 2018-03-17T00:17:45.307+0500: 1291.231: [DefNew: 157248K->17472K(157248K), 0.2557095 secs] 280266K->280229K(506816K), 0.2557741 secs] [Times: user=0.25 sys=0.00, real=0.26 secs] 
2018-03-17T00:17:45.591+0500: 1291.515: [GC (Allocation Failure) 2018-03-17T00:17:45.591+0500: 1291.515: [DefNew: 157248K->157248K(157248K), 0.0000167 secs]2018-03-17T00:17:45.591+0500: 1291.515: [Tenured: 262757K->205160K(349568K), 0.4718401 secs] 420005K->205160K(506816K), [Metaspace: 5350K->5350K(1056768K)], 0.4719299 secs] [Times: user=0.47 sys=0.00, real=0.47 secs] 
2018-03-17T00:17:46.089+0500: 1292.013: [GC (Allocation Failure) 2018-03-17T00:17:46.089+0500: 1292.013: [DefNew: 139776K->17472K(157248K), 0.2242308 secs] 344936K->344935K(506816K), 0.2242928 secs] [Times: user=0.22 sys=0.00, real=0.22 secs] 
2018-03-17T00:17:46.339+0500: 1292.263: [GC (Allocation Failure) 2018-03-17T00:17:46.339+0500: 1292.263: [DefNew: 157248K->157248K(157248K), 0.0000171 secs]2018-03-17T00:17:46.339+0500: 1292.263: [Tenured: 327463K->55022K(349568K), 0.2217572 secs] 484711K->55022K(506816K), [Metaspace: 5350K->5350K(1056768K)], 0.2218466 secs] [Times: user=0.22 sys=0.00, real=0.22 secs] 
2018-03-17T00:17:46.589+0500: 1292.513: [GC (Allocation Failure) 2018-03-17T00:17:46.589+0500: 1292.513: [DefNew: 139776K->17472K(157248K), 0.2552399 secs] 194798K->194797K(506816K), 0.2553045 secs] [Times: user=0.25 sys=0.00, real=0.26 secs] 
2018-03-17T00:17:46.870+0500: 1292.794: [GC (Allocation Failure) 2018-03-17T00:17:46.870+0500: 1292.794: [DefNew: 157248K->17471K(157248K), 0.2505516 secs] 334573K->334572K(506816K), 0.2506247 secs] [Times: user=0.23 sys=0.00, real=0.25 secs] 
2018-03-17T00:17:47.147+0500: 1293.070: [GC (Allocation Failure) 2018-03-17T00:17:47.147+0500: 1293.070: [DefNew: 157247K->157247K(157248K), 0.0000813 secs]2018-03-17T00:17:47.147+0500: 1293.070: [Tenured: 317100K->44659K(349568K), 0.2024187 secs] 474348K->44659K(506816K), [Metaspace: 5350K->5350K(1056768K)], 0.2025808 secs] [Times: user=0.17 sys=0.00, real=0.20 secs] 
2018-03-17T00:17:47.379+0500: 1293.302: [GC (Allocation Failure) 2018-03-17T00:17:47.379+0500: 1293.302: [DefNew: 139776K->17471K(157248K), 0.2580894 secs] 184435K->184434K(506816K), 0.2581813 secs] [Times: user=0.26 sys=0.00, real=0.26 secs] 
2018-03-17T00:17:47.662+0500: 1293.586: [GC (Allocation Failure) 2018-03-17T00:17:47.662+0500: 1293.586: [DefNew: 157247K->17472K(157248K), 0.2507509 secs] 324210K->324208K(506816K), 0.2508146 secs] [Times: user=0.26 sys=0.00, real=0.25 secs] 
2018-03-17T00:17:47.938+0500: 1293.862: [GC (Allocation Failure) 2018-03-17T00:17:47.938+0500: 1293.862: [DefNew: 157248K->157248K(157248K), 0.0000163 secs]2018-03-17T00:17:47.938+0500: 1293.862: [Tenured: 306736K->34272K(349568K), 0.1780506 secs] 463984K->34272K(506816K), [Metaspace: 5350K->5350K(1056768K)], 0.1781391 secs] [Times: user=0.19 sys=0.00, real=0.18 secs] 
2018-03-17T00:17:48.145+0500: 1294.069: [GC (Allocation Failure) 2018-03-17T00:17:48.145+0500: 1294.069: [DefNew: 139776K->17472K(157248K), 0.2560144 secs] 174048K->174046K(506816K), 0.2560747 secs] [Times: user=0.27 sys=0.00, real=0.26 secs] 
2018-03-17T00:17:48.428+0500: 1294.352: [GC (Allocation Failure) 2018-03-17T00:17:48.428+0500: 1294.352: [DefNew: 157248K->17472K(157248K), 0.2539275 secs] 313822K->313821K(506816K), 0.2539972 secs] [Times: user=0.25 sys=0.00, real=0.26 secs] 
2018-03-17T00:17:48.708+0500: 1294.632: [GC (Allocation Failure) 2018-03-17T00:17:48.708+0500: 1294.632: [DefNew: 157248K->157248K(157248K), 0.0000167 secs]2018-03-17T00:17:48.708+0500: 1294.632: [Tenured: 296349K->23908K(349568K), 0.1545305 secs] 453597K->23908K(506816K), [Metaspace: 5350K->5350K(1056768K)], 0.1546177 secs] [Times: user=0.16 sys=0.00, real=0.15 secs] 
2018-03-17T00:17:48.891+0500: 1294.814: [GC (Allocation Failure) 2018-03-17T00:17:48.891+0500: 1294.814: [DefNew: 139776K->17472K(157248K), 0.2562342 secs] 163684K->163683K(506816K), 0.2562979 secs] [Times: user=0.27 sys=0.00, real=0.26 secs] 
2018-03-17T00:17:49.172+0500: 1295.096: [GC (Allocation Failure) 2018-03-17T00:17:49.172+0500: 1295.096: [DefNew: 157248K->17472K(157248K), 0.2568582 secs] 303459K->303458K(506816K), 0.2569189 secs] [Times: user=0.27 sys=0.00, real=0.26 secs] 
2018-03-17T00:17:49.454+0500: 1295.378: [GC (Allocation Failure) 2018-03-17T00:17:49.454+0500: 1295.378: [DefNew: 146063K->146063K(157248K), 0.0000163 secs]2018-03-17T00:17:49.454+0500: 1295.378: [Tenured: 285986K->715K(349568K), 0.1365297 secs] 432050K->715K(506816K), [Metaspace: 5350K->5350K(1056768K)], 0.1366131 secs] [Times: user=0.14 sys=0.00, real=0.14 secs] 
2018-03-17T00:17:49.617+0500: 1295.541: [GC (Allocation Failure) 2018-03-17T00:17:49.617+0500: 1295.541: [DefNew: 139776K->17472K(157248K), 0.2358091 secs] 140491K->140490K(506816K), 0.2358946 secs] [Times: user=0.23 sys=0.00, real=0.23 secs] 
2018-03-17T00:17:49.878+0500: 1295.802: [GC (Allocation Failure) 2018-03-17T00:17:49.878+0500: 1295.802: [DefNew: 157248K->17472K(157248K), 0.2553896 secs] 280266K->280229K(506816K), 0.2554512 secs] [Times: user=0.26 sys=0.00, real=0.26 secs] 
2018-03-17T00:17:50.162+0500: 1296.086: [GC (Allocation Failure) 2018-03-17T00:17:50.162+0500: 1296.086: [DefNew: 157248K->157248K(157248K), 0.0000184 secs]2018-03-17T00:17:50.162+0500: 1296.086: [Tenured: 262757K->205160K(349568K), 0.4723524 secs] 420005K->205160K(506816K), [Metaspace: 5350K->5350K(1056768K)], 0.4724478 secs] [Times: user=0.48 sys=0.00, real=0.47 secs] 
2018-03-17T00:17:50.660+0500: 1296.584: [GC (Allocation Failure) 2018-03-17T00:17:50.660+0500: 1296.584: [DefNew: 139776K->17472K(157248K), 0.2243710 secs] 344936K->344935K(506816K), 0.2244463 secs] [Times: user=0.23 sys=0.00, real=0.22 secs] 
2018-03-17T00:17:50.913+0500: 1296.837: [GC (Allocation Failure) 2018-03-17T00:17:50.913+0500: 1296.837: [DefNew: 157248K->157248K(157248K), 0.0000171 secs]2018-03-17T00:17:50.913+0500: 1296.838: [Tenured: 327463K->55022K(349568K), 0.2215250 secs] 484711K->55022K(506816K), [Metaspace: 5350K->5350K(1056768K)], 0.2216704 secs] [Times: user=0.22 sys=0.00, real=0.22 secs] 
2018-03-17T00:17:51.163+0500: 1297.088: [GC (Allocation Failure) 2018-03-17T00:17:51.163+0500: 1297.088: [DefNew: 139776K->17472K(157248K), 0.2576481 secs] 194798K->194797K(506816K), 0.2577092 secs] [Times: user=0.25 sys=0.00, real=0.26 secs] 
2018-03-17T00:17:51.447+0500: 1297.371: [GC (Allocation Failure) 2018-03-17T00:17:51.447+0500: 1297.371: [DefNew: 157248K->17471K(157248K), 0.2521022 secs] 334573K->334572K(506816K), 0.2521655 secs] [Times: user=0.25 sys=0.00, real=0.25 secs] 
2018-03-17T00:17:51.726+0500: 1297.650: [GC (Allocation Failure) 2018-03-17T00:17:51.726+0500: 1297.650: [DefNew: 157247K->157247K(157248K), 0.0000167 secs]2018-03-17T00:17:51.726+0500: 1297.650: [Tenured: 317100K->44659K(349568K), 0.2008326 secs] 474348K->44659K(506816K), [Metaspace: 5350K->5350K(1056768K)], 0.2009245 secs] [Times: user=0.19 sys=0.00, real=0.20 secs] 
2018-03-17T00:17:51.956+0500: 1297.880: [GC (Allocation Failure) 2018-03-17T00:17:51.956+0500: 1297.880: [DefNew: 139776K->17471K(157248K), 0.2557121 secs] 184435K->184434K(506816K), 0.2557724 secs] [Times: user=0.27 sys=0.00, real=0.26 secs] 
2018-03-17T00:17:52.237+0500: 1298.161: [GC (Allocation Failure) 2018-03-17T00:17:52.237+0500: 1298.161: [DefNew: 157247K->17472K(157248K), 0.2514064 secs] 324210K->324208K(506816K), 0.2514680 secs] [Times: user=0.25 sys=0.00, real=0.25 secs] 
2018-03-17T00:17:52.514+0500: 1298.438: [GC (Allocation Failure) 2018-03-17T00:17:52.514+0500: 1298.438: [DefNew: 157248K->157248K(157248K), 0.0000163 secs]2018-03-17T00:17:52.514+0500: 1298.438: [Tenured: 306736K->34272K(349568K), 0.1770319 secs] 463984K->34272K(506816K), [Metaspace: 5350K->5350K(1056768K)], 0.1771239 secs] [Times: user=0.17 sys=0.00, real=0.18 secs] 
2018-03-17T00:17:52.720+0500: 1298.644: [GC (Allocation Failure) 2018-03-17T00:17:52.720+0500: 1298.644: [DefNew: 139776K->17472K(157248K), 0.2565447 secs] 174048K->174046K(506816K), 0.2566101 secs] [Times: user=0.25 sys=0.00, real=0.26 secs] 
2018-03-17T00:17:53.003+0500: 1298.926: [GC (Allocation Failure) 2018-03-17T00:17:53.003+0500: 1298.926: [DefNew: 157248K->17472K(157248K), 0.2538218 secs] 313822K->313821K(506816K), 0.2538868 secs] [Times: user=0.25 sys=0.00, real=0.25 secs] 
2018-03-17T00:17:53.282+0500: 1299.206: [GC (Allocation Failure) 2018-03-17T00:17:53.282+0500: 1299.206: [DefNew: 157248K->157248K(157248K), 0.0000167 secs]2018-03-17T00:17:53.282+0500: 1299.206: [Tenured: 296349K->23908K(349568K), 0.1553850 secs] 453597K->23908K(506816K), [Metaspace: 5350K->5350K(1056768K)], 0.1554726 secs] [Times: user=0.16 sys=0.00, real=0.15 secs] 
2018-03-17T00:17:53.466+0500: 1299.390: [GC (Allocation Failure) 2018-03-17T00:17:53.466+0500: 1299.390: [DefNew: 139776K->17472K(157248K), 0.2694958 secs] 163684K->163683K(506816K), 0.2695633 secs] [Times: user=0.27 sys=0.00, real=0.27 secs] 
2018-03-17T00:17:53.763+0500: 1299.687: [GC (Allocation Failure) 2018-03-17T00:17:53.763+0500: 1299.687: [DefNew: 157248K->17472K(157248K), 0.2945084 secs] 303459K->303458K(506816K), 0.2945721 secs] [Times: user=0.30 sys=0.00, real=0.29 secs] 
2018-03-17T00:17:54.083+0500: 1300.007: [GC (Allocation Failure) 2018-03-17T00:17:54.083+0500: 1300.007: [DefNew: 146063K->146063K(157248K), 0.0000329 secs]2018-03-17T00:17:54.083+0500: 1300.007: [Tenured: 285986K->715K(349568K), 0.1368321 secs] 432050K->715K(506816K), [Metaspace: 5350K->5350K(1056768K)], 0.1369749 secs] [Times: user=0.14 sys=0.00, real=0.14 secs] 
2018-03-17T00:17:54.246+0500: 1300.170: [GC (Allocation Failure) 2018-03-17T00:17:54.246+0500: 1300.170: [DefNew: 139776K->17472K(157248K), 0.2222033 secs] 140491K->140490K(506816K), 0.2222653 secs] [Times: user=0.22 sys=0.00, real=0.22 secs] 
2018-03-17T00:17:54.494+0500: 1300.417: [GC (Allocation Failure) 2018-03-17T00:17:54.494+0500: 1300.417: [DefNew: 157248K->17472K(157248K), 0.2566230 secs] 280266K->280229K(506816K), 0.2567115 secs] [Times: user=0.25 sys=0.00, real=0.26 secs] 
2018-03-17T00:17:54.778+0500: 1300.702: [GC (Allocation Failure) 2018-03-17T00:17:54.778+0500: 1300.702: [DefNew: 157248K->157248K(157248K), 0.0000171 secs]2018-03-17T00:17:54.778+0500: 1300.702: [Tenured: 262757K->205160K(349568K), 0.4737235 secs] 420005K->205160K(506816K), [Metaspace: 5350K->5350K(1056768K)], 0.4738175 secs] [Times: user=0.47 sys=0.00, real=0.47 secs] 
2018-03-17T00:17:55.277+0500: 1301.201: [GC (Allocation Failure) 2018-03-17T00:17:55.277+0500: 1301.201: [DefNew: 139776K->17472K(157248K), 0.2236368 secs] 344936K->344935K(506816K), 0.2237001 secs] [Times: user=0.20 sys=0.00, real=0.22 secs] 
2018-03-17T00:17:55.527+0500: 1301.451: [GC (Allocation Failure) 2018-03-17T00:17:55.527+0500: 1301.451: [DefNew: 157248K->157248K(157248K), 0.0000171 secs]2018-03-17T00:17:55.527+0500: 1301.451: [Tenured: 327463K->55022K(349568K), 0.2212214 secs] 484711K->55022K(506816K), [Metaspace: 5350K->5350K(1056768K)], 0.2213112 secs] [Times: user=0.22 sys=0.00, real=0.22 secs] 
2018-03-17T00:17:55.778+0500: 1301.701: [GC (Allocation Failure) 2018-03-17T00:17:55.778+0500: 1301.702: [DefNew: 139776K->17472K(157248K), 0.2571678 secs] 194798K->194797K(506816K), 0.2572285 secs] [Times: user=0.25 sys=0.00, real=0.26 secs] 
2018-03-17T00:17:56.061+0500: 1301.984: [GC (Allocation Failure) 2018-03-17T00:17:56.061+0500: 1301.985: [DefNew: 157248K->17471K(157248K), 0.2498143 secs] 334573K->334572K(506816K), 0.2498866 secs] [Times: user=0.25 sys=0.00, real=0.25 secs] 
2018-03-17T00:17:56.336+0500: 1302.260: [GC (Allocation Failure) 2018-03-17T00:17:56.336+0500: 1302.260: [DefNew: 157247K->157247K(157248K), 0.0000167 secs]2018-03-17T00:17:56.336+0500: 1302.260: [Tenured: 317100K->44659K(349568K), 0.2006914 secs] 474348K->44659K(506816K), [Metaspace: 5350K->5350K(1056768K)], 0.2008099 secs] [Times: user=0.20 sys=0.00, real=0.20 secs] 
2018-03-17T00:17:56.566+0500: 1302.490: [GC (Allocation Failure) 2018-03-17T00:17:56.566+0500: 1302.490: [DefNew: 139776K->17471K(157248K), 0.2572221 secs] 184435K->184434K(506816K), 0.2572995 secs] [Times: user=0.27 sys=0.00, real=0.26 secs] 
2018-03-17T00:17:56.849+0500: 1302.773: [GC (Allocation Failure) 2018-03-17T00:17:56.849+0500: 1302.773: [DefNew: 157247K->17472K(157248K), 0.2534853 secs] 324210K->324208K(506816K), 0.2535460 secs] [Times: user=0.27 sys=0.00, real=0.25 secs] 
2018-03-17T00:17:57.129+0500: 1303.052: [GC (Allocation Failure) 2018-03-17T00:17:57.129+0500: 1303.052: [DefNew: 157248K->157248K(157248K), 0.0000167 secs]2018-03-17T00:17:57.129+0500: 1303.052: [Tenured: 306736K->34272K(349568K), 0.1779214 secs] 463984K->34272K(506816K), [Metaspace: 5350K->5350K(1056768K)], 0.1780104 secs] [Times: user=0.19 sys=0.00, real=0.18 secs] 
2018-03-17T00:17:57.335+0500: 1303.259: [GC (Allocation Failure) 2018-03-17T00:17:57.335+0500: 1303.259: [DefNew: 139776K->17472K(157248K), 0.2560696 secs] 174048K->174046K(506816K), 0.2561299 secs] [Times: user=0.25 sys=0.00, real=0.26 secs] 
2018-03-17T00:17:57.617+0500: 1303.541: [GC (Allocation Failure) 2018-03-17T00:17:57.617+0500: 1303.541: [DefNew: 157248K->17472K(157248K), 0.2523105 secs] 313822K->313821K(506816K), 0.2523712 secs] [Times: user=0.25 sys=0.00, real=0.25 secs] 
2018-03-17T00:17:57.894+0500: 1303.818: [GC (Allocation Failure) 2018-03-17T00:17:57.894+0500: 1303.819: [DefNew: 157248K->157248K(157248K), 0.0000402 secs]2018-03-17T00:17:57.895+0500: 1303.819: [Tenured: 296349K->23908K(349568K), 0.1552212 secs] 453597K->23908K(506816K), [Metaspace: 5350K->5350K(1056768K)], 0.1553396 secs] [Times: user=0.16 sys=0.00, real=0.16 secs] 
2018-03-17T00:17:58.078+0500: 1304.003: [GC (Allocation Failure) 2018-03-17T00:17:58.079+0500: 1304.003: [DefNew: 139776K->17472K(157248K), 0.2564720 secs] 163684K->163683K(506816K), 0.2565631 secs] [Times: user=0.26 sys=0.00, real=0.26 secs] 
2018-03-17T00:17:58.360+0500: 1304.285: [GC (Allocation Failure) 2018-03-17T00:17:58.360+0500: 1304.285: [DefNew: 157248K->17472K(157248K), 0.2555812 secs] 303459K->303458K(506816K), 0.2556449 secs] [Times: user=0.27 sys=0.00, real=0.26 secs] 
2018-03-17T00:17:58.642+0500: 1304.566: [GC (Allocation Failure) 2018-03-17T00:17:58.642+0500: 1304.566: [DefNew: 146063K->146063K(157248K), 0.0000158 secs]2018-03-17T00:17:58.642+0500: 1304.566: [Tenured: 285986K->715K(349568K), 0.1364198 secs] 432050K->715K(506816K), [Metaspace: 5350K->5350K(1056768K)], 0.1365216 secs] [Times: user=0.14 sys=0.00, real=0.14 secs] 
2018-03-17T00:17:58.805+0500: 1304.729: [GC (Allocation Failure) 2018-03-17T00:17:58.805+0500: 1304.729: [DefNew: 139776K->17472K(157248K), 0.2226784 secs] 140491K->140490K(506816K), 0.2227494 secs] [Times: user=0.22 sys=0.00, real=0.22 secs] 
2018-03-17T00:17:59.053+0500: 1304.977: [GC (Allocation Failure) 2018-03-17T00:17:59.053+0500: 1304.977: [DefNew: 157248K->17472K(157248K), 0.2570814 secs] 280266K->280229K(506816K), 0.2571421 secs] [Times: user=0.25 sys=0.00, real=0.26 secs] 
2018-03-17T00:17:59.339+0500: 1305.263: [GC (Allocation Failure) 2018-03-17T00:17:59.339+0500: 1305.263: [DefNew: 157248K->157248K(157248K), 0.0000180 secs]2018-03-17T00:17:59.339+0500: 1305.263: [Tenured: 262757K->205160K(349568K), 0.4728339 secs] 420005K->205160K(506816K), [Metaspace: 5350K->5350K(1056768K)], 0.4729306 secs] [Times: user=0.47 sys=0.00, real=0.47 secs] 
2018-03-17T00:17:59.838+0500: 1305.761: [GC (Allocation Failure) 2018-03-17T00:17:59.838+0500: 1305.761: [DefNew: 139776K->17472K(157248K), 0.2310724 secs] 344936K->344935K(506816K), 0.2311417 secs] [Times: user=0.24 sys=0.00, real=0.23 secs] 
2018-03-17T00:18:00.095+0500: 1306.019: [GC (Allocation Failure) 2018-03-17T00:18:00.095+0500: 1306.019: [DefNew: 157248K->157248K(157248K), 0.0000141 secs]2018-03-17T00:18:00.095+0500: 1306.019: [Tenured: 327463K->55022K(349568K), 0.2204824 secs] 484711K->55022K(506816K), [Metaspace: 5350K->5350K(1056768K)], 0.2205666 secs] [Times: user=0.22 sys=0.00, real=0.22 secs] 
2018-03-17T00:18:00.345+0500: 1306.269: [GC (Allocation Failure) 2018-03-17T00:18:00.345+0500: 1306.269: [DefNew: 139776K->17472K(157248K), 0.2575056 secs] 194798K->194797K(506816K), 0.2575634 secs] [Times: user=0.27 sys=0.00, real=0.26 secs] 
2018-03-17T00:18:00.628+0500: 1306.552: [GC (Allocation Failure) 2018-03-17T00:18:00.628+0500: 1306.552: [DefNew: 157248K->17471K(157248K), 0.2505114 secs] 334573K->334572K(506816K), 0.2505729 secs] [Times: user=0.25 sys=0.00, real=0.25 secs] 
2018-03-17T00:18:00.904+0500: 1306.828: [GC (Allocation Failure) 2018-03-17T00:18:00.904+0500: 1306.828: [DefNew: 157247K->157247K(157248K), 0.0000167 secs]2018-03-17T00:18:00.904+0500: 1306.828: [Tenured: 317100K->44659K(349568K), 0.2003241 secs] 474348K->44659K(506816K), [Metaspace: 5350K->5350K(1056768K)], 0.2004164 secs] [Times: user=0.20 sys=0.00, real=0.20 secs] 
2018-03-17T00:18:01.133+0500: 1307.058: [GC (Allocation Failure) 2018-03-17T00:18:01.133+0500: 1307.058: [DefNew: 139776K->17471K(157248K), 0.2573641 secs] 184435K->184434K(506816K), 0.2574317 secs] [Times: user=0.25 sys=0.00, real=0.26 secs] 
2018-03-17T00:18:01.417+0500: 1307.340: [GC (Allocation Failure) 2018-03-17T00:18:01.417+0500: 1307.341: [DefNew: 157247K->17472K(157248K), 0.2530003 secs] 324210K->324208K(506816K), 0.2530627 secs] [Times: user=0.25 sys=0.00, real=0.25 secs] 
2018-03-17T00:18:01.695+0500: 1307.619: [GC (Allocation Failure) 2018-03-17T00:18:01.695+0500: 1307.619: [DefNew: 157248K->157248K(157248K), 0.0000171 secs]2018-03-17T00:18:01.695+0500: 1307.619: [Tenured: 306736K->34272K(349568K), 0.1773347 secs] 463984K->34272K(506816K), [Metaspace: 5350K->5350K(1056768K)], 0.1774284 secs] [Times: user=0.17 sys=0.00, real=0.18 secs] 
2018-03-17T00:18:01.901+0500: 1307.825: [GC (Allocation Failure) 2018-03-17T00:18:01.902+0500: 1307.825: [DefNew: 139776K->17472K(157248K), 0.2556783 secs] 174048K->174046K(506816K), 0.2557689 secs] [Times: user=0.25 sys=0.00, real=0.26 secs] 
2018-03-17T00:18:02.183+0500: 1308.107: [GC (Allocation Failure) 2018-03-17T00:18:02.183+0500: 1308.107: [DefNew: 157248K->17472K(157248K), 0.2522254 secs] 313822K->313821K(506816K), 0.2522990 secs] [Times: user=0.25 sys=0.00, real=0.25 secs] 
2018-03-17T00:18:02.460+0500: 1308.385: [GC (Allocation Failure) 2018-03-17T00:18:02.460+0500: 1308.385: [DefNew: 157248K->157248K(157248K), 0.0000163 secs]2018-03-17T00:18:02.460+0500: 1308.385: [Tenured: 296349K->23908K(349568K), 0.1565418 secs] 453597K->23908K(506816K), [Metaspace: 5350K->5350K(1056768K)], 0.1566333 secs] [Times: user=0.16 sys=0.00, real=0.16 secs] 
2018-03-17T00:18:02.646+0500: 1308.569: [GC (Allocation Failure) 2018-03-17T00:18:02.646+0500: 1308.569: [DefNew: 139776K->17472K(157248K), 0.2558143 secs] 163684K->163683K(506816K), 0.2558771 secs] [Times: user=0.27 sys=0.00, real=0.26 secs] 
2018-03-17T00:18:02.927+0500: 1308.851: [GC (Allocation Failure) 2018-03-17T00:18:02.927+0500: 1308.851: [DefNew: 157248K->17472K(157248K), 0.2541575 secs] 303459K->303458K(506816K), 0.2542204 secs] [Times: user=0.27 sys=0.00, real=0.25 secs] 
2018-03-17T00:18:03.207+0500: 1309.131: [GC (Allocation Failure) 2018-03-17T00:18:03.207+0500: 1309.131: [DefNew: 146063K->146063K(157248K), 0.0000171 secs]2018-03-17T00:18:03.207+0500: 1309.131: [Tenured: 285986K->715K(349568K), 0.1367200 secs] 432050K->715K(506816K), [Metaspace: 5350K->5350K(1056768K)], 0.1368060 secs] [Times: user=0.14 sys=0.00, real=0.14 secs] 
2018-03-17T00:18:03.371+0500: 1309.295: [GC (Allocation Failure) 2018-03-17T00:18:03.371+0500: 1309.295: [DefNew: 139776K->17472K(157248K), 0.2227998 secs] 140491K->140490K(506816K), 0.2228618 secs] [Times: user=0.22 sys=0.00, real=0.22 secs] 
2018-03-17T00:18:03.619+0500: 1309.544: [GC (Allocation Failure) 2018-03-17T00:18:03.619+0500: 1309.544: [DefNew: 157248K->17472K(157248K), 0.2552348 secs] 280266K->280229K(506816K), 0.2553011 secs] [Times: user=0.25 sys=0.00, real=0.26 secs] 
2018-03-17T00:18:03.903+0500: 1309.827: [GC (Allocation Failure) 2018-03-17T00:18:03.903+0500: 1309.827: [DefNew: 157248K->157248K(157248K), 0.0000154 secs]2018-03-17T00:18:03.903+0500: 1309.827: [Tenured: 262757K->205160K(349568K), 0.4732124 secs] 420005K->205160K(506816K), [Metaspace: 5350K->5350K(1056768K)], 0.4733018 secs] [Times: user=0.47 sys=0.00, real=0.47 secs] 
2018-03-17T00:18:04.403+0500: 1310.327: [GC (Allocation Failure) 2018-03-17T00:18:04.403+0500: 1310.327: [DefNew: 139776K->17472K(157248K), 0.2308243 secs] 344936K->344935K(506816K), 0.2308996 secs] [Times: user=0.23 sys=0.00, real=0.23 secs] 
2018-03-17T00:18:04.661+0500: 1310.585: [GC (Allocation Failure) 2018-03-17T00:18:04.661+0500: 1310.585: [DefNew: 157248K->157248K(157248K), 0.0000167 secs]2018-03-17T00:18:04.661+0500: 1310.585: [Tenured: 327463K->55022K(349568K), 0.2233601 secs] 484711K->55022K(506816K), [Metaspace: 5350K->5350K(1056768K)], 0.2234541 secs] [Times: user=0.23 sys=0.00, real=0.22 secs] 
2018-03-17T00:18:04.913+0500: 1310.837: [GC (Allocation Failure) 2018-03-17T00:18:04.913+0500: 1310.837: [DefNew: 139776K->17472K(157248K), 0.2600237 secs] 194798K->194797K(506816K), 0.2600874 secs] [Times: user=0.25 sys=0.00, real=0.26 secs] 
2018-03-17T00:18:05.199+0500: 1311.123: [GC (Allocation Failure) 2018-03-17T00:18:05.199+0500: 1311.123: [DefNew: 157248K->17471K(157248K), 0.2534703 secs] 334573K->334572K(506816K), 0.2535345 secs] [Times: user=0.24 sys=0.00, real=0.25 secs] 
2018-03-17T00:18:05.479+0500: 1311.402: [GC (Allocation Failure) 2018-03-17T00:18:05.479+0500: 1311.402: [DefNew: 157247K->157247K(157248K), 0.0000167 secs]2018-03-17T00:18:05.479+0500: 1311.402: [Tenured: 317100K->44659K(349568K), 0.2002809 secs] 474348K->44659K(506816K), [Metaspace: 5350K->5350K(1056768K)], 0.2003728 secs] [Times: user=0.20 sys=0.00, real=0.20 secs] 
2018-03-17T00:18:05.708+0500: 1311.631: [GC (Allocation Failure) 2018-03-17T00:18:05.708+0500: 1311.631: [DefNew: 139776K->17471K(157248K), 0.2561945 secs] 184435K->184434K(506816K), 0.2562582 secs] [Times: user=0.26 sys=0.00, real=0.26 secs] 
2018-03-17T00:18:05.989+0500: 1311.913: [GC (Allocation Failure) 2018-03-17T00:18:05.989+0500: 1311.913: [DefNew: 157247K->17472K(157248K), 0.2549363 secs] 324210K->324208K(506816K), 0.2549979 secs] [Times: user=0.26 sys=0.00, real=0.25 secs] 
2018-03-17T00:18:06.270+0500: 1312.194: [GC (Allocation Failure) 2018-03-17T00:18:06.270+0500: 1312.194: [DefNew: 157248K->157248K(157248K), 0.0000175 secs]2018-03-17T00:18:06.270+0500: 1312.194: [Tenured: 306736K->34272K(349568K), 0.1776400 secs] 463984K->34272K(506816K), [Metaspace: 5350K->5350K(1056768K)], 0.1777350 secs] [Times: user=0.19 sys=0.00, real=0.18 secs] 
2018-03-17T00:18:06.476+0500: 1312.400: [GC (Allocation Failure) 2018-03-17T00:18:06.476+0500: 1312.400: [DefNew: 139776K->17472K(157248K), 0.2560191 secs] 174048K->174046K(506816K), 0.2560850 secs] [Times: user=0.25 sys=0.00, real=0.26 secs] 
2018-03-17T00:18:06.758+0500: 1312.682: [GC (Allocation Failure) 2018-03-17T00:18:06.758+0500: 1312.682: [DefNew: 157248K->17472K(157248K), 0.2543508 secs] 313822K->313821K(506816K), 0.2544244 secs] [Times: user=0.25 sys=0.00, real=0.26 secs] 
2018-03-17T00:18:07.038+0500: 1312.962: [GC (Allocation Failure) 2018-03-17T00:18:07.038+0500: 1312.962: [DefNew: 157248K->157248K(157248K), 0.0000167 secs]2018-03-17T00:18:07.038+0500: 1312.962: [Tenured: 296349K->23908K(349568K), 0.1555825 secs] 453597K->23908K(506816K), [Metaspace: 5350K->5350K(1056768K)], 0.1556711 secs] [Times: user=0.16 sys=0.00, real=0.16 secs] 
2018-03-17T00:18:07.222+0500: 1313.145: [GC (Allocation Failure) 2018-03-17T00:18:07.222+0500: 1313.145: [DefNew: 139776K->17472K(157248K), 0.2565550 secs] 163684K->163683K(506816K), 0.2566174 secs] [Times: user=0.27 sys=0.00, real=0.26 secs] 
2018-03-17T00:18:07.504+0500: 1313.427: [GC (Allocation Failure) 2018-03-17T00:18:07.504+0500: 1313.428: [DefNew: 157248K->17472K(157248K), 0.2543889 secs] 303459K->303458K(506816K), 0.2544513 secs] [Times: user=0.27 sys=0.00, real=0.25 secs] 
2018-03-17T00:18:07.784+0500: 1313.708: [GC (Allocation Failure) 2018-03-17T00:18:07.784+0500: 1313.708: [DefNew: 146063K->146063K(157248K), 0.0000171 secs]2018-03-17T00:18:07.784+0500: 1313.708: [Tenured: 285986K->715K(349568K), 0.1375813 secs] 432050K->715K(506816K), [Metaspace: 5350K->5350K(1056768K)], 0.1376805 secs] [Times: user=0.14 sys=0.00, real=0.14 secs] 
2018-03-17T00:18:07.947+0500: 1313.871: [GC (Allocation Failure) 2018-03-17T00:18:07.947+0500: 1313.871: [DefNew: 139776K->17472K(157248K), 0.2217688 secs] 140491K->140490K(506816K), 0.2218325 secs] [Times: user=0.22 sys=0.00, real=0.22 secs] 
2018-03-17T00:18:08.194+0500: 1314.118: [GC (Allocation Failure) 2018-03-17T00:18:08.194+0500: 1314.118: [DefNew: 157248K->17472K(157248K), 0.2564703 secs] 280266K->280229K(506816K), 0.2565340 secs] [Times: user=0.25 sys=0.00, real=0.26 secs] 
2018-03-17T00:18:08.480+0500: 1314.403: [GC (Allocation Failure) 2018-03-17T00:18:08.480+0500: 1314.403: [DefNew: 157248K->157248K(157248K), 0.0000163 secs]2018-03-17T00:18:08.480+0500: 1314.403: [Tenured: 262757K->205160K(349568K), 0.4750595 secs] 420005K->205160K(506816K), [Metaspace: 5350K->5350K(1056768K)], 0.4751677 secs] [Times: user=0.47 sys=0.00, real=0.47 secs] 
2018-03-17T00:18:08.980+0500: 1314.904: [GC (Allocation Failure) 2018-03-17T00:18:08.980+0500: 1314.904: [DefNew: 139776K->17472K(157248K), 0.2242107 secs] 344936K->344935K(506816K), 0.2242714 secs] [Times: user=0.22 sys=0.00, real=0.22 secs] 
2018-03-17T00:18:09.231+0500: 1315.155: [GC (Allocation Failure) 2018-03-17T00:18:09.231+0500: 1315.155: [DefNew: 157248K->157248K(157248K), 0.0000163 secs]2018-03-17T00:18:09.231+0500: 1315.155: [Tenured: 327463K->55022K(349568K), 0.2238758 secs] 484711K->55022K(506816K), [Metaspace: 5350K->5350K(1056768K)], 0.2239648 secs] [Times: user=0.22 sys=0.00, real=0.22 secs] 
2018-03-17T00:18:09.483+0500: 1315.408: [GC (Allocation Failure) 2018-03-17T00:18:09.484+0500: 1315.408: [DefNew: 139776K->17472K(157248K), 0.2570309 secs] 194798K->194797K(506816K), 0.2571404 secs] [Times: user=0.26 sys=0.00, real=0.26 secs] 
2018-03-17T00:18:09.767+0500: 1315.690: [GC (Allocation Failure) 2018-03-17T00:18:09.767+0500: 1315.690: [DefNew: 157248K->17471K(157248K), 0.2508920 secs] 334573K->334572K(506816K), 0.2509531 secs] [Times: user=0.25 sys=0.00, real=0.25 secs] 
2018-03-17T00:18:10.043+0500: 1315.967: [GC (Allocation Failure) 2018-03-17T00:18:10.043+0500: 1315.967: [DefNew: 157247K->157247K(157248K), 0.0000201 secs]2018-03-17T00:18:10.043+0500: 1315.967: [Tenured: 317100K->44659K(349568K), 0.1993815 secs] 474348K->44659K(506816K), [Metaspace: 5350K->5350K(1056768K)], 0.1994829 secs] [Times: user=0.20 sys=0.00, real=0.20 secs] 
2018-03-17T00:18:10.272+0500: 1316.196: [GC (Allocation Failure) 2018-03-17T00:18:10.272+0500: 1316.196: [DefNew: 139776K->17471K(157248K), 0.2551334 secs] 184435K->184434K(506816K), 0.2551946 secs] [Times: user=0.25 sys=0.00, real=0.25 secs] 
2018-03-17T00:18:10.553+0500: 1316.477: [GC (Allocation Failure) 2018-03-17T00:18:10.553+0500: 1316.477: [DefNew: 157247K->17472K(157248K), 0.2546451 secs] 324210K->324208K(506816K), 0.2547131 secs] [Times: user=0.25 sys=0.00, real=0.25 secs] 
2018-03-17T00:18:10.834+0500: 1316.758: [GC (Allocation Failure) 2018-03-17T00:18:10.834+0500: 1316.758: [DefNew: 157248K->157248K(157248K), 0.0000158 secs]2018-03-17T00:18:10.834+0500: 1316.758: [Tenured: 306736K->34272K(349568K), 0.1783880 secs] 463984K->34272K(506816K), [Metaspace: 5350K->5350K(1056768K)], 0.1784804 secs] [Times: user=0.17 sys=0.00, real=0.18 secs] 
2018-03-17T00:18:11.046+0500: 1316.970: [GC (Allocation Failure) 2018-03-17T00:18:11.046+0500: 1316.970: [DefNew: 139776K->17472K(157248K), 0.2644875 secs] 174048K->174046K(506816K), 0.2645658 secs] [Times: user=0.27 sys=0.00, real=0.27 secs] 
2018-03-17T00:18:11.337+0500: 1317.260: [GC (Allocation Failure) 2018-03-17T00:18:11.337+0500: 1317.260: [DefNew: 157248K->17472K(157248K), 0.2528117 secs] 313822K->313821K(506816K), 0.2528742 secs] [Times: user=0.25 sys=0.00, real=0.25 secs] 
2018-03-17T00:18:11.615+0500: 1317.539: [GC (Allocation Failure) 2018-03-17T00:18:11.615+0500: 1317.539: [DefNew: 157248K->157248K(157248K), 0.0000158 secs]2018-03-17T00:18:11.615+0500: 1317.539: [Tenured: 296349K->23908K(349568K), 0.1547328 secs] 453597K->23908K(506816K), [Metaspace: 5350K->5350K(1056768K)], 0.1548222 secs] [Times: user=0.16 sys=0.00, real=0.15 secs] 
2018-03-17T00:18:11.799+0500: 1317.723: [GC (Allocation Failure) 2018-03-17T00:18:11.799+0500: 1317.723: [DefNew: 139776K->17472K(157248K), 0.2564284 secs] 163684K->163683K(506816K), 0.2564930 secs] [Times: user=0.27 sys=0.00, real=0.26 secs] 
2018-03-17T00:18:12.081+0500: 1318.005: [GC (Allocation Failure) 2018-03-17T00:18:12.081+0500: 1318.005: [DefNew: 157248K->17472K(157248K), 0.2637562 secs] 303459K->303458K(506816K), 0.2638332 secs] [Times: user=0.27 sys=0.00, real=0.26 secs] 
2018-03-17T00:18:12.370+0500: 1318.295: [GC (Allocation Failure) 2018-03-17T00:18:12.370+0500: 1318.295: [DefNew: 146063K->146063K(157248K), 0.0000163 secs]2018-03-17T00:18:12.370+0500: 1318.295: [Tenured: 285986K->715K(349568K), 0.1363048 secs] 432050K->715K(506816K), [Metaspace: 5350K->5350K(1056768K)], 0.1364147 secs] [Times: user=0.14 sys=0.00, real=0.14 secs] 
2018-03-17T00:18:12.533+0500: 1318.456: [GC (Allocation Failure) 2018-03-17T00:18:12.533+0500: 1318.456: [DefNew: 139776K->17472K(157248K), 0.2242992 secs] 140491K->140490K(506816K), 0.2243608 secs] [Times: user=0.23 sys=0.00, real=0.22 secs] 
2018-03-17T00:18:12.783+0500: 1318.706: [GC (Allocation Failure) 2018-03-17T00:18:12.783+0500: 1318.706: [DefNew: 157248K->17472K(157248K), 0.2561949 secs] 280266K->280229K(506816K), 0.2562573 secs] [Times: user=0.27 sys=0.00, real=0.26 secs] 
2018-03-17T00:18:13.067+0500: 1318.991: [GC (Allocation Failure) 2018-03-17T00:18:13.068+0500: 1318.991: [DefNew: 157248K->157248K(157248K), 0.0000398 secs]2018-03-17T00:18:13.068+0500: 1318.991: [Tenured: 262757K->205160K(349568K), 0.4747943 secs] 420005K->205160K(506816K), [Metaspace: 5350K->5350K(1056768K)], 0.4749371 secs] [Times: user=0.48 sys=0.00, real=0.48 secs] 
2018-03-17T00:18:13.568+0500: 1319.492: [GC (Allocation Failure) 2018-03-17T00:18:13.568+0500: 1319.492: [DefNew: 139776K->17472K(157248K), 0.2236693 secs] 344936K->344935K(506816K), 0.2237321 secs] [Times: user=0.22 sys=0.00, real=0.22 secs] 
2018-03-17T00:18:13.818+0500: 1319.742: [GC (Allocation Failure) 2018-03-17T00:18:13.818+0500: 1319.742: [DefNew: 157248K->157248K(157248K), 0.0000214 secs]2018-03-17T00:18:13.818+0500: 1319.742: [Tenured: 327463K->55022K(349568K), 0.2227776 secs] 484711K->55022K(506816K), [Metaspace: 5350K->5350K(1056768K)], 0.2228785 secs] [Times: user=0.22 sys=0.00, real=0.22 secs] 
2018-03-17T00:18:14.070+0500: 1319.994: [GC (Allocation Failure) 2018-03-17T00:18:14.071+0500: 1319.994: [DefNew: 139776K->17472K(157248K), 0.2553024 secs] 194798K->194797K(506816K), 0.2553926 secs] [Times: user=0.25 sys=0.00, real=0.26 secs] 
2018-03-17T00:18:14.351+0500: 1320.275: [GC (Allocation Failure) 2018-03-17T00:18:14.351+0500: 1320.275: [DefNew: 157248K->17471K(157248K), 0.2501432 secs] 334573K->334572K(506816K), 0.2502043 secs] [Times: user=0.25 sys=0.00, real=0.25 secs] 
2018-03-17T00:18:14.627+0500: 1320.551: [GC (Allocation Failure) 2018-03-17T00:18:14.627+0500: 1320.551: [DefNew: 157247K->157247K(157248K), 0.0000180 secs]2018-03-17T00:18:14.627+0500: 1320.551: [Tenured: 317100K->44659K(349568K), 0.1995723 secs] 474348K->44659K(506816K), [Metaspace: 5350K->5350K(1056768K)], 0.1996710 secs] [Times: user=0.20 sys=0.00, real=0.20 secs] 
2018-03-17T00:18:14.856+0500: 1320.780: [GC (Allocation Failure) 2018-03-17T00:18:14.856+0500: 1320.780: [DefNew: 139776K->17471K(157248K), 0.2561295 secs] 184435K->184434K(506816K), 0.2561932 secs] [Times: user=0.25 sys=0.00, real=0.26 secs] 
2018-03-17T00:18:15.138+0500: 1321.062: [GC (Allocation Failure) 2018-03-17T00:18:15.138+0500: 1321.062: [DefNew: 157247K->17472K(157248K), 0.2511781 secs] 324210K->324208K(506816K), 0.2512491 secs] [Times: user=0.25 sys=0.00, real=0.25 secs] 
2018-03-17T00:18:15.415+0500: 1321.339: [GC (Allocation Failure) 2018-03-17T00:18:15.415+0500: 1321.339: [DefNew: 157248K->157248K(157248K), 0.0000167 secs]2018-03-17T00:18:15.415+0500: 1321.339: [Tenured: 306736K->34272K(349568K), 0.1782503 secs] 463984K->34272K(506816K), [Metaspace: 5350K->5350K(1056768K)], 0.1783388 secs] [Times: user=0.17 sys=0.00, real=0.18 secs] 
2018-03-17T00:18:15.623+0500: 1321.547: [GC (Allocation Failure) 2018-03-17T00:18:15.623+0500: 1321.547: [DefNew: 139776K->17472K(157248K), 0.2565148 secs] 174048K->174046K(506816K), 0.2565755 secs] [Times: user=0.25 sys=0.00, real=0.26 secs] 
2018-03-17T00:18:15.905+0500: 1321.829: [GC (Allocation Failure) 2018-03-17T00:18:15.905+0500: 1321.829: [DefNew: 157248K->17472K(157248K), 0.2587065 secs] 313822K->313821K(506816K), 0.2587676 secs] [Times: user=0.27 sys=0.00, real=0.26 secs] 
2018-03-17T00:18:16.190+0500: 1322.114: [GC (Allocation Failure) 2018-03-17T00:18:16.190+0500: 1322.114: [DefNew: 157248K->157248K(157248K), 0.0000265 secs]2018-03-17T00:18:16.190+0500: 1322.114: [Tenured: 296349K->23908K(349568K), 0.1571392 secs] 453597K->23908K(506816K), [Metaspace: 5350K->5350K(1056768K)], 0.1572585 secs] [Times: user=0.16 sys=0.00, real=0.16 secs] 
2018-03-17T00:18:16.375+0500: 1322.299: [GC (Allocation Failure) 2018-03-17T00:18:16.375+0500: 1322.300: [DefNew: 139776K->17472K(157248K), 0.2694124 secs] 163684K->163683K(506816K), 0.2694752 secs] [Times: user=0.26 sys=0.00, real=0.27 secs] 
2018-03-17T00:18:16.670+0500: 1322.595: [GC (Allocation Failure) 2018-03-17T00:18:16.670+0500: 1322.595: [DefNew: 157248K->17472K(157248K), 0.2576587 secs] 303459K->303458K(506816K), 0.2577289 secs] [Times: user=0.27 sys=0.00, real=0.26 secs] 
2018-03-17T00:18:16.955+0500: 1322.879: [GC (Allocation Failure) 2018-03-17T00:18:16.955+0500: 1322.879: [DefNew: 146063K->146063K(157248K), 0.0000163 secs]2018-03-17T00:18:16.955+0500: 1322.879: [Tenured: 285986K->715K(349568K), 0.1381287 secs] 432050K->715K(506816K), [Metaspace: 5350K->5350K(1056768K)], 0.1382142 secs] [Times: user=0.14 sys=0.00, real=0.14 secs] 
2018-03-17T00:18:17.119+0500: 1323.043: [GC (Allocation Failure) 2018-03-17T00:18:17.119+0500: 1323.043: [DefNew: 139776K->17472K(157248K), 0.2255526 secs] 140491K->140490K(506816K), 0.2256296 secs] [Times: user=0.22 sys=0.00, real=0.23 secs] 
2018-03-17T00:18:17.371+0500: 1323.295: [GC (Allocation Failure) 2018-03-17T00:18:17.371+0500: 1323.295: [DefNew: 157248K->17472K(157248K), 0.2620388 secs] 280266K->280229K(506816K), 0.2621136 secs] [Times: user=0.26 sys=0.00, real=0.26 secs] 
2018-03-17T00:18:17.662+0500: 1323.586: [GC (Allocation Failure) 2018-03-17T00:18:17.665+0500: 1323.589: [DefNew: 157248K->157248K(157248K), 0.0000765 secs]2018-03-17T00:18:17.665+0500: 1323.589: [Tenured: 262757K->205160K(349568K), 0.4888342 secs] 420005K->205160K(506816K), [Metaspace: 5350K->5350K(1056768K)], 0.4916644 secs] [Times: user=0.48 sys=0.00, real=0.49 secs] 
2018-03-17T00:18:18.183+0500: 1324.106: [GC (Allocation Failure) 2018-03-17T00:18:18.183+0500: 1324.106: [DefNew: 139776K->17472K(157248K), 0.2332846 secs] 344936K->344935K(506816K), 0.2333488 secs] [Times: user=0.23 sys=0.00, real=0.23 secs] 
2018-03-17T00:18:18.442+0500: 1324.365: [GC (Allocation Failure) 2018-03-17T00:18:18.442+0500: 1324.365: [DefNew: 157248K->157248K(157248K), 0.0000158 secs]2018-03-17T00:18:18.442+0500: 1324.365: [Tenured: 327463K->55022K(349568K), 0.2220848 secs] 484711K->55022K(506816K), [Metaspace: 5350K->5350K(1056768K)], 0.2221913 secs] [Times: user=0.23 sys=0.00, real=0.22 secs] 
2018-03-17T00:18:18.693+0500: 1324.617: [GC (Allocation Failure) 2018-03-17T00:18:18.693+0500: 1324.617: [DefNew: 139776K->17472K(157248K), 0.2572508 secs] 194798K->194797K(506816K), 0.2573158 secs] [Times: user=0.27 sys=0.00, real=0.26 secs] 
2018-03-17T00:18:18.990+0500: 1324.914: [GC (Allocation Failure) 2018-03-17T00:18:18.990+0500: 1324.914: [DefNew: 157248K->17471K(157248K), 0.2764212 secs] 334573K->334572K(506816K), 0.2764926 secs] [Times: user=0.28 sys=0.00, real=0.28 secs] 
2018-03-17T00:18:19.293+0500: 1325.217: [GC (Allocation Failure) 2018-03-17T00:18:19.293+0500: 1325.217: [DefNew: 157247K->157247K(157248K), 0.0000278 secs]2018-03-17T00:18:19.293+0500: 1325.217: [Tenured: 317100K->44659K(349568K), 0.2130502 secs] 474348K->44659K(506816K), [Metaspace: 5350K->5350K(1056768K)], 0.2131776 secs] [Times: user=0.22 sys=0.00, real=0.21 secs] 
2018-03-17T00:18:19.537+0500: 1325.462: [GC (Allocation Failure) 2018-03-17T00:18:19.537+0500: 1325.462: [DefNew: 139776K->17471K(157248K), 0.2686606 secs] 184435K->184434K(506816K), 0.2687260 secs] [Times: user=0.27 sys=0.00, real=0.27 secs] 
2018-03-17T00:18:19.833+0500: 1325.756: [GC (Allocation Failure) 2018-03-17T00:18:19.833+0500: 1325.756: [DefNew: 157247K->17472K(157248K), 0.2667391 secs] 324210K->324208K(506816K), 0.2668075 secs] [Times: user=0.27 sys=0.00, real=0.27 secs] 
2018-03-17T00:18:20.128+0500: 1326.052: [GC (Allocation Failure) 2018-03-17T00:18:20.128+0500: 1326.052: [DefNew: 157248K->157248K(157248K), 0.0000244 secs]2018-03-17T00:18:20.128+0500: 1326.052: [Tenured: 306736K->34272K(349568K), 0.1854687 secs] 463984K->34272K(506816K), [Metaspace: 5350K->5350K(1056768K)], 0.1856637 secs] [Times: user=0.19 sys=0.00, real=0.19 secs] 
2018-03-17T00:18:20.347+0500: 1326.271: [GC (Allocation Failure) 2018-03-17T00:18:20.347+0500: 1326.271: [DefNew: 139776K->17472K(157248K), 0.2609658 secs] 174048K->174046K(506816K), 0.2610308 secs] [Times: user=0.26 sys=0.00, real=0.26 secs] 
2018-03-17T00:18:20.634+0500: 1326.558: [GC (Allocation Failure) 2018-03-17T00:18:20.634+0500: 1326.558: [DefNew: 157248K->17472K(157248K), 0.2558185 secs] 313822K->313821K(506816K), 0.2558853 secs] [Times: user=0.25 sys=0.00, real=0.26 secs] 
2018-03-17T00:18:20.918+0500: 1326.843: [GC (Allocation Failure) 2018-03-17T00:18:20.918+0500: 1326.843: [DefNew: 157248K->157248K(157248K), 0.0000150 secs]2018-03-17T00:18:20.918+0500: 1326.843: [Tenured: 296349K->23908K(349568K), 0.1637965 secs] 453597K->23908K(506816K), [Metaspace: 5350K->5350K(1056768K)], 0.1638850 secs] [Times: user=0.16 sys=0.00, real=0.16 secs] 
2018-03-17T00:18:21.122+0500: 1327.046: [GC (Allocation Failure) 2018-03-17T00:18:21.122+0500: 1327.046: [DefNew: 139776K->17472K(157248K), 0.3019979 secs] 163684K->163683K(506816K), 0.3020881 secs] [Times: user=0.30 sys=0.00, real=0.30 secs] 
2018-03-17T00:18:21.453+0500: 1327.377: [GC (Allocation Failure) 2018-03-17T00:18:21.453+0500: 1327.377: [DefNew: 157248K->17472K(157248K), 0.2551600 secs] 303459K->303458K(506816K), 0.2552275 secs] [Times: user=0.25 sys=0.00, real=0.25 secs] 
2018-03-17T00:18:21.733+0500: 1327.657: [GC (Allocation Failure) 2018-03-17T00:18:21.733+0500: 1327.657: [DefNew: 146063K->146063K(157248K), 0.0000158 secs]2018-03-17T00:18:21.733+0500: 1327.657: [Tenured: 285986K->715K(349568K), 0.1379623 secs] 432050K->715K(506816K), [Metaspace: 5350K->5350K(1056768K)], 0.1380496 secs] [Times: user=0.14 sys=0.00, real=0.14 secs] 
2018-03-17T00:18:21.898+0500: 1327.822: [GC (Allocation Failure) 2018-03-17T00:18:21.898+0500: 1327.822: [DefNew: 139776K->17472K(157248K), 0.2350312 secs] 140491K->140490K(506816K), 0.2351064 secs] [Times: user=0.23 sys=0.00, real=0.23 secs] 
2018-03-17T00:18:22.167+0500: 1328.092: [GC (Allocation Failure) 2018-03-17T00:18:22.167+0500: 1328.092: [DefNew: 157248K->17472K(157248K), 0.2882172 secs] 280266K->280229K(506816K), 0.2882800 secs] [Times: user=0.28 sys=0.00, real=0.29 secs] 
2018-03-17T00:18:22.490+0500: 1328.414: [GC (Allocation Failure) 2018-03-17T00:18:22.490+0500: 1328.414: [DefNew: 157248K->157248K(157248K), 0.0001176 secs]2018-03-17T00:18:22.491+0500: 1328.414: [Tenured: 262757K->205160K(349568K), 0.5208932 secs] 420005K->205160K(506816K), [Metaspace: 5350K->5350K(1056768K)], 0.5212140 secs] [Times: user=0.52 sys=0.02, real=0.52 secs] 
2018-03-17T00:18:23.047+0500: 1328.971: [GC (Allocation Failure) 2018-03-17T00:18:23.047+0500: 1328.971: [DefNew: 139776K->17472K(157248K), 0.2465876 secs] 344936K->344935K(506816K), 0.2466552 secs] [Times: user=0.25 sys=0.00, real=0.25 secs] 
2018-03-17T00:18:23.327+0500: 1329.251: [GC (Allocation Failure) 2018-03-17T00:18:23.327+0500: 1329.251: [DefNew: 157248K->157248K(157248K), 0.0000163 secs]2018-03-17T00:18:23.327+0500: 1329.251: [Tenured: 327463K->55022K(349568K), 0.2527621 secs] 484711K->55022K(506816K), [Metaspace: 5350K->5350K(1056768K)], 0.2528613 secs] [Times: user=0.25 sys=0.00, real=0.25 secs] 
2018-03-17T00:18:23.614+0500: 1329.538: [GC (Allocation Failure) 2018-03-17T00:18:23.614+0500: 1329.538: [DefNew: 139776K->17472K(157248K), 0.2660159 secs] 194798K->194797K(506816K), 0.2660934 secs] [Times: user=0.26 sys=0.00, real=0.27 secs] 
2018-03-17T00:18:23.909+0500: 1329.832: [GC (Allocation Failure) 2018-03-17T00:18:23.909+0500: 1329.832: [DefNew: 157248K->17471K(157248K), 0.2635552 secs] 334573K->334572K(506816K), 0.2636172 secs] [Times: user=0.25 sys=0.00, real=0.26 secs] 
2018-03-17T00:18:24.201+0500: 1330.124: [GC (Allocation Failure) 2018-03-17T00:18:24.201+0500: 1330.125: [DefNew: 157247K->157247K(157248K), 0.0000368 secs]2018-03-17T00:18:24.201+0500: 1330.125: [Tenured: 317100K->44659K(349568K), 0.2241440 secs] 474348K->44659K(506816K), [Metaspace: 5350K->5350K(1056768K)], 0.2242778 secs] [Times: user=0.22 sys=0.00, real=0.22 secs] 
2018-03-17T00:18:24.462+0500: 1330.386: [GC (Allocation Failure) 2018-03-17T00:18:24.462+0500: 1330.386: [DefNew: 139776K->17471K(157248K), 0.3539321 secs] 184435K->184434K(506816K), 0.3540027 secs] [Times: user=0.33 sys=0.00, real=0.35 secs] 
2018-03-17T00:18:24.853+0500: 1330.777: [GC (Allocation Failure) 2018-03-17T00:18:24.853+0500: 1330.777: [DefNew: 157247K->17472K(157248K), 0.3380538 secs] 324210K->324208K(506816K), 0.3381260 secs] [Times: user=0.33 sys=0.00, real=0.34 secs] 
2018-03-17T00:18:25.250+0500: 1331.174: [GC (Allocation Failure) 2018-03-17T00:18:25.250+0500: 1331.174: [DefNew: 157248K->157248K(157248K), 0.0000295 secs]2018-03-17T00:18:25.250+0500: 1331.174: [Tenured: 306736K->34272K(349568K), 0.2283850 secs] 463984K->34272K(506816K), [Metaspace: 5350K->5350K(1056768K)], 0.2285445 secs] [Times: user=0.23 sys=0.00, real=0.23 secs] 
2018-03-17T00:18:25.519+0500: 1331.442: [GC (Allocation Failure) 2018-03-17T00:18:25.519+0500: 1331.442: [DefNew: 139776K->17472K(157248K), 0.3194290 secs] 174048K->174046K(506816K), 0.3194987 secs] [Times: user=0.31 sys=0.00, real=0.32 secs] 
2018-03-17T00:18:25.879+0500: 1331.803: [GC (Allocation Failure) 2018-03-17T00:18:25.879+0500: 1331.803: [DefNew: 157248K->17472K(157248K), 0.3690394 secs] 313822K->313821K(506816K), 0.3691220 secs] [Times: user=0.36 sys=0.00, real=0.37 secs] 
2018-03-17T00:18:26.281+0500: 1332.205: [GC (Allocation Failure) 2018-03-17T00:18:26.281+0500: 1332.205: [DefNew: 157248K->157248K(157248K), 0.0000252 secs]2018-03-17T00:18:26.281+0500: 1332.205: [Tenured: 296349K->23908K(349568K), 0.2112305 secs] 453597K->23908K(506816K), [Metaspace: 5350K->5350K(1056768K)], 0.2114683 secs] [Times: user=0.20 sys=0.00, real=0.21 secs] 
2018-03-17T00:18:26.527+0500: 1332.451: [GC (Allocation Failure) 2018-03-17T00:18:26.527+0500: 1332.451: [DefNew: 139776K->17472K(157248K), 0.2935098 secs] 163684K->163683K(506816K), 0.2935735 secs] [Times: user=0.30 sys=0.00, real=0.29 secs] 
2018-03-17T00:18:26.847+0500: 1332.770: [GC (Allocation Failure) 2018-03-17T00:18:26.847+0500: 1332.770: [DefNew: 157248K->17472K(157248K), 0.2652085 secs] 303459K->303458K(506816K), 0.2652701 secs] [Times: user=0.26 sys=0.00, real=0.27 secs] 
2018-03-17T00:18:27.137+0500: 1333.061: [GC (Allocation Failure) 2018-03-17T00:18:27.137+0500: 1333.061: [DefNew: 146063K->146063K(157248K), 0.0000163 secs]2018-03-17T00:18:27.137+0500: 1333.061: [Tenured: 285986K->715K(349568K), 0.1364279 secs] 432050K->715K(506816K), [Metaspace: 5350K->5350K(1056768K)], 0.1365177 secs] [Times: user=0.14 sys=0.00, real=0.14 secs] 
2018-03-17T00:18:27.300+0500: 1333.223: [GC (Allocation Failure) 2018-03-17T00:18:27.300+0500: 1333.223: [DefNew: 139776K->17472K(157248K), 0.2232249 secs] 140491K->140490K(506816K), 0.2233023 secs] [Times: user=0.23 sys=0.00, real=0.22 secs] 
2018-03-17T00:18:27.553+0500: 1333.477: [GC (Allocation Failure) 2018-03-17T00:18:27.553+0500: 1333.477: [DefNew: 157248K->17472K(157248K), 0.2580274 secs] 280266K->280229K(506816K), 0.2580967 secs] [Times: user=0.25 sys=0.00, real=0.26 secs] 
2018-03-17T00:18:27.839+0500: 1333.763: [GC (Allocation Failure) 2018-03-17T00:18:27.839+0500: 1333.763: [DefNew: 157248K->157248K(157248K), 0.0000175 secs]2018-03-17T00:18:27.839+0500: 1333.763: [Tenured: 262757K->205160K(349568K), 0.4771212 secs] 420005K->205160K(506816K), [Metaspace: 5350K->5350K(1056768K)], 0.4772127 secs] [Times: user=0.47 sys=0.00, real=0.48 secs] 
2018-03-17T00:18:28.343+0500: 1334.266: [GC (Allocation Failure) 2018-03-17T00:18:28.343+0500: 1334.266: [DefNew: 139776K->17472K(157248K), 0.2264345 secs] 344936K->344935K(506816K), 0.2264969 secs] [Times: user=0.23 sys=0.00, real=0.23 secs] 
2018-03-17T00:18:28.596+0500: 1334.520: [GC (Allocation Failure) 2018-03-17T00:18:28.596+0500: 1334.520: [DefNew: 157248K->157248K(157248K), 0.0000163 secs]2018-03-17T00:18:28.596+0500: 1334.520: [Tenured: 327463K->55022K(349568K), 0.2226044 secs] 484711K->55022K(506816K), [Metaspace: 5350K->5350K(1056768K)], 0.2226946 secs] [Times: user=0.23 sys=0.00, real=0.22 secs] 
2018-03-17T00:18:28.848+0500: 1334.772: [GC (Allocation Failure) 2018-03-17T00:18:28.848+0500: 1334.772: [DefNew: 139776K->17472K(157248K), 0.2676748 secs] 194798K->194797K(506816K), 0.2677467 secs] [Times: user=0.28 sys=0.00, real=0.27 secs] 
2018-03-17T00:18:29.141+0500: 1335.066: [GC (Allocation Failure) 2018-03-17T00:18:29.142+0500: 1335.066: [DefNew: 157248K->17471K(157248K), 0.2562749 secs] 334573K->334572K(506816K), 0.2563582 secs] [Times: user=0.27 sys=0.00, real=0.26 secs] 
2018-03-17T00:18:29.424+0500: 1335.348: [GC (Allocation Failure) 2018-03-17T00:18:29.424+0500: 1335.348: [DefNew: 157247K->157247K(157248K), 0.0000175 secs]2018-03-17T00:18:29.424+0500: 1335.348: [Tenured: 317100K->44659K(349568K), 0.2221365 secs] 474348K->44659K(506816K), [Metaspace: 5350K->5350K(1056768K)], 0.2222289 secs] [Times: user=0.22 sys=0.00, real=0.22 secs] 
2018-03-17T00:18:29.679+0500: 1335.602: [GC (Allocation Failure) 2018-03-17T00:18:29.679+0500: 1335.602: [DefNew: 139776K->17471K(157248K), 0.2795777 secs] 184435K->184434K(506816K), 0.2796461 secs] [Times: user=0.27 sys=0.00, real=0.28 secs] 
2018-03-17T00:18:29.987+0500: 1335.911: [GC (Allocation Failure) 2018-03-17T00:18:29.987+0500: 1335.911: [DefNew: 157247K->17472K(157248K), 0.2658256 secs] 324210K->324208K(506816K), 0.2658958 secs] [Times: user=0.27 sys=0.00, real=0.27 secs] 
2018-03-17T00:18:30.278+0500: 1336.202: [GC (Allocation Failure) 2018-03-17T00:18:30.278+0500: 1336.202: [DefNew: 157248K->157248K(157248K), 0.0000163 secs]2018-03-17T00:18:30.278+0500: 1336.202: [Tenured: 306736K->34272K(349568K), 0.1776259 secs] 463984K->34272K(506816K), [Metaspace: 5350K->5350K(1056768K)], 0.1777157 secs] [Times: user=0.17 sys=0.00, real=0.18 secs] 
2018-03-17T00:18:30.487+0500: 1336.411: [GC (Allocation Failure) 2018-03-17T00:18:30.487+0500: 1336.411: [DefNew: 139776K->17472K(157248K), 0.2624848 secs] 174048K->174046K(506816K), 0.2625460 secs] [Times: user=0.27 sys=0.00, real=0.26 secs] 
2018-03-17T00:18:30.775+0500: 1336.699: [GC (Allocation Failure) 2018-03-17T00:18:30.775+0500: 1336.699: [DefNew: 157248K->17472K(157248K), 0.2532274 secs] 313822K->313821K(506816K), 0.2533052 secs] [Times: user=0.25 sys=0.00, real=0.25 secs] 
2018-03-17T00:18:31.058+0500: 1336.982: [GC (Allocation Failure) 2018-03-17T00:18:31.058+0500: 1336.982: [DefNew: 157248K->157248K(157248K), 0.0000158 secs]2018-03-17T00:18:31.058+0500: 1336.982: [Tenured: 296349K->23908K(349568K), 0.1559790 secs] 453597K->23908K(506816K), [Metaspace: 5350K->5350K(1056768K)], 0.1560679 secs] [Times: user=0.16 sys=0.00, real=0.16 secs] 
2018-03-17T00:18:31.243+0500: 1337.166: [GC (Allocation Failure) 2018-03-17T00:18:31.243+0500: 1337.166: [DefNew: 139776K->17472K(157248K), 0.2592492 secs] 163684K->163683K(506816K), 0.2593099 secs] [Times: user=0.25 sys=0.00, real=0.26 secs] 
2018-03-17T00:18:31.527+0500: 1337.451: [GC (Allocation Failure) 2018-03-17T00:18:31.527+0500: 1337.451: [DefNew: 157248K->17472K(157248K), 0.2625849 secs] 303459K->303458K(506816K), 0.2626482 secs] [Times: user=0.27 sys=0.00, real=0.26 secs] 
2018-03-17T00:18:31.816+0500: 1337.740: [GC (Allocation Failure) 2018-03-17T00:18:31.816+0500: 1337.740: [DefNew: 146063K->146063K(157248K), 0.0000150 secs]2018-03-17T00:18:31.816+0500: 1337.740: [Tenured: 285986K->715K(349568K), 0.1388801 secs] 432050K->715K(506816K), [Metaspace: 5350K->5350K(1056768K)], 0.1389652 secs] [Times: user=0.14 sys=0.00, real=0.14 secs] 
2018-03-17T00:18:31.982+0500: 1337.906: [GC (Allocation Failure) 2018-03-17T00:18:31.982+0500: 1337.906: [DefNew: 139776K->17472K(157248K), 0.2517045 secs] 140491K->140490K(506816K), 0.2517687 secs] [Times: user=0.25 sys=0.00, real=0.25 secs] 
2018-03-17T00:18:32.260+0500: 1338.185: [GC (Allocation Failure) 2018-03-17T00:18:32.260+0500: 1338.185: [DefNew: 157248K->17472K(157248K), 0.2625892 secs] 280266K->280229K(506816K), 0.2626516 secs] [Times: user=0.27 sys=0.00, real=0.26 secs] 
2018-03-17T00:18:32.553+0500: 1338.477: [GC (Allocation Failure) 2018-03-17T00:18:32.553+0500: 1338.477: [DefNew: 157248K->157248K(157248K), 0.0000218 secs]2018-03-17T00:18:32.553+0500: 1338.477: [Tenured: 262757K->205160K(349568K), 0.4862482 secs] 420005K->205160K(506816K), [Metaspace: 5350K->5350K(1056768K)], 0.4863679 secs] [Times: user=0.48 sys=0.00, real=0.49 secs] 
2018-03-17T00:18:33.071+0500: 1338.995: [GC (Allocation Failure) 2018-03-17T00:18:33.071+0500: 1338.995: [DefNew: 139776K->17472K(157248K), 0.2277687 secs] 344936K->344935K(506816K), 0.2278376 secs] [Times: user=0.22 sys=0.00, real=0.23 secs] 
2018-03-17T00:18:33.326+0500: 1339.250: [GC (Allocation Failure) 2018-03-17T00:18:33.326+0500: 1339.250: [DefNew: 157248K->157248K(157248K), 0.0000171 secs]2018-03-17T00:18:33.326+0500: 1339.250: [Tenured: 327463K->55022K(349568K), 0.2292903 secs] 484711K->55022K(506816K), [Metaspace: 5350K->5350K(1056768K)], 0.2293819 secs] [Times: user=0.23 sys=0.00, real=0.23 secs] 
2018-03-17T00:18:33.585+0500: 1339.509: [GC (Allocation Failure) 2018-03-17T00:18:33.585+0500: 1339.509: [DefNew: 139776K->17472K(157248K), 0.2586992 secs] 194798K->194797K(506816K), 0.2588001 secs] [Times: user=0.25 sys=0.00, real=0.26 secs] 
2018-03-17T00:18:33.870+0500: 1339.794: [GC (Allocation Failure) 2018-03-17T00:18:33.870+0500: 1339.794: [DefNew: 157248K->17471K(157248K), 0.2577738 secs] 334573K->334572K(506816K), 0.2578358 secs] [Times: user=0.25 sys=0.00, real=0.26 secs] 
2018-03-17T00:18:34.154+0500: 1340.078: [GC (Allocation Failure) 2018-03-17T00:18:34.154+0500: 1340.078: [DefNew: 157247K->157247K(157248K), 0.0000171 secs]2018-03-17T00:18:34.154+0500: 1340.078: [Tenured: 317100K->44659K(349568K), 0.2067697 secs] 474348K->44659K(506816K), [Metaspace: 5350K->5350K(1056768K)], 0.2068625 secs] [Times: user=0.20 sys=0.00, real=0.21 secs] 
2018-03-17T00:18:34.391+0500: 1340.315: [GC (Allocation Failure) 2018-03-17T00:18:34.391+0500: 1340.315: [DefNew: 139776K->17471K(157248K), 0.2646889 secs] 184435K->184434K(506816K), 0.2647509 secs] [Times: user=0.27 sys=0.00, real=0.26 secs] 
2018-03-17T00:18:34.683+0500: 1340.607: [GC (Allocation Failure) 2018-03-17T00:18:34.683+0500: 1340.607: [DefNew: 157247K->17472K(157248K), 0.2678429 secs] 324210K->324208K(506816K), 0.2679066 secs] [Times: user=0.27 sys=0.00, real=0.27 secs] 
2018-03-17T00:18:34.976+0500: 1340.901: [GC (Allocation Failure) 2018-03-17T00:18:34.976+0500: 1340.901: [DefNew: 157248K->157248K(157248K), 0.0000167 secs]2018-03-17T00:18:34.976+0500: 1340.901: [Tenured: 306736K->34272K(349568K), 0.1844060 secs] 463984K->34272K(506816K), [Metaspace: 5350K->5350K(1056768K)], 0.1844966 secs] [Times: user=0.17 sys=0.00, real=0.19 secs] 
2018-03-17T00:18:35.194+0500: 1341.118: [GC (Allocation Failure) 2018-03-17T00:18:35.194+0500: 1341.118: [DefNew: 139776K->17472K(157248K), 0.2681859 secs] 174048K->174046K(506816K), 0.2682470 secs] [Times: user=0.27 sys=0.00, real=0.27 secs] 
2018-03-17T00:18:35.489+0500: 1341.413: [GC (Allocation Failure) 2018-03-17T00:18:35.489+0500: 1341.413: [DefNew: 157248K->17472K(157248K), 0.2544308 secs] 313822K->313821K(506816K), 0.2545266 secs] [Times: user=0.27 sys=0.00, real=0.25 secs] 
2018-03-17T00:18:35.769+0500: 1341.693: [GC (Allocation Failure) 2018-03-17T00:18:35.769+0500: 1341.693: [DefNew: 157248K->157248K(157248K), 0.0000163 secs]2018-03-17T00:18:35.769+0500: 1341.693: [Tenured: 296349K->23908K(349568K), 0.1561740 secs] 453597K->23908K(506816K), [Metaspace: 5350K->5350K(1056768K)], 0.1562634 secs] [Times: user=0.16 sys=0.00, real=0.16 secs] 
2018-03-17T00:18:35.954+0500: 1341.878: [GC (Allocation Failure) 2018-03-17T00:18:35.954+0500: 1341.878: [DefNew: 139776K->17472K(157248K), 0.3733536 secs] 163684K->163683K(506816K), 0.3735469 secs] [Times: user=0.38 sys=0.00, real=0.37 secs] 
2018-03-17T00:18:36.378+0500: 1342.302: [GC (Allocation Failure) 2018-03-17T00:18:36.378+0500: 1342.302: [DefNew: 157248K->17472K(157248K), 0.3983636 secs] 303459K->303458K(506816K), 0.3984936 secs] [Times: user=0.41 sys=0.00, real=0.40 secs] 
2018-03-17T00:18:36.827+0500: 1342.750: [GC (Allocation Failure) 2018-03-17T00:18:36.827+0500: 1342.750: [DefNew: 146063K->146063K(157248K), 0.0000188 secs]2018-03-17T00:18:36.827+0500: 1342.750: [Tenured: 285986K->715K(349568K), 0.1998374 secs] 432050K->715K(506816K), [Metaspace: 5350K->5350K(1056768K)], 0.1999546 secs] [Times: user=0.20 sys=0.00, real=0.20 secs] 
2018-03-17T00:18:37.086+0500: 1343.010: [GC (Allocation Failure) 2018-03-17T00:18:37.086+0500: 1343.010: [DefNew: 139776K->17472K(157248K), 0.2894005 secs] 140491K->140490K(506816K), 0.2896190 secs] [Times: user=0.27 sys=0.00, real=0.29 secs] 
2018-03-17T00:18:37.408+0500: 1343.332: [GC (Allocation Failure) 2018-03-17T00:18:37.408+0500: 1343.332: [DefNew: 157248K->17472K(157248K), 0.3688264 secs] 280266K->280229K(506816K), 0.3688927 secs] [Times: user=0.38 sys=0.00, real=0.37 secs] 
2018-03-17T00:18:37.830+0500: 1343.754: [GC (Allocation Failure) 2018-03-17T00:18:37.830+0500: 1343.754: [DefNew: 157248K->157248K(157248K), 0.0000188 secs]2018-03-17T00:18:37.830+0500: 1343.754: [Tenured: 262757K->205160K(349568K), 0.7308434 secs] 420005K->205160K(506816K), [Metaspace: 5350K->5350K(1056768K)], 0.7309400 secs] [Times: user=0.72 sys=0.02, real=0.73 secs] 
2018-03-17T00:18:38.612+0500: 1344.536: [GC (Allocation Failure) 2018-03-17T00:18:38.612+0500: 1344.536: [DefNew: 139776K->17472K(157248K), 0.2984090 secs] 344936K->344935K(506816K), 0.2984800 secs] [Times: user=0.30 sys=0.00, real=0.30 secs] 
2018-03-17T00:18:38.959+0500: 1344.883: [GC (Allocation Failure) 2018-03-17T00:18:38.959+0500: 1344.883: [DefNew: 157248K->157248K(157248K), 0.0000167 secs]2018-03-17T00:18:38.959+0500: 1344.883: [Tenured: 327463K->55022K(349568K), 0.3204947 secs] 484711K->55022K(506816K), [Metaspace: 5350K->5350K(1056768K)], 0.3206128 secs] [Times: user=0.31 sys=0.00, real=0.32 secs] 
2018-03-17T00:18:39.330+0500: 1345.254: [GC (Allocation Failure) 2018-03-17T00:18:39.330+0500: 1345.254: [DefNew: 139776K->17472K(157248K), 0.3769313 secs] 194798K->194797K(506816K), 0.3771105 secs] [Times: user=0.36 sys=0.00, real=0.38 secs] 
2018-03-17T00:18:39.753+0500: 1345.677: [GC (Allocation Failure) 2018-03-17T00:18:39.753+0500: 1345.677: [DefNew: 157248K->17471K(157248K), 0.2795016 secs] 334573K->334572K(506816K), 0.2796410 secs] [Times: user=0.28 sys=0.00, real=0.28 secs] 
2018-03-17T00:18:40.059+0500: 1345.983: [GC (Allocation Failure) 2018-03-17T00:18:40.059+0500: 1345.983: [DefNew: 157247K->157247K(157248K), 0.0000163 secs]2018-03-17T00:18:40.059+0500: 1345.983: [Tenured: 317100K->44659K(349568K), 0.2045801 secs] 474348K->44659K(506816K), [Metaspace: 5350K->5350K(1056768K)], 0.2046793 secs] [Times: user=0.20 sys=0.00, real=0.20 secs] 
2018-03-17T00:18:40.294+0500: 1346.218: [GC (Allocation Failure) 2018-03-17T00:18:40.294+0500: 1346.218: [DefNew: 139776K->17471K(157248K), 0.2617693 secs] 184435K->184434K(506816K), 0.2618267 secs] [Times: user=0.27 sys=0.00, real=0.26 secs] 
2018-03-17T00:18:40.581+0500: 1346.506: [GC (Allocation Failure) 2018-03-17T00:18:40.581+0500: 1346.506: [DefNew: 157247K->17472K(157248K), 0.2564502 secs] 324210K->324208K(506816K), 0.2565071 secs] [Times: user=0.27 sys=0.00, real=0.26 secs] 
2018-03-17T00:18:40.864+0500: 1346.788: [GC (Allocation Failure) 2018-03-17T00:18:40.864+0500: 1346.788: [DefNew: 157248K->157248K(157248K), 0.0000163 secs]2018-03-17T00:18:40.864+0500: 1346.788: [Tenured: 306736K->34272K(349568K), 0.1792194 secs] 463984K->34272K(506816K), [Metaspace: 5350K->5350K(1056768K)], 0.1793207 secs] [Times: user=0.19 sys=0.00, real=0.18 secs] 
2018-03-17T00:18:41.074+0500: 1346.998: [GC (Allocation Failure) 2018-03-17T00:18:41.074+0500: 1346.998: [DefNew: 139776K->17472K(157248K), 0.2613806 secs] 174048K->174046K(506816K), 0.2614439 secs] [Times: user=0.27 sys=0.00, real=0.26 secs] 
2018-03-17T00:18:41.362+0500: 1347.286: [GC (Allocation Failure) 2018-03-17T00:18:41.362+0500: 1347.286: [DefNew: 157248K->17472K(157248K), 0.4329304 secs] 313822K->313821K(506816K), 0.4330160 secs] [Times: user=0.44 sys=0.00, real=0.43 secs] 
2018-03-17T00:18:41.855+0500: 1347.779: [GC (Allocation Failure) 2018-03-17T00:18:41.855+0500: 1347.779: [DefNew: 157248K->157248K(157248K), 0.0000205 secs]2018-03-17T00:18:41.855+0500: 1347.779: [Tenured: 296349K->23908K(349568K), 0.2427614 secs] 453597K->23908K(506816K), [Metaspace: 5350K->5350K(1056768K)], 0.2429830 secs] [Times: user=0.23 sys=0.00, real=0.24 secs] 
2018-03-17T00:18:42.166+0500: 1348.089: [GC (Allocation Failure) 2018-03-17T00:18:42.166+0500: 1348.089: [DefNew: 139776K->17472K(157248K), 0.3566032 secs] 163684K->163683K(506816K), 0.3567760 secs] [Times: user=0.34 sys=0.00, real=0.36 secs] 
2018-03-17T00:18:42.549+0500: 1348.473: [GC (Allocation Failure) 2018-03-17T00:18:42.549+0500: 1348.473: [DefNew: 157248K->17472K(157248K), 0.2644777 secs] 303459K->303458K(506816K), 0.2645410 secs] [Times: user=0.27 sys=0.00, real=0.26 secs] 
2018-03-17T00:18:42.839+0500: 1348.763: [GC (Allocation Failure) 2018-03-17T00:18:42.839+0500: 1348.763: [DefNew: 146063K->146063K(157248K), 0.0000158 secs]2018-03-17T00:18:42.839+0500: 1348.763: [Tenured: 285986K->715K(349568K), 0.1359729 secs] 432050K->715K(506816K), [Metaspace: 5350K->5350K(1056768K)], 0.1360589 secs] [Times: user=0.14 sys=0.00, real=0.14 secs] 
2018-03-17T00:18:43.001+0500: 1348.925: [GC (Allocation Failure) 2018-03-17T00:18:43.001+0500: 1348.925: [DefNew: 139776K->17472K(157248K), 0.2317943 secs] 140491K->140490K(506816K), 0.2318738 secs] [Times: user=0.23 sys=0.00, real=0.23 secs] 
2018-03-17T00:18:43.259+0500: 1349.184: [GC (Allocation Failure) 2018-03-17T00:18:43.259+0500: 1349.184: [DefNew: 157248K->17472K(157248K), 0.2625404 secs] 280266K->280229K(506816K), 0.2626067 secs] [Times: user=0.27 sys=0.00, real=0.26 secs] 
2018-03-17T00:18:43.553+0500: 1349.476: [GC (Allocation Failure) 2018-03-17T00:18:43.553+0500: 1349.476: [DefNew: 157248K->157248K(157248K), 0.0000163 secs]2018-03-17T00:18:43.553+0500: 1349.476: [Tenured: 262757K->205160K(349568K), 0.4770395 secs] 420005K->205160K(506816K), [Metaspace: 5350K->5350K(1056768K)], 0.4771485 secs] [Times: user=0.48 sys=0.00, real=0.48 secs] 
2018-03-17T00:18:44.061+0500: 1349.985: [GC (Allocation Failure) 2018-03-17T00:18:44.061+0500: 1349.985: [DefNew: 139776K->17472K(157248K), 0.2241080 secs] 344936K->344935K(506816K), 0.2241675 secs] [Times: user=0.22 sys=0.00, real=0.22 secs] 
2018-03-17T00:18:44.311+0500: 1350.235: [GC (Allocation Failure) 2018-03-17T00:18:44.311+0500: 1350.235: [DefNew: 157248K->157248K(157248K), 0.0000163 secs]2018-03-17T00:18:44.311+0500: 1350.235: [Tenured: 327463K->55022K(349568K), 0.2216093 secs] 484711K->55022K(506816K), [Metaspace: 5350K->5350K(1056768K)], 0.2216991 secs] [Times: user=0.22 sys=0.00, real=0.22 secs] 
2018-03-17T00:18:44.562+0500: 1350.486: [GC (Allocation Failure) 2018-03-17T00:18:44.562+0500: 1350.486: [DefNew: 139776K->17472K(157248K), 0.2554700 secs] 194798K->194797K(506816K), 0.2555372 secs] [Times: user=0.25 sys=0.00, real=0.25 secs] 
2018-03-17T00:18:44.842+0500: 1350.767: [GC (Allocation Failure) 2018-03-17T00:18:44.842+0500: 1350.767: [DefNew: 157248K->17471K(157248K), 0.2583558 secs] 334573K->334572K(506816K), 0.2584204 secs] [Times: user=0.26 sys=0.00, real=0.26 secs] 
2018-03-17T00:18:45.127+0500: 1351.051: [GC (Allocation Failure) 2018-03-17T00:18:45.128+0500: 1351.051: [DefNew: 157247K->157247K(157248K), 0.0000252 secs]2018-03-17T00:18:45.128+0500: 1351.051: [Tenured: 317100K->44659K(349568K), 0.2088968 secs] 474348K->44659K(506816K), [Metaspace: 5350K->5350K(1056768K)], 0.2090196 secs] [Times: user=0.22 sys=0.00, real=0.21 secs] 
2018-03-17T00:18:45.368+0500: 1351.292: [GC (Allocation Failure) 2018-03-17T00:18:45.368+0500: 1351.292: [DefNew: 139776K->17471K(157248K), 0.3566443 secs] 184435K->184434K(506816K), 0.3567072 secs] [Times: user=0.36 sys=0.00, real=0.36 secs] 
2018-03-17T00:18:45.757+0500: 1351.681: [GC (Allocation Failure) 2018-03-17T00:18:45.757+0500: 1351.681: [DefNew: 157247K->17472K(157248K), 0.3362687 secs] 324210K->324208K(506816K), 0.3363637 secs] [Times: user=0.33 sys=0.00, real=0.34 secs] 
2018-03-17T00:18:46.134+0500: 1352.059: [GC (Allocation Failure) 2018-03-17T00:18:46.134+0500: 1352.059: [DefNew: 157248K->157248K(157248K), 0.0000265 secs]2018-03-17T00:18:46.135+0500: 1352.059: [Tenured: 306736K->34272K(349568K), 0.1908220 secs] 463984K->34272K(506816K), [Metaspace: 5350K->5350K(1056768K)], 0.1909435 secs] [Times: user=0.19 sys=0.00, real=0.19 secs] 
2018-03-17T00:18:46.359+0500: 1352.284: [GC (Allocation Failure) 2018-03-17T00:18:46.359+0500: 1352.284: [DefNew: 139776K->17472K(157248K), 0.3111642 secs] 174048K->174046K(506816K), 0.3112433 secs] [Times: user=0.31 sys=0.00, real=0.31 secs] 
2018-03-17T00:18:46.703+0500: 1352.627: [GC (Allocation Failure) 2018-03-17T00:18:46.703+0500: 1352.627: [DefNew: 157248K->17472K(157248K), 0.2940953 secs] 313822K->313821K(506816K), 0.2941705 secs] [Times: user=0.30 sys=0.00, real=0.29 secs] 
2018-03-17T00:18:47.023+0500: 1352.947: [GC (Allocation Failure) 2018-03-17T00:18:47.023+0500: 1352.947: [DefNew: 157248K->157248K(157248K), 0.0000158 secs]2018-03-17T00:18:47.023+0500: 1352.947: [Tenured: 296349K->23908K(349568K), 0.1586569 secs] 453597K->23908K(506816K), [Metaspace: 5350K->5350K(1056768K)], 0.1587437 secs] [Times: user=0.16 sys=0.00, real=0.16 secs] 
2018-03-17T00:18:47.210+0500: 1353.134: [GC (Allocation Failure) 2018-03-17T00:18:47.210+0500: 1353.134: [DefNew: 139776K->17472K(157248K), 0.2764682 secs] 163684K->163683K(506816K), 0.2765354 secs] [Times: user=0.26 sys=0.00, real=0.28 secs] 
2018-03-17T00:18:47.514+0500: 1353.438: [GC (Allocation Failure) 2018-03-17T00:18:47.514+0500: 1353.438: [DefNew: 157248K->17472K(157248K), 0.2746939 secs] 303459K->303458K(506816K), 0.2747636 secs] [Times: user=0.28 sys=0.00, real=0.28 secs] 
2018-03-17T00:18:47.817+0500: 1353.740: [GC (Allocation Failure) 2018-03-17T00:18:47.817+0500: 1353.740: [DefNew: 146063K->146063K(157248K), 0.0000141 secs]2018-03-17T00:18:47.817+0500: 1353.741: [Tenured: 285986K->715K(349568K), 0.1374953 secs] 432050K->715K(506816K), [Metaspace: 5350K->5350K(1056768K)], 0.1375950 secs] [Times: user=0.14 sys=0.00, real=0.14 secs] 
2018-03-17T00:18:47.983+0500: 1353.906: [GC (Allocation Failure) 2018-03-17T00:18:47.983+0500: 1353.906: [DefNew: 139776K->17472K(157248K), 0.2425241 secs] 140491K->140490K(506816K), 0.2426023 secs] [Times: user=0.25 sys=0.00, real=0.24 secs] 
2018-03-17T00:18:48.253+0500: 1354.177: [GC (Allocation Failure) 2018-03-17T00:18:48.253+0500: 1354.177: [DefNew: 157248K->17472K(157248K), 0.2622885 secs] 280266K->280229K(506816K), 0.2623608 secs] [Times: user=0.26 sys=0.00, real=0.26 secs] 
2018-03-17T00:18:48.549+0500: 1354.473: [GC (Allocation Failure) 2018-03-17T00:18:48.549+0500: 1354.473: [DefNew: 157248K->157248K(157248K), 0.0000167 secs]2018-03-17T00:18:48.549+0500: 1354.473: [Tenured: 262757K->205160K(349568K), 0.5081466 secs] 420005K->205160K(506816K), [Metaspace: 5350K->5350K(1056768K)], 0.5082390 secs] [Times: user=0.52 sys=0.00, real=0.51 secs] 
2018-03-17T00:18:49.083+0500: 1355.007: [GC (Allocation Failure) 2018-03-17T00:18:49.083+0500: 1355.007: [DefNew: 139776K->17472K(157248K), 0.2295144 secs] 344936K->344935K(506816K), 0.2295773 secs] [Times: user=0.23 sys=0.00, real=0.23 secs] 
2018-03-17T00:18:49.340+0500: 1355.264: [GC (Allocation Failure) 2018-03-17T00:18:49.340+0500: 1355.264: [DefNew: 157248K->157248K(157248K), 0.0000163 secs]2018-03-17T00:18:49.340+0500: 1355.264: [Tenured: 327463K->55022K(349568K), 0.2227070 secs] 484711K->55022K(506816K), [Metaspace: 5350K->5350K(1056768K)], 0.2228054 secs] [Times: user=0.22 sys=0.00, real=0.22 secs] 
2018-03-17T00:18:49.592+0500: 1355.515: [GC (Allocation Failure) 2018-03-17T00:18:49.592+0500: 1355.515: [DefNew: 139776K->17472K(157248K), 0.2811904 secs] 194798K->194797K(506816K), 0.2812708 secs] [Times: user=0.28 sys=0.00, real=0.28 secs] 
2018-03-17T00:18:49.901+0500: 1355.825: [GC (Allocation Failure) 2018-03-17T00:18:49.901+0500: 1355.825: [DefNew: 157248K->17471K(157248K), 0.2688333 secs] 334573K->334572K(506816K), 0.2688953 secs] [Times: user=0.27 sys=0.00, real=0.27 secs] 
2018-03-17T00:18:50.195+0500: 1356.119: [GC (Allocation Failure) 2018-03-17T00:18:50.195+0500: 1356.119: [DefNew: 157247K->157247K(157248K), 0.0000175 secs]2018-03-17T00:18:50.195+0500: 1356.119: [Tenured: 317100K->44659K(349568K), 0.1992614 secs] 474348K->44659K(506816K), [Metaspace: 5350K->5350K(1056768K)], 0.1993631 secs] [Times: user=0.19 sys=0.00, real=0.20 secs] 
2018-03-17T00:18:50.425+0500: 1356.349: [GC (Allocation Failure) 2018-03-17T00:18:50.425+0500: 1356.349: [DefNew: 139776K->17471K(157248K), 0.2585927 secs] 184435K->184434K(506816K), 0.2586761 secs] [Times: user=0.27 sys=0.00, real=0.26 secs] 
2018-03-17T00:18:50.711+0500: 1356.635: [GC (Allocation Failure) 2018-03-17T00:18:50.711+0500: 1356.635: [DefNew: 157247K->17472K(157248K), 0.2625113 secs] 324210K->324208K(506816K), 0.2625716 secs] [Times: user=0.25 sys=0.00, real=0.26 secs] 
2018-03-17T00:18:51.001+0500: 1356.924: [GC (Allocation Failure) 2018-03-17T00:18:51.001+0500: 1356.925: [DefNew: 157248K->157248K(157248K), 0.0000381 secs]2018-03-17T00:18:51.001+0500: 1356.925: [Tenured: 306736K->34272K(349568K), 0.1824712 secs] 463984K->34272K(506816K), [Metaspace: 5350K->5350K(1056768K)], 0.1825889 secs] [Times: user=0.19 sys=0.00, real=0.18 secs] 
2018-03-17T00:18:51.214+0500: 1357.138: [GC (Allocation Failure) 2018-03-17T00:18:51.214+0500: 1357.138: [DefNew: 139776K->17472K(157248K), 0.2721216 secs] 174048K->174046K(506816K), 0.2721853 secs] [Times: user=0.26 sys=0.00, real=0.27 secs] 
2018-03-17T00:18:51.512+0500: 1357.436: [GC (Allocation Failure) 2018-03-17T00:18:51.512+0500: 1357.436: [DefNew: 157248K->17472K(157248K), 0.2568543 secs] 313822K->313821K(506816K), 0.2569313 secs] [Times: user=0.24 sys=0.00, real=0.26 secs] 
2018-03-17T00:18:51.803+0500: 1357.728: [GC (Allocation Failure) 2018-03-17T00:18:51.803+0500: 1357.728: [DefNew: 157248K->157248K(157248K), 0.0000210 secs]2018-03-17T00:18:51.803+0500: 1357.728: [Tenured: 296349K->23908K(349568K), 0.1785655 secs] 453597K->23908K(506816K), [Metaspace: 5350K->5350K(1056768K)], 0.1786673 secs] [Times: user=0.17 sys=0.00, real=0.18 secs] 
2018-03-17T00:18:52.019+0500: 1357.942: [GC (Allocation Failure) 2018-03-17T00:18:52.019+0500: 1357.942: [DefNew: 139776K->17472K(157248K), 0.2912535 secs] 163684K->163683K(506816K), 0.2913373 secs] [Times: user=0.28 sys=0.00, real=0.29 secs] 
2018-03-17T00:18:52.344+0500: 1358.268: [GC (Allocation Failure) 2018-03-17T00:18:52.344+0500: 1358.268: [DefNew: 157248K->17472K(157248K), 0.2898388 secs] 303459K->303458K(506816K), 0.2899017 secs] [Times: user=0.27 sys=0.00, real=0.29 secs] 
2018-03-17T00:18:52.662+0500: 1358.586: [GC (Allocation Failure) 2018-03-17T00:18:52.662+0500: 1358.586: [DefNew: 146063K->146063K(157248K), 0.0000227 secs]2018-03-17T00:18:52.662+0500: 1358.586: [Tenured: 285986K->715K(349568K), 0.1391957 secs] 432050K->715K(506816K), [Metaspace: 5350K->5350K(1056768K)], 0.1393030 secs] [Times: user=0.14 sys=0.00, real=0.14 secs] 
2018-03-17T00:18:52.830+0500: 1358.754: [GC (Allocation Failure) 2018-03-17T00:18:52.830+0500: 1358.754: [DefNew: 139776K->17472K(157248K), 0.2305335 secs] 140491K->140490K(506816K), 0.2305947 secs] [Times: user=0.24 sys=0.00, real=0.23 secs] 
2018-03-17T00:18:53.087+0500: 1359.011: [GC (Allocation Failure) 2018-03-17T00:18:53.087+0500: 1359.011: [DefNew: 157248K->17472K(157248K), 0.2653270 secs] 280266K->280229K(506816K), 0.2653869 secs] [Times: user=0.27 sys=0.00, real=0.27 secs] 
2018-03-17T00:18:53.381+0500: 1359.306: [GC (Allocation Failure) 2018-03-17T00:18:53.381+0500: 1359.306: [DefNew: 157248K->157248K(157248K), 0.0000171 secs]2018-03-17T00:18:53.381+0500: 1359.306: [Tenured: 262757K->205160K(349568K), 0.4830993 secs] 420005K->205160K(506816K), [Metaspace: 5350K->5350K(1056768K)], 0.4831930 secs] [Times: user=0.47 sys=0.00, real=0.48 secs] 
2018-03-17T00:18:53.891+0500: 1359.815: [GC (Allocation Failure) 2018-03-17T00:18:53.891+0500: 1359.815: [DefNew: 139776K->17472K(157248K), 0.2233879 secs] 344936K->344935K(506816K), 0.2234576 secs] [Times: user=0.22 sys=0.00, real=0.22 secs] 
2018-03-17T00:18:54.140+0500: 1360.064: [GC (Allocation Failure) 2018-03-17T00:18:54.141+0500: 1360.064: [DefNew: 157248K->157248K(157248K), 0.0000214 secs]2018-03-17T00:18:54.141+0500: 1360.064: [Tenured: 327463K->55022K(349568K), 0.2208108 secs] 484711K->55022K(506816K), [Metaspace: 5350K->5350K(1056768K)], 0.2209199 secs] [Times: user=0.22 sys=0.00, real=0.22 secs] 
2018-03-17T00:18:54.392+0500: 1360.317: [GC (Allocation Failure) 2018-03-17T00:18:54.392+0500: 1360.317: [DefNew: 139776K->17472K(157248K), 0.2551437 secs] 194798K->194797K(506816K), 0.2552087 secs] [Times: user=0.27 sys=0.00, real=0.26 secs] 
2018-03-17T00:18:54.674+0500: 1360.598: [GC (Allocation Failure) 2018-03-17T00:18:54.674+0500: 1360.598: [DefNew: 157248K->17471K(157248K), 0.2560568 secs] 334573K->334572K(506816K), 0.2561496 secs] [Times: user=0.27 sys=0.00, real=0.26 secs] 
2018-03-17T00:18:54.957+0500: 1360.880: [GC (Allocation Failure) 2018-03-17T00:18:54.957+0500: 1360.880: [DefNew: 157247K->157247K(157248K), 0.0000171 secs]2018-03-17T00:18:54.957+0500: 1360.880: [Tenured: 317100K->44659K(349568K), 0.2030585 secs] 474348K->44659K(506816K), [Metaspace: 5350K->5350K(1056768K)], 0.2031483 secs] [Times: user=0.20 sys=0.00, real=0.20 secs] 
2018-03-17T00:18:55.189+0500: 1361.113: [GC (Allocation Failure) 2018-03-17T00:18:55.189+0500: 1361.113: [DefNew: 139776K->17471K(157248K), 0.2578867 secs] 184435K->184434K(506816K), 0.2579504 secs] [Times: user=0.26 sys=0.00, real=0.26 secs] 
2018-03-17T00:18:55.473+0500: 1361.397: [GC (Allocation Failure) 2018-03-17T00:18:55.473+0500: 1361.397: [DefNew: 157247K->17472K(157248K), 0.2534866 secs] 324210K->324208K(506816K), 0.2535503 secs] [Times: user=0.27 sys=0.00, real=0.25 secs] 
2018-03-17T00:18:55.753+0500: 1361.677: [GC (Allocation Failure) 2018-03-17T00:18:55.753+0500: 1361.677: [DefNew: 157248K->157248K(157248K), 0.0000163 secs]2018-03-17T00:18:55.753+0500: 1361.677: [Tenured: 306736K->34272K(349568K), 0.1790761 secs] 463984K->34272K(506816K), [Metaspace: 5350K->5350K(1056768K)], 0.1791655 secs] [Times: user=0.19 sys=0.00, real=0.18 secs] 
2018-03-17T00:18:55.962+0500: 1361.886: [GC (Allocation Failure) 2018-03-17T00:18:55.962+0500: 1361.886: [DefNew: 139776K->17472K(157248K), 0.2600840 secs] 174048K->174046K(506816K), 0.2601464 secs] [Times: user=0.25 sys=0.00, real=0.26 secs] 
2018-03-17T00:18:56.249+0500: 1362.172: [GC (Allocation Failure) 2018-03-17T00:18:56.249+0500: 1362.172: [DefNew: 157248K->17472K(157248K), 0.2510511 secs] 313822K->313821K(506816K), 0.2511114 secs] [Times: user=0.23 sys=0.00, real=0.25 secs] 
2018-03-17T00:18:56.525+0500: 1362.448: [GC (Allocation Failure) 2018-03-17T00:18:56.525+0500: 1362.448: [DefNew: 157248K->157248K(157248K), 0.0000163 secs]2018-03-17T00:18:56.525+0500: 1362.449: [Tenured: 296349K->23908K(349568K), 0.1553046 secs] 453597K->23908K(506816K), [Metaspace: 5350K->5350K(1056768K)], 0.1553935 secs] [Times: user=0.16 sys=0.00, real=0.15 secs] 
2018-03-17T00:18:56.708+0500: 1362.632: [GC (Allocation Failure) 2018-03-17T00:18:56.708+0500: 1362.632: [DefNew: 139776K->17472K(157248K), 0.2579059 secs] 163684K->163683K(506816K), 0.2579679 secs] [Times: user=0.26 sys=0.00, real=0.26 secs] 
2018-03-17T00:18:56.991+0500: 1362.915: [GC (Allocation Failure) 2018-03-17T00:18:56.991+0500: 1362.915: [DefNew: 157248K->17472K(157248K), 0.2544569 secs] 303459K->303458K(506816K), 0.2545206 secs] [Times: user=0.25 sys=0.00, real=0.26 secs] 
2018-03-17T00:18:57.273+0500: 1363.197: [GC (Allocation Failure) 2018-03-17T00:18:57.273+0500: 1363.197: [DefNew: 146063K->146063K(157248K), 0.0000175 secs]2018-03-17T00:18:57.273+0500: 1363.197: [Tenured: 285986K->715K(349568K), 0.1371186 secs] 432050K->715K(506816K), [Metaspace: 5350K->5350K(1056768K)], 0.1372050 secs] [Times: user=0.13 sys=0.00, real=0.14 secs] 
2018-03-17T00:18:57.435+0500: 1363.360: [GC (Allocation Failure) 2018-03-17T00:18:57.435+0500: 1363.360: [DefNew: 139776K->17472K(157248K), 0.2235239 secs] 140491K->140490K(506816K), 0.2235850 secs] [Times: user=0.22 sys=0.00, real=0.23 secs] 
2018-03-17T00:18:57.685+0500: 1363.609: [GC (Allocation Failure) 2018-03-17T00:18:57.685+0500: 1363.609: [DefNew: 157248K->17472K(157248K), 0.2568590 secs] 280266K->280229K(506816K), 0.2569236 secs] [Times: user=0.25 sys=0.00, real=0.26 secs] 
2018-03-17T00:18:57.970+0500: 1363.894: [GC (Allocation Failure) 2018-03-17T00:18:57.970+0500: 1363.894: [DefNew: 157248K->157248K(157248K), 0.0000171 secs]2018-03-17T00:18:57.970+0500: 1363.894: [Tenured: 262757K->205160K(349568K), 0.4723413 secs] 420005K->205160K(506816K), [Metaspace: 5350K->5350K(1056768K)], 0.4724324 secs] [Times: user=0.47 sys=0.00, real=0.47 secs] 
2018-03-17T00:18:58.468+0500: 1364.392: [GC (Allocation Failure) 2018-03-17T00:18:58.468+0500: 1364.392: [DefNew: 139776K->17472K(157248K), 0.2284906 secs] 344936K->344935K(506816K), 0.2285556 secs] [Times: user=0.24 sys=0.00, real=0.23 secs] 
2018-03-17T00:18:58.724+0500: 1364.648: [GC (Allocation Failure) 2018-03-17T00:18:58.724+0500: 1364.648: [DefNew: 157248K->157248K(157248K), 0.0000316 secs]2018-03-17T00:18:58.724+0500: 1364.648: [Tenured: 327463K->55022K(349568K), 0.2319576 secs] 484711K->55022K(506816K), [Metaspace: 5350K->5350K(1056768K)], 0.2320975 secs] [Times: user=0.24 sys=0.00, real=0.23 secs] 
2018-03-17T00:18:58.984+0500: 1364.909: [GC (Allocation Failure) 2018-03-17T00:18:58.985+0500: 1364.909: [DefNew: 139776K->17472K(157248K), 0.2587463 secs] 194798K->194797K(506816K), 0.2588878 secs] [Times: user=0.27 sys=0.00, real=0.26 secs] 
2018-03-17T00:18:59.275+0500: 1365.199: [GC (Allocation Failure) 2018-03-17T00:18:59.275+0500: 1365.199: [DefNew: 157248K->17471K(157248K), 0.2516647 secs] 334573K->334572K(506816K), 0.2517319 secs] [Times: user=0.23 sys=0.00, real=0.25 secs] 
2018-03-17T00:18:59.552+0500: 1365.476: [GC (Allocation Failure) 2018-03-17T00:18:59.552+0500: 1365.476: [DefNew: 157247K->157247K(157248K), 0.0000368 secs]2018-03-17T00:18:59.553+0500: 1365.476: [Tenured: 317100K->44659K(349568K), 0.2079072 secs] 474348K->44659K(506816K), [Metaspace: 5350K->5350K(1056768K)], 0.2080236 secs] [Times: user=0.22 sys=0.00, real=0.21 secs] 
2018-03-17T00:18:59.789+0500: 1365.713: [GC (Allocation Failure) 2018-03-17T00:18:59.789+0500: 1365.713: [DefNew: 139776K->17471K(157248K), 0.2620328 secs] 184435K->184434K(506816K), 0.2620986 secs] [Times: user=0.25 sys=0.00, real=0.26 secs] 
2018-03-17T00:19:00.078+0500: 1366.002: [GC (Allocation Failure) 2018-03-17T00:19:00.078+0500: 1366.002: [DefNew: 157247K->17472K(157248K), 0.2520141 secs] 324210K->324208K(506816K), 0.2520950 secs] [Times: user=0.25 sys=0.00, real=0.25 secs] 
2018-03-17T00:19:00.361+0500: 1366.285: [GC (Allocation Failure) 2018-03-17T00:19:00.361+0500: 1366.285: [DefNew: 157248K->157248K(157248K), 0.0000167 secs]2018-03-17T00:19:00.361+0500: 1366.285: [Tenured: 306736K->34272K(349568K), 0.1801020 secs] 463984K->34272K(506816K), [Metaspace: 5350K->5350K(1056768K)], 0.1801927 secs] [Times: user=0.19 sys=0.00, real=0.18 secs] 
2018-03-17T00:19:00.571+0500: 1366.494: [GC (Allocation Failure) 2018-03-17T00:19:00.571+0500: 1366.494: [DefNew: 139776K->17472K(157248K), 0.2557565 secs] 174048K->174046K(506816K), 0.2558173 secs] [Times: user=0.25 sys=0.00, real=0.25 secs] 
2018-03-17T00:19:00.852+0500: 1366.776: [GC (Allocation Failure) 2018-03-17T00:19:00.852+0500: 1366.776: [DefNew: 157248K->17472K(157248K), 0.2563330 secs] 313822K->313821K(506816K), 0.2563933 secs] [Times: user=0.25 sys=0.00, real=0.26 secs] 
2018-03-17T00:19:01.134+0500: 1367.058: [GC (Allocation Failure) 2018-03-17T00:19:01.134+0500: 1367.058: [DefNew: 157248K->157248K(157248K), 0.0000171 secs]2018-03-17T00:19:01.134+0500: 1367.058: [Tenured: 296349K->23908K(349568K), 0.1571405 secs] 453597K->23908K(506816K), [Metaspace: 5350K->5350K(1056768K)], 0.1572431 secs] [Times: user=0.16 sys=0.00, real=0.16 secs] 
2018-03-17T00:19:01.319+0500: 1367.243: [GC (Allocation Failure) 2018-03-17T00:19:01.319+0500: 1367.243: [DefNew: 139776K->17472K(157248K), 0.2562017 secs] 163684K->163683K(506816K), 0.2562642 secs] [Times: user=0.25 sys=0.00, real=0.26 secs] 
2018-03-17T00:19:01.600+0500: 1367.524: [GC (Allocation Failure) 2018-03-17T00:19:01.600+0500: 1367.524: [DefNew: 157248K->17472K(157248K), 0.2648386 secs] 303459K->303458K(506816K), 0.2649015 secs] [Times: user=0.27 sys=0.00, real=0.27 secs] 
2018-03-17T00:19:01.893+0500: 1367.816: [GC (Allocation Failure) 2018-03-17T00:19:01.893+0500: 1367.816: [DefNew: 146063K->146063K(157248K), 0.0000167 secs]2018-03-17T00:19:01.893+0500: 1367.816: [Tenured: 285986K->715K(349568K), 0.1384054 secs] 432050K->715K(506816K), [Metaspace: 5350K->5350K(1056768K)], 0.1384909 secs] [Times: user=0.11 sys=0.00, real=0.14 secs] 
2018-03-17T00:19:02.065+0500: 1367.988: [GC (Allocation Failure) 2018-03-17T00:19:02.065+0500: 1367.988: [DefNew: 139776K->17472K(157248K), 0.2380936 secs] 140491K->140490K(506816K), 0.2381624 secs] [Times: user=0.25 sys=0.00, real=0.24 secs] 
2018-03-17T00:19:02.331+0500: 1368.255: [GC (Allocation Failure) 2018-03-17T00:19:02.331+0500: 1368.255: [DefNew: 157248K->17472K(157248K), 0.2635770 secs] 280266K->280229K(506816K), 0.2636416 secs] [Times: user=0.27 sys=0.00, real=0.26 secs] 
2018-03-17T00:19:02.624+0500: 1368.548: [GC (Allocation Failure) 2018-03-17T00:19:02.624+0500: 1368.548: [DefNew: 157248K->157248K(157248K), 0.0000163 secs]2018-03-17T00:19:02.624+0500: 1368.548: [Tenured: 262757K->205160K(349568K), 0.4980039 secs] 420005K->205160K(506816K), [Metaspace: 5350K->5350K(1056768K)], 0.4980972 secs] [Times: user=0.48 sys=0.00, real=0.50 secs] 
2018-03-17T00:19:03.148+0500: 1369.072: [GC (Allocation Failure) 2018-03-17T00:19:03.148+0500: 1369.072: [DefNew: 139776K->17472K(157248K), 0.2265688 secs] 344936K->344935K(506816K), 0.2266427 secs] [Times: user=0.22 sys=0.00, real=0.23 secs] 
2018-03-17T00:19:03.402+0500: 1369.325: [GC (Allocation Failure) 2018-03-17T00:19:03.402+0500: 1369.325: [DefNew: 157248K->157248K(157248K), 0.0000171 secs]2018-03-17T00:19:03.402+0500: 1369.325: [Tenured: 327463K->55022K(349568K), 0.2282289 secs] 484711K->55022K(506816K), [Metaspace: 5350K->5350K(1056768K)], 0.2283234 secs] [Times: user=0.22 sys=0.00, real=0.23 secs] 
2018-03-17T00:19:03.660+0500: 1369.584: [GC (Allocation Failure) 2018-03-17T00:19:03.660+0500: 1369.584: [DefNew: 139776K->17472K(157248K), 0.2667310 secs] 194798K->194797K(506816K), 0.2667900 secs] [Times: user=0.27 sys=0.00, real=0.27 secs] 
2018-03-17T00:19:03.954+0500: 1369.878: [GC (Allocation Failure) 2018-03-17T00:19:03.954+0500: 1369.878: [DefNew: 157248K->17471K(157248K), 0.2589451 secs] 334573K->334572K(506816K), 0.2590204 secs] [Times: user=0.27 sys=0.00, real=0.26 secs] 
2018-03-17T00:19:04.240+0500: 1370.164: [GC (Allocation Failure) 2018-03-17T00:19:04.240+0500: 1370.164: [DefNew: 157247K->157247K(157248K), 0.0000210 secs]2018-03-17T00:19:04.240+0500: 1370.164: [Tenured: 317100K->44659K(349568K), 0.2041764 secs] 474348K->44659K(506816K), [Metaspace: 5350K->5350K(1056768K)], 0.2042799 secs] [Times: user=0.20 sys=0.00, real=0.20 secs] 
2018-03-17T00:19:04.473+0500: 1370.398: [GC (Allocation Failure) 2018-03-17T00:19:04.473+0500: 1370.398: [DefNew: 139776K->17471K(157248K), 0.2561791 secs] 184435K->184434K(506816K), 0.2562441 secs] [Times: user=0.27 sys=0.00, real=0.26 secs] 
2018-03-17T00:19:04.756+0500: 1370.680: [GC (Allocation Failure) 2018-03-17T00:19:04.757+0500: 1370.680: [DefNew: 157247K->17472K(157248K), 0.2518405 secs] 324210K->324208K(506816K), 0.2519538 secs] [Times: user=0.25 sys=0.00, real=0.25 secs] 
2018-03-17T00:19:05.034+0500: 1370.958: [GC (Allocation Failure) 2018-03-17T00:19:05.034+0500: 1370.958: [DefNew: 157248K->157248K(157248K), 0.0000163 secs]2018-03-17T00:19:05.034+0500: 1370.958: [Tenured: 306736K->34272K(349568K), 0.1770533 secs] 463984K->34272K(506816K), [Metaspace: 5350K->5350K(1056768K)], 0.1771423 secs] [Times: user=0.19 sys=0.00, real=0.18 secs] 
2018-03-17T00:19:05.241+0500: 1371.165: [GC (Allocation Failure) 2018-03-17T00:19:05.241+0500: 1371.165: [DefNew: 139776K->17472K(157248K), 0.2582190 secs] 174048K->174046K(506816K), 0.2582814 secs] [Times: user=0.25 sys=0.00, real=0.26 secs] 
2018-03-17T00:19:05.525+0500: 1371.449: [GC (Allocation Failure) 2018-03-17T00:19:05.525+0500: 1371.449: [DefNew: 157248K->17472K(157248K), 0.2519611 secs] 313822K->313821K(506816K), 0.2520505 secs] [Times: user=0.25 sys=0.00, real=0.25 secs] 
2018-03-17T00:19:05.803+0500: 1371.727: [GC (Allocation Failure) 2018-03-17T00:19:05.803+0500: 1371.727: [DefNew: 157248K->157248K(157248K), 0.0000184 secs]2018-03-17T00:19:05.803+0500: 1371.728: [Tenured: 296349K->23908K(349568K), 0.1567851 secs] 453597K->23908K(506816K), [Metaspace: 5350K->5350K(1056768K)], 0.1568796 secs] [Times: user=0.16 sys=0.00, real=0.16 secs] 
2018-03-17T00:19:05.989+0500: 1371.913: [GC (Allocation Failure) 2018-03-17T00:19:05.989+0500: 1371.913: [DefNew: 139776K->17472K(157248K), 0.2769455 secs] 163684K->163683K(506816K), 0.2770084 secs] [Times: user=0.27 sys=0.00, real=0.28 secs] 
2018-03-17T00:19:06.296+0500: 1372.220: [GC (Allocation Failure) 2018-03-17T00:19:06.296+0500: 1372.220: [DefNew: 157248K->17472K(157248K), 0.2657127 secs] 303459K->303458K(506816K), 0.2657748 secs] [Times: user=0.26 sys=0.00, real=0.27 secs] 
2018-03-17T00:19:06.588+0500: 1372.511: [GC (Allocation Failure) 2018-03-17T00:19:06.588+0500: 1372.511: [DefNew: 146063K->146063K(157248K), 0.0000167 secs]2018-03-17T00:19:06.588+0500: 1372.511: [Tenured: 285986K->715K(349568K), 0.1364904 secs] 432050K->715K(506816K), [Metaspace: 5350K->5350K(1056768K)], 0.1365785 secs] [Times: user=0.13 sys=0.00, real=0.14 secs] 
2018-03-17T00:19:06.750+0500: 1372.674: [GC (Allocation Failure) 2018-03-17T00:19:06.750+0500: 1372.674: [DefNew: 139776K->17472K(157248K), 0.2328133 secs] 140491K->140490K(506816K), 0.2328766 secs] [Times: user=0.23 sys=0.00, real=0.23 secs] 
2018-03-17T00:19:07.010+0500: 1372.934: [GC (Allocation Failure) 2018-03-17T00:19:07.010+0500: 1372.934: [DefNew: 157248K->17472K(157248K), 0.2701937 secs] 280266K->280229K(506816K), 0.2702596 secs] [Times: user=0.26 sys=0.00, real=0.27 secs] 
2018-03-17T00:19:07.310+0500: 1373.234: [GC (Allocation Failure) 2018-03-17T00:19:07.310+0500: 1373.234: [DefNew: 157248K->157248K(157248K), 0.0000214 secs]2018-03-17T00:19:07.310+0500: 1373.234: [Tenured: 262757K->205160K(349568K), 0.4885750 secs] 420005K->205160K(506816K), [Metaspace: 5350K->5350K(1056768K)], 0.4886995 secs] [Times: user=0.49 sys=0.00, real=0.49 secs] 
2018-03-17T00:19:07.834+0500: 1373.757: [GC (Allocation Failure) 2018-03-17T00:19:07.834+0500: 1373.757: [DefNew: 139776K->17472K(157248K), 0.3645820 secs] 344936K->344935K(506816K), 0.3646555 secs] [Times: user=0.38 sys=0.00, real=0.36 secs] 
2018-03-17T00:19:08.226+0500: 1374.150: [GC (Allocation Failure) 2018-03-17T00:19:08.226+0500: 1374.150: [DefNew: 157248K->157248K(157248K), 0.0000261 secs]2018-03-17T00:19:08.226+0500: 1374.150: [Tenured: 327463K->55022K(349568K), 0.2558160 secs] 484711K->55022K(506816K), [Metaspace: 5350K->5350K(1056768K)], 0.2559344 secs] [Times: user=0.25 sys=0.00, real=0.26 secs] 
2018-03-17T00:19:08.518+0500: 1374.442: [GC (Allocation Failure) 2018-03-17T00:19:08.518+0500: 1374.442: [DefNew: 139776K->17472K(157248K), 0.2975353 secs] 194798K->194797K(506816K), 0.2976003 secs] [Times: user=0.30 sys=0.00, real=0.30 secs] 
2018-03-17T00:19:08.841+0500: 1374.765: [GC (Allocation Failure) 2018-03-17T00:19:08.841+0500: 1374.765: [DefNew: 157248K->17471K(157248K), 0.2530619 secs] 334573K->334572K(506816K), 0.2531226 secs] [Times: user=0.25 sys=0.00, real=0.25 secs] 
2018-03-17T00:19:09.120+0500: 1375.044: [GC (Allocation Failure) 2018-03-17T00:19:09.120+0500: 1375.044: [DefNew: 157247K->157247K(157248K), 0.0000154 secs]2018-03-17T00:19:09.120+0500: 1375.044: [Tenured: 317100K->44659K(349568K), 0.2010661 secs] 474348K->44659K(506816K), [Metaspace: 5350K->5350K(1056768K)], 0.2011554 secs] [Times: user=0.20 sys=0.00, real=0.20 secs] 
2018-03-17T00:19:09.350+0500: 1375.274: [GC (Allocation Failure) 2018-03-17T00:19:09.350+0500: 1375.274: [DefNew: 139776K->17471K(157248K), 0.2553516 secs] 184435K->184434K(506816K), 0.2554332 secs] [Times: user=0.25 sys=0.00, real=0.26 secs] 
2018-03-17T00:19:09.631+0500: 1375.555: [GC (Allocation Failure) 2018-03-17T00:19:09.631+0500: 1375.555: [DefNew: 157247K->17472K(157248K), 0.2532355 secs] 324210K->324208K(506816K), 0.2532975 secs] [Times: user=0.25 sys=0.00, real=0.25 secs] 
2018-03-17T00:19:09.911+0500: 1375.836: [GC (Allocation Failure) 2018-03-17T00:19:09.911+0500: 1375.836: [DefNew: 157248K->157248K(157248K), 0.0000535 secs]2018-03-17T00:19:09.912+0500: 1375.836: [Tenured: 306736K->34272K(349568K), 0.1784098 secs] 463984K->34272K(506816K), [Metaspace: 5350K->5350K(1056768K)], 0.1785390 secs] [Times: user=0.17 sys=0.02, real=0.18 secs] 
2018-03-17T00:19:10.119+0500: 1376.043: [GC (Allocation Failure) 2018-03-17T00:19:10.119+0500: 1376.043: [DefNew: 139776K->17472K(157248K), 0.2568124 secs] 174048K->174046K(506816K), 0.2568924 secs] [Times: user=0.25 sys=0.00, real=0.26 secs] 
2018-03-17T00:19:10.403+0500: 1376.326: [GC (Allocation Failure) 2018-03-17T00:19:10.403+0500: 1376.326: [DefNew: 157248K->17472K(157248K), 0.2516301 secs] 313822K->313821K(506816K), 0.2516934 secs] [Times: user=0.25 sys=0.00, real=0.25 secs] 
2018-03-17T00:19:10.680+0500: 1376.604: [GC (Allocation Failure) 2018-03-17T00:19:10.680+0500: 1376.604: [DefNew: 157248K->157248K(157248K), 0.0000163 secs]2018-03-17T00:19:10.680+0500: 1376.604: [Tenured: 296349K->23908K(349568K), 0.1572059 secs] 453597K->23908K(506816K), [Metaspace: 5350K->5350K(1056768K)], 0.1572953 secs] [Times: user=0.16 sys=0.00, real=0.16 secs] 
2018-03-17T00:19:10.866+0500: 1376.789: [GC (Allocation Failure) 2018-03-17T00:19:10.866+0500: 1376.789: [DefNew: 139776K->17472K(157248K), 0.2592077 secs] 163684K->163683K(506816K), 0.2592877 secs] [Times: user=0.25 sys=0.00, real=0.26 secs] 
2018-03-17T00:19:11.150+0500: 1377.074: [GC (Allocation Failure) 2018-03-17T00:19:11.150+0500: 1377.074: [DefNew: 157248K->17472K(157248K), 0.2558425 secs] 303459K->303458K(506816K), 0.2559054 secs] [Times: user=0.25 sys=0.00, real=0.26 secs] 
2018-03-17T00:19:11.431+0500: 1377.355: [GC (Allocation Failure) 2018-03-17T00:19:11.431+0500: 1377.355: [DefNew: 146063K->146063K(157248K), 0.0000158 secs]2018-03-17T00:19:11.431+0500: 1377.356: [Tenured: 285986K->715K(349568K), 0.1373033 secs] 432050K->715K(506816K), [Metaspace: 5350K->5350K(1056768K)], 0.1374030 secs] [Times: user=0.13 sys=0.00, real=0.14 secs] 
2018-03-17T00:19:11.594+0500: 1377.518: [GC (Allocation Failure) 2018-03-17T00:19:11.594+0500: 1377.518: [DefNew: 139776K->17472K(157248K), 0.2237334 secs] 140491K->140490K(506816K), 0.2237993 secs] [Times: user=0.22 sys=0.00, real=0.22 secs] 
2018-03-17T00:19:11.844+0500: 1377.768: [GC (Allocation Failure) 2018-03-17T00:19:11.844+0500: 1377.768: [DefNew: 157248K->17472K(157248K), 0.2590242 secs] 280266K->280229K(506816K), 0.2590862 secs] [Times: user=0.26 sys=0.00, real=0.26 secs] 
2018-03-17T00:19:12.131+0500: 1378.055: [GC (Allocation Failure) 2018-03-17T00:19:12.131+0500: 1378.055: [DefNew: 157248K->157248K(157248K), 0.0000171 secs]2018-03-17T00:19:12.131+0500: 1378.055: [Tenured: 262757K->205160K(349568K), 0.4738851 secs] 420005K->205160K(506816K), [Metaspace: 5350K->5350K(1056768K)], 0.4739779 secs] [Times: user=0.45 sys=0.00, real=0.47 secs] 
2018-03-17T00:19:12.631+0500: 1378.555: [GC (Allocation Failure) 2018-03-17T00:19:12.631+0500: 1378.555: [DefNew: 139776K->17472K(157248K), 0.2247859 secs] 344936K->344935K(506816K), 0.2248432 secs] [Times: user=0.22 sys=0.00, real=0.22 secs] 
2018-03-17T00:19:12.882+0500: 1378.806: [GC (Allocation Failure) 2018-03-17T00:19:12.882+0500: 1378.806: [DefNew: 157248K->157248K(157248K), 0.0000265 secs]2018-03-17T00:19:12.882+0500: 1378.806: [Tenured: 327463K->55022K(349568K), 0.2198422 secs] 484711K->55022K(506816K), [Metaspace: 5350K->5350K(1056768K)], 0.2199551 secs] [Times: user=0.22 sys=0.00, real=0.22 secs] 
2018-03-17T00:19:13.131+0500: 1379.055: [GC (Allocation Failure) 2018-03-17T00:19:13.131+0500: 1379.055: [DefNew: 139776K->17472K(157248K), 0.2580663 secs] 194798K->194797K(506816K), 0.2581279 secs] [Times: user=0.25 sys=0.00, real=0.26 secs] 
2018-03-17T00:19:13.416+0500: 1379.339: [GC (Allocation Failure) 2018-03-17T00:19:13.416+0500: 1379.339: [DefNew: 157248K->17471K(157248K), 0.2538543 secs] 334573K->334572K(506816K), 0.2539202 secs] [Times: user=0.25 sys=0.00, real=0.25 secs] 
2018-03-17T00:19:13.695+0500: 1379.619: [GC (Allocation Failure) 2018-03-17T00:19:13.695+0500: 1379.619: [DefNew: 157247K->157247K(157248K), 0.0000171 secs]2018-03-17T00:19:13.695+0500: 1379.619: [Tenured: 317100K->44659K(349568K), 0.2007855 secs] 474348K->44659K(506816K), [Metaspace: 5350K->5350K(1056768K)], 0.2008817 secs] [Times: user=0.19 sys=0.00, real=0.20 secs] 
2018-03-17T00:19:13.924+0500: 1379.848: [GC (Allocation Failure) 2018-03-17T00:19:13.925+0500: 1379.848: [DefNew: 139776K->17471K(157248K), 0.2553024 secs] 184435K->184434K(506816K), 0.2553768 secs] [Times: user=0.27 sys=0.00, real=0.26 secs] 
2018-03-17T00:19:14.205+0500: 1380.129: [GC (Allocation Failure) 2018-03-17T00:19:14.205+0500: 1380.129: [DefNew: 157247K->17472K(157248K), 0.2527305 secs] 324210K->324208K(506816K), 0.2527929 secs] [Times: user=0.25 sys=0.00, real=0.25 secs] 
2018-03-17T00:19:14.483+0500: 1380.408: [GC (Allocation Failure) 2018-03-17T00:19:14.483+0500: 1380.408: [DefNew: 157248K->157248K(157248K), 0.0000163 secs]2018-03-17T00:19:14.483+0500: 1380.408: [Tenured: 306736K->34272K(349568K), 0.1785210 secs] 463984K->34272K(506816K), [Metaspace: 5350K->5350K(1056768K)], 0.1786095 secs] [Times: user=0.19 sys=0.00, real=0.18 secs] 
2018-03-17T00:19:14.692+0500: 1380.615: [GC (Allocation Failure) 2018-03-17T00:19:14.692+0500: 1380.615: [DefNew: 139776K->17472K(157248K), 0.2646624 secs] 174048K->174046K(506816K), 0.2647343 secs] [Times: user=0.27 sys=0.00, real=0.26 secs] 
2018-03-17T00:19:14.982+0500: 1380.906: [GC (Allocation Failure) 2018-03-17T00:19:14.982+0500: 1380.906: [DefNew: 157248K->17472K(157248K), 0.2520821 secs] 313822K->313821K(506816K), 0.2521459 secs] [Times: user=0.25 sys=0.00, real=0.25 secs] 
2018-03-17T00:19:15.262+0500: 1381.186: [GC (Allocation Failure) 2018-03-17T00:19:15.262+0500: 1381.186: [DefNew: 157248K->157248K(157248K), 0.0000171 secs]2018-03-17T00:19:15.262+0500: 1381.186: [Tenured: 296349K->23908K(349568K), 0.1545763 secs] 453597K->23908K(506816K), [Metaspace: 5350K->5350K(1056768K)], 0.1546648 secs] [Times: user=0.16 sys=0.00, real=0.15 secs] 
2018-03-17T00:19:15.445+0500: 1381.369: [GC (Allocation Failure) 2018-03-17T00:19:15.445+0500: 1381.369: [DefNew: 139776K->17472K(157248K), 0.2573350 secs] 163684K->163683K(506816K), 0.2573953 secs] [Times: user=0.25 sys=0.00, real=0.26 secs] 
2018-03-17T00:19:15.728+0500: 1381.652: [GC (Allocation Failure) 2018-03-17T00:19:15.728+0500: 1381.652: [DefNew: 157248K->17472K(157248K), 0.3148052 secs] 303459K->303458K(506816K), 0.3148916 secs] [Times: user=0.31 sys=0.00, real=0.32 secs] 
2018-03-17T00:19:16.086+0500: 1382.009: [GC (Allocation Failure) 2018-03-17T00:19:16.086+0500: 1382.010: [DefNew: 146063K->146063K(157248K), 0.0000192 secs]2018-03-17T00:19:16.086+0500: 1382.010: [Tenured: 285986K->715K(349568K), 0.1490411 secs] 432050K->715K(506816K), [Metaspace: 5350K->5350K(1056768K)], 0.1491399 secs] [Times: user=0.14 sys=0.00, real=0.15 secs] 
2018-03-17T00:19:16.266+0500: 1382.190: [GC (Allocation Failure) 2018-03-17T00:19:16.266+0500: 1382.190: [DefNew: 139776K->17472K(157248K), 0.2349213 secs] 140491K->140490K(506816K), 0.2349944 secs] [Times: user=0.23 sys=0.00, real=0.23 secs] 
2018-03-17T00:19:16.526+0500: 1382.450: [GC (Allocation Failure) 2018-03-17T00:19:16.526+0500: 1382.450: [DefNew: 157248K->17472K(157248K), 0.2579034 secs] 280266K->280229K(506816K), 0.2579662 secs] [Times: user=0.25 sys=0.00, real=0.26 secs] 
2018-03-17T00:19:16.819+0500: 1382.743: [GC (Allocation Failure) 2018-03-17T00:19:16.819+0500: 1382.743: [DefNew: 157248K->157248K(157248K), 0.0000158 secs]2018-03-17T00:19:16.819+0500: 1382.743: [Tenured: 262757K->205160K(349568K), 0.4762244 secs] 420005K->205160K(506816K), [Metaspace: 5350K->5350K(1056768K)], 0.4763180 secs] [Times: user=0.47 sys=0.00, real=0.48 secs] 
2018-03-17T00:19:17.322+0500: 1383.246: [GC (Allocation Failure) 2018-03-17T00:19:17.322+0500: 1383.246: [DefNew: 139776K->17472K(157248K), 0.2251823 secs] 344936K->344935K(506816K), 0.2252439 secs] [Times: user=0.22 sys=0.00, real=0.23 secs] 
2018-03-17T00:19:17.574+0500: 1383.497: [GC (Allocation Failure) 2018-03-17T00:19:17.574+0500: 1383.497: [DefNew: 157248K->157248K(157248K), 0.0000205 secs]2018-03-17T00:19:17.574+0500: 1383.497: [Tenured: 327463K->55022K(349568K), 0.2204516 secs] 484711K->55022K(506816K), [Metaspace: 5350K->5350K(1056768K)], 0.2205606 secs] [Times: user=0.22 sys=0.00, real=0.22 secs] 
2018-03-17T00:19:17.825+0500: 1383.749: [GC (Allocation Failure) 2018-03-17T00:19:17.825+0500: 1383.749: [DefNew: 139776K->17472K(157248K), 0.2576126 secs] 194798K->194797K(506816K), 0.2576780 secs] [Times: user=0.25 sys=0.00, real=0.26 secs] 
2018-03-17T00:19:18.111+0500: 1384.035: [GC (Allocation Failure) 2018-03-17T00:19:18.111+0500: 1384.035: [DefNew: 157248K->17471K(157248K), 0.2521920 secs] 334573K->334572K(506816K), 0.2522575 secs] [Times: user=0.25 sys=0.00, real=0.25 secs] 
2018-03-17T00:19:18.390+0500: 1384.314: [GC (Allocation Failure) 2018-03-17T00:19:18.390+0500: 1384.314: [DefNew: 157247K->157247K(157248K), 0.0000171 secs]2018-03-17T00:19:18.390+0500: 1384.314: [Tenured: 317100K->44659K(349568K), 0.2004323 secs] 474348K->44659K(506816K), [Metaspace: 5350K->5350K(1056768K)], 0.2005328 secs] [Times: user=0.19 sys=0.00, real=0.20 secs] 
2018-03-17T00:19:18.620+0500: 1384.544: [GC (Allocation Failure) 2018-03-17T00:19:18.620+0500: 1384.544: [DefNew: 139776K->17471K(157248K), 0.2565939 secs] 184435K->184434K(506816K), 0.2566610 secs] [Times: user=0.25 sys=0.00, real=0.26 secs] 
2018-03-17T00:19:18.904+0500: 1384.827: [GC (Allocation Failure) 2018-03-17T00:19:18.904+0500: 1384.827: [DefNew: 157247K->17472K(157248K), 0.2531769 secs] 324210K->324208K(506816K), 0.2532428 secs] [Times: user=0.25 sys=0.00, real=0.25 secs] 
2018-03-17T00:19:19.183+0500: 1385.107: [GC (Allocation Failure) 2018-03-17T00:19:19.183+0500: 1385.107: [DefNew: 157248K->157248K(157248K), 0.0000167 secs]2018-03-17T00:19:19.183+0500: 1385.107: [Tenured: 306736K->34272K(349568K), 0.1791364 secs] 463984K->34272K(506816K), [Metaspace: 5350K->5350K(1056768K)], 0.1792275 secs] [Times: user=0.17 sys=0.00, real=0.18 secs] 
2018-03-17T00:19:19.392+0500: 1385.316: [GC (Allocation Failure) 2018-03-17T00:19:19.392+0500: 1385.316: [DefNew: 139776K->17472K(157248K), 0.2565049 secs] 174048K->174046K(506816K), 0.2565669 secs] [Times: user=0.27 sys=0.00, real=0.26 secs] 
2018-03-17T00:19:19.675+0500: 1385.599: [GC (Allocation Failure) 2018-03-17T00:19:19.675+0500: 1385.599: [DefNew: 157248K->17472K(157248K), 0.2533908 secs] 313822K->313821K(506816K), 0.2534541 secs] [Times: user=0.27 sys=0.00, real=0.25 secs] 
2018-03-17T00:19:19.953+0500: 1385.878: [GC (Allocation Failure) 2018-03-17T00:19:19.954+0500: 1385.878: [DefNew: 157248K->157248K(157248K), 0.0000184 secs]2018-03-17T00:19:19.954+0500: 1385.878: [Tenured: 296349K->23908K(349568K), 0.1557976 secs] 453597K->23908K(506816K), [Metaspace: 5350K->5350K(1056768K)], 0.1559093 secs] [Times: user=0.16 sys=0.00, real=0.16 secs] 
2018-03-17T00:19:20.138+0500: 1386.062: [GC (Allocation Failure) 2018-03-17T00:19:20.138+0500: 1386.062: [DefNew: 139776K->17472K(157248K), 0.2569890 secs] 163684K->163683K(506816K), 0.2570528 secs] [Times: user=0.25 sys=0.00, real=0.26 secs] 
2018-03-17T00:19:20.422+0500: 1386.345: [GC (Allocation Failure) 2018-03-17T00:19:20.422+0500: 1386.345: [DefNew: 157248K->17472K(157248K), 0.2552951 secs] 303459K->303458K(506816K), 0.2553571 secs] [Times: user=0.25 sys=0.00, real=0.26 secs] 
2018-03-17T00:19:20.703+0500: 1386.627: [GC (Allocation Failure) 2018-03-17T00:19:20.703+0500: 1386.627: [DefNew: 146063K->146063K(157248K), 0.0000167 secs]2018-03-17T00:19:20.703+0500: 1386.627: [Tenured: 285986K->715K(349568K), 0.1376236 secs] 432050K->715K(506816K), [Metaspace: 5350K->5350K(1056768K)], 0.1377169 secs] [Times: user=0.14 sys=0.00, real=0.14 secs] 
2018-03-17T00:19:20.866+0500: 1386.790: [GC (Allocation Failure) 2018-03-17T00:19:20.866+0500: 1386.790: [DefNew: 139776K->17472K(157248K), 0.2231364 secs] 140491K->140490K(506816K), 0.2232070 secs] [Times: user=0.22 sys=0.00, real=0.22 secs] 
2018-03-17T00:19:21.114+0500: 1387.038: [GC (Allocation Failure) 2018-03-17T00:19:21.114+0500: 1387.038: [DefNew: 157248K->17472K(157248K), 0.2585470 secs] 280266K->280229K(506816K), 0.2586051 secs] [Times: user=0.27 sys=0.00, real=0.26 secs] 
2018-03-17T00:19:21.401+0500: 1387.325: [GC (Allocation Failure) 2018-03-17T00:19:21.401+0500: 1387.326: [DefNew: 157248K->157248K(157248K), 0.0000167 secs]2018-03-17T00:19:21.401+0500: 1387.326: [Tenured: 262757K->205160K(349568K), 0.4742721 secs] 420005K->205160K(506816K), [Metaspace: 5350K->5350K(1056768K)], 0.4743671 secs] [Times: user=0.47 sys=0.00, real=0.47 secs] 
2018-03-17T00:19:21.902+0500: 1387.825: [GC (Allocation Failure) 2018-03-17T00:19:21.902+0500: 1387.825: [DefNew: 139776K->17472K(157248K), 0.2248060 secs] 344936K->344935K(506816K), 0.2248731 secs] [Times: user=0.22 sys=0.00, real=0.22 secs] 
2018-03-17T00:19:22.152+0500: 1388.076: [GC (Allocation Failure) 2018-03-17T00:19:22.153+0500: 1388.076: [DefNew: 157248K->157248K(157248K), 0.0000197 secs]2018-03-17T00:19:22.153+0500: 1388.076: [Tenured: 327463K->55022K(349568K), 0.2212445 secs] 484711K->55022K(506816K), [Metaspace: 5350K->5350K(1056768K)], 0.2213527 secs] [Times: user=0.22 sys=0.00, real=0.22 secs] 
2018-03-17T00:19:22.403+0500: 1388.327: [GC (Allocation Failure) 2018-03-17T00:19:22.403+0500: 1388.327: [DefNew: 139776K->17472K(157248K), 0.2565742 secs] 194798K->194797K(506816K), 0.2566439 secs] [Times: user=0.25 sys=0.00, real=0.26 secs] 
2018-03-17T00:19:22.685+0500: 1388.609: [GC (Allocation Failure) 2018-03-17T00:19:22.685+0500: 1388.609: [DefNew: 157248K->17471K(157248K), 0.2520740 secs] 334573K->334572K(506816K), 0.2521403 secs] [Times: user=0.25 sys=0.00, real=0.25 secs] 
2018-03-17T00:19:22.963+0500: 1388.887: [GC (Allocation Failure) 2018-03-17T00:19:22.963+0500: 1388.887: [DefNew: 157247K->157247K(157248K), 0.0000218 secs]2018-03-17T00:19:22.963+0500: 1388.887: [Tenured: 317100K->44659K(349568K), 0.2003160 secs] 474348K->44659K(506816K), [Metaspace: 5350K->5350K(1056768K)], 0.2004365 secs] [Times: user=0.20 sys=0.00, real=0.20 secs] 
2018-03-17T00:19:23.192+0500: 1389.116: [GC (Allocation Failure) 2018-03-17T00:19:23.192+0500: 1389.116: [DefNew: 139776K->17471K(157248K), 0.2563715 secs] 184435K->184434K(506816K), 0.2564374 secs] [Times: user=0.27 sys=0.00, real=0.26 secs] 
2018-03-17T00:19:23.474+0500: 1389.398: [GC (Allocation Failure) 2018-03-17T00:19:23.474+0500: 1389.398: [DefNew: 157247K->17472K(157248K), 0.2512298 secs] 324210K->324208K(506816K), 0.2512910 secs] [Times: user=0.26 sys=0.00, real=0.25 secs] 
2018-03-17T00:19:23.751+0500: 1389.675: [GC (Allocation Failure) 2018-03-17T00:19:23.751+0500: 1389.675: [DefNew: 157248K->157248K(157248K), 0.0000175 secs]2018-03-17T00:19:23.751+0500: 1389.675: [Tenured: 306736K->34272K(349568K), 0.1781353 secs] 463984K->34272K(506816K), [Metaspace: 5350K->5350K(1056768K)], 0.1782264 secs] [Times: user=0.19 sys=0.00, real=0.18 secs] 
2018-03-17T00:19:23.958+0500: 1389.882: [GC (Allocation Failure) 2018-03-17T00:19:23.958+0500: 1389.882: [DefNew: 139776K->17472K(157248K), 0.2547516 secs] 174048K->174046K(506816K), 0.2548131 secs] [Times: user=0.27 sys=0.00, real=0.25 secs] 
2018-03-17T00:19:24.238+0500: 1390.162: [GC (Allocation Failure) 2018-03-17T00:19:24.238+0500: 1390.162: [DefNew: 157248K->17472K(157248K), 0.2510716 secs] 313822K->313821K(506816K), 0.2511375 secs] [Times: user=0.25 sys=0.00, real=0.25 secs] 
2018-03-17T00:19:24.516+0500: 1390.439: [GC (Allocation Failure) 2018-03-17T00:19:24.516+0500: 1390.439: [DefNew: 157248K->157248K(157248K), 0.0000282 secs]2018-03-17T00:19:24.516+0500: 1390.439: [Tenured: 296349K->23908K(349568K), 0.1558122 secs] 453597K->23908K(506816K), [Metaspace: 5350K->5350K(1056768K)], 0.1559452 secs] [Times: user=0.16 sys=0.00, real=0.15 secs] 
2018-03-17T00:19:24.699+0500: 1390.623: [GC (Allocation Failure) 2018-03-17T00:19:24.699+0500: 1390.623: [DefNew: 139776K->17472K(157248K), 0.2566606 secs] 163684K->163683K(506816K), 0.2567222 secs] [Times: user=0.25 sys=0.00, real=0.26 secs] 
2018-03-17T00:19:24.982+0500: 1390.905: [GC (Allocation Failure) 2018-03-17T00:19:24.982+0500: 1390.905: [DefNew: 157248K->17472K(157248K), 0.2537628 secs] 303459K->303458K(506816K), 0.2538381 secs] [Times: user=0.25 sys=0.00, real=0.25 secs] 
2018-03-17T00:19:25.261+0500: 1391.185: [GC (Allocation Failure) 2018-03-17T00:19:25.261+0500: 1391.185: [DefNew: 146063K->146063K(157248K), 0.0000158 secs]2018-03-17T00:19:25.261+0500: 1391.185: [Tenured: 285986K->715K(349568K), 0.1372520 secs] 432050K->715K(506816K), [Metaspace: 5350K->5350K(1056768K)], 0.1373551 secs] [Times: user=0.14 sys=0.00, real=0.14 secs] 
2018-03-17T00:19:25.424+0500: 1391.348: [GC (Allocation Failure) 2018-03-17T00:19:25.424+0500: 1391.348: [DefNew: 139776K->17472K(157248K), 0.2248688 secs] 140491K->140490K(506816K), 0.2249313 secs] [Times: user=0.23 sys=0.00, real=0.22 secs] 
2018-03-17T00:19:25.674+0500: 1391.599: [GC (Allocation Failure) 2018-03-17T00:19:25.674+0500: 1391.599: [DefNew: 157248K->17472K(157248K), 0.2569715 secs] 280266K->280229K(506816K), 0.2570361 secs] [Times: user=0.27 sys=0.00, real=0.26 secs] 
2018-03-17T00:19:25.961+0500: 1391.884: [GC (Allocation Failure) 2018-03-17T00:19:25.961+0500: 1391.884: [DefNew: 157248K->157248K(157248K), 0.0000175 secs]2018-03-17T00:19:25.961+0500: 1391.884: [Tenured: 262757K->205160K(349568K), 0.4737662 secs] 420005K->205160K(506816K), [Metaspace: 5350K->5350K(1056768K)], 0.4738590 secs] [Times: user=0.45 sys=0.00, real=0.47 secs] 
2018-03-17T00:19:26.460+0500: 1392.384: [GC (Allocation Failure) 2018-03-17T00:19:26.460+0500: 1392.384: [DefNew: 139776K->17472K(157248K), 0.2251977 secs] 344936K->344935K(506816K), 0.2252653 secs] [Times: user=0.22 sys=0.00, real=0.22 secs] 
2018-03-17T00:19:26.711+0500: 1392.635: [GC (Allocation Failure) 2018-03-17T00:19:26.711+0500: 1392.635: [DefNew: 157248K->157248K(157248K), 0.0000287 secs]2018-03-17T00:19:26.712+0500: 1392.636: [Tenured: 327463K->55022K(349568K), 0.2210576 secs] 484711K->55022K(506816K), [Metaspace: 5350K->5350K(1056768K)], 0.2211624 secs] [Times: user=0.22 sys=0.00, real=0.22 secs] 
2018-03-17T00:19:26.962+0500: 1392.886: [GC (Allocation Failure) 2018-03-17T00:19:26.962+0500: 1392.886: [DefNew: 139776K->17472K(157248K), 0.2563972 secs] 194798K->194797K(506816K), 0.2564630 secs] [Times: user=0.25 sys=0.00, real=0.26 secs] 
2018-03-17T00:19:27.244+0500: 1393.169: [GC (Allocation Failure) 2018-03-17T00:19:27.245+0500: 1393.169: [DefNew: 157248K->17471K(157248K), 0.2585282 secs] 334573K->334572K(506816K), 0.2586163 secs] [Times: user=0.25 sys=0.00, real=0.26 secs] 
2018-03-17T00:19:27.530+0500: 1393.454: [GC (Allocation Failure) 2018-03-17T00:19:27.530+0500: 1393.454: [DefNew: 157247K->157247K(157248K), 0.0000222 secs]2018-03-17T00:19:27.531+0500: 1393.454: [Tenured: 317100K->44659K(349568K), 0.2042264 secs] 474348K->44659K(506816K), [Metaspace: 5350K->5350K(1056768K)], 0.2043363 secs] [Times: user=0.20 sys=0.00, real=0.20 secs] 
2018-03-17T00:19:27.766+0500: 1393.689: [GC (Allocation Failure) 2018-03-17T00:19:27.766+0500: 1393.689: [DefNew: 139776K->17471K(157248K), 0.2605416 secs] 184435K->184434K(506816K), 0.2606249 secs] [Times: user=0.26 sys=0.00, real=0.26 secs] 
2018-03-17T00:19:28.051+0500: 1393.975: [GC (Allocation Failure) 2018-03-17T00:19:28.051+0500: 1393.975: [DefNew: 157247K->17472K(157248K), 0.2504579 secs] 324210K->324208K(506816K), 0.2505310 secs] [Times: user=0.25 sys=0.00, real=0.25 secs] 
2018-03-17T00:19:28.327+0500: 1394.251: [GC (Allocation Failure) 2018-03-17T00:19:28.327+0500: 1394.252: [DefNew: 157248K->157248K(157248K), 0.0000158 secs]2018-03-17T00:19:28.327+0500: 1394.252: [Tenured: 306736K->34272K(349568K), 0.1792382 secs] 463984K->34272K(506816K), [Metaspace: 5350K->5350K(1056768K)], 0.1793455 secs] [Times: user=0.19 sys=0.00, real=0.18 secs] 
2018-03-17T00:19:28.549+0500: 1394.473: [GC (Allocation Failure) 2018-03-17T00:19:28.549+0500: 1394.473: [DefNew: 139776K->17472K(157248K), 0.3487237 secs] 174048K->174046K(506816K), 0.3488131 secs] [Times: user=0.36 sys=0.00, real=0.35 secs] 
2018-03-17T00:19:28.926+0500: 1394.849: [GC (Allocation Failure) 2018-03-17T00:19:28.926+0500: 1394.849: [DefNew: 157248K->17472K(157248K), 0.2781566 secs] 313822K->313821K(506816K), 0.2782208 secs] [Times: user=0.28 sys=0.00, real=0.28 secs] 
2018-03-17T00:19:29.231+0500: 1395.155: [GC (Allocation Failure) 2018-03-17T00:19:29.231+0500: 1395.155: [DefNew: 157248K->157248K(157248K), 0.0000163 secs]2018-03-17T00:19:29.231+0500: 1395.155: [Tenured: 296349K->23908K(349568K), 0.1581690 secs] 453597K->23908K(506816K), [Metaspace: 5350K->5350K(1056768K)], 0.1582588 secs] [Times: user=0.16 sys=0.00, real=0.16 secs] 
2018-03-17T00:19:29.418+0500: 1395.342: [GC (Allocation Failure) 2018-03-17T00:19:29.418+0500: 1395.342: [DefNew: 139776K->17472K(157248K), 0.2606805 secs] 163684K->163683K(506816K), 0.2607579 secs] [Times: user=0.27 sys=0.00, real=0.26 secs] 
2018-03-17T00:19:29.707+0500: 1395.631: [GC (Allocation Failure) 2018-03-17T00:19:29.707+0500: 1395.631: [DefNew: 157248K->17472K(157248K), 0.3160134 secs] 303459K->303458K(506816K), 0.3161951 secs] [Times: user=0.33 sys=0.00, real=0.32 secs] 
2018-03-17T00:19:30.053+0500: 1395.977: [GC (Allocation Failure) 2018-03-17T00:19:30.053+0500: 1395.977: [DefNew: 146063K->146063K(157248K), 0.0000163 secs]2018-03-17T00:19:30.053+0500: 1395.977: [Tenured: 285986K->715K(349568K), 0.1451799 secs] 432050K->715K(506816K), [Metaspace: 5350K->5350K(1056768K)], 0.1452658 secs] [Times: user=0.14 sys=0.00, real=0.15 secs] 
2018-03-17T00:19:30.226+0500: 1396.149: [GC (Allocation Failure) 2018-03-17T00:19:30.226+0500: 1396.149: [DefNew: 139776K->17472K(157248K), 0.2298048 secs] 140491K->140490K(506816K), 0.2298852 secs] [Times: user=0.22 sys=0.00, real=0.23 secs] 
2018-03-17T00:19:30.482+0500: 1396.406: [GC (Allocation Failure) 2018-03-17T00:19:30.482+0500: 1396.406: [DefNew: 157248K->17472K(157248K), 0.2636600 secs] 280266K->280229K(506816K), 0.2637216 secs] [Times: user=0.26 sys=0.00, real=0.26 secs] 
2018-03-17T00:19:30.776+0500: 1396.700: [GC (Allocation Failure) 2018-03-17T00:19:30.776+0500: 1396.700: [DefNew: 157248K->157248K(157248K), 0.0000163 secs]2018-03-17T00:19:30.776+0500: 1396.700: [Tenured: 262757K->205160K(349568K), 0.4986818 secs] 420005K->205160K(506816K), [Metaspace: 5350K->5350K(1056768K)], 0.4987652 secs] [Times: user=0.50 sys=0.00, real=0.50 secs] 
2018-03-17T00:19:31.300+0500: 1397.224: [GC (Allocation Failure) 2018-03-17T00:19:31.300+0500: 1397.225: [DefNew: 139776K->17472K(157248K), 0.2257340 secs] 344936K->344935K(506816K), 0.2257990 secs] [Times: user=0.23 sys=0.00, real=0.23 secs] 
2018-03-17T00:19:31.555+0500: 1397.478: [GC (Allocation Failure) 2018-03-17T00:19:31.555+0500: 1397.478: [DefNew: 157248K->157248K(157248K), 0.0000265 secs]2018-03-17T00:19:31.555+0500: 1397.478: [Tenured: 327463K->55022K(349568K), 0.2255911 secs] 484711K->55022K(506816K), [Metaspace: 5350K->5350K(1056768K)], 0.2257032 secs] [Times: user=0.22 sys=0.00, real=0.22 secs] 
2018-03-17T00:19:31.816+0500: 1397.739: [GC (Allocation Failure) 2018-03-17T00:19:31.816+0500: 1397.739: [DefNew: 139776K->17472K(157248K), 0.2641142 secs] 194798K->194797K(506816K), 0.2641817 secs] [Times: user=0.27 sys=0.00, real=0.26 secs] 
2018-03-17T00:19:32.106+0500: 1398.030: [GC (Allocation Failure) 2018-03-17T00:19:32.106+0500: 1398.030: [DefNew: 157248K->17471K(157248K), 0.2910640 secs] 334573K->334572K(506816K), 0.2911350 secs] [Times: user=0.30 sys=0.00, real=0.29 secs] 
2018-03-17T00:19:32.436+0500: 1398.360: [GC (Allocation Failure) 2018-03-17T00:19:32.436+0500: 1398.360: [DefNew: 157247K->157247K(157248K), 0.0000239 secs]2018-03-17T00:19:32.436+0500: 1398.360: [Tenured: 317100K->44659K(349568K), 0.2207886 secs] 474348K->44659K(506816K), [Metaspace: 5350K->5350K(1056768K)], 0.2209011 secs] [Times: user=0.22 sys=0.00, real=0.22 secs] 
2018-03-17T00:19:32.686+0500: 1398.611: [GC (Allocation Failure) 2018-03-17T00:19:32.686+0500: 1398.611: [DefNew: 139776K->17471K(157248K), 0.2585555 secs] 184435K->184434K(506816K), 0.2586210 secs] [Times: user=0.27 sys=0.00, real=0.26 secs] 
2018-03-17T00:19:32.971+0500: 1398.895: [GC (Allocation Failure) 2018-03-17T00:19:32.971+0500: 1398.895: [DefNew: 157247K->17472K(157248K), 0.3274244 secs] 324210K->324208K(506816K), 0.3274865 secs] [Times: user=0.33 sys=0.00, real=0.33 secs] 
2018-03-17T00:19:33.325+0500: 1399.248: [GC (Allocation Failure) 2018-03-17T00:19:33.325+0500: 1399.248: [DefNew: 157248K->157248K(157248K), 0.0000150 secs]2018-03-17T00:19:33.325+0500: 1399.248: [Tenured: 306736K->34272K(349568K), 0.1764794 secs] 463984K->34272K(506816K), [Metaspace: 5350K->5350K(1056768K)], 0.1765645 secs] [Times: user=0.17 sys=0.00, real=0.18 secs] 
2018-03-17T00:19:33.530+0500: 1399.454: [GC (Allocation Failure) 2018-03-17T00:19:33.530+0500: 1399.454: [DefNew: 139776K->17472K(157248K), 0.2563125 secs] 174048K->174046K(506816K), 0.2563937 secs] [Times: user=0.25 sys=0.00, real=0.26 secs] 
2018-03-17T00:19:33.814+0500: 1399.738: [GC (Allocation Failure) 2018-03-17T00:19:33.814+0500: 1399.738: [DefNew: 157248K->17472K(157248K), 0.2708022 secs] 313822K->313821K(506816K), 0.2708673 secs] [Times: user=0.28 sys=0.00, real=0.27 secs] 
2018-03-17T00:19:34.112+0500: 1400.036: [GC (Allocation Failure) 2018-03-17T00:19:34.112+0500: 1400.036: [DefNew: 157248K->157248K(157248K), 0.0000154 secs]2018-03-17T00:19:34.112+0500: 1400.036: [Tenured: 296349K->23908K(349568K), 0.1581921 secs] 453597K->23908K(506816K), [Metaspace: 5350K->5350K(1056768K)], 0.1582802 secs] [Times: user=0.16 sys=0.00, real=0.16 secs] 
2018-03-17T00:19:34.300+0500: 1400.224: [GC (Allocation Failure) 2018-03-17T00:19:34.300+0500: 1400.224: [DefNew: 139776K->17472K(157248K), 0.2689723 secs] 163684K->163683K(506816K), 0.2690540 secs] [Times: user=0.28 sys=0.00, real=0.27 secs] 
2018-03-17T00:19:34.596+0500: 1400.520: [GC (Allocation Failure) 2018-03-17T00:19:34.596+0500: 1400.520: [DefNew: 157248K->17472K(157248K), 0.2651765 secs] 303459K->303458K(506816K), 0.2652389 secs] [Times: user=0.27 sys=0.00, real=0.27 secs] 
2018-03-17T00:19:34.887+0500: 1400.811: [GC (Allocation Failure) 2018-03-17T00:19:34.887+0500: 1400.811: [DefNew: 146063K->146063K(157248K), 0.0000355 secs]2018-03-17T00:19:34.887+0500: 1400.811: [Tenured: 285986K->715K(349568K), 0.1371729 secs] 432050K->715K(506816K), [Metaspace: 5350K->5350K(1056768K)], 0.1372849 secs] [Times: user=0.14 sys=0.00, real=0.14 secs] 
2018-03-17T00:19:35.050+0500: 1400.974: [GC (Allocation Failure) 2018-03-17T00:19:35.050+0500: 1400.974: [DefNew: 139776K->17472K(157248K), 0.2265816 secs] 140491K->140490K(506816K), 0.2266710 secs] [Times: user=0.23 sys=0.00, real=0.23 secs] 
2018-03-17T00:19:35.302+0500: 1401.226: [GC (Allocation Failure) 2018-03-17T00:19:35.302+0500: 1401.226: [DefNew: 157248K->17472K(157248K), 0.2592043 secs] 280266K->280229K(506816K), 0.2592663 secs] [Times: user=0.27 sys=0.00, real=0.26 secs] 
2018-03-17T00:19:35.597+0500: 1401.521: [GC (Allocation Failure) 2018-03-17T00:19:35.597+0500: 1401.521: [DefNew: 157248K->157248K(157248K), 0.0000167 secs]2018-03-17T00:19:35.597+0500: 1401.521: [Tenured: 262757K->205160K(349568K), 0.4735302 secs] 420005K->205160K(506816K), [Metaspace: 5350K->5350K(1056768K)], 0.4736208 secs] [Times: user=0.48 sys=0.00, real=0.47 secs] 
2018-03-17T00:19:36.100+0500: 1402.024: [GC (Allocation Failure) 2018-03-17T00:19:36.100+0500: 1402.024: [DefNew: 139776K->17472K(157248K), 0.2244852 secs] 344936K->344935K(506816K), 0.2245571 secs] [Times: user=0.22 sys=0.00, real=0.23 secs] 
2018-03-17T00:19:36.350+0500: 1402.274: [GC (Allocation Failure) 2018-03-17T00:19:36.350+0500: 1402.274: [DefNew: 157248K->157248K(157248K), 0.0000163 secs]2018-03-17T00:19:36.350+0500: 1402.274: [Tenured: 327463K->55022K(349568K), 0.2220570 secs] 484711K->55022K(506816K), [Metaspace: 5350K->5350K(1056768K)], 0.2221451 secs] [Times: user=0.22 sys=0.00, real=0.22 secs] 
2018-03-17T00:19:36.602+0500: 1402.526: [GC (Allocation Failure) 2018-03-17T00:19:36.602+0500: 1402.526: [DefNew: 139776K->17472K(157248K), 0.2585992 secs] 194798K->194797K(506816K), 0.2586646 secs] [Times: user=0.25 sys=0.00, real=0.26 secs] 
2018-03-17T00:19:36.887+0500: 1402.811: [GC (Allocation Failure) 2018-03-17T00:19:36.887+0500: 1402.811: [DefNew: 157248K->17471K(157248K), 0.2496454 secs] 334573K->334572K(506816K), 0.2497065 secs] [Times: user=0.25 sys=0.00, real=0.25 secs] 
2018-03-17T00:19:37.163+0500: 1403.086: [GC (Allocation Failure) 2018-03-17T00:19:37.163+0500: 1403.086: [DefNew: 157247K->157247K(157248K), 0.0000201 secs]2018-03-17T00:19:37.163+0500: 1403.086: [Tenured: 317100K->44659K(349568K), 0.2005435 secs] 474348K->44659K(506816K), [Metaspace: 5350K->5350K(1056768K)], 0.2006499 secs] [Times: user=0.19 sys=0.00, real=0.20 secs] 
2018-03-17T00:19:37.392+0500: 1403.316: [GC (Allocation Failure) 2018-03-17T00:19:37.393+0500: 1403.316: [DefNew: 139776K->17471K(157248K), 0.2585491 secs] 184435K->184434K(506816K), 0.2586278 secs] [Times: user=0.26 sys=0.00, real=0.26 secs] 
2018-03-17T00:19:37.677+0500: 1403.601: [GC (Allocation Failure) 2018-03-17T00:19:37.677+0500: 1403.601: [DefNew: 157247K->17472K(157248K), 0.2588327 secs] 324210K->324208K(506816K), 0.2588938 secs] [Times: user=0.27 sys=0.00, real=0.26 secs] 
2018-03-17T00:19:37.962+0500: 1403.886: [GC (Allocation Failure) 2018-03-17T00:19:37.962+0500: 1403.886: [DefNew: 157248K->157248K(157248K), 0.0000158 secs]2018-03-17T00:19:37.962+0500: 1403.886: [Tenured: 306736K->34272K(349568K), 0.1784586 secs] 463984K->34272K(506816K), [Metaspace: 5350K->5350K(1056768K)], 0.1785501 secs] [Times: user=0.16 sys=0.00, real=0.18 secs] 
2018-03-17T00:19:38.170+0500: 1404.094: [GC (Allocation Failure) 2018-03-17T00:19:38.170+0500: 1404.094: [DefNew: 139776K->17472K(157248K), 0.2557912 secs] 174048K->174046K(506816K), 0.2558549 secs] [Times: user=0.24 sys=0.01, real=0.26 secs] 
2018-03-17T00:19:38.452+0500: 1404.376: [GC (Allocation Failure) 2018-03-17T00:19:38.452+0500: 1404.376: [DefNew: 157248K->17472K(157248K), 0.2521903 secs] 313822K->313821K(506816K), 0.2522528 secs] [Times: user=0.25 sys=0.00, real=0.25 secs] 
2018-03-17T00:19:38.731+0500: 1404.654: [GC (Allocation Failure) 2018-03-17T00:19:38.731+0500: 1404.654: [DefNew: 157248K->157248K(157248K), 0.0000163 secs]2018-03-17T00:19:38.731+0500: 1404.654: [Tenured: 296349K->23908K(349568K), 0.1548542 secs] 453597K->23908K(506816K), [Metaspace: 5350K->5350K(1056768K)], 0.1549573 secs] [Times: user=0.16 sys=0.00, real=0.15 secs] 
2018-03-17T00:19:38.915+0500: 1404.839: [GC (Allocation Failure) 2018-03-17T00:19:38.915+0500: 1404.839: [DefNew: 139776K->17472K(157248K), 0.2768634 secs] 163684K->163683K(506816K), 0.2769382 secs] [Times: user=0.26 sys=0.00, real=0.28 secs] 
2018-03-17T00:19:39.219+0500: 1405.143: [GC (Allocation Failure) 2018-03-17T00:19:39.220+0500: 1405.143: [DefNew: 157248K->17472K(157248K), 0.2755188 secs] 303459K->303458K(506816K), 0.2756022 secs] [Times: user=0.28 sys=0.00, real=0.28 secs] 
2018-03-17T00:19:39.523+0500: 1405.447: [GC (Allocation Failure) 2018-03-17T00:19:39.523+0500: 1405.447: [DefNew: 146063K->146063K(157248K), 0.0000244 secs]2018-03-17T00:19:39.523+0500: 1405.447: [Tenured: 285986K->715K(349568K), 0.1385546 secs] 432050K->715K(506816K), [Metaspace: 5350K->5350K(1056768K)], 0.1386658 secs] [Times: user=0.13 sys=0.00, real=0.14 secs] 
2018-03-17T00:19:39.687+0500: 1405.611: [GC (Allocation Failure) 2018-03-17T00:19:39.687+0500: 1405.611: [DefNew: 139776K->17472K(157248K), 0.2540233 secs] 140491K->140490K(506816K), 0.2540921 secs] [Times: user=0.25 sys=0.00, real=0.25 secs] 
2018-03-17T00:19:39.971+0500: 1405.894: [GC (Allocation Failure) 2018-03-17T00:19:39.971+0500: 1405.894: [DefNew: 157248K->17472K(157248K), 0.2619618 secs] 280266K->280229K(506816K), 0.2620401 secs] [Times: user=0.27 sys=0.00, real=0.26 secs] 
2018-03-17T00:19:40.261+0500: 1406.185: [GC (Allocation Failure) 2018-03-17T00:19:40.261+0500: 1406.185: [DefNew: 157248K->157248K(157248K), 0.0000175 secs]2018-03-17T00:19:40.261+0500: 1406.185: [Tenured: 262757K->205160K(349568K), 0.4789661 secs] 420005K->205160K(506816K), [Metaspace: 5350K->5350K(1056768K)], 0.4790580 secs] [Times: user=0.47 sys=0.00, real=0.48 secs] 
2018-03-17T00:19:40.768+0500: 1406.692: [GC (Allocation Failure) 2018-03-17T00:19:40.768+0500: 1406.692: [DefNew: 139776K->17472K(157248K), 0.2430856 secs] 344936K->344935K(506816K), 0.2431536 secs] [Times: user=0.25 sys=0.00, real=0.24 secs] 
2018-03-17T00:19:41.038+0500: 1406.962: [GC (Allocation Failure) 2018-03-17T00:19:41.038+0500: 1406.962: [DefNew: 157248K->157248K(157248K), 0.0000145 secs]2018-03-17T00:19:41.038+0500: 1406.963: [Tenured: 327463K->55022K(349568K), 0.2269874 secs] 484711K->55022K(506816K), [Metaspace: 5350K->5350K(1056768K)], 0.2270807 secs] [Times: user=0.22 sys=0.00, real=0.23 secs] 
2018-03-17T00:19:41.296+0500: 1407.220: [GC (Allocation Failure) 2018-03-17T00:19:41.296+0500: 1407.220: [DefNew: 139776K->17472K(157248K), 0.2555752 secs] 194798K->194797K(506816K), 0.2556496 secs] [Times: user=0.25 sys=0.00, real=0.26 secs] 
2018-03-17T00:19:41.578+0500: 1407.502: [GC (Allocation Failure) 2018-03-17T00:19:41.578+0500: 1407.502: [DefNew: 157248K->17471K(157248K), 0.2738758 secs] 334573K->334572K(506816K), 0.2739378 secs] [Times: user=0.28 sys=0.00, real=0.27 secs] 
2018-03-17T00:19:41.878+0500: 1407.802: [GC (Allocation Failure) 2018-03-17T00:19:41.878+0500: 1407.802: [DefNew: 157247K->157247K(157248K), 0.0000167 secs]2018-03-17T00:19:41.878+0500: 1407.802: [Tenured: 317100K->44659K(349568K), 0.2010579 secs] 474348K->44659K(506816K), [Metaspace: 5350K->5350K(1056768K)], 0.2011563 secs] [Times: user=0.20 sys=0.00, real=0.20 secs] 
2018-03-17T00:19:42.108+0500: 1408.032: [GC (Allocation Failure) 2018-03-17T00:19:42.108+0500: 1408.032: [DefNew: 139776K->17471K(157248K), 0.2578739 secs] 184435K->184434K(506816K), 0.2579367 secs] [Times: user=0.27 sys=0.00, real=0.26 secs] 
2018-03-17T00:19:42.394+0500: 1408.318: [GC (Allocation Failure) 2018-03-17T00:19:42.394+0500: 1408.318: [DefNew: 157247K->17472K(157248K), 0.2985920 secs] 324210K->324208K(506816K), 0.2986553 secs] [Times: user=0.28 sys=0.00, real=0.30 secs] 
2018-03-17T00:19:42.730+0500: 1408.654: [GC (Allocation Failure) 2018-03-17T00:19:42.730+0500: 1408.654: [DefNew: 157248K->157248K(157248K), 0.0000214 secs]2018-03-17T00:19:42.730+0500: 1408.654: [Tenured: 306736K->34272K(349568K), 0.2279924 secs] 463984K->34272K(506816K), [Metaspace: 5350K->5350K(1056768K)], 0.2281083 secs] [Times: user=0.17 sys=0.00, real=0.23 secs] 
2018-03-17T00:19:43.055+0500: 1408.979: [GC (Allocation Failure) 2018-03-17T00:19:43.055+0500: 1408.979: [DefNew: 139776K->17472K(157248K), 0.4481836 secs] 174048K->174046K(506816K), 0.4482785 secs] [Times: user=0.44 sys=0.00, real=0.45 secs] 
2018-03-17T00:19:43.537+0500: 1409.461: [GC (Allocation Failure) 2018-03-17T00:19:43.537+0500: 1409.461: [DefNew: 157248K->17472K(157248K), 0.4191065 secs] 313822K->313821K(506816K), 0.4191886 secs] [Times: user=0.36 sys=0.00, real=0.42 secs] 
2018-03-17T00:19:44.008+0500: 1409.933: [GC (Allocation Failure) 2018-03-17T00:19:44.008+0500: 1409.933: [DefNew: 157248K->157248K(157248K), 0.0000346 secs]2018-03-17T00:19:44.008+0500: 1409.933: [Tenured: 296349K->23908K(349568K), 0.1961288 secs] 453597K->23908K(506816K), [Metaspace: 5350K->5350K(1056768K)], 0.1962656 secs] [Times: user=0.19 sys=0.00, real=0.20 secs] 
2018-03-17T00:19:44.247+0500: 1410.170: [GC (Allocation Failure) 2018-03-17T00:19:44.247+0500: 1410.170: [DefNew: 139776K->17472K(157248K), 0.4210951 secs] 163684K->163683K(506816K), 0.4211636 secs] [Times: user=0.41 sys=0.00, real=0.42 secs] 
2018-03-17T00:19:44.695+0500: 1410.618: [GC (Allocation Failure) 2018-03-17T00:19:44.695+0500: 1410.618: [DefNew: 157248K->17472K(157248K), 0.3211550 secs] 303459K->303458K(506816K), 0.3212555 secs] [Times: user=0.31 sys=0.00, real=0.32 secs] 
2018-03-17T00:19:45.075+0500: 1410.999: [GC (Allocation Failure) 2018-03-17T00:19:45.075+0500: 1410.999: [DefNew: 146063K->146063K(157248K), 0.0000299 secs]2018-03-17T00:19:45.075+0500: 1410.999: [Tenured: 285986K->715K(349568K), 0.1674243 secs] 432050K->715K(506816K), [Metaspace: 5350K->5350K(1056768K)], 0.1675427 secs] [Times: user=0.17 sys=0.00, real=0.17 secs] 
2018-03-17T00:19:45.272+0500: 1411.196: [GC (Allocation Failure) 2018-03-17T00:19:45.272+0500: 1411.196: [DefNew: 139776K->17472K(157248K), 0.2480006 secs] 140491K->140490K(506816K), 0.2480951 secs] [Times: user=0.23 sys=0.00, real=0.25 secs] 
2018-03-17T00:19:45.550+0500: 1411.474: [GC (Allocation Failure) 2018-03-17T00:19:45.550+0500: 1411.474: [DefNew: 157248K->17472K(157248K), 0.2886551 secs] 280266K->280229K(506816K), 0.2887295 secs] [Times: user=0.30 sys=0.00, real=0.29 secs] 
2018-03-17T00:19:45.878+0500: 1411.801: [GC (Allocation Failure) 2018-03-17T00:19:45.878+0500: 1411.802: [DefNew: 157248K->157248K(157248K), 0.0000171 secs]2018-03-17T00:19:45.878+0500: 1411.802: [Tenured: 262757K->205160K(349568K), 0.5616148 secs] 420005K->205160K(506816K), [Metaspace: 5350K->5350K(1056768K)], 0.5617132 secs] [Times: user=0.56 sys=0.00, real=0.56 secs] 
2018-03-17T00:19:46.489+0500: 1412.413: [GC (Allocation Failure) 2018-03-17T00:19:46.489+0500: 1412.413: [DefNew: 139776K->17472K(157248K), 0.3683167 secs] 344936K->344935K(506816K), 0.3683958 secs] [Times: user=0.38 sys=0.00, real=0.37 secs] 
2018-03-17T00:19:46.916+0500: 1412.840: [GC (Allocation Failure) 2018-03-17T00:19:46.916+0500: 1412.841: [DefNew: 157248K->157248K(157248K), 0.0000231 secs]2018-03-17T00:19:46.916+0500: 1412.841: [Tenured: 327463K->55022K(349568K), 0.2982431 secs] 484711K->55022K(506816K), [Metaspace: 5350K->5350K(1056768K)], 0.2983564 secs] [Times: user=0.28 sys=0.00, real=0.30 secs] 
2018-03-17T00:19:47.267+0500: 1413.191: [GC (Allocation Failure) 2018-03-17T00:19:47.267+0500: 1413.191: [DefNew: 139776K->17472K(157248K), 0.3230744 secs] 194798K->194797K(506816K), 0.3231483 secs] [Times: user=0.33 sys=0.00, real=0.32 secs] 
2018-03-17T00:19:47.616+0500: 1413.540: [GC (Allocation Failure) 2018-03-17T00:19:47.616+0500: 1413.540: [DefNew: 157248K->17471K(157248K), 0.2671920 secs] 334573K->334572K(506816K), 0.2672561 secs] [Times: user=0.27 sys=0.00, real=0.27 secs] 
2018-03-17T00:19:47.909+0500: 1413.833: [GC (Allocation Failure) 2018-03-17T00:19:47.909+0500: 1413.833: [DefNew: 157247K->157247K(157248K), 0.0000167 secs]2018-03-17T00:19:47.909+0500: 1413.833: [Tenured: 317100K->44659K(349568K), 0.1988923 secs] 474348K->44659K(506816K), [Metaspace: 5350K->5350K(1056768K)], 0.1989881 secs] [Times: user=0.20 sys=0.00, real=0.20 secs] 
2018-03-17T00:19:48.138+0500: 1414.062: [GC (Allocation Failure) 2018-03-17T00:19:48.138+0500: 1414.062: [DefNew: 139776K->17471K(157248K), 0.2582177 secs] 184435K->184434K(506816K), 0.2582840 secs] [Times: user=0.26 sys=0.00, real=0.26 secs] 
2018-03-17T00:19:48.422+0500: 1414.346: [GC (Allocation Failure) 2018-03-17T00:19:48.422+0500: 1414.346: [DefNew: 157247K->17472K(157248K), 0.2647360 secs] 324210K->324208K(506816K), 0.2647993 secs] [Times: user=0.26 sys=0.00, real=0.27 secs] 
2018-03-17T00:19:48.714+0500: 1414.637: [GC (Allocation Failure) 2018-03-17T00:19:48.714+0500: 1414.637: [DefNew: 157248K->157248K(157248K), 0.0000398 secs]2018-03-17T00:19:48.714+0500: 1414.637: [Tenured: 306736K->34272K(349568K), 0.1824174 secs] 463984K->34272K(506816K), [Metaspace: 5350K->5350K(1056768K)], 0.1825469 secs] [Times: user=0.17 sys=0.00, real=0.18 secs] 
2018-03-17T00:19:48.933+0500: 1414.857: [GC (Allocation Failure) 2018-03-17T00:19:48.933+0500: 1414.857: [DefNew: 139776K->17472K(157248K), 0.3527116 secs] 174048K->174046K(506816K), 0.3527817 secs] [Times: user=0.34 sys=0.00, real=0.35 secs] 
2018-03-17T00:19:49.317+0500: 1415.241: [GC (Allocation Failure) 2018-03-17T00:19:49.317+0500: 1415.241: [DefNew: 157248K->17472K(157248K), 0.2630968 secs] 313822K->313821K(506816K), 0.2631622 secs] [Times: user=0.27 sys=0.00, real=0.26 secs] 
2018-03-17T00:19:49.606+0500: 1415.531: [GC (Allocation Failure) 2018-03-17T00:19:49.606+0500: 1415.531: [DefNew: 157248K->157248K(157248K), 0.0000171 secs]2018-03-17T00:19:49.606+0500: 1415.531: [Tenured: 296349K->23908K(349568K), 0.1587001 secs] 453597K->23908K(506816K), [Metaspace: 5350K->5350K(1056768K)], 0.1587895 secs] [Times: user=0.16 sys=0.00, real=0.16 secs] 
2018-03-17T00:19:49.797+0500: 1415.721: [GC (Allocation Failure) 2018-03-17T00:19:49.797+0500: 1415.721: [DefNew: 139776K->17472K(157248K), 0.2733763 secs] 163684K->163683K(506816K), 0.2734426 secs] [Times: user=0.28 sys=0.00, real=0.27 secs] 
2018-03-17T00:19:50.098+0500: 1416.022: [GC (Allocation Failure) 2018-03-17T00:19:50.098+0500: 1416.022: [DefNew: 157248K->17472K(157248K), 0.2735089 secs] 303459K->303458K(506816K), 0.2735687 secs] [Times: user=0.28 sys=0.00, real=0.27 secs] 
2018-03-17T00:19:50.397+0500: 1416.321: [GC (Allocation Failure) 2018-03-17T00:19:50.397+0500: 1416.321: [DefNew: 146063K->146063K(157248K), 0.0000171 secs]2018-03-17T00:19:50.397+0500: 1416.321: [Tenured: 285986K->715K(349568K), 0.1368633 secs] 432050K->715K(506816K), [Metaspace: 5350K->5350K(1056768K)], 0.1369509 secs] [Times: user=0.13 sys=0.00, real=0.14 secs] 
2018-03-17T00:19:50.563+0500: 1416.487: [GC (Allocation Failure) 2018-03-17T00:19:50.563+0500: 1416.487: [DefNew: 139776K->17472K(157248K), 0.2259166 secs] 140491K->140490K(506816K), 0.2259816 secs] [Times: user=0.24 sys=0.00, real=0.23 secs] 
2018-03-17T00:19:50.817+0500: 1416.741: [GC (Allocation Failure) 2018-03-17T00:19:50.817+0500: 1416.741: [DefNew: 157248K->17472K(157248K), 0.2588143 secs] 280266K->280229K(506816K), 0.2588767 secs] [Times: user=0.27 sys=0.00, real=0.26 secs] 
2018-03-17T00:19:51.104+0500: 1417.028: [GC (Allocation Failure) 2018-03-17T00:19:51.104+0500: 1417.028: [DefNew: 157248K->157248K(157248K), 0.0000167 secs]2018-03-17T00:19:51.104+0500: 1417.028: [Tenured: 262757K->205160K(349568K), 0.4735986 secs] 420005K->205160K(506816K), [Metaspace: 5350K->5350K(1056768K)], 0.4736905 secs] [Times: user=0.47 sys=0.00, real=0.47 secs] 
2018-03-17T00:19:51.614+0500: 1417.537: [GC (Allocation Failure) 2018-03-17T00:19:51.614+0500: 1417.537: [DefNew: 139776K->17472K(157248K), 0.2923748 secs] 344936K->344935K(506816K), 0.2924526 secs] [Times: user=0.28 sys=0.02, real=0.29 secs] 
2018-03-17T00:19:51.932+0500: 1417.856: [GC (Allocation Failure) 2018-03-17T00:19:51.932+0500: 1417.856: [DefNew: 157248K->157248K(157248K), 0.0000175 secs]2018-03-17T00:19:51.932+0500: 1417.856: [Tenured: 327463K->55022K(349568K), 0.2214887 secs] 484711K->55022K(506816K), [Metaspace: 5350K->5350K(1056768K)], 0.2215815 secs] [Times: user=0.22 sys=0.00, real=0.22 secs] 
2018-03-17T00:19:52.182+0500: 1418.106: [GC (Allocation Failure) 2018-03-17T00:19:52.182+0500: 1418.106: [DefNew: 139776K->17472K(157248K), 0.3082852 secs] 194798K->194797K(506816K), 0.3083549 secs] [Times: user=0.31 sys=0.00, real=0.31 secs] 
2018-03-17T00:19:52.529+0500: 1418.453: [GC (Allocation Failure) 2018-03-17T00:19:52.529+0500: 1418.453: [DefNew: 157248K->17471K(157248K), 0.2642305 secs] 334573K->334572K(506816K), 0.2643109 secs] [Times: user=0.26 sys=0.00, real=0.26 secs] 
2018-03-17T00:19:52.822+0500: 1418.745: [GC (Allocation Failure) 2018-03-17T00:19:52.822+0500: 1418.745: [DefNew: 157247K->157247K(157248K), 0.0000145 secs]2018-03-17T00:19:52.822+0500: 1418.745: [Tenured: 317100K->44659K(349568K), 0.2069365 secs] 474348K->44659K(506816K), [Metaspace: 5350K->5350K(1056768K)], 0.2070297 secs] [Times: user=0.20 sys=0.00, real=0.21 secs] 
2018-03-17T00:19:53.081+0500: 1419.005: [GC (Allocation Failure) 2018-03-17T00:19:53.081+0500: 1419.005: [DefNew: 139776K->17471K(157248K), 0.2987691 secs] 184435K->184434K(506816K), 0.2988401 secs] [Times: user=0.28 sys=0.00, real=0.30 secs] 
2018-03-17T00:19:53.407+0500: 1419.331: [GC (Allocation Failure) 2018-03-17T00:19:53.407+0500: 1419.331: [DefNew: 157247K->17472K(157248K), 0.2651106 secs] 324210K->324208K(506816K), 0.2651777 secs] [Times: user=0.27 sys=0.00, real=0.26 secs] 
2018-03-17T00:19:53.699+0500: 1419.623: [GC (Allocation Failure) 2018-03-17T00:19:53.699+0500: 1419.624: [DefNew: 157248K->157248K(157248K), 0.0000167 secs]2018-03-17T00:19:53.699+0500: 1419.624: [Tenured: 306736K->34272K(349568K), 0.1815672 secs] 463984K->34272K(506816K), [Metaspace: 5350K->5350K(1056768K)], 0.1816604 secs] [Times: user=0.19 sys=0.00, real=0.18 secs] 
2018-03-17T00:19:53.912+0500: 1419.836: [GC (Allocation Failure) 2018-03-17T00:19:53.912+0500: 1419.836: [DefNew: 139776K->17472K(157248K), 0.2871604 secs] 174048K->174046K(506816K), 0.2872233 secs] [Times: user=0.28 sys=0.00, real=0.29 secs] 
2018-03-17T00:19:54.227+0500: 1420.151: [GC (Allocation Failure) 2018-03-17T00:19:54.227+0500: 1420.151: [DefNew: 157248K->17472K(157248K), 0.2631327 secs] 313822K->313821K(506816K), 0.2631973 secs] [Times: user=0.25 sys=0.00, real=0.26 secs] 
2018-03-17T00:19:54.518+0500: 1420.442: [GC (Allocation Failure) 2018-03-17T00:19:54.518+0500: 1420.442: [DefNew: 157248K->157248K(157248K), 0.0000163 secs]2018-03-17T00:19:54.518+0500: 1420.442: [Tenured: 296349K->23908K(349568K), 0.1670295 secs] 453597K->23908K(506816K), [Metaspace: 5350K->5350K(1056768K)], 0.1671292 secs] [Times: user=0.17 sys=0.00, real=0.17 secs] 
2018-03-17T00:19:54.733+0500: 1420.657: [GC (Allocation Failure) 2018-03-17T00:19:54.733+0500: 1420.657: [DefNew: 139776K->17472K(157248K), 0.3212359 secs] 163684K->163683K(506816K), 0.3213103 secs] [Times: user=0.33 sys=0.00, real=0.32 secs] 
2018-03-17T00:19:55.084+0500: 1421.008: [GC (Allocation Failure) 2018-03-17T00:19:55.084+0500: 1421.008: [DefNew: 157248K->17472K(157248K), 0.2827718 secs] 303459K->303458K(506816K), 0.2828454 secs] [Times: user=0.28 sys=0.00, real=0.28 secs] 
2018-03-17T00:19:55.406+0500: 1421.330: [GC (Allocation Failure) 2018-03-17T00:19:55.406+0500: 1421.330: [DefNew: 146063K->146063K(157248K), 0.0000180 secs]2018-03-17T00:19:55.406+0500: 1421.330: [Tenured: 285986K->715K(349568K), 0.1476029 secs] 432050K->715K(506816K), [Metaspace: 5350K->5350K(1056768K)], 0.1477000 secs] [Times: user=0.16 sys=0.00, real=0.15 secs] 
2018-03-17T00:19:55.602+0500: 1421.525: [GC (Allocation Failure) 2018-03-17T00:19:55.602+0500: 1421.525: [DefNew: 139776K->17472K(157248K), 0.2453710 secs] 140491K->140490K(506816K), 0.2454561 secs] [Times: user=0.23 sys=0.00, real=0.24 secs] 
2018-03-17T00:19:55.873+0500: 1421.797: [GC (Allocation Failure) 2018-03-17T00:19:55.873+0500: 1421.797: [DefNew: 157248K->17472K(157248K), 0.2629732 secs] 280266K->280229K(506816K), 0.2630352 secs] [Times: user=0.27 sys=0.00, real=0.26 secs] 
2018-03-17T00:19:56.164+0500: 1422.088: [GC (Allocation Failure) 2018-03-17T00:19:56.164+0500: 1422.088: [DefNew: 157248K->157248K(157248K), 0.0000171 secs]2018-03-17T00:19:56.164+0500: 1422.088: [Tenured: 262757K->205160K(349568K), 0.5003988 secs] 420005K->205160K(506816K), [Metaspace: 5350K->5350K(1056768K)], 0.5004882 secs] [Times: user=0.50 sys=0.00, real=0.50 secs] 
2018-03-17T00:19:56.691+0500: 1422.615: [GC (Allocation Failure) 2018-03-17T00:19:56.691+0500: 1422.615: [DefNew: 139776K->17472K(157248K), 0.2291980 secs] 344936K->344935K(506816K), 0.2292595 secs] [Times: user=0.23 sys=0.00, real=0.23 secs] 
2018-03-17T00:19:56.946+0500: 1422.870: [GC (Allocation Failure) 2018-03-17T00:19:56.946+0500: 1422.870: [DefNew: 157248K->157248K(157248K), 0.0000158 secs]2018-03-17T00:19:56.946+0500: 1422.870: [Tenured: 327463K->55022K(349568K), 0.2211423 secs] 484711K->55022K(506816K), [Metaspace: 5350K->5350K(1056768K)], 0.2212333 secs] [Times: user=0.22 sys=0.00, real=0.22 secs] 
2018-03-17T00:19:57.196+0500: 1423.120: [GC (Allocation Failure) 2018-03-17T00:19:57.197+0500: 1423.120: [DefNew: 139776K->17472K(157248K), 0.2576489 secs] 194798K->194797K(506816K), 0.2577528 secs] [Times: user=0.25 sys=0.00, real=0.26 secs] 
2018-03-17T00:19:57.481+0500: 1423.405: [GC (Allocation Failure) 2018-03-17T00:19:57.481+0500: 1423.405: [DefNew: 157248K->17471K(157248K), 0.2544586 secs] 334573K->334572K(506816K), 0.2545219 secs] [Times: user=0.25 sys=0.00, real=0.25 secs] 
2018-03-17T00:19:57.761+0500: 1423.685: [GC (Allocation Failure) 2018-03-17T00:19:57.761+0500: 1423.685: [DefNew: 157247K->157247K(157248K), 0.0000158 secs]2018-03-17T00:19:57.761+0500: 1423.685: [Tenured: 317100K->44659K(349568K), 0.2057510 secs] 474348K->44659K(506816K), [Metaspace: 5350K->5350K(1056768K)], 0.2058395 secs] [Times: user=0.20 sys=0.00, real=0.21 secs] 
2018-03-17T00:19:57.996+0500: 1423.920: [GC (Allocation Failure) 2018-03-17T00:19:57.996+0500: 1423.920: [DefNew: 139776K->17471K(157248K), 0.2554550 secs] 184435K->184434K(506816K), 0.2555342 secs] [Times: user=0.25 sys=0.00, real=0.26 secs] 
2018-03-17T00:19:58.277+0500: 1424.202: [GC (Allocation Failure) 2018-03-17T00:19:58.277+0500: 1424.202: [DefNew: 157247K->17472K(157248K), 0.2517097 secs] 324210K->324208K(506816K), 0.2517742 secs] [Times: user=0.25 sys=0.00, real=0.25 secs] 
2018-03-17T00:19:58.558+0500: 1424.482: [GC (Allocation Failure) 2018-03-17T00:19:58.558+0500: 1424.482: [DefNew: 157248K->157248K(157248K), 0.0000188 secs]2018-03-17T00:19:58.558+0500: 1424.482: [Tenured: 306736K->34272K(349568K), 0.1832017 secs] 463984K->34272K(506816K), [Metaspace: 5350K->5350K(1056768K)], 0.1832966 secs] [Times: user=0.19 sys=0.00, real=0.18 secs] 
2018-03-17T00:19:58.776+0500: 1424.699: [GC (Allocation Failure) 2018-03-17T00:19:58.776+0500: 1424.699: [DefNew: 139776K->17472K(157248K), 0.2758062 secs] 174048K->174046K(506816K), 0.2758819 secs] [Times: user=0.25 sys=0.00, real=0.28 secs] 
2018-03-17T00:19:59.077+0500: 1425.001: [GC (Allocation Failure) 2018-03-17T00:19:59.077+0500: 1425.001: [DefNew: 157248K->17472K(157248K), 0.2562719 secs] 313822K->313821K(506816K), 0.2563390 secs] [Times: user=0.25 sys=0.00, real=0.26 secs] 
2018-03-17T00:19:59.359+0500: 1425.283: [GC (Allocation Failure) 2018-03-17T00:19:59.359+0500: 1425.283: [DefNew: 157248K->157248K(157248K), 0.0000197 secs]2018-03-17T00:19:59.359+0500: 1425.283: [Tenured: 296349K->23908K(349568K), 0.1551181 secs] 453597K->23908K(506816K), [Metaspace: 5350K->5350K(1056768K)], 0.1552165 secs] [Times: user=0.16 sys=0.00, real=0.15 secs] 
2018-03-17T00:19:59.543+0500: 1425.467: [GC (Allocation Failure) 2018-03-17T00:19:59.543+0500: 1425.467: [DefNew: 139776K->17472K(157248K), 0.2572606 secs] 163684K->163683K(506816K), 0.2573423 secs] [Times: user=0.25 sys=0.00, real=0.26 secs] 
2018-03-17T00:19:59.827+0500: 1425.750: [GC (Allocation Failure) 2018-03-17T00:19:59.827+0500: 1425.750: [DefNew: 157248K->17472K(157248K), 0.2696634 secs] 303459K->303458K(506816K), 0.2697382 secs] [Times: user=0.27 sys=0.00, real=0.27 secs] 
2018-03-17T00:20:00.122+0500: 1426.046: [GC (Allocation Failure) 2018-03-17T00:20:00.122+0500: 1426.046: [DefNew: 146063K->146063K(157248K), 0.0000145 secs]2018-03-17T00:20:00.122+0500: 1426.046: [Tenured: 285986K->715K(349568K), 0.1354529 secs] 432050K->715K(506816K), [Metaspace: 5350K->5350K(1056768K)], 0.1355422 secs] [Times: user=0.14 sys=0.00, real=0.14 secs] 
2018-03-17T00:20:00.283+0500: 1426.207: [GC (Allocation Failure) 2018-03-17T00:20:00.284+0500: 1426.207: [DefNew: 139776K->17472K(157248K), 0.2209626 secs] 140491K->140490K(506816K), 0.2210276 secs] [Times: user=0.22 sys=0.00, real=0.22 secs] 
2018-03-17T00:20:00.530+0500: 1426.454: [GC (Allocation Failure) 2018-03-17T00:20:00.530+0500: 1426.454: [DefNew: 157248K->17472K(157248K), 0.2570900 secs] 280266K->280229K(506816K), 0.2571533 secs] [Times: user=0.27 sys=0.00, real=0.26 secs] 
2018-03-17T00:20:00.818+0500: 1426.743: [GC (Allocation Failure) 2018-03-17T00:20:00.819+0500: 1426.743: [DefNew: 157248K->157248K(157248K), 0.0000295 secs]2018-03-17T00:20:00.819+0500: 1426.743: [Tenured: 262757K->205160K(349568K), 0.4779927 secs] 420005K->205160K(506816K), [Metaspace: 5350K->5350K(1056768K)], 0.4781313 secs] [Times: user=0.47 sys=0.00, real=0.48 secs] 
2018-03-17T00:20:01.323+0500: 1427.247: [GC (Allocation Failure) 2018-03-17T00:20:01.323+0500: 1427.247: [DefNew: 139776K->17472K(157248K), 0.2262600 secs] 344936K->344935K(506816K), 0.2263263 secs] [Times: user=0.22 sys=0.00, real=0.23 secs] 
2018-03-17T00:20:01.576+0500: 1427.500: [GC (Allocation Failure) 2018-03-17T00:20:01.576+0500: 1427.500: [DefNew: 157248K->157248K(157248K), 0.0000167 secs]2018-03-17T00:20:01.576+0500: 1427.500: [Tenured: 327463K->55022K(349568K), 0.2212838 secs] 484711K->55022K(506816K), [Metaspace: 5350K->5350K(1056768K)], 0.2213903 secs] [Times: user=0.22 sys=0.00, real=0.22 secs] 
2018-03-17T00:20:01.830+0500: 1427.754: [GC (Allocation Failure) 2018-03-17T00:20:01.830+0500: 1427.754: [DefNew: 139776K->17472K(157248K), 0.2565237 secs] 194798K->194797K(506816K), 0.2565849 secs] [Times: user=0.27 sys=0.00, real=0.26 secs] 
2018-03-17T00:20:02.112+0500: 1428.036: [GC (Allocation Failure) 2018-03-17T00:20:02.112+0500: 1428.036: [DefNew: 157248K->17471K(157248K), 0.2504737 secs] 334573K->334572K(506816K), 0.2505353 secs] [Times: user=0.25 sys=0.00, real=0.25 secs] 
2018-03-17T00:20:02.388+0500: 1428.312: [GC (Allocation Failure) 2018-03-17T00:20:02.388+0500: 1428.313: [DefNew: 157247K->157247K(157248K), 0.0000171 secs]2018-03-17T00:20:02.388+0500: 1428.313: [Tenured: 317100K->44659K(349568K), 0.2008184 secs] 474348K->44659K(506816K), [Metaspace: 5350K->5350K(1056768K)], 0.2009181 secs] [Times: user=0.20 sys=0.00, real=0.20 secs] 
2018-03-17T00:20:02.619+0500: 1428.543: [GC (Allocation Failure) 2018-03-17T00:20:02.619+0500: 1428.543: [DefNew: 139776K->17471K(157248K), 0.2625370 secs] 184435K->184434K(506816K), 0.2626020 secs] [Times: user=0.26 sys=0.00, real=0.26 secs] 
2018-03-17T00:20:02.907+0500: 1428.831: [GC (Allocation Failure) 2018-03-17T00:20:02.907+0500: 1428.831: [DefNew: 157247K->17472K(157248K), 0.2532967 secs] 324210K->324208K(506816K), 0.2533608 secs] [Times: user=0.25 sys=0.00, real=0.25 secs] 
2018-03-17T00:20:03.186+0500: 1429.110: [GC (Allocation Failure) 2018-03-17T00:20:03.186+0500: 1429.110: [DefNew: 157248K->157248K(157248K), 0.0000158 secs]2018-03-17T00:20:03.186+0500: 1429.110: [Tenured: 306736K->34272K(349568K), 0.1786570 secs] 463984K->34272K(506816K), [Metaspace: 5350K->5350K(1056768K)], 0.1787447 secs] [Times: user=0.17 sys=0.00, real=0.18 secs] 
2018-03-17T00:20:03.394+0500: 1429.318: [GC (Allocation Failure) 2018-03-17T00:20:03.394+0500: 1429.318: [DefNew: 139776K->17472K(157248K), 0.2634026 secs] 174048K->174046K(506816K), 0.2634787 secs] [Times: user=0.27 sys=0.00, real=0.26 secs] 
2018-03-17T00:20:03.683+0500: 1429.607: [GC (Allocation Failure) 2018-03-17T00:20:03.683+0500: 1429.607: [DefNew: 157248K->17472K(157248K), 0.2542696 secs] 313822K->313821K(506816K), 0.2543303 secs] [Times: user=0.25 sys=0.00, real=0.25 secs] 
2018-03-17T00:20:03.964+0500: 1429.887: [GC (Allocation Failure) 2018-03-17T00:20:03.964+0500: 1429.887: [DefNew: 157248K->157248K(157248K), 0.0000171 secs]2018-03-17T00:20:03.964+0500: 1429.887: [Tenured: 296349K->23908K(349568K), 0.1566555 secs] 453597K->23908K(506816K), [Metaspace: 5350K->5350K(1056768K)], 0.1567620 secs] [Times: user=0.16 sys=0.00, real=0.16 secs] 
2018-03-17T00:20:04.155+0500: 1430.079: [GC (Allocation Failure) 2018-03-17T00:20:04.155+0500: 1430.079: [DefNew: 139776K->17472K(157248K), 0.2554632 secs] 163684K->163683K(506816K), 0.2555260 secs] [Times: user=0.25 sys=0.00, real=0.26 secs] 
2018-03-17T00:20:04.436+0500: 1430.360: [GC (Allocation Failure) 2018-03-17T00:20:04.436+0500: 1430.360: [DefNew: 157248K->17472K(157248K), 0.2570395 secs] 303459K->303458K(506816K), 0.2571468 secs] [Times: user=0.25 sys=0.00, real=0.26 secs] 
2018-03-17T00:20:04.719+0500: 1430.643: [GC (Allocation Failure) 2018-03-17T00:20:04.719+0500: 1430.643: [DefNew: 146063K->146063K(157248K), 0.0000175 secs]2018-03-17T00:20:04.720+0500: 1430.643: [Tenured: 285986K->715K(349568K), 0.1372952 secs] 432050K->715K(506816K), [Metaspace: 5350K->5350K(1056768K)], 0.1373889 secs] [Times: user=0.14 sys=0.00, real=0.14 secs] 
2018-03-17T00:20:04.883+0500: 1430.807: [GC (Allocation Failure) 2018-03-17T00:20:04.883+0500: 1430.807: [DefNew: 139776K->17472K(157248K), 0.2309924 secs] 140491K->140490K(506816K), 0.2310548 secs] [Times: user=0.22 sys=0.00, real=0.23 secs] 
2018-03-17T00:20:05.145+0500: 1431.069: [GC (Allocation Failure) 2018-03-17T00:20:05.145+0500: 1431.069: [DefNew: 157248K->17472K(157248K), 0.2552575 secs] 280266K->280229K(506816K), 0.2553370 secs] [Times: user=0.27 sys=0.00, real=0.26 secs] 
2018-03-17T00:20:05.429+0500: 1431.352: [GC (Allocation Failure) 2018-03-17T00:20:05.429+0500: 1431.352: [DefNew: 157248K->157248K(157248K), 0.0000231 secs]2018-03-17T00:20:05.429+0500: 1431.352: [Tenured: 262757K->205160K(349568K), 0.4723468 secs] 420005K->205160K(506816K), [Metaspace: 5350K->5350K(1056768K)], 0.4724521 secs] [Times: user=0.47 sys=0.00, real=0.47 secs] 
2018-03-17T00:20:05.926+0500: 1431.850: [GC (Allocation Failure) 2018-03-17T00:20:05.927+0500: 1431.850: [DefNew: 139776K->17472K(157248K), 0.2250596 secs] 344936K->344935K(506816K), 0.2251254 secs] [Times: user=0.23 sys=0.00, real=0.22 secs] 
2018-03-17T00:20:06.179+0500: 1432.103: [GC (Allocation Failure) 2018-03-17T00:20:06.179+0500: 1432.103: [DefNew: 157248K->157248K(157248K), 0.0000210 secs]2018-03-17T00:20:06.179+0500: 1432.103: [Tenured: 327463K->55022K(349568K), 0.2226378 secs] 484711K->55022K(506816K), [Metaspace: 5350K->5350K(1056768K)], 0.2227430 secs] [Times: user=0.22 sys=0.00, real=0.22 secs] 
2018-03-17T00:20:06.430+0500: 1432.354: [GC (Allocation Failure) 2018-03-17T00:20:06.430+0500: 1432.354: [DefNew: 139776K->17472K(157248K), 0.2557292 secs] 194798K->194797K(506816K), 0.2557882 secs] [Times: user=0.25 sys=0.00, real=0.26 secs] 
2018-03-17T00:20:06.711+0500: 1432.636: [GC (Allocation Failure) 2018-03-17T00:20:06.711+0500: 1432.636: [DefNew: 157248K->17471K(157248K), 0.2537273 secs] 334573K->334572K(506816K), 0.2537979 secs] [Times: user=0.25 sys=0.00, real=0.26 secs] 
2018-03-17T00:20:06.992+0500: 1432.915: [GC (Allocation Failure) 2018-03-17T00:20:06.992+0500: 1432.915: [DefNew: 157247K->157247K(157248K), 0.0000154 secs]2018-03-17T00:20:06.992+0500: 1432.915: [Tenured: 317100K->44659K(349568K), 0.1986259 secs] 474348K->44659K(506816K), [Metaspace: 5350K->5350K(1056768K)], 0.1987187 secs] [Times: user=0.19 sys=0.00, real=0.20 secs] 
2018-03-17T00:20:07.221+0500: 1433.144: [GC (Allocation Failure) 2018-03-17T00:20:07.221+0500: 1433.144: [DefNew: 139776K->17471K(157248K), 0.2566670 secs] 184435K->184434K(506816K), 0.2567333 secs] [Times: user=0.26 sys=0.00, real=0.26 secs] 
2018-03-17T00:20:07.503+0500: 1433.427: [GC (Allocation Failure) 2018-03-17T00:20:07.503+0500: 1433.427: [DefNew: 157247K->17472K(157248K), 0.2528895 secs] 324210K->324208K(506816K), 0.2529516 secs] [Times: user=0.25 sys=0.00, real=0.25 secs] 
2018-03-17T00:20:07.781+0500: 1433.705: [GC (Allocation Failure) 2018-03-17T00:20:07.781+0500: 1433.705: [DefNew: 157248K->157248K(157248K), 0.0000167 secs]2018-03-17T00:20:07.781+0500: 1433.705: [Tenured: 306736K->34272K(349568K), 0.1769823 secs] 463984K->34272K(506816K), [Metaspace: 5350K->5350K(1056768K)], 0.1770708 secs] [Times: user=0.17 sys=0.00, real=0.18 secs] 
2018-03-17T00:20:07.986+0500: 1433.911: [GC (Allocation Failure) 2018-03-17T00:20:07.986+0500: 1433.911: [DefNew: 139776K->17472K(157248K), 0.2551441 secs] 174048K->174046K(506816K), 0.2552057 secs] [Times: user=0.26 sys=0.00, real=0.26 secs] 
2018-03-17T00:20:08.268+0500: 1434.191: [GC (Allocation Failure) 2018-03-17T00:20:08.268+0500: 1434.191: [DefNew: 157248K->17472K(157248K), 0.2519893 secs] 313822K->313821K(506816K), 0.2520616 secs] [Times: user=0.25 sys=0.00, real=0.25 secs] 
2018-03-17T00:20:08.547+0500: 1434.470: [GC (Allocation Failure) 2018-03-17T00:20:08.547+0500: 1434.470: [DefNew: 157248K->157248K(157248K), 0.0000167 secs]2018-03-17T00:20:08.547+0500: 1434.470: [Tenured: 296349K->23908K(349568K), 0.1598740 secs] 453597K->23908K(506816K), [Metaspace: 5350K->5350K(1056768K)], 0.1599651 secs] [Times: user=0.16 sys=0.00, real=0.16 secs] 
2018-03-17T00:20:08.735+0500: 1434.659: [GC (Allocation Failure) 2018-03-17T00:20:08.735+0500: 1434.659: [DefNew: 139776K->17472K(157248K), 0.2603521 secs] 163684K->163683K(506816K), 0.2604145 secs] [Times: user=0.26 sys=0.00, real=0.26 secs] 
2018-03-17T00:20:09.021+0500: 1434.945: [GC (Allocation Failure) 2018-03-17T00:20:09.021+0500: 1434.945: [DefNew: 157248K->17472K(157248K), 0.2536332 secs] 303459K->303458K(506816K), 0.2536944 secs] [Times: user=0.26 sys=0.00, real=0.25 secs] 
2018-03-17T00:20:09.300+0500: 1435.224: [GC (Allocation Failure) 2018-03-17T00:20:09.300+0500: 1435.224: [DefNew: 146063K->146063K(157248K), 0.0000175 secs]2018-03-17T00:20:09.300+0500: 1435.224: [Tenured: 285986K->715K(349568K), 0.1356603 secs] 432050K->715K(506816K), [Metaspace: 5350K->5350K(1056768K)], 0.1357578 secs] [Times: user=0.14 sys=0.00, real=0.13 secs] 
2018-03-17T00:20:09.461+0500: 1435.385: [GC (Allocation Failure) 2018-03-17T00:20:09.461+0500: 1435.385: [DefNew: 139776K->17472K(157248K), 0.2234221 secs] 140491K->140490K(506816K), 0.2234841 secs] [Times: user=0.22 sys=0.00, real=0.22 secs] 
2018-03-17T00:20:09.712+0500: 1435.635: [GC (Allocation Failure) 2018-03-17T00:20:09.712+0500: 1435.635: [DefNew: 157248K->17472K(157248K), 0.2627782 secs] 280266K->280229K(506816K), 0.2628736 secs] [Times: user=0.25 sys=0.00, real=0.26 secs] 
2018-03-17T00:20:10.003+0500: 1435.927: [GC (Allocation Failure) 2018-03-17T00:20:10.003+0500: 1435.927: [DefNew: 157248K->157248K(157248K), 0.0000163 secs]2018-03-17T00:20:10.003+0500: 1435.927: [Tenured: 262757K->205160K(349568K), 0.4834637 secs] 420005K->205160K(506816K), [Metaspace: 5350K->5350K(1056768K)], 0.4835531 secs] [Times: user=0.49 sys=0.00, real=0.48 secs] 
2018-03-17T00:20:10.512+0500: 1436.436: [GC (Allocation Failure) 2018-03-17T00:20:10.512+0500: 1436.436: [DefNew: 139776K->17472K(157248K), 0.2425989 secs] 344936K->344935K(506816K), 0.2426665 secs] [Times: user=0.23 sys=0.00, real=0.24 secs] 
2018-03-17T00:20:10.784+0500: 1436.708: [GC (Allocation Failure) 2018-03-17T00:20:10.784+0500: 1436.708: [DefNew: 157248K->157248K(157248K), 0.0000184 secs]2018-03-17T00:20:10.784+0500: 1436.708: [Tenured: 327463K->55022K(349568K), 0.2343268 secs] 484711K->55022K(506816K), [Metaspace: 5350K->5350K(1056768K)], 0.2344372 secs] [Times: user=0.24 sys=0.00, real=0.24 secs] 
2018-03-17T00:20:11.047+0500: 1436.971: [GC (Allocation Failure) 2018-03-17T00:20:11.047+0500: 1436.971: [DefNew: 139776K->17472K(157248K), 0.2549312 secs] 194798K->194797K(506816K), 0.2549975 secs] [Times: user=0.25 sys=0.00, real=0.26 secs] 
2018-03-17T00:20:11.335+0500: 1437.259: [GC (Allocation Failure) 2018-03-17T00:20:11.335+0500: 1437.259: [DefNew: 157248K->17471K(157248K), 0.2583657 secs] 334573K->334572K(506816K), 0.2584285 secs] [Times: user=0.25 sys=0.00, real=0.26 secs] 
2018-03-17T00:20:11.619+0500: 1437.543: [GC (Allocation Failure) 2018-03-17T00:20:11.619+0500: 1437.543: [DefNew: 157247K->157247K(157248K), 0.0000145 secs]2018-03-17T00:20:11.619+0500: 1437.543: [Tenured: 317100K->44659K(349568K), 0.2029229 secs] 474348K->44659K(506816K), [Metaspace: 5350K->5350K(1056768K)], 0.2030059 secs] [Times: user=0.20 sys=0.00, real=0.20 secs] 
2018-03-17T00:20:11.851+0500: 1437.775: [GC (Allocation Failure) 2018-03-17T00:20:11.851+0500: 1437.775: [DefNew: 139776K->17471K(157248K), 0.2555175 secs] 184435K->184434K(506816K), 0.2555791 secs] [Times: user=0.25 sys=0.00, real=0.25 secs] 
2018-03-17T00:20:12.132+0500: 1438.056: [GC (Allocation Failure) 2018-03-17T00:20:12.132+0500: 1438.056: [DefNew: 157247K->17472K(157248K), 0.2502107 secs] 324210K->324208K(506816K), 0.2502719 secs] [Times: user=0.25 sys=0.00, real=0.25 secs] 
2018-03-17T00:20:12.407+0500: 1438.332: [GC (Allocation Failure) 2018-03-17T00:20:12.407+0500: 1438.332: [DefNew: 157248K->157248K(157248K), 0.0000167 secs]2018-03-17T00:20:12.407+0500: 1438.332: [Tenured: 306736K->34272K(349568K), 0.1771461 secs] 463984K->34272K(506816K), [Metaspace: 5350K->5350K(1056768K)], 0.1772560 secs] [Times: user=0.19 sys=0.00, real=0.18 secs] 
2018-03-17T00:20:12.614+0500: 1438.538: [GC (Allocation Failure) 2018-03-17T00:20:12.614+0500: 1438.538: [DefNew: 139776K->17472K(157248K), 0.2975114 secs] 174048K->174046K(506816K), 0.2975960 secs] [Times: user=0.30 sys=0.00, real=0.30 secs] 
2018-03-17T00:20:12.965+0500: 1438.889: [GC (Allocation Failure) 2018-03-17T00:20:12.965+0500: 1438.889: [DefNew: 157248K->17472K(157248K), 0.4217058 secs] 313822K->313821K(506816K), 0.4218683 secs] [Times: user=0.41 sys=0.00, real=0.42 secs] 
2018-03-17T00:20:13.421+0500: 1439.345: [GC (Allocation Failure) 2018-03-17T00:20:13.421+0500: 1439.345: [DefNew: 157248K->157248K(157248K), 0.0000299 secs]2018-03-17T00:20:13.421+0500: 1439.345: [Tenured: 296349K->23908K(349568K), 0.1702566 secs] 453597K->23908K(506816K), [Metaspace: 5350K->5350K(1056768K)], 0.1703982 secs] [Times: user=0.17 sys=0.00, real=0.17 secs] 
2018-03-17T00:20:13.629+0500: 1439.553: [GC (Allocation Failure) 2018-03-17T00:20:13.629+0500: 1439.553: [DefNew: 139776K->17472K(157248K), 0.2809885 secs] 163684K->163683K(506816K), 0.2810681 secs] [Times: user=0.28 sys=0.00, real=0.28 secs] 
2018-03-17T00:20:13.938+0500: 1439.861: [GC (Allocation Failure) 2018-03-17T00:20:13.938+0500: 1439.861: [DefNew: 157248K->17472K(157248K), 0.2727955 secs] 303459K->303458K(506816K), 0.2728674 secs] [Times: user=0.28 sys=0.00, real=0.27 secs] 
2018-03-17T00:20:14.238+0500: 1440.162: [GC (Allocation Failure) 2018-03-17T00:20:14.238+0500: 1440.162: [DefNew: 146063K->146063K(157248K), 0.0000222 secs]2018-03-17T00:20:14.238+0500: 1440.162: [Tenured: 285986K->715K(349568K), 0.1426734 secs] 432050K->715K(506816K), [Metaspace: 5350K->5350K(1056768K)], 0.1428487 secs] [Times: user=0.16 sys=0.00, real=0.14 secs] 
2018-03-17T00:20:14.406+0500: 1440.330: [GC (Allocation Failure) 2018-03-17T00:20:14.406+0500: 1440.330: [DefNew: 139776K->17472K(157248K), 0.2362820 secs] 140491K->140490K(506816K), 0.2363500 secs] [Times: user=0.23 sys=0.00, real=0.24 secs] 
2018-03-17T00:20:14.668+0500: 1440.592: [GC (Allocation Failure) 2018-03-17T00:20:14.668+0500: 1440.592: [DefNew: 157248K->17472K(157248K), 0.2892786 secs] 280266K->280229K(506816K), 0.2893415 secs] [Times: user=0.28 sys=0.00, real=0.29 secs] 
2018-03-17T00:20:14.988+0500: 1440.913: [GC (Allocation Failure) 2018-03-17T00:20:14.988+0500: 1440.913: [DefNew: 157248K->157248K(157248K), 0.0000180 secs]2018-03-17T00:20:14.988+0500: 1440.913: [Tenured: 262757K->205160K(349568K), 0.5454149 secs] 420005K->205160K(506816K), [Metaspace: 5350K->5350K(1056768K)], 0.5455128 secs] [Times: user=0.55 sys=0.00, real=0.55 secs] 
2018-03-17T00:20:15.565+0500: 1441.488: [GC (Allocation Failure) 2018-03-17T00:20:15.565+0500: 1441.488: [DefNew: 139776K->17472K(157248K), 0.2363877 secs] 344936K->344935K(506816K), 0.2364484 secs] [Times: user=0.24 sys=0.00, real=0.24 secs] 
2018-03-17T00:20:15.829+0500: 1441.753: [GC (Allocation Failure) 2018-03-17T00:20:15.829+0500: 1441.753: [DefNew: 157248K->157248K(157248K), 0.0000158 secs]2018-03-17T00:20:15.829+0500: 1441.753: [Tenured: 327463K->55022K(349568K), 0.2358373 secs] 484711K->55022K(506816K), [Metaspace: 5350K->5350K(1056768K)], 0.2359292 secs] [Times: user=0.23 sys=0.00, real=0.24 secs] 
2018-03-17T00:20:16.096+0500: 1442.020: [GC (Allocation Failure) 2018-03-17T00:20:16.096+0500: 1442.020: [DefNew: 139776K->17472K(157248K), 0.2768813 secs] 194798K->194797K(506816K), 0.2769592 secs] [Times: user=0.28 sys=0.00, real=0.28 secs] 
2018-03-17T00:20:16.414+0500: 1442.338: [GC (Allocation Failure) 2018-03-17T00:20:16.414+0500: 1442.338: [DefNew: 157248K->17471K(157248K), 0.3315034 secs] 334573K->334572K(506816K), 0.3315791 secs] [Times: user=0.33 sys=0.00, real=0.33 secs] 
2018-03-17T00:20:16.792+0500: 1442.715: [GC (Allocation Failure) 2018-03-17T00:20:16.792+0500: 1442.715: [DefNew: 157247K->157247K(157248K), 0.0000175 secs]2018-03-17T00:20:16.792+0500: 1442.715: [Tenured: 317100K->44659K(349568K), 0.2471406 secs] 474348K->44659K(506816K), [Metaspace: 5350K->5350K(1056768K)], 0.2472531 secs] [Times: user=0.25 sys=0.00, real=0.25 secs] 
2018-03-17T00:20:17.098+0500: 1443.022: [GC (Allocation Failure) 2018-03-17T00:20:17.098+0500: 1443.022: [DefNew: 139776K->17471K(157248K), 0.3637506 secs] 184435K->184434K(506816K), 0.3638216 secs] [Times: user=0.38 sys=0.00, real=0.36 secs] 
2018-03-17T00:20:17.494+0500: 1443.418: [GC (Allocation Failure) 2018-03-17T00:20:17.494+0500: 1443.418: [DefNew: 157247K->17472K(157248K), 0.2880987 secs] 324210K->324208K(506816K), 0.2881616 secs] [Times: user=0.28 sys=0.00, real=0.29 secs] 
2018-03-17T00:20:17.811+0500: 1443.736: [GC (Allocation Failure) 2018-03-17T00:20:17.811+0500: 1443.736: [DefNew: 157248K->157248K(157248K), 0.0000167 secs]2018-03-17T00:20:17.811+0500: 1443.736: [Tenured: 306736K->34272K(349568K), 0.1931250 secs] 463984K->34272K(506816K), [Metaspace: 5350K->5350K(1056768K)], 0.1932212 secs] [Times: user=0.19 sys=0.00, real=0.19 secs] 
2018-03-17T00:20:18.039+0500: 1443.963: [GC (Allocation Failure) 2018-03-17T00:20:18.039+0500: 1443.963: [DefNew: 139776K->17472K(157248K), 0.2610663 secs] 174048K->174046K(506816K), 0.2611394 secs] [Times: user=0.24 sys=0.00, real=0.26 secs] 
2018-03-17T00:20:18.326+0500: 1444.250: [GC (Allocation Failure) 2018-03-17T00:20:18.326+0500: 1444.250: [DefNew: 157248K->17472K(157248K), 0.2535729 secs] 313822K->313821K(506816K), 0.2536405 secs] [Times: user=0.25 sys=0.00, real=0.25 secs] 
2018-03-17T00:20:18.605+0500: 1444.529: [GC (Allocation Failure) 2018-03-17T00:20:18.605+0500: 1444.529: [DefNew: 157248K->157248K(157248K), 0.0000154 secs]2018-03-17T00:20:18.605+0500: 1444.529: [Tenured: 296349K->23908K(349568K), 0.1557968 secs] 453597K->23908K(506816K), [Metaspace: 5350K->5350K(1056768K)], 0.1558862 secs] [Times: user=0.16 sys=0.00, real=0.16 secs] 
2018-03-17T00:20:18.789+0500: 1444.713: [GC (Allocation Failure) 2018-03-17T00:20:18.789+0500: 1444.713: [DefNew: 139776K->17472K(157248K), 0.2568359 secs] 163684K->163683K(506816K), 0.2568979 secs] [Times: user=0.25 sys=0.00, real=0.26 secs] 
2018-03-17T00:20:19.072+0500: 1444.997: [GC (Allocation Failure) 2018-03-17T00:20:19.073+0500: 1444.997: [DefNew: 157248K->17472K(157248K), 0.2607597 secs] 303459K->303458K(506816K), 0.2608272 secs] [Times: user=0.25 sys=0.00, real=0.26 secs] 
2018-03-17T00:20:19.359+0500: 1445.283: [GC (Allocation Failure) 2018-03-17T00:20:19.359+0500: 1445.283: [DefNew: 146063K->146063K(157248K), 0.0000167 secs]2018-03-17T00:20:19.359+0500: 1445.283: [Tenured: 285986K->715K(349568K), 0.1356192 secs] 432050K->715K(506816K), [Metaspace: 5350K->5350K(1056768K)], 0.1357159 secs] [Times: user=0.14 sys=0.00, real=0.14 secs] 
2018-03-17T00:20:19.521+0500: 1445.445: [GC (Allocation Failure) 2018-03-17T00:20:19.522+0500: 1445.445: [DefNew: 139776K->17472K(157248K), 0.2233233 secs] 140491K->140490K(506816K), 0.2233909 secs] [Times: user=0.23 sys=0.00, real=0.22 secs] 
2018-03-17T00:20:19.770+0500: 1445.694: [GC (Allocation Failure) 2018-03-17T00:20:19.770+0500: 1445.694: [DefNew: 157248K->17472K(157248K), 0.2569313 secs] 280266K->280229K(506816K), 0.2569937 secs] [Times: user=0.27 sys=0.00, real=0.26 secs] 
2018-03-17T00:20:20.055+0500: 1445.979: [GC (Allocation Failure) 2018-03-17T00:20:20.055+0500: 1445.979: [DefNew: 157248K->157248K(157248K), 0.0000171 secs]2018-03-17T00:20:20.055+0500: 1445.979: [Tenured: 262757K->205160K(349568K), 0.4778170 secs] 420005K->205160K(506816K), [Metaspace: 5350K->5350K(1056768K)], 0.4779106 secs] [Times: user=0.45 sys=0.00, real=0.48 secs] 
2018-03-17T00:20:20.561+0500: 1446.486: [GC (Allocation Failure) 2018-03-17T00:20:20.561+0500: 1446.486: [DefNew: 139776K->17472K(157248K), 0.2239819 secs] 344936K->344935K(506816K), 0.2240435 secs] [Times: user=0.22 sys=0.00, real=0.22 secs] 
2018-03-17T00:20:20.812+0500: 1446.736: [GC (Allocation Failure) 2018-03-17T00:20:20.812+0500: 1446.736: [DefNew: 157248K->157248K(157248K), 0.0000171 secs]2018-03-17T00:20:20.812+0500: 1446.736: [Tenured: 327463K->55022K(349568K), 0.2211743 secs] 484711K->55022K(506816K), [Metaspace: 5350K->5350K(1056768K)], 0.2212650 secs] [Times: user=0.20 sys=0.00, real=0.22 secs] 
2018-03-17T00:20:21.063+0500: 1446.987: [GC (Allocation Failure) 2018-03-17T00:20:21.063+0500: 1446.987: [DefNew: 139776K->17472K(157248K), 0.2673669 secs] 194798K->194797K(506816K), 0.2674293 secs] [Times: user=0.27 sys=0.00, real=0.27 secs] 
2018-03-17T00:20:21.356+0500: 1447.280: [GC (Allocation Failure) 2018-03-17T00:20:21.356+0500: 1447.280: [DefNew: 157248K->17471K(157248K), 0.2522724 secs] 334573K->334572K(506816K), 0.2523323 secs] [Times: user=0.25 sys=0.00, real=0.25 secs] 
2018-03-17T00:20:21.634+0500: 1447.558: [GC (Allocation Failure) 2018-03-17T00:20:21.634+0500: 1447.558: [DefNew: 157247K->157247K(157248K), 0.0000145 secs]2018-03-17T00:20:21.634+0500: 1447.558: [Tenured: 317100K->44659K(349568K), 0.2006461 secs] 474348K->44659K(506816K), [Metaspace: 5350K->5350K(1056768K)], 0.2007338 secs] [Times: user=0.20 sys=0.00, real=0.20 secs] 
2018-03-17T00:20:21.863+0500: 1447.787: [GC (Allocation Failure) 2018-03-17T00:20:21.863+0500: 1447.787: [DefNew: 139776K->17471K(157248K), 0.2619169 secs] 184435K->184434K(506816K), 0.2619780 secs] [Times: user=0.26 sys=0.00, real=0.26 secs] 
2018-03-17T00:20:22.150+0500: 1448.075: [GC (Allocation Failure) 2018-03-17T00:20:22.150+0500: 1448.075: [DefNew: 157247K->17472K(157248K), 0.2641912 secs] 324210K->324208K(506816K), 0.2642750 secs] [Times: user=0.27 sys=0.00, real=0.27 secs] 
2018-03-17T00:20:22.442+0500: 1448.365: [GC (Allocation Failure) 2018-03-17T00:20:22.442+0500: 1448.365: [DefNew: 157248K->157248K(157248K), 0.0000163 secs]2018-03-17T00:20:22.442+0500: 1448.365: [Tenured: 306736K->34272K(349568K), 0.1880487 secs] 463984K->34272K(506816K), [Metaspace: 5350K->5350K(1056768K)], 0.1881330 secs] [Times: user=0.19 sys=0.00, real=0.19 secs] 
2018-03-17T00:20:22.661+0500: 1448.585: [GC (Allocation Failure) 2018-03-17T00:20:22.661+0500: 1448.585: [DefNew: 139776K->17472K(157248K), 0.2654792 secs] 174048K->174046K(506816K), 0.2655425 secs] [Times: user=0.27 sys=0.00, real=0.27 secs] 
2018-03-17T00:20:22.953+0500: 1448.877: [GC (Allocation Failure) 2018-03-17T00:20:22.953+0500: 1448.877: [DefNew: 157248K->17472K(157248K), 0.2610428 secs] 313822K->313821K(506816K), 0.2611082 secs] [Times: user=0.26 sys=0.00, real=0.26 secs] 
2018-03-17T00:20:23.239+0500: 1449.164: [GC (Allocation Failure) 2018-03-17T00:20:23.240+0500: 1449.164: [DefNew: 157248K->157248K(157248K), 0.0000342 secs]2018-03-17T00:20:23.240+0500: 1449.164: [Tenured: 296349K->23908K(349568K), 0.1548021 secs] 453597K->23908K(506816K), [Metaspace: 5350K->5350K(1056768K)], 0.1549355 secs] [Times: user=0.14 sys=0.02, real=0.15 secs] 
2018-03-17T00:20:23.423+0500: 1449.347: [GC (Allocation Failure) 2018-03-17T00:20:23.423+0500: 1449.347: [DefNew: 139776K->17472K(157248K), 0.2575313 secs] 163684K->163683K(506816K), 0.2575984 secs] [Times: user=0.27 sys=0.00, real=0.26 secs] 
2018-03-17T00:20:23.706+0500: 1449.630: [GC (Allocation Failure) 2018-03-17T00:20:23.707+0500: 1449.630: [DefNew: 157248K->17472K(157248K), 0.2557373 secs] 303459K->303458K(506816K), 0.2558074 secs] [Times: user=0.25 sys=0.00, real=0.26 secs] 
2018-03-17T00:20:23.988+0500: 1449.911: [GC (Allocation Failure) 2018-03-17T00:20:23.988+0500: 1449.911: [DefNew: 146063K->146063K(157248K), 0.0000167 secs]2018-03-17T00:20:23.988+0500: 1449.912: [Tenured: 285986K->715K(349568K), 0.1402109 secs] 432050K->715K(506816K), [Metaspace: 5350K->5350K(1056768K)], 0.1402990 secs] [Times: user=0.14 sys=0.00, real=0.14 secs] 
2018-03-17T00:20:24.155+0500: 1450.078: [GC (Allocation Failure) 2018-03-17T00:20:24.155+0500: 1450.078: [DefNew: 139776K->17472K(157248K), 0.2223906 secs] 140491K->140490K(506816K), 0.2224624 secs] [Times: user=0.22 sys=0.00, real=0.22 secs] 
2018-03-17T00:20:24.402+0500: 1450.326: [GC (Allocation Failure) 2018-03-17T00:20:24.403+0500: 1450.326: [DefNew: 157248K->17472K(157248K), 0.2554717 secs] 280266K->280229K(506816K), 0.2555530 secs] [Times: user=0.25 sys=0.00, real=0.26 secs] 
2018-03-17T00:20:24.686+0500: 1450.610: [GC (Allocation Failure) 2018-03-17T00:20:24.686+0500: 1450.610: [DefNew: 157248K->157248K(157248K), 0.0000180 secs]2018-03-17T00:20:24.686+0500: 1450.610: [Tenured: 262757K->205160K(349568K), 0.4802572 secs] 420005K->205160K(506816K), [Metaspace: 5350K->5350K(1056768K)], 0.4803508 secs] [Times: user=0.48 sys=0.00, real=0.48 secs] 
2018-03-17T00:20:25.193+0500: 1451.117: [GC (Allocation Failure) 2018-03-17T00:20:25.193+0500: 1451.117: [DefNew: 139776K->17472K(157248K), 0.2271375 secs] 344936K->344935K(506816K), 0.2272013 secs] [Times: user=0.23 sys=0.00, real=0.23 secs] 
2018-03-17T00:20:25.447+0500: 1451.370: [GC (Allocation Failure) 2018-03-17T00:20:25.447+0500: 1451.370: [DefNew: 157248K->157248K(157248K), 0.0000163 secs]2018-03-17T00:20:25.447+0500: 1451.370: [Tenured: 327463K->55022K(349568K), 0.2234815 secs] 484711K->55022K(506816K), [Metaspace: 5350K->5350K(1056768K)], 0.2235705 secs] [Times: user=0.22 sys=0.00, real=0.22 secs] 
2018-03-17T00:20:25.699+0500: 1451.623: [GC (Allocation Failure) 2018-03-17T00:20:25.699+0500: 1451.623: [DefNew: 139776K->17472K(157248K), 0.2550471 secs] 194798K->194797K(506816K), 0.2551121 secs] [Times: user=0.25 sys=0.00, real=0.26 secs] 
2018-03-17T00:20:25.980+0500: 1451.904: [GC (Allocation Failure) 2018-03-17T00:20:25.980+0500: 1451.904: [DefNew: 157248K->17471K(157248K), 0.2615979 secs] 334573K->334572K(506816K), 0.2616577 secs] [Times: user=0.26 sys=0.00, real=0.26 secs] 
2018-03-17T00:20:26.267+0500: 1452.191: [GC (Allocation Failure) 2018-03-17T00:20:26.267+0500: 1452.191: [DefNew: 157247K->157247K(157248K), 0.0000158 secs]2018-03-17T00:20:26.267+0500: 1452.191: [Tenured: 317100K->44659K(349568K), 0.2021574 secs] 474348K->44659K(506816K), [Metaspace: 5350K->5350K(1056768K)], 0.2022545 secs] [Times: user=0.20 sys=0.00, real=0.20 secs] 
2018-03-17T00:20:26.498+0500: 1452.423: [GC (Allocation Failure) 2018-03-17T00:20:26.498+0500: 1452.423: [DefNew: 139776K->17471K(157248K), 0.2573179 secs] 184435K->184434K(506816K), 0.2573791 secs] [Times: user=0.24 sys=0.00, real=0.26 secs] 
2018-03-17T00:20:26.782+0500: 1452.705: [GC (Allocation Failure) 2018-03-17T00:20:26.782+0500: 1452.706: [DefNew: 157247K->17472K(157248K), 0.2632610 secs] 324210K->324208K(506816K), 0.2633230 secs] [Times: user=0.26 sys=0.00, real=0.26 secs] 
2018-03-17T00:20:27.071+0500: 1452.995: [GC (Allocation Failure) 2018-03-17T00:20:27.071+0500: 1452.995: [DefNew: 157248K->157248K(157248K), 0.0000316 secs]2018-03-17T00:20:27.071+0500: 1452.995: [Tenured: 306736K->34272K(349568K), 0.1937147 secs] 463984K->34272K(506816K), [Metaspace: 5350K->5350K(1056768K)], 0.1938426 secs] [Times: user=0.19 sys=0.00, real=0.19 secs] 
2018-03-17T00:20:27.297+0500: 1453.221: [GC (Allocation Failure) 2018-03-17T00:20:27.297+0500: 1453.221: [DefNew: 139776K->17472K(157248K), 0.2633132 secs] 174048K->174046K(506816K), 0.2633902 secs] [Times: user=0.27 sys=0.00, real=0.26 secs] 
2018-03-17T00:20:27.591+0500: 1453.515: [GC (Allocation Failure) 2018-03-17T00:20:27.591+0500: 1453.515: [DefNew: 157248K->17472K(157248K), 0.2643511 secs] 313822K->313821K(506816K), 0.2644306 secs] [Times: user=0.27 sys=0.00, real=0.26 secs] 
2018-03-17T00:20:27.881+0500: 1453.806: [GC (Allocation Failure) 2018-03-17T00:20:27.881+0500: 1453.806: [DefNew: 157248K->157248K(157248K), 0.0000158 secs]2018-03-17T00:20:27.881+0500: 1453.806: [Tenured: 296349K->23908K(349568K), 0.1547661 secs] 453597K->23908K(506816K), [Metaspace: 5350K->5350K(1056768K)], 0.1548534 secs] [Times: user=0.14 sys=0.00, real=0.16 secs] 
2018-03-17T00:20:28.065+0500: 1453.989: [GC (Allocation Failure) 2018-03-17T00:20:28.065+0500: 1453.989: [DefNew: 139776K->17472K(157248K), 0.2624929 secs] 163684K->163683K(506816K), 0.2625584 secs] [Times: user=0.27 sys=0.00, real=0.26 secs] 
2018-03-17T00:20:28.353+0500: 1454.277: [GC (Allocation Failure) 2018-03-17T00:20:28.353+0500: 1454.277: [DefNew: 157248K->17472K(157248K), 0.2552883 secs] 303459K->303458K(506816K), 0.2553580 secs] [Times: user=0.25 sys=0.00, real=0.26 secs] 
2018-03-17T00:20:28.634+0500: 1454.558: [GC (Allocation Failure) 2018-03-17T00:20:28.634+0500: 1454.558: [DefNew: 146063K->146063K(157248K), 0.0000171 secs]2018-03-17T00:20:28.634+0500: 1454.558: [Tenured: 285986K->715K(349568K), 0.1363967 secs] 432050K->715K(506816K), [Metaspace: 5350K->5350K(1056768K)], 0.1364835 secs] [Times: user=0.13 sys=0.00, real=0.14 secs] 
2018-03-17T00:20:28.797+0500: 1454.721: [GC (Allocation Failure) 2018-03-17T00:20:28.797+0500: 1454.721: [DefNew: 139776K->17472K(157248K), 0.2235632 secs] 140491K->140490K(506816K), 0.2236342 secs] [Times: user=0.22 sys=0.00, real=0.22 secs] 
2018-03-17T00:20:29.046+0500: 1454.970: [GC (Allocation Failure) 2018-03-17T00:20:29.046+0500: 1454.970: [DefNew: 157248K->17472K(157248K), 0.2697938 secs] 280266K->280229K(506816K), 0.2698670 secs] [Times: user=0.27 sys=0.00, real=0.27 secs] 
2018-03-17T00:20:29.346+0500: 1455.269: [GC (Allocation Failure) 2018-03-17T00:20:29.346+0500: 1455.269: [DefNew: 157248K->157248K(157248K), 0.0000205 secs]2018-03-17T00:20:29.346+0500: 1455.269: [Tenured: 262757K->205160K(349568K), 0.4837934 secs] 420005K->205160K(506816K), [Metaspace: 5350K->5350K(1056768K)], 0.4838978 secs] [Times: user=0.48 sys=0.00, real=0.48 secs] 
2018-03-17T00:20:29.855+0500: 1455.779: [GC (Allocation Failure) 2018-03-17T00:20:29.855+0500: 1455.779: [DefNew: 139776K->17472K(157248K), 0.2271914 secs] 344936K->344935K(506816K), 0.2272637 secs] [Times: user=0.22 sys=0.00, real=0.23 secs] 
2018-03-17T00:20:30.112+0500: 1456.036: [GC (Allocation Failure) 2018-03-17T00:20:30.112+0500: 1456.036: [DefNew: 157248K->157248K(157248K), 0.0000158 secs]2018-03-17T00:20:30.112+0500: 1456.036: [Tenured: 327463K->55022K(349568K), 0.2230928 secs] 484711K->55022K(506816K), [Metaspace: 5350K->5350K(1056768K)], 0.2232057 secs] [Times: user=0.23 sys=0.00, real=0.22 secs] 
2018-03-17T00:20:30.364+0500: 1456.288: [GC (Allocation Failure) 2018-03-17T00:20:30.364+0500: 1456.288: [DefNew: 139776K->17472K(157248K), 0.2585401 secs] 194798K->194797K(506816K), 0.2586047 secs] [Times: user=0.27 sys=0.00, real=0.26 secs] 
2018-03-17T00:20:30.648+0500: 1456.573: [GC (Allocation Failure) 2018-03-17T00:20:30.648+0500: 1456.573: [DefNew: 157248K->17471K(157248K), 0.3336532 secs] 334573K->334572K(506816K), 0.3338029 secs] [Times: user=0.33 sys=0.00, real=0.34 secs] 
2018-03-17T00:20:31.039+0500: 1456.963: [GC (Allocation Failure) 2018-03-17T00:20:31.039+0500: 1456.963: [DefNew: 157247K->157247K(157248K), 0.0000278 secs]2018-03-17T00:20:31.039+0500: 1456.963: [Tenured: 317100K->44659K(349568K), 0.3021133 secs] 474348K->44659K(506816K), [Metaspace: 5350K->5350K(1056768K)], 0.3022391 secs] [Times: user=0.30 sys=0.00, real=0.30 secs] 
2018-03-17T00:20:31.395+0500: 1457.318: [GC (Allocation Failure) 2018-03-17T00:20:31.395+0500: 1457.319: [DefNew: 139776K->17471K(157248K), 0.3926416 secs] 184435K->184434K(506816K), 0.3929115 secs] [Times: user=0.41 sys=0.00, real=0.39 secs] 
2018-03-17T00:20:31.847+0500: 1457.771: [GC (Allocation Failure) 2018-03-17T00:20:31.847+0500: 1457.771: [DefNew: 157247K->17472K(157248K), 0.2780065 secs] 324210K->324208K(506816K), 0.2781545 secs] [Times: user=0.28 sys=0.00, real=0.28 secs] 
2018-03-17T00:20:32.152+0500: 1458.076: [GC (Allocation Failure) 2018-03-17T00:20:32.152+0500: 1458.076: [DefNew: 157248K->157248K(157248K), 0.0000205 secs]2018-03-17T00:20:32.152+0500: 1458.076: [Tenured: 306736K->34272K(349568K), 0.1851715 secs] 463984K->34272K(506816K), [Metaspace: 5350K->5350K(1056768K)], 0.1852694 secs] [Times: user=0.19 sys=0.00, real=0.19 secs] 
2018-03-17T00:20:32.369+0500: 1458.293: [GC (Allocation Failure) 2018-03-17T00:20:32.369+0500: 1458.293: [DefNew: 139776K->17472K(157248K), 0.2735730 secs] 174048K->174046K(506816K), 0.2738142 secs] [Times: user=0.26 sys=0.00, real=0.27 secs] 
2018-03-17T00:20:32.670+0500: 1458.593: [GC (Allocation Failure) 2018-03-17T00:20:32.670+0500: 1458.593: [DefNew: 157248K->17472K(157248K), 0.2742791 secs] 313822K->313821K(506816K), 0.2743552 secs] [Times: user=0.27 sys=0.00, real=0.27 secs] 
2018-03-17T00:20:32.970+0500: 1458.894: [GC (Allocation Failure) 2018-03-17T00:20:32.970+0500: 1458.894: [DefNew: 157248K->157248K(157248K), 0.0000171 secs]2018-03-17T00:20:32.970+0500: 1458.894: [Tenured: 296349K->23908K(349568K), 0.1577644 secs] 453597K->23908K(506816K), [Metaspace: 5350K->5350K(1056768K)], 0.1578542 secs] [Times: user=0.16 sys=0.00, real=0.16 secs] 
2018-03-17T00:20:33.158+0500: 1459.082: [GC (Allocation Failure) 2018-03-17T00:20:33.158+0500: 1459.082: [DefNew: 139776K->17472K(157248K), 0.2636014 secs] 163684K->163683K(506816K), 0.2636716 secs] [Times: user=0.27 sys=0.00, real=0.26 secs] 
2018-03-17T00:20:33.448+0500: 1459.372: [GC (Allocation Failure) 2018-03-17T00:20:33.448+0500: 1459.372: [DefNew: 157248K->17472K(157248K), 0.2596867 secs] 303459K->303458K(506816K), 0.2597671 secs] [Times: user=0.25 sys=0.00, real=0.26 secs] 
2018-03-17T00:20:33.734+0500: 1459.658: [GC (Allocation Failure) 2018-03-17T00:20:33.734+0500: 1459.658: [DefNew: 146063K->146063K(157248K), 0.0000171 secs]2018-03-17T00:20:33.734+0500: 1459.658: [Tenured: 285986K->715K(349568K), 0.1391538 secs] 432050K->715K(506816K), [Metaspace: 5350K->5350K(1056768K)], 0.1392440 secs] [Times: user=0.14 sys=0.00, real=0.14 secs] 
2018-03-17T00:20:33.899+0500: 1459.823: [GC (Allocation Failure) 2018-03-17T00:20:33.899+0500: 1459.823: [DefNew: 139776K->17472K(157248K), 0.2801700 secs] 140491K->140490K(506816K), 0.2803509 secs] [Times: user=0.28 sys=0.00, real=0.28 secs] 
2018-03-17T00:20:34.233+0500: 1460.157: [GC (Allocation Failure) 2018-03-17T00:20:34.233+0500: 1460.157: [DefNew: 157248K->17472K(157248K), 0.4060088 secs] 280266K->280229K(506816K), 0.4060781 secs] [Times: user=0.41 sys=0.00, real=0.41 secs] 
2018-03-17T00:20:34.690+0500: 1460.614: [GC (Allocation Failure) 2018-03-17T00:20:34.690+0500: 1460.614: [DefNew: 157248K->157248K(157248K), 0.0000184 secs]2018-03-17T00:20:34.690+0500: 1460.614: [Tenured: 262757K->205160K(349568K), 0.6168176 secs] 420005K->205160K(506816K), [Metaspace: 5350K->5350K(1056768K)], 0.6169211 secs] [Times: user=0.63 sys=0.00, real=0.62 secs] 
2018-03-17T00:20:35.333+0500: 1461.257: [GC (Allocation Failure) 2018-03-17T00:20:35.333+0500: 1461.257: [DefNew: 139776K->17472K(157248K), 0.2254376 secs] 344936K->344935K(506816K), 0.2255039 secs] [Times: user=0.23 sys=0.00, real=0.23 secs] 
2018-03-17T00:20:35.585+0500: 1461.509: [GC (Allocation Failure) 2018-03-17T00:20:35.585+0500: 1461.509: [DefNew: 157248K->157248K(157248K), 0.0000171 secs]2018-03-17T00:20:35.585+0500: 1461.509: [Tenured: 327463K->55022K(349568K), 0.2241978 secs] 484711K->55022K(506816K), [Metaspace: 5350K->5350K(1056768K)], 0.2242902 secs] [Times: user=0.22 sys=0.00, real=0.22 secs] 
2018-03-17T00:20:35.839+0500: 1461.763: [GC (Allocation Failure) 2018-03-17T00:20:35.839+0500: 1461.763: [DefNew: 139776K->17472K(157248K), 0.2555534 secs] 194798K->194797K(506816K), 0.2556205 secs] [Times: user=0.25 sys=0.00, real=0.26 secs] 
2018-03-17T00:20:36.120+0500: 1462.044: [GC (Allocation Failure) 2018-03-17T00:20:36.120+0500: 1462.044: [DefNew: 157248K->17471K(157248K), 0.2560674 secs] 334573K->334572K(506816K), 0.2561290 secs] [Times: user=0.25 sys=0.00, real=0.26 secs] 
2018-03-17T00:20:36.403+0500: 1462.327: [GC (Allocation Failure) 2018-03-17T00:20:36.403+0500: 1462.327: [DefNew: 157247K->157247K(157248K), 0.0000167 secs]2018-03-17T00:20:36.404+0500: 1462.327: [Tenured: 317100K->44659K(349568K), 0.2035413 secs] 474348K->44659K(506816K), [Metaspace: 5350K->5350K(1056768K)], 0.2036375 secs] [Times: user=0.20 sys=0.00, real=0.20 secs] 
2018-03-17T00:20:36.637+0500: 1462.560: [GC (Allocation Failure) 2018-03-17T00:20:36.637+0500: 1462.560: [DefNew: 139776K->17471K(157248K), 0.2585217 secs] 184435K->184434K(506816K), 0.2585992 secs] [Times: user=0.25 sys=0.00, real=0.26 secs] 
2018-03-17T00:20:36.923+0500: 1462.847: [GC (Allocation Failure) 2018-03-17T00:20:36.923+0500: 1462.847: [DefNew: 157247K->17472K(157248K), 0.4154565 secs] 324210K->324208K(506816K), 0.4155279 secs] [Times: user=0.42 sys=0.00, real=0.41 secs] 
2018-03-17T00:20:37.394+0500: 1463.318: [GC (Allocation Failure) 2018-03-17T00:20:37.394+0500: 1463.318: [DefNew: 157248K->157248K(157248K), 0.0000479 secs]2018-03-17T00:20:37.394+0500: 1463.318: [Tenured: 306736K->34272K(349568K), 0.2780454 secs] 463984K->34272K(506816K), [Metaspace: 5350K->5350K(1056768K)], 0.2782391 secs] [Times: user=0.28 sys=0.00, real=0.28 secs] 
2018-03-17T00:20:37.732+0500: 1463.656: [GC (Allocation Failure) 2018-03-17T00:20:37.732+0500: 1463.656: [DefNew: 139776K->17472K(157248K), 0.3525097 secs] 174048K->174046K(506816K), 0.3525966 secs] [Times: user=0.36 sys=0.00, real=0.35 secs] 
2018-03-17T00:20:38.111+0500: 1464.035: [GC (Allocation Failure) 2018-03-17T00:20:38.111+0500: 1464.035: [DefNew: 157248K->17472K(157248K), 0.2522438 secs] 313822K->313821K(506816K), 0.2523336 secs] [Times: user=0.25 sys=0.00, real=0.25 secs] 
2018-03-17T00:20:38.389+0500: 1464.313: [GC (Allocation Failure) 2018-03-17T00:20:38.389+0500: 1464.313: [DefNew: 157248K->157248K(157248K), 0.0000163 secs]2018-03-17T00:20:38.389+0500: 1464.313: [Tenured: 296349K->23908K(349568K), 0.1563715 secs] 453597K->23908K(506816K), [Metaspace: 5350K->5350K(1056768K)], 0.1565084 secs] [Times: user=0.16 sys=0.00, real=0.16 secs] 
2018-03-17T00:20:38.574+0500: 1464.498: [GC (Allocation Failure) 2018-03-17T00:20:38.574+0500: 1464.498: [DefNew: 139776K->17472K(157248K), 0.2559764 secs] 163684K->163683K(506816K), 0.2560384 secs] [Times: user=0.25 sys=0.00, real=0.26 secs] 
2018-03-17T00:20:38.856+0500: 1464.780: [GC (Allocation Failure) 2018-03-17T00:20:38.856+0500: 1464.780: [DefNew: 157248K->17472K(157248K), 0.2557993 secs] 303459K->303458K(506816K), 0.2558639 secs] [Times: user=0.25 sys=0.00, real=0.26 secs] 
2018-03-17T00:20:39.138+0500: 1465.063: [GC (Allocation Failure) 2018-03-17T00:20:39.138+0500: 1465.063: [DefNew: 146063K->146063K(157248K), 0.0000163 secs]2018-03-17T00:20:39.138+0500: 1465.063: [Tenured: 285986K->715K(349568K), 0.1395857 secs] 432050K->715K(506816K), [Metaspace: 5350K->5350K(1056768K)], 0.1396717 secs] [Times: user=0.14 sys=0.00, real=0.14 secs] 
2018-03-17T00:20:39.304+0500: 1465.228: [GC (Allocation Failure) 2018-03-17T00:20:39.304+0500: 1465.228: [DefNew: 139776K->17472K(157248K), 0.2231852 secs] 140491K->140490K(506816K), 0.2232497 secs] [Times: user=0.22 sys=0.00, real=0.22 secs] 
2018-03-17T00:20:39.553+0500: 1465.477: [GC (Allocation Failure) 2018-03-17T00:20:39.553+0500: 1465.477: [DefNew: 157248K->17472K(157248K), 0.2564014 secs] 280266K->280229K(506816K), 0.2564630 secs] [Times: user=0.25 sys=0.00, real=0.26 secs] 
2018-03-17T00:20:39.838+0500: 1465.762: [GC (Allocation Failure) 2018-03-17T00:20:39.838+0500: 1465.762: [DefNew: 157248K->157248K(157248K), 0.0000227 secs]2018-03-17T00:20:39.838+0500: 1465.762: [Tenured: 262757K->205160K(349568K), 0.4802448 secs] 420005K->205160K(506816K), [Metaspace: 5350K->5350K(1056768K)], 0.4803598 secs] [Times: user=0.49 sys=0.00, real=0.48 secs] 
2018-03-17T00:20:40.343+0500: 1466.268: [GC (Allocation Failure) 2018-03-17T00:20:40.343+0500: 1466.268: [DefNew: 139776K->17472K(157248K), 0.2247576 secs] 344936K->344935K(506816K), 0.2248218 secs] [Times: user=0.24 sys=0.00, real=0.23 secs] 
2018-03-17T00:20:40.594+0500: 1466.519: [GC (Allocation Failure) 2018-03-17T00:20:40.594+0500: 1466.519: [DefNew: 157248K->157248K(157248K), 0.0000175 secs]2018-03-17T00:20:40.594+0500: 1466.519: [Tenured: 327463K->55022K(349568K), 0.2256052 secs] 484711K->55022K(506816K), [Metaspace: 5350K->5350K(1056768K)], 0.2257023 secs] [Times: user=0.24 sys=0.00, real=0.23 secs] 
2018-03-17T00:20:40.854+0500: 1466.778: [GC (Allocation Failure) 2018-03-17T00:20:40.854+0500: 1466.778: [DefNew: 139776K->17472K(157248K), 0.2689668 secs] 194798K->194797K(506816K), 0.2690348 secs] [Times: user=0.27 sys=0.00, real=0.27 secs] 
2018-03-17T00:20:41.149+0500: 1467.073: [GC (Allocation Failure) 2018-03-17T00:20:41.149+0500: 1467.073: [DefNew: 157248K->17471K(157248K), 0.2538278 secs] 334573K->334572K(506816K), 0.2538877 secs] [Times: user=0.25 sys=0.00, real=0.25 secs] 
2018-03-17T00:20:41.429+0500: 1467.353: [GC (Allocation Failure) 2018-03-17T00:20:41.429+0500: 1467.353: [DefNew: 157247K->157247K(157248K), 0.0000171 secs]2018-03-17T00:20:41.429+0500: 1467.353: [Tenured: 317100K->44659K(349568K), 0.1995389 secs] 474348K->44659K(506816K), [Metaspace: 5350K->5350K(1056768K)], 0.1996343 secs] [Times: user=0.19 sys=0.00, real=0.20 secs] 
2018-03-17T00:20:41.658+0500: 1467.582: [GC (Allocation Failure) 2018-03-17T00:20:41.658+0500: 1467.582: [DefNew: 139776K->17471K(157248K), 0.2573966 secs] 184435K->184434K(506816K), 0.2574607 secs] [Times: user=0.27 sys=0.00, real=0.26 secs] 
2018-03-17T00:20:41.940+0500: 1467.865: [GC (Allocation Failure) 2018-03-17T00:20:41.941+0500: 1467.865: [DefNew: 157247K->17472K(157248K), 0.2579773 secs] 324210K->324208K(506816K), 0.2580796 secs] [Times: user=0.27 sys=0.00, real=0.26 secs] 
2018-03-17T00:20:42.226+0500: 1468.149: [GC (Allocation Failure) 2018-03-17T00:20:42.226+0500: 1468.149: [DefNew: 157248K->157248K(157248K), 0.0000248 secs]2018-03-17T00:20:42.226+0500: 1468.149: [Tenured: 306736K->34272K(349568K), 0.1854032 secs] 463984K->34272K(506816K), [Metaspace: 5350K->5350K(1056768K)], 0.1855102 secs] [Times: user=0.17 sys=0.00, real=0.18 secs] 
2018-03-17T00:20:42.444+0500: 1468.367: [GC (Allocation Failure) 2018-03-17T00:20:42.444+0500: 1468.367: [DefNew: 139776K->17472K(157248K), 0.2723213 secs] 174048K->174046K(506816K), 0.2723854 secs] [Times: user=0.27 sys=0.00, real=0.27 secs] 
2018-03-17T00:20:42.744+0500: 1468.667: [GC (Allocation Failure) 2018-03-17T00:20:42.744+0500: 1468.668: [DefNew: 157248K->17472K(157248K), 0.2578050 secs] 313822K->313821K(506816K), 0.2578640 secs] [Times: user=0.23 sys=0.00, real=0.26 secs] 
2018-03-17T00:20:43.027+0500: 1468.951: [GC (Allocation Failure) 2018-03-17T00:20:43.027+0500: 1468.951: [DefNew: 157248K->157248K(157248K), 0.0000167 secs]2018-03-17T00:20:43.027+0500: 1468.951: [Tenured: 296349K->23908K(349568K), 0.1555393 secs] 453597K->23908K(506816K), [Metaspace: 5350K->5350K(1056768K)], 0.1556283 secs] [Times: user=0.16 sys=0.00, real=0.15 secs] 
2018-03-17T00:20:43.211+0500: 1469.135: [GC (Allocation Failure) 2018-03-17T00:20:43.211+0500: 1469.135: [DefNew: 139776K->17472K(157248K), 0.2568103 secs] 163684K->163683K(506816K), 0.2568723 secs] [Times: user=0.25 sys=0.00, real=0.26 secs] 
2018-03-17T00:20:43.494+0500: 1469.418: [GC (Allocation Failure) 2018-03-17T00:20:43.494+0500: 1469.418: [DefNew: 157248K->17472K(157248K), 0.2556885 secs] 303459K->303458K(506816K), 0.2557506 secs] [Times: user=0.25 sys=0.00, real=0.26 secs] 
2018-03-17T00:20:43.776+0500: 1469.700: [GC (Allocation Failure) 2018-03-17T00:20:43.776+0500: 1469.700: [DefNew: 146063K->146063K(157248K), 0.0000163 secs]2018-03-17T00:20:43.776+0500: 1469.700: [Tenured: 285986K->715K(349568K), 0.1366849 secs] 432050K->715K(506816K), [Metaspace: 5350K->5350K(1056768K)], 0.1367765 secs] [Times: user=0.13 sys=0.00, real=0.14 secs] 
2018-03-17T00:20:43.938+0500: 1469.862: [GC (Allocation Failure) 2018-03-17T00:20:43.938+0500: 1469.862: [DefNew: 139776K->17472K(157248K), 0.2236355 secs] 140491K->140490K(506816K), 0.2236971 secs] [Times: user=0.23 sys=0.00, real=0.22 secs] 
2018-03-17T00:20:44.188+0500: 1470.112: [GC (Allocation Failure) 2018-03-17T00:20:44.188+0500: 1470.112: [DefNew: 157248K->17472K(157248K), 0.2557582 secs] 280266K->280229K(506816K), 0.2558198 secs] [Times: user=0.25 sys=0.00, real=0.26 secs] 
2018-03-17T00:20:44.472+0500: 1470.396: [GC (Allocation Failure) 2018-03-17T00:20:44.472+0500: 1470.396: [DefNew: 157248K->157248K(157248K), 0.0000158 secs]2018-03-17T00:20:44.472+0500: 1470.396: [Tenured: 262757K->205160K(349568K), 0.4779833 secs] 420005K->205160K(506816K), [Metaspace: 5350K->5350K(1056768K)], 0.4780813 secs] [Times: user=0.48 sys=0.00, real=0.48 secs] 
2018-03-17T00:20:44.976+0500: 1470.900: [GC (Allocation Failure) 2018-03-17T00:20:44.976+0500: 1470.900: [DefNew: 139776K->17472K(157248K), 0.2278457 secs] 344936K->344935K(506816K), 0.2279150 secs] [Times: user=0.22 sys=0.00, real=0.23 secs] 
2018-03-17T00:20:45.231+0500: 1471.155: [GC (Allocation Failure) 2018-03-17T00:20:45.231+0500: 1471.155: [DefNew: 157248K->157248K(157248K), 0.0000154 secs]2018-03-17T00:20:45.231+0500: 1471.155: [Tenured: 327463K->55022K(349568K), 0.2254902 secs] 484711K->55022K(506816K), [Metaspace: 5350K->5350K(1056768K)], 0.2255809 secs] [Times: user=0.22 sys=0.00, real=0.23 secs] 
2018-03-17T00:20:45.487+0500: 1471.410: [GC (Allocation Failure) 2018-03-17T00:20:45.487+0500: 1471.410: [DefNew: 139776K->17472K(157248K), 0.2652175 secs] 194798K->194797K(506816K), 0.2653219 secs] [Times: user=0.27 sys=0.00, real=0.27 secs] 
2018-03-17T00:20:45.780+0500: 1471.704: [GC (Allocation Failure) 2018-03-17T00:20:45.780+0500: 1471.704: [DefNew: 157248K->17471K(157248K), 0.2584037 secs] 334573K->334572K(506816K), 0.2584657 secs] [Times: user=0.27 sys=0.00, real=0.26 secs] 
2018-03-17T00:20:46.064+0500: 1471.988: [GC (Allocation Failure) 2018-03-17T00:20:46.064+0500: 1471.988: [DefNew: 157247K->157247K(157248K), 0.0000167 secs]2018-03-17T00:20:46.064+0500: 1471.988: [Tenured: 317100K->44659K(349568K), 0.2017524 secs] 474348K->44659K(506816K), [Metaspace: 5350K->5350K(1056768K)], 0.2018444 secs] [Times: user=0.20 sys=0.00, real=0.20 secs] 
2018-03-17T00:20:46.296+0500: 1472.219: [GC (Allocation Failure) 2018-03-17T00:20:46.296+0500: 1472.219: [DefNew: 139776K->17471K(157248K), 0.2913621 secs] 184435K->184434K(506816K), 0.2914280 secs] [Times: user=0.28 sys=0.00, real=0.29 secs] 
2018-03-17T00:20:46.613+0500: 1472.537: [GC (Allocation Failure) 2018-03-17T00:20:46.613+0500: 1472.537: [DefNew: 157247K->17472K(157248K), 0.3984551 secs] 324210K->324208K(506816K), 0.3985266 secs] [Times: user=0.41 sys=0.00, real=0.40 secs] 
2018-03-17T00:20:47.062+0500: 1472.986: [GC (Allocation Failure) 2018-03-17T00:20:47.062+0500: 1472.986: [DefNew: 157248K->157248K(157248K), 0.0000218 secs]2018-03-17T00:20:47.062+0500: 1472.986: [Tenured: 306736K->34272K(349568K), 0.2714566 secs] 463984K->34272K(506816K), [Metaspace: 5350K->5350K(1056768K)], 0.2715575 secs] [Times: user=0.27 sys=0.01, real=0.27 secs] 
2018-03-17T00:20:47.394+0500: 1473.318: [GC (Allocation Failure) 2018-03-17T00:20:47.394+0500: 1473.318: [DefNew: 139776K->17472K(157248K), 0.4059938 secs] 174048K->174046K(506816K), 0.4060682 secs] [Times: user=0.41 sys=0.00, real=0.41 secs] 
2018-03-17T00:20:47.829+0500: 1473.753: [GC (Allocation Failure) 2018-03-17T00:20:47.829+0500: 1473.753: [DefNew: 157248K->17472K(157248K), 0.2593860 secs] 313822K->313821K(506816K), 0.2594489 secs] [Times: user=0.27 sys=0.00, real=0.26 secs] 
2018-03-17T00:20:48.115+0500: 1474.039: [GC (Allocation Failure) 2018-03-17T00:20:48.115+0500: 1474.039: [DefNew: 157248K->157248K(157248K), 0.0000163 secs]2018-03-17T00:20:48.115+0500: 1474.039: [Tenured: 296349K->23908K(349568K), 0.1566504 secs] 453597K->23908K(506816K), [Metaspace: 5350K->5350K(1056768K)], 0.1567603 secs] [Times: user=0.17 sys=0.00, real=0.16 secs] 
2018-03-17T00:20:48.300+0500: 1474.224: [GC (Allocation Failure) 2018-03-17T00:20:48.300+0500: 1474.224: [DefNew: 139776K->17472K(157248K), 0.2576318 secs] 163684K->163683K(506816K), 0.2576942 secs] [Times: user=0.22 sys=0.00, real=0.26 secs] 
2018-03-17T00:20:48.583+0500: 1474.507: [GC (Allocation Failure) 2018-03-17T00:20:48.583+0500: 1474.507: [DefNew: 157248K->17472K(157248K), 0.2555735 secs] 303459K->303458K(506816K), 0.2556355 secs] [Times: user=0.25 sys=0.00, real=0.26 secs] 
2018-03-17T00:20:48.865+0500: 1474.789: [GC (Allocation Failure) 2018-03-17T00:20:48.865+0500: 1474.789: [DefNew: 146063K->146063K(157248K), 0.0000167 secs]2018-03-17T00:20:48.865+0500: 1474.789: [Tenured: 285986K->715K(349568K), 0.1374427 secs] 432050K->715K(506816K), [Metaspace: 5350K->5350K(1056768K)], 0.1375334 secs] [Times: user=0.13 sys=0.00, real=0.14 secs] 
2018-03-17T00:20:49.028+0500: 1474.952: [GC (Allocation Failure) 2018-03-17T00:20:49.028+0500: 1474.952: [DefNew: 139776K->17472K(157248K), 0.2294178 secs] 140491K->140490K(506816K), 0.2294922 secs] [Times: user=0.23 sys=0.00, real=0.23 secs] 
2018-03-17T00:20:49.284+0500: 1475.207: [GC (Allocation Failure) 2018-03-17T00:20:49.284+0500: 1475.207: [DefNew: 157248K->17472K(157248K), 0.2558767 secs] 280266K->280229K(506816K), 0.2559434 secs] [Times: user=0.27 sys=0.00, real=0.26 secs] 
2018-03-17T00:20:49.568+0500: 1475.492: [GC (Allocation Failure) 2018-03-17T00:20:49.568+0500: 1475.492: [DefNew: 157248K->157248K(157248K), 0.0000167 secs]2018-03-17T00:20:49.568+0500: 1475.492: [Tenured: 262757K->205160K(349568K), 0.4733937 secs] 420005K->205160K(506816K), [Metaspace: 5350K->5350K(1056768K)], 0.4734836 secs] [Times: user=0.48 sys=0.00, real=0.47 secs] 
2018-03-17T00:20:50.067+0500: 1475.991: [GC (Allocation Failure) 2018-03-17T00:20:50.067+0500: 1475.991: [DefNew: 139776K->17472K(157248K), 0.2272911 secs] 344936K->344935K(506816K), 0.2273958 secs] [Times: user=0.23 sys=0.00, real=0.23 secs] 
2018-03-17T00:20:50.320+0500: 1476.245: [GC (Allocation Failure) 2018-03-17T00:20:50.320+0500: 1476.245: [DefNew: 157248K->157248K(157248K), 0.0000158 secs]2018-03-17T00:20:50.320+0500: 1476.245: [Tenured: 327463K->55022K(349568K), 0.2214091 secs] 484711K->55022K(506816K), [Metaspace: 5350K->5350K(1056768K)], 0.2214993 secs] [Times: user=0.19 sys=0.00, real=0.22 secs] 
2018-03-17T00:20:50.572+0500: 1476.496: [GC (Allocation Failure) 2018-03-17T00:20:50.572+0500: 1476.496: [DefNew: 139776K->17472K(157248K), 0.2554349 secs] 194798K->194797K(506816K), 0.2554978 secs] [Times: user=0.22 sys=0.00, real=0.26 secs] 
2018-03-17T00:20:50.853+0500: 1476.777: [GC (Allocation Failure) 2018-03-17T00:20:50.853+0500: 1476.777: [DefNew: 157248K->17471K(157248K), 0.2529199 secs] 334573K->334572K(506816K), 0.2529815 secs] [Times: user=0.25 sys=0.00, real=0.25 secs] 
2018-03-17T00:20:51.132+0500: 1477.056: [GC (Allocation Failure) 2018-03-17T00:20:51.132+0500: 1477.056: [DefNew: 157247K->157247K(157248K), 0.0000175 secs]2018-03-17T00:20:51.132+0500: 1477.056: [Tenured: 317100K->44659K(349568K), 0.2038492 secs] 474348K->44659K(506816K), [Metaspace: 5350K->5350K(1056768K)], 0.2039420 secs] [Times: user=0.20 sys=0.00, real=0.20 secs] 
2018-03-17T00:20:51.366+0500: 1477.290: [GC (Allocation Failure) 2018-03-17T00:20:51.366+0500: 1477.290: [DefNew: 139776K->17471K(157248K), 0.2641488 secs] 184435K->184434K(506816K), 0.2642172 secs] [Times: user=0.25 sys=0.00, real=0.26 secs] 
2018-03-17T00:20:51.656+0500: 1477.580: [GC (Allocation Failure) 2018-03-17T00:20:51.656+0500: 1477.580: [DefNew: 157247K->17472K(157248K), 0.2574471 secs] 324210K->324208K(506816K), 0.2575223 secs] [Times: user=0.27 sys=0.00, real=0.26 secs] 
2018-03-17T00:20:51.941+0500: 1477.864: [GC (Allocation Failure) 2018-03-17T00:20:51.941+0500: 1477.864: [DefNew: 157248K->157248K(157248K), 0.0000167 secs]2018-03-17T00:20:51.941+0500: 1477.864: [Tenured: 306736K->34272K(349568K), 0.1840548 secs] 463984K->34272K(506816K), [Metaspace: 5350K->5350K(1056768K)], 0.1841447 secs] [Times: user=0.19 sys=0.00, real=0.18 secs] 
2018-03-17T00:20:52.156+0500: 1478.079: [GC (Allocation Failure) 2018-03-17T00:20:52.156+0500: 1478.079: [DefNew: 139776K->17472K(157248K), 0.2719364 secs] 174048K->174046K(506816K), 0.2720172 secs] [Times: user=0.27 sys=0.02, real=0.27 secs] 
2018-03-17T00:20:52.454+0500: 1478.378: [GC (Allocation Failure) 2018-03-17T00:20:52.454+0500: 1478.378: [DefNew: 157248K->17472K(157248K), 0.2681606 secs] 313822K->313821K(506816K), 0.2682226 secs] [Times: user=0.27 sys=0.00, real=0.27 secs] 
2018-03-17T00:20:52.748+0500: 1478.672: [GC (Allocation Failure) 2018-03-17T00:20:52.748+0500: 1478.672: [DefNew: 157248K->157248K(157248K), 0.0000163 secs]2018-03-17T00:20:52.748+0500: 1478.672: [Tenured: 296349K->23908K(349568K), 0.1576844 secs] 453597K->23908K(506816K), [Metaspace: 5350K->5350K(1056768K)], 0.1577725 secs] [Times: user=0.16 sys=0.00, real=0.16 secs] 
2018-03-17T00:20:52.935+0500: 1478.859: [GC (Allocation Failure) 2018-03-17T00:20:52.935+0500: 1478.859: [DefNew: 139776K->17472K(157248K), 0.2666117 secs] 163684K->163683K(506816K), 0.2666865 secs] [Times: user=0.26 sys=0.00, real=0.27 secs] 
2018-03-17T00:20:53.227+0500: 1479.151: [GC (Allocation Failure) 2018-03-17T00:20:53.227+0500: 1479.151: [DefNew: 157248K->17472K(157248K), 0.2535973 secs] 303459K->303458K(506816K), 0.2536572 secs] [Times: user=0.25 sys=0.00, real=0.25 secs] 
2018-03-17T00:20:53.507+0500: 1479.431: [GC (Allocation Failure) 2018-03-17T00:20:53.507+0500: 1479.431: [DefNew: 146063K->146063K(157248K), 0.0000167 secs]2018-03-17T00:20:53.507+0500: 1479.431: [Tenured: 285986K->715K(349568K), 0.1380462 secs] 432050K->715K(506816K), [Metaspace: 5350K->5350K(1056768K)], 0.1381321 secs] [Times: user=0.13 sys=0.00, real=0.14 secs] 
2018-03-17T00:20:53.671+0500: 1479.595: [GC (Allocation Failure) 2018-03-17T00:20:53.671+0500: 1479.595: [DefNew: 139776K->17472K(157248K), 0.2228931 secs] 140491K->140490K(506816K), 0.2229564 secs] [Times: user=0.22 sys=0.00, real=0.22 secs] 
2018-03-17T00:20:53.919+0500: 1479.843: [GC (Allocation Failure) 2018-03-17T00:20:53.920+0500: 1479.843: [DefNew: 157248K->17472K(157248K), 0.2609110 secs] 280266K->280229K(506816K), 0.2610081 secs] [Times: user=0.27 sys=0.00, real=0.26 secs] 
2018-03-17T00:20:54.208+0500: 1480.132: [GC (Allocation Failure) 2018-03-17T00:20:54.208+0500: 1480.132: [DefNew: 157248K->157248K(157248K), 0.0000158 secs]2018-03-17T00:20:54.208+0500: 1480.132: [Tenured: 262757K->205160K(349568K), 0.4715604 secs] 420005K->205160K(506816K), [Metaspace: 5350K->5350K(1056768K)], 0.4716682 secs] [Times: user=0.49 sys=0.00, real=0.47 secs] 
2018-03-17T00:20:54.705+0500: 1480.629: [GC (Allocation Failure) 2018-03-17T00:20:54.705+0500: 1480.629: [DefNew: 139776K->17472K(157248K), 0.2259418 secs] 344936K->344935K(506816K), 0.2260034 secs] [Times: user=0.24 sys=0.00, real=0.23 secs] 
2018-03-17T00:20:54.958+0500: 1480.882: [GC (Allocation Failure) 2018-03-17T00:20:54.958+0500: 1480.882: [DefNew: 157248K->157248K(157248K), 0.0000163 secs]2018-03-17T00:20:54.958+0500: 1480.882: [Tenured: 327463K->55022K(349568K), 0.2241290 secs] 484711K->55022K(506816K), [Metaspace: 5350K->5350K(1056768K)], 0.2242201 secs] [Times: user=0.24 sys=0.00, real=0.22 secs] 
2018-03-17T00:20:55.211+0500: 1481.135: [GC (Allocation Failure) 2018-03-17T00:20:55.211+0500: 1481.135: [DefNew: 139776K->17472K(157248K), 0.2638516 secs] 194798K->194797K(506816K), 0.2639162 secs] [Times: user=0.27 sys=0.00, real=0.26 secs] 
2018-03-17T00:20:55.501+0500: 1481.425: [GC (Allocation Failure) 2018-03-17T00:20:55.501+0500: 1481.425: [DefNew: 157248K->17471K(157248K), 0.2731167 secs] 334573K->334572K(506816K), 0.2731770 secs] [Times: user=0.28 sys=0.00, real=0.27 secs] 
2018-03-17T00:20:55.804+0500: 1481.728: [GC (Allocation Failure) 2018-03-17T00:20:55.804+0500: 1481.728: [DefNew: 157247K->157247K(157248K), 0.0000163 secs]2018-03-17T00:20:55.804+0500: 1481.728: [Tenured: 317100K->44659K(349568K), 0.2098646 secs] 474348K->44659K(506816K), [Metaspace: 5350K->5350K(1056768K)], 0.2099792 secs] [Times: user=0.20 sys=0.00, real=0.21 secs] 
2018-03-17T00:20:56.045+0500: 1481.969: [GC (Allocation Failure) 2018-03-17T00:20:56.045+0500: 1481.969: [DefNew: 139776K->17471K(157248K), 0.2944378 secs] 184435K->184434K(506816K), 0.2945067 secs] [Times: user=0.30 sys=0.00, real=0.29 secs] 
2018-03-17T00:20:56.370+0500: 1482.294: [GC (Allocation Failure) 2018-03-17T00:20:56.370+0500: 1482.294: [DefNew: 157247K->17472K(157248K), 0.3046450 secs] 324210K->324208K(506816K), 0.3047310 secs] [Times: user=0.30 sys=0.00, real=0.31 secs] 
2018-03-17T00:20:56.707+0500: 1482.630: [GC (Allocation Failure) 2018-03-17T00:20:56.707+0500: 1482.630: [DefNew: 157248K->157248K(157248K), 0.0000175 secs]2018-03-17T00:20:56.707+0500: 1482.630: [Tenured: 306736K->34272K(349568K), 0.2029653 secs] 463984K->34272K(506816K), [Metaspace: 5350K->5350K(1056768K)], 0.2030705 secs] [Times: user=0.20 sys=0.00, real=0.20 secs] 
2018-03-17T00:20:56.951+0500: 1482.875: [GC (Allocation Failure) 2018-03-17T00:20:56.951+0500: 1482.875: [DefNew: 139776K->17472K(157248K), 0.2911966 secs] 174048K->174046K(506816K), 0.2913660 secs] [Times: user=0.30 sys=0.00, real=0.29 secs] 
2018-03-17T00:20:57.273+0500: 1483.197: [GC (Allocation Failure) 2018-03-17T00:20:57.273+0500: 1483.197: [DefNew: 157248K->17472K(157248K), 0.3658880 secs] 313822K->313821K(506816K), 0.3659612 secs] [Times: user=0.36 sys=0.00, real=0.37 secs] 
2018-03-17T00:20:57.687+0500: 1483.610: [GC (Allocation Failure) 2018-03-17T00:20:57.687+0500: 1483.610: [DefNew: 157248K->157248K(157248K), 0.0000192 secs]2018-03-17T00:20:57.687+0500: 1483.610: [Tenured: 296349K->23908K(349568K), 0.2073419 secs] 453597K->23908K(506816K), [Metaspace: 5350K->5350K(1056768K)], 0.2074407 secs] [Times: user=0.20 sys=0.00, real=0.21 secs] 
2018-03-17T00:20:57.937+0500: 1483.861: [GC (Allocation Failure) 2018-03-17T00:20:57.937+0500: 1483.861: [DefNew: 139776K->17472K(157248K), 0.2999691 secs] 163684K->163683K(506816K), 0.3000324 secs] [Times: user=0.30 sys=0.00, real=0.30 secs] 
2018-03-17T00:20:58.266+0500: 1484.190: [GC (Allocation Failure) 2018-03-17T00:20:58.266+0500: 1484.190: [DefNew: 157248K->17472K(157248K), 0.2767826 secs] 303459K->303458K(506816K), 0.2768506 secs] [Times: user=0.28 sys=0.00, real=0.28 secs] 
2018-03-17T00:20:58.568+0500: 1484.493: [GC (Allocation Failure) 2018-03-17T00:20:58.568+0500: 1484.493: [DefNew: 146063K->146063K(157248K), 0.0000158 secs]2018-03-17T00:20:58.568+0500: 1484.493: [Tenured: 285986K->715K(349568K), 0.1402794 secs] 432050K->715K(506816K), [Metaspace: 5350K->5350K(1056768K)], 0.1403730 secs] [Times: user=0.16 sys=0.00, real=0.14 secs] 
2018-03-17T00:20:58.742+0500: 1484.666: [GC (Allocation Failure) 2018-03-17T00:20:58.742+0500: 1484.666: [DefNew: 139776K->17472K(157248K), 0.2444639 secs] 140491K->140490K(506816K), 0.2445777 secs] [Times: user=0.23 sys=0.00, real=0.24 secs] 
2018-03-17T00:20:59.022+0500: 1484.945: [GC (Allocation Failure) 2018-03-17T00:20:59.022+0500: 1484.946: [DefNew: 157248K->17472K(157248K), 0.3224294 secs] 280266K->280229K(506816K), 0.3224949 secs] [Times: user=0.31 sys=0.00, real=0.32 secs] 
2018-03-17T00:20:59.383+0500: 1485.307: [GC (Allocation Failure) 2018-03-17T00:20:59.383+0500: 1485.307: [DefNew: 157248K->157248K(157248K), 0.0000227 secs]2018-03-17T00:20:59.383+0500: 1485.307: [Tenured: 262757K->205160K(349568K), 0.6158135 secs] 420005K->205160K(506816K), [Metaspace: 5350K->5350K(1056768K)], 0.6159281 secs] [Times: user=0.61 sys=0.00, real=0.62 secs] 
2018-03-17T00:21:00.051+0500: 1485.975: [GC (Allocation Failure) 2018-03-17T00:21:00.051+0500: 1485.975: [DefNew: 139776K->17472K(157248K), 0.3097055 secs] 344936K->344935K(506816K), 0.3097799 secs] [Times: user=0.31 sys=0.00, real=0.31 secs] 
2018-03-17T00:21:00.395+0500: 1486.318: [GC (Allocation Failure) 2018-03-17T00:21:00.395+0500: 1486.318: [DefNew: 157248K->157248K(157248K), 0.0000175 secs]2018-03-17T00:21:00.395+0500: 1486.318: [Tenured: 327463K->55022K(349568K), 0.2633671 secs] 484711K->55022K(506816K), [Metaspace: 5350K->5350K(1056768K)], 0.2634590 secs] [Times: user=0.25 sys=0.00, real=0.26 secs] 
2018-03-17T00:21:00.703+0500: 1486.626: [GC (Allocation Failure) 2018-03-17T00:21:00.703+0500: 1486.626: [DefNew: 139776K->17472K(157248K), 0.3144165 secs] 194798K->194797K(506816K), 0.3145042 secs] [Times: user=0.31 sys=0.00, real=0.31 secs] 
2018-03-17T00:21:01.052+0500: 1486.976: [GC (Allocation Failure) 2018-03-17T00:21:01.052+0500: 1486.976: [DefNew: 157248K->17471K(157248K), 0.3127025 secs] 334573K->334572K(506816K), 0.3127752 secs] [Times: user=0.31 sys=0.00, real=0.31 secs] 
2018-03-17T00:21:01.392+0500: 1487.316: [GC (Allocation Failure) 2018-03-17T00:21:01.392+0500: 1487.316: [DefNew: 157247K->157247K(157248K), 0.0000171 secs]2018-03-17T00:21:01.392+0500: 1487.316: [Tenured: 317100K->44659K(349568K), 0.2017961 secs] 474348K->44659K(506816K), [Metaspace: 5350K->5350K(1056768K)], 0.2018978 secs] [Times: user=0.20 sys=0.00, real=0.20 secs] 
2018-03-17T00:21:01.623+0500: 1487.547: [GC (Allocation Failure) 2018-03-17T00:21:01.623+0500: 1487.547: [DefNew: 139776K->17471K(157248K), 0.2571195 secs] 184435K->184434K(506816K), 0.2571798 secs] [Times: user=0.25 sys=0.00, real=0.26 secs] 
2018-03-17T00:21:01.907+0500: 1487.830: [GC (Allocation Failure) 2018-03-17T00:21:01.907+0500: 1487.830: [DefNew: 157247K->17472K(157248K), 0.2570891 secs] 324210K->324208K(506816K), 0.2571528 secs] [Times: user=0.27 sys=0.00, real=0.26 secs] 
2018-03-17T00:21:02.190+0500: 1488.113: [GC (Allocation Failure) 2018-03-17T00:21:02.190+0500: 1488.113: [DefNew: 157248K->157248K(157248K), 0.0000167 secs]2018-03-17T00:21:02.190+0500: 1488.113: [Tenured: 306736K->34272K(349568K), 0.1853327 secs] 463984K->34272K(506816K), [Metaspace: 5350K->5350K(1056768K)], 0.1854327 secs] [Times: user=0.19 sys=0.00, real=0.18 secs] 
2018-03-17T00:21:02.407+0500: 1488.331: [GC (Allocation Failure) 2018-03-17T00:21:02.407+0500: 1488.331: [DefNew: 139776K->17472K(157248K), 0.2843084 secs] 174048K->174046K(506816K), 0.2843785 secs] [Times: user=0.28 sys=0.00, real=0.28 secs] 
2018-03-17T00:21:02.718+0500: 1488.642: [GC (Allocation Failure) 2018-03-17T00:21:02.718+0500: 1488.642: [DefNew: 157248K->17472K(157248K), 0.2596127 secs] 313822K->313821K(506816K), 0.2596756 secs] [Times: user=0.26 sys=0.00, real=0.26 secs] 
2018-03-17T00:21:03.003+0500: 1488.928: [GC (Allocation Failure) 2018-03-17T00:21:03.003+0500: 1488.928: [DefNew: 157248K->157248K(157248K), 0.0000167 secs]2018-03-17T00:21:03.003+0500: 1488.928: [Tenured: 296349K->23908K(349568K), 0.1600784 secs] 453597K->23908K(506816K), [Metaspace: 5350K->5350K(1056768K)], 0.1601824 secs] [Times: user=0.17 sys=0.00, real=0.16 secs] 
2018-03-17T00:21:03.194+0500: 1489.117: [GC (Allocation Failure) 2018-03-17T00:21:03.194+0500: 1489.117: [DefNew: 139776K->17472K(157248K), 0.2786279 secs] 163684K->163683K(506816K), 0.2786925 secs] [Times: user=0.27 sys=0.00, real=0.28 secs] 
2018-03-17T00:21:03.499+0500: 1489.423: [GC (Allocation Failure) 2018-03-17T00:21:03.499+0500: 1489.423: [DefNew: 157248K->17472K(157248K), 0.2931702 secs] 303459K->303458K(506816K), 0.2932331 secs] [Times: user=0.30 sys=0.00, real=0.29 secs] 
2018-03-17T00:21:03.828+0500: 1489.752: [GC (Allocation Failure) 2018-03-17T00:21:03.828+0500: 1489.752: [DefNew: 146063K->146063K(157248K), 0.0000979 secs]2018-03-17T00:21:03.828+0500: 1489.752: [Tenured: 285986K->715K(349568K), 0.1430514 secs] 432050K->715K(506816K), [Metaspace: 5350K->5350K(1056768K)], 0.1433974 secs] [Times: user=0.14 sys=0.00, real=0.14 secs] 
2018-03-17T00:21:03.997+0500: 1489.921: [GC (Allocation Failure) 2018-03-17T00:21:03.997+0500: 1489.921: [DefNew: 139776K->17472K(157248K), 0.2281861 secs] 140491K->140490K(506816K), 0.2282601 secs] [Times: user=0.23 sys=0.00, real=0.23 secs] 
2018-03-17T00:21:04.251+0500: 1490.175: [GC (Allocation Failure) 2018-03-17T00:21:04.251+0500: 1490.175: [DefNew: 157248K->17472K(157248K), 0.2686413 secs] 280266K->280229K(506816K), 0.2687025 secs] [Times: user=0.27 sys=0.00, real=0.27 secs] 
2018-03-17T00:21:04.552+0500: 1490.476: [GC (Allocation Failure) 2018-03-17T00:21:04.552+0500: 1490.476: [DefNew: 157248K->157248K(157248K), 0.0000167 secs]2018-03-17T00:21:04.552+0500: 1490.476: [Tenured: 262757K->205160K(349568K), 0.5012798 secs] 420005K->205160K(506816K), [Metaspace: 5350K->5350K(1056768K)], 0.5013871 secs] [Times: user=0.52 sys=0.00, real=0.50 secs] 
2018-03-17T00:21:05.089+0500: 1491.013: [GC (Allocation Failure) 2018-03-17T00:21:05.089+0500: 1491.013: [DefNew: 139776K->17472K(157248K), 0.2835942 secs] 344936K->344935K(506816K), 0.2836691 secs] [Times: user=0.28 sys=0.00, real=0.28 secs] 
2018-03-17T00:21:05.402+0500: 1491.326: [GC (Allocation Failure) 2018-03-17T00:21:05.402+0500: 1491.326: [DefNew: 157248K->157248K(157248K), 0.0000171 secs]2018-03-17T00:21:05.402+0500: 1491.326: [Tenured: 327463K->55022K(349568K), 0.2383019 secs] 484711K->55022K(506816K), [Metaspace: 5350K->5350K(1056768K)], 0.2383947 secs] [Times: user=0.23 sys=0.00, real=0.24 secs] 
2018-03-17T00:21:05.674+0500: 1491.598: [GC (Allocation Failure) 2018-03-17T00:21:05.674+0500: 1491.598: [DefNew: 139776K->17472K(157248K), 0.2984856 secs] 194798K->194797K(506816K), 0.2985561 secs] [Times: user=0.30 sys=0.00, real=0.30 secs] 
2018-03-17T00:21:06.030+0500: 1491.954: [GC (Allocation Failure) 2018-03-17T00:21:06.030+0500: 1491.954: [DefNew: 157248K->17471K(157248K), 0.2885118 secs] 334573K->334572K(506816K), 0.2885892 secs] [Times: user=0.28 sys=0.00, real=0.29 secs] 
2018-03-17T00:21:06.344+0500: 1492.268: [GC (Allocation Failure) 2018-03-17T00:21:06.344+0500: 1492.268: [DefNew: 157247K->157247K(157248K), 0.0000171 secs]2018-03-17T00:21:06.344+0500: 1492.268: [Tenured: 317100K->44659K(349568K), 0.2087621 secs] 474348K->44659K(506816K), [Metaspace: 5350K->5350K(1056768K)], 0.2088506 secs] [Times: user=0.20 sys=0.00, real=0.21 secs] 
2018-03-17T00:21:06.582+0500: 1492.506: [GC (Allocation Failure) 2018-03-17T00:21:06.583+0500: 1492.506: [DefNew: 139776K->17471K(157248K), 0.2871292 secs] 184435K->184434K(506816K), 0.2872100 secs] [Times: user=0.30 sys=0.00, real=0.29 secs] 
2018-03-17T00:21:06.901+0500: 1492.825: [GC (Allocation Failure) 2018-03-17T00:21:06.901+0500: 1492.825: [DefNew: 157247K->17472K(157248K), 0.2641052 secs] 324210K->324208K(506816K), 0.2641642 secs] [Times: user=0.25 sys=0.00, real=0.26 secs] 
2018-03-17T00:21:07.191+0500: 1493.115: [GC (Allocation Failure) 2018-03-17T00:21:07.191+0500: 1493.115: [DefNew: 157248K->157248K(157248K), 0.0000163 secs]2018-03-17T00:21:07.191+0500: 1493.115: [Tenured: 306736K->34272K(349568K), 0.1792044 secs] 463984K->34272K(506816K), [Metaspace: 5350K->5350K(1056768K)], 0.1792968 secs] [Times: user=0.19 sys=0.00, real=0.18 secs] 
2018-03-17T00:21:07.401+0500: 1493.325: [GC (Allocation Failure) 2018-03-17T00:21:07.401+0500: 1493.325: [DefNew: 139776K->17472K(157248K), 0.2592141 secs] 174048K->174046K(506816K), 0.2592744 secs] [Times: user=0.25 sys=0.00, real=0.26 secs] 
2018-03-17T00:21:07.687+0500: 1493.610: [GC (Allocation Failure) 2018-03-17T00:21:07.687+0500: 1493.610: [DefNew: 157248K->17472K(157248K), 0.2603765 secs] 313822K->313821K(506816K), 0.2604376 secs] [Times: user=0.27 sys=0.00, real=0.26 secs] 
2018-03-17T00:21:07.973+0500: 1493.897: [GC (Allocation Failure) 2018-03-17T00:21:07.973+0500: 1493.897: [DefNew: 157248K->157248K(157248K), 0.0000154 secs]2018-03-17T00:21:07.973+0500: 1493.897: [Tenured: 296349K->23908K(349568K), 0.1554358 secs] 453597K->23908K(506816K), [Metaspace: 5350K->5350K(1056768K)], 0.1555244 secs] [Times: user=0.16 sys=0.00, real=0.15 secs] 
2018-03-17T00:21:08.157+0500: 1494.081: [GC (Allocation Failure) 2018-03-17T00:21:08.157+0500: 1494.081: [DefNew: 139776K->17472K(157248K), 0.2592629 secs] 163684K->163683K(506816K), 0.2593232 secs] [Times: user=0.27 sys=0.00, real=0.26 secs] 
2018-03-17T00:21:08.442+0500: 1494.366: [GC (Allocation Failure) 2018-03-17T00:21:08.442+0500: 1494.366: [DefNew: 157248K->17472K(157248K), 0.2556693 secs] 303459K->303458K(506816K), 0.2557326 secs] [Times: user=0.27 sys=0.00, real=0.26 secs] 
2018-03-17T00:21:08.723+0500: 1494.647: [GC (Allocation Failure) 2018-03-17T00:21:08.723+0500: 1494.647: [DefNew: 146063K->146063K(157248K), 0.0000167 secs]2018-03-17T00:21:08.723+0500: 1494.647: [Tenured: 285986K->715K(349568K), 0.1383879 secs] 432050K->715K(506816K), [Metaspace: 5350K->5350K(1056768K)], 0.1384807 secs] [Times: user=0.13 sys=0.00, real=0.14 secs] 
2018-03-17T00:21:08.888+0500: 1494.812: [GC (Allocation Failure) 2018-03-17T00:21:08.888+0500: 1494.812: [DefNew: 139776K->17472K(157248K), 0.2273253 secs] 140491K->140490K(506816K), 0.2273864 secs] [Times: user=0.24 sys=0.00, real=0.23 secs] 
2018-03-17T00:21:09.141+0500: 1495.065: [GC (Allocation Failure) 2018-03-17T00:21:09.141+0500: 1495.065: [DefNew: 157248K->17472K(157248K), 0.2589374 secs] 280266K->280229K(506816K), 0.2589990 secs] [Times: user=0.27 sys=0.00, real=0.26 secs] 
2018-03-17T00:21:09.429+0500: 1495.353: [GC (Allocation Failure) 2018-03-17T00:21:09.429+0500: 1495.353: [DefNew: 157248K->157248K(157248K), 0.0000163 secs]2018-03-17T00:21:09.429+0500: 1495.353: [Tenured: 262757K->205160K(349568K), 0.4755868 secs] 420005K->205160K(506816K), [Metaspace: 5350K->5350K(1056768K)], 0.4756838 secs] [Times: user=0.47 sys=0.00, real=0.48 secs] 
2018-03-17T00:21:09.930+0500: 1495.854: [GC (Allocation Failure) 2018-03-17T00:21:09.930+0500: 1495.854: [DefNew: 139776K->17472K(157248K), 0.2233836 secs] 344936K->344935K(506816K), 0.2234469 secs] [Times: user=0.22 sys=0.00, real=0.22 secs] 
2018-03-17T00:21:10.180+0500: 1496.105: [GC (Allocation Failure) 2018-03-17T00:21:10.180+0500: 1496.105: [DefNew: 157248K->157248K(157248K), 0.0000175 secs]2018-03-17T00:21:10.180+0500: 1496.105: [Tenured: 327463K->55022K(349568K), 0.2219129 secs] 484711K->55022K(506816K), [Metaspace: 5350K->5350K(1056768K)], 0.2220057 secs] [Times: user=0.22 sys=0.00, real=0.22 secs] 
2018-03-17T00:21:10.432+0500: 1496.356: [GC (Allocation Failure) 2018-03-17T00:21:10.432+0500: 1496.356: [DefNew: 139776K->17472K(157248K), 0.2583716 secs] 194798K->194797K(506816K), 0.2584328 secs] [Times: user=0.25 sys=0.00, real=0.26 secs] 
2018-03-17T00:21:10.716+0500: 1496.640: [GC (Allocation Failure) 2018-03-17T00:21:10.716+0500: 1496.640: [DefNew: 157248K->17471K(157248K), 0.2545206 secs] 334573K->334572K(506816K), 0.2545856 secs] [Times: user=0.25 sys=0.00, real=0.25 secs] 
2018-03-17T00:21:10.997+0500: 1496.921: [GC (Allocation Failure) 2018-03-17T00:21:10.997+0500: 1496.921: [DefNew: 157247K->157247K(157248K), 0.0000163 secs]2018-03-17T00:21:10.997+0500: 1496.921: [Tenured: 317100K->44659K(349568K), 0.1991754 secs] 474348K->44659K(506816K), [Metaspace: 5350K->5350K(1056768K)], 0.1992742 secs] [Times: user=0.20 sys=0.00, real=0.20 secs] 
2018-03-17T00:21:11.225+0500: 1497.149: [GC (Allocation Failure) 2018-03-17T00:21:11.225+0500: 1497.150: [DefNew: 139776K->17471K(157248K), 0.2581356 secs] 184435K->184434K(506816K), 0.2581980 secs] [Times: user=0.25 sys=0.00, real=0.26 secs] 
2018-03-17T00:21:11.509+0500: 1497.433: [GC (Allocation Failure) 2018-03-17T00:21:11.509+0500: 1497.433: [DefNew: 157247K->17472K(157248K), 0.2583917 secs] 324210K->324208K(506816K), 0.2584537 secs] [Times: user=0.25 sys=0.00, real=0.26 secs] 
2018-03-17T00:21:11.795+0500: 1497.719: [GC (Allocation Failure) 2018-03-17T00:21:11.795+0500: 1497.719: [DefNew: 157248K->157248K(157248K), 0.0000158 secs]2018-03-17T00:21:11.795+0500: 1497.719: [Tenured: 306736K->34272K(349568K), 0.1797574 secs] 463984K->34272K(506816K), [Metaspace: 5350K->5350K(1056768K)], 0.1798549 secs] [Times: user=0.19 sys=0.00, real=0.18 secs] 
2018-03-17T00:21:12.005+0500: 1497.929: [GC (Allocation Failure) 2018-03-17T00:21:12.005+0500: 1497.929: [DefNew: 139776K->17472K(157248K), 0.2561898 secs] 174048K->174046K(506816K), 0.2562535 secs] [Times: user=0.26 sys=0.00, real=0.26 secs] 
2018-03-17T00:21:12.287+0500: 1498.211: [GC (Allocation Failure) 2018-03-17T00:21:12.287+0500: 1498.211: [DefNew: 157248K->17472K(157248K), 0.2566922 secs] 313822K->313821K(506816K), 0.2567615 secs] [Times: user=0.26 sys=0.00, real=0.26 secs] 
2018-03-17T00:21:12.569+0500: 1498.493: [GC (Allocation Failure) 2018-03-17T00:21:12.569+0500: 1498.493: [DefNew: 157248K->157248K(157248K), 0.0000158 secs]2018-03-17T00:21:12.569+0500: 1498.493: [Tenured: 296349K->23908K(349568K), 0.1617728 secs] 453597K->23908K(506816K), [Metaspace: 5350K->5350K(1056768K)], 0.1618707 secs] [Times: user=0.16 sys=0.00, real=0.16 secs] 
2018-03-17T00:21:12.760+0500: 1498.684: [GC (Allocation Failure) 2018-03-17T00:21:12.760+0500: 1498.684: [DefNew: 139776K->17472K(157248K), 0.2586013 secs] 163684K->163683K(506816K), 0.2586633 secs] [Times: user=0.25 sys=0.00, real=0.26 secs] 
2018-03-17T00:21:13.044+0500: 1498.968: [GC (Allocation Failure) 2018-03-17T00:21:13.044+0500: 1498.968: [DefNew: 157248K->17472K(157248K), 0.2567821 secs] 303459K->303458K(506816K), 0.2568441 secs] [Times: user=0.25 sys=0.00, real=0.26 secs] 
2018-03-17T00:21:13.328+0500: 1499.252: [GC (Allocation Failure) 2018-03-17T00:21:13.328+0500: 1499.252: [DefNew: 146063K->146063K(157248K), 0.0000171 secs]2018-03-17T00:21:13.328+0500: 1499.252: [Tenured: 285986K->715K(349568K), 0.1364365 secs] 432050K->715K(506816K), [Metaspace: 5350K->5350K(1056768K)], 0.1365224 secs] [Times: user=0.14 sys=0.00, real=0.14 secs] 
2018-03-17T00:21:13.490+0500: 1499.414: [GC (Allocation Failure) 2018-03-17T00:21:13.490+0500: 1499.414: [DefNew: 139776K->17472K(157248K), 0.2235444 secs] 140491K->140490K(506816K), 0.2236077 secs] [Times: user=0.22 sys=0.00, real=0.22 secs] 
2018-03-17T00:21:13.739+0500: 1499.663: [GC (Allocation Failure) 2018-03-17T00:21:13.739+0500: 1499.663: [DefNew: 157248K->17472K(157248K), 0.2576134 secs] 280266K->280229K(506816K), 0.2576746 secs] [Times: user=0.27 sys=0.00, real=0.26 secs] 
2018-03-17T00:21:14.026+0500: 1499.949: [GC (Allocation Failure) 2018-03-17T00:21:14.026+0500: 1499.949: [DefNew: 157248K->157248K(157248K), 0.0000316 secs]2018-03-17T00:21:14.026+0500: 1499.949: [Tenured: 262757K->205160K(349568K), 0.4714475 secs] 420005K->205160K(506816K), [Metaspace: 5350K->5350K(1056768K)], 0.4715749 secs] [Times: user=0.47 sys=0.00, real=0.47 secs] 
2018-03-17T00:21:14.523+0500: 1500.447: [GC (Allocation Failure) 2018-03-17T00:21:14.523+0500: 1500.447: [DefNew: 139776K->17472K(157248K), 0.2270499 secs] 344936K->344935K(506816K), 0.2271217 secs] [Times: user=0.22 sys=0.00, real=0.23 secs] 
2018-03-17T00:21:14.776+0500: 1500.700: [GC (Allocation Failure) 2018-03-17T00:21:14.776+0500: 1500.700: [DefNew: 157248K->157248K(157248K), 0.0000158 secs]2018-03-17T00:21:14.776+0500: 1500.700: [Tenured: 327463K->55022K(349568K), 0.2219249 secs] 484711K->55022K(506816K), [Metaspace: 5350K->5350K(1056768K)], 0.2220185 secs] [Times: user=0.22 sys=0.00, real=0.22 secs] 
2018-03-17T00:21:15.028+0500: 1500.952: [GC (Allocation Failure) 2018-03-17T00:21:15.028+0500: 1500.952: [DefNew: 139776K->17472K(157248K), 0.2580821 secs] 194798K->194797K(506816K), 0.2581394 secs] [Times: user=0.25 sys=0.00, real=0.26 secs] 
2018-03-17T00:21:15.313+0500: 1501.236: [GC (Allocation Failure) 2018-03-17T00:21:15.313+0500: 1501.236: [DefNew: 157248K->17471K(157248K), 0.2523075 secs] 334573K->334572K(506816K), 0.2523648 secs] [Times: user=0.25 sys=0.00, real=0.25 secs] 
2018-03-17T00:21:15.591+0500: 1501.515: [GC (Allocation Failure) 2018-03-17T00:21:15.591+0500: 1501.515: [DefNew: 157247K->157247K(157248K), 0.0000167 secs]2018-03-17T00:21:15.591+0500: 1501.515: [Tenured: 317100K->44659K(349568K), 0.2001440 secs] 474348K->44659K(506816K), [Metaspace: 5350K->5350K(1056768K)], 0.2002394 secs] [Times: user=0.20 sys=0.00, real=0.20 secs] 
2018-03-17T00:21:15.823+0500: 1501.747: [GC (Allocation Failure) 2018-03-17T00:21:15.823+0500: 1501.747: [DefNew: 139776K->17471K(157248K), 0.2558121 secs] 184435K->184434K(506816K), 0.2558818 secs] [Times: user=0.23 sys=0.00, real=0.26 secs] 
2018-03-17T00:21:16.104+0500: 1502.028: [GC (Allocation Failure) 2018-03-17T00:21:16.104+0500: 1502.028: [DefNew: 157247K->17472K(157248K), 0.2520082 secs] 324210K->324208K(506816K), 0.2520727 secs] [Times: user=0.25 sys=0.00, real=0.25 secs] 
2018-03-17T00:21:16.382+0500: 1502.306: [GC (Allocation Failure) 2018-03-17T00:21:16.382+0500: 1502.306: [DefNew: 157248K->157248K(157248K), 0.0000167 secs]2018-03-17T00:21:16.382+0500: 1502.306: [Tenured: 306736K->34272K(349568K), 0.1800969 secs] 463984K->34272K(506816K), [Metaspace: 5350K->5350K(1056768K)], 0.1802081 secs] [Times: user=0.17 sys=0.00, real=0.18 secs] 
2018-03-17T00:21:16.592+0500: 1502.515: [GC (Allocation Failure) 2018-03-17T00:21:16.592+0500: 1502.515: [DefNew: 139776K->17472K(157248K), 0.2629073 secs] 174048K->174046K(506816K), 0.2629792 secs] [Times: user=0.27 sys=0.00, real=0.26 secs] 
2018-03-17T00:21:16.881+0500: 1502.805: [GC (Allocation Failure) 2018-03-17T00:21:16.881+0500: 1502.805: [DefNew: 157248K->17472K(157248K), 0.2548657 secs] 313822K->313821K(506816K), 0.2549282 secs] [Times: user=0.25 sys=0.00, real=0.25 secs] 
2018-03-17T00:21:17.162+0500: 1503.085: [GC (Allocation Failure) 2018-03-17T00:21:17.162+0500: 1503.086: [DefNew: 157248K->157248K(157248K), 0.0000218 secs]2018-03-17T00:21:17.162+0500: 1503.086: [Tenured: 296349K->23908K(349568K), 0.1554786 secs] 453597K->23908K(506816K), [Metaspace: 5350K->5350K(1056768K)], 0.1555894 secs] [Times: user=0.14 sys=0.00, real=0.15 secs] 
2018-03-17T00:21:17.346+0500: 1503.270: [GC (Allocation Failure) 2018-03-17T00:21:17.346+0500: 1503.270: [DefNew: 139776K->17472K(157248K), 0.2583960 secs] 163684K->163683K(506816K), 0.2584636 secs] [Times: user=0.27 sys=0.00, real=0.26 secs] 
2018-03-17T00:21:17.631+0500: 1503.555: [GC (Allocation Failure) 2018-03-17T00:21:17.631+0500: 1503.555: [DefNew: 157248K->17472K(157248K), 0.2579427 secs] 303459K->303458K(506816K), 0.2580064 secs] [Times: user=0.25 sys=0.00, real=0.26 secs] 
2018-03-17T00:21:17.918+0500: 1503.842: [GC (Allocation Failure) 2018-03-17T00:21:17.918+0500: 1503.842: [DefNew: 146063K->146063K(157248K), 0.0000145 secs]2018-03-17T00:21:17.918+0500: 1503.842: [Tenured: 285986K->715K(349568K), 0.1386256 secs] 432050K->715K(506816K), [Metaspace: 5350K->5350K(1056768K)], 0.1387103 secs] [Times: user=0.14 sys=0.00, real=0.14 secs] 
2018-03-17T00:21:18.083+0500: 1504.006: [GC (Allocation Failure) 2018-03-17T00:21:18.083+0500: 1504.006: [DefNew: 139776K->17472K(157248K), 0.2237924 secs] 140491K->140490K(506816K), 0.2238506 secs] [Times: user=0.24 sys=0.00, real=0.22 secs] 
2018-03-17T00:21:18.332+0500: 1504.256: [GC (Allocation Failure) 2018-03-17T00:21:18.332+0500: 1504.256: [DefNew: 157248K->17472K(157248K), 0.2609187 secs] 280266K->280229K(506816K), 0.2609825 secs] [Times: user=0.27 sys=0.00, real=0.26 secs] 
2018-03-17T00:21:18.622+0500: 1504.546: [GC (Allocation Failure) 2018-03-17T00:21:18.622+0500: 1504.546: [DefNew: 157248K->157248K(157248K), 0.0000167 secs]2018-03-17T00:21:18.622+0500: 1504.546: [Tenured: 262757K->205160K(349568K), 0.4718332 secs] 420005K->205160K(506816K), [Metaspace: 5350K->5350K(1056768K)], 0.4719243 secs] [Times: user=0.47 sys=0.00, real=0.47 secs] 
2018-03-17T00:21:19.119+0500: 1505.043: [GC (Allocation Failure) 2018-03-17T00:21:19.119+0500: 1505.044: [DefNew: 139776K->17472K(157248K), 0.2290068 secs] 344936K->344935K(506816K), 0.2290671 secs] [Times: user=0.22 sys=0.00, real=0.23 secs] 
2018-03-17T00:21:19.376+0500: 1505.299: [GC (Allocation Failure) 2018-03-17T00:21:19.376+0500: 1505.299: [DefNew: 157248K->157248K(157248K), 0.0000141 secs]2018-03-17T00:21:19.376+0500: 1505.299: [Tenured: 327463K->55022K(349568K), 0.2210524 secs] 484711K->55022K(506816K), [Metaspace: 5350K->5350K(1056768K)], 0.2211457 secs] [Times: user=0.22 sys=0.00, real=0.22 secs] 
2018-03-17T00:21:19.627+0500: 1505.550: [GC (Allocation Failure) 2018-03-17T00:21:19.627+0500: 1505.550: [DefNew: 139776K->17472K(157248K), 0.2611219 secs] 194798K->194797K(506816K), 0.2611929 secs] [Times: user=0.27 sys=0.00, real=0.26 secs] 
2018-03-17T00:21:19.913+0500: 1505.837: [GC (Allocation Failure) 2018-03-17T00:21:19.914+0500: 1505.837: [DefNew: 157248K->17471K(157248K), 0.2511635 secs] 334573K->334572K(506816K), 0.2512559 secs] [Times: user=0.25 sys=0.00, real=0.25 secs] 
2018-03-17T00:21:20.190+0500: 1506.114: [GC (Allocation Failure) 2018-03-17T00:21:20.190+0500: 1506.114: [DefNew: 157247K->157247K(157248K), 0.0000167 secs]2018-03-17T00:21:20.190+0500: 1506.114: [Tenured: 317100K->44659K(349568K), 0.1992160 secs] 474348K->44659K(506816K), [Metaspace: 5350K->5350K(1056768K)], 0.1993140 secs] [Times: user=0.20 sys=0.00, real=0.20 secs] 
2018-03-17T00:21:20.418+0500: 1506.342: [GC (Allocation Failure) 2018-03-17T00:21:20.418+0500: 1506.343: [DefNew: 139776K->17471K(157248K), 0.2586744 secs] 184435K->184434K(506816K), 0.2587463 secs] [Times: user=0.25 sys=0.00, real=0.26 secs] 
2018-03-17T00:21:20.704+0500: 1506.627: [GC (Allocation Failure) 2018-03-17T00:21:20.704+0500: 1506.627: [DefNew: 157247K->17472K(157248K), 0.2603752 secs] 324210K->324208K(506816K), 0.2604530 secs] [Times: user=0.27 sys=0.00, real=0.26 secs] 
2018-03-17T00:21:20.990+0500: 1506.913: [GC (Allocation Failure) 2018-03-17T00:21:20.990+0500: 1506.913: [DefNew: 157248K->157248K(157248K), 0.0000261 secs]2018-03-17T00:21:20.990+0500: 1506.913: [Tenured: 306736K->34272K(349568K), 0.1767548 secs] 463984K->34272K(506816K), [Metaspace: 5350K->5350K(1056768K)], 0.1768664 secs] [Times: user=0.19 sys=0.00, real=0.18 secs] 
2018-03-17T00:21:21.196+0500: 1507.120: [GC (Allocation Failure) 2018-03-17T00:21:21.196+0500: 1507.120: [DefNew: 139776K->17472K(157248K), 0.2614610 secs] 174048K->174046K(506816K), 0.2615376 secs] [Times: user=0.24 sys=0.00, real=0.26 secs] 
2018-03-17T00:21:21.484+0500: 1507.408: [GC (Allocation Failure) 2018-03-17T00:21:21.484+0500: 1507.408: [DefNew: 157248K->17472K(157248K), 0.2577999 secs] 313822K->313821K(506816K), 0.2578597 secs] [Times: user=0.27 sys=0.00, real=0.26 secs] 
2018-03-17T00:21:21.767+0500: 1507.692: [GC (Allocation Failure) 2018-03-17T00:21:21.767+0500: 1507.692: [DefNew: 157248K->157248K(157248K), 0.0000235 secs]2018-03-17T00:21:21.768+0500: 1507.692: [Tenured: 296349K->23908K(349568K), 0.1551557 secs] 453597K->23908K(506816K), [Metaspace: 5350K->5350K(1056768K)], 0.1552644 secs] [Times: user=0.16 sys=0.00, real=0.16 secs] 
2018-03-17T00:21:21.951+0500: 1507.875: [GC (Allocation Failure) 2018-03-17T00:21:21.951+0500: 1507.875: [DefNew: 139776K->17472K(157248K), 0.2561410 secs] 163684K->163683K(506816K), 0.2562022 secs] [Times: user=0.25 sys=0.00, real=0.26 secs] 
2018-03-17T00:21:22.234+0500: 1508.157: [GC (Allocation Failure) 2018-03-17T00:21:22.234+0500: 1508.157: [DefNew: 157248K->17472K(157248K), 0.2528190 secs] 303459K->303458K(506816K), 0.2528844 secs] [Times: user=0.25 sys=0.00, real=0.25 secs] 
2018-03-17T00:21:22.513+0500: 1508.436: [GC (Allocation Failure) 2018-03-17T00:21:22.513+0500: 1508.436: [DefNew: 146063K->146063K(157248K), 0.0000171 secs]2018-03-17T00:21:22.513+0500: 1508.436: [Tenured: 285986K->715K(349568K), 0.1366892 secs] 432050K->715K(506816K), [Metaspace: 5350K->5350K(1056768K)], 0.1367782 secs] [Times: user=0.14 sys=0.00, real=0.14 secs] 
2018-03-17T00:21:22.675+0500: 1508.599: [GC (Allocation Failure) 2018-03-17T00:21:22.675+0500: 1508.599: [DefNew: 139776K->17472K(157248K), 0.2258507 secs] 140491K->140490K(506816K), 0.2259110 secs] [Times: user=0.23 sys=0.00, real=0.23 secs] 
2018-03-17T00:21:22.926+0500: 1508.850: [GC (Allocation Failure) 2018-03-17T00:21:22.926+0500: 1508.850: [DefNew: 157248K->17472K(157248K), 0.2590191 secs] 280266K->280229K(506816K), 0.2590833 secs] [Times: user=0.26 sys=0.00, real=0.26 secs] 
2018-03-17T00:21:23.214+0500: 1509.138: [GC (Allocation Failure) 2018-03-17T00:21:23.214+0500: 1509.138: [DefNew: 157248K->157248K(157248K), 0.0000201 secs]2018-03-17T00:21:23.214+0500: 1509.138: [Tenured: 262757K->205160K(349568K), 0.4761867 secs] 420005K->205160K(506816K), [Metaspace: 5350K->5350K(1056768K)], 0.4762877 secs] [Times: user=0.47 sys=0.00, real=0.48 secs] 
2018-03-17T00:21:23.717+0500: 1509.640: [GC (Allocation Failure) 2018-03-17T00:21:23.717+0500: 1509.640: [DefNew: 139776K->17472K(157248K), 0.2249381 secs] 344936K->344935K(506816K), 0.2250031 secs] [Times: user=0.22 sys=0.00, real=0.22 secs] 
2018-03-17T00:21:23.968+0500: 1509.892: [GC (Allocation Failure) 2018-03-17T00:21:23.968+0500: 1509.892: [DefNew: 157248K->157248K(157248K), 0.0000167 secs]2018-03-17T00:21:23.968+0500: 1509.892: [Tenured: 327463K->55022K(349568K), 0.2212051 secs] 484711K->55022K(506816K), [Metaspace: 5350K->5350K(1056768K)], 0.2212958 secs] [Times: user=0.22 sys=0.00, real=0.22 secs] 
2018-03-17T00:21:24.219+0500: 1510.143: [GC (Allocation Failure) 2018-03-17T00:21:24.219+0500: 1510.143: [DefNew: 139776K->17472K(157248K), 0.2561675 secs] 194798K->194797K(506816K), 0.2562308 secs] [Times: user=0.26 sys=0.00, real=0.26 secs] 
2018-03-17T00:21:24.501+0500: 1510.425: [GC (Allocation Failure) 2018-03-17T00:21:24.501+0500: 1510.425: [DefNew: 157248K->17471K(157248K), 0.2510177 secs] 334573K->334572K(506816K), 0.2510908 secs] [Times: user=0.25 sys=0.00, real=0.25 secs] 
2018-03-17T00:21:24.778+0500: 1510.702: [GC (Allocation Failure) 2018-03-17T00:21:24.778+0500: 1510.702: [DefNew: 157247K->157247K(157248K), 0.0000163 secs]2018-03-17T00:21:24.778+0500: 1510.702: [Tenured: 317100K->44659K(349568K), 0.1990646 secs] 474348K->44659K(506816K), [Metaspace: 5350K->5350K(1056768K)], 0.1991562 secs] [Times: user=0.20 sys=0.00, real=0.20 secs] 
2018-03-17T00:21:25.008+0500: 1510.932: [GC (Allocation Failure) 2018-03-17T00:21:25.008+0500: 1510.932: [DefNew: 139776K->17471K(157248K), 0.2567714 secs] 184435K->184434K(506816K), 0.2568321 secs] [Times: user=0.25 sys=0.00, real=0.26 secs] 
2018-03-17T00:21:25.291+0500: 1511.214: [GC (Allocation Failure) 2018-03-17T00:21:25.291+0500: 1511.214: [DefNew: 157247K->17472K(157248K), 0.2555675 secs] 324210K->324208K(506816K), 0.2556308 secs] [Times: user=0.25 sys=0.00, real=0.26 secs] 
2018-03-17T00:21:25.572+0500: 1511.496: [GC (Allocation Failure) 2018-03-17T00:21:25.572+0500: 1511.496: [DefNew: 157248K->157248K(157248K), 0.0000158 secs]2018-03-17T00:21:25.572+0500: 1511.496: [Tenured: 306736K->34272K(349568K), 0.1777196 secs] 463984K->34272K(506816K), [Metaspace: 5350K->5350K(1056768K)], 0.1778090 secs] [Times: user=0.17 sys=0.00, real=0.18 secs] 
2018-03-17T00:21:25.779+0500: 1511.703: [GC (Allocation Failure) 2018-03-17T00:21:25.779+0500: 1511.703: [DefNew: 139776K->17472K(157248K), 0.2580265 secs] 174048K->174046K(506816K), 0.2580890 secs] [Times: user=0.27 sys=0.00, real=0.26 secs] 
2018-03-17T00:21:26.063+0500: 1511.987: [GC (Allocation Failure) 2018-03-17T00:21:26.063+0500: 1511.987: [DefNew: 157248K->17472K(157248K), 0.2519128 secs] 313822K->313821K(506816K), 0.2519829 secs] [Times: user=0.25 sys=0.00, real=0.25 secs] 
2018-03-17T00:21:26.342+0500: 1512.266: [GC (Allocation Failure) 2018-03-17T00:21:26.342+0500: 1512.266: [DefNew: 157248K->157248K(157248K), 0.0000154 secs]2018-03-17T00:21:26.342+0500: 1512.266: [Tenured: 296349K->23908K(349568K), 0.1548012 secs] 453597K->23908K(506816K), [Metaspace: 5350K->5350K(1056768K)], 0.1548902 secs] [Times: user=0.16 sys=0.00, real=0.15 secs] 
2018-03-17T00:21:26.525+0500: 1512.448: [GC (Allocation Failure) 2018-03-17T00:21:26.525+0500: 1512.448: [DefNew: 139776K->17472K(157248K), 0.2619879 secs] 163684K->163683K(506816K), 0.2620499 secs] [Times: user=0.25 sys=0.00, real=0.26 secs] 
2018-03-17T00:21:26.813+0500: 1512.737: [GC (Allocation Failure) 2018-03-17T00:21:26.813+0500: 1512.737: [DefNew: 157248K->17472K(157248K), 0.2555021 secs] 303459K->303458K(506816K), 0.2555628 secs] [Times: user=0.25 sys=0.00, real=0.26 secs] 
2018-03-17T00:21:27.094+0500: 1513.018: [GC (Allocation Failure) 2018-03-17T00:21:27.094+0500: 1513.018: [DefNew: 146063K->146063K(157248K), 0.0000163 secs]2018-03-17T00:21:27.094+0500: 1513.018: [Tenured: 285986K->715K(349568K), 0.1372114 secs] 432050K->715K(506816K), [Metaspace: 5350K->5350K(1056768K)], 0.1373012 secs] [Times: user=0.14 sys=0.00, real=0.14 secs] 
2018-03-17T00:21:27.257+0500: 1513.181: [GC (Allocation Failure) 2018-03-17T00:21:27.257+0500: 1513.181: [DefNew: 139776K->17472K(157248K), 0.2225608 secs] 140491K->140490K(506816K), 0.2226266 secs] [Times: user=0.22 sys=0.00, real=0.22 secs] 
2018-03-17T00:21:27.505+0500: 1513.429: [GC (Allocation Failure) 2018-03-17T00:21:27.505+0500: 1513.429: [DefNew: 157248K->17472K(157248K), 0.2561855 secs] 280266K->280229K(506816K), 0.2562436 secs] [Times: user=0.27 sys=0.00, real=0.26 secs] 
2018-03-17T00:21:27.791+0500: 1513.714: [GC (Allocation Failure) 2018-03-17T00:21:27.791+0500: 1513.714: [DefNew: 157248K->157248K(157248K), 0.0000197 secs]2018-03-17T00:21:27.791+0500: 1513.714: [Tenured: 262757K->205160K(349568K), 0.4840385 secs] 420005K->205160K(506816K), [Metaspace: 5350K->5350K(1056768K)], 0.4841398 secs] [Times: user=0.48 sys=0.00, real=0.48 secs] 
2018-03-17T00:21:28.301+0500: 1514.225: [GC (Allocation Failure) 2018-03-17T00:21:28.301+0500: 1514.225: [DefNew: 139776K->17472K(157248K), 0.2398867 secs] 344936K->344935K(506816K), 0.2399783 secs] [Times: user=0.25 sys=0.00, real=0.24 secs] 
2018-03-17T00:21:28.567+0500: 1514.491: [GC (Allocation Failure) 2018-03-17T00:21:28.567+0500: 1514.491: [DefNew: 157248K->157248K(157248K), 0.0000158 secs]2018-03-17T00:21:28.567+0500: 1514.491: [Tenured: 327463K->55022K(349568K), 0.2207616 secs] 484711K->55022K(506816K), [Metaspace: 5350K->5350K(1056768K)], 0.2208562 secs] [Times: user=0.23 sys=0.00, real=0.22 secs] 
2018-03-17T00:21:28.819+0500: 1514.744: [GC (Allocation Failure) 2018-03-17T00:21:28.819+0500: 1514.744: [DefNew: 139776K->17472K(157248K), 0.2571545 secs] 194798K->194797K(506816K), 0.2572161 secs] [Times: user=0.25 sys=0.00, real=0.26 secs] 
2018-03-17T00:21:29.102+0500: 1515.026: [GC (Allocation Failure) 2018-03-17T00:21:29.102+0500: 1515.026: [DefNew: 157248K->17471K(157248K), 0.2543782 secs] 334573K->334572K(506816K), 0.2544402 secs] [Times: user=0.25 sys=0.00, real=0.26 secs] 
2018-03-17T00:21:29.383+0500: 1515.307: [GC (Allocation Failure) 2018-03-17T00:21:29.383+0500: 1515.307: [DefNew: 157247K->157247K(157248K), 0.0000167 secs]2018-03-17T00:21:29.383+0500: 1515.307: [Tenured: 317100K->44659K(349568K), 0.1988281 secs] 474348K->44659K(506816K), [Metaspace: 5350K->5350K(1056768K)], 0.1989256 secs] [Times: user=0.19 sys=0.00, real=0.20 secs] 
2018-03-17T00:21:29.612+0500: 1515.536: [GC (Allocation Failure) 2018-03-17T00:21:29.612+0500: 1515.536: [DefNew: 139776K->17471K(157248K), 0.2584041 secs] 184435K->184434K(506816K), 0.2584614 secs] [Times: user=0.27 sys=0.00, real=0.26 secs] 
2018-03-17T00:21:29.896+0500: 1515.820: [GC (Allocation Failure) 2018-03-17T00:21:29.896+0500: 1515.820: [DefNew: 157247K->17472K(157248K), 0.2521061 secs] 324210K->324208K(506816K), 0.2521698 secs] [Times: user=0.27 sys=0.00, real=0.25 secs] 
2018-03-17T00:21:30.174+0500: 1516.098: [GC (Allocation Failure) 2018-03-17T00:21:30.174+0500: 1516.098: [DefNew: 157248K->157248K(157248K), 0.0000163 secs]2018-03-17T00:21:30.174+0500: 1516.098: [Tenured: 306736K->34272K(349568K), 0.1779095 secs] 463984K->34272K(506816K), [Metaspace: 5350K->5350K(1056768K)], 0.1780001 secs] [Times: user=0.17 sys=0.00, real=0.18 secs] 
2018-03-17T00:21:30.382+0500: 1516.306: [GC (Allocation Failure) 2018-03-17T00:21:30.382+0500: 1516.306: [DefNew: 139776K->17472K(157248K), 0.2576985 secs] 174048K->174046K(506816K), 0.2577686 secs] [Times: user=0.25 sys=0.00, real=0.26 secs] 
2018-03-17T00:21:30.666+0500: 1516.590: [GC (Allocation Failure) 2018-03-17T00:21:30.666+0500: 1516.590: [DefNew: 157248K->17472K(157248K), 0.2558934 secs] 313822K->313821K(506816K), 0.2559567 secs] [Times: user=0.25 sys=0.00, real=0.26 secs] 
2018-03-17T00:21:30.948+0500: 1516.871: [GC (Allocation Failure) 2018-03-17T00:21:30.948+0500: 1516.871: [DefNew: 157248K->157248K(157248K), 0.0000192 secs]2018-03-17T00:21:30.948+0500: 1516.871: [Tenured: 296349K->23908K(349568K), 0.1554508 secs] 453597K->23908K(506816K), [Metaspace: 5350K->5350K(1056768K)], 0.1555432 secs] [Times: user=0.16 sys=0.00, real=0.15 secs] 
2018-03-17T00:21:31.132+0500: 1517.056: [GC (Allocation Failure) 2018-03-17T00:21:31.132+0500: 1517.056: [DefNew: 139776K->17472K(157248K), 0.2595652 secs] 163684K->163683K(506816K), 0.2596315 secs] [Times: user=0.23 sys=0.00, real=0.26 secs] 
2018-03-17T00:21:31.417+0500: 1517.341: [GC (Allocation Failure) 2018-03-17T00:21:31.417+0500: 1517.341: [DefNew: 157248K->17472K(157248K), 0.2566773 secs] 303459K->303458K(506816K), 0.2567380 secs] [Times: user=0.25 sys=0.00, real=0.26 secs] 
2018-03-17T00:21:31.699+0500: 1517.624: [GC (Allocation Failure) 2018-03-17T00:21:31.699+0500: 1517.624: [DefNew: 146063K->146063K(157248K), 0.0000192 secs]2018-03-17T00:21:31.699+0500: 1517.624: [Tenured: 285986K->715K(349568K), 0.1369586 secs] 432050K->715K(506816K), [Metaspace: 5350K->5350K(1056768K)], 0.1370557 secs] [Times: user=0.14 sys=0.00, real=0.14 secs] 
2018-03-17T00:21:31.863+0500: 1517.787: [GC (Allocation Failure) 2018-03-17T00:21:31.863+0500: 1517.787: [DefNew: 139776K->17472K(157248K), 0.2246905 secs] 140491K->140490K(506816K), 0.2247923 secs] [Times: user=0.24 sys=0.00, real=0.23 secs] 
2018-03-17T00:21:32.114+0500: 1518.038: [GC (Allocation Failure) 2018-03-17T00:21:32.114+0500: 1518.038: [DefNew: 157248K->17472K(157248K), 0.2583340 secs] 280266K->280229K(506816K), 0.2583930 secs] [Times: user=0.27 sys=0.00, real=0.26 secs] 
2018-03-17T00:21:32.401+0500: 1518.325: [GC (Allocation Failure) 2018-03-17T00:21:32.401+0500: 1518.325: [DefNew: 157248K->157248K(157248K), 0.0000137 secs]2018-03-17T00:21:32.401+0500: 1518.325: [Tenured: 262757K->205160K(349568K), 0.4736512 secs] 420005K->205160K(506816K), [Metaspace: 5350K->5350K(1056768K)], 0.4737525 secs] [Times: user=0.47 sys=0.00, real=0.47 secs] 
2018-03-17T00:21:32.901+0500: 1518.825: [GC (Allocation Failure) 2018-03-17T00:21:32.901+0500: 1518.825: [DefNew: 139776K->17472K(157248K), 0.2274852 secs] 344936K->344935K(506816K), 0.2275468 secs] [Times: user=0.22 sys=0.00, real=0.23 secs] 
2018-03-17T00:21:33.154+0500: 1519.079: [GC (Allocation Failure) 2018-03-17T00:21:33.154+0500: 1519.079: [DefNew: 157248K->157248K(157248K), 0.0000175 secs]2018-03-17T00:21:33.155+0500: 1519.079: [Tenured: 327463K->55022K(349568K), 0.2259238 secs] 484711K->55022K(506816K), [Metaspace: 5350K->5350K(1056768K)], 0.2260179 secs] [Times: user=0.22 sys=0.00, real=0.23 secs] 
2018-03-17T00:21:33.411+0500: 1519.334: [GC (Allocation Failure) 2018-03-17T00:21:33.411+0500: 1519.334: [DefNew: 139776K->17472K(157248K), 0.2586522 secs] 194798K->194797K(506816K), 0.2587304 secs] [Times: user=0.27 sys=0.00, real=0.26 secs] 
2018-03-17T00:21:33.695+0500: 1519.618: [GC (Allocation Failure) 2018-03-17T00:21:33.695+0500: 1519.618: [DefNew: 157248K->17471K(157248K), 0.2515749 secs] 334573K->334572K(506816K), 0.2516365 secs] [Times: user=0.25 sys=0.00, real=0.25 secs] 
2018-03-17T00:21:33.972+0500: 1519.896: [GC (Allocation Failure) 2018-03-17T00:21:33.972+0500: 1519.896: [DefNew: 157247K->157247K(157248K), 0.0000171 secs]2018-03-17T00:21:33.972+0500: 1519.896: [Tenured: 317100K->44659K(349568K), 0.1989740 secs] 474348K->44659K(506816K), [Metaspace: 5350K->5350K(1056768K)], 0.1990796 secs] [Times: user=0.20 sys=0.00, real=0.20 secs] 
2018-03-17T00:21:34.201+0500: 1520.125: [GC (Allocation Failure) 2018-03-17T00:21:34.201+0500: 1520.125: [DefNew: 139776K->17471K(157248K), 0.2583798 secs] 184435K->184434K(506816K), 0.2584426 secs] [Times: user=0.27 sys=0.00, real=0.26 secs] 
2018-03-17T00:21:34.484+0500: 1520.409: [GC (Allocation Failure) 2018-03-17T00:21:34.484+0500: 1520.409: [DefNew: 157247K->17472K(157248K), 0.2532312 secs] 324210K->324208K(506816K), 0.2533039 secs] [Times: user=0.25 sys=0.00, real=0.25 secs] 
2018-03-17T00:21:34.763+0500: 1520.688: [GC (Allocation Failure) 2018-03-17T00:21:34.763+0500: 1520.688: [DefNew: 157248K->157248K(157248K), 0.0000163 secs]2018-03-17T00:21:34.763+0500: 1520.688: [Tenured: 306736K->34272K(349568K), 0.1775729 secs] 463984K->34272K(506816K), [Metaspace: 5350K->5350K(1056768K)], 0.1776610 secs] [Times: user=0.17 sys=0.00, real=0.18 secs] 
2018-03-17T00:21:34.971+0500: 1520.894: [GC (Allocation Failure) 2018-03-17T00:21:34.971+0500: 1520.894: [DefNew: 139776K->17472K(157248K), 0.2563672 secs] 174048K->174046K(506816K), 0.2564357 secs] [Times: user=0.26 sys=0.00, real=0.26 secs] 
2018-03-17T00:21:35.253+0500: 1521.176: [GC (Allocation Failure) 2018-03-17T00:21:35.253+0500: 1521.176: [DefNew: 157248K->17472K(157248K), 0.2545997 secs] 313822K->313821K(506816K), 0.2546643 secs] [Times: user=0.26 sys=0.00, real=0.25 secs] 
2018-03-17T00:21:35.533+0500: 1521.457: [GC (Allocation Failure) 2018-03-17T00:21:35.533+0500: 1521.457: [DefNew: 157248K->157248K(157248K), 0.0000231 secs]2018-03-17T00:21:35.533+0500: 1521.457: [Tenured: 296349K->23908K(349568K), 0.1552079 secs] 453597K->23908K(506816K), [Metaspace: 5350K->5350K(1056768K)], 0.1553234 secs] [Times: user=0.16 sys=0.00, real=0.15 secs] 
2018-03-17T00:21:35.716+0500: 1521.641: [GC (Allocation Failure) 2018-03-17T00:21:35.717+0500: 1521.641: [DefNew: 139776K->17472K(157248K), 0.2581266 secs] 163684K->163683K(506816K), 0.2581942 secs] [Times: user=0.25 sys=0.00, real=0.26 secs] 
2018-03-17T00:21:36.000+0500: 1521.924: [GC (Allocation Failure) 2018-03-17T00:21:36.000+0500: 1521.924: [DefNew: 157248K->17472K(157248K), 0.2551074 secs] 303459K->303458K(506816K), 0.2551698 secs] [Times: user=0.25 sys=0.00, real=0.26 secs] 
2018-03-17T00:21:36.282+0500: 1522.206: [GC (Allocation Failure) 2018-03-17T00:21:36.282+0500: 1522.206: [DefNew: 146063K->146063K(157248K), 0.0000158 secs]2018-03-17T00:21:36.282+0500: 1522.206: [Tenured: 285986K->715K(349568K), 0.1381240 secs] 432050K->715K(506816K), [Metaspace: 5350K->5350K(1056768K)], 0.1382087 secs] [Times: user=0.14 sys=0.00, real=0.14 secs] 
2018-03-17T00:21:36.446+0500: 1522.369: [GC (Allocation Failure) 2018-03-17T00:21:36.446+0500: 1522.369: [DefNew: 139776K->17472K(157248K), 0.2251883 secs] 140491K->140490K(506816K), 0.2252512 secs] [Times: user=0.22 sys=0.00, real=0.22 secs] 
2018-03-17T00:21:36.696+0500: 1522.620: [GC (Allocation Failure) 2018-03-17T00:21:36.696+0500: 1522.620: [DefNew: 157248K->17472K(157248K), 0.2592137 secs] 280266K->280229K(506816K), 0.2592774 secs] [Times: user=0.25 sys=0.00, real=0.26 secs] 
2018-03-17T00:21:36.984+0500: 1522.908: [GC (Allocation Failure) 2018-03-17T00:21:36.984+0500: 1522.908: [DefNew: 157248K->157248K(157248K), 0.0000163 secs]2018-03-17T00:21:36.984+0500: 1522.908: [Tenured: 262757K->205160K(349568K), 0.4740429 secs] 420005K->205160K(506816K), [Metaspace: 5350K->5350K(1056768K)], 0.4741588 secs] [Times: user=0.47 sys=0.00, real=0.47 secs] 
2018-03-17T00:21:37.483+0500: 1523.408: [GC (Allocation Failure) 2018-03-17T00:21:37.483+0500: 1523.408: [DefNew: 139776K->17472K(157248K), 0.2241747 secs] 344936K->344935K(506816K), 0.2242372 secs] [Times: user=0.22 sys=0.00, real=0.22 secs] 
2018-03-17T00:21:37.735+0500: 1523.658: [GC (Allocation Failure) 2018-03-17T00:21:37.735+0500: 1523.658: [DefNew: 157248K->157248K(157248K), 0.0000175 secs]2018-03-17T00:21:37.735+0500: 1523.658: [Tenured: 327463K->55022K(349568K), 0.2214181 secs] 484711K->55022K(506816K), [Metaspace: 5350K->5350K(1056768K)], 0.2215207 secs] [Times: user=0.22 sys=0.00, real=0.22 secs] 
2018-03-17T00:21:37.985+0500: 1523.908: [GC (Allocation Failure) 2018-03-17T00:21:37.985+0500: 1523.908: [DefNew: 139776K->17472K(157248K), 0.2552613 secs] 194798K->194797K(506816K), 0.2553250 secs] [Times: user=0.25 sys=0.00, real=0.26 secs] 
2018-03-17T00:21:38.265+0500: 1524.189: [GC (Allocation Failure) 2018-03-17T00:21:38.266+0500: 1524.189: [DefNew: 157248K->17471K(157248K), 0.2525427 secs] 334573K->334572K(506816K), 0.2526201 secs] [Times: user=0.25 sys=0.00, real=0.25 secs] 
2018-03-17T00:21:38.544+0500: 1524.468: [GC (Allocation Failure) 2018-03-17T00:21:38.544+0500: 1524.468: [DefNew: 157247K->157247K(157248K), 0.0000163 secs]2018-03-17T00:21:38.544+0500: 1524.468: [Tenured: 317100K->44659K(349568K), 0.1991313 secs] 474348K->44659K(506816K), [Metaspace: 5350K->5350K(1056768K)], 0.1992199 secs] [Times: user=0.19 sys=0.00, real=0.20 secs] 
2018-03-17T00:21:38.772+0500: 1524.696: [GC (Allocation Failure) 2018-03-17T00:21:38.772+0500: 1524.696: [DefNew: 139776K->17471K(157248K), 0.2578452 secs] 184435K->184434K(506816K), 0.2579093 secs] [Times: user=0.25 sys=0.00, real=0.26 secs] 
2018-03-17T00:21:39.056+0500: 1524.980: [GC (Allocation Failure) 2018-03-17T00:21:39.056+0500: 1524.980: [DefNew: 157247K->17472K(157248K), 0.2523430 secs] 324210K->324208K(506816K), 0.2524080 secs] [Times: user=0.25 sys=0.00, real=0.25 secs] 
2018-03-17T00:21:39.335+0500: 1525.259: [GC (Allocation Failure) 2018-03-17T00:21:39.335+0500: 1525.259: [DefNew: 157248K->157248K(157248K), 0.0000175 secs]2018-03-17T00:21:39.335+0500: 1525.259: [Tenured: 306736K->34272K(349568K), 0.1778197 secs] 463984K->34272K(506816K), [Metaspace: 5350K->5350K(1056768K)], 0.1779184 secs] [Times: user=0.17 sys=0.00, real=0.18 secs] 
2018-03-17T00:21:39.542+0500: 1525.465: [GC (Allocation Failure) 2018-03-17T00:21:39.542+0500: 1525.465: [DefNew: 139776K->17472K(157248K), 0.2566999 secs] 174048K->174046K(506816K), 0.2567825 secs] [Times: user=0.25 sys=0.00, real=0.26 secs] 
2018-03-17T00:21:39.824+0500: 1525.748: [GC (Allocation Failure) 2018-03-17T00:21:39.824+0500: 1525.748: [DefNew: 157248K->17472K(157248K), 0.2547631 secs] 313822K->313821K(506816K), 0.2548251 secs] [Times: user=0.25 sys=0.00, real=0.26 secs] 
2018-03-17T00:21:40.105+0500: 1526.029: [GC (Allocation Failure) 2018-03-17T00:21:40.105+0500: 1526.029: [DefNew: 157248K->157248K(157248K), 0.0000197 secs]2018-03-17T00:21:40.105+0500: 1526.029: [Tenured: 296349K->23908K(349568K), 0.1548705 secs] 453597K->23908K(506816K), [Metaspace: 5350K->5350K(1056768K)], 0.1549821 secs] [Times: user=0.16 sys=0.00, real=0.15 secs] 
2018-03-17T00:21:40.288+0500: 1526.212: [GC (Allocation Failure) 2018-03-17T00:21:40.288+0500: 1526.212: [DefNew: 139776K->17472K(157248K), 0.2565113 secs] 163684K->163683K(506816K), 0.2565734 secs] [Times: user=0.25 sys=0.00, real=0.26 secs] 
2018-03-17T00:21:40.571+0500: 1526.494: [GC (Allocation Failure) 2018-03-17T00:21:40.571+0500: 1526.494: [DefNew: 157248K->17472K(157248K), 0.2542670 secs] 303459K->303458K(506816K), 0.2543320 secs] [Times: user=0.25 sys=0.00, real=0.25 secs] 
2018-03-17T00:21:40.852+0500: 1526.775: [GC (Allocation Failure) 2018-03-17T00:21:40.852+0500: 1526.775: [DefNew: 146063K->146063K(157248K), 0.0000163 secs]2018-03-17T00:21:40.852+0500: 1526.775: [Tenured: 285986K->715K(349568K), 0.1368564 secs] 432050K->715K(506816K), [Metaspace: 5350K->5350K(1056768K)], 0.1369424 secs] [Times: user=0.13 sys=0.00, real=0.14 secs] 
2018-03-17T00:21:41.014+0500: 1526.938: [GC (Allocation Failure) 2018-03-17T00:21:41.014+0500: 1526.938: [DefNew: 139776K->17472K(157248K), 0.2271662 secs] 140491K->140490K(506816K), 0.2272278 secs] [Times: user=0.24 sys=0.00, real=0.23 secs] 
2018-03-17T00:21:41.267+0500: 1527.191: [GC (Allocation Failure) 2018-03-17T00:21:41.267+0500: 1527.191: [DefNew: 157248K->17472K(157248K), 0.2574017 secs] 280266K->280229K(506816K), 0.2574637 secs] [Times: user=0.27 sys=0.00, real=0.26 secs] 
2018-03-17T00:21:41.553+0500: 1527.477: [GC (Allocation Failure) 2018-03-17T00:21:41.553+0500: 1527.477: [DefNew: 157248K->157248K(157248K), 0.0000175 secs]2018-03-17T00:21:41.553+0500: 1527.477: [Tenured: 262757K->205160K(349568K), 0.4721031 secs] 420005K->205160K(506816K), [Metaspace: 5350K->5350K(1056768K)], 0.4722079 secs] [Times: user=0.47 sys=0.00, real=0.47 secs] 
2018-03-17T00:21:42.051+0500: 1527.975: [GC (Allocation Failure) 2018-03-17T00:21:42.051+0500: 1527.975: [DefNew: 139776K->17472K(157248K), 0.2268202 secs] 344936K->344935K(506816K), 0.2268831 secs] [Times: user=0.24 sys=0.00, real=0.23 secs] 
2018-03-17T00:21:42.304+0500: 1528.228: [GC (Allocation Failure) 2018-03-17T00:21:42.304+0500: 1528.228: [DefNew: 157248K->157248K(157248K), 0.0000150 secs]2018-03-17T00:21:42.304+0500: 1528.228: [Tenured: 327463K->55022K(349568K), 0.2215374 secs] 484711K->55022K(506816K), [Metaspace: 5350K->5350K(1056768K)], 0.2216246 secs] [Times: user=0.22 sys=0.00, real=0.22 secs] 
2018-03-17T00:21:42.556+0500: 1528.480: [GC (Allocation Failure) 2018-03-17T00:21:42.556+0500: 1528.480: [DefNew: 139776K->17472K(157248K), 0.2559362 secs] 194798K->194797K(506816K), 0.2560007 secs] [Times: user=0.25 sys=0.00, real=0.26 secs] 
2018-03-17T00:21:42.839+0500: 1528.763: [GC (Allocation Failure) 2018-03-17T00:21:42.839+0500: 1528.763: [DefNew: 157248K->17471K(157248K), 0.2539009 secs] 334573K->334572K(506816K), 0.2539749 secs] [Times: user=0.25 sys=0.00, real=0.25 secs] 
2018-03-17T00:21:43.118+0500: 1529.043: [GC (Allocation Failure) 2018-03-17T00:21:43.118+0500: 1529.043: [DefNew: 157247K->157247K(157248K), 0.0000163 secs]2018-03-17T00:21:43.118+0500: 1529.043: [Tenured: 317100K->44659K(349568K), 0.2015981 secs] 474348K->44659K(506816K), [Metaspace: 5350K->5350K(1056768K)], 0.2017015 secs] [Times: user=0.20 sys=0.00, real=0.20 secs] 
2018-03-17T00:21:43.350+0500: 1529.274: [GC (Allocation Failure) 2018-03-17T00:21:43.351+0500: 1529.274: [DefNew: 139776K->17471K(157248K), 0.2587728 secs] 184435K->184434K(506816K), 0.2588515 secs] [Times: user=0.25 sys=0.00, real=0.26 secs] 
2018-03-17T00:21:43.635+0500: 1529.559: [GC (Allocation Failure) 2018-03-17T00:21:43.635+0500: 1529.559: [DefNew: 157247K->17472K(157248K), 0.2527882 secs] 324210K->324208K(506816K), 0.2528502 secs] [Times: user=0.25 sys=0.00, real=0.25 secs] 
2018-03-17T00:21:43.914+0500: 1529.838: [GC (Allocation Failure) 2018-03-17T00:21:43.914+0500: 1529.838: [DefNew: 157248K->157248K(157248K), 0.0000167 secs]2018-03-17T00:21:43.914+0500: 1529.838: [Tenured: 306736K->34272K(349568K), 0.1763319 secs] 463984K->34272K(506816K), [Metaspace: 5350K->5350K(1056768K)], 0.1764182 secs] [Times: user=0.17 sys=0.00, real=0.18 secs] 
2018-03-17T00:21:44.119+0500: 1530.043: [GC (Allocation Failure) 2018-03-17T00:21:44.119+0500: 1530.043: [DefNew: 139776K->17472K(157248K), 0.2572426 secs] 174048K->174046K(506816K), 0.2573145 secs] [Times: user=0.25 sys=0.00, real=0.26 secs] 
2018-03-17T00:21:44.403+0500: 1530.327: [GC (Allocation Failure) 2018-03-17T00:21:44.403+0500: 1530.327: [DefNew: 157248K->17472K(157248K), 0.2546960 secs] 313822K->313821K(506816K), 0.2547593 secs] [Times: user=0.25 sys=0.00, real=0.25 secs] 
2018-03-17T00:21:44.685+0500: 1530.608: [GC (Allocation Failure) 2018-03-17T00:21:44.685+0500: 1530.608: [DefNew: 157248K->157248K(157248K), 0.0000158 secs]2018-03-17T00:21:44.685+0500: 1530.608: [Tenured: 296349K->23908K(349568K), 0.1548829 secs] 453597K->23908K(506816K), [Metaspace: 5350K->5350K(1056768K)], 0.1549706 secs] [Times: user=0.16 sys=0.00, real=0.15 secs] 
2018-03-17T00:21:44.869+0500: 1530.792: [GC (Allocation Failure) 2018-03-17T00:21:44.869+0500: 1530.792: [DefNew: 139776K->17472K(157248K), 0.2582374 secs] 163684K->163683K(506816K), 0.2583075 secs] [Times: user=0.25 sys=0.00, real=0.26 secs] 
2018-03-17T00:21:45.152+0500: 1531.076: [GC (Allocation Failure) 2018-03-17T00:21:45.152+0500: 1531.076: [DefNew: 157248K->17472K(157248K), 0.2573235 secs] 303459K->303458K(506816K), 0.2573915 secs] [Times: user=0.25 sys=0.00, real=0.26 secs] 
2018-03-17T00:21:45.436+0500: 1531.360: [GC (Allocation Failure) 2018-03-17T00:21:45.436+0500: 1531.360: [DefNew: 146063K->146063K(157248K), 0.0000154 secs]2018-03-17T00:21:45.436+0500: 1531.360: [Tenured: 285986K->715K(349568K), 0.1371293 secs] 432050K->715K(506816K), [Metaspace: 5350K->5350K(1056768K)], 0.1372139 secs] [Times: user=0.14 sys=0.00, real=0.14 secs] 
2018-03-17T00:21:45.599+0500: 1531.523: [GC (Allocation Failure) 2018-03-17T00:21:45.599+0500: 1531.523: [DefNew: 139776K->17472K(157248K), 0.2245455 secs] 140491K->140490K(506816K), 0.2246272 secs] [Times: user=0.23 sys=0.00, real=0.22 secs] 
2018-03-17T00:21:45.849+0500: 1531.773: [GC (Allocation Failure) 2018-03-17T00:21:45.849+0500: 1531.773: [DefNew: 157248K->17472K(157248K), 0.2564921 secs] 280266K->280229K(506816K), 0.2565537 secs] [Times: user=0.27 sys=0.00, real=0.26 secs] 
2018-03-17T00:21:46.135+0500: 1532.059: [GC (Allocation Failure) 2018-03-17T00:21:46.135+0500: 1532.059: [DefNew: 157248K->157248K(157248K), 0.0000163 secs]2018-03-17T00:21:46.135+0500: 1532.059: [Tenured: 262757K->205160K(349568K), 0.4822487 secs] 420005K->205160K(506816K), [Metaspace: 5350K->5350K(1056768K)], 0.4823381 secs] [Times: user=0.48 sys=0.00, real=0.48 secs] 
2018-03-17T00:21:46.643+0500: 1532.567: [GC (Allocation Failure) 2018-03-17T00:21:46.643+0500: 1532.567: [DefNew: 139776K->17472K(157248K), 0.2254325 secs] 344936K->344935K(506816K), 0.2254958 secs] [Times: user=0.23 sys=0.00, real=0.23 secs] 
2018-03-17T00:21:46.895+0500: 1532.819: [GC (Allocation Failure) 2018-03-17T00:21:46.895+0500: 1532.819: [DefNew: 157248K->157248K(157248K), 0.0000167 secs]2018-03-17T00:21:46.895+0500: 1532.819: [Tenured: 327463K->55022K(349568K), 0.2234764 secs] 484711K->55022K(506816K), [Metaspace: 5350K->5350K(1056768K)], 0.2235700 secs] [Times: user=0.23 sys=0.00, real=0.22 secs] 
2018-03-17T00:21:47.147+0500: 1533.072: [GC (Allocation Failure) 2018-03-17T00:21:47.147+0500: 1533.072: [DefNew: 139776K->17472K(157248K), 0.2567359 secs] 194798K->194797K(506816K), 0.2567987 secs] [Times: user=0.25 sys=0.00, real=0.26 secs] 
2018-03-17T00:21:47.430+0500: 1533.354: [GC (Allocation Failure) 2018-03-17T00:21:47.430+0500: 1533.354: [DefNew: 157248K->17471K(157248K), 0.2557104 secs] 334573K->334572K(506816K), 0.2557882 secs] [Times: user=0.25 sys=0.00, real=0.26 secs] 
2018-03-17T00:21:47.712+0500: 1533.635: [GC (Allocation Failure) 2018-03-17T00:21:47.712+0500: 1533.636: [DefNew: 157247K->157247K(157248K), 0.0000163 secs]2018-03-17T00:21:47.712+0500: 1533.636: [Tenured: 317100K->44659K(349568K), 0.1999721 secs] 474348K->44659K(506816K), [Metaspace: 5350K->5350K(1056768K)], 0.2000692 secs] [Times: user=0.19 sys=0.00, real=0.20 secs] 
2018-03-17T00:21:47.941+0500: 1533.865: [GC (Allocation Failure) 2018-03-17T00:21:47.941+0500: 1533.865: [DefNew: 139776K->17471K(157248K), 0.2555337 secs] 184435K->184434K(506816K), 0.2555979 secs] [Times: user=0.27 sys=0.00, real=0.26 secs] 
2018-03-17T00:21:48.222+0500: 1534.146: [GC (Allocation Failure) 2018-03-17T00:21:48.222+0500: 1534.146: [DefNew: 157247K->17472K(157248K), 0.2570951 secs] 324210K->324208K(506816K), 0.2571588 secs] [Times: user=0.27 sys=0.00, real=0.26 secs] 
2018-03-17T00:21:48.506+0500: 1534.430: [GC (Allocation Failure) 2018-03-17T00:21:48.506+0500: 1534.430: [DefNew: 157248K->157248K(157248K), 0.0000175 secs]2018-03-17T00:21:48.506+0500: 1534.430: [Tenured: 306736K->34272K(349568K), 0.1782935 secs] 463984K->34272K(506816K), [Metaspace: 5350K->5350K(1056768K)], 0.1783846 secs] [Times: user=0.17 sys=0.00, real=0.18 secs] 
2018-03-17T00:21:48.713+0500: 1534.638: [GC (Allocation Failure) 2018-03-17T00:21:48.713+0500: 1534.638: [DefNew: 139776K->17472K(157248K), 0.2578644 secs] 174048K->174046K(506816K), 0.2579286 secs] [Times: user=0.25 sys=0.00, real=0.26 secs] 
2018-03-17T00:21:48.998+0500: 1534.922: [GC (Allocation Failure) 2018-03-17T00:21:48.998+0500: 1534.922: [DefNew: 157248K->17472K(157248K), 0.2559015 secs] 313822K->313821K(506816K), 0.2559610 secs] [Times: user=0.25 sys=0.00, real=0.26 secs] 
2018-03-17T00:21:49.280+0500: 1535.204: [GC (Allocation Failure) 2018-03-17T00:21:49.280+0500: 1535.204: [DefNew: 157248K->157248K(157248K), 0.0000158 secs]2018-03-17T00:21:49.280+0500: 1535.204: [Tenured: 296349K->23908K(349568K), 0.1577926 secs] 453597K->23908K(506816K), [Metaspace: 5350K->5350K(1056768K)], 0.1578782 secs] [Times: user=0.14 sys=0.00, real=0.16 secs] 
2018-03-17T00:21:49.466+0500: 1535.390: [GC (Allocation Failure) 2018-03-17T00:21:49.466+0500: 1535.390: [DefNew: 139776K->17472K(157248K), 0.2577520 secs] 163684K->163683K(506816K), 0.2578264 secs] [Times: user=0.25 sys=0.00, real=0.26 secs] 
2018-03-17T00:21:49.749+0500: 1535.673: [GC (Allocation Failure) 2018-03-17T00:21:49.749+0500: 1535.673: [DefNew: 157248K->17472K(157248K), 0.2575758 secs] 303459K->303458K(506816K), 0.2576352 secs] [Times: user=0.27 sys=0.00, real=0.26 secs] 
2018-03-17T00:21:50.033+0500: 1535.958: [GC (Allocation Failure) 2018-03-17T00:21:50.034+0500: 1535.958: [DefNew: 146063K->146063K(157248K), 0.0000235 secs]2018-03-17T00:21:50.034+0500: 1535.958: [Tenured: 285986K->715K(349568K), 0.1355213 secs] 432050K->715K(506816K), [Metaspace: 5350K->5350K(1056768K)], 0.1356342 secs] [Times: user=0.14 sys=0.00, real=0.14 secs] 
2018-03-17T00:21:50.194+0500: 1536.119: [GC (Allocation Failure) 2018-03-17T00:21:50.194+0500: 1536.119: [DefNew: 139776K->17472K(157248K), 0.2237296 secs] 140491K->140490K(506816K), 0.2237899 secs] [Times: user=0.22 sys=0.00, real=0.22 secs] 
2018-03-17T00:21:50.445+0500: 1536.368: [GC (Allocation Failure) 2018-03-17T00:21:50.445+0500: 1536.368: [DefNew: 157248K->17472K(157248K), 0.2565143 secs] 280266K->280229K(506816K), 0.2565759 secs] [Times: user=0.25 sys=0.00, real=0.26 secs] 
2018-03-17T00:21:50.730+0500: 1536.654: [GC (Allocation Failure) 2018-03-17T00:21:50.730+0500: 1536.654: [DefNew: 157248K->157248K(157248K), 0.0000158 secs]2018-03-17T00:21:50.730+0500: 1536.654: [Tenured: 262757K->205160K(349568K), 0.4739420 secs] 420005K->205160K(506816K), [Metaspace: 5350K->5350K(1056768K)], 0.4740314 secs] [Times: user=0.45 sys=0.00, real=0.47 secs] 
2018-03-17T00:21:51.230+0500: 1537.154: [GC (Allocation Failure) 2018-03-17T00:21:51.230+0500: 1537.154: [DefNew: 139776K->17472K(157248K), 0.2285933 secs] 344936K->344935K(506816K), 0.2286544 secs] [Times: user=0.22 sys=0.00, real=0.23 secs] 
2018-03-17T00:21:51.485+0500: 1537.409: [GC (Allocation Failure) 2018-03-17T00:21:51.485+0500: 1537.409: [DefNew: 157248K->157248K(157248K), 0.0000145 secs]2018-03-17T00:21:51.485+0500: 1537.409: [Tenured: 327463K->55022K(349568K), 0.2218492 secs] 484711K->55022K(506816K), [Metaspace: 5350K->5350K(1056768K)], 0.2219681 secs] [Times: user=0.22 sys=0.00, real=0.22 secs] 
2018-03-17T00:21:51.736+0500: 1537.660: [GC (Allocation Failure) 2018-03-17T00:21:51.736+0500: 1537.660: [DefNew: 139776K->17472K(157248K), 0.2575394 secs] 194798K->194797K(506816K), 0.2576100 secs] [Times: user=0.27 sys=0.00, real=0.26 secs] 
2018-03-17T00:21:52.020+0500: 1537.944: [GC (Allocation Failure) 2018-03-17T00:21:52.020+0500: 1537.944: [DefNew: 157248K->17471K(157248K), 0.2532843 secs] 334573K->334572K(506816K), 0.2533416 secs] [Times: user=0.27 sys=0.00, real=0.25 secs] 
2018-03-17T00:21:52.299+0500: 1538.223: [GC (Allocation Failure) 2018-03-17T00:21:52.299+0500: 1538.223: [DefNew: 157247K->157247K(157248K), 0.0000137 secs]2018-03-17T00:21:52.299+0500: 1538.223: [Tenured: 317100K->44659K(349568K), 0.2002783 secs] 474348K->44659K(506816K), [Metaspace: 5350K->5350K(1056768K)], 0.2003703 secs] [Times: user=0.20 sys=0.00, real=0.20 secs] 
2018-03-17T00:21:52.529+0500: 1538.453: [GC (Allocation Failure) 2018-03-17T00:21:52.529+0500: 1538.453: [DefNew: 139776K->17471K(157248K), 0.2594904 secs] 184435K->184434K(506816K), 0.2595515 secs] [Times: user=0.27 sys=0.00, real=0.26 secs] 
2018-03-17T00:21:52.814+0500: 1538.739: [GC (Allocation Failure) 2018-03-17T00:21:52.814+0500: 1538.739: [DefNew: 157247K->17472K(157248K), 0.2540207 secs] 324210K->324208K(506816K), 0.2540818 secs] [Times: user=0.27 sys=0.00, real=0.25 secs] 
2018-03-17T00:21:53.095+0500: 1539.019: [GC (Allocation Failure) 2018-03-17T00:21:53.095+0500: 1539.019: [DefNew: 157248K->157248K(157248K), 0.0000167 secs]2018-03-17T00:21:53.095+0500: 1539.019: [Tenured: 306736K->34272K(349568K), 0.1770460 secs] 463984K->34272K(506816K), [Metaspace: 5350K->5350K(1056768K)], 0.1771500 secs] [Times: user=0.19 sys=0.00, real=0.18 secs] 
2018-03-17T00:21:53.303+0500: 1539.226: [GC (Allocation Failure) 2018-03-17T00:21:53.303+0500: 1539.226: [DefNew: 139776K->17472K(157248K), 0.2579179 secs] 174048K->174046K(506816K), 0.2580201 secs] [Times: user=0.25 sys=0.00, real=0.26 secs] 
2018-03-17T00:21:53.586+0500: 1539.510: [GC (Allocation Failure) 2018-03-17T00:21:53.586+0500: 1539.510: [DefNew: 157248K->17472K(157248K), 0.2542448 secs] 313822K->313821K(506816K), 0.2543076 secs] [Times: user=0.25 sys=0.00, real=0.25 secs] 
2018-03-17T00:21:53.867+0500: 1539.790: [GC (Allocation Failure) 2018-03-17T00:21:53.867+0500: 1539.791: [DefNew: 157248K->157248K(157248K), 0.0000364 secs]2018-03-17T00:21:53.867+0500: 1539.791: [Tenured: 296349K->23908K(349568K), 0.1554773 secs] 453597K->23908K(506816K), [Metaspace: 5350K->5350K(1056768K)], 0.1556129 secs] [Times: user=0.16 sys=0.00, real=0.15 secs] 
2018-03-17T00:21:54.050+0500: 1539.974: [GC (Allocation Failure) 2018-03-17T00:21:54.050+0500: 1539.974: [DefNew: 139776K->17472K(157248K), 0.2567692 secs] 163684K->163683K(506816K), 0.2568312 secs] [Times: user=0.27 sys=0.00, real=0.26 secs] 
2018-03-17T00:21:54.333+0500: 1540.257: [GC (Allocation Failure) 2018-03-17T00:21:54.333+0500: 1540.257: [DefNew: 157248K->17472K(157248K), 0.2596683 secs] 303459K->303458K(506816K), 0.2597444 secs] [Times: user=0.27 sys=0.00, real=0.26 secs] 
2018-03-17T00:21:54.620+0500: 1540.543: [GC (Allocation Failure) 2018-03-17T00:21:54.620+0500: 1540.543: [DefNew: 146063K->146063K(157248K), 0.0000163 secs]2018-03-17T00:21:54.620+0500: 1540.543: [Tenured: 285986K->715K(349568K), 0.1362936 secs] 432050K->715K(506816K), [Metaspace: 5350K->5350K(1056768K)], 0.1363766 secs] [Times: user=0.13 sys=0.00, real=0.14 secs] 
2018-03-17T00:21:54.782+0500: 1540.705: [GC (Allocation Failure) 2018-03-17T00:21:54.782+0500: 1540.705: [DefNew: 139776K->17472K(157248K), 0.2257554 secs] 140491K->140490K(506816K), 0.2258281 secs] [Times: user=0.23 sys=0.00, real=0.22 secs] 
2018-03-17T00:21:55.033+0500: 1540.957: [GC (Allocation Failure) 2018-03-17T00:21:55.033+0500: 1540.957: [DefNew: 157248K->17472K(157248K), 0.2562860 secs] 280266K->280229K(506816K), 0.2563702 secs] [Times: user=0.27 sys=0.00, real=0.26 secs] 
2018-03-17T00:21:55.319+0500: 1541.243: [GC (Allocation Failure) 2018-03-17T00:21:55.319+0500: 1541.243: [DefNew: 157248K->157248K(157248K), 0.0000158 secs]2018-03-17T00:21:55.319+0500: 1541.243: [Tenured: 262757K->205160K(349568K), 0.4735473 secs] 420005K->205160K(506816K), [Metaspace: 5350K->5350K(1056768K)], 0.4736623 secs] [Times: user=0.47 sys=0.00, real=0.47 secs] 
2018-03-17T00:21:55.818+0500: 1541.743: [GC (Allocation Failure) 2018-03-17T00:21:55.818+0500: 1541.743: [DefNew: 139776K->17472K(157248K), 0.2257028 secs] 344936K->344935K(506816K), 0.2257596 secs] [Times: user=0.22 sys=0.00, real=0.23 secs] 
2018-03-17T00:21:56.071+0500: 1541.995: [GC (Allocation Failure) 2018-03-17T00:21:56.072+0500: 1541.995: [DefNew: 157248K->157248K(157248K), 0.0000304 secs]2018-03-17T00:21:56.072+0500: 1541.995: [Tenured: 327463K->55022K(349568K), 0.2230244 secs] 484711K->55022K(506816K), [Metaspace: 5350K->5350K(1056768K)], 0.2231355 secs] [Times: user=0.22 sys=0.00, real=0.22 secs] 
2018-03-17T00:21:56.324+0500: 1542.247: [GC (Allocation Failure) 2018-03-17T00:21:56.324+0500: 1542.247: [DefNew: 139776K->17472K(157248K), 0.2586163 secs] 194798K->194797K(506816K), 0.2586800 secs] [Times: user=0.25 sys=0.00, real=0.26 secs] 
2018-03-17T00:21:56.608+0500: 1542.532: [GC (Allocation Failure) 2018-03-17T00:21:56.608+0500: 1542.532: [DefNew: 157248K->17471K(157248K), 0.2524367 secs] 334573K->334572K(506816K), 0.2524991 secs] [Times: user=0.25 sys=0.00, real=0.25 secs] 
2018-03-17T00:21:56.887+0500: 1542.811: [GC (Allocation Failure) 2018-03-17T00:21:56.887+0500: 1542.811: [DefNew: 157247K->157247K(157248K), 0.0000205 secs]2018-03-17T00:21:56.887+0500: 1542.811: [Tenured: 317100K->44659K(349568K), 0.2032253 secs] 474348K->44659K(506816K), [Metaspace: 5350K->5350K(1056768K)], 0.2033198 secs] [Times: user=0.20 sys=0.00, real=0.20 secs] 
2018-03-17T00:21:57.119+0500: 1543.043: [GC (Allocation Failure) 2018-03-17T00:21:57.119+0500: 1543.043: [DefNew: 139776K->17471K(157248K), 0.2568107 secs] 184435K->184434K(506816K), 0.2568727 secs] [Times: user=0.25 sys=0.00, real=0.26 secs] 
2018-03-17T00:21:57.404+0500: 1543.327: [GC (Allocation Failure) 2018-03-17T00:21:57.404+0500: 1543.327: [DefNew: 157247K->17472K(157248K), 0.2529152 secs] 324210K->324208K(506816K), 0.2529768 secs] [Times: user=0.25 sys=0.00, real=0.25 secs] 
2018-03-17T00:21:57.682+0500: 1543.606: [GC (Allocation Failure) 2018-03-17T00:21:57.682+0500: 1543.606: [DefNew: 157248K->157248K(157248K), 0.0000163 secs]2018-03-17T00:21:57.682+0500: 1543.606: [Tenured: 306736K->34272K(349568K), 0.1785048 secs] 463984K->34272K(506816K), [Metaspace: 5350K->5350K(1056768K)], 0.1786083 secs] [Times: user=0.17 sys=0.00, real=0.18 secs] 
2018-03-17T00:21:57.891+0500: 1543.815: [GC (Allocation Failure) 2018-03-17T00:21:57.891+0500: 1543.815: [DefNew: 139776K->17472K(157248K), 0.2570763 secs] 174048K->174046K(506816K), 0.2571396 secs] [Times: user=0.27 sys=0.00, real=0.26 secs] 
2018-03-17T00:21:58.174+0500: 1544.098: [GC (Allocation Failure) 2018-03-17T00:21:58.174+0500: 1544.098: [DefNew: 157248K->17472K(157248K), 0.2554696 secs] 313822K->313821K(506816K), 0.2555316 secs] [Times: user=0.27 sys=0.00, real=0.25 secs] 
2018-03-17T00:21:58.455+0500: 1544.379: [GC (Allocation Failure) 2018-03-17T00:21:58.455+0500: 1544.379: [DefNew: 157248K->157248K(157248K), 0.0000163 secs]2018-03-17T00:21:58.455+0500: 1544.379: [Tenured: 296349K->23908K(349568K), 0.1556586 secs] 453597K->23908K(506816K), [Metaspace: 5350K->5350K(1056768K)], 0.1557630 secs] [Times: user=0.16 sys=0.00, real=0.16 secs] 
2018-03-17T00:21:58.639+0500: 1544.563: [GC (Allocation Failure) 2018-03-17T00:21:58.639+0500: 1544.563: [DefNew: 139776K->17472K(157248K), 0.2573739 secs] 163684K->163683K(506816K), 0.2574364 secs] [Times: user=0.27 sys=0.00, real=0.26 secs] 
2018-03-17T00:21:58.924+0500: 1544.847: [GC (Allocation Failure) 2018-03-17T00:21:58.924+0500: 1544.847: [DefNew: 157248K->17472K(157248K), 0.2553468 secs] 303459K->303458K(506816K), 0.2554089 secs] [Times: user=0.27 sys=0.00, real=0.25 secs] 
2018-03-17T00:21:59.205+0500: 1545.129: [GC (Allocation Failure) 2018-03-17T00:21:59.205+0500: 1545.129: [DefNew: 146063K->146063K(157248K), 0.0000163 secs]2018-03-17T00:21:59.205+0500: 1545.129: [Tenured: 285986K->715K(349568K), 0.1371746 secs] 432050K->715K(506816K), [Metaspace: 5350K->5350K(1056768K)], 0.1372961 secs] [Times: user=0.14 sys=0.00, real=0.14 secs] 
2018-03-17T00:21:59.369+0500: 1545.293: [GC (Allocation Failure) 2018-03-17T00:21:59.369+0500: 1545.293: [DefNew: 139776K->17472K(157248K), 0.2273860 secs] 140491K->140490K(506816K), 0.2274484 secs] [Times: user=0.22 sys=0.00, real=0.23 secs] 
2018-03-17T00:21:59.623+0500: 1545.547: [GC (Allocation Failure) 2018-03-17T00:21:59.623+0500: 1545.547: [DefNew: 157248K->17472K(157248K), 0.2596285 secs] 280266K->280229K(506816K), 0.2597051 secs] [Times: user=0.27 sys=0.00, real=0.26 secs] 
2018-03-17T00:21:59.911+0500: 1545.836: [GC (Allocation Failure) 2018-03-17T00:21:59.911+0500: 1545.836: [DefNew: 157248K->157248K(157248K), 0.0000180 secs]2018-03-17T00:21:59.911+0500: 1545.836: [Tenured: 262757K->205160K(349568K), 0.4921797 secs] 420005K->205160K(506816K), [Metaspace: 5350K->5350K(1056768K)], 0.4922717 secs] [Times: user=0.50 sys=0.00, real=0.49 secs] 
2018-03-17T00:22:00.431+0500: 1546.354: [GC (Allocation Failure) 2018-03-17T00:22:00.431+0500: 1546.354: [DefNew: 139776K->17472K(157248K), 0.2280762 secs] 344936K->344935K(506816K), 0.2281370 secs] [Times: user=0.22 sys=0.00, real=0.23 secs] 
2018-03-17T00:22:00.688+0500: 1546.611: [GC (Allocation Failure) 2018-03-17T00:22:00.688+0500: 1546.611: [DefNew: 157248K->157248K(157248K), 0.0000163 secs]2018-03-17T00:22:00.688+0500: 1546.612: [Tenured: 327463K->55022K(349568K), 0.2309325 secs] 484711K->55022K(506816K), [Metaspace: 5350K->5350K(1056768K)], 0.2310390 secs] [Times: user=0.23 sys=0.00, real=0.23 secs] 
2018-03-17T00:22:00.948+0500: 1546.872: [GC (Allocation Failure) 2018-03-17T00:22:00.948+0500: 1546.872: [DefNew: 139776K->17472K(157248K), 0.2557270 secs] 194798K->194797K(506816K), 0.2557984 secs] [Times: user=0.25 sys=0.00, real=0.26 secs] 
2018-03-17T00:22:01.230+0500: 1547.154: [GC (Allocation Failure) 2018-03-17T00:22:01.230+0500: 1547.154: [DefNew: 157248K->17471K(157248K), 0.2535550 secs] 334573K->334572K(506816K), 0.2536196 secs] [Times: user=0.25 sys=0.00, real=0.25 secs] 
2018-03-17T00:22:01.509+0500: 1547.434: [GC (Allocation Failure) 2018-03-17T00:22:01.509+0500: 1547.434: [DefNew: 157247K->157247K(157248K), 0.0000171 secs]2018-03-17T00:22:01.509+0500: 1547.434: [Tenured: 317100K->44659K(349568K), 0.2025620 secs] 474348K->44659K(506816K), [Metaspace: 5350K->5350K(1056768K)], 0.2026488 secs] [Times: user=0.20 sys=0.00, real=0.20 secs] 
2018-03-17T00:22:01.742+0500: 1547.666: [GC (Allocation Failure) 2018-03-17T00:22:01.742+0500: 1547.666: [DefNew: 139776K->17471K(157248K), 0.2805155 secs] 184435K->184434K(506816K), 0.2805947 secs] [Times: user=0.28 sys=0.00, real=0.28 secs] 
2018-03-17T00:22:02.057+0500: 1547.981: [GC (Allocation Failure) 2018-03-17T00:22:02.057+0500: 1547.981: [DefNew: 157247K->17472K(157248K), 0.3056885 secs] 324210K->324208K(506816K), 0.3057535 secs] [Times: user=0.30 sys=0.00, real=0.31 secs] 
2018-03-17T00:22:02.395+0500: 1548.319: [GC (Allocation Failure) 2018-03-17T00:22:02.395+0500: 1548.319: [DefNew: 157248K->157248K(157248K), 0.0000197 secs]2018-03-17T00:22:02.395+0500: 1548.319: [Tenured: 306736K->34272K(349568K), 0.1804831 secs] 463984K->34272K(506816K), [Metaspace: 5350K->5350K(1056768K)], 0.1805793 secs] [Times: user=0.19 sys=0.00, real=0.18 secs] 
2018-03-17T00:22:02.606+0500: 1548.530: [GC (Allocation Failure) 2018-03-17T00:22:02.606+0500: 1548.530: [DefNew: 139776K->17472K(157248K), 0.2584884 secs] 174048K->174046K(506816K), 0.2586624 secs] [Times: user=0.24 sys=0.00, real=0.26 secs] 
2018-03-17T00:22:02.890+0500: 1548.814: [GC (Allocation Failure) 2018-03-17T00:22:02.890+0500: 1548.815: [DefNew: 157248K->17472K(157248K), 0.2539125 secs] 313822K->313821K(506816K), 0.2539745 secs] [Times: user=0.25 sys=0.00, real=0.25 secs] 
2018-03-17T00:22:03.172+0500: 1549.095: [GC (Allocation Failure) 2018-03-17T00:22:03.172+0500: 1549.095: [DefNew: 157248K->157248K(157248K), 0.0000163 secs]2018-03-17T00:22:03.172+0500: 1549.095: [Tenured: 296349K->23908K(349568K), 0.1552947 secs] 453597K->23908K(506816K), [Metaspace: 5350K->5350K(1056768K)], 0.1553820 secs] [Times: user=0.16 sys=0.00, real=0.15 secs] 
2018-03-17T00:22:03.355+0500: 1549.279: [GC (Allocation Failure) 2018-03-17T00:22:03.355+0500: 1549.279: [DefNew: 139776K->17472K(157248K), 0.2591666 secs] 163684K->163683K(506816K), 0.2592278 secs] [Times: user=0.25 sys=0.00, real=0.26 secs] 
2018-03-17T00:22:03.640+0500: 1549.564: [GC (Allocation Failure) 2018-03-17T00:22:03.640+0500: 1549.564: [DefNew: 157248K->17472K(157248K), 0.2571905 secs] 303459K->303458K(506816K), 0.2572490 secs] [Times: user=0.27 sys=0.00, real=0.26 secs] 
2018-03-17T00:22:03.923+0500: 1549.847: [GC (Allocation Failure) 2018-03-17T00:22:03.923+0500: 1549.847: [DefNew: 146063K->146063K(157248K), 0.0000145 secs]2018-03-17T00:22:03.923+0500: 1549.847: [Tenured: 285986K->715K(349568K), 0.1370275 secs] 432050K->715K(506816K), [Metaspace: 5350K->5350K(1056768K)], 0.1371045 secs] [Times: user=0.14 sys=0.00, real=0.14 secs] 
2018-03-17T00:22:04.086+0500: 1550.010: [GC (Allocation Failure) 2018-03-17T00:22:04.086+0500: 1550.010: [DefNew: 139776K->17472K(157248K), 0.2266107 secs] 140491K->140490K(506816K), 0.2266701 secs] [Times: user=0.22 sys=0.00, real=0.23 secs] 
2018-03-17T00:22:04.338+0500: 1550.262: [GC (Allocation Failure) 2018-03-17T00:22:04.338+0500: 1550.262: [DefNew: 157248K->17472K(157248K), 0.2576639 secs] 280266K->280229K(506816K), 0.2577661 secs] [Times: user=0.25 sys=0.00, real=0.26 secs] 
2018-03-17T00:22:04.626+0500: 1550.549: [GC (Allocation Failure) 2018-03-17T00:22:04.626+0500: 1550.549: [DefNew: 157248K->157248K(157248K), 0.0000167 secs]2018-03-17T00:22:04.626+0500: 1550.549: [Tenured: 262757K->205160K(349568K), 0.4737970 secs] 420005K->205160K(506816K), [Metaspace: 5350K->5350K(1056768K)], 0.4739035 secs] [Times: user=0.47 sys=0.00, real=0.47 secs] 
2018-03-17T00:22:05.125+0500: 1551.049: [GC (Allocation Failure) 2018-03-17T00:22:05.125+0500: 1551.049: [DefNew: 139776K->17472K(157248K), 0.2265491 secs] 344936K->344935K(506816K), 0.2266128 secs] [Times: user=0.24 sys=0.00, real=0.23 secs] 
2018-03-17T00:22:05.378+0500: 1551.302: [GC (Allocation Failure) 2018-03-17T00:22:05.378+0500: 1551.302: [DefNew: 157248K->157248K(157248K), 0.0000167 secs]2018-03-17T00:22:05.378+0500: 1551.303: [Tenured: 327463K->55022K(349568K), 0.2222725 secs] 484711K->55022K(506816K), [Metaspace: 5350K->5350K(1056768K)], 0.2223765 secs] [Times: user=0.24 sys=0.00, real=0.22 secs] 
2018-03-17T00:22:05.630+0500: 1551.554: [GC (Allocation Failure) 2018-03-17T00:22:05.630+0500: 1551.554: [DefNew: 139776K->17472K(157248K), 0.2554324 secs] 194798K->194797K(506816K), 0.2554957 secs] [Times: user=0.27 sys=0.00, real=0.26 secs] 
2018-03-17T00:22:05.913+0500: 1551.836: [GC (Allocation Failure) 2018-03-17T00:22:05.913+0500: 1551.836: [DefNew: 157248K->17471K(157248K), 0.2515536 secs] 334573K->334572K(506816K), 0.2516164 secs] [Times: user=0.25 sys=0.00, real=0.25 secs] 
2018-03-17T00:22:06.191+0500: 1552.114: [GC (Allocation Failure) 2018-03-17T00:22:06.191+0500: 1552.114: [DefNew: 157247K->157247K(157248K), 0.0000299 secs]2018-03-17T00:22:06.191+0500: 1552.114: [Tenured: 317100K->44659K(349568K), 0.2021664 secs] 474348K->44659K(506816K), [Metaspace: 5350K->5350K(1056768K)], 0.2022874 secs] [Times: user=0.20 sys=0.00, real=0.20 secs] 
2018-03-17T00:22:06.423+0500: 1552.346: [GC (Allocation Failure) 2018-03-17T00:22:06.423+0500: 1552.346: [DefNew: 139776K->17471K(157248K), 0.2611933 secs] 184435K->184434K(506816K), 0.2612574 secs] [Times: user=0.27 sys=0.00, real=0.26 secs] 
2018-03-17T00:22:06.709+0500: 1552.633: [GC (Allocation Failure) 2018-03-17T00:22:06.709+0500: 1552.633: [DefNew: 157247K->17472K(157248K), 0.2582912 secs] 324210K->324208K(506816K), 0.2583541 secs] [Times: user=0.25 sys=0.00, real=0.26 secs] 
2018-03-17T00:22:06.993+0500: 1552.918: [GC (Allocation Failure) 2018-03-17T00:22:06.993+0500: 1552.918: [DefNew: 157248K->157248K(157248K), 0.0000154 secs]2018-03-17T00:22:06.993+0500: 1552.918: [Tenured: 306736K->34272K(349568K), 0.1779283 secs] 463984K->34272K(506816K), [Metaspace: 5350K->5350K(1056768K)], 0.1780177 secs] [Times: user=0.17 sys=0.00, real=0.18 secs] 
2018-03-17T00:22:07.201+0500: 1553.125: [GC (Allocation Failure) 2018-03-17T00:22:07.201+0500: 1553.125: [DefNew: 139776K->17472K(157248K), 0.2583939 secs] 174048K->174046K(506816K), 0.2584781 secs] [Times: user=0.25 sys=0.02, real=0.26 secs] 
2018-03-17T00:22:07.485+0500: 1553.409: [GC (Allocation Failure) 2018-03-17T00:22:07.485+0500: 1553.409: [DefNew: 157248K->17472K(157248K), 0.2543265 secs] 313822K->313821K(506816K), 0.2543885 secs] [Times: user=0.25 sys=0.00, real=0.25 secs] 
2018-03-17T00:22:07.765+0500: 1553.689: [GC (Allocation Failure) 2018-03-17T00:22:07.765+0500: 1553.689: [DefNew: 157248K->157248K(157248K), 0.0000163 secs]2018-03-17T00:22:07.765+0500: 1553.689: [Tenured: 296349K->23908K(349568K), 0.1567440 secs] 453597K->23908K(506816K), [Metaspace: 5350K->5350K(1056768K)], 0.1568343 secs] [Times: user=0.16 sys=0.00, real=0.16 secs] 
2018-03-17T00:22:07.950+0500: 1553.874: [GC (Allocation Failure) 2018-03-17T00:22:07.950+0500: 1553.874: [DefNew: 139776K->17472K(157248K), 0.2581219 secs] 163684K->163683K(506816K), 0.2581818 secs] [Times: user=0.25 sys=0.00, real=0.26 secs] 
2018-03-17T00:22:08.234+0500: 1554.158: [GC (Allocation Failure) 2018-03-17T00:22:08.234+0500: 1554.158: [DefNew: 157248K->17472K(157248K), 0.2572268 secs] 303459K->303458K(506816K), 0.2572884 secs] [Times: user=0.27 sys=0.00, real=0.26 secs] 
2018-03-17T00:22:08.518+0500: 1554.442: [GC (Allocation Failure) 2018-03-17T00:22:08.518+0500: 1554.442: [DefNew: 146063K->146063K(157248K), 0.0000257 secs]2018-03-17T00:22:08.518+0500: 1554.442: [Tenured: 285986K->715K(349568K), 0.1372234 secs] 432050K->715K(506816K), [Metaspace: 5350K->5350K(1056768K)], 0.1373393 secs] [Times: user=0.13 sys=0.00, real=0.14 secs] 
2018-03-17T00:22:08.681+0500: 1554.605: [GC (Allocation Failure) 2018-03-17T00:22:08.681+0500: 1554.605: [DefNew: 139776K->17472K(157248K), 0.2309150 secs] 140491K->140490K(506816K), 0.2309779 secs] [Times: user=0.22 sys=0.00, real=0.23 secs] 
2018-03-17T00:22:08.938+0500: 1554.862: [GC (Allocation Failure) 2018-03-17T00:22:08.938+0500: 1554.862: [DefNew: 157248K->17472K(157248K), 0.2746191 secs] 280266K->280229K(506816K), 0.2746815 secs] [Times: user=0.28 sys=0.00, real=0.28 secs] 
2018-03-17T00:22:09.241+0500: 1555.165: [GC (Allocation Failure) 2018-03-17T00:22:09.241+0500: 1555.165: [DefNew: 157248K->157248K(157248K), 0.0000184 secs]2018-03-17T00:22:09.241+0500: 1555.165: [Tenured: 262757K->205160K(349568K), 0.4736632 secs] 420005K->205160K(506816K), [Metaspace: 5350K->5350K(1056768K)], 0.4737718 secs] [Times: user=0.47 sys=0.00, real=0.47 secs] 
2018-03-17T00:22:09.741+0500: 1555.665: [GC (Allocation Failure) 2018-03-17T00:22:09.741+0500: 1555.665: [DefNew: 139776K->17472K(157248K), 0.2256138 secs] 344936K->344935K(506816K), 0.2256891 secs] [Times: user=0.22 sys=0.00, real=0.23 secs] 
2018-03-17T00:22:09.993+0500: 1555.917: [GC (Allocation Failure) 2018-03-17T00:22:09.993+0500: 1555.917: [DefNew: 157248K->157248K(157248K), 0.0000218 secs]2018-03-17T00:22:09.993+0500: 1555.917: [Tenured: 327463K->55022K(349568K), 0.2234234 secs] 484711K->55022K(506816K), [Metaspace: 5350K->5350K(1056768K)], 0.2235192 secs] [Times: user=0.22 sys=0.00, real=0.22 secs] 
2018-03-17T00:22:10.246+0500: 1556.170: [GC (Allocation Failure) 2018-03-17T00:22:10.246+0500: 1556.170: [DefNew: 139776K->17472K(157248K), 0.2576297 secs] 194798K->194797K(506816K), 0.2576908 secs] [Times: user=0.25 sys=0.00, real=0.26 secs] 
2018-03-17T00:22:10.529+0500: 1556.453: [GC (Allocation Failure) 2018-03-17T00:22:10.529+0500: 1556.453: [DefNew: 157248K->17471K(157248K), 0.2568821 secs] 334573K->334572K(506816K), 0.2569458 secs] [Times: user=0.25 sys=0.00, real=0.26 secs] 
2018-03-17T00:22:10.812+0500: 1556.736: [GC (Allocation Failure) 2018-03-17T00:22:10.812+0500: 1556.736: [DefNew: 157247K->157247K(157248K), 0.0000163 secs]2018-03-17T00:22:10.812+0500: 1556.736: [Tenured: 317100K->44659K(349568K), 0.2000371 secs] 474348K->44659K(506816K), [Metaspace: 5350K->5350K(1056768K)], 0.2001325 secs] [Times: user=0.20 sys=0.00, real=0.20 secs] 
2018-03-17T00:22:11.041+0500: 1556.965: [GC (Allocation Failure) 2018-03-17T00:22:11.041+0500: 1556.965: [DefNew: 139776K->17471K(157248K), 0.2562496 secs] 184435K->184434K(506816K), 0.2563121 secs] [Times: user=0.25 sys=0.00, real=0.26 secs] 
2018-03-17T00:22:11.323+0500: 1557.247: [GC (Allocation Failure) 2018-03-17T00:22:11.323+0500: 1557.247: [DefNew: 157247K->17472K(157248K), 0.2557796 secs] 324210K->324208K(506816K), 0.2558421 secs] [Times: user=0.25 sys=0.00, real=0.26 secs] 
2018-03-17T00:22:11.606+0500: 1557.529: [GC (Allocation Failure) 2018-03-17T00:22:11.606+0500: 1557.529: [DefNew: 157248K->157248K(157248K), 0.0000163 secs]2018-03-17T00:22:11.606+0500: 1557.530: [Tenured: 306736K->34272K(349568K), 0.1773381 secs] 463984K->34272K(506816K), [Metaspace: 5350K->5350K(1056768K)], 0.1774343 secs] [Times: user=0.17 sys=0.00, real=0.18 secs] 
2018-03-17T00:22:11.813+0500: 1557.736: [GC (Allocation Failure) 2018-03-17T00:22:11.813+0500: 1557.737: [DefNew: 139776K->17472K(157248K), 0.2621581 secs] 174048K->174046K(506816K), 0.2622368 secs] [Times: user=0.27 sys=0.00, real=0.26 secs] 
2018-03-17T00:22:12.101+0500: 1558.025: [GC (Allocation Failure) 2018-03-17T00:22:12.101+0500: 1558.025: [DefNew: 157248K->17472K(157248K), 0.2532603 secs] 313822K->313821K(506816K), 0.2533215 secs] [Times: user=0.25 sys=0.00, real=0.25 secs] 
2018-03-17T00:22:12.380+0500: 1558.304: [GC (Allocation Failure) 2018-03-17T00:22:12.380+0500: 1558.304: [DefNew: 157248K->157248K(157248K), 0.0000163 secs]2018-03-17T00:22:12.380+0500: 1558.304: [Tenured: 296349K->23908K(349568K), 0.1553024 secs] 453597K->23908K(506816K), [Metaspace: 5350K->5350K(1056768K)], 0.1553969 secs] [Times: user=0.16 sys=0.00, real=0.16 secs] 
2018-03-17T00:22:12.564+0500: 1558.488: [GC (Allocation Failure) 2018-03-17T00:22:12.564+0500: 1558.488: [DefNew: 139776K->17472K(157248K), 0.2588202 secs] 163684K->163683K(506816K), 0.2588917 secs] [Times: user=0.27 sys=0.00, real=0.26 secs] 
2018-03-17T00:22:12.850+0500: 1558.773: [GC (Allocation Failure) 2018-03-17T00:22:12.850+0500: 1558.773: [DefNew: 157248K->17472K(157248K), 0.2581843 secs] 303459K->303458K(506816K), 0.2582549 secs] [Times: user=0.25 sys=0.00, real=0.26 secs] 
2018-03-17T00:22:13.134+0500: 1559.058: [GC (Allocation Failure) 2018-03-17T00:22:13.134+0500: 1559.058: [DefNew: 146063K->146063K(157248K), 0.0000163 secs]2018-03-17T00:22:13.134+0500: 1559.058: [Tenured: 285986K->715K(349568K), 0.1357095 secs] 432050K->715K(506816K), [Metaspace: 5350K->5350K(1056768K)], 0.1357946 secs] [Times: user=0.13 sys=0.00, real=0.14 secs] 
2018-03-17T00:22:13.295+0500: 1559.219: [GC (Allocation Failure) 2018-03-17T00:22:13.295+0500: 1559.219: [DefNew: 139776K->17472K(157248K), 0.2230466 secs] 140491K->140490K(506816K), 0.2231073 secs] [Times: user=0.22 sys=0.00, real=0.22 secs] 
2018-03-17T00:22:13.546+0500: 1559.470: [GC (Allocation Failure) 2018-03-17T00:22:13.546+0500: 1559.470: [DefNew: 157248K->17472K(157248K), 0.2567491 secs] 280266K->280229K(506816K), 0.2568158 secs] [Times: user=0.27 sys=0.00, real=0.26 secs] 
2018-03-17T00:22:13.831+0500: 1559.755: [GC (Allocation Failure) 2018-03-17T00:22:13.831+0500: 1559.755: [DefNew: 157248K->157248K(157248K), 0.0000137 secs]2018-03-17T00:22:13.831+0500: 1559.755: [Tenured: 262757K->205160K(349568K), 0.4711806 secs] 420005K->205160K(506816K), [Metaspace: 5350K->5350K(1056768K)], 0.4712692 secs] [Times: user=0.47 sys=0.00, real=0.47 secs] 
2018-03-17T00:22:14.329+0500: 1560.252: [GC (Allocation Failure) 2018-03-17T00:22:14.329+0500: 1560.253: [DefNew: 139776K->17472K(157248K), 0.2243099 secs] 344936K->344935K(506816K), 0.2243706 secs] [Times: user=0.23 sys=0.00, real=0.22 secs] 
2018-03-17T00:22:14.580+0500: 1560.504: [GC (Allocation Failure) 2018-03-17T00:22:14.580+0500: 1560.504: [DefNew: 157248K->157248K(157248K), 0.0000150 secs]2018-03-17T00:22:14.580+0500: 1560.504: [Tenured: 327463K->55022K(349568K), 0.2206265 secs] 484711K->55022K(506816K), [Metaspace: 5350K->5350K(1056768K)], 0.2207163 secs] [Times: user=0.22 sys=0.00, real=0.22 secs] 
2018-03-17T00:22:14.830+0500: 1560.754: [GC (Allocation Failure) 2018-03-17T00:22:14.830+0500: 1560.754: [DefNew: 139776K->17472K(157248K), 0.2555034 secs] 194798K->194797K(506816K), 0.2555667 secs] [Times: user=0.27 sys=0.00, real=0.26 secs] 
2018-03-17T00:22:15.111+0500: 1561.035: [GC (Allocation Failure) 2018-03-17T00:22:15.112+0500: 1561.036: [DefNew: 157248K->17471K(157248K), 0.2499268 secs] 334573K->334572K(506816K), 0.2499926 secs] [Times: user=0.25 sys=0.00, real=0.25 secs] 
2018-03-17T00:22:15.388+0500: 1561.312: [GC (Allocation Failure) 2018-03-17T00:22:15.388+0500: 1561.312: [DefNew: 157247K->157247K(157248K), 0.0000141 secs]2018-03-17T00:22:15.388+0500: 1561.312: [Tenured: 317100K->44659K(349568K), 0.2031569 secs] 474348K->44659K(506816K), [Metaspace: 5350K->5350K(1056768K)], 0.2032775 secs] [Times: user=0.20 sys=0.00, real=0.20 secs] 
2018-03-17T00:22:15.620+0500: 1561.544: [GC (Allocation Failure) 2018-03-17T00:22:15.620+0500: 1561.544: [DefNew: 139776K->17471K(157248K), 0.2556924 secs] 184435K->184434K(506816K), 0.2557625 secs] [Times: user=0.25 sys=0.00, real=0.26 secs] 
2018-03-17T00:22:15.903+0500: 1561.827: [GC (Allocation Failure) 2018-03-17T00:22:15.903+0500: 1561.827: [DefNew: 157247K->17472K(157248K), 0.2528558 secs] 324210K->324208K(506816K), 0.2529169 secs] [Times: user=0.25 sys=0.00, real=0.25 secs] 
2018-03-17T00:22:16.182+0500: 1562.106: [GC (Allocation Failure) 2018-03-17T00:22:16.182+0500: 1562.106: [DefNew: 157248K->157248K(157248K), 0.0000163 secs]2018-03-17T00:22:16.182+0500: 1562.106: [Tenured: 306736K->34272K(349568K), 0.1773385 secs] 463984K->34272K(506816K), [Metaspace: 5350K->5350K(1056768K)], 0.1774459 secs] [Times: user=0.17 sys=0.00, real=0.18 secs] 
2018-03-17T00:22:16.389+0500: 1562.313: [GC (Allocation Failure) 2018-03-17T00:22:16.389+0500: 1562.313: [DefNew: 139776K->17472K(157248K), 0.2591158 secs] 174048K->174046K(506816K), 0.2591966 secs] [Times: user=0.27 sys=0.00, real=0.26 secs] 
2018-03-17T00:22:16.676+0500: 1562.600: [GC (Allocation Failure) 2018-03-17T00:22:16.676+0500: 1562.600: [DefNew: 157248K->17472K(157248K), 0.2542473 secs] 313822K->313821K(506816K), 0.2543068 secs] [Times: user=0.27 sys=0.00, real=0.25 secs] 
2018-03-17T00:22:16.956+0500: 1562.880: [GC (Allocation Failure) 2018-03-17T00:22:16.956+0500: 1562.880: [DefNew: 157248K->157248K(157248K), 0.0000167 secs]2018-03-17T00:22:16.956+0500: 1562.880: [Tenured: 296349K->23908K(349568K), 0.1561398 secs] 453597K->23908K(506816K), [Metaspace: 5350K->5350K(1056768K)], 0.1562279 secs] [Times: user=0.16 sys=0.00, real=0.16 secs] 
2018-03-17T00:22:17.142+0500: 1563.065: [GC (Allocation Failure) 2018-03-17T00:22:17.142+0500: 1563.065: [DefNew: 139776K->17472K(157248K), 0.2598043 secs] 163684K->163683K(506816K), 0.2598731 secs] [Times: user=0.27 sys=0.00, real=0.26 secs] 
2018-03-17T00:22:17.432+0500: 1563.356: [GC (Allocation Failure) 2018-03-17T00:22:17.432+0500: 1563.356: [DefNew: 157248K->17472K(157248K), 0.2566760 secs] 303459K->303458K(506816K), 0.2567444 secs] [Times: user=0.25 sys=0.00, real=0.26 secs] 
2018-03-17T00:22:17.715+0500: 1563.639: [GC (Allocation Failure) 2018-03-17T00:22:17.715+0500: 1563.639: [DefNew: 146063K->146063K(157248K), 0.0000167 secs]2018-03-17T00:22:17.715+0500: 1563.639: [Tenured: 285986K->715K(349568K), 0.1359622 secs] 432050K->715K(506816K), [Metaspace: 5350K->5350K(1056768K)], 0.1360465 secs] [Times: user=0.14 sys=0.00, real=0.14 secs] 
2018-03-17T00:22:17.877+0500: 1563.801: [GC (Allocation Failure) 2018-03-17T00:22:17.878+0500: 1563.801: [DefNew: 139776K->17472K(157248K), 0.2228627 secs] 140491K->140490K(506816K), 0.2229333 secs] [Times: user=0.23 sys=0.00, real=0.22 secs] 
2018-03-17T00:22:18.126+0500: 1564.050: [GC (Allocation Failure) 2018-03-17T00:22:18.126+0500: 1564.050: [DefNew: 157248K->17472K(157248K), 0.2598278 secs] 280266K->280229K(506816K), 0.2598932 secs] [Times: user=0.26 sys=0.00, real=0.26 secs] 
2018-03-17T00:22:18.415+0500: 1564.339: [GC (Allocation Failure) 2018-03-17T00:22:18.415+0500: 1564.339: [DefNew: 157248K->157248K(157248K), 0.0000192 secs]2018-03-17T00:22:18.415+0500: 1564.339: [Tenured: 262757K->205160K(349568K), 0.4736777 secs] 420005K->205160K(506816K), [Metaspace: 5350K->5350K(1056768K)], 0.4737773 secs] [Times: user=0.47 sys=0.00, real=0.47 secs] 
2018-03-17T00:22:18.916+0500: 1564.839: [GC (Allocation Failure) 2018-03-17T00:22:18.916+0500: 1564.839: [DefNew: 139776K->17472K(157248K), 0.2252627 secs] 344936K->344935K(506816K), 0.2253264 secs] [Times: user=0.22 sys=0.00, real=0.23 secs] 
2018-03-17T00:22:19.167+0500: 1565.091: [GC (Allocation Failure) 2018-03-17T00:22:19.167+0500: 1565.091: [DefNew: 157248K->157248K(157248K), 0.0000167 secs]2018-03-17T00:22:19.167+0500: 1565.091: [Tenured: 327463K->55022K(349568K), 0.2239678 secs] 484711K->55022K(506816K), [Metaspace: 5350K->5350K(1056768K)], 0.2240567 secs] [Times: user=0.22 sys=0.00, real=0.22 secs] 
2018-03-17T00:22:19.420+0500: 1565.344: [GC (Allocation Failure) 2018-03-17T00:22:19.420+0500: 1565.344: [DefNew: 139776K->17472K(157248K), 0.2576061 secs] 194798K->194797K(506816K), 0.2576810 secs] [Times: user=0.27 sys=0.00, real=0.26 secs] 
2018-03-17T00:22:19.703+0500: 1565.627: [GC (Allocation Failure) 2018-03-17T00:22:19.703+0500: 1565.628: [DefNew: 157248K->17471K(157248K), 0.2518675 secs] 334573K->334572K(506816K), 0.2519290 secs] [Times: user=0.25 sys=0.00, real=0.25 secs] 
2018-03-17T00:22:19.982+0500: 1565.906: [GC (Allocation Failure) 2018-03-17T00:22:19.982+0500: 1565.906: [DefNew: 157247K->157247K(157248K), 0.0000171 secs]2018-03-17T00:22:19.982+0500: 1565.906: [Tenured: 317100K->44659K(349568K), 0.2095152 secs] 474348K->44659K(506816K), [Metaspace: 5350K->5350K(1056768K)], 0.2096221 secs] [Times: user=0.20 sys=0.00, real=0.21 secs] 
2018-03-17T00:22:20.226+0500: 1566.150: [GC (Allocation Failure) 2018-03-17T00:22:20.226+0500: 1566.150: [DefNew: 139776K->17471K(157248K), 0.2761205 secs] 184435K->184434K(506816K), 0.2761847 secs] [Times: user=0.27 sys=0.00, real=0.28 secs] 
2018-03-17T00:22:20.528+0500: 1566.452: [GC (Allocation Failure) 2018-03-17T00:22:20.528+0500: 1566.452: [DefNew: 157247K->17472K(157248K), 0.3468468 secs] 324210K->324208K(506816K), 0.3469148 secs] [Times: user=0.34 sys=0.00, real=0.35 secs] 
2018-03-17T00:22:20.906+0500: 1566.830: [GC (Allocation Failure) 2018-03-17T00:22:20.906+0500: 1566.830: [DefNew: 157248K->157248K(157248K), 0.0000201 secs]2018-03-17T00:22:20.906+0500: 1566.830: [Tenured: 306736K->34272K(349568K), 0.1964346 secs] 463984K->34272K(506816K), [Metaspace: 5350K->5350K(1056768K)], 0.1965428 secs] [Times: user=0.20 sys=0.00, real=0.20 secs] 
2018-03-17T00:22:21.146+0500: 1567.070: [GC (Allocation Failure) 2018-03-17T00:22:21.146+0500: 1567.070: [DefNew: 139776K->17472K(157248K), 0.2643990 secs] 174048K->174046K(506816K), 0.2644610 secs] [Times: user=0.27 sys=0.00, real=0.27 secs] 
2018-03-17T00:22:21.440+0500: 1567.363: [GC (Allocation Failure) 2018-03-17T00:22:21.440+0500: 1567.363: [DefNew: 157248K->17472K(157248K), 0.2753221 secs] 313822K->313821K(506816K), 0.2753893 secs] [Times: user=0.28 sys=0.00, real=0.27 secs] 
2018-03-17T00:22:21.741+0500: 1567.665: [GC (Allocation Failure) 2018-03-17T00:22:21.741+0500: 1567.665: [DefNew: 157248K->157248K(157248K), 0.0000167 secs]2018-03-17T00:22:21.741+0500: 1567.665: [Tenured: 296349K->23908K(349568K), 0.1560812 secs] 453597K->23908K(506816K), [Metaspace: 5350K->5350K(1056768K)], 0.1561723 secs] [Times: user=0.16 sys=0.00, real=0.16 secs] 
2018-03-17T00:22:21.926+0500: 1567.850: [GC (Allocation Failure) 2018-03-17T00:22:21.926+0500: 1567.850: [DefNew: 139776K->17472K(157248K), 0.2589580 secs] 163684K->163683K(506816K), 0.2590195 secs] [Times: user=0.27 sys=0.00, real=0.26 secs] 
2018-03-17T00:22:22.211+0500: 1568.135: [GC (Allocation Failure) 2018-03-17T00:22:22.211+0500: 1568.135: [DefNew: 157248K->17472K(157248K), 0.2565746 secs] 303459K->303458K(506816K), 0.2566354 secs] [Times: user=0.25 sys=0.00, real=0.26 secs] 
2018-03-17T00:22:22.493+0500: 1568.418: [GC (Allocation Failure) 2018-03-17T00:22:22.493+0500: 1568.418: [DefNew: 146063K->146063K(157248K), 0.0000154 secs]2018-03-17T00:22:22.493+0500: 1568.418: [Tenured: 285986K->715K(349568K), 0.1364236 secs] 432050K->715K(506816K), [Metaspace: 5350K->5350K(1056768K)], 0.1365087 secs] [Times: user=0.13 sys=0.00, real=0.14 secs] 
2018-03-17T00:22:22.655+0500: 1568.580: [GC (Allocation Failure) 2018-03-17T00:22:22.655+0500: 1568.580: [DefNew: 139776K->17472K(157248K), 0.2250822 secs] 140491K->140490K(506816K), 0.2251438 secs] [Times: user=0.22 sys=0.00, real=0.23 secs] 
2018-03-17T00:22:22.908+0500: 1568.832: [GC (Allocation Failure) 2018-03-17T00:22:22.908+0500: 1568.832: [DefNew: 157248K->17472K(157248K), 0.2590230 secs] 280266K->280229K(506816K), 0.2590875 secs] [Times: user=0.26 sys=0.00, real=0.26 secs] 
2018-03-17T00:22:23.195+0500: 1569.119: [GC (Allocation Failure) 2018-03-17T00:22:23.196+0500: 1569.119: [DefNew: 157248K->157248K(157248K), 0.0000244 secs]2018-03-17T00:22:23.196+0500: 1569.119: [Tenured: 262757K->205160K(349568K), 0.4748529 secs] 420005K->205160K(506816K), [Metaspace: 5350K->5350K(1056768K)], 0.4749872 secs] [Times: user=0.47 sys=0.00, real=0.48 secs] 
2018-03-17T00:22:23.696+0500: 1569.620: [GC (Allocation Failure) 2018-03-17T00:22:23.696+0500: 1569.620: [DefNew: 139776K->17472K(157248K), 0.2265850 secs] 344936K->344935K(506816K), 0.2266483 secs] [Times: user=0.22 sys=0.00, real=0.23 secs] 
2018-03-17T00:22:23.949+0500: 1569.873: [GC (Allocation Failure) 2018-03-17T00:22:23.949+0500: 1569.873: [DefNew: 157248K->157248K(157248K), 0.0000171 secs]2018-03-17T00:22:23.949+0500: 1569.873: [Tenured: 327463K->55022K(349568K), 0.2206676 secs] 484711K->55022K(506816K), [Metaspace: 5350K->5350K(1056768K)], 0.2207929 secs] [Times: user=0.22 sys=0.00, real=0.22 secs] 
2018-03-17T00:22:24.200+0500: 1570.123: [GC (Allocation Failure) 2018-03-17T00:22:24.200+0500: 1570.123: [DefNew: 139776K->17472K(157248K), 0.2573239 secs] 194798K->194797K(506816K), 0.2574009 secs] [Times: user=0.25 sys=0.00, real=0.26 secs] 
2018-03-17T00:22:24.483+0500: 1570.406: [GC (Allocation Failure) 2018-03-17T00:22:24.483+0500: 1570.406: [DefNew: 157248K->17471K(157248K), 0.2604428 secs] 334573K->334572K(506816K), 0.2605142 secs] [Times: user=0.27 sys=0.00, real=0.26 secs] 
2018-03-17T00:22:24.769+0500: 1570.692: [GC (Allocation Failure) 2018-03-17T00:22:24.769+0500: 1570.692: [DefNew: 157247K->157247K(157248K), 0.0000163 secs]2018-03-17T00:22:24.769+0500: 1570.693: [Tenured: 317100K->44659K(349568K), 0.2015489 secs] 474348K->44659K(506816K), [Metaspace: 5350K->5350K(1056768K)], 0.2016571 secs] [Times: user=0.20 sys=0.00, real=0.20 secs] 
2018-03-17T00:22:24.999+0500: 1570.923: [GC (Allocation Failure) 2018-03-17T00:22:24.999+0500: 1570.923: [DefNew: 139776K->17471K(157248K), 0.2576331 secs] 184435K->184434K(506816K), 0.2576947 secs] [Times: user=0.26 sys=0.00, real=0.26 secs] 
2018-03-17T00:22:25.282+0500: 1571.206: [GC (Allocation Failure) 2018-03-17T00:22:25.282+0500: 1571.207: [DefNew: 157247K->17472K(157248K), 0.2585453 secs] 324210K->324208K(506816K), 0.2586056 secs] [Times: user=0.26 sys=0.00, real=0.26 secs] 
2018-03-17T00:22:25.568+0500: 1571.491: [GC (Allocation Failure) 2018-03-17T00:22:25.568+0500: 1571.491: [DefNew: 157248K->157248K(157248K), 0.0000163 secs]2018-03-17T00:22:25.568+0500: 1571.491: [Tenured: 306736K->34272K(349568K), 0.1782593 secs] 463984K->34272K(506816K), [Metaspace: 5350K->5350K(1056768K)], 0.1783512 secs] [Times: user=0.19 sys=0.00, real=0.18 secs] 
2018-03-17T00:22:25.778+0500: 1571.702: [GC (Allocation Failure) 2018-03-17T00:22:25.778+0500: 1571.702: [DefNew: 139776K->17472K(157248K), 0.2575313 secs] 174048K->174046K(506816K), 0.2575959 secs] [Times: user=0.25 sys=0.00, real=0.26 secs] 
2018-03-17T00:22:26.061+0500: 1571.985: [GC (Allocation Failure) 2018-03-17T00:22:26.061+0500: 1571.985: [DefNew: 157248K->17472K(157248K), 0.2525051 secs] 313822K->313821K(506816K), 0.2525709 secs] [Times: user=0.25 sys=0.00, real=0.25 secs] 
2018-03-17T00:22:26.339+0500: 1572.263: [GC (Allocation Failure) 2018-03-17T00:22:26.339+0500: 1572.263: [DefNew: 157248K->157248K(157248K), 0.0000163 secs]2018-03-17T00:22:26.339+0500: 1572.263: [Tenured: 296349K->23908K(349568K), 0.1563583 secs] 453597K->23908K(506816K), [Metaspace: 5350K->5350K(1056768K)], 0.1564575 secs] [Times: user=0.16 sys=0.00, real=0.16 secs] 
2018-03-17T00:22:26.524+0500: 1572.448: [GC (Allocation Failure) 2018-03-17T00:22:26.524+0500: 1572.448: [DefNew: 139776K->17472K(157248K), 0.2609953 secs] 163684K->163683K(506816K), 0.2610556 secs] [Times: user=0.25 sys=0.00, real=0.26 secs] 
2018-03-17T00:22:26.811+0500: 1572.735: [GC (Allocation Failure) 2018-03-17T00:22:26.811+0500: 1572.735: [DefNew: 157248K->17472K(157248K), 0.2546079 secs] 303459K->303458K(506816K), 0.2546844 secs] [Times: user=0.25 sys=0.00, real=0.25 secs] 
2018-03-17T00:22:27.093+0500: 1573.016: [GC (Allocation Failure) 2018-03-17T00:22:27.093+0500: 1573.016: [DefNew: 146063K->146063K(157248K), 0.0000167 secs]2018-03-17T00:22:27.093+0500: 1573.016: [Tenured: 285986K->715K(349568K), 0.1374141 secs] 432050K->715K(506816K), [Metaspace: 5350K->5350K(1056768K)], 0.1375043 secs] [Times: user=0.14 sys=0.00, real=0.14 secs] 
2018-03-17T00:22:27.256+0500: 1573.179: [GC (Allocation Failure) 2018-03-17T00:22:27.256+0500: 1573.179: [DefNew: 139776K->17472K(157248K), 0.2246195 secs] 140491K->140490K(506816K), 0.2246901 secs] [Times: user=0.23 sys=0.00, real=0.22 secs] 
2018-03-17T00:22:27.506+0500: 1573.430: [GC (Allocation Failure) 2018-03-17T00:22:27.506+0500: 1573.430: [DefNew: 157248K->17472K(157248K), 0.2577610 secs] 280266K->280229K(506816K), 0.2578195 secs] [Times: user=0.25 sys=0.00, real=0.26 secs] 
2018-03-17T00:22:27.793+0500: 1573.717: [GC (Allocation Failure) 2018-03-17T00:22:27.793+0500: 1573.717: [DefNew: 157248K->157248K(157248K), 0.0000205 secs]2018-03-17T00:22:27.793+0500: 1573.717: [Tenured: 262757K->205160K(349568K), 0.4718384 secs] 420005K->205160K(506816K), [Metaspace: 5350K->5350K(1056768K)], 0.4719419 secs] [Times: user=0.47 sys=0.00, real=0.47 secs] 
2018-03-17T00:22:28.290+0500: 1574.214: [GC (Allocation Failure) 2018-03-17T00:22:28.290+0500: 1574.214: [DefNew: 139776K->17472K(157248K), 0.2259016 secs] 344936K->344935K(506816K), 0.2259760 secs] [Times: user=0.22 sys=0.00, real=0.23 secs] 
2018-03-17T00:22:28.543+0500: 1574.467: [GC (Allocation Failure) 2018-03-17T00:22:28.543+0500: 1574.467: [DefNew: 157248K->157248K(157248K), 0.0000158 secs]2018-03-17T00:22:28.543+0500: 1574.467: [Tenured: 327463K->55022K(349568K), 0.2226292 secs] 484711K->55022K(506816K), [Metaspace: 5350K->5350K(1056768K)], 0.2227194 secs] [Times: user=0.22 sys=0.00, real=0.22 secs] 
2018-03-17T00:22:28.796+0500: 1574.720: [GC (Allocation Failure) 2018-03-17T00:22:28.796+0500: 1574.720: [DefNew: 139776K->17472K(157248K), 0.2573111 secs] 194798K->194797K(506816K), 0.2573910 secs] [Times: user=0.27 sys=0.00, real=0.26 secs] 
2018-03-17T00:22:29.081+0500: 1575.005: [GC (Allocation Failure) 2018-03-17T00:22:29.081+0500: 1575.005: [DefNew: 157248K->17471K(157248K), 0.2537555 secs] 334573K->334572K(506816K), 0.2538201 secs] [Times: user=0.27 sys=0.00, real=0.25 secs] 
2018-03-17T00:22:29.361+0500: 1575.285: [GC (Allocation Failure) 2018-03-17T00:22:29.361+0500: 1575.285: [DefNew: 157247K->157247K(157248K), 0.0000188 secs]2018-03-17T00:22:29.361+0500: 1575.285: [Tenured: 317100K->44659K(349568K), 0.2002244 secs] 474348K->44659K(506816K), [Metaspace: 5350K->5350K(1056768K)], 0.2003249 secs] [Times: user=0.20 sys=0.00, real=0.20 secs] 
2018-03-17T00:22:29.590+0500: 1575.514: [GC (Allocation Failure) 2018-03-17T00:22:29.590+0500: 1575.515: [DefNew: 139776K->17471K(157248K), 0.2566542 secs] 184435K->184434K(506816K), 0.2567132 secs] [Times: user=0.25 sys=0.00, real=0.26 secs] 
2018-03-17T00:22:29.874+0500: 1575.798: [GC (Allocation Failure) 2018-03-17T00:22:29.874+0500: 1575.798: [DefNew: 157247K->17472K(157248K), 0.2528023 secs] 324210K->324208K(506816K), 0.2528643 secs] [Times: user=0.25 sys=0.00, real=0.25 secs] 
2018-03-17T00:22:30.153+0500: 1576.076: [GC (Allocation Failure) 2018-03-17T00:22:30.153+0500: 1576.076: [DefNew: 157248K->157248K(157248K), 0.0000167 secs]2018-03-17T00:22:30.153+0500: 1576.076: [Tenured: 306736K->34272K(349568K), 0.1775699 secs] 463984K->34272K(506816K), [Metaspace: 5350K->5350K(1056768K)], 0.1776619 secs] [Times: user=0.17 sys=0.00, real=0.18 secs] 
2018-03-17T00:22:30.361+0500: 1576.285: [GC (Allocation Failure) 2018-03-17T00:22:30.361+0500: 1576.285: [DefNew: 139776K->17472K(157248K), 0.2586774 secs] 174048K->174046K(506816K), 0.2587364 secs] [Times: user=0.25 sys=0.00, real=0.26 secs] 
2018-03-17T00:22:30.646+0500: 1576.570: [GC (Allocation Failure) 2018-03-17T00:22:30.646+0500: 1576.570: [DefNew: 157248K->17472K(157248K), 0.2541152 secs] 313822K->313821K(506816K), 0.2542046 secs] [Times: user=0.26 sys=0.00, real=0.25 secs] 
2018-03-17T00:22:30.926+0500: 1576.850: [GC (Allocation Failure) 2018-03-17T00:22:30.926+0500: 1576.850: [DefNew: 157248K->157248K(157248K), 0.0000154 secs]2018-03-17T00:22:30.926+0500: 1576.850: [Tenured: 296349K->23908K(349568K), 0.1560324 secs] 453597K->23908K(506816K), [Metaspace: 5350K->5350K(1056768K)], 0.1561197 secs] [Times: user=0.16 sys=0.00, real=0.16 secs] 
2018-03-17T00:22:31.111+0500: 1577.035: [GC (Allocation Failure) 2018-03-17T00:22:31.111+0500: 1577.035: [DefNew: 139776K->17472K(157248K), 0.2611920 secs] 163684K->163683K(506816K), 0.2612707 secs] [Times: user=0.27 sys=0.00, real=0.26 secs] 
2018-03-17T00:22:31.399+0500: 1577.323: [GC (Allocation Failure) 2018-03-17T00:22:31.399+0500: 1577.323: [DefNew: 157248K->17472K(157248K), 0.2614046 secs] 303459K->303458K(506816K), 0.2614674 secs] [Times: user=0.25 sys=0.00, real=0.26 secs] 
2018-03-17T00:22:31.687+0500: 1577.610: [GC (Allocation Failure) 2018-03-17T00:22:31.687+0500: 1577.610: [DefNew: 146063K->146063K(157248K), 0.0000257 secs]2018-03-17T00:22:31.687+0500: 1577.610: [Tenured: 285986K->715K(349568K), 0.1364852 secs] 432050K->715K(506816K), [Metaspace: 5350K->5350K(1056768K)], 0.1365973 secs] [Times: user=0.14 sys=0.00, real=0.14 secs] 
2018-03-17T00:22:31.849+0500: 1577.773: [GC (Allocation Failure) 2018-03-17T00:22:31.849+0500: 1577.773: [DefNew: 139776K->17472K(157248K), 0.2316403 secs] 140491K->140490K(506816K), 0.2317023 secs] [Times: user=0.23 sys=0.00, real=0.23 secs] 
2018-03-17T00:22:32.106+0500: 1578.030: [GC (Allocation Failure) 2018-03-17T00:22:32.106+0500: 1578.030: [DefNew: 157248K->17472K(157248K), 0.2574171 secs] 280266K->280229K(506816K), 0.2574778 secs] [Times: user=0.25 sys=0.00, real=0.26 secs] 
2018-03-17T00:22:32.393+0500: 1578.317: [GC (Allocation Failure) 2018-03-17T00:22:32.393+0500: 1578.317: [DefNew: 157248K->157248K(157248K), 0.0000167 secs]2018-03-17T00:22:32.393+0500: 1578.317: [Tenured: 262757K->205160K(349568K), 0.4731158 secs] 420005K->205160K(506816K), [Metaspace: 5350K->5350K(1056768K)], 0.4732030 secs] [Times: user=0.48 sys=0.00, real=0.47 secs] 
2018-03-17T00:22:32.893+0500: 1578.816: [GC (Allocation Failure) 2018-03-17T00:22:32.893+0500: 1578.816: [DefNew: 139776K->17472K(157248K), 0.2260047 secs] 344936K->344935K(506816K), 0.2260650 secs] [Times: user=0.23 sys=0.00, real=0.23 secs] 
2018-03-17T00:22:33.145+0500: 1579.069: [GC (Allocation Failure) 2018-03-17T00:22:33.145+0500: 1579.069: [DefNew: 157248K->157248K(157248K), 0.0000252 secs]2018-03-17T00:22:33.145+0500: 1579.069: [Tenured: 327463K->55022K(349568K), 0.2296303 secs] 484711K->55022K(506816K), [Metaspace: 5350K->5350K(1056768K)], 0.2297496 secs] [Times: user=0.22 sys=0.00, real=0.23 secs] 
2018-03-17T00:22:33.404+0500: 1579.328: [GC (Allocation Failure) 2018-03-17T00:22:33.404+0500: 1579.328: [DefNew: 139776K->17472K(157248K), 0.2652855 secs] 194798K->194797K(506816K), 0.2653527 secs] [Times: user=0.26 sys=0.00, real=0.26 secs] 
2018-03-17T00:22:33.701+0500: 1579.626: [GC (Allocation Failure) 2018-03-17T00:22:33.701+0500: 1579.626: [DefNew: 157248K->17471K(157248K), 0.2550565 secs] 334573K->334572K(506816K), 0.2551189 secs] [Times: user=0.25 sys=0.00, real=0.26 secs] 
2018-03-17T00:22:33.982+0500: 1579.907: [GC (Allocation Failure) 2018-03-17T00:22:33.982+0500: 1579.907: [DefNew: 157247K->157247K(157248K), 0.0000154 secs]2018-03-17T00:22:33.982+0500: 1579.907: [Tenured: 317100K->44659K(349568K), 0.1993272 secs] 474348K->44659K(506816K), [Metaspace: 5350K->5350K(1056768K)], 0.1994209 secs] [Times: user=0.20 sys=0.00, real=0.20 secs] 
2018-03-17T00:22:34.213+0500: 1580.136: [GC (Allocation Failure) 2018-03-17T00:22:34.213+0500: 1580.136: [DefNew: 139776K->17471K(157248K), 0.2590837 secs] 184435K->184434K(506816K), 0.2591474 secs] [Times: user=0.25 sys=0.00, real=0.26 secs] 
2018-03-17T00:22:34.498+0500: 1580.421: [GC (Allocation Failure) 2018-03-17T00:22:34.498+0500: 1580.421: [DefNew: 157247K->17472K(157248K), 0.2539741 secs] 324210K->324208K(506816K), 0.2540647 secs] [Times: user=0.25 sys=0.00, real=0.25 secs] 
2018-03-17T00:22:34.778+0500: 1580.702: [GC (Allocation Failure) 2018-03-17T00:22:34.778+0500: 1580.702: [DefNew: 157248K->157248K(157248K), 0.0000158 secs]2018-03-17T00:22:34.778+0500: 1580.702: [Tenured: 306736K->34272K(349568K), 0.1774514 secs] 463984K->34272K(506816K), [Metaspace: 5350K->5350K(1056768K)], 0.1775417 secs] [Times: user=0.17 sys=0.00, real=0.18 secs] 
2018-03-17T00:22:34.986+0500: 1580.910: [GC (Allocation Failure) 2018-03-17T00:22:34.986+0500: 1580.910: [DefNew: 139776K->17472K(157248K), 0.2573756 secs] 174048K->174046K(506816K), 0.2574445 secs] [Times: user=0.27 sys=0.00, real=0.26 secs] 
2018-03-17T00:22:35.269+0500: 1581.193: [GC (Allocation Failure) 2018-03-17T00:22:35.269+0500: 1581.193: [DefNew: 157248K->17472K(157248K), 0.2553939 secs] 313822K->313821K(506816K), 0.2554687 secs] [Times: user=0.27 sys=0.00, real=0.26 secs] 
2018-03-17T00:22:35.551+0500: 1581.474: [GC (Allocation Failure) 2018-03-17T00:22:35.551+0500: 1581.474: [DefNew: 157248K->157248K(157248K), 0.0000163 secs]2018-03-17T00:22:35.551+0500: 1581.474: [Tenured: 296349K->23908K(349568K), 0.1559182 secs] 453597K->23908K(506816K), [Metaspace: 5350K->5350K(1056768K)], 0.1560042 secs] [Times: user=0.16 sys=0.00, real=0.16 secs] 
2018-03-17T00:22:35.735+0500: 1581.658: [GC (Allocation Failure) 2018-03-17T00:22:35.735+0500: 1581.658: [DefNew: 139776K->17472K(157248K), 0.2584597 secs] 163684K->163683K(506816K), 0.2585217 secs] [Times: user=0.27 sys=0.00, real=0.26 secs] 
2018-03-17T00:22:36.019+0500: 1581.943: [GC (Allocation Failure) 2018-03-17T00:22:36.019+0500: 1581.943: [DefNew: 157248K->17472K(157248K), 0.2539386 secs] 303459K->303458K(506816K), 0.2539997 secs] [Times: user=0.27 sys=0.00, real=0.25 secs] 
2018-03-17T00:22:36.299+0500: 1582.223: [GC (Allocation Failure) 2018-03-17T00:22:36.299+0500: 1582.223: [DefNew: 146063K->146063K(157248K), 0.0000154 secs]2018-03-17T00:22:36.299+0500: 1582.223: [Tenured: 285986K->715K(349568K), 0.1373127 secs] 432050K->715K(506816K), [Metaspace: 5350K->5350K(1056768K)], 0.1373991 secs] [Times: user=0.14 sys=0.00, real=0.14 secs] 
2018-03-17T00:22:36.462+0500: 1582.386: [GC (Allocation Failure) 2018-03-17T00:22:36.462+0500: 1582.386: [DefNew: 139776K->17472K(157248K), 0.2239066 secs] 140491K->140490K(506816K), 0.2239686 secs] [Times: user=0.22 sys=0.00, real=0.22 secs] 
2018-03-17T00:22:36.714+0500: 1582.639: [GC (Allocation Failure) 2018-03-17T00:22:36.714+0500: 1582.639: [DefNew: 157248K->17472K(157248K), 0.2587309 secs] 280266K->280229K(506816K), 0.2588074 secs] [Times: user=0.25 sys=0.00, real=0.26 secs] 
2018-03-17T00:22:37.002+0500: 1582.926: [GC (Allocation Failure) 2018-03-17T00:22:37.002+0500: 1582.926: [DefNew: 157248K->157248K(157248K), 0.0000171 secs]2018-03-17T00:22:37.002+0500: 1582.926: [Tenured: 262757K->205160K(349568K), 0.4757287 secs] 420005K->205160K(506816K), [Metaspace: 5350K->5350K(1056768K)], 0.4758267 secs] [Times: user=0.48 sys=0.00, real=0.48 secs] 
2018-03-17T00:22:37.504+0500: 1583.428: [GC (Allocation Failure) 2018-03-17T00:22:37.504+0500: 1583.428: [DefNew: 139776K->17472K(157248K), 0.2266620 secs] 344936K->344935K(506816K), 0.2267231 secs] [Times: user=0.23 sys=0.00, real=0.23 secs] 
2018-03-17T00:22:37.757+0500: 1583.681: [GC (Allocation Failure) 2018-03-17T00:22:37.757+0500: 1583.681: [DefNew: 157248K->157248K(157248K), 0.0000269 secs]2018-03-17T00:22:37.757+0500: 1583.681: [Tenured: 327463K->55022K(349568K), 0.2221152 secs] 484711K->55022K(506816K), [Metaspace: 5350K->5350K(1056768K)], 0.2222392 secs] [Times: user=0.22 sys=0.00, real=0.22 secs] 
2018-03-17T00:22:38.008+0500: 1583.932: [GC (Allocation Failure) 2018-03-17T00:22:38.008+0500: 1583.932: [DefNew: 139776K->17472K(157248K), 0.2570151 secs] 194798K->194797K(506816K), 0.2570801 secs] [Times: user=0.25 sys=0.00, real=0.26 secs] 
2018-03-17T00:22:38.291+0500: 1584.215: [GC (Allocation Failure) 2018-03-17T00:22:38.291+0500: 1584.215: [DefNew: 157248K->17471K(157248K), 0.2529434 secs] 334573K->334572K(506816K), 0.2530072 secs] [Times: user=0.25 sys=0.00, real=0.25 secs] 
2018-03-17T00:22:38.570+0500: 1584.493: [GC (Allocation Failure) 2018-03-17T00:22:38.570+0500: 1584.493: [DefNew: 157247K->157247K(157248K), 0.0000158 secs]2018-03-17T00:22:38.570+0500: 1584.493: [Tenured: 317100K->44659K(349568K), 0.1987730 secs] 474348K->44659K(506816K), [Metaspace: 5350K->5350K(1056768K)], 0.1988628 secs] [Times: user=0.19 sys=0.00, real=0.20 secs] 
2018-03-17T00:22:38.798+0500: 1584.722: [GC (Allocation Failure) 2018-03-17T00:22:38.798+0500: 1584.722: [DefNew: 139776K->17471K(157248K), 0.2571186 secs] 184435K->184434K(506816K), 0.2571785 secs] [Times: user=0.27 sys=0.00, real=0.26 secs] 
2018-03-17T00:22:39.081+0500: 1585.005: [GC (Allocation Failure) 2018-03-17T00:22:39.081+0500: 1585.005: [DefNew: 157247K->17472K(157248K), 0.2530576 secs] 324210K->324208K(506816K), 0.2531226 secs] [Times: user=0.27 sys=0.00, real=0.25 secs] 
2018-03-17T00:22:39.360+0500: 1585.284: [GC (Allocation Failure) 2018-03-17T00:22:39.360+0500: 1585.284: [DefNew: 157248K->157248K(157248K), 0.0000163 secs]2018-03-17T00:22:39.360+0500: 1585.284: [Tenured: 306736K->34272K(349568K), 0.1782785 secs] 463984K->34272K(506816K), [Metaspace: 5350K->5350K(1056768K)], 0.1783709 secs] [Times: user=0.19 sys=0.00, real=0.18 secs] 
2018-03-17T00:22:39.569+0500: 1585.493: [GC (Allocation Failure) 2018-03-17T00:22:39.569+0500: 1585.493: [DefNew: 139776K->17472K(157248K), 0.2561675 secs] 174048K->174046K(506816K), 0.2562300 secs] [Times: user=0.25 sys=0.00, real=0.26 secs] 
2018-03-17T00:22:39.851+0500: 1585.775: [GC (Allocation Failure) 2018-03-17T00:22:39.851+0500: 1585.775: [DefNew: 157248K->17472K(157248K), 0.2537175 secs] 313822K->313821K(506816K), 0.2537778 secs] [Times: user=0.25 sys=0.00, real=0.25 secs] 
2018-03-17T00:22:40.131+0500: 1586.055: [GC (Allocation Failure) 2018-03-17T00:22:40.131+0500: 1586.055: [DefNew: 157248K->157248K(157248K), 0.0000171 secs]2018-03-17T00:22:40.131+0500: 1586.055: [Tenured: 296349K->23908K(349568K), 0.1556882 secs] 453597K->23908K(506816K), [Metaspace: 5350K->5350K(1056768K)], 0.1557921 secs] [Times: user=0.13 sys=0.00, real=0.16 secs] 
2018-03-17T00:22:40.315+0500: 1586.239: [GC (Allocation Failure) 2018-03-17T00:22:40.315+0500: 1586.239: [DefNew: 139776K->17472K(157248K), 0.2591534 secs] 163684K->163683K(506816K), 0.2592163 secs] [Times: user=0.27 sys=0.00, real=0.26 secs] 
2018-03-17T00:22:40.600+0500: 1586.524: [GC (Allocation Failure) 2018-03-17T00:22:40.600+0500: 1586.524: [DefNew: 157248K->17472K(157248K), 0.2543132 secs] 303459K->303458K(506816K), 0.2543825 secs] [Times: user=0.25 sys=0.00, real=0.25 secs] 
2018-03-17T00:22:40.880+0500: 1586.804: [GC (Allocation Failure) 2018-03-17T00:22:40.880+0500: 1586.804: [DefNew: 146063K->146063K(157248K), 0.0000154 secs]2018-03-17T00:22:40.880+0500: 1586.804: [Tenured: 285986K->715K(349568K), 0.1371592 secs] 432050K->715K(506816K), [Metaspace: 5350K->5350K(1056768K)], 0.1372443 secs] [Times: user=0.14 sys=0.00, real=0.14 secs] 
2018-03-17T00:22:41.043+0500: 1586.967: [GC (Allocation Failure) 2018-03-17T00:22:41.043+0500: 1586.967: [DefNew: 139776K->17472K(157248K), 0.2264913 secs] 140491K->140490K(506816K), 0.2265512 secs] [Times: user=0.22 sys=0.00, real=0.23 secs] 
2018-03-17T00:22:41.296+0500: 1587.220: [GC (Allocation Failure) 2018-03-17T00:22:41.296+0500: 1587.220: [DefNew: 157248K->17472K(157248K), 0.2596452 secs] 280266K->280229K(506816K), 0.2597119 secs] [Times: user=0.26 sys=0.00, real=0.26 secs] 
2018-03-17T00:22:41.584+0500: 1587.508: [GC (Allocation Failure) 2018-03-17T00:22:41.584+0500: 1587.508: [DefNew: 157248K->157248K(157248K), 0.0000171 secs]2018-03-17T00:22:41.584+0500: 1587.508: [Tenured: 262757K->205160K(349568K), 0.4736401 secs] 420005K->205160K(506816K), [Metaspace: 5350K->5350K(1056768K)], 0.4737346 secs] [Times: user=0.48 sys=0.00, real=0.47 secs] 
2018-03-17T00:22:42.083+0500: 1588.007: [GC (Allocation Failure) 2018-03-17T00:22:42.083+0500: 1588.007: [DefNew: 139776K->17472K(157248K), 0.2256283 secs] 344936K->344935K(506816K), 0.2256938 secs] [Times: user=0.23 sys=0.00, real=0.23 secs] 
2018-03-17T00:22:42.335+0500: 1588.259: [GC (Allocation Failure) 2018-03-17T00:22:42.335+0500: 1588.259: [DefNew: 157248K->157248K(157248K), 0.0000163 secs]2018-03-17T00:22:42.335+0500: 1588.259: [Tenured: 327463K->55022K(349568K), 0.2225783 secs] 484711K->55022K(506816K), [Metaspace: 5350K->5350K(1056768K)], 0.2226715 secs] [Times: user=0.22 sys=0.00, real=0.22 secs] 
2018-03-17T00:22:42.587+0500: 1588.511: [GC (Allocation Failure) 2018-03-17T00:22:42.587+0500: 1588.511: [DefNew: 139776K->17472K(157248K), 0.2560153 secs] 194798K->194797K(506816K), 0.2560777 secs] [Times: user=0.25 sys=0.00, real=0.26 secs] 
2018-03-17T00:22:42.869+0500: 1588.793: [GC (Allocation Failure) 2018-03-17T00:22:42.869+0500: 1588.793: [DefNew: 157248K->17471K(157248K), 0.2534194 secs] 334573K->334572K(506816K), 0.2534844 secs] [Times: user=0.23 sys=0.00, real=0.25 secs] 
2018-03-17T00:22:43.148+0500: 1589.072: [GC (Allocation Failure) 2018-03-17T00:22:43.148+0500: 1589.072: [DefNew: 157247K->157247K(157248K), 0.0000163 secs]2018-03-17T00:22:43.148+0500: 1589.072: [Tenured: 317100K->44659K(349568K), 0.1993033 secs] 474348K->44659K(506816K), [Metaspace: 5350K->5350K(1056768K)], 0.1993991 secs] [Times: user=0.19 sys=0.00, real=0.20 secs] 
2018-03-17T00:22:43.379+0500: 1589.303: [GC (Allocation Failure) 2018-03-17T00:22:43.379+0500: 1589.303: [DefNew: 139776K->17471K(157248K), 0.2579555 secs] 184435K->184434K(506816K), 0.2580244 secs] [Times: user=0.27 sys=0.00, real=0.26 secs] 
2018-03-17T00:22:43.662+0500: 1589.586: [GC (Allocation Failure) 2018-03-17T00:22:43.662+0500: 1589.586: [DefNew: 157247K->17472K(157248K), 0.2523058 secs] 324210K->324208K(506816K), 0.2523665 secs] [Times: user=0.25 sys=0.00, real=0.25 secs] 
2018-03-17T00:22:43.941+0500: 1589.865: [GC (Allocation Failure) 2018-03-17T00:22:43.941+0500: 1589.865: [DefNew: 157248K->157248K(157248K), 0.0000244 secs]2018-03-17T00:22:43.942+0500: 1589.865: [Tenured: 306736K->34272K(349568K), 0.1780189 secs] 463984K->34272K(506816K), [Metaspace: 5350K->5350K(1056768K)], 0.1781340 secs] [Times: user=0.19 sys=0.00, real=0.18 secs] 
2018-03-17T00:22:44.149+0500: 1590.072: [GC (Allocation Failure) 2018-03-17T00:22:44.149+0500: 1590.072: [DefNew: 139776K->17472K(157248K), 0.2564566 secs] 174048K->174046K(506816K), 0.2565246 secs] [Times: user=0.23 sys=0.00, real=0.26 secs] 
2018-03-17T00:22:44.432+0500: 1590.355: [GC (Allocation Failure) 2018-03-17T00:22:44.432+0500: 1590.355: [DefNew: 157248K->17472K(157248K), 0.2532980 secs] 313822K->313821K(506816K), 0.2533749 secs] [Times: user=0.25 sys=0.00, real=0.25 secs] 
2018-03-17T00:22:44.710+0500: 1590.634: [GC (Allocation Failure) 2018-03-17T00:22:44.711+0500: 1590.635: [DefNew: 157248K->157248K(157248K), 0.0000321 secs]2018-03-17T00:22:44.711+0500: 1590.635: [Tenured: 296349K->23908K(349568K), 0.1552951 secs] 453597K->23908K(506816K), [Metaspace: 5350K->5350K(1056768K)], 0.1554299 secs] [Times: user=0.16 sys=0.00, real=0.16 secs] 
2018-03-17T00:22:44.895+0500: 1590.819: [GC (Allocation Failure) 2018-03-17T00:22:44.895+0500: 1590.819: [DefNew: 139776K->17472K(157248K), 0.2604436 secs] 163684K->163683K(506816K), 0.2605138 secs] [Times: user=0.27 sys=0.00, real=0.26 secs] 
2018-03-17T00:22:45.181+0500: 1591.105: [GC (Allocation Failure) 2018-03-17T00:22:45.181+0500: 1591.105: [DefNew: 157248K->17472K(157248K), 0.2561470 secs] 303459K->303458K(506816K), 0.2562141 secs] [Times: user=0.25 sys=0.00, real=0.26 secs] 
2018-03-17T00:22:45.464+0500: 1591.388: [GC (Allocation Failure) 2018-03-17T00:22:45.464+0500: 1591.388: [DefNew: 146063K->146063K(157248K), 0.0000163 secs]2018-03-17T00:22:45.464+0500: 1591.388: [Tenured: 285986K->715K(349568K), 0.1358284 secs] 432050K->715K(506816K), [Metaspace: 5350K->5350K(1056768K)], 0.1359139 secs] [Times: user=0.14 sys=0.00, real=0.14 secs] 
2018-03-17T00:22:45.626+0500: 1591.550: [GC (Allocation Failure) 2018-03-17T00:22:45.626+0500: 1591.550: [DefNew: 139776K->17472K(157248K), 0.2217093 secs] 140491K->140490K(506816K), 0.2217816 secs] [Times: user=0.22 sys=0.00, real=0.22 secs] 
2018-03-17T00:22:45.874+0500: 1591.797: [GC (Allocation Failure) 2018-03-17T00:22:45.874+0500: 1591.797: [DefNew: 157248K->17472K(157248K), 0.2579748 secs] 280266K->280229K(506816K), 0.2580612 secs] [Times: user=0.27 sys=0.00, real=0.26 secs] 
2018-03-17T00:22:46.160+0500: 1592.084: [GC (Allocation Failure) 2018-03-17T00:22:46.160+0500: 1592.084: [DefNew: 157248K->157248K(157248K), 0.0000180 secs]2018-03-17T00:22:46.160+0500: 1592.084: [Tenured: 262757K->205160K(349568K), 0.4730046 secs] 420005K->205160K(506816K), [Metaspace: 5350K->5350K(1056768K)], 0.4731021 secs] [Times: user=0.48 sys=0.00, real=0.47 secs] 
2018-03-17T00:22:46.658+0500: 1592.582: [GC (Allocation Failure) 2018-03-17T00:22:46.658+0500: 1592.582: [DefNew: 139776K->17472K(157248K), 0.2274155 secs] 344936K->344935K(506816K), 0.2274767 secs] [Times: user=0.23 sys=0.00, real=0.23 secs] 
2018-03-17T00:22:46.913+0500: 1592.837: [GC (Allocation Failure) 2018-03-17T00:22:46.913+0500: 1592.837: [DefNew: 157248K->157248K(157248K), 0.0000171 secs]2018-03-17T00:22:46.913+0500: 1592.837: [Tenured: 327463K->55022K(349568K), 0.2225060 secs] 484711K->55022K(506816K), [Metaspace: 5350K->5350K(1056768K)], 0.2225963 secs] [Times: user=0.22 sys=0.00, real=0.22 secs] 
2018-03-17T00:22:47.165+0500: 1593.089: [GC (Allocation Failure) 2018-03-17T00:22:47.165+0500: 1593.089: [DefNew: 139776K->17472K(157248K), 0.2595036 secs] 194798K->194797K(506816K), 0.2595665 secs] [Times: user=0.25 sys=0.00, real=0.26 secs] 
2018-03-17T00:22:47.451+0500: 1593.375: [GC (Allocation Failure) 2018-03-17T00:22:47.451+0500: 1593.375: [DefNew: 157248K->17471K(157248K), 0.2519607 secs] 334573K->334572K(506816K), 0.2520257 secs] [Times: user=0.25 sys=0.00, real=0.25 secs] 
2018-03-17T00:22:47.729+0500: 1593.653: [GC (Allocation Failure) 2018-03-17T00:22:47.729+0500: 1593.653: [DefNew: 157247K->157247K(157248K), 0.0000218 secs]2018-03-17T00:22:47.729+0500: 1593.653: [Tenured: 317100K->44659K(349568K), 0.1999755 secs] 474348K->44659K(506816K), [Metaspace: 5350K->5350K(1056768K)], 0.2000910 secs] [Times: user=0.20 sys=0.00, real=0.20 secs] 
2018-03-17T00:22:47.958+0500: 1593.882: [GC (Allocation Failure) 2018-03-17T00:22:47.958+0500: 1593.882: [DefNew: 139776K->17471K(157248K), 0.2559742 secs] 184435K->184434K(506816K), 0.2560435 secs] [Times: user=0.25 sys=0.00, real=0.26 secs] 
2018-03-17T00:22:48.240+0500: 1594.164: [GC (Allocation Failure) 2018-03-17T00:22:48.240+0500: 1594.164: [DefNew: 157247K->17472K(157248K), 0.2539206 secs] 324210K->324208K(506816K), 0.2539878 secs] [Times: user=0.27 sys=0.00, real=0.25 secs] 
2018-03-17T00:22:48.520+0500: 1594.444: [GC (Allocation Failure) 2018-03-17T00:22:48.520+0500: 1594.444: [DefNew: 157248K->157248K(157248K), 0.0000167 secs]2018-03-17T00:22:48.520+0500: 1594.444: [Tenured: 306736K->34272K(349568K), 0.1769515 secs] 463984K->34272K(506816K), [Metaspace: 5350K->5350K(1056768K)], 0.1770379 secs] [Times: user=0.19 sys=0.00, real=0.18 secs] 
2018-03-17T00:22:48.727+0500: 1594.651: [GC (Allocation Failure) 2018-03-17T00:22:48.727+0500: 1594.651: [DefNew: 139776K->17472K(157248K), 0.2563612 secs] 174048K->174046K(506816K), 0.2564228 secs] [Times: user=0.25 sys=0.00, real=0.26 secs] 
2018-03-17T00:22:49.009+0500: 1594.933: [GC (Allocation Failure) 2018-03-17T00:22:49.009+0500: 1594.933: [DefNew: 157248K->17472K(157248K), 0.2531667 secs] 313822K->313821K(506816K), 0.2532274 secs] [Times: user=0.25 sys=0.00, real=0.25 secs] 
2018-03-17T00:22:49.288+0500: 1595.212: [GC (Allocation Failure) 2018-03-17T00:22:49.288+0500: 1595.212: [DefNew: 157248K->157248K(157248K), 0.0000158 secs]2018-03-17T00:22:49.288+0500: 1595.212: [Tenured: 296349K->23908K(349568K), 0.1580219 secs] 453597K->23908K(506816K), [Metaspace: 5350K->5350K(1056768K)], 0.1581087 secs] [Times: user=0.16 sys=0.00, real=0.16 secs] 
2018-03-17T00:22:49.475+0500: 1595.399: [GC (Allocation Failure) 2018-03-17T00:22:49.475+0500: 1595.399: [DefNew: 139776K->17472K(157248K), 0.2582583 secs] 163684K->163683K(506816K), 0.2583306 secs] [Times: user=0.25 sys=0.00, real=0.26 secs] 
2018-03-17T00:22:49.759+0500: 1595.683: [GC (Allocation Failure) 2018-03-17T00:22:49.759+0500: 1595.683: [DefNew: 157248K->17472K(157248K), 0.2563689 secs] 303459K->303458K(506816K), 0.2564322 secs] [Times: user=0.25 sys=0.00, real=0.26 secs] 
2018-03-17T00:22:50.041+0500: 1595.965: [GC (Allocation Failure) 2018-03-17T00:22:50.041+0500: 1595.965: [DefNew: 146063K->146063K(157248K), 0.0000154 secs]2018-03-17T00:22:50.041+0500: 1595.965: [Tenured: 285986K->715K(349568K), 0.1361431 secs] 432050K->715K(506816K), [Metaspace: 5350K->5350K(1056768K)], 0.1362274 secs] [Times: user=0.13 sys=0.00, real=0.14 secs] 
2018-03-17T00:22:50.203+0500: 1596.127: [GC (Allocation Failure) 2018-03-17T00:22:50.203+0500: 1596.127: [DefNew: 139776K->17472K(157248K), 0.2240212 secs] 140491K->140490K(506816K), 0.2240862 secs] [Times: user=0.22 sys=0.00, real=0.22 secs] 
2018-03-17T00:22:50.453+0500: 1596.377: [GC (Allocation Failure) 2018-03-17T00:22:50.453+0500: 1596.377: [DefNew: 157248K->17472K(157248K), 0.2565310 secs] 280266K->280229K(506816K), 0.2566016 secs] [Times: user=0.27 sys=0.00, real=0.26 secs] 
2018-03-17T00:22:50.738+0500: 1596.662: [GC (Allocation Failure) 2018-03-17T00:22:50.738+0500: 1596.662: [DefNew: 157248K->157248K(157248K), 0.0000167 secs]2018-03-17T00:22:50.738+0500: 1596.662: [Tenured: 262757K->205160K(349568K), 0.4720599 secs] 420005K->205160K(506816K), [Metaspace: 5350K->5350K(1056768K)], 0.4721497 secs] [Times: user=0.49 sys=0.00, real=0.47 secs] 
2018-03-17T00:22:51.237+0500: 1597.160: [GC (Allocation Failure) 2018-03-17T00:22:51.237+0500: 1597.160: [DefNew: 139776K->17472K(157248K), 0.2277782 secs] 344936K->344935K(506816K), 0.2278372 secs] [Times: user=0.24 sys=0.00, real=0.23 secs] 
2018-03-17T00:22:51.490+0500: 1597.414: [GC (Allocation Failure) 2018-03-17T00:22:51.490+0500: 1597.414: [DefNew: 157248K->157248K(157248K), 0.0000158 secs]2018-03-17T00:22:51.490+0500: 1597.414: [Tenured: 327463K->55022K(349568K), 0.2209964 secs] 484711K->55022K(506816K), [Metaspace: 5350K->5350K(1056768K)], 0.2211038 secs] [Times: user=0.24 sys=0.00, real=0.22 secs] 
2018-03-17T00:22:51.740+0500: 1597.664: [GC (Allocation Failure) 2018-03-17T00:22:51.740+0500: 1597.664: [DefNew: 139776K->17472K(157248K), 0.2603547 secs] 194798K->194797K(506816K), 0.2604252 secs] [Times: user=0.27 sys=0.00, real=0.26 secs] 
2018-03-17T00:22:52.027+0500: 1597.951: [GC (Allocation Failure) 2018-03-17T00:22:52.027+0500: 1597.951: [DefNew: 157248K->17471K(157248K), 0.2525581 secs] 334573K->334572K(506816K), 0.2526886 secs] [Times: user=0.25 sys=0.00, real=0.25 secs] 
2018-03-17T00:22:52.305+0500: 1598.229: [GC (Allocation Failure) 2018-03-17T00:22:52.305+0500: 1598.229: [DefNew: 157247K->157247K(157248K), 0.0000158 secs]2018-03-17T00:22:52.305+0500: 1598.229: [Tenured: 317100K->44659K(349568K), 0.2008296 secs] 474348K->44659K(506816K), [Metaspace: 5350K->5350K(1056768K)], 0.2009284 secs] [Times: user=0.20 sys=0.00, real=0.20 secs] 
2018-03-17T00:22:52.535+0500: 1598.459: [GC (Allocation Failure) 2018-03-17T00:22:52.535+0500: 1598.459: [DefNew: 139776K->17471K(157248K), 0.2582365 secs] 184435K->184434K(506816K), 0.2583002 secs] [Times: user=0.25 sys=0.00, real=0.26 secs] 
2018-03-17T00:22:52.819+0500: 1598.743: [GC (Allocation Failure) 2018-03-17T00:22:52.819+0500: 1598.743: [DefNew: 157247K->17472K(157248K), 0.2518178 secs] 324210K->324208K(506816K), 0.2518901 secs] [Times: user=0.25 sys=0.00, real=0.25 secs] 
2018-03-17T00:22:53.097+0500: 1599.021: [GC (Allocation Failure) 2018-03-17T00:22:53.097+0500: 1599.021: [DefNew: 157248K->157248K(157248K), 0.0000171 secs]2018-03-17T00:22:53.097+0500: 1599.021: [Tenured: 306736K->34272K(349568K), 0.1771179 secs] 463984K->34272K(506816K), [Metaspace: 5350K->5350K(1056768K)], 0.1772432 secs] [Times: user=0.19 sys=0.00, real=0.18 secs] 
2018-03-17T00:22:53.306+0500: 1599.230: [GC (Allocation Failure) 2018-03-17T00:22:53.306+0500: 1599.230: [DefNew: 139776K->17472K(157248K), 0.2567470 secs] 174048K->174046K(506816K), 0.2568086 secs] [Times: user=0.25 sys=0.00, real=0.26 secs] 
2018-03-17T00:22:53.588+0500: 1599.512: [GC (Allocation Failure) 2018-03-17T00:22:53.588+0500: 1599.513: [DefNew: 157248K->17472K(157248K), 0.2548007 secs] 313822K->313821K(506816K), 0.2548645 secs] [Times: user=0.25 sys=0.00, real=0.26 secs] 
2018-03-17T00:22:53.870+0500: 1599.794: [GC (Allocation Failure) 2018-03-17T00:22:53.870+0500: 1599.794: [DefNew: 157248K->157248K(157248K), 0.0000163 secs]2018-03-17T00:22:53.870+0500: 1599.794: [Tenured: 296349K->23908K(349568K), 0.1550766 secs] 453597K->23908K(506816K), [Metaspace: 5350K->5350K(1056768K)], 0.1551660 secs] [Times: user=0.16 sys=0.00, real=0.16 secs] 
2018-03-17T00:22:54.053+0500: 1599.977: [GC (Allocation Failure) 2018-03-17T00:22:54.053+0500: 1599.977: [DefNew: 139776K->17472K(157248K), 0.2564348 secs] 163684K->163683K(506816K), 0.2564955 secs] [Times: user=0.25 sys=0.00, real=0.26 secs] 
2018-03-17T00:22:54.335+0500: 1600.259: [GC (Allocation Failure) 2018-03-17T00:22:54.335+0500: 1600.259: [DefNew: 157248K->17472K(157248K), 0.2543111 secs] 303459K->303458K(506816K), 0.2543748 secs] [Times: user=0.25 sys=0.00, real=0.25 secs] 
2018-03-17T00:22:54.615+0500: 1600.539: [GC (Allocation Failure) 2018-03-17T00:22:54.616+0500: 1600.540: [DefNew: 146063K->146063K(157248K), 0.0000291 secs]2018-03-17T00:22:54.616+0500: 1600.540: [Tenured: 285986K->715K(349568K), 0.1364181 secs] 432050K->715K(506816K), [Metaspace: 5350K->5350K(1056768K)], 0.1365425 secs] [Times: user=0.13 sys=0.02, real=0.14 secs] 
2018-03-17T00:22:54.778+0500: 1600.702: [GC (Allocation Failure) 2018-03-17T00:22:54.778+0500: 1600.702: [DefNew: 139776K->17472K(157248K), 0.2263344 secs] 140491K->140490K(506816K), 0.2263951 secs] [Times: user=0.22 sys=0.00, real=0.23 secs] 
2018-03-17T00:22:55.029+0500: 1600.954: [GC (Allocation Failure) 2018-03-17T00:22:55.029+0500: 1600.954: [DefNew: 157248K->17472K(157248K), 0.2551707 secs] 280266K->280229K(506816K), 0.2552331 secs] [Times: user=0.25 sys=0.00, real=0.26 secs] 
2018-03-17T00:22:55.315+0500: 1601.238: [GC (Allocation Failure) 2018-03-17T00:22:55.315+0500: 1601.238: [DefNew: 157248K->157248K(157248K), 0.0000167 secs]2018-03-17T00:22:55.315+0500: 1601.238: [Tenured: 262757K->205160K(349568K), 0.4732111 secs] 420005K->205160K(506816K), [Metaspace: 5350K->5350K(1056768K)], 0.4732992 secs] [Times: user=0.48 sys=0.00, real=0.47 secs] 
2018-03-17T00:22:55.813+0500: 1601.737: [GC (Allocation Failure) 2018-03-17T00:22:55.813+0500: 1601.737: [DefNew: 139776K->17472K(157248K), 0.2243432 secs] 344936K->344935K(506816K), 0.2244142 secs] [Times: user=0.23 sys=0.00, real=0.23 secs] 
2018-03-17T00:22:56.064+0500: 1601.988: [GC (Allocation Failure) 2018-03-17T00:22:56.064+0500: 1601.988: [DefNew: 157248K->157248K(157248K), 0.0000167 secs]2018-03-17T00:22:56.064+0500: 1601.988: [Tenured: 327463K->55022K(349568K), 0.2206671 secs] 484711K->55022K(506816K), [Metaspace: 5350K->5350K(1056768K)], 0.2207642 secs] [Times: user=0.22 sys=0.00, real=0.22 secs] 
2018-03-17T00:22:56.314+0500: 1602.238: [GC (Allocation Failure) 2018-03-17T00:22:56.314+0500: 1602.238: [DefNew: 139776K->17472K(157248K), 0.2581279 secs] 194798K->194797K(506816K), 0.2581890 secs] [Times: user=0.27 sys=0.00, real=0.26 secs] 
2018-03-17T00:22:56.598+0500: 1602.522: [GC (Allocation Failure) 2018-03-17T00:22:56.598+0500: 1602.522: [DefNew: 157248K->17471K(157248K), 0.2508903 secs] 334573K->334572K(506816K), 0.2509527 secs] [Times: user=0.25 sys=0.00, real=0.25 secs] 
2018-03-17T00:22:56.875+0500: 1602.798: [GC (Allocation Failure) 2018-03-17T00:22:56.875+0500: 1602.798: [DefNew: 157247K->157247K(157248K), 0.0000163 secs]2018-03-17T00:22:56.875+0500: 1602.798: [Tenured: 317100K->44659K(349568K), 0.2002026 secs] 474348K->44659K(506816K), [Metaspace: 5350K->5350K(1056768K)], 0.2002911 secs] [Times: user=0.20 sys=0.00, real=0.20 secs] 
2018-03-17T00:22:57.103+0500: 1603.027: [GC (Allocation Failure) 2018-03-17T00:22:57.103+0500: 1603.027: [DefNew: 139776K->17471K(157248K), 0.2560982 secs] 184435K->184434K(506816K), 0.2561611 secs] [Times: user=0.25 sys=0.00, real=0.26 secs] 
2018-03-17T00:22:57.385+0500: 1603.309: [GC (Allocation Failure) 2018-03-17T00:22:57.385+0500: 1603.309: [DefNew: 157247K->17472K(157248K), 0.2542016 secs] 324210K->324208K(506816K), 0.2542623 secs] [Times: user=0.25 sys=0.00, real=0.25 secs] 
2018-03-17T00:22:57.665+0500: 1603.589: [GC (Allocation Failure) 2018-03-17T00:22:57.665+0500: 1603.589: [DefNew: 157248K->157248K(157248K), 0.0000244 secs]2018-03-17T00:22:57.665+0500: 1603.589: [Tenured: 306736K->34272K(349568K), 0.1764234 secs] 463984K->34272K(506816K), [Metaspace: 5350K->5350K(1056768K)], 0.1765448 secs] [Times: user=0.17 sys=0.00, real=0.18 secs] 
2018-03-17T00:22:57.871+0500: 1603.796: [GC (Allocation Failure) 2018-03-17T00:22:57.871+0500: 1603.796: [DefNew: 139776K->17472K(157248K), 0.2559272 secs] 174048K->174046K(506816K), 0.2559858 secs] [Times: user=0.25 sys=0.00, real=0.26 secs] 
2018-03-17T00:22:58.154+0500: 1604.077: [GC (Allocation Failure) 2018-03-17T00:22:58.154+0500: 1604.077: [DefNew: 157248K->17472K(157248K), 0.2538056 secs] 313822K->313821K(506816K), 0.2538984 secs] [Times: user=0.25 sys=0.00, real=0.25 secs] 
2018-03-17T00:22:58.434+0500: 1604.357: [GC (Allocation Failure) 2018-03-17T00:22:58.434+0500: 1604.357: [DefNew: 157248K->157248K(157248K), 0.0000299 secs]2018-03-17T00:22:58.434+0500: 1604.357: [Tenured: 296349K->23908K(349568K), 0.1576729 secs] 453597K->23908K(506816K), [Metaspace: 5350K->5350K(1056768K)], 0.1578016 secs] [Times: user=0.16 sys=0.00, real=0.16 secs] 
2018-03-17T00:22:58.620+0500: 1604.544: [GC (Allocation Failure) 2018-03-17T00:22:58.620+0500: 1604.544: [DefNew: 139776K->17472K(157248K), 0.2567581 secs] 163684K->163683K(506816K), 0.2568218 secs] [Times: user=0.25 sys=0.00, real=0.26 secs] 
2018-03-17T00:22:58.902+0500: 1604.827: [GC (Allocation Failure) 2018-03-17T00:22:58.903+0500: 1604.827: [DefNew: 157248K->17472K(157248K), 0.2568449 secs] 303459K->303458K(506816K), 0.2569249 secs] [Times: user=0.25 sys=0.00, real=0.26 secs] 
2018-03-17T00:22:59.185+0500: 1605.109: [GC (Allocation Failure) 2018-03-17T00:22:59.185+0500: 1605.109: [DefNew: 146063K->146063K(157248K), 0.0000167 secs]2018-03-17T00:22:59.185+0500: 1605.109: [Tenured: 285986K->715K(349568K), 0.1367273 secs] 432050K->715K(506816K), [Metaspace: 5350K->5350K(1056768K)], 0.1368111 secs] [Times: user=0.13 sys=0.00, real=0.14 secs] 
2018-03-17T00:22:59.347+0500: 1605.272: [GC (Allocation Failure) 2018-03-17T00:22:59.347+0500: 1605.272: [DefNew: 139776K->17472K(157248K), 0.2213745 secs] 140491K->140490K(506816K), 0.2214339 secs] [Times: user=0.23 sys=0.00, real=0.22 secs] 
2018-03-17T00:22:59.595+0500: 1605.519: [GC (Allocation Failure) 2018-03-17T00:22:59.595+0500: 1605.519: [DefNew: 157248K->17472K(157248K), 0.2567170 secs] 280266K->280229K(506816K), 0.2567838 secs] [Times: user=0.27 sys=0.00, real=0.26 secs] 
2018-03-17T00:22:59.880+0500: 1605.804: [GC (Allocation Failure) 2018-03-17T00:22:59.880+0500: 1605.804: [DefNew: 157248K->157248K(157248K), 0.0000167 secs]2018-03-17T00:22:59.880+0500: 1605.804: [Tenured: 262757K->205160K(349568K), 0.4808050 secs] 420005K->205160K(506816K), [Metaspace: 5350K->5350K(1056768K)], 0.4808952 secs] [Times: user=0.47 sys=0.00, real=0.48 secs] 
2018-03-17T00:23:00.386+0500: 1606.310: [GC (Allocation Failure) 2018-03-17T00:23:00.386+0500: 1606.310: [DefNew: 139776K->17472K(157248K), 0.2241666 secs] 344936K->344935K(506816K), 0.2242269 secs] [Times: user=0.22 sys=0.00, real=0.22 secs] 
2018-03-17T00:23:00.637+0500: 1606.561: [GC (Allocation Failure) 2018-03-17T00:23:00.637+0500: 1606.561: [DefNew: 157248K->157248K(157248K), 0.0000278 secs]2018-03-17T00:23:00.637+0500: 1606.561: [Tenured: 327463K->55022K(349568K), 0.2226857 secs] 484711K->55022K(506816K), [Metaspace: 5350K->5350K(1056768K)], 0.2228127 secs] [Times: user=0.22 sys=0.00, real=0.22 secs] 
2018-03-17T00:23:00.890+0500: 1606.813: [GC (Allocation Failure) 2018-03-17T00:23:00.890+0500: 1606.813: [DefNew: 139776K->17472K(157248K), 0.2569561 secs] 194798K->194797K(506816K), 0.2570177 secs] [Times: user=0.25 sys=0.00, real=0.26 secs] 
2018-03-17T00:23:01.172+0500: 1607.096: [GC (Allocation Failure) 2018-03-17T00:23:01.172+0500: 1607.096: [DefNew: 157248K->17471K(157248K), 0.2538013 secs] 334573K->334572K(506816K), 0.2538620 secs] [Times: user=0.25 sys=0.00, real=0.25 secs] 
2018-03-17T00:23:01.453+0500: 1607.377: [GC (Allocation Failure) 2018-03-17T00:23:01.453+0500: 1607.377: [DefNew: 157247K->157247K(157248K), 0.0000167 secs]2018-03-17T00:23:01.453+0500: 1607.377: [Tenured: 317100K->44659K(349568K), 0.2001227 secs] 474348K->44659K(506816K), [Metaspace: 5350K->5350K(1056768K)], 0.2002137 secs] [Times: user=0.20 sys=0.00, real=0.20 secs] 
2018-03-17T00:23:01.682+0500: 1607.606: [GC (Allocation Failure) 2018-03-17T00:23:01.682+0500: 1607.606: [DefNew: 139776K->17471K(157248K), 0.2590405 secs] 184435K->184434K(506816K), 0.2591038 secs] [Times: user=0.25 sys=0.00, real=0.26 secs] 
2018-03-17T00:23:01.967+0500: 1607.892: [GC (Allocation Failure) 2018-03-17T00:23:01.967+0500: 1607.892: [DefNew: 157247K->17472K(157248K), 0.2537470 secs] 324210K->324208K(506816K), 0.2538214 secs] [Times: user=0.25 sys=0.00, real=0.25 secs] 
2018-03-17T00:23:02.248+0500: 1608.172: [GC (Allocation Failure) 2018-03-17T00:23:02.248+0500: 1608.172: [DefNew: 157248K->157248K(157248K), 0.0000163 secs]2018-03-17T00:23:02.248+0500: 1608.172: [Tenured: 306736K->34272K(349568K), 0.1781571 secs] 463984K->34272K(506816K), [Metaspace: 5350K->5350K(1056768K)], 0.1782473 secs] [Times: user=0.17 sys=0.00, real=0.18 secs] 
2018-03-17T00:23:02.457+0500: 1608.381: [GC (Allocation Failure) 2018-03-17T00:23:02.458+0500: 1608.381: [DefNew: 139776K->17472K(157248K), 0.2586701 secs] 174048K->174046K(506816K), 0.2587591 secs] [Times: user=0.27 sys=0.00, real=0.26 secs] 
2018-03-17T00:23:02.742+0500: 1608.665: [GC (Allocation Failure) 2018-03-17T00:23:02.742+0500: 1608.665: [DefNew: 157248K->17472K(157248K), 0.2560670 secs] 313822K->313821K(506816K), 0.2561555 secs] [Times: user=0.25 sys=0.00, real=0.26 secs] 
2018-03-17T00:23:03.024+0500: 1608.948: [GC (Allocation Failure) 2018-03-17T00:23:03.024+0500: 1608.948: [DefNew: 157248K->157248K(157248K), 0.0000252 secs]2018-03-17T00:23:03.024+0500: 1608.948: [Tenured: 296349K->23908K(349568K), 0.1554743 secs] 453597K->23908K(506816K), [Metaspace: 5350K->5350K(1056768K)], 0.1555731 secs] [Times: user=0.16 sys=0.00, real=0.15 secs] 
2018-03-17T00:23:03.207+0500: 1609.131: [GC (Allocation Failure) 2018-03-17T00:23:03.207+0500: 1609.131: [DefNew: 139776K->17472K(157248K), 0.2621140 secs] 163684K->163683K(506816K), 0.2621778 secs] [Times: user=0.26 sys=0.00, real=0.26 secs] 
2018-03-17T00:23:03.495+0500: 1609.419: [GC (Allocation Failure) 2018-03-17T00:23:03.495+0500: 1609.419: [DefNew: 157248K->17472K(157248K), 0.2574471 secs] 303459K->303458K(506816K), 0.2575155 secs] [Times: user=0.25 sys=0.00, real=0.26 secs] 
2018-03-17T00:23:03.780+0500: 1609.703: [GC (Allocation Failure) 2018-03-17T00:23:03.780+0500: 1609.703: [DefNew: 146063K->146063K(157248K), 0.0000175 secs]2018-03-17T00:23:03.780+0500: 1609.703: [Tenured: 285986K->715K(349568K), 0.1367457 secs] 432050K->715K(506816K), [Metaspace: 5350K->5350K(1056768K)], 0.1368338 secs] [Times: user=0.14 sys=0.00, real=0.14 secs] 
2018-03-17T00:23:03.944+0500: 1609.868: [GC (Allocation Failure) 2018-03-17T00:23:03.944+0500: 1609.868: [DefNew: 139776K->17472K(157248K), 0.2245695 secs] 140491K->140490K(506816K), 0.2246362 secs] [Times: user=0.22 sys=0.00, real=0.22 secs] 
2018-03-17T00:23:04.194+0500: 1610.118: [GC (Allocation Failure) 2018-03-17T00:23:04.194+0500: 1610.118: [DefNew: 157248K->17472K(157248K), 0.2549714 secs] 280266K->280229K(506816K), 0.2550312 secs] [Times: user=0.25 sys=0.00, real=0.25 secs] 
2018-03-17T00:23:04.478+0500: 1610.402: [GC (Allocation Failure) 2018-03-17T00:23:04.478+0500: 1610.402: [DefNew: 157248K->157248K(157248K), 0.0000137 secs]2018-03-17T00:23:04.478+0500: 1610.402: [Tenured: 262757K->205160K(349568K), 0.4733766 secs] 420005K->205160K(506816K), [Metaspace: 5350K->5350K(1056768K)], 0.4734639 secs] [Times: user=0.47 sys=0.00, real=0.47 secs] 
2018-03-17T00:23:04.977+0500: 1610.902: [GC (Allocation Failure) 2018-03-17T00:23:04.977+0500: 1610.902: [DefNew: 139776K->17472K(157248K), 0.2258691 secs] 344936K->344935K(506816K), 0.2259290 secs] [Times: user=0.22 sys=0.00, real=0.23 secs] 
2018-03-17T00:23:05.230+0500: 1611.154: [GC (Allocation Failure) 2018-03-17T00:23:05.231+0500: 1611.154: [DefNew: 157248K->157248K(157248K), 0.0000368 secs]2018-03-17T00:23:05.231+0500: 1611.154: [Tenured: 327463K->55022K(349568K), 0.2246315 secs] 484711K->55022K(506816K), [Metaspace: 5350K->5350K(1056768K)], 0.2247666 secs] [Times: user=0.22 sys=0.00, real=0.22 secs] 
2018-03-17T00:23:05.484+0500: 1611.408: [GC (Allocation Failure) 2018-03-17T00:23:05.484+0500: 1611.408: [DefNew: 139776K->17472K(157248K), 0.2562150 secs] 194798K->194797K(506816K), 0.2562753 secs] [Times: user=0.25 sys=0.00, real=0.26 secs] 
2018-03-17T00:23:05.766+0500: 1611.690: [GC (Allocation Failure) 2018-03-17T00:23:05.766+0500: 1611.690: [DefNew: 157248K->17471K(157248K), 0.2594395 secs] 334573K->334572K(506816K), 0.2595135 secs] [Times: user=0.27 sys=0.00, real=0.26 secs] 
2018-03-17T00:23:06.051+0500: 1611.975: [GC (Allocation Failure) 2018-03-17T00:23:06.051+0500: 1611.975: [DefNew: 157247K->157247K(157248K), 0.0000163 secs]2018-03-17T00:23:06.051+0500: 1611.975: [Tenured: 317100K->44659K(349568K), 0.2159634 secs] 474348K->44659K(506816K), [Metaspace: 5350K->5350K(1056768K)], 0.2160532 secs] [Times: user=0.22 sys=0.00, real=0.22 secs] 
2018-03-17T00:23:06.296+0500: 1612.220: [GC (Allocation Failure) 2018-03-17T00:23:06.296+0500: 1612.220: [DefNew: 139776K->17471K(157248K), 0.2577588 secs] 184435K->184434K(506816K), 0.2578289 secs] [Times: user=0.26 sys=0.00, real=0.26 secs] 
2018-03-17T00:23:06.580+0500: 1612.504: [GC (Allocation Failure) 2018-03-17T00:23:06.580+0500: 1612.504: [DefNew: 157247K->17472K(157248K), 0.2526321 secs] 324210K->324208K(506816K), 0.2526920 secs] [Times: user=0.25 sys=0.00, real=0.25 secs] 
2018-03-17T00:23:06.859+0500: 1612.783: [GC (Allocation Failure) 2018-03-17T00:23:06.859+0500: 1612.783: [DefNew: 157248K->157248K(157248K), 0.0000163 secs]2018-03-17T00:23:06.859+0500: 1612.783: [Tenured: 306736K->34272K(349568K), 0.1775280 secs] 463984K->34272K(506816K), [Metaspace: 5350K->5350K(1056768K)], 0.1776178 secs] [Times: user=0.17 sys=0.00, real=0.18 secs] 
2018-03-17T00:23:07.068+0500: 1612.991: [GC (Allocation Failure) 2018-03-17T00:23:07.068+0500: 1612.991: [DefNew: 139776K->17472K(157248K), 0.2569369 secs] 174048K->174046K(506816K), 0.2570096 secs] [Times: user=0.27 sys=0.00, real=0.26 secs] 
2018-03-17T00:23:07.350+0500: 1613.274: [GC (Allocation Failure) 2018-03-17T00:23:07.350+0500: 1613.274: [DefNew: 157248K->17472K(157248K), 0.2570639 secs] 313822K->313821K(506816K), 0.2571391 secs] [Times: user=0.25 sys=0.00, real=0.26 secs] 
2018-03-17T00:23:07.633+0500: 1613.557: [GC (Allocation Failure) 2018-03-17T00:23:07.633+0500: 1613.557: [DefNew: 157248K->157248K(157248K), 0.0000158 secs]2018-03-17T00:23:07.633+0500: 1613.557: [Tenured: 296349K->23908K(349568K), 0.1551142 secs] 453597K->23908K(506816K), [Metaspace: 5350K->5350K(1056768K)], 0.1551976 secs] [Times: user=0.16 sys=0.00, real=0.16 secs] 
2018-03-17T00:23:07.817+0500: 1613.741: [GC (Allocation Failure) 2018-03-17T00:23:07.817+0500: 1613.741: [DefNew: 139776K->17472K(157248K), 0.2573324 secs] 163684K->163683K(506816K), 0.2573983 secs] [Times: user=0.27 sys=0.00, real=0.26 secs] 
2018-03-17T00:23:08.100+0500: 1614.024: [GC (Allocation Failure) 2018-03-17T00:23:08.100+0500: 1614.024: [DefNew: 157248K->17472K(157248K), 0.2549449 secs] 303459K->303458K(506816K), 0.2550073 secs] [Times: user=0.25 sys=0.00, real=0.26 secs] 
2018-03-17T00:23:08.381+0500: 1614.305: [GC (Allocation Failure) 2018-03-17T00:23:08.381+0500: 1614.305: [DefNew: 146063K->146063K(157248K), 0.0000163 secs]2018-03-17T00:23:08.381+0500: 1614.305: [Tenured: 285986K->715K(349568K), 0.1373042 secs] 432050K->715K(506816K), [Metaspace: 5350K->5350K(1056768K)], 0.1373901 secs] [Times: user=0.13 sys=0.00, real=0.14 secs] 
2018-03-17T00:23:08.544+0500: 1614.468: [GC (Allocation Failure) 2018-03-17T00:23:08.544+0500: 1614.468: [DefNew: 139776K->17472K(157248K), 0.2245177 secs] 140491K->140490K(506816K), 0.2245793 secs] [Times: user=0.22 sys=0.00, real=0.22 secs] 
2018-03-17T00:23:08.794+0500: 1614.718: [GC (Allocation Failure) 2018-03-17T00:23:08.794+0500: 1614.718: [DefNew: 157248K->17472K(157248K), 0.2585654 secs] 280266K->280229K(506816K), 0.2586252 secs] [Times: user=0.25 sys=0.00, real=0.26 secs] 
2018-03-17T00:23:09.083+0500: 1615.007: [GC (Allocation Failure) 2018-03-17T00:23:09.083+0500: 1615.007: [DefNew: 157248K->157248K(157248K), 0.0000141 secs]2018-03-17T00:23:09.083+0500: 1615.007: [Tenured: 262757K->205160K(349568K), 0.4730807 secs] 420005K->205160K(506816K), [Metaspace: 5350K->5350K(1056768K)], 0.4731667 secs] [Times: user=0.48 sys=0.00, real=0.47 secs] 
2018-03-17T00:23:09.582+0500: 1615.506: [GC (Allocation Failure) 2018-03-17T00:23:09.582+0500: 1615.506: [DefNew: 139776K->17472K(157248K), 0.2255993 secs] 344936K->344935K(506816K), 0.2256608 secs] [Times: user=0.23 sys=0.00, real=0.23 secs] 
2018-03-17T00:23:09.834+0500: 1615.758: [GC (Allocation Failure) 2018-03-17T00:23:09.834+0500: 1615.758: [DefNew: 157248K->157248K(157248K), 0.0000158 secs]2018-03-17T00:23:09.834+0500: 1615.758: [Tenured: 327463K->55022K(349568K), 0.2237997 secs] 484711K->55022K(506816K), [Metaspace: 5350K->5350K(1056768K)], 0.2238989 secs] [Times: user=0.22 sys=0.00, real=0.22 secs] 
2018-03-17T00:23:10.087+0500: 1616.011: [GC (Allocation Failure) 2018-03-17T00:23:10.088+0500: 1616.012: [DefNew: 139776K->17472K(157248K), 0.2553883 secs] 194798K->194797K(506816K), 0.2554730 secs] [Times: user=0.25 sys=0.00, real=0.26 secs] 
2018-03-17T00:23:10.368+0500: 1616.293: [GC (Allocation Failure) 2018-03-17T00:23:10.368+0500: 1616.293: [DefNew: 157248K->17471K(157248K), 0.2554559 secs] 334573K->334572K(506816K), 0.2555162 secs] [Times: user=0.25 sys=0.00, real=0.26 secs] 
2018-03-17T00:23:10.649+0500: 1616.574: [GC (Allocation Failure) 2018-03-17T00:23:10.649+0500: 1616.574: [DefNew: 157247K->157247K(157248K), 0.0000158 secs]2018-03-17T00:23:10.649+0500: 1616.574: [Tenured: 317100K->44659K(349568K), 0.1991835 secs] 474348K->44659K(506816K), [Metaspace: 5350K->5350K(1056768K)], 0.1992934 secs] [Times: user=0.19 sys=0.01, real=0.20 secs] 
2018-03-17T00:23:10.879+0500: 1616.803: [GC (Allocation Failure) 2018-03-17T00:23:10.879+0500: 1616.803: [DefNew: 139776K->17471K(157248K), 0.2577567 secs] 184435K->184434K(506816K), 0.2578315 secs] [Times: user=0.27 sys=0.00, real=0.26 secs] 
2018-03-17T00:23:11.162+0500: 1617.086: [GC (Allocation Failure) 2018-03-17T00:23:11.162+0500: 1617.086: [DefNew: 157247K->17472K(157248K), 0.2535118 secs] 324210K->324208K(506816K), 0.2535806 secs] [Times: user=0.27 sys=0.00, real=0.25 secs] 
2018-03-17T00:23:11.442+0500: 1617.366: [GC (Allocation Failure) 2018-03-17T00:23:11.442+0500: 1617.366: [DefNew: 157248K->157248K(157248K), 0.0000133 secs]2018-03-17T00:23:11.442+0500: 1617.366: [Tenured: 306736K->34272K(349568K), 0.1777435 secs] 463984K->34272K(506816K), [Metaspace: 5350K->5350K(1056768K)], 0.1778291 secs] [Times: user=0.19 sys=0.00, real=0.18 secs] 
2018-03-17T00:23:11.649+0500: 1617.573: [GC (Allocation Failure) 2018-03-17T00:23:11.649+0500: 1617.573: [DefNew: 139776K->17472K(157248K), 0.2582523 secs] 174048K->174046K(506816K), 0.2583297 secs] [Times: user=0.25 sys=0.00, real=0.26 secs] 
2018-03-17T00:23:11.933+0500: 1617.858: [GC (Allocation Failure) 2018-03-17T00:23:11.933+0500: 1617.858: [DefNew: 157248K->17472K(157248K), 0.2553524 secs] 313822K->313821K(506816K), 0.2554268 secs] [Times: user=0.25 sys=0.00, real=0.26 secs] 
2018-03-17T00:23:12.215+0500: 1618.139: [GC (Allocation Failure) 2018-03-17T00:23:12.215+0500: 1618.139: [DefNew: 157248K->157248K(157248K), 0.0000163 secs]2018-03-17T00:23:12.215+0500: 1618.139: [Tenured: 296349K->23908K(349568K), 0.1551882 secs] 453597K->23908K(506816K), [Metaspace: 5350K->5350K(1056768K)], 0.1552892 secs] [Times: user=0.16 sys=0.00, real=0.16 secs] 
2018-03-17T00:23:12.399+0500: 1618.323: [GC (Allocation Failure) 2018-03-17T00:23:12.399+0500: 1618.323: [DefNew: 139776K->17472K(157248K), 0.2586338 secs] 163684K->163683K(506816K), 0.2586937 secs] [Times: user=0.25 sys=0.00, real=0.26 secs] 
2018-03-17T00:23:12.683+0500: 1618.607: [GC (Allocation Failure) 2018-03-17T00:23:12.683+0500: 1618.607: [DefNew: 157248K->17472K(157248K), 0.2546515 secs] 303459K->303458K(506816K), 0.2547135 secs] [Times: user=0.25 sys=0.00, real=0.25 secs] 
2018-03-17T00:23:12.964+0500: 1618.888: [GC (Allocation Failure) 2018-03-17T00:23:12.964+0500: 1618.888: [DefNew: 146063K->146063K(157248K), 0.0000167 secs]2018-03-17T00:23:12.964+0500: 1618.888: [Tenured: 285986K->715K(349568K), 0.1375065 secs] 432050K->715K(506816K), [Metaspace: 5350K->5350K(1056768K)], 0.1375933 secs] [Times: user=0.14 sys=0.00, real=0.14 secs] 
2018-03-17T00:23:13.127+0500: 1619.051: [GC (Allocation Failure) 2018-03-17T00:23:13.127+0500: 1619.051: [DefNew: 139776K->17472K(157248K), 0.2234212 secs] 140491K->140490K(506816K), 0.2234824 secs] [Times: user=0.23 sys=0.00, real=0.22 secs] 
2018-03-17T00:23:13.376+0500: 1619.301: [GC (Allocation Failure) 2018-03-17T00:23:13.376+0500: 1619.301: [DefNew: 157248K->17472K(157248K), 0.2608165 secs] 280266K->280229K(506816K), 0.2608807 secs] [Times: user=0.27 sys=0.00, real=0.26 secs] 
2018-03-17T00:23:13.667+0500: 1619.590: [GC (Allocation Failure) 2018-03-17T00:23:13.667+0500: 1619.590: [DefNew: 157248K->157248K(157248K), 0.0000171 secs]2018-03-17T00:23:13.667+0500: 1619.590: [Tenured: 262757K->205160K(349568K), 0.4762201 secs] 420005K->205160K(506816K), [Metaspace: 5350K->5350K(1056768K)], 0.4763116 secs] [Times: user=0.47 sys=0.00, real=0.48 secs] 
2018-03-17T00:23:14.169+0500: 1620.092: [GC (Allocation Failure) 2018-03-17T00:23:14.169+0500: 1620.092: [DefNew: 139776K->17472K(157248K), 0.2303616 secs] 344936K->344935K(506816K), 0.2304236 secs] [Times: user=0.22 sys=0.00, real=0.23 secs] 
2018-03-17T00:23:14.426+0500: 1620.350: [GC (Allocation Failure) 2018-03-17T00:23:14.426+0500: 1620.350: [DefNew: 157248K->157248K(157248K), 0.0000171 secs]2018-03-17T00:23:14.426+0500: 1620.350: [Tenured: 327463K->55022K(349568K), 0.2294186 secs] 484711K->55022K(506816K), [Metaspace: 5350K->5350K(1056768K)], 0.2295131 secs] [Times: user=0.22 sys=0.00, real=0.23 secs] 
2018-03-17T00:23:14.685+0500: 1620.609: [GC (Allocation Failure) 2018-03-17T00:23:14.685+0500: 1620.609: [DefNew: 139776K->17472K(157248K), 0.2573919 secs] 194798K->194797K(506816K), 0.2574565 secs] [Times: user=0.25 sys=0.00, real=0.26 secs] 
2018-03-17T00:23:14.970+0500: 1620.894: [GC (Allocation Failure) 2018-03-17T00:23:14.970+0500: 1620.894: [DefNew: 157248K->17471K(157248K), 0.2521232 secs] 334573K->334572K(506816K), 0.2521899 secs] [Times: user=0.25 sys=0.00, real=0.25 secs] 
2018-03-17T00:23:15.249+0500: 1621.172: [GC (Allocation Failure) 2018-03-17T00:23:15.249+0500: 1621.172: [DefNew: 157247K->157247K(157248K), 0.0000218 secs]2018-03-17T00:23:15.249+0500: 1621.172: [Tenured: 317100K->44659K(349568K), 0.2022947 secs] 474348K->44659K(506816K), [Metaspace: 5350K->5350K(1056768K)], 0.2024085 secs] [Times: user=0.20 sys=0.00, real=0.20 secs] 
2018-03-17T00:23:15.481+0500: 1621.404: [GC (Allocation Failure) 2018-03-17T00:23:15.481+0500: 1621.404: [DefNew: 139776K->17471K(157248K), 0.2556475 secs] 184435K->184434K(506816K), 0.2557069 secs] [Times: user=0.25 sys=0.00, real=0.26 secs] 
2018-03-17T00:23:15.761+0500: 1621.685: [GC (Allocation Failure) 2018-03-17T00:23:15.762+0500: 1621.686: [DefNew: 157247K->17472K(157248K), 0.2534549 secs] 324210K->324208K(506816K), 0.2535289 secs] [Times: user=0.25 sys=0.00, real=0.25 secs] 
2018-03-17T00:23:16.041+0500: 1621.965: [GC (Allocation Failure) 2018-03-17T00:23:16.041+0500: 1621.965: [DefNew: 157248K->157248K(157248K), 0.0000167 secs]2018-03-17T00:23:16.041+0500: 1621.965: [Tenured: 306736K->34272K(349568K), 0.1774331 secs] 463984K->34272K(506816K), [Metaspace: 5350K->5350K(1056768K)], 0.1775242 secs] [Times: user=0.17 sys=0.00, real=0.18 secs] 
2018-03-17T00:23:16.248+0500: 1622.172: [GC (Allocation Failure) 2018-03-17T00:23:16.248+0500: 1622.172: [DefNew: 139776K->17472K(157248K), 0.2573419 secs] 174048K->174046K(506816K), 0.2574180 secs] [Times: user=0.25 sys=0.00, real=0.26 secs] 
2018-03-17T00:23:16.531+0500: 1622.455: [GC (Allocation Failure) 2018-03-17T00:23:16.531+0500: 1622.455: [DefNew: 157248K->17472K(157248K), 0.2529323 secs] 313822K->313821K(506816K), 0.2529952 secs] [Times: user=0.25 sys=0.00, real=0.25 secs] 
2018-03-17T00:23:16.813+0500: 1622.737: [GC (Allocation Failure) 2018-03-17T00:23:16.813+0500: 1622.737: [DefNew: 157248K->157248K(157248K), 0.0000154 secs]2018-03-17T00:23:16.813+0500: 1622.737: [Tenured: 296349K->23908K(349568K), 0.1558468 secs] 453597K->23908K(506816K), [Metaspace: 5350K->5350K(1056768K)], 0.1559405 secs] [Times: user=0.16 sys=0.00, real=0.16 secs] 
2018-03-17T00:23:16.997+0500: 1622.921: [GC (Allocation Failure) 2018-03-17T00:23:16.997+0500: 1622.921: [DefNew: 139776K->17472K(157248K), 0.2646415 secs] 163684K->163683K(506816K), 0.2647184 secs] [Times: user=0.25 sys=0.00, real=0.27 secs] 
2018-03-17T00:23:17.287+0500: 1623.211: [GC (Allocation Failure) 2018-03-17T00:23:17.287+0500: 1623.211: [DefNew: 157248K->17472K(157248K), 0.2578644 secs] 303459K->303458K(506816K), 0.2579260 secs] [Times: user=0.25 sys=0.00, real=0.26 secs] 
2018-03-17T00:23:17.571+0500: 1623.495: [GC (Allocation Failure) 2018-03-17T00:23:17.571+0500: 1623.495: [DefNew: 146063K->146063K(157248K), 0.0000150 secs]2018-03-17T00:23:17.571+0500: 1623.495: [Tenured: 285986K->715K(349568K), 0.1376044 secs] 432050K->715K(506816K), [Metaspace: 5350K->5350K(1056768K)], 0.1376895 secs] [Times: user=0.14 sys=0.00, real=0.14 secs] 
2018-03-17T00:23:17.735+0500: 1623.659: [GC (Allocation Failure) 2018-03-17T00:23:17.735+0500: 1623.659: [DefNew: 139776K->17472K(157248K), 0.2237030 secs] 140491K->140490K(506816K), 0.2237638 secs] [Times: user=0.22 sys=0.00, real=0.22 secs] 
2018-03-17T00:23:17.985+0500: 1623.909: [GC (Allocation Failure) 2018-03-17T00:23:17.985+0500: 1623.909: [DefNew: 157248K->17472K(157248K), 0.2571639 secs] 280266K->280229K(506816K), 0.2572272 secs] [Times: user=0.26 sys=0.00, real=0.26 secs] 
2018-03-17T00:23:18.271+0500: 1624.194: [GC (Allocation Failure) 2018-03-17T00:23:18.271+0500: 1624.194: [DefNew: 157248K->157248K(157248K), 0.0000171 secs]2018-03-17T00:23:18.271+0500: 1624.194: [Tenured: 262757K->205160K(349568K), 0.4716665 secs] 420005K->205160K(506816K), [Metaspace: 5350K->5350K(1056768K)], 0.4717699 secs] [Times: user=0.48 sys=0.00, real=0.47 secs] 
2018-03-17T00:23:18.768+0500: 1624.692: [GC (Allocation Failure) 2018-03-17T00:23:18.768+0500: 1624.692: [DefNew: 139776K->17472K(157248K), 0.2269049 secs] 344936K->344935K(506816K), 0.2269913 secs] [Times: user=0.23 sys=0.00, real=0.23 secs] 
2018-03-17T00:23:19.021+0500: 1624.945: [GC (Allocation Failure) 2018-03-17T00:23:19.021+0500: 1624.945: [DefNew: 157248K->157248K(157248K), 0.0000158 secs]2018-03-17T00:23:19.021+0500: 1624.945: [Tenured: 327463K->55022K(349568K), 0.2202006 secs] 484711K->55022K(506816K), [Metaspace: 5350K->5350K(1056768K)], 0.2202912 secs] [Times: user=0.22 sys=0.00, real=0.22 secs] 
2018-03-17T00:23:19.271+0500: 1625.194: [GC (Allocation Failure) 2018-03-17T00:23:19.271+0500: 1625.195: [DefNew: 139776K->17472K(157248K), 0.2567979 secs] 194798K->194797K(506816K), 0.2568612 secs] [Times: user=0.26 sys=0.00, real=0.26 secs] 
2018-03-17T00:23:19.553+0500: 1625.477: [GC (Allocation Failure) 2018-03-17T00:23:19.554+0500: 1625.477: [DefNew: 157248K->17471K(157248K), 0.2516280 secs] 334573K->334572K(506816K), 0.2517045 secs] [Times: user=0.25 sys=0.00, real=0.25 secs] 
2018-03-17T00:23:19.831+0500: 1625.755: [GC (Allocation Failure) 2018-03-17T00:23:19.831+0500: 1625.755: [DefNew: 157247K->157247K(157248K), 0.0000154 secs]2018-03-17T00:23:19.831+0500: 1625.755: [Tenured: 317100K->44659K(349568K), 0.1992353 secs] 474348K->44659K(506816K), [Metaspace: 5350K->5350K(1056768K)], 0.1993238 secs] [Times: user=0.20 sys=0.00, real=0.20 secs] 
2018-03-17T00:23:20.060+0500: 1625.984: [GC (Allocation Failure) 2018-03-17T00:23:20.060+0500: 1625.984: [DefNew: 139776K->17471K(157248K), 0.2566118 secs] 184435K->184434K(506816K), 0.2566726 secs] [Times: user=0.25 sys=0.00, real=0.26 secs] 
2018-03-17T00:23:20.343+0500: 1626.267: [GC (Allocation Failure) 2018-03-17T00:23:20.343+0500: 1626.267: [DefNew: 157247K->17472K(157248K), 0.2535028 secs] 324210K->324208K(506816K), 0.2535682 secs] [Times: user=0.25 sys=0.00, real=0.25 secs] 
2018-03-17T00:23:20.623+0500: 1626.547: [GC (Allocation Failure) 2018-03-17T00:23:20.623+0500: 1626.547: [DefNew: 157248K->157248K(157248K), 0.0000171 secs]2018-03-17T00:23:20.623+0500: 1626.547: [Tenured: 306736K->34272K(349568K), 0.1771021 secs] 463984K->34272K(506816K), [Metaspace: 5350K->5350K(1056768K)], 0.1771936 secs] [Times: user=0.17 sys=0.00, real=0.18 secs] 
2018-03-17T00:23:20.831+0500: 1626.754: [GC (Allocation Failure) 2018-03-17T00:23:20.831+0500: 1626.754: [DefNew: 139776K->17472K(157248K), 0.2569890 secs] 174048K->174046K(506816K), 0.2570570 secs] [Times: user=0.27 sys=0.00, real=0.26 secs] 
2018-03-17T00:23:21.114+0500: 1627.037: [GC (Allocation Failure) 2018-03-17T00:23:21.114+0500: 1627.037: [DefNew: 157248K->17472K(157248K), 0.2530521 secs] 313822K->313821K(506816K), 0.2531226 secs] [Times: user=0.26 sys=0.00, real=0.25 secs] 
2018-03-17T00:23:21.392+0500: 1627.316: [GC (Allocation Failure) 2018-03-17T00:23:21.392+0500: 1627.316: [DefNew: 157248K->157248K(157248K), 0.0000163 secs]2018-03-17T00:23:21.392+0500: 1627.316: [Tenured: 296349K->23908K(349568K), 0.1558939 secs] 453597K->23908K(506816K), [Metaspace: 5350K->5350K(1056768K)], 0.1559841 secs] [Times: user=0.16 sys=0.00, real=0.16 secs] 
2018-03-17T00:23:21.576+0500: 1627.501: [GC (Allocation Failure) 2018-03-17T00:23:21.577+0500: 1627.501: [DefNew: 139776K->17472K(157248K), 0.2627187 secs] 163684K->163683K(506816K), 0.2627961 secs] [Times: user=0.27 sys=0.00, real=0.26 secs] 
2018-03-17T00:23:21.865+0500: 1627.789: [GC (Allocation Failure) 2018-03-17T00:23:21.865+0500: 1627.789: [DefNew: 157248K->17472K(157248K), 0.2556676 secs] 303459K->303458K(506816K), 0.2557322 secs] [Times: user=0.25 sys=0.00, real=0.26 secs] 
2018-03-17T00:23:22.148+0500: 1628.071: [GC (Allocation Failure) 2018-03-17T00:23:22.148+0500: 1628.071: [DefNew: 146063K->146063K(157248K), 0.0000175 secs]2018-03-17T00:23:22.148+0500: 1628.071: [Tenured: 285986K->715K(349568K), 0.1366050 secs] 432050K->715K(506816K), [Metaspace: 5350K->5350K(1056768K)], 0.1366935 secs] [Times: user=0.13 sys=0.00, real=0.14 secs] 
2018-03-17T00:23:22.310+0500: 1628.234: [GC (Allocation Failure) 2018-03-17T00:23:22.310+0500: 1628.234: [DefNew: 139776K->17472K(157248K), 0.2262005 secs] 140491K->140490K(506816K), 0.2262685 secs] [Times: user=0.22 sys=0.00, real=0.23 secs] 
2018-03-17T00:23:22.563+0500: 1628.486: [GC (Allocation Failure) 2018-03-17T00:23:22.563+0500: 1628.486: [DefNew: 157248K->17472K(157248K), 0.2584768 secs] 280266K->280229K(506816K), 0.2585495 secs] [Times: user=0.27 sys=0.00, real=0.26 secs] 
2018-03-17T00:23:22.850+0500: 1628.774: [GC (Allocation Failure) 2018-03-17T00:23:22.850+0500: 1628.774: [DefNew: 157248K->157248K(157248K), 0.0000440 secs]2018-03-17T00:23:22.850+0500: 1628.774: [Tenured: 262757K->205160K(349568K), 0.4733937 secs] 420005K->205160K(506816K), [Metaspace: 5350K->5350K(1056768K)], 0.4735238 secs] [Times: user=0.47 sys=0.00, real=0.47 secs] 
2018-03-17T00:23:23.348+0500: 1629.273: [GC (Allocation Failure) 2018-03-17T00:23:23.348+0500: 1629.273: [DefNew: 139776K->17472K(157248K), 0.2275271 secs] 344936K->344935K(506816K), 0.2275981 secs] [Times: user=0.23 sys=0.00, real=0.23 secs] 
2018-03-17T00:23:23.603+0500: 1629.526: [GC (Allocation Failure) 2018-03-17T00:23:23.603+0500: 1629.527: [DefNew: 157248K->157248K(157248K), 0.0000154 secs]2018-03-17T00:23:23.603+0500: 1629.527: [Tenured: 327463K->55022K(349568K), 0.2248295 secs] 484711K->55022K(506816K), [Metaspace: 5350K->5350K(1056768K)], 0.2249300 secs] [Times: user=0.22 sys=0.00, real=0.23 secs] 
2018-03-17T00:23:23.856+0500: 1629.780: [GC (Allocation Failure) 2018-03-17T00:23:23.857+0500: 1629.780: [DefNew: 139776K->17472K(157248K), 0.2568663 secs] 194798K->194797K(506816K), 0.2569484 secs] [Times: user=0.25 sys=0.00, real=0.26 secs] 
2018-03-17T00:23:24.139+0500: 1630.063: [GC (Allocation Failure) 2018-03-17T00:23:24.139+0500: 1630.063: [DefNew: 157248K->17471K(157248K), 0.2518298 secs] 334573K->334572K(506816K), 0.2518923 secs] [Times: user=0.25 sys=0.00, real=0.25 secs] 
2018-03-17T00:23:24.418+0500: 1630.342: [GC (Allocation Failure) 2018-03-17T00:23:24.418+0500: 1630.342: [DefNew: 157247K->157247K(157248K), 0.0000167 secs]2018-03-17T00:23:24.418+0500: 1630.342: [Tenured: 317100K->44659K(349568K), 0.2029841 secs] 474348K->44659K(506816K), [Metaspace: 5350K->5350K(1056768K)], 0.2030760 secs] [Times: user=0.20 sys=0.00, real=0.20 secs] 
2018-03-17T00:23:24.650+0500: 1630.574: [GC (Allocation Failure) 2018-03-17T00:23:24.650+0500: 1630.574: [DefNew: 139776K->17471K(157248K), 0.2572978 secs] 184435K->184434K(506816K), 0.2573572 secs] [Times: user=0.25 sys=0.00, real=0.26 secs] 
2018-03-17T00:23:24.934+0500: 1630.858: [GC (Allocation Failure) 2018-03-17T00:23:24.934+0500: 1630.858: [DefNew: 157247K->17472K(157248K), 0.2526193 secs] 324210K->324208K(506816K), 0.2526800 secs] [Times: user=0.25 sys=0.00, real=0.25 secs] 
2018-03-17T00:23:25.213+0500: 1631.136: [GC (Allocation Failure) 2018-03-17T00:23:25.213+0500: 1631.136: [DefNew: 157248K->157248K(157248K), 0.0000141 secs]2018-03-17T00:23:25.213+0500: 1631.136: [Tenured: 306736K->34272K(349568K), 0.1780472 secs] 463984K->34272K(506816K), [Metaspace: 5350K->5350K(1056768K)], 0.1781336 secs] [Times: user=0.17 sys=0.00, real=0.18 secs] 
2018-03-17T00:23:25.421+0500: 1631.345: [GC (Allocation Failure) 2018-03-17T00:23:25.421+0500: 1631.345: [DefNew: 139776K->17472K(157248K), 0.2560580 secs] 174048K->174046K(506816K), 0.2561192 secs] [Times: user=0.25 sys=0.00, real=0.26 secs] 
2018-03-17T00:23:25.702+0500: 1631.626: [GC (Allocation Failure) 2018-03-17T00:23:25.702+0500: 1631.626: [DefNew: 157248K->17472K(157248K), 0.2528913 secs] 313822K->313821K(506816K), 0.2529520 secs] [Times: user=0.25 sys=0.00, real=0.25 secs] 
2018-03-17T00:23:25.981+0500: 1631.905: [GC (Allocation Failure) 2018-03-17T00:23:25.981+0500: 1631.906: [DefNew: 157248K->157248K(157248K), 0.0000133 secs]2018-03-17T00:23:25.981+0500: 1631.906: [Tenured: 296349K->23908K(349568K), 0.1546712 secs] 453597K->23908K(506816K), [Metaspace: 5350K->5350K(1056768K)], 0.1547546 secs] [Times: user=0.16 sys=0.00, real=0.15 secs] 
2018-03-17T00:23:26.164+0500: 1632.088: [GC (Allocation Failure) 2018-03-17T00:23:26.164+0500: 1632.088: [DefNew: 139776K->17472K(157248K), 0.2582476 secs] 163684K->163683K(506816K), 0.2583169 secs] [Times: user=0.25 sys=0.00, real=0.26 secs] 
2018-03-17T00:23:26.449+0500: 1632.373: [GC (Allocation Failure) 2018-03-17T00:23:26.449+0500: 1632.373: [DefNew: 157248K->17472K(157248K), 0.2585491 secs] 303459K->303458K(506816K), 0.2586107 secs] [Times: user=0.25 sys=0.00, real=0.26 secs] 
2018-03-17T00:23:26.734+0500: 1632.658: [GC (Allocation Failure) 2018-03-17T00:23:26.734+0500: 1632.658: [DefNew: 146063K->146063K(157248K), 0.0000158 secs]2018-03-17T00:23:26.734+0500: 1632.658: [Tenured: 285986K->715K(349568K), 0.1368273 secs] 432050K->715K(506816K), [Metaspace: 5350K->5350K(1056768K)], 0.1369398 secs] [Times: user=0.14 sys=0.00, real=0.14 secs] 
2018-03-17T00:23:26.896+0500: 1632.820: [GC (Allocation Failure) 2018-03-17T00:23:26.896+0500: 1632.820: [DefNew: 139776K->17472K(157248K), 0.2265538 secs] 140491K->140490K(506816K), 0.2266175 secs] [Times: user=0.24 sys=0.00, real=0.23 secs] 
2018-03-17T00:23:27.148+0500: 1633.072: [GC (Allocation Failure) 2018-03-17T00:23:27.148+0500: 1633.072: [DefNew: 157248K->17472K(157248K), 0.2590230 secs] 280266K->280229K(506816K), 0.2590845 secs] [Times: user=0.25 sys=0.00, real=0.26 secs] 
2018-03-17T00:23:27.436+0500: 1633.360: [GC (Allocation Failure) 2018-03-17T00:23:27.436+0500: 1633.360: [DefNew: 157248K->157248K(157248K), 0.0000158 secs]2018-03-17T00:23:27.436+0500: 1633.360: [Tenured: 262757K->205160K(349568K), 0.4735845 secs] 420005K->205160K(506816K), [Metaspace: 5350K->5350K(1056768K)], 0.4736756 secs] [Times: user=0.47 sys=0.00, real=0.47 secs] 
2018-03-17T00:23:27.937+0500: 1633.860: [GC (Allocation Failure) 2018-03-17T00:23:27.937+0500: 1633.860: [DefNew: 139776K->17472K(157248K), 0.2271166 secs] 344936K->344935K(506816K), 0.2271794 secs] [Times: user=0.23 sys=0.00, real=0.23 secs] 
2018-03-17T00:23:28.190+0500: 1634.114: [GC (Allocation Failure) 2018-03-17T00:23:28.190+0500: 1634.114: [DefNew: 157248K->157248K(157248K), 0.0000274 secs]2018-03-17T00:23:28.190+0500: 1634.114: [Tenured: 327463K->55022K(349568K), 0.2214827 secs] 484711K->55022K(506816K), [Metaspace: 5350K->5350K(1056768K)], 0.2216058 secs] [Times: user=0.23 sys=0.00, real=0.22 secs] 
2018-03-17T00:23:28.441+0500: 1634.365: [GC (Allocation Failure) 2018-03-17T00:23:28.441+0500: 1634.365: [DefNew: 139776K->17472K(157248K), 0.2556950 secs] 194798K->194797K(506816K), 0.2557754 secs] [Times: user=0.27 sys=0.00, real=0.26 secs] 
2018-03-17T00:23:28.722+0500: 1634.647: [GC (Allocation Failure) 2018-03-17T00:23:28.722+0500: 1634.647: [DefNew: 157248K->17471K(157248K), 0.2518161 secs] 334573K->334572K(506816K), 0.2518781 secs] [Times: user=0.25 sys=0.00, real=0.25 secs] 
2018-03-17T00:23:29.000+0500: 1634.925: [GC (Allocation Failure) 2018-03-17T00:23:29.000+0500: 1634.925: [DefNew: 157247K->157247K(157248K), 0.0000167 secs]2018-03-17T00:23:29.000+0500: 1634.925: [Tenured: 317100K->44659K(349568K), 0.2011045 secs] 474348K->44659K(506816K), [Metaspace: 5350K->5350K(1056768K)], 0.2012059 secs] [Times: user=0.20 sys=0.00, real=0.20 secs] 
2018-03-17T00:23:29.232+0500: 1635.155: [GC (Allocation Failure) 2018-03-17T00:23:29.232+0500: 1635.155: [DefNew: 139776K->17471K(157248K), 0.2593343 secs] 184435K->184434K(506816K), 0.2593954 secs] [Times: user=0.27 sys=0.00, real=0.26 secs] 
2018-03-17T00:23:29.516+0500: 1635.440: [GC (Allocation Failure) 2018-03-17T00:23:29.516+0500: 1635.440: [DefNew: 157247K->17472K(157248K), 0.2512858 secs] 324210K->324208K(506816K), 0.2513487 secs] [Times: user=0.25 sys=0.00, real=0.25 secs] 
2018-03-17T00:23:29.794+0500: 1635.718: [GC (Allocation Failure) 2018-03-17T00:23:29.794+0500: 1635.718: [DefNew: 157248K->157248K(157248K), 0.0000158 secs]2018-03-17T00:23:29.794+0500: 1635.718: [Tenured: 306736K->34272K(349568K), 0.1782871 secs] 463984K->34272K(506816K), [Metaspace: 5350K->5350K(1056768K)], 0.1783782 secs] [Times: user=0.17 sys=0.00, real=0.18 secs] 
2018-03-17T00:23:30.001+0500: 1635.925: [GC (Allocation Failure) 2018-03-17T00:23:30.001+0500: 1635.925: [DefNew: 139776K->17472K(157248K), 0.2556176 secs] 174048K->174046K(506816K), 0.2556796 secs] [Times: user=0.26 sys=0.00, real=0.26 secs] 
2018-03-17T00:23:30.282+0500: 1636.207: [GC (Allocation Failure) 2018-03-17T00:23:30.282+0500: 1636.207: [DefNew: 157248K->17472K(157248K), 0.2545698 secs] 313822K->313821K(506816K), 0.2546378 secs] [Times: user=0.25 sys=0.00, real=0.26 secs] 
2018-03-17T00:23:30.564+0500: 1636.487: [GC (Allocation Failure) 2018-03-17T00:23:30.564+0500: 1636.487: [DefNew: 157248K->157248K(157248K), 0.0000163 secs]2018-03-17T00:23:30.564+0500: 1636.487: [Tenured: 296349K->23908K(349568K), 0.1555842 secs] 453597K->23908K(506816K), [Metaspace: 5350K->5350K(1056768K)], 0.1556728 secs] [Times: user=0.16 sys=0.00, real=0.16 secs] 
2018-03-17T00:23:30.747+0500: 1636.671: [GC (Allocation Failure) 2018-03-17T00:23:30.747+0500: 1636.671: [DefNew: 139776K->17472K(157248K), 0.2581082 secs] 163684K->163683K(506816K), 0.2581715 secs] [Times: user=0.25 sys=0.00, real=0.26 secs] 
2018-03-17T00:23:31.031+0500: 1636.955: [GC (Allocation Failure) 2018-03-17T00:23:31.031+0500: 1636.955: [DefNew: 157248K->17472K(157248K), 0.2560277 secs] 303459K->303458K(506816K), 0.2560905 secs] [Times: user=0.26 sys=0.00, real=0.26 secs] 
2018-03-17T00:23:31.313+0500: 1637.237: [GC (Allocation Failure) 2018-03-17T00:23:31.313+0500: 1637.237: [DefNew: 146063K->146063K(157248K), 0.0000171 secs]2018-03-17T00:23:31.313+0500: 1637.237: [Tenured: 285986K->715K(349568K), 0.1370651 secs] 432050K->715K(506816K), [Metaspace: 5350K->5350K(1056768K)], 0.1371507 secs] [Times: user=0.14 sys=0.00, real=0.14 secs] 
2018-03-17T00:23:31.476+0500: 1637.400: [GC (Allocation Failure) 2018-03-17T00:23:31.476+0500: 1637.400: [DefNew: 139776K->17472K(157248K), 0.2251241 secs] 140491K->140490K(506816K), 0.2251887 secs] [Times: user=0.22 sys=0.00, real=0.22 secs] 
2018-03-17T00:23:31.728+0500: 1637.652: [GC (Allocation Failure) 2018-03-17T00:23:31.728+0500: 1637.652: [DefNew: 157248K->17472K(157248K), 0.2593788 secs] 280266K->280229K(506816K), 0.2594433 secs] [Times: user=0.25 sys=0.00, real=0.26 secs] 
2018-03-17T00:23:32.017+0500: 1637.941: [GC (Allocation Failure) 2018-03-17T00:23:32.017+0500: 1637.941: [DefNew: 157248K->157248K(157248K), 0.0000163 secs]2018-03-17T00:23:32.017+0500: 1637.941: [Tenured: 262757K->205160K(349568K), 0.4744714 secs] 420005K->205160K(506816K), [Metaspace: 5350K->5350K(1056768K)], 0.4745604 secs] [Times: user=0.48 sys=0.00, real=0.47 secs] 
2018-03-17T00:23:32.517+0500: 1638.441: [GC (Allocation Failure) 2018-03-17T00:23:32.517+0500: 1638.441: [DefNew: 139776K->17472K(157248K), 0.2266846 secs] 344936K->344935K(506816K), 0.2267467 secs] [Times: user=0.23 sys=0.00, real=0.23 secs] 
2018-03-17T00:23:32.770+0500: 1638.694: [GC (Allocation Failure) 2018-03-17T00:23:32.770+0500: 1638.694: [DefNew: 157248K->157248K(157248K), 0.0000180 secs]2018-03-17T00:23:32.770+0500: 1638.694: [Tenured: 327463K->55022K(349568K), 0.2288781 secs] 484711K->55022K(506816K), [Metaspace: 5350K->5350K(1056768K)], 0.2289717 secs] [Times: user=0.23 sys=0.00, real=0.23 secs] 
2018-03-17T00:23:33.028+0500: 1638.953: [GC (Allocation Failure) 2018-03-17T00:23:33.028+0500: 1638.953: [DefNew: 139776K->17472K(157248K), 0.2580334 secs] 194798K->194797K(506816K), 0.2580954 secs] [Times: user=0.25 sys=0.00, real=0.26 secs] 
2018-03-17T00:23:33.316+0500: 1639.239: [GC (Allocation Failure) 2018-03-17T00:23:33.316+0500: 1639.239: [DefNew: 157248K->17471K(157248K), 0.2506499 secs] 334573K->334572K(506816K), 0.2507128 secs] [Times: user=0.25 sys=0.00, real=0.25 secs] 
2018-03-17T00:23:33.592+0500: 1639.515: [GC (Allocation Failure) 2018-03-17T00:23:33.592+0500: 1639.515: [DefNew: 157247K->157247K(157248K), 0.0000163 secs]2018-03-17T00:23:33.592+0500: 1639.515: [Tenured: 317100K->44659K(349568K), 0.1998023 secs] 474348K->44659K(506816K), [Metaspace: 5350K->5350K(1056768K)], 0.1998951 secs] [Times: user=0.20 sys=0.00, real=0.20 secs] 
2018-03-17T00:23:33.821+0500: 1639.744: [GC (Allocation Failure) 2018-03-17T00:23:33.821+0500: 1639.744: [DefNew: 139776K->17471K(157248K), 0.2562381 secs] 184435K->184434K(506816K), 0.2563014 secs] [Times: user=0.25 sys=0.00, real=0.26 secs] 
2018-03-17T00:23:34.102+0500: 1640.026: [GC (Allocation Failure) 2018-03-17T00:23:34.102+0500: 1640.026: [DefNew: 157247K->17472K(157248K), 0.2508005 secs] 324210K->324208K(506816K), 0.2508676 secs] [Times: user=0.25 sys=0.00, real=0.25 secs] 
2018-03-17T00:23:34.379+0500: 1640.303: [GC (Allocation Failure) 2018-03-17T00:23:34.379+0500: 1640.303: [DefNew: 157248K->157248K(157248K), 0.0000163 secs]2018-03-17T00:23:34.379+0500: 1640.303: [Tenured: 306736K->34272K(349568K), 0.1807410 secs] 463984K->34272K(506816K), [Metaspace: 5350K->5350K(1056768K)], 0.1808624 secs] [Times: user=0.19 sys=0.00, real=0.18 secs] 
2018-03-17T00:23:34.589+0500: 1640.513: [GC (Allocation Failure) 2018-03-17T00:23:34.589+0500: 1640.513: [DefNew: 139776K->17472K(157248K), 0.2578114 secs] 174048K->174046K(506816K), 0.2578880 secs] [Times: user=0.25 sys=0.00, real=0.26 secs] 
2018-03-17T00:23:34.873+0500: 1640.796: [GC (Allocation Failure) 2018-03-17T00:23:34.873+0500: 1640.796: [DefNew: 157248K->17472K(157248K), 0.2533322 secs] 313822K->313821K(506816K), 0.2533916 secs] [Times: user=0.25 sys=0.00, real=0.25 secs] 
2018-03-17T00:23:35.152+0500: 1641.076: [GC (Allocation Failure) 2018-03-17T00:23:35.152+0500: 1641.076: [DefNew: 157248K->157248K(157248K), 0.0000154 secs]2018-03-17T00:23:35.152+0500: 1641.076: [Tenured: 296349K->23908K(349568K), 0.1548162 secs] 453597K->23908K(506816K), [Metaspace: 5350K->5350K(1056768K)], 0.1549034 secs] [Times: user=0.16 sys=0.00, real=0.15 secs] 
2018-03-17T00:23:35.337+0500: 1641.261: [GC (Allocation Failure) 2018-03-17T00:23:35.337+0500: 1641.261: [DefNew: 139776K->17472K(157248K), 0.2558489 secs] 163684K->163683K(506816K), 0.2559113 secs] [Times: user=0.25 sys=0.00, real=0.26 secs] 
2018-03-17T00:23:35.619+0500: 1641.543: [GC (Allocation Failure) 2018-03-17T00:23:35.619+0500: 1641.543: [DefNew: 157248K->17472K(157248K), 0.2538103 secs] 303459K->303458K(506816K), 0.2538821 secs] [Times: user=0.23 sys=0.00, real=0.25 secs] 
2018-03-17T00:23:35.898+0500: 1641.823: [GC (Allocation Failure) 2018-03-17T00:23:35.898+0500: 1641.823: [DefNew: 146063K->146063K(157248K), 0.0000158 secs]2018-03-17T00:23:35.898+0500: 1641.823: [Tenured: 285986K->715K(349568K), 0.1379268 secs] 432050K->715K(506816K), [Metaspace: 5350K->5350K(1056768K)], 0.1380132 secs] [Times: user=0.13 sys=0.00, real=0.14 secs] 
2018-03-17T00:23:36.062+0500: 1641.986: [GC (Allocation Failure) 2018-03-17T00:23:36.062+0500: 1641.986: [DefNew: 139776K->17472K(157248K), 0.2248847 secs] 140491K->140490K(506816K), 0.2249462 secs] [Times: user=0.20 sys=0.00, real=0.22 secs] 
2018-03-17T00:23:36.313+0500: 1642.236: [GC (Allocation Failure) 2018-03-17T00:23:36.313+0500: 1642.236: [DefNew: 157248K->17472K(157248K), 0.2560238 secs] 280266K->280229K(506816K), 0.2560871 secs] [Times: user=0.26 sys=0.00, real=0.26 secs] 
2018-03-17T00:23:36.598+0500: 1642.521: [GC (Allocation Failure) 2018-03-17T00:23:36.598+0500: 1642.521: [DefNew: 157248K->157248K(157248K), 0.0000167 secs]2018-03-17T00:23:36.598+0500: 1642.521: [Tenured: 262757K->205160K(349568K), 0.4718696 secs] 420005K->205160K(506816K), [Metaspace: 5350K->5350K(1056768K)], 0.4719607 secs] [Times: user=0.48 sys=0.00, real=0.47 secs] 
2018-03-17T00:23:37.095+0500: 1643.019: [GC (Allocation Failure) 2018-03-17T00:23:37.095+0500: 1643.019: [DefNew: 139776K->17472K(157248K), 0.2265102 secs] 344936K->344935K(506816K), 0.2265722 secs] [Times: user=0.23 sys=0.00, real=0.23 secs] 
2018-03-17T00:23:37.348+0500: 1643.272: [GC (Allocation Failure) 2018-03-17T00:23:37.348+0500: 1643.272: [DefNew: 157248K->157248K(157248K), 0.0000158 secs]2018-03-17T00:23:37.348+0500: 1643.272: [Tenured: 327463K->55022K(349568K), 0.2277794 secs] 484711K->55022K(506816K), [Metaspace: 5350K->5350K(1056768K)], 0.2278799 secs] [Times: user=0.23 sys=0.00, real=0.23 secs] 
2018-03-17T00:23:37.606+0500: 1643.529: [GC (Allocation Failure) 2018-03-17T00:23:37.606+0500: 1643.529: [DefNew: 139776K->17472K(157248K), 0.2546630 secs] 194798K->194797K(506816K), 0.2547242 secs] [Times: user=0.25 sys=0.00, real=0.25 secs] 
2018-03-17T00:23:37.886+0500: 1643.809: [GC (Allocation Failure) 2018-03-17T00:23:37.886+0500: 1643.810: [DefNew: 157248K->17471K(157248K), 0.2523404 secs] 334573K->334572K(506816K), 0.2524200 secs] [Times: user=0.25 sys=0.00, real=0.25 secs] 
2018-03-17T00:23:38.164+0500: 1644.088: [GC (Allocation Failure) 2018-03-17T00:23:38.164+0500: 1644.088: [DefNew: 157247K->157247K(157248K), 0.0000163 secs]2018-03-17T00:23:38.164+0500: 1644.088: [Tenured: 317100K->44659K(349568K), 0.1994658 secs] 474348K->44659K(506816K), [Metaspace: 5350K->5350K(1056768K)], 0.1995573 secs] [Times: user=0.19 sys=0.00, real=0.20 secs] 
2018-03-17T00:23:38.392+0500: 1644.316: [GC (Allocation Failure) 2018-03-17T00:23:38.392+0500: 1644.316: [DefNew: 139776K->17471K(157248K), 0.2611574 secs] 184435K->184434K(506816K), 0.2612215 secs] [Times: user=0.27 sys=0.00, real=0.26 secs] 
2018-03-17T00:23:38.679+0500: 1644.603: [GC (Allocation Failure) 2018-03-17T00:23:38.679+0500: 1644.603: [DefNew: 157247K->17472K(157248K), 0.2544026 secs] 324210K->324208K(506816K), 0.2544646 secs] [Times: user=0.25 sys=0.00, real=0.26 secs] 
2018-03-17T00:23:38.960+0500: 1644.884: [GC (Allocation Failure) 2018-03-17T00:23:38.960+0500: 1644.884: [DefNew: 157248K->157248K(157248K), 0.0000158 secs]2018-03-17T00:23:38.960+0500: 1644.884: [Tenured: 306736K->34272K(349568K), 0.1767197 secs] 463984K->34272K(506816K), [Metaspace: 5350K->5350K(1056768K)], 0.1768095 secs] [Times: user=0.16 sys=0.00, real=0.18 secs] 
2018-03-17T00:23:39.168+0500: 1645.092: [GC (Allocation Failure) 2018-03-17T00:23:39.168+0500: 1645.092: [DefNew: 139776K->17472K(157248K), 0.2581463 secs] 174048K->174046K(506816K), 0.2582177 secs] [Times: user=0.25 sys=0.00, real=0.26 secs] 
2018-03-17T00:23:39.452+0500: 1645.376: [GC (Allocation Failure) 2018-03-17T00:23:39.452+0500: 1645.376: [DefNew: 157248K->17472K(157248K), 0.2529969 secs] 313822K->313821K(506816K), 0.2530606 secs] [Times: user=0.25 sys=0.00, real=0.25 secs] 
2018-03-17T00:23:39.731+0500: 1645.655: [GC (Allocation Failure) 2018-03-17T00:23:39.731+0500: 1645.655: [DefNew: 157248K->157248K(157248K), 0.0000171 secs]2018-03-17T00:23:39.731+0500: 1645.655: [Tenured: 296349K->23908K(349568K), 0.1547986 secs] 453597K->23908K(506816K), [Metaspace: 5350K->5350K(1056768K)], 0.1548867 secs] [Times: user=0.16 sys=0.00, real=0.15 secs] 
2018-03-17T00:23:39.914+0500: 1645.838: [GC (Allocation Failure) 2018-03-17T00:23:39.914+0500: 1645.838: [DefNew: 139776K->17472K(157248K), 0.2592509 secs] 163684K->163683K(506816K), 0.2593129 secs] [Times: user=0.25 sys=0.00, real=0.26 secs] 
2018-03-17T00:23:40.198+0500: 1646.123: [GC (Allocation Failure) 2018-03-17T00:23:40.199+0500: 1646.123: [DefNew: 157248K->17472K(157248K), 0.2542208 secs] 303459K->303458K(506816K), 0.2543111 secs] [Times: user=0.25 sys=0.00, real=0.26 secs] 
2018-03-17T00:23:40.480+0500: 1646.403: [GC (Allocation Failure) 2018-03-17T00:23:40.480+0500: 1646.403: [DefNew: 146063K->146063K(157248K), 0.0000163 secs]2018-03-17T00:23:40.480+0500: 1646.403: [Tenured: 285986K->715K(349568K), 0.1369561 secs] 432050K->715K(506816K), [Metaspace: 5350K->5350K(1056768K)], 0.1370399 secs] [Times: user=0.14 sys=0.00, real=0.14 secs] 
2018-03-17T00:23:40.642+0500: 1646.566: [GC (Allocation Failure) 2018-03-17T00:23:40.642+0500: 1646.566: [DefNew: 139776K->17472K(157248K), 0.2235012 secs] 140491K->140490K(506816K), 0.2235730 secs] [Times: user=0.23 sys=0.00, real=0.22 secs] 
2018-03-17T00:23:40.891+0500: 1646.815: [GC (Allocation Failure) 2018-03-17T00:23:40.891+0500: 1646.815: [DefNew: 157248K->17472K(157248K), 0.2597414 secs] 280266K->280229K(506816K), 0.2598039 secs] [Times: user=0.27 sys=0.00, real=0.26 secs] 
2018-03-17T00:23:41.179+0500: 1647.103: [GC (Allocation Failure) 2018-03-17T00:23:41.179+0500: 1647.103: [DefNew: 157248K->157248K(157248K), 0.0000167 secs]2018-03-17T00:23:41.179+0500: 1647.103: [Tenured: 262757K->205160K(349568K), 0.4764399 secs] 420005K->205160K(506816K), [Metaspace: 5350K->5350K(1056768K)], 0.4765314 secs] [Times: user=0.47 sys=0.00, real=0.48 secs] 
2018-03-17T00:23:41.681+0500: 1647.605: [GC (Allocation Failure) 2018-03-17T00:23:41.681+0500: 1647.605: [DefNew: 139776K->17472K(157248K), 0.2267060 secs] 344936K->344935K(506816K), 0.2267715 secs] [Times: user=0.22 sys=0.00, real=0.23 secs] 
2018-03-17T00:23:41.935+0500: 1647.859: [GC (Allocation Failure) 2018-03-17T00:23:41.935+0500: 1647.859: [DefNew: 157248K->157248K(157248K), 0.0000167 secs]2018-03-17T00:23:41.935+0500: 1647.859: [Tenured: 327463K->55022K(349568K), 0.2388591 secs] 484711K->55022K(506816K), [Metaspace: 5350K->5350K(1056768K)], 0.2389527 secs] [Times: user=0.23 sys=0.00, real=0.24 secs] 
2018-03-17T00:23:42.210+0500: 1648.134: [GC (Allocation Failure) 2018-03-17T00:23:42.210+0500: 1648.134: [DefNew: 139776K->17472K(157248K), 0.2820641 secs] 194798K->194797K(506816K), 0.2821321 secs] [Times: user=0.28 sys=0.00, real=0.28 secs] 
2018-03-17T00:23:42.518+0500: 1648.442: [GC (Allocation Failure) 2018-03-17T00:23:42.518+0500: 1648.442: [DefNew: 157248K->17471K(157248K), 0.2513222 secs] 334573K->334572K(506816K), 0.2513872 secs] [Times: user=0.25 sys=0.00, real=0.25 secs] 
2018-03-17T00:23:42.796+0500: 1648.720: [GC (Allocation Failure) 2018-03-17T00:23:42.796+0500: 1648.720: [DefNew: 157247K->157247K(157248K), 0.0000248 secs]2018-03-17T00:23:42.796+0500: 1648.720: [Tenured: 317100K->44659K(349568K), 0.2004220 secs] 474348K->44659K(506816K), [Metaspace: 5350K->5350K(1056768K)], 0.2005409 secs] [Times: user=0.20 sys=0.00, real=0.20 secs] 
2018-03-17T00:23:43.026+0500: 1648.950: [GC (Allocation Failure) 2018-03-17T00:23:43.026+0500: 1648.950: [DefNew: 139776K->17471K(157248K), 0.2562629 secs] 184435K->184434K(506816K), 0.2563279 secs] [Times: user=0.25 sys=0.00, real=0.26 secs] 
2018-03-17T00:23:43.308+0500: 1649.232: [GC (Allocation Failure) 2018-03-17T00:23:43.308+0500: 1649.232: [DefNew: 157247K->17472K(157248K), 0.2542559 secs] 324210K->324208K(506816K), 0.2543209 secs] [Times: user=0.25 sys=0.00, real=0.25 secs] 
2018-03-17T00:23:43.589+0500: 1649.513: [GC (Allocation Failure) 2018-03-17T00:23:43.589+0500: 1649.513: [DefNew: 157248K->157248K(157248K), 0.0000154 secs]2018-03-17T00:23:43.589+0500: 1649.513: [Tenured: 306736K->34272K(349568K), 0.1773142 secs] 463984K->34272K(506816K), [Metaspace: 5350K->5350K(1056768K)], 0.1774001 secs] [Times: user=0.17 sys=0.00, real=0.18 secs] 
2018-03-17T00:23:43.797+0500: 1649.721: [GC (Allocation Failure) 2018-03-17T00:23:43.797+0500: 1649.721: [DefNew: 139776K->17472K(157248K), 0.2566910 secs] 174048K->174046K(506816K), 0.2567572 secs] [Times: user=0.27 sys=0.00, real=0.26 secs] 
2018-03-17T00:23:44.079+0500: 1650.003: [GC (Allocation Failure) 2018-03-17T00:23:44.079+0500: 1650.003: [DefNew: 157248K->17472K(157248K), 0.2532180 secs] 313822K->313821K(506816K), 0.2532774 secs] [Times: user=0.25 sys=0.00, real=0.25 secs] 
2018-03-17T00:23:44.358+0500: 1650.282: [GC (Allocation Failure) 2018-03-17T00:23:44.358+0500: 1650.282: [DefNew: 157248K->157248K(157248K), 0.0000158 secs]2018-03-17T00:23:44.358+0500: 1650.282: [Tenured: 296349K->23908K(349568K), 0.1554012 secs] 453597K->23908K(506816K), [Metaspace: 5350K->5350K(1056768K)], 0.1555120 secs] [Times: user=0.16 sys=0.00, real=0.16 secs] 
2018-03-17T00:23:44.542+0500: 1650.466: [GC (Allocation Failure) 2018-03-17T00:23:44.542+0500: 1650.466: [DefNew: 139776K->17472K(157248K), 0.2573731 secs] 163684K->163683K(506816K), 0.2574445 secs] [Times: user=0.25 sys=0.00, real=0.26 secs] 
2018-03-17T00:23:44.826+0500: 1650.750: [GC (Allocation Failure) 2018-03-17T00:23:44.826+0500: 1650.750: [DefNew: 157248K->17472K(157248K), 0.2555102 secs] 303459K->303458K(506816K), 0.2555722 secs] [Times: user=0.23 sys=0.00, real=0.26 secs] 
2018-03-17T00:23:45.108+0500: 1651.031: [GC (Allocation Failure) 2018-03-17T00:23:45.108+0500: 1651.031: [DefNew: 146063K->146063K(157248K), 0.0000171 secs]2018-03-17T00:23:45.108+0500: 1651.031: [Tenured: 285986K->715K(349568K), 0.1365926 secs] 432050K->715K(506816K), [Metaspace: 5350K->5350K(1056768K)], 0.1366824 secs] [Times: user=0.14 sys=0.00, real=0.14 secs] 
2018-03-17T00:23:45.270+0500: 1651.194: [GC (Allocation Failure) 2018-03-17T00:23:45.270+0500: 1651.194: [DefNew: 139776K->17472K(157248K), 0.2246208 secs] 140491K->140490K(506816K), 0.2246862 secs] [Times: user=0.24 sys=0.00, real=0.22 secs] 
2018-03-17T00:23:45.521+0500: 1651.445: [GC (Allocation Failure) 2018-03-17T00:23:45.521+0500: 1651.445: [DefNew: 157248K->17472K(157248K), 0.2565588 secs] 280266K->280229K(506816K), 0.2566208 secs] [Times: user=0.27 sys=0.00, real=0.26 secs] 
2018-03-17T00:23:45.806+0500: 1651.731: [GC (Allocation Failure) 2018-03-17T00:23:45.806+0500: 1651.731: [DefNew: 157248K->157248K(157248K), 0.0000158 secs]2018-03-17T00:23:45.806+0500: 1651.731: [Tenured: 262757K->205160K(349568K), 0.4732402 secs] 420005K->205160K(506816K), [Metaspace: 5350K->5350K(1056768K)], 0.4733296 secs] [Times: user=0.47 sys=0.00, real=0.47 secs] 
2018-03-17T00:23:46.306+0500: 1652.230: [GC (Allocation Failure) 2018-03-17T00:23:46.306+0500: 1652.230: [DefNew: 139776K->17472K(157248K), 0.2250771 secs] 344936K->344935K(506816K), 0.2251374 secs] [Times: user=0.22 sys=0.00, real=0.22 secs] 
2018-03-17T00:23:46.558+0500: 1652.482: [GC (Allocation Failure) 2018-03-17T00:23:46.558+0500: 1652.482: [DefNew: 157248K->157248K(157248K), 0.0000163 secs]2018-03-17T00:23:46.558+0500: 1652.482: [Tenured: 327463K->55022K(349568K), 0.2323096 secs] 484711K->55022K(506816K), [Metaspace: 5350K->5350K(1056768K)], 0.2324011 secs] [Times: user=0.23 sys=0.00, real=0.23 secs] 
2018-03-17T00:23:46.822+0500: 1652.746: [GC (Allocation Failure) 2018-03-17T00:23:46.822+0500: 1652.746: [DefNew: 139776K->17472K(157248K), 0.2603880 secs] 194798K->194797K(506816K), 0.2604676 secs] [Times: user=0.25 sys=0.00, real=0.26 secs] 
2018-03-17T00:23:47.111+0500: 1653.036: [GC (Allocation Failure) 2018-03-17T00:23:47.111+0500: 1653.036: [DefNew: 157248K->17471K(157248K), 0.2636519 secs] 334573K->334572K(506816K), 0.2637173 secs] [Times: user=0.27 sys=0.00, real=0.26 secs] 
2018-03-17T00:23:47.402+0500: 1653.325: [GC (Allocation Failure) 2018-03-17T00:23:47.402+0500: 1653.325: [DefNew: 157247K->157247K(157248K), 0.0000167 secs]2018-03-17T00:23:47.402+0500: 1653.325: [Tenured: 317100K->44659K(349568K), 0.2025440 secs] 474348K->44659K(506816K), [Metaspace: 5350K->5350K(1056768K)], 0.2026603 secs] [Times: user=0.20 sys=0.00, real=0.20 secs] 
2018-03-17T00:23:47.634+0500: 1653.557: [GC (Allocation Failure) 2018-03-17T00:23:47.634+0500: 1653.557: [DefNew: 139776K->17471K(157248K), 0.2577840 secs] 184435K->184434K(506816K), 0.2578456 secs] [Times: user=0.24 sys=0.00, real=0.26 secs] 
2018-03-17T00:23:47.917+0500: 1653.841: [GC (Allocation Failure) 2018-03-17T00:23:47.917+0500: 1653.841: [DefNew: 157247K->17472K(157248K), 0.2525162 secs] 324210K->324208K(506816K), 0.2525739 secs] [Times: user=0.25 sys=0.00, real=0.25 secs] 
2018-03-17T00:23:48.196+0500: 1654.120: [GC (Allocation Failure) 2018-03-17T00:23:48.196+0500: 1654.120: [DefNew: 157248K->157248K(157248K), 0.0000158 secs]2018-03-17T00:23:48.196+0500: 1654.120: [Tenured: 306736K->34272K(349568K), 0.1765542 secs] 463984K->34272K(506816K), [Metaspace: 5350K->5350K(1056768K)], 0.1766419 secs] [Times: user=0.17 sys=0.00, real=0.18 secs] 
2018-03-17T00:23:48.402+0500: 1654.326: [GC (Allocation Failure) 2018-03-17T00:23:48.402+0500: 1654.326: [DefNew: 139776K->17472K(157248K), 0.2585470 secs] 174048K->174046K(506816K), 0.2586039 secs] [Times: user=0.25 sys=0.00, real=0.26 secs] 
2018-03-17T00:23:48.686+0500: 1654.610: [GC (Allocation Failure) 2018-03-17T00:23:48.686+0500: 1654.610: [DefNew: 157248K->17472K(157248K), 0.2524529 secs] 313822K->313821K(506816K), 0.2525141 secs] [Times: user=0.25 sys=0.00, real=0.25 secs] 
2018-03-17T00:23:48.966+0500: 1654.889: [GC (Allocation Failure) 2018-03-17T00:23:48.966+0500: 1654.889: [DefNew: 157248K->157248K(157248K), 0.0000154 secs]2018-03-17T00:23:48.966+0500: 1654.889: [Tenured: 296349K->23908K(349568K), 0.1554825 secs] 453597K->23908K(506816K), [Metaspace: 5350K->5350K(1056768K)], 0.1555684 secs] [Times: user=0.16 sys=0.00, real=0.15 secs] 
2018-03-17T00:23:49.149+0500: 1655.073: [GC (Allocation Failure) 2018-03-17T00:23:49.149+0500: 1655.073: [DefNew: 139776K->17472K(157248K), 0.2578969 secs] 163684K->163683K(506816K), 0.2579637 secs] [Times: user=0.25 sys=0.00, real=0.26 secs] 
2018-03-17T00:23:49.433+0500: 1655.357: [GC (Allocation Failure) 2018-03-17T00:23:49.433+0500: 1655.357: [DefNew: 157248K->17472K(157248K), 0.2575933 secs] 303459K->303458K(506816K), 0.2576575 secs] [Times: user=0.25 sys=0.00, real=0.26 secs] 
2018-03-17T00:23:49.716+0500: 1655.640: [GC (Allocation Failure) 2018-03-17T00:23:49.716+0500: 1655.640: [DefNew: 146063K->146063K(157248K), 0.0000158 secs]2018-03-17T00:23:49.716+0500: 1655.640: [Tenured: 285986K->715K(349568K), 0.1362415 secs] 432050K->715K(506816K), [Metaspace: 5350K->5350K(1056768K)], 0.1363274 secs] [Times: user=0.14 sys=0.00, real=0.14 secs] 
2018-03-17T00:23:49.878+0500: 1655.802: [GC (Allocation Failure) 2018-03-17T00:23:49.878+0500: 1655.802: [DefNew: 139776K->17472K(157248K), 0.2237347 secs] 140491K->140490K(506816K), 0.2237971 secs] [Times: user=0.24 sys=0.00, real=0.22 secs] 
2018-03-17T00:23:50.127+0500: 1656.052: [GC (Allocation Failure) 2018-03-17T00:23:50.127+0500: 1656.052: [DefNew: 157248K->17472K(157248K), 0.2550851 secs] 280266K->280229K(506816K), 0.2551454 secs] [Times: user=0.27 sys=0.00, real=0.26 secs] 
2018-03-17T00:23:50.412+0500: 1656.336: [GC (Allocation Failure) 2018-03-17T00:23:50.412+0500: 1656.336: [DefNew: 157248K->157248K(157248K), 0.0000167 secs]2018-03-17T00:23:50.412+0500: 1656.336: [Tenured: 262757K->205160K(349568K), 0.4739518 secs] 420005K->205160K(506816K), [Metaspace: 5350K->5350K(1056768K)], 0.4740498 secs] [Times: user=0.49 sys=0.00, real=0.47 secs] 
2018-03-17T00:23:50.911+0500: 1656.835: [GC (Allocation Failure) 2018-03-17T00:23:50.911+0500: 1656.835: [DefNew: 139776K->17472K(157248K), 0.2255432 secs] 344936K->344935K(506816K), 0.2256134 secs] [Times: user=0.24 sys=0.00, real=0.23 secs] 
2018-03-17T00:23:51.163+0500: 1657.087: [GC (Allocation Failure) 2018-03-17T00:23:51.163+0500: 1657.087: [DefNew: 157248K->157248K(157248K), 0.0000171 secs]2018-03-17T00:23:51.163+0500: 1657.087: [Tenured: 327463K->55022K(349568K), 0.2235953 secs] 484711K->55022K(506816K), [Metaspace: 5350K->5350K(1056768K)], 0.2236889 secs] [Times: user=0.22 sys=0.00, real=0.22 secs] 
2018-03-17T00:23:51.416+0500: 1657.340: [GC (Allocation Failure) 2018-03-17T00:23:51.416+0500: 1657.340: [DefNew: 139776K->17472K(157248K), 0.2581356 secs] 194798K->194797K(506816K), 0.2581984 secs] [Times: user=0.25 sys=0.00, real=0.26 secs] 
2018-03-17T00:23:51.701+0500: 1657.624: [GC (Allocation Failure) 2018-03-17T00:23:51.701+0500: 1657.624: [DefNew: 157248K->17471K(157248K), 0.2534908 secs] 334573K->334572K(506816K), 0.2535657 secs] [Times: user=0.25 sys=0.00, real=0.25 secs] 
2018-03-17T00:23:51.981+0500: 1657.904: [GC (Allocation Failure) 2018-03-17T00:23:51.981+0500: 1657.904: [DefNew: 157247K->157247K(157248K), 0.0000163 secs]2018-03-17T00:23:51.981+0500: 1657.905: [Tenured: 317100K->44659K(349568K), 0.1994226 secs] 474348K->44659K(506816K), [Metaspace: 5350K->5350K(1056768K)], 0.1995162 secs] [Times: user=0.20 sys=0.00, real=0.20 secs] 
2018-03-17T00:23:52.211+0500: 1658.135: [GC (Allocation Failure) 2018-03-17T00:23:52.211+0500: 1658.135: [DefNew: 139776K->17471K(157248K), 0.2557330 secs] 184435K->184434K(506816K), 0.2557955 secs] [Times: user=0.25 sys=0.00, real=0.26 secs] 
2018-03-17T00:23:52.494+0500: 1658.418: [GC (Allocation Failure) 2018-03-17T00:23:52.494+0500: 1658.418: [DefNew: 157247K->17472K(157248K), 0.2547845 secs] 324210K->324208K(506816K), 0.2548482 secs] [Times: user=0.25 sys=0.00, real=0.25 secs] 
2018-03-17T00:23:52.774+0500: 1658.698: [GC (Allocation Failure) 2018-03-17T00:23:52.774+0500: 1658.698: [DefNew: 157248K->157248K(157248K), 0.0000158 secs]2018-03-17T00:23:52.774+0500: 1658.698: [Tenured: 306736K->34272K(349568K), 0.1778594 secs] 463984K->34272K(506816K), [Metaspace: 5350K->5350K(1056768K)], 0.1779736 secs] [Times: user=0.17 sys=0.00, real=0.18 secs] 
2018-03-17T00:23:52.981+0500: 1658.906: [GC (Allocation Failure) 2018-03-17T00:23:52.981+0500: 1658.906: [DefNew: 139776K->17472K(157248K), 0.2573996 secs] 174048K->174046K(506816K), 0.2574719 secs] [Times: user=0.25 sys=0.00, real=0.26 secs] 
2018-03-17T00:23:53.265+0500: 1659.189: [GC (Allocation Failure) 2018-03-17T00:23:53.265+0500: 1659.189: [DefNew: 157248K->17472K(157248K), 0.2545497 secs] 313822K->313821K(506816K), 0.2546104 secs] [Times: user=0.25 sys=0.00, real=0.25 secs] 
2018-03-17T00:23:53.546+0500: 1659.469: [GC (Allocation Failure) 2018-03-17T00:23:53.546+0500: 1659.469: [DefNew: 157248K->157248K(157248K), 0.0000197 secs]2018-03-17T00:23:53.546+0500: 1659.469: [Tenured: 296349K->23908K(349568K), 0.1560769 secs] 453597K->23908K(506816K), [Metaspace: 5350K->5350K(1056768K)], 0.1561753 secs] [Times: user=0.16 sys=0.00, real=0.16 secs] 
2018-03-17T00:23:53.730+0500: 1659.654: [GC (Allocation Failure) 2018-03-17T00:23:53.730+0500: 1659.654: [DefNew: 139776K->17472K(157248K), 0.2580860 secs] 163684K->163683K(506816K), 0.2581497 secs] [Times: user=0.25 sys=0.00, real=0.26 secs] 
2018-03-17T00:23:54.014+0500: 1659.938: [GC (Allocation Failure) 2018-03-17T00:23:54.014+0500: 1659.938: [DefNew: 157248K->17472K(157248K), 0.2551912 secs] 303459K->303458K(506816K), 0.2552558 secs] [Times: user=0.25 sys=0.00, real=0.26 secs] 
2018-03-17T00:23:54.295+0500: 1660.220: [GC (Allocation Failure) 2018-03-17T00:23:54.295+0500: 1660.220: [DefNew: 146063K->146063K(157248K), 0.0000167 secs]2018-03-17T00:23:54.295+0500: 1660.220: [Tenured: 285986K->715K(349568K), 0.1376125 secs] 432050K->715K(506816K), [Metaspace: 5350K->5350K(1056768K)], 0.1376989 secs] [Times: user=0.14 sys=0.00, real=0.14 secs] 
2018-03-17T00:23:54.460+0500: 1660.384: [GC (Allocation Failure) 2018-03-17T00:23:54.460+0500: 1660.384: [DefNew: 139776K->17472K(157248K), 0.2266594 secs] 140491K->140490K(506816K), 0.2267364 secs] [Times: user=0.22 sys=0.00, real=0.23 secs] 
2018-03-17T00:23:54.712+0500: 1660.636: [GC (Allocation Failure) 2018-03-17T00:23:54.712+0500: 1660.636: [DefNew: 157248K->17472K(157248K), 0.2578384 secs] 280266K->280229K(506816K), 0.2579004 secs] [Times: user=0.25 sys=0.00, real=0.26 secs] 
2018-03-17T00:23:55.000+0500: 1660.924: [GC (Allocation Failure) 2018-03-17T00:23:55.000+0500: 1660.924: [DefNew: 157248K->157248K(157248K), 0.0000163 secs]2018-03-17T00:23:55.000+0500: 1660.924: [Tenured: 262757K->205160K(349568K), 0.4892285 secs] 420005K->205160K(506816K), [Metaspace: 5350K->5350K(1056768K)], 0.4893217 secs] [Times: user=0.47 sys=0.00, real=0.49 secs] 
2018-03-17T00:23:55.516+0500: 1661.440: [GC (Allocation Failure) 2018-03-17T00:23:55.516+0500: 1661.440: [DefNew: 139776K->17472K(157248K), 0.2272671 secs] 344936K->344935K(506816K), 0.2273308 secs] [Times: user=0.24 sys=0.00, real=0.23 secs] 
2018-03-17T00:23:55.769+0500: 1661.694: [GC (Allocation Failure) 2018-03-17T00:23:55.769+0500: 1661.694: [DefNew: 157248K->157248K(157248K), 0.0000163 secs]2018-03-17T00:23:55.769+0500: 1661.694: [Tenured: 327463K->55022K(349568K), 0.2228063 secs] 484711K->55022K(506816K), [Metaspace: 5350K->5350K(1056768K)], 0.2229059 secs] [Times: user=0.24 sys=0.00, real=0.22 secs] 
2018-03-17T00:23:56.022+0500: 1661.946: [GC (Allocation Failure) 2018-03-17T00:23:56.023+0500: 1661.946: [DefNew: 139776K->17472K(157248K), 0.2562197 secs] 194798K->194797K(506816K), 0.2563121 secs] [Times: user=0.25 sys=0.00, real=0.26 secs] 
2018-03-17T00:23:56.304+0500: 1662.228: [GC (Allocation Failure) 2018-03-17T00:23:56.304+0500: 1662.228: [DefNew: 157248K->17471K(157248K), 0.2518127 secs] 334573K->334572K(506816K), 0.2518717 secs] [Times: user=0.25 sys=0.00, real=0.25 secs] 
2018-03-17T00:23:56.582+0500: 1662.506: [GC (Allocation Failure) 2018-03-17T00:23:56.582+0500: 1662.506: [DefNew: 157247K->157247K(157248K), 0.0000180 secs]2018-03-17T00:23:56.582+0500: 1662.506: [Tenured: 317100K->44659K(349568K), 0.2010926 secs] 474348K->44659K(506816K), [Metaspace: 5350K->5350K(1056768K)], 0.2011905 secs] [Times: user=0.20 sys=0.00, real=0.20 secs] 
2018-03-17T00:23:56.813+0500: 1662.737: [GC (Allocation Failure) 2018-03-17T00:23:56.813+0500: 1662.737: [DefNew: 139776K->17471K(157248K), 0.2617903 secs] 184435K->184434K(506816K), 0.2618621 secs] [Times: user=0.27 sys=0.00, real=0.26 secs] 
2018-03-17T00:23:57.100+0500: 1663.024: [GC (Allocation Failure) 2018-03-17T00:23:57.100+0500: 1663.025: [DefNew: 157247K->17472K(157248K), 0.2522699 secs] 324210K->324208K(506816K), 0.2523306 secs] [Times: user=0.25 sys=0.00, real=0.25 secs] 
2018-03-17T00:23:57.379+0500: 1663.303: [GC (Allocation Failure) 2018-03-17T00:23:57.379+0500: 1663.303: [DefNew: 157248K->157248K(157248K), 0.0000163 secs]2018-03-17T00:23:57.379+0500: 1663.303: [Tenured: 306736K->34272K(349568K), 0.1779202 secs] 463984K->34272K(506816K), [Metaspace: 5350K->5350K(1056768K)], 0.1780095 secs] [Times: user=0.19 sys=0.00, real=0.18 secs] 
2018-03-17T00:23:57.587+0500: 1663.511: [GC (Allocation Failure) 2018-03-17T00:23:57.587+0500: 1663.511: [DefNew: 139776K->17472K(157248K), 0.2581437 secs] 174048K->174046K(506816K), 0.2582061 secs] [Times: user=0.25 sys=0.00, real=0.26 secs] 
2018-03-17T00:23:57.870+0500: 1663.794: [GC (Allocation Failure) 2018-03-17T00:23:57.870+0500: 1663.794: [DefNew: 157248K->17472K(157248K), 0.2526988 secs] 313822K->313821K(506816K), 0.2527591 secs] [Times: user=0.25 sys=0.00, real=0.25 secs] 
2018-03-17T00:23:58.149+0500: 1664.073: [GC (Allocation Failure) 2018-03-17T00:23:58.149+0500: 1664.073: [DefNew: 157248K->157248K(157248K), 0.0000150 secs]2018-03-17T00:23:58.149+0500: 1664.073: [Tenured: 296349K->23908K(349568K), 0.1544129 secs] 453597K->23908K(506816K), [Metaspace: 5350K->5350K(1056768K)], 0.1544959 secs] [Times: user=0.16 sys=0.00, real=0.15 secs] 
2018-03-17T00:23:58.332+0500: 1664.256: [GC (Allocation Failure) 2018-03-17T00:23:58.332+0500: 1664.256: [DefNew: 139776K->17472K(157248K), 0.2590520 secs] 163684K->163683K(506816K), 0.2591192 secs] [Times: user=0.27 sys=0.00, real=0.26 secs] 
2018-03-17T00:23:58.616+0500: 1664.541: [GC (Allocation Failure) 2018-03-17T00:23:58.616+0500: 1664.541: [DefNew: 157248K->17472K(157248K), 0.2554054 secs] 303459K->303458K(506816K), 0.2554632 secs] [Times: user=0.25 sys=0.00, real=0.26 secs] 
2018-03-17T00:23:58.899+0500: 1664.822: [GC (Allocation Failure) 2018-03-17T00:23:58.899+0500: 1664.822: [DefNew: 146063K->146063K(157248K), 0.0000248 secs]2018-03-17T00:23:58.899+0500: 1664.822: [Tenured: 285986K->715K(349568K), 0.1373953 secs] 432050K->715K(506816K), [Metaspace: 5350K->5350K(1056768K)], 0.1375120 secs] [Times: user=0.13 sys=0.00, real=0.14 secs] 
2018-03-17T00:23:59.061+0500: 1664.985: [GC (Allocation Failure) 2018-03-17T00:23:59.061+0500: 1664.985: [DefNew: 139776K->17472K(157248K), 0.2240353 secs] 140491K->140490K(506816K), 0.2240973 secs] [Times: user=0.22 sys=0.00, real=0.22 secs] 
2018-03-17T00:23:59.311+0500: 1665.235: [GC (Allocation Failure) 2018-03-17T00:23:59.311+0500: 1665.235: [DefNew: 157248K->17472K(157248K), 0.2583186 secs] 280266K->280229K(506816K), 0.2583806 secs] [Times: user=0.25 sys=0.00, real=0.26 secs] 
2018-03-17T00:23:59.597+0500: 1665.521: [GC (Allocation Failure) 2018-03-17T00:23:59.597+0500: 1665.521: [DefNew: 157248K->157248K(157248K), 0.0000158 secs]2018-03-17T00:23:59.597+0500: 1665.521: [Tenured: 262757K->205160K(349568K), 0.4907877 secs] 420005K->205160K(506816K), [Metaspace: 5350K->5350K(1056768K)], 0.4908809 secs] [Times: user=0.48 sys=0.00, real=0.49 secs] 
2018-03-17T00:24:00.114+0500: 1666.038: [GC (Allocation Failure) 2018-03-17T00:24:00.115+0500: 1666.038: [DefNew: 139776K->17472K(157248K), 0.2228734 secs] 344936K->344935K(506816K), 0.2229645 secs] [Times: user=0.23 sys=0.00, real=0.22 secs] 
2018-03-17T00:24:00.364+0500: 1666.287: [GC (Allocation Failure) 2018-03-17T00:24:00.364+0500: 1666.287: [DefNew: 157248K->157248K(157248K), 0.0000171 secs]2018-03-17T00:24:00.364+0500: 1666.287: [Tenured: 327463K->55022K(349568K), 0.2221271 secs] 484711K->55022K(506816K), [Metaspace: 5350K->5350K(1056768K)], 0.2222204 secs] [Times: user=0.23 sys=0.00, real=0.22 secs] 
2018-03-17T00:24:00.615+0500: 1666.539: [GC (Allocation Failure) 2018-03-17T00:24:00.615+0500: 1666.539: [DefNew: 139776K->17472K(157248K), 0.2551373 secs] 194798K->194797K(506816K), 0.2551997 secs] [Times: user=0.27 sys=0.00, real=0.25 secs] 
2018-03-17T00:24:00.896+0500: 1666.820: [GC (Allocation Failure) 2018-03-17T00:24:00.896+0500: 1666.820: [DefNew: 157248K->17471K(157248K), 0.2529948 secs] 334573K->334572K(506816K), 0.2530580 secs] [Times: user=0.27 sys=0.00, real=0.25 secs] 
2018-03-17T00:24:01.175+0500: 1667.099: [GC (Allocation Failure) 2018-03-17T00:24:01.175+0500: 1667.099: [DefNew: 157247K->157247K(157248K), 0.0000299 secs]2018-03-17T00:24:01.175+0500: 1667.099: [Tenured: 317100K->44659K(349568K), 0.2009061 secs] 474348K->44659K(506816K), [Metaspace: 5350K->5350K(1056768K)], 0.2010485 secs] [Times: user=0.20 sys=0.00, real=0.20 secs] 
2018-03-17T00:24:01.404+0500: 1667.329: [GC (Allocation Failure) 2018-03-17T00:24:01.404+0500: 1667.329: [DefNew: 139776K->17471K(157248K), 0.2593694 secs] 184435K->184434K(506816K), 0.2594416 secs] [Times: user=0.26 sys=0.00, real=0.26 secs] 
2018-03-17T00:24:01.690+0500: 1667.614: [GC (Allocation Failure) 2018-03-17T00:24:01.690+0500: 1667.614: [DefNew: 157247K->17472K(157248K), 0.2557467 secs] 324210K->324208K(506816K), 0.2558121 secs] [Times: user=0.26 sys=0.00, real=0.26 secs] 
2018-03-17T00:24:01.971+0500: 1667.895: [GC (Allocation Failure) 2018-03-17T00:24:01.971+0500: 1667.895: [DefNew: 157248K->157248K(157248K), 0.0000163 secs]2018-03-17T00:24:01.971+0500: 1667.895: [Tenured: 306736K->34272K(349568K), 0.1806866 secs] 463984K->34272K(506816K), [Metaspace: 5350K->5350K(1056768K)], 0.1807790 secs] [Times: user=0.19 sys=0.00, real=0.18 secs] 
2018-03-17T00:24:02.183+0500: 1668.107: [GC (Allocation Failure) 2018-03-17T00:24:02.183+0500: 1668.107: [DefNew: 139776K->17472K(157248K), 0.2641052 secs] 174048K->174046K(506816K), 0.2641702 secs] [Times: user=0.26 sys=0.00, real=0.26 secs] 
2018-03-17T00:24:02.474+0500: 1668.398: [GC (Allocation Failure) 2018-03-17T00:24:02.474+0500: 1668.398: [DefNew: 157248K->17472K(157248K), 0.2605223 secs] 313822K->313821K(506816K), 0.2605865 secs] [Times: user=0.27 sys=0.00, real=0.26 secs] 
2018-03-17T00:24:02.762+0500: 1668.686: [GC (Allocation Failure) 2018-03-17T00:24:02.762+0500: 1668.686: [DefNew: 157248K->157248K(157248K), 0.0000158 secs]2018-03-17T00:24:02.762+0500: 1668.686: [Tenured: 296349K->23908K(349568K), 0.1577447 secs] 453597K->23908K(506816K), [Metaspace: 5350K->5350K(1056768K)], 0.1578303 secs] [Times: user=0.16 sys=0.00, real=0.16 secs] 
2018-03-17T00:24:02.951+0500: 1668.874: [GC (Allocation Failure) 2018-03-17T00:24:02.951+0500: 1668.874: [DefNew: 139776K->17472K(157248K), 0.3037474 secs] 163684K->163683K(506816K), 0.3038205 secs] [Times: user=0.30 sys=0.00, real=0.30 secs] 
2018-03-17T00:24:03.291+0500: 1669.215: [GC (Allocation Failure) 2018-03-17T00:24:03.291+0500: 1669.215: [DefNew: 157248K->17472K(157248K), 0.2954111 secs] 303459K->303458K(506816K), 0.2954937 secs] [Times: user=0.30 sys=0.00, real=0.30 secs] 
2018-03-17T00:24:03.623+0500: 1669.547: [GC (Allocation Failure) 2018-03-17T00:24:03.623+0500: 1669.547: [DefNew: 146063K->146063K(157248K), 0.0000210 secs]2018-03-17T00:24:03.623+0500: 1669.547: [Tenured: 285986K->715K(349568K), 0.1373260 secs] 432050K->715K(506816K), [Metaspace: 5350K->5350K(1056768K)], 0.1374299 secs] [Times: user=0.14 sys=0.00, real=0.14 secs] 
2018-03-17T00:24:03.786+0500: 1669.710: [GC (Allocation Failure) 2018-03-17T00:24:03.786+0500: 1669.710: [DefNew: 139776K->17472K(157248K), 0.2324943 secs] 140491K->140490K(506816K), 0.2325576 secs] [Times: user=0.23 sys=0.00, real=0.23 secs] 
2018-03-17T00:24:04.045+0500: 1669.969: [GC (Allocation Failure) 2018-03-17T00:24:04.045+0500: 1669.969: [DefNew: 157248K->17472K(157248K), 0.2655297 secs] 280266K->280229K(506816K), 0.2656016 secs] [Times: user=0.27 sys=0.00, real=0.27 secs] 
2018-03-17T00:24:04.345+0500: 1670.269: [GC (Allocation Failure) 2018-03-17T00:24:04.345+0500: 1670.269: [DefNew: 157248K->157248K(157248K), 0.0000167 secs]2018-03-17T00:24:04.345+0500: 1670.269: [Tenured: 262757K->205160K(349568K), 0.5017827 secs] 420005K->205160K(506816K), [Metaspace: 5350K->5350K(1056768K)], 0.5018763 secs] [Times: user=0.50 sys=0.00, real=0.50 secs] 
2018-03-17T00:24:04.877+0500: 1670.801: [GC (Allocation Failure) 2018-03-17T00:24:04.877+0500: 1670.801: [DefNew: 139776K->17472K(157248K), 0.2503831 secs] 344936K->344935K(506816K), 0.2504481 secs] [Times: user=0.25 sys=0.00, real=0.25 secs] 
2018-03-17T00:24:05.156+0500: 1671.080: [GC (Allocation Failure) 2018-03-17T00:24:05.156+0500: 1671.080: [DefNew: 157248K->157248K(157248K), 0.0000175 secs]2018-03-17T00:24:05.156+0500: 1671.080: [Tenured: 327463K->55022K(349568K), 0.2545660 secs] 484711K->55022K(506816K), [Metaspace: 5350K->5350K(1056768K)], 0.2546776 secs] [Times: user=0.25 sys=0.00, real=0.26 secs] 
2018-03-17T00:24:05.460+0500: 1671.385: [GC (Allocation Failure) 2018-03-17T00:24:05.460+0500: 1671.385: [DefNew: 139776K->17472K(157248K), 0.2819033 secs] 194798K->194797K(506816K), 0.2819649 secs] [Times: user=0.28 sys=0.00, real=0.28 secs] 
2018-03-17T00:24:05.769+0500: 1671.692: [GC (Allocation Failure) 2018-03-17T00:24:05.769+0500: 1671.692: [DefNew: 157248K->17471K(157248K), 0.3072341 secs] 334573K->334572K(506816K), 0.3073102 secs] [Times: user=0.30 sys=0.00, real=0.31 secs] 
2018-03-17T00:24:06.110+0500: 1672.034: [GC (Allocation Failure) 2018-03-17T00:24:06.110+0500: 1672.034: [DefNew: 157247K->157247K(157248K), 0.0000175 secs]2018-03-17T00:24:06.110+0500: 1672.034: [Tenured: 317100K->44659K(349568K), 0.2196416 secs] 474348K->44659K(506816K), [Metaspace: 5350K->5350K(1056768K)], 0.2197421 secs] [Times: user=0.22 sys=0.00, real=0.22 secs] 
2018-03-17T00:24:06.361+0500: 1672.285: [GC (Allocation Failure) 2018-03-17T00:24:06.361+0500: 1672.285: [DefNew: 139776K->17471K(157248K), 0.2716101 secs] 184435K->184434K(506816K), 0.2716730 secs] [Times: user=0.28 sys=0.00, real=0.27 secs] 
2018-03-17T00:24:06.659+0500: 1672.583: [GC (Allocation Failure) 2018-03-17T00:24:06.659+0500: 1672.583: [DefNew: 157247K->17472K(157248K), 0.2851171 secs] 324210K->324208K(506816K), 0.2852065 secs] [Times: user=0.30 sys=0.00, real=0.29 secs] 
2018-03-17T00:24:06.983+0500: 1672.908: [GC (Allocation Failure) 2018-03-17T00:24:06.983+0500: 1672.908: [DefNew: 157248K->157248K(157248K), 0.0000163 secs]2018-03-17T00:24:06.983+0500: 1672.908: [Tenured: 306736K->34272K(349568K), 0.1973673 secs] 463984K->34272K(506816K), [Metaspace: 5350K->5350K(1056768K)], 0.1974554 secs] [Times: user=0.20 sys=0.00, real=0.20 secs] 
2018-03-17T00:24:07.222+0500: 1673.145: [GC (Allocation Failure) 2018-03-17T00:24:07.222+0500: 1673.145: [DefNew: 139776K->17472K(157248K), 0.2745134 secs] 174048K->174046K(506816K), 0.2745883 secs] [Times: user=0.28 sys=0.00, real=0.27 secs] 
2018-03-17T00:24:07.526+0500: 1673.450: [GC (Allocation Failure) 2018-03-17T00:24:07.526+0500: 1673.450: [DefNew: 157248K->17472K(157248K), 0.2619297 secs] 313822K->313821K(506816K), 0.2620076 secs] [Times: user=0.27 sys=0.00, real=0.26 secs] 
2018-03-17T00:24:07.817+0500: 1673.741: [GC (Allocation Failure) 2018-03-17T00:24:07.817+0500: 1673.741: [DefNew: 157248K->157248K(157248K), 0.0000171 secs]2018-03-17T00:24:07.817+0500: 1673.741: [Tenured: 296349K->23908K(349568K), 0.1691314 secs] 453597K->23908K(506816K), [Metaspace: 5350K->5350K(1056768K)], 0.1692461 secs] [Times: user=0.17 sys=0.00, real=0.17 secs] 
2018-03-17T00:24:08.025+0500: 1673.949: [GC (Allocation Failure) 2018-03-17T00:24:08.025+0500: 1673.949: [DefNew: 139776K->17472K(157248K), 0.2706256 secs] 163684K->163683K(506816K), 0.2707000 secs] [Times: user=0.27 sys=0.00, real=0.27 secs] 
2018-03-17T00:24:08.321+0500: 1674.245: [GC (Allocation Failure) 2018-03-17T00:24:08.321+0500: 1674.245: [DefNew: 157248K->17472K(157248K), 0.2590974 secs] 303459K->303458K(506816K), 0.2591598 secs] [Times: user=0.25 sys=0.00, real=0.26 secs] 
2018-03-17T00:24:08.607+0500: 1674.530: [GC (Allocation Failure) 2018-03-17T00:24:08.607+0500: 1674.530: [DefNew: 146063K->146063K(157248K), 0.0000167 secs]2018-03-17T00:24:08.607+0500: 1674.530: [Tenured: 285986K->715K(349568K), 0.1413092 secs] 432050K->715K(506816K), [Metaspace: 5350K->5350K(1056768K)], 0.1413938 secs] [Times: user=0.14 sys=0.00, real=0.14 secs] 
2018-03-17T00:24:08.774+0500: 1674.697: [GC (Allocation Failure) 2018-03-17T00:24:08.774+0500: 1674.697: [DefNew: 139776K->17472K(157248K), 0.2241102 secs] 140491K->140490K(506816K), 0.2241765 secs] [Times: user=0.22 sys=0.00, real=0.22 secs] 
2018-03-17T00:24:09.023+0500: 1674.947: [GC (Allocation Failure) 2018-03-17T00:24:09.023+0500: 1674.947: [DefNew: 157248K->17472K(157248K), 0.2764191 secs] 280266K->280229K(506816K), 0.2764875 secs] [Times: user=0.25 sys=0.00, real=0.28 secs] 
2018-03-17T00:24:09.332+0500: 1675.256: [GC (Allocation Failure) 2018-03-17T00:24:09.333+0500: 1675.257: [DefNew: 157248K->157248K(157248K), 0.0000316 secs]2018-03-17T00:24:09.333+0500: 1675.257: [Tenured: 262757K->205160K(349568K), 0.4846787 secs] 420005K->205160K(506816K), [Metaspace: 5350K->5350K(1056768K)], 0.4848202 secs] [Times: user=0.49 sys=0.00, real=0.48 secs] 
2018-03-17T00:24:09.843+0500: 1675.768: [GC (Allocation Failure) 2018-03-17T00:24:09.843+0500: 1675.768: [DefNew: 139776K->17472K(157248K), 0.2301422 secs] 344936K->344935K(506816K), 0.2302038 secs] [Times: user=0.23 sys=0.00, real=0.23 secs] 
2018-03-17T00:24:10.100+0500: 1676.024: [GC (Allocation Failure) 2018-03-17T00:24:10.100+0500: 1676.024: [DefNew: 157248K->157248K(157248K), 0.0000163 secs]2018-03-17T00:24:10.100+0500: 1676.024: [Tenured: 327463K->55022K(349568K), 0.2207527 secs] 484711K->55022K(506816K), [Metaspace: 5350K->5350K(1056768K)], 0.2208420 secs] [Times: user=0.22 sys=0.00, real=0.22 secs] 
2018-03-17T00:24:10.350+0500: 1676.274: [GC (Allocation Failure) 2018-03-17T00:24:10.350+0500: 1676.274: [DefNew: 139776K->17472K(157248K), 0.2587142 secs] 194798K->194797K(506816K), 0.2587758 secs] [Times: user=0.25 sys=0.00, real=0.26 secs] 
2018-03-17T00:24:10.634+0500: 1676.558: [GC (Allocation Failure) 2018-03-17T00:24:10.635+0500: 1676.558: [DefNew: 157248K->17471K(157248K), 0.2514261 secs] 334573K->334572K(506816K), 0.2515125 secs] [Times: user=0.25 sys=0.00, real=0.25 secs] 
2018-03-17T00:24:10.911+0500: 1676.835: [GC (Allocation Failure) 2018-03-17T00:24:10.911+0500: 1676.835: [DefNew: 157247K->157247K(157248K), 0.0000158 secs]2018-03-17T00:24:10.911+0500: 1676.835: [Tenured: 317100K->44659K(349568K), 0.2096914 secs] 474348K->44659K(506816K), [Metaspace: 5350K->5350K(1056768K)], 0.2097876 secs] [Times: user=0.22 sys=0.00, real=0.21 secs] 
2018-03-17T00:24:11.151+0500: 1677.075: [GC (Allocation Failure) 2018-03-17T00:24:11.151+0500: 1677.075: [DefNew: 139776K->17471K(157248K), 0.2671963 secs] 184435K->184434K(506816K), 0.2672668 secs] [Times: user=0.27 sys=0.00, real=0.27 secs] 
2018-03-17T00:24:11.448+0500: 1677.371: [GC (Allocation Failure) 2018-03-17T00:24:11.448+0500: 1677.371: [DefNew: 157247K->17472K(157248K), 0.2822069 secs] 324210K->324208K(506816K), 0.2822886 secs] [Times: user=0.28 sys=0.00, real=0.28 secs] 
2018-03-17T00:24:11.761+0500: 1677.685: [GC (Allocation Failure) 2018-03-17T00:24:11.762+0500: 1677.685: [DefNew: 157248K->157248K(157248K), 0.0000325 secs]2018-03-17T00:24:11.762+0500: 1677.685: [Tenured: 306736K->34272K(349568K), 0.1956254 secs] 463984K->34272K(506816K), [Metaspace: 5350K->5350K(1056768K)], 0.1957495 secs] [Times: user=0.19 sys=0.00, real=0.20 secs] 
2018-03-17T00:24:11.992+0500: 1677.915: [GC (Allocation Failure) 2018-03-17T00:24:11.992+0500: 1677.916: [DefNew: 139776K->17472K(157248K), 0.2970717 secs] 174048K->174046K(506816K), 0.2971517 secs] [Times: user=0.28 sys=0.00, real=0.30 secs] 
2018-03-17T00:24:12.315+0500: 1678.240: [GC (Allocation Failure) 2018-03-17T00:24:12.316+0500: 1678.240: [DefNew: 157248K->17472K(157248K), 0.2652205 secs] 313822K->313821K(506816K), 0.2652992 secs] [Times: user=0.27 sys=0.00, real=0.27 secs] 
2018-03-17T00:24:12.610+0500: 1678.535: [GC (Allocation Failure) 2018-03-17T00:24:12.610+0500: 1678.535: [DefNew: 157248K->157248K(157248K), 0.0000171 secs]2018-03-17T00:24:12.610+0500: 1678.535: [Tenured: 296349K->23908K(349568K), 0.1642489 secs] 453597K->23908K(506816K), [Metaspace: 5350K->5350K(1056768K)], 0.1643396 secs] [Times: user=0.17 sys=0.00, real=0.17 secs] 
2018-03-17T00:24:12.810+0500: 1678.733: [GC (Allocation Failure) 2018-03-17T00:24:12.810+0500: 1678.733: [DefNew: 139776K->17472K(157248K), 0.3132101 secs] 163684K->163683K(506816K), 0.3132751 secs] [Times: user=0.31 sys=0.00, real=0.31 secs] 
2018-03-17T00:24:13.153+0500: 1679.076: [GC (Allocation Failure) 2018-03-17T00:24:13.153+0500: 1679.076: [DefNew: 157248K->17472K(157248K), 0.2703810 secs] 303459K->303458K(506816K), 0.2704392 secs] [Times: user=0.27 sys=0.00, real=0.27 secs] 
2018-03-17T00:24:13.453+0500: 1679.377: [GC (Allocation Failure) 2018-03-17T00:24:13.453+0500: 1679.377: [DefNew: 146063K->146063K(157248K), 0.0000214 secs]2018-03-17T00:24:13.453+0500: 1679.377: [Tenured: 285986K->715K(349568K), 0.1432071 secs] 432050K->715K(506816K), [Metaspace: 5350K->5350K(1056768K)], 0.1433127 secs] [Times: user=0.14 sys=0.00, real=0.14 secs] 
2018-03-17T00:24:13.626+0500: 1679.550: [GC (Allocation Failure) 2018-03-17T00:24:13.626+0500: 1679.550: [DefNew: 139776K->17472K(157248K), 0.2402592 secs] 140491K->140490K(506816K), 0.2403324 secs] [Times: user=0.24 sys=0.00, real=0.24 secs] 
2018-03-17T00:24:13.895+0500: 1679.819: [GC (Allocation Failure) 2018-03-17T00:24:13.895+0500: 1679.819: [DefNew: 157248K->17472K(157248K), 0.2643357 secs] 280266K->280229K(506816K), 0.2643990 secs] [Times: user=0.27 sys=0.00, real=0.26 secs] 
2018-03-17T00:24:14.188+0500: 1680.112: [GC (Allocation Failure) 2018-03-17T00:24:14.188+0500: 1680.112: [DefNew: 157248K->157248K(157248K), 0.0000175 secs]2018-03-17T00:24:14.188+0500: 1680.112: [Tenured: 262757K->205160K(349568K), 0.5884197 secs] 420005K->205160K(506816K), [Metaspace: 5350K->5350K(1056768K)], 0.5885335 secs] [Times: user=0.59 sys=0.00, real=0.59 secs] 
2018-03-17T00:24:14.809+0500: 1680.733: [GC (Allocation Failure) 2018-03-17T00:24:14.809+0500: 1680.733: [DefNew: 139776K->17472K(157248K), 0.2502650 secs] 344936K->344935K(506816K), 0.2503279 secs] [Times: user=0.25 sys=0.00, real=0.25 secs] 
2018-03-17T00:24:15.085+0500: 1681.009: [GC (Allocation Failure) 2018-03-17T00:24:15.085+0500: 1681.009: [DefNew: 157248K->157248K(157248K), 0.0000163 secs]2018-03-17T00:24:15.085+0500: 1681.009: [Tenured: 327463K->55022K(349568K), 0.2247033 secs] 484711K->55022K(506816K), [Metaspace: 5350K->5350K(1056768K)], 0.2247910 secs] [Times: user=0.22 sys=0.00, real=0.22 secs] 
2018-03-17T00:24:15.344+0500: 1681.268: [GC (Allocation Failure) 2018-03-17T00:24:15.344+0500: 1681.268: [DefNew: 139776K->17472K(157248K), 0.2761894 secs] 194798K->194797K(506816K), 0.2762497 secs] [Times: user=0.28 sys=0.00, real=0.28 secs] 
2018-03-17T00:24:15.650+0500: 1681.573: [GC (Allocation Failure) 2018-03-17T00:24:15.650+0500: 1681.573: [DefNew: 157248K->17471K(157248K), 0.2722695 secs] 334573K->334572K(506816K), 0.2723906 secs] [Times: user=0.27 sys=0.00, real=0.27 secs] 
2018-03-17T00:24:15.949+0500: 1681.873: [GC (Allocation Failure) 2018-03-17T00:24:15.949+0500: 1681.873: [DefNew: 157247K->157247K(157248K), 0.0000163 secs]2018-03-17T00:24:15.949+0500: 1681.873: [Tenured: 317100K->44659K(349568K), 0.2452157 secs] 474348K->44659K(506816K), [Metaspace: 5350K->5350K(1056768K)], 0.2453132 secs] [Times: user=0.25 sys=0.00, real=0.25 secs] 
2018-03-17T00:24:16.254+0500: 1682.178: [GC (Allocation Failure) 2018-03-17T00:24:16.254+0500: 1682.178: [DefNew: 139776K->17471K(157248K), 0.4091538 secs] 184435K->184434K(506816K), 0.4092162 secs] [Times: user=0.41 sys=0.00, real=0.41 secs] 
2018-03-17T00:24:16.695+0500: 1682.619: [GC (Allocation Failure) 2018-03-17T00:24:16.695+0500: 1682.619: [DefNew: 157247K->17472K(157248K), 0.3415439 secs] 324210K->324208K(506816K), 0.3416597 secs] [Times: user=0.33 sys=0.00, real=0.34 secs] 
2018-03-17T00:24:17.075+0500: 1682.998: [GC (Allocation Failure) 2018-03-17T00:24:17.075+0500: 1682.998: [DefNew: 157248K->157248K(157248K), 0.0000175 secs]2018-03-17T00:24:17.075+0500: 1682.998: [Tenured: 306736K->34272K(349568K), 0.1818815 secs] 463984K->34272K(506816K), [Metaspace: 5350K->5350K(1056768K)], 0.1819752 secs] [Times: user=0.19 sys=0.00, real=0.18 secs] 
2018-03-17T00:24:17.287+0500: 1683.210: [GC (Allocation Failure) 2018-03-17T00:24:17.287+0500: 1683.210: [DefNew: 139776K->17472K(157248K), 0.2596525 secs] 174048K->174046K(506816K), 0.2597217 secs] [Times: user=0.27 sys=0.00, real=0.26 secs] 
2018-03-17T00:24:17.572+0500: 1683.496: [GC (Allocation Failure) 2018-03-17T00:24:17.572+0500: 1683.496: [DefNew: 157248K->17472K(157248K), 0.2532124 secs] 313822K->313821K(506816K), 0.2532693 secs] [Times: user=0.25 sys=0.00, real=0.25 secs] 
2018-03-17T00:24:17.851+0500: 1683.775: [GC (Allocation Failure) 2018-03-17T00:24:17.851+0500: 1683.775: [DefNew: 157248K->157248K(157248K), 0.0000171 secs]2018-03-17T00:24:17.851+0500: 1683.775: [Tenured: 296349K->23908K(349568K), 0.1556343 secs] 453597K->23908K(506816K), [Metaspace: 5350K->5350K(1056768K)], 0.1557284 secs] [Times: user=0.16 sys=0.00, real=0.15 secs] 
2018-03-17T00:24:18.038+0500: 1683.962: [GC (Allocation Failure) 2018-03-17T00:24:18.038+0500: 1683.962: [DefNew: 139776K->17472K(157248K), 0.2662353 secs] 163684K->163683K(506816K), 0.2662973 secs] [Times: user=0.27 sys=0.00, real=0.27 secs] 
2018-03-17T00:24:18.329+0500: 1684.253: [GC (Allocation Failure) 2018-03-17T00:24:18.329+0500: 1684.253: [DefNew: 157248K->17472K(157248K), 0.2584798 secs] 303459K->303458K(506816K), 0.2585572 secs] [Times: user=0.27 sys=0.00, real=0.26 secs] 
2018-03-17T00:24:18.615+0500: 1684.538: [GC (Allocation Failure) 2018-03-17T00:24:18.615+0500: 1684.538: [DefNew: 146063K->146063K(157248K), 0.0000171 secs]2018-03-17T00:24:18.615+0500: 1684.538: [Tenured: 285986K->715K(349568K), 0.1352442 secs] 432050K->715K(506816K), [Metaspace: 5350K->5350K(1056768K)], 0.1353301 secs] [Times: user=0.14 sys=0.00, real=0.13 secs] 
2018-03-17T00:24:18.775+0500: 1684.699: [GC (Allocation Failure) 2018-03-17T00:24:18.775+0500: 1684.699: [DefNew: 139776K->17472K(157248K), 0.2240259 secs] 140491K->140490K(506816K), 0.2240871 secs] [Times: user=0.20 sys=0.00, real=0.22 secs] 
2018-03-17T00:24:19.025+0500: 1684.949: [GC (Allocation Failure) 2018-03-17T00:24:19.025+0500: 1684.949: [DefNew: 157248K->17472K(157248K), 0.2560230 secs] 280266K->280229K(506816K), 0.2561684 secs] [Times: user=0.23 sys=0.00, real=0.26 secs] 
2018-03-17T00:24:19.310+0500: 1685.234: [GC (Allocation Failure) 2018-03-17T00:24:19.310+0500: 1685.235: [DefNew: 157248K->157248K(157248K), 0.0000158 secs]2018-03-17T00:24:19.310+0500: 1685.235: [Tenured: 262757K->205160K(349568K), 0.5385694 secs] 420005K->205160K(506816K), [Metaspace: 5350K->5350K(1056768K)], 0.5386772 secs] [Times: user=0.55 sys=0.00, real=0.54 secs] 
2018-03-17T00:24:19.877+0500: 1685.800: [GC (Allocation Failure) 2018-03-17T00:24:19.877+0500: 1685.800: [DefNew: 139776K->17472K(157248K), 0.2456494 secs] 344936K->344935K(506816K), 0.2457118 secs] [Times: user=0.25 sys=0.00, real=0.24 secs] 
2018-03-17T00:24:20.149+0500: 1686.073: [GC (Allocation Failure) 2018-03-17T00:24:20.149+0500: 1686.073: [DefNew: 157248K->157248K(157248K), 0.0000158 secs]2018-03-17T00:24:20.149+0500: 1686.073: [Tenured: 327463K->55022K(349568K), 0.2284581 secs] 484711K->55022K(506816K), [Metaspace: 5350K->5350K(1056768K)], 0.2285484 secs] [Times: user=0.22 sys=0.00, real=0.23 secs] 
2018-03-17T00:24:20.411+0500: 1686.335: [GC (Allocation Failure) 2018-03-17T00:24:20.411+0500: 1686.335: [DefNew: 139776K->17472K(157248K), 0.2690771 secs] 194798K->194797K(506816K), 0.2691549 secs] [Times: user=0.28 sys=0.00, real=0.27 secs] 
2018-03-17T00:24:20.707+0500: 1686.631: [GC (Allocation Failure) 2018-03-17T00:24:20.707+0500: 1686.631: [DefNew: 157248K->17471K(157248K), 0.2606164 secs] 334573K->334572K(506816K), 0.2606801 secs] [Times: user=0.27 sys=0.00, real=0.26 secs] 
2018-03-17T00:24:20.994+0500: 1686.918: [GC (Allocation Failure) 2018-03-17T00:24:20.994+0500: 1686.918: [DefNew: 157247K->157247K(157248K), 0.0000158 secs]2018-03-17T00:24:20.994+0500: 1686.918: [Tenured: 317100K->44659K(349568K), 0.2255804 secs] 474348K->44659K(506816K), [Metaspace: 5350K->5350K(1056768K)], 0.2256737 secs] [Times: user=0.22 sys=0.00, real=0.23 secs] 
2018-03-17T00:24:21.275+0500: 1687.198: [GC (Allocation Failure) 2018-03-17T00:24:21.275+0500: 1687.198: [DefNew: 139776K->17471K(157248K), 0.3586504 secs] 184435K->184434K(506816K), 0.3587218 secs] [Times: user=0.36 sys=0.00, real=0.36 secs] 
2018-03-17T00:24:21.669+0500: 1687.593: [GC (Allocation Failure) 2018-03-17T00:24:21.669+0500: 1687.593: [DefNew: 157247K->17472K(157248K), 0.3371305 secs] 324210K->324208K(506816K), 0.3372130 secs] [Times: user=0.34 sys=0.00, real=0.34 secs] 
2018-03-17T00:24:22.044+0500: 1687.968: [GC (Allocation Failure) 2018-03-17T00:24:22.044+0500: 1687.968: [DefNew: 157248K->157248K(157248K), 0.0000299 secs]2018-03-17T00:24:22.044+0500: 1687.968: [Tenured: 306736K->34272K(349568K), 0.2119122 secs] 463984K->34272K(506816K), [Metaspace: 5350K->5350K(1056768K)], 0.2120332 secs] [Times: user=0.20 sys=0.00, real=0.21 secs] 
2018-03-17T00:24:22.293+0500: 1688.218: [GC (Allocation Failure) 2018-03-17T00:24:22.293+0500: 1688.218: [DefNew: 139776K->17472K(157248K), 0.4411221 secs] 174048K->174046K(506816K), 0.4411974 secs] [Times: user=0.44 sys=0.00, real=0.44 secs] 
2018-03-17T00:24:22.773+0500: 1688.696: [GC (Allocation Failure) 2018-03-17T00:24:22.773+0500: 1688.696: [DefNew: 157248K->17472K(157248K), 0.2938267 secs] 313822K->313821K(506816K), 0.2938964 secs] [Times: user=0.28 sys=0.00, real=0.29 secs] 
2018-03-17T00:24:23.098+0500: 1689.022: [GC (Allocation Failure) 2018-03-17T00:24:23.098+0500: 1689.022: [DefNew: 157248K->157248K(157248K), 0.0000188 secs]2018-03-17T00:24:23.098+0500: 1689.022: [Tenured: 296349K->23908K(349568K), 0.1685058 secs] 453597K->23908K(506816K), [Metaspace: 5350K->5350K(1056768K)], 0.1686084 secs] [Times: user=0.17 sys=0.00, real=0.17 secs] 
2018-03-17T00:24:23.301+0500: 1689.225: [GC (Allocation Failure) 2018-03-17T00:24:23.301+0500: 1689.225: [DefNew: 139776K->17472K(157248K), 0.2745925 secs] 163684K->163683K(506816K), 0.2746674 secs] [Times: user=0.28 sys=0.00, real=0.27 secs] 
2018-03-17T00:24:23.603+0500: 1689.527: [GC (Allocation Failure) 2018-03-17T00:24:23.603+0500: 1689.527: [DefNew: 157248K->17472K(157248K), 0.2622547 secs] 303459K->303458K(506816K), 0.2623373 secs] [Times: user=0.27 sys=0.00, real=0.26 secs] 
2018-03-17T00:24:23.892+0500: 1689.816: [GC (Allocation Failure) 2018-03-17T00:24:23.892+0500: 1689.816: [DefNew: 146063K->146063K(157248K), 0.0000158 secs]2018-03-17T00:24:23.892+0500: 1689.816: [Tenured: 285986K->715K(349568K), 0.1374765 secs] 432050K->715K(506816K), [Metaspace: 5350K->5350K(1056768K)], 0.1375633 secs] [Times: user=0.14 sys=0.00, real=0.14 secs] 
2018-03-17T00:24:24.056+0500: 1689.979: [GC (Allocation Failure) 2018-03-17T00:24:24.056+0500: 1689.980: [DefNew: 139776K->17472K(157248K), 0.2456481 secs] 140491K->140490K(506816K), 0.2457452 secs] [Times: user=0.24 sys=0.00, real=0.25 secs] 
2018-03-17T00:24:24.336+0500: 1690.259: [GC (Allocation Failure) 2018-03-17T00:24:24.336+0500: 1690.259: [DefNew: 157248K->17472K(157248K), 0.2900163 secs] 280266K->280229K(506816K), 0.2901100 secs] [Times: user=0.28 sys=0.00, real=0.29 secs] 
2018-03-17T00:24:24.662+0500: 1690.585: [GC (Allocation Failure) 2018-03-17T00:24:24.662+0500: 1690.586: [DefNew: 157248K->157248K(157248K), 0.0000483 secs]2018-03-17T00:24:24.662+0500: 1690.586: [Tenured: 262757K->205160K(349568K), 0.4921378 secs] 420005K->205160K(506816K), [Metaspace: 5350K->5350K(1056768K)], 0.4923080 secs] [Times: user=0.50 sys=0.00, real=0.49 secs] 
2018-03-17T00:24:25.179+0500: 1691.104: [GC (Allocation Failure) 2018-03-17T00:24:25.179+0500: 1691.104: [DefNew: 139776K->17472K(157248K), 0.2276400 secs] 344936K->344935K(506816K), 0.2277055 secs] [Times: user=0.22 sys=0.00, real=0.23 secs] 
2018-03-17T00:24:25.434+0500: 1691.358: [GC (Allocation Failure) 2018-03-17T00:24:25.434+0500: 1691.358: [DefNew: 157248K->157248K(157248K), 0.0000167 secs]2018-03-17T00:24:25.434+0500: 1691.358: [Tenured: 327463K->55022K(349568K), 0.2235076 secs] 484711K->55022K(506816K), [Metaspace: 5350K->5350K(1056768K)], 0.2235961 secs] [Times: user=0.22 sys=0.00, real=0.22 secs] 
2018-03-17T00:24:25.687+0500: 1691.611: [GC (Allocation Failure) 2018-03-17T00:24:25.687+0500: 1691.611: [DefNew: 139776K->17472K(157248K), 0.2600536 secs] 194798K->194797K(506816K), 0.2601225 secs] [Times: user=0.25 sys=0.00, real=0.26 secs] 
2018-03-17T00:24:25.973+0500: 1691.897: [GC (Allocation Failure) 2018-03-17T00:24:25.973+0500: 1691.897: [DefNew: 157248K->17471K(157248K), 0.2755411 secs] 334573K->334572K(506816K), 0.2756039 secs] [Times: user=0.28 sys=0.00, real=0.27 secs] 
2018-03-17T00:24:26.274+0500: 1692.198: [GC (Allocation Failure) 2018-03-17T00:24:26.274+0500: 1692.198: [DefNew: 157247K->157247K(157248K), 0.0000163 secs]2018-03-17T00:24:26.274+0500: 1692.198: [Tenured: 317100K->44659K(349568K), 0.1989877 secs] 474348K->44659K(506816K), [Metaspace: 5350K->5350K(1056768K)], 0.1990783 secs] [Times: user=0.19 sys=0.00, real=0.20 secs] 
2018-03-17T00:24:26.503+0500: 1692.427: [GC (Allocation Failure) 2018-03-17T00:24:26.503+0500: 1692.427: [DefNew: 139776K->17471K(157248K), 0.2633979 secs] 184435K->184434K(506816K), 0.2634599 secs] [Times: user=0.25 sys=0.00, real=0.26 secs] 
2018-03-17T00:24:26.792+0500: 1692.716: [GC (Allocation Failure) 2018-03-17T00:24:26.792+0500: 1692.716: [DefNew: 157247K->17472K(157248K), 0.2558498 secs] 324210K->324208K(506816K), 0.2559203 secs] [Times: user=0.25 sys=0.00, real=0.26 secs] 
2018-03-17T00:24:27.074+0500: 1692.998: [GC (Allocation Failure) 2018-03-17T00:24:27.074+0500: 1692.998: [DefNew: 157248K->157248K(157248K), 0.0000163 secs]2018-03-17T00:24:27.074+0500: 1692.998: [Tenured: 306736K->34272K(349568K), 0.1846480 secs] 463984K->34272K(506816K), [Metaspace: 5350K->5350K(1056768K)], 0.1847382 secs] [Times: user=0.19 sys=0.00, real=0.19 secs] 
2018-03-17T00:24:27.289+0500: 1693.213: [GC (Allocation Failure) 2018-03-17T00:24:27.289+0500: 1693.213: [DefNew: 139776K->17472K(157248K), 0.2601225 secs] 174048K->174046K(506816K), 0.2601849 secs] [Times: user=0.25 sys=0.00, real=0.26 secs] 
2018-03-17T00:24:27.575+0500: 1693.499: [GC (Allocation Failure) 2018-03-17T00:24:27.576+0500: 1693.499: [DefNew: 157248K->17472K(157248K), 0.3211781 secs] 313822K->313821K(506816K), 0.3213009 secs] [Times: user=0.33 sys=0.00, real=0.32 secs] 
2018-03-17T00:24:27.927+0500: 1693.851: [GC (Allocation Failure) 2018-03-17T00:24:27.927+0500: 1693.851: [DefNew: 157248K->157248K(157248K), 0.0000269 secs]2018-03-17T00:24:27.927+0500: 1693.851: [Tenured: 296349K->23908K(349568K), 0.1801187 secs] 453597K->23908K(506816K), [Metaspace: 5350K->5350K(1056768K)], 0.1802415 secs] [Times: user=0.19 sys=0.00, real=0.18 secs] 
2018-03-17T00:24:28.150+0500: 1694.075: [GC (Allocation Failure) 2018-03-17T00:24:28.151+0500: 1694.075: [DefNew: 139776K->17472K(157248K), 0.2886012 secs] 163684K->163683K(506816K), 0.2886953 secs] [Times: user=0.28 sys=0.00, real=0.29 secs] 
2018-03-17T00:24:28.473+0500: 1694.396: [GC (Allocation Failure) 2018-03-17T00:24:28.473+0500: 1694.396: [DefNew: 157248K->17472K(157248K), 0.2690660 secs] 303459K->303458K(506816K), 0.2691442 secs] [Times: user=0.28 sys=0.00, real=0.27 secs] 
2018-03-17T00:24:28.769+0500: 1694.693: [GC (Allocation Failure) 2018-03-17T00:24:28.769+0500: 1694.693: [DefNew: 146063K->146063K(157248K), 0.0000163 secs]2018-03-17T00:24:28.769+0500: 1694.693: [Tenured: 285986K->715K(349568K), 0.1388176 secs] 432050K->715K(506816K), [Metaspace: 5350K->5350K(1056768K)], 0.1389045 secs] [Times: user=0.11 sys=0.00, real=0.14 secs] 
2018-03-17T00:24:28.935+0500: 1694.859: [GC (Allocation Failure) 2018-03-17T00:24:28.935+0500: 1694.859: [DefNew: 139776K->17472K(157248K), 0.3128329 secs] 140491K->140490K(506816K), 0.3129107 secs] [Times: user=0.30 sys=0.00, real=0.31 secs] 
2018-03-17T00:24:29.282+0500: 1695.206: [GC (Allocation Failure) 2018-03-17T00:24:29.282+0500: 1695.206: [DefNew: 157248K->17472K(157248K), 0.3116329 secs] 280266K->280229K(506816K), 0.3117159 secs] [Times: user=0.31 sys=0.00, real=0.31 secs] 
2018-03-17T00:24:29.629+0500: 1695.553: [GC (Allocation Failure) 2018-03-17T00:24:29.629+0500: 1695.553: [DefNew: 157248K->157248K(157248K), 0.0000295 secs]2018-03-17T00:24:29.629+0500: 1695.553: [Tenured: 262757K->205160K(349568K), 0.5102904 secs] 420005K->205160K(506816K), [Metaspace: 5350K->5350K(1056768K)], 0.5104196 secs] [Times: user=0.52 sys=0.00, real=0.51 secs] 
2018-03-17T00:24:30.167+0500: 1696.091: [GC (Allocation Failure) 2018-03-17T00:24:30.167+0500: 1696.091: [DefNew: 139776K->17472K(157248K), 0.2236291 secs] 344936K->344935K(506816K), 0.2236924 secs] [Times: user=0.22 sys=0.00, real=0.22 secs] 
2018-03-17T00:24:30.417+0500: 1696.341: [GC (Allocation Failure) 2018-03-17T00:24:30.417+0500: 1696.341: [DefNew: 157248K->157248K(157248K), 0.0000167 secs]2018-03-17T00:24:30.417+0500: 1696.341: [Tenured: 327463K->55022K(349568K), 0.2270879 secs] 484711K->55022K(506816K), [Metaspace: 5350K->5350K(1056768K)], 0.2271773 secs] [Times: user=0.22 sys=0.00, real=0.23 secs] 
2018-03-17T00:24:30.673+0500: 1696.597: [GC (Allocation Failure) 2018-03-17T00:24:30.673+0500: 1696.597: [DefNew: 139776K->17472K(157248K), 0.2632276 secs] 194798K->194797K(506816K), 0.2632888 secs] [Times: user=0.26 sys=0.00, real=0.26 secs] 
2018-03-17T00:24:30.965+0500: 1696.889: [GC (Allocation Failure) 2018-03-17T00:24:30.965+0500: 1696.889: [DefNew: 157248K->17471K(157248K), 0.3079269 secs] 334573K->334572K(506816K), 0.3080231 secs] [Times: user=0.31 sys=0.00, real=0.31 secs] 
2018-03-17T00:24:31.307+0500: 1697.230: [GC (Allocation Failure) 2018-03-17T00:24:31.307+0500: 1697.230: [DefNew: 157247K->157247K(157248K), 0.0000167 secs]2018-03-17T00:24:31.307+0500: 1697.230: [Tenured: 317100K->44659K(349568K), 0.2103957 secs] 474348K->44659K(506816K), [Metaspace: 5350K->5350K(1056768K)], 0.2104864 secs] [Times: user=0.20 sys=0.00, real=0.21 secs] 
2018-03-17T00:24:31.547+0500: 1697.471: [GC (Allocation Failure) 2018-03-17T00:24:31.547+0500: 1697.471: [DefNew: 139776K->17471K(157248K), 0.2562415 secs] 184435K->184434K(506816K), 0.2563138 secs] [Times: user=0.26 sys=0.00, real=0.26 secs] 
2018-03-17T00:24:31.830+0500: 1697.754: [GC (Allocation Failure) 2018-03-17T00:24:31.830+0500: 1697.754: [DefNew: 157247K->17472K(157248K), 0.2844910 secs] 324210K->324208K(506816K), 0.2845663 secs] [Times: user=0.28 sys=0.00, real=0.28 secs] 
2018-03-17T00:24:32.151+0500: 1698.075: [GC (Allocation Failure) 2018-03-17T00:24:32.151+0500: 1698.075: [DefNew: 157248K->157248K(157248K), 0.0000171 secs]2018-03-17T00:24:32.151+0500: 1698.075: [Tenured: 306736K->34272K(349568K), 0.1948993 secs] 463984K->34272K(506816K), [Metaspace: 5350K->5350K(1056768K)], 0.1949912 secs] [Times: user=0.19 sys=0.00, real=0.19 secs] 
2018-03-17T00:24:32.379+0500: 1698.303: [GC (Allocation Failure) 2018-03-17T00:24:32.379+0500: 1698.303: [DefNew: 139776K->17472K(157248K), 0.2644790 secs] 174048K->174046K(506816K), 0.2645491 secs] [Times: user=0.27 sys=0.00, real=0.27 secs] 
2018-03-17T00:24:32.675+0500: 1698.598: [GC (Allocation Failure) 2018-03-17T00:24:32.675+0500: 1698.598: [DefNew: 157248K->17472K(157248K), 0.3066482 secs] 313822K->313821K(506816K), 0.3067303 secs] [Times: user=0.30 sys=0.00, real=0.31 secs] 
2018-03-17T00:24:33.026+0500: 1698.949: [GC (Allocation Failure) 2018-03-17T00:24:33.026+0500: 1698.950: [DefNew: 157248K->157248K(157248K), 0.0000244 secs]2018-03-17T00:24:33.026+0500: 1698.950: [Tenured: 296349K->23908K(349568K), 0.1922448 secs] 453597K->23908K(506816K), [Metaspace: 5350K->5350K(1056768K)], 0.1923496 secs] [Times: user=0.19 sys=0.00, real=0.19 secs] 
2018-03-17T00:24:33.264+0500: 1699.188: [GC (Allocation Failure) 2018-03-17T00:24:33.264+0500: 1699.188: [DefNew: 139776K->17472K(157248K), 0.2630583 secs] 163684K->163683K(506816K), 0.2631207 secs] [Times: user=0.27 sys=0.00, real=0.26 secs] 
2018-03-17T00:24:33.554+0500: 1699.478: [GC (Allocation Failure) 2018-03-17T00:24:33.554+0500: 1699.478: [DefNew: 157248K->17472K(157248K), 0.2927477 secs] 303459K->303458K(506816K), 0.2928294 secs] [Times: user=0.27 sys=0.00, real=0.29 secs] 
2018-03-17T00:24:33.875+0500: 1699.799: [GC (Allocation Failure) 2018-03-17T00:24:33.875+0500: 1699.799: [DefNew: 146063K->146063K(157248K), 0.0000201 secs]2018-03-17T00:24:33.875+0500: 1699.799: [Tenured: 285986K->715K(349568K), 0.1416188 secs] 432050K->715K(506816K), [Metaspace: 5350K->5350K(1056768K)], 0.1417325 secs] [Times: user=0.14 sys=0.00, real=0.14 secs] 
2018-03-17T00:24:34.047+0500: 1699.970: [GC (Allocation Failure) 2018-03-17T00:24:34.047+0500: 1699.970: [DefNew: 139776K->17472K(157248K), 0.2446298 secs] 140491K->140490K(506816K), 0.2446923 secs] [Times: user=0.25 sys=0.00, real=0.24 secs] 
2018-03-17T00:24:34.318+0500: 1700.242: [GC (Allocation Failure) 2018-03-17T00:24:34.318+0500: 1700.242: [DefNew: 157248K->17472K(157248K), 0.2594942 secs] 280266K->280229K(506816K), 0.2595592 secs] [Times: user=0.26 sys=0.00, real=0.26 secs] 
2018-03-17T00:24:34.607+0500: 1700.531: [GC (Allocation Failure) 2018-03-17T00:24:34.607+0500: 1700.531: [DefNew: 157248K->157248K(157248K), 0.0000158 secs]2018-03-17T00:24:34.607+0500: 1700.531: [Tenured: 262757K->205160K(349568K), 0.4741353 secs] 420005K->205160K(506816K), [Metaspace: 5350K->5350K(1056768K)], 0.4742255 secs] [Times: user=0.47 sys=0.00, real=0.47 secs] 
2018-03-17T00:24:35.112+0500: 1701.036: [GC (Allocation Failure) 2018-03-17T00:24:35.112+0500: 1701.036: [DefNew: 139776K->17472K(157248K), 0.2533266 secs] 344936K->344935K(506816K), 0.2533890 secs] [Times: user=0.27 sys=0.00, real=0.25 secs] 
2018-03-17T00:24:35.392+0500: 1701.316: [GC (Allocation Failure) 2018-03-17T00:24:35.392+0500: 1701.316: [DefNew: 157248K->157248K(157248K), 0.0000175 secs]2018-03-17T00:24:35.392+0500: 1701.316: [Tenured: 327463K->55022K(349568K), 0.2237518 secs] 484711K->55022K(506816K), [Metaspace: 5350K->5350K(1056768K)], 0.2238433 secs] [Times: user=0.23 sys=0.00, real=0.22 secs] 
2018-03-17T00:24:35.645+0500: 1701.568: [GC (Allocation Failure) 2018-03-17T00:24:35.645+0500: 1701.568: [DefNew: 139776K->17472K(157248K), 0.2575788 secs] 194798K->194797K(506816K), 0.2576425 secs] [Times: user=0.27 sys=0.00, real=0.26 secs] 
2018-03-17T00:24:35.928+0500: 1701.851: [GC (Allocation Failure) 2018-03-17T00:24:35.928+0500: 1701.851: [DefNew: 157248K->17471K(157248K), 0.2587873 secs] 334573K->334572K(506816K), 0.2588489 secs] [Times: user=0.25 sys=0.00, real=0.26 secs] 
2018-03-17T00:24:36.216+0500: 1702.140: [GC (Allocation Failure) 2018-03-17T00:24:36.216+0500: 1702.140: [DefNew: 157247K->157247K(157248K), 0.0000158 secs]2018-03-17T00:24:36.216+0500: 1702.140: [Tenured: 317100K->44659K(349568K), 0.2021775 secs] 474348K->44659K(506816K), [Metaspace: 5350K->5350K(1056768K)], 0.2023225 secs] [Times: user=0.20 sys=0.00, real=0.20 secs] 
2018-03-17T00:24:36.448+0500: 1702.372: [GC (Allocation Failure) 2018-03-17T00:24:36.448+0500: 1702.372: [DefNew: 139776K->17471K(157248K), 0.2604205 secs] 184435K->184434K(506816K), 0.2604860 secs] [Times: user=0.25 sys=0.00, real=0.26 secs] 
2018-03-17T00:24:36.735+0500: 1702.658: [GC (Allocation Failure) 2018-03-17T00:24:36.735+0500: 1702.659: [DefNew: 157247K->17472K(157248K), 0.2585966 secs] 324210K->324208K(506816K), 0.2586663 secs] [Times: user=0.27 sys=0.00, real=0.26 secs] 
2018-03-17T00:24:37.019+0500: 1702.943: [GC (Allocation Failure) 2018-03-17T00:24:37.019+0500: 1702.943: [DefNew: 157248K->157248K(157248K), 0.0000163 secs]2018-03-17T00:24:37.019+0500: 1702.943: [Tenured: 306736K->34272K(349568K), 0.1804296 secs] 463984K->34272K(506816K), [Metaspace: 5350K->5350K(1056768K)], 0.1805293 secs] [Times: user=0.19 sys=0.00, real=0.18 secs] 
2018-03-17T00:24:37.230+0500: 1703.154: [GC (Allocation Failure) 2018-03-17T00:24:37.230+0500: 1703.154: [DefNew: 139776K->17472K(157248K), 0.2617869 secs] 174048K->174046K(506816K), 0.2618485 secs] [Times: user=0.27 sys=0.00, real=0.26 secs] 
2018-03-17T00:24:37.518+0500: 1703.442: [GC (Allocation Failure) 2018-03-17T00:24:37.518+0500: 1703.442: [DefNew: 157248K->17472K(157248K), 0.2672497 secs] 313822K->313821K(506816K), 0.2673267 secs] [Times: user=0.27 sys=0.00, real=0.27 secs] 
2018-03-17T00:24:37.812+0500: 1703.736: [GC (Allocation Failure) 2018-03-17T00:24:37.812+0500: 1703.736: [DefNew: 157248K->157248K(157248K), 0.0000261 secs]2018-03-17T00:24:37.812+0500: 1703.736: [Tenured: 296349K->23908K(349568K), 0.1562394 secs] 453597K->23908K(506816K), [Metaspace: 5350K->5350K(1056768K)], 0.1563450 secs] [Times: user=0.16 sys=0.00, real=0.16 secs] 
2018-03-17T00:24:37.998+0500: 1703.923: [GC (Allocation Failure) 2018-03-17T00:24:37.998+0500: 1703.923: [DefNew: 139776K->17472K(157248K), 0.2843234 secs] 163684K->163683K(506816K), 0.2843905 secs] [Times: user=0.28 sys=0.00, real=0.29 secs] 
2018-03-17T00:24:38.311+0500: 1704.234: [GC (Allocation Failure) 2018-03-17T00:24:38.311+0500: 1704.234: [DefNew: 157248K->17472K(157248K), 0.2618831 secs] 303459K->303458K(506816K), 0.2619665 secs] [Times: user=0.27 sys=0.00, real=0.26 secs] 
2018-03-17T00:24:38.599+0500: 1704.523: [GC (Allocation Failure) 2018-03-17T00:24:38.599+0500: 1704.523: [DefNew: 146063K->146063K(157248K), 0.0000180 secs]2018-03-17T00:24:38.599+0500: 1704.523: [Tenured: 285986K->715K(349568K), 0.1370138 secs] 432050K->715K(506816K), [Metaspace: 5350K->5350K(1056768K)], 0.1371010 secs] [Times: user=0.14 sys=0.00, real=0.14 secs] 
2018-03-17T00:24:38.766+0500: 1704.690: [GC (Allocation Failure) 2018-03-17T00:24:38.766+0500: 1704.690: [DefNew: 139776K->17472K(157248K), 0.2269810 secs] 140491K->140490K(506816K), 0.2270405 secs] [Times: user=0.24 sys=0.00, real=0.23 secs] 
2018-03-17T00:24:39.018+0500: 1704.942: [GC (Allocation Failure) 2018-03-17T00:24:39.018+0500: 1704.942: [DefNew: 157248K->17472K(157248K), 0.2644182 secs] 280266K->280229K(506816K), 0.2644845 secs] [Times: user=0.27 sys=0.00, real=0.27 secs] 
2018-03-17T00:24:39.312+0500: 1705.237: [GC (Allocation Failure) 2018-03-17T00:24:39.312+0500: 1705.237: [DefNew: 157248K->157248K(157248K), 0.0000269 secs]2018-03-17T00:24:39.313+0500: 1705.237: [Tenured: 262757K->205160K(349568K), 0.5373096 secs] 420005K->205160K(506816K), [Metaspace: 5350K->5350K(1056768K)], 0.5374584 secs] [Times: user=0.55 sys=0.00, real=0.54 secs] 
2018-03-17T00:24:39.883+0500: 1705.807: [GC (Allocation Failure) 2018-03-17T00:24:39.883+0500: 1705.807: [DefNew: 139776K->17472K(157248K), 0.2448663 secs] 344936K->344935K(506816K), 0.2449288 secs] [Times: user=0.24 sys=0.00, real=0.25 secs] 
2018-03-17T00:24:40.156+0500: 1706.080: [GC (Allocation Failure) 2018-03-17T00:24:40.156+0500: 1706.080: [DefNew: 157248K->157248K(157248K), 0.0000180 secs]2018-03-17T00:24:40.156+0500: 1706.080: [Tenured: 327463K->55022K(349568K), 0.2263836 secs] 484711K->55022K(506816K), [Metaspace: 5350K->5350K(1056768K)], 0.2264789 secs] [Times: user=0.23 sys=0.00, real=0.23 secs] 
2018-03-17T00:24:40.414+0500: 1706.338: [GC (Allocation Failure) 2018-03-17T00:24:40.414+0500: 1706.338: [DefNew: 139776K->17472K(157248K), 0.2646274 secs] 194798K->194797K(506816K), 0.2646894 secs] [Times: user=0.27 sys=0.00, real=0.26 secs] 
2018-03-17T00:24:40.705+0500: 1706.630: [GC (Allocation Failure) 2018-03-17T00:24:40.706+0500: 1706.630: [DefNew: 157248K->17471K(157248K), 0.3819049 secs] 334573K->334572K(506816K), 0.3819995 secs] [Times: user=0.38 sys=0.00, real=0.38 secs] 
2018-03-17T00:24:41.130+0500: 1707.054: [GC (Allocation Failure) 2018-03-17T00:24:41.131+0500: 1707.054: [DefNew: 157247K->157247K(157248K), 0.0000244 secs]2018-03-17T00:24:41.131+0500: 1707.054: [Tenured: 317100K->44659K(349568K), 0.2243120 secs] 474348K->44659K(506816K), [Metaspace: 5350K->5350K(1056768K)], 0.2244322 secs] [Times: user=0.24 sys=0.00, real=0.22 secs] 
2018-03-17T00:24:41.390+0500: 1707.314: [GC (Allocation Failure) 2018-03-17T00:24:41.390+0500: 1707.314: [DefNew: 139776K->17471K(157248K), 0.3691249 secs] 184435K->184434K(506816K), 0.3691917 secs] [Times: user=0.38 sys=0.00, real=0.37 secs] 
2018-03-17T00:24:41.807+0500: 1707.731: [GC (Allocation Failure) 2018-03-17T00:24:41.807+0500: 1707.731: [DefNew: 157247K->17472K(157248K), 0.3473411 secs] 324210K->324208K(506816K), 0.3474211 secs] [Times: user=0.34 sys=0.00, real=0.35 secs] 
2018-03-17T00:24:42.195+0500: 1708.120: [GC (Allocation Failure) 2018-03-17T00:24:42.195+0500: 1708.120: [DefNew: 157248K->157248K(157248K), 0.0000150 secs]2018-03-17T00:24:42.195+0500: 1708.120: [Tenured: 306736K->34272K(349568K), 0.2014710 secs] 463984K->34272K(506816K), [Metaspace: 5350K->5350K(1056768K)], 0.2015638 secs] [Times: user=0.20 sys=0.00, real=0.20 secs] 
2018-03-17T00:24:42.443+0500: 1708.366: [GC (Allocation Failure) 2018-03-17T00:24:42.443+0500: 1708.366: [DefNew: 139776K->17472K(157248K), 0.3533745 secs] 174048K->174046K(506816K), 0.3534463 secs] [Times: user=0.36 sys=0.00, real=0.35 secs] 
2018-03-17T00:24:42.830+0500: 1708.754: [GC (Allocation Failure) 2018-03-17T00:24:42.830+0500: 1708.754: [DefNew: 157248K->17472K(157248K), 0.4014688 secs] 313822K->313821K(506816K), 0.4015445 secs] [Times: user=0.41 sys=0.00, real=0.40 secs] 
2018-03-17T00:24:43.272+0500: 1709.196: [GC (Allocation Failure) 2018-03-17T00:24:43.272+0500: 1709.196: [DefNew: 157248K->157248K(157248K), 0.0000274 secs]2018-03-17T00:24:43.272+0500: 1709.196: [Tenured: 296349K->23908K(349568K), 0.1855995 secs] 453597K->23908K(506816K), [Metaspace: 5350K->5350K(1056768K)], 0.1857407 secs] [Times: user=0.17 sys=0.00, real=0.19 secs] 
2018-03-17T00:24:43.511+0500: 1709.435: [GC (Allocation Failure) 2018-03-17T00:24:43.511+0500: 1709.436: [DefNew: 139776K->17472K(157248K), 0.3611975 secs] 163684K->163683K(506816K), 0.3612728 secs] [Times: user=0.34 sys=0.00, real=0.36 secs] 
2018-03-17T00:24:43.900+0500: 1709.824: [GC (Allocation Failure) 2018-03-17T00:24:43.900+0500: 1709.824: [DefNew: 157248K->17472K(157248K), 0.2763113 secs] 303459K->303458K(506816K), 0.2763746 secs] [Times: user=0.26 sys=0.00, real=0.28 secs] 
2018-03-17T00:24:44.206+0500: 1710.130: [GC (Allocation Failure) 2018-03-17T00:24:44.206+0500: 1710.130: [DefNew: 146063K->146063K(157248K), 0.0000171 secs]2018-03-17T00:24:44.206+0500: 1710.130: [Tenured: 285986K->715K(349568K), 0.1429082 secs] 432050K->715K(506816K), [Metaspace: 5350K->5350K(1056768K)], 0.1429958 secs] [Times: user=0.14 sys=0.00, real=0.14 secs] 
2018-03-17T00:24:44.384+0500: 1710.308: [GC (Allocation Failure) 2018-03-17T00:24:44.384+0500: 1710.308: [DefNew: 139776K->17472K(157248K), 0.2436223 secs] 140491K->140490K(506816K), 0.2436856 secs] [Times: user=0.24 sys=0.00, real=0.24 secs] 
2018-03-17T00:24:44.655+0500: 1710.579: [GC (Allocation Failure) 2018-03-17T00:24:44.655+0500: 1710.579: [DefNew: 157248K->17472K(157248K), 0.2672159 secs] 280266K->280229K(506816K), 0.2672934 secs] [Times: user=0.26 sys=0.00, real=0.27 secs] 
2018-03-17T00:24:44.952+0500: 1710.877: [GC (Allocation Failure) 2018-03-17T00:24:44.952+0500: 1710.877: [DefNew: 157248K->157248K(157248K), 0.0000175 secs]2018-03-17T00:24:44.952+0500: 1710.877: [Tenured: 262757K->205160K(349568K), 0.5096759 secs] 420005K->205160K(506816K), [Metaspace: 5350K->5350K(1056768K)], 0.5097683 secs] [Times: user=0.52 sys=0.00, real=0.51 secs] 
2018-03-17T00:24:45.490+0500: 1711.413: [GC (Allocation Failure) 2018-03-17T00:24:45.490+0500: 1711.413: [DefNew: 139776K->17472K(157248K), 0.2328484 secs] 344936K->344935K(506816K), 0.2329113 secs] [Times: user=0.23 sys=0.00, real=0.23 secs] 
2018-03-17T00:24:45.749+0500: 1711.673: [GC (Allocation Failure) 2018-03-17T00:24:45.749+0500: 1711.673: [DefNew: 157248K->157248K(157248K), 0.0000167 secs]2018-03-17T00:24:45.749+0500: 1711.673: [Tenured: 327463K->55022K(349568K), 0.2273783 secs] 484711K->55022K(506816K), [Metaspace: 5350K->5350K(1056768K)], 0.2274685 secs] [Times: user=0.23 sys=0.00, real=0.23 secs] 
2018-03-17T00:24:46.006+0500: 1711.930: [GC (Allocation Failure) 2018-03-17T00:24:46.006+0500: 1711.930: [DefNew: 139776K->17472K(157248K), 0.2759495 secs] 194798K->194797K(506816K), 0.2760149 secs] [Times: user=0.27 sys=0.00, real=0.28 secs] 
2018-03-17T00:24:46.310+0500: 1712.234: [GC (Allocation Failure) 2018-03-17T00:24:46.310+0500: 1712.234: [DefNew: 157248K->17471K(157248K), 0.3005678 secs] 334573K->334572K(506816K), 0.3006260 secs] [Times: user=0.30 sys=0.00, real=0.30 secs] 
2018-03-17T00:24:46.641+0500: 1712.564: [GC (Allocation Failure) 2018-03-17T00:24:46.641+0500: 1712.564: [DefNew: 157247K->157247K(157248K), 0.0000205 secs]2018-03-17T00:24:46.641+0500: 1712.564: [Tenured: 317100K->44659K(349568K), 0.2234918 secs] 474348K->44659K(506816K), [Metaspace: 5350K->5350K(1056768K)], 0.2236043 secs] [Times: user=0.22 sys=0.00, real=0.22 secs] 
2018-03-17T00:24:46.911+0500: 1712.835: [GC (Allocation Failure) 2018-03-17T00:24:46.911+0500: 1712.835: [DefNew: 139776K->17471K(157248K), 0.2947590 secs] 184435K->184434K(506816K), 0.2948424 secs] [Times: user=0.28 sys=0.00, real=0.30 secs] 
2018-03-17T00:24:47.243+0500: 1713.167: [GC (Allocation Failure) 2018-03-17T00:24:47.243+0500: 1713.167: [DefNew: 157247K->17472K(157248K), 0.3242012 secs] 324210K->324208K(506816K), 0.3242957 secs] [Times: user=0.30 sys=0.00, real=0.32 secs] 
2018-03-17T00:24:47.599+0500: 1713.523: [GC (Allocation Failure) 2018-03-17T00:24:47.599+0500: 1713.523: [DefNew: 157248K->157248K(157248K), 0.0000222 secs]2018-03-17T00:24:47.599+0500: 1713.523: [Tenured: 306736K->34272K(349568K), 0.2116586 secs] 463984K->34272K(506816K), [Metaspace: 5350K->5350K(1056768K)], 0.2118322 secs] [Times: user=0.22 sys=0.00, real=0.21 secs] 
2018-03-17T00:24:47.843+0500: 1713.767: [GC (Allocation Failure) 2018-03-17T00:24:47.843+0500: 1713.767: [DefNew: 139776K->17472K(157248K), 0.2800113 secs] 174048K->174046K(506816K), 0.2800742 secs] [Times: user=0.28 sys=0.00, real=0.28 secs] 
2018-03-17T00:24:48.155+0500: 1714.078: [GC (Allocation Failure) 2018-03-17T00:24:48.155+0500: 1714.078: [DefNew: 157248K->17472K(157248K), 0.2831939 secs] 313822K->313821K(506816K), 0.2832752 secs] [Times: user=0.28 sys=0.00, real=0.28 secs] 
2018-03-17T00:24:48.469+0500: 1714.393: [GC (Allocation Failure) 2018-03-17T00:24:48.469+0500: 1714.393: [DefNew: 157248K->157248K(157248K), 0.0000163 secs]2018-03-17T00:24:48.469+0500: 1714.393: [Tenured: 296349K->23908K(349568K), 0.1641134 secs] 453597K->23908K(506816K), [Metaspace: 5350K->5350K(1056768K)], 0.1642203 secs] [Times: user=0.17 sys=0.00, real=0.16 secs] 
2018-03-17T00:24:48.666+0500: 1714.590: [GC (Allocation Failure) 2018-03-17T00:24:48.666+0500: 1714.590: [DefNew: 139776K->17472K(157248K), 0.2967784 secs] 163684K->163683K(506816K), 0.2968511 secs] [Times: user=0.30 sys=0.00, real=0.30 secs] 
2018-03-17T00:24:48.992+0500: 1714.916: [GC (Allocation Failure) 2018-03-17T00:24:48.992+0500: 1714.916: [DefNew: 157248K->17472K(157248K), 0.2701390 secs] 303459K->303458K(506816K), 0.2702014 secs] [Times: user=0.27 sys=0.00, real=0.27 secs] 
2018-03-17T00:24:49.289+0500: 1715.214: [GC (Allocation Failure) 2018-03-17T00:24:49.289+0500: 1715.214: [DefNew: 146063K->146063K(157248K), 0.0000163 secs]2018-03-17T00:24:49.289+0500: 1715.214: [Tenured: 285986K->715K(349568K), 0.1409007 secs] 432050K->715K(506816K), [Metaspace: 5350K->5350K(1056768K)], 0.1409867 secs] [Times: user=0.14 sys=0.00, real=0.14 secs] 
2018-03-17T00:24:49.457+0500: 1715.381: [GC (Allocation Failure) 2018-03-17T00:24:49.457+0500: 1715.381: [DefNew: 139776K->17472K(157248K), 0.2578405 secs] 140491K->140490K(506816K), 0.2579132 secs] [Times: user=0.27 sys=0.00, real=0.26 secs] 
2018-03-17T00:24:49.743+0500: 1715.666: [GC (Allocation Failure) 2018-03-17T00:24:49.743+0500: 1715.666: [DefNew: 157248K->17472K(157248K), 0.2675675 secs] 280266K->280229K(506816K), 0.2676346 secs] [Times: user=0.27 sys=0.00, real=0.27 secs] 
2018-03-17T00:24:50.039+0500: 1715.963: [GC (Allocation Failure) 2018-03-17T00:24:50.039+0500: 1715.963: [DefNew: 157248K->157248K(157248K), 0.0000167 secs]2018-03-17T00:24:50.039+0500: 1715.963: [Tenured: 262757K->205160K(349568K), 0.5150036 secs] 420005K->205160K(506816K), [Metaspace: 5350K->5350K(1056768K)], 0.5150990 secs] [Times: user=0.52 sys=0.00, real=0.51 secs] 
2018-03-17T00:24:50.581+0500: 1716.505: [GC (Allocation Failure) 2018-03-17T00:24:50.581+0500: 1716.505: [DefNew: 139776K->17472K(157248K), 0.2335091 secs] 344936K->344935K(506816K), 0.2335818 secs] [Times: user=0.24 sys=0.00, real=0.23 secs] 
2018-03-17T00:24:50.842+0500: 1716.766: [GC (Allocation Failure) 2018-03-17T00:24:50.842+0500: 1716.766: [DefNew: 157248K->157248K(157248K), 0.0000167 secs]2018-03-17T00:24:50.842+0500: 1716.766: [Tenured: 327463K->55022K(349568K), 0.2274018 secs] 484711K->55022K(506816K), [Metaspace: 5350K->5350K(1056768K)], 0.2274908 secs] [Times: user=0.23 sys=0.00, real=0.23 secs] 
2018-03-17T00:24:51.112+0500: 1717.035: [GC (Allocation Failure) 2018-03-17T00:24:51.112+0500: 1717.036: [DefNew: 139776K->17472K(157248K), 0.3445964 secs] 194798K->194797K(506816K), 0.3446751 secs] [Times: user=0.34 sys=0.00, real=0.34 secs] 
2018-03-17T00:24:51.497+0500: 1717.421: [GC (Allocation Failure) 2018-03-17T00:24:51.497+0500: 1717.421: [DefNew: 157248K->17471K(157248K), 0.2705910 secs] 334573K->334572K(506816K), 0.2706633 secs] [Times: user=0.27 sys=0.00, real=0.27 secs] 
2018-03-17T00:24:51.794+0500: 1717.718: [GC (Allocation Failure) 2018-03-17T00:24:51.794+0500: 1717.718: [DefNew: 157247K->157247K(157248K), 0.0000188 secs]2018-03-17T00:24:51.794+0500: 1717.718: [Tenured: 317100K->44659K(349568K), 0.2052558 secs] 474348K->44659K(506816K), [Metaspace: 5350K->5350K(1056768K)], 0.2053554 secs] [Times: user=0.20 sys=0.00, real=0.21 secs] 
2018-03-17T00:24:52.031+0500: 1717.955: [GC (Allocation Failure) 2018-03-17T00:24:52.031+0500: 1717.955: [DefNew: 139776K->17471K(157248K), 0.2664658 secs] 184435K->184434K(506816K), 0.2665424 secs] [Times: user=0.26 sys=0.00, real=0.27 secs] 
2018-03-17T00:24:52.325+0500: 1718.249: [GC (Allocation Failure) 2018-03-17T00:24:52.325+0500: 1718.249: [DefNew: 157247K->17472K(157248K), 0.2787746 secs] 324210K->324208K(506816K), 0.2788379 secs] [Times: user=0.28 sys=0.00, real=0.28 secs] 
2018-03-17T00:24:52.633+0500: 1718.556: [GC (Allocation Failure) 2018-03-17T00:24:52.633+0500: 1718.557: [DefNew: 157248K->157248K(157248K), 0.0000218 secs]2018-03-17T00:24:52.633+0500: 1718.557: [Tenured: 306736K->34272K(349568K), 0.1875462 secs] 463984K->34272K(506816K), [Metaspace: 5350K->5350K(1056768K)], 0.1876437 secs] [Times: user=0.19 sys=0.00, real=0.19 secs] 
2018-03-17T00:24:52.852+0500: 1718.776: [GC (Allocation Failure) 2018-03-17T00:24:52.852+0500: 1718.776: [DefNew: 139776K->17472K(157248K), 0.2674606 secs] 174048K->174046K(506816K), 0.2675256 secs] [Times: user=0.27 sys=0.00, real=0.27 secs] 
2018-03-17T00:24:53.146+0500: 1719.070: [GC (Allocation Failure) 2018-03-17T00:24:53.146+0500: 1719.070: [DefNew: 157248K->17472K(157248K), 0.2894728 secs] 313822K->313821K(506816K), 0.2895343 secs] [Times: user=0.30 sys=0.00, real=0.29 secs] 
2018-03-17T00:24:53.462+0500: 1719.386: [GC (Allocation Failure) 2018-03-17T00:24:53.462+0500: 1719.386: [DefNew: 157248K->157248K(157248K), 0.0000158 secs]2018-03-17T00:24:53.462+0500: 1719.386: [Tenured: 296349K->23908K(349568K), 0.1635322 secs] 453597K->23908K(506816K), [Metaspace: 5350K->5350K(1056768K)], 0.1636412 secs] [Times: user=0.16 sys=0.00, real=0.16 secs] 
2018-03-17T00:24:53.662+0500: 1719.585: [GC (Allocation Failure) 2018-03-17T00:24:53.662+0500: 1719.585: [DefNew: 139776K->17472K(157248K), 0.2716520 secs] 163684K->163683K(506816K), 0.2717110 secs] [Times: user=0.28 sys=0.00, real=0.27 secs] 
2018-03-17T00:24:53.959+0500: 1719.883: [GC (Allocation Failure) 2018-03-17T00:24:53.959+0500: 1719.883: [DefNew: 157248K->17472K(157248K), 0.2688658 secs] 303459K->303458K(506816K), 0.2689287 secs] [Times: user=0.28 sys=0.00, real=0.27 secs] 
2018-03-17T00:24:54.257+0500: 1720.181: [GC (Allocation Failure) 2018-03-17T00:24:54.257+0500: 1720.181: [DefNew: 146063K->146063K(157248K), 0.0000167 secs]2018-03-17T00:24:54.257+0500: 1720.181: [Tenured: 285986K->715K(349568K), 0.1432195 secs] 432050K->715K(506816K), [Metaspace: 5350K->5350K(1056768K)], 0.1433080 secs] [Times: user=0.14 sys=0.00, real=0.14 secs] 
2018-03-17T00:24:54.428+0500: 1720.352: [GC (Allocation Failure) 2018-03-17T00:24:54.428+0500: 1720.352: [DefNew: 139776K->17472K(157248K), 0.2381128 secs] 140491K->140490K(506816K), 0.2381727 secs] [Times: user=0.22 sys=0.00, real=0.24 secs] 
2018-03-17T00:24:54.695+0500: 1720.619: [GC (Allocation Failure) 2018-03-17T00:24:54.695+0500: 1720.619: [DefNew: 157248K->17472K(157248K), 0.2716486 secs] 280266K->280229K(506816K), 0.2717119 secs] [Times: user=0.26 sys=0.00, real=0.27 secs] 
2018-03-17T00:24:54.998+0500: 1720.923: [GC (Allocation Failure) 2018-03-17T00:24:54.998+0500: 1720.923: [DefNew: 157248K->157248K(157248K), 0.0000158 secs]2018-03-17T00:24:54.998+0500: 1720.923: [Tenured: 262757K->205160K(349568K), 0.5600000 secs] 420005K->205160K(506816K), [Metaspace: 5350K->5350K(1056768K)], 0.5600988 secs] [Times: user=0.56 sys=0.00, real=0.56 secs] 
2018-03-17T00:24:55.588+0500: 1721.512: [GC (Allocation Failure) 2018-03-17T00:24:55.588+0500: 1721.512: [DefNew: 139776K->17472K(157248K), 0.2384973 secs] 344936K->344935K(506816K), 0.2385614 secs] [Times: user=0.24 sys=0.00, real=0.24 secs] 
2018-03-17T00:24:55.855+0500: 1721.779: [GC (Allocation Failure) 2018-03-17T00:24:55.855+0500: 1721.779: [DefNew: 157248K->157248K(157248K), 0.0000235 secs]2018-03-17T00:24:55.855+0500: 1721.779: [Tenured: 327463K->55022K(349568K), 0.2324092 secs] 484711K->55022K(506816K), [Metaspace: 5350K->5350K(1056768K)], 0.2325174 secs] [Times: user=0.23 sys=0.00, real=0.23 secs] 
2018-03-17T00:24:56.119+0500: 1722.043: [GC (Allocation Failure) 2018-03-17T00:24:56.119+0500: 1722.043: [DefNew: 139776K->17472K(157248K), 0.2695963 secs] 194798K->194797K(506816K), 0.2696587 secs] [Times: user=0.27 sys=0.00, real=0.27 secs] 
2018-03-17T00:24:56.419+0500: 1722.343: [GC (Allocation Failure) 2018-03-17T00:24:56.419+0500: 1722.343: [DefNew: 157248K->17471K(157248K), 0.2974570 secs] 334573K->334572K(506816K), 0.2975580 secs] [Times: user=0.28 sys=0.00, real=0.30 secs] 
2018-03-17T00:24:56.746+0500: 1722.669: [GC (Allocation Failure) 2018-03-17T00:24:56.746+0500: 1722.669: [DefNew: 157247K->157247K(157248K), 0.0000393 secs]2018-03-17T00:24:56.746+0500: 1722.669: [Tenured: 317100K->44659K(349568K), 0.2084692 secs] 474348K->44659K(506816K), [Metaspace: 5350K->5350K(1056768K)], 0.2086505 secs] [Times: user=0.20 sys=0.00, real=0.21 secs] 
2018-03-17T00:24:56.987+0500: 1722.910: [GC (Allocation Failure) 2018-03-17T00:24:56.987+0500: 1722.910: [DefNew: 139776K->17471K(157248K), 0.2774476 secs] 184435K->184434K(506816K), 0.2775100 secs] [Times: user=0.28 sys=0.00, real=0.28 secs] 
2018-03-17T00:24:57.292+0500: 1723.216: [GC (Allocation Failure) 2018-03-17T00:24:57.292+0500: 1723.216: [DefNew: 157247K->17472K(157248K), 0.2671398 secs] 324210K->324208K(506816K), 0.2672040 secs] [Times: user=0.27 sys=0.00, real=0.27 secs] 
2018-03-17T00:24:57.588+0500: 1723.512: [GC (Allocation Failure) 2018-03-17T00:24:57.588+0500: 1723.512: [DefNew: 157248K->157248K(157248K), 0.0000158 secs]2018-03-17T00:24:57.588+0500: 1723.512: [Tenured: 306736K->34272K(349568K), 0.1838735 secs] 463984K->34272K(506816K), [Metaspace: 5350K->5350K(1056768K)], 0.1839650 secs] [Times: user=0.19 sys=0.00, real=0.18 secs] 
2018-03-17T00:24:57.805+0500: 1723.730: [GC (Allocation Failure) 2018-03-17T00:24:57.805+0500: 1723.730: [DefNew: 139776K->17472K(157248K), 0.2723037 secs] 174048K->174046K(506816K), 0.2724269 secs] [Times: user=0.25 sys=0.00, real=0.27 secs] 
2018-03-17T00:24:58.107+0500: 1724.030: [GC (Allocation Failure) 2018-03-17T00:24:58.107+0500: 1724.030: [DefNew: 157248K->17472K(157248K), 0.2740302 secs] 313822K->313821K(506816K), 0.2740922 secs] [Times: user=0.28 sys=0.00, real=0.27 secs] 
2018-03-17T00:24:58.409+0500: 1724.332: [GC (Allocation Failure) 2018-03-17T00:24:58.409+0500: 1724.333: [DefNew: 157248K->157248K(157248K), 0.0000175 secs]2018-03-17T00:24:58.409+0500: 1724.333: [Tenured: 296349K->23908K(349568K), 0.1621697 secs] 453597K->23908K(506816K), [Metaspace: 5350K->5350K(1056768K)], 0.1622736 secs] [Times: user=0.17 sys=0.00, real=0.16 secs] 
2018-03-17T00:24:58.602+0500: 1724.526: [GC (Allocation Failure) 2018-03-17T00:24:58.602+0500: 1724.526: [DefNew: 139776K->17472K(157248K), 0.2728464 secs] 163684K->163683K(506816K), 0.2729114 secs] [Times: user=0.27 sys=0.00, real=0.27 secs] 
2018-03-17T00:24:58.904+0500: 1724.828: [GC (Allocation Failure) 2018-03-17T00:24:58.904+0500: 1724.828: [DefNew: 157248K->17472K(157248K), 0.3004912 secs] 303459K->303458K(506816K), 0.3005682 secs] [Times: user=0.30 sys=0.00, real=0.30 secs] 
2018-03-17T00:24:59.235+0500: 1725.160: [GC (Allocation Failure) 2018-03-17T00:24:59.235+0500: 1725.160: [DefNew: 146063K->146063K(157248K), 0.0000171 secs]2018-03-17T00:24:59.235+0500: 1725.160: [Tenured: 285986K->715K(349568K), 0.1439170 secs] 432050K->715K(506816K), [Metaspace: 5350K->5350K(1056768K)], 0.1440132 secs] [Times: user=0.13 sys=0.00, real=0.15 secs] 
2018-03-17T00:24:59.409+0500: 1725.332: [GC (Allocation Failure) 2018-03-17T00:24:59.409+0500: 1725.332: [DefNew: 139776K->17472K(157248K), 0.2356316 secs] 140491K->140490K(506816K), 0.2357351 secs] [Times: user=0.24 sys=0.00, real=0.24 secs] 
2018-03-17T00:24:59.673+0500: 1725.596: [GC (Allocation Failure) 2018-03-17T00:24:59.673+0500: 1725.596: [DefNew: 157248K->17472K(157248K), 0.2786929 secs] 280266K->280229K(506816K), 0.2787558 secs] [Times: user=0.28 sys=0.00, real=0.28 secs] 
2018-03-17T00:24:59.983+0500: 1725.907: [GC (Allocation Failure) 2018-03-17T00:24:59.983+0500: 1725.907: [DefNew: 157248K->157248K(157248K), 0.0000158 secs]2018-03-17T00:24:59.983+0500: 1725.907: [Tenured: 262757K->205160K(349568K), 0.5509521 secs] 420005K->205160K(506816K), [Metaspace: 5350K->5350K(1056768K)], 0.5510462 secs] [Times: user=0.55 sys=0.00, real=0.55 secs] 
2018-03-17T00:25:00.564+0500: 1726.489: [GC (Allocation Failure) 2018-03-17T00:25:00.565+0500: 1726.489: [DefNew: 139776K->17472K(157248K), 0.2447004 secs] 344936K->344935K(506816K), 0.2447915 secs] [Times: user=0.25 sys=0.00, real=0.25 secs] 
2018-03-17T00:25:00.841+0500: 1726.764: [GC (Allocation Failure) 2018-03-17T00:25:00.841+0500: 1726.764: [DefNew: 157248K->157248K(157248K), 0.0000163 secs]2018-03-17T00:25:00.841+0500: 1726.764: [Tenured: 327463K->55022K(349568K), 0.2469858 secs] 484711K->55022K(506816K), [Metaspace: 5350K->5350K(1056768K)], 0.2470850 secs] [Times: user=0.25 sys=0.00, real=0.25 secs] 
2018-03-17T00:25:01.119+0500: 1727.043: [GC (Allocation Failure) 2018-03-17T00:25:01.119+0500: 1727.043: [DefNew: 139776K->17472K(157248K), 0.2739198 secs] 194798K->194797K(506816K), 0.2740037 secs] [Times: user=0.27 sys=0.00, real=0.27 secs] 
2018-03-17T00:25:01.421+0500: 1727.345: [GC (Allocation Failure) 2018-03-17T00:25:01.421+0500: 1727.345: [DefNew: 157248K->17471K(157248K), 0.2650986 secs] 334573K->334572K(506816K), 0.2651632 secs] [Times: user=0.25 sys=0.00, real=0.27 secs] 
2018-03-17T00:25:01.715+0500: 1727.639: [GC (Allocation Failure) 2018-03-17T00:25:01.715+0500: 1727.639: [DefNew: 157247K->157247K(157248K), 0.0000145 secs]2018-03-17T00:25:01.715+0500: 1727.640: [Tenured: 317100K->44659K(349568K), 0.2063001 secs] 474348K->44659K(506816K), [Metaspace: 5350K->5350K(1056768K)], 0.2063891 secs] [Times: user=0.20 sys=0.00, real=0.21 secs] 
2018-03-17T00:25:01.953+0500: 1727.878: [GC (Allocation Failure) 2018-03-17T00:25:01.954+0500: 1727.878: [DefNew: 139776K->17471K(157248K), 0.2736461 secs] 184435K->184434K(506816K), 0.2737257 secs] [Times: user=0.28 sys=0.00, real=0.27 secs] 
2018-03-17T00:25:02.256+0500: 1728.180: [GC (Allocation Failure) 2018-03-17T00:25:02.256+0500: 1728.180: [DefNew: 157247K->17472K(157248K), 0.2729662 secs] 324210K->324208K(506816K), 0.2730278 secs] [Times: user=0.28 sys=0.00, real=0.27 secs] 
2018-03-17T00:25:02.558+0500: 1728.482: [GC (Allocation Failure) 2018-03-17T00:25:02.558+0500: 1728.482: [DefNew: 157248K->157248K(157248K), 0.0000163 secs]2018-03-17T00:25:02.558+0500: 1728.482: [Tenured: 306736K->34272K(349568K), 0.1842242 secs] 463984K->34272K(506816K), [Metaspace: 5350K->5350K(1056768K)], 0.1843183 secs] [Times: user=0.19 sys=0.00, real=0.18 secs] 
2018-03-17T00:25:02.774+0500: 1728.698: [GC (Allocation Failure) 2018-03-17T00:25:02.774+0500: 1728.698: [DefNew: 139776K->17472K(157248K), 0.2744185 secs] 174048K->174046K(506816K), 0.2744805 secs] [Times: user=0.26 sys=0.00, real=0.27 secs] 
2018-03-17T00:25:03.078+0500: 1729.002: [GC (Allocation Failure) 2018-03-17T00:25:03.078+0500: 1729.002: [DefNew: 157248K->17472K(157248K), 0.2704255 secs] 313822K->313821K(506816K), 0.2704952 secs] [Times: user=0.27 sys=0.00, real=0.27 secs] 
2018-03-17T00:25:03.376+0500: 1729.301: [GC (Allocation Failure) 2018-03-17T00:25:03.377+0500: 1729.301: [DefNew: 157248K->157248K(157248K), 0.0000291 secs]2018-03-17T00:25:03.377+0500: 1729.301: [Tenured: 296349K->23908K(349568K), 0.1598227 secs] 453597K->23908K(506816K), [Metaspace: 5350K->5350K(1056768K)], 0.1599527 secs] [Times: user=0.16 sys=0.00, real=0.16 secs] 
2018-03-17T00:25:03.571+0500: 1729.495: [GC (Allocation Failure) 2018-03-17T00:25:03.571+0500: 1729.495: [DefNew: 139776K->17472K(157248K), 0.2801358 secs] 163684K->163683K(506816K), 0.2802012 secs] [Times: user=0.28 sys=0.00, real=0.28 secs] 
2018-03-17T00:25:03.880+0500: 1729.804: [GC (Allocation Failure) 2018-03-17T00:25:03.880+0500: 1729.804: [DefNew: 157248K->17472K(157248K), 0.2761843 secs] 303459K->303458K(506816K), 0.2762437 secs] [Times: user=0.28 sys=0.00, real=0.28 secs] 
2018-03-17T00:25:04.186+0500: 1730.110: [GC (Allocation Failure) 2018-03-17T00:25:04.186+0500: 1730.110: [DefNew: 146063K->146063K(157248K), 0.0000158 secs]2018-03-17T00:25:04.186+0500: 1730.110: [Tenured: 285986K->715K(349568K), 0.1419297 secs] 432050K->715K(506816K), [Metaspace: 5350K->5350K(1056768K)], 0.1420135 secs] [Times: user=0.13 sys=0.00, real=0.14 secs] 
2018-03-17T00:25:04.356+0500: 1730.280: [GC (Allocation Failure) 2018-03-17T00:25:04.356+0500: 1730.280: [DefNew: 139776K->17472K(157248K), 0.2367773 secs] 140491K->140490K(506816K), 0.2368393 secs] [Times: user=0.23 sys=0.00, real=0.24 secs] 
2018-03-17T00:25:04.621+0500: 1730.545: [GC (Allocation Failure) 2018-03-17T00:25:04.621+0500: 1730.545: [DefNew: 157248K->17472K(157248K), 0.2704892 secs] 280266K->280229K(506816K), 0.2705508 secs] [Times: user=0.27 sys=0.00, real=0.27 secs] 
2018-03-17T00:25:04.922+0500: 1730.847: [GC (Allocation Failure) 2018-03-17T00:25:04.922+0500: 1730.847: [DefNew: 157248K->157248K(157248K), 0.0000163 secs]2018-03-17T00:25:04.922+0500: 1730.847: [Tenured: 262757K->205160K(349568K), 0.4940199 secs] 420005K->205160K(506816K), [Metaspace: 5350K->5350K(1056768K)], 0.4941123 secs] [Times: user=0.50 sys=0.00, real=0.50 secs] 
2018-03-17T00:25:05.444+0500: 1731.368: [GC (Allocation Failure) 2018-03-17T00:25:05.444+0500: 1731.368: [DefNew: 139776K->17472K(157248K), 0.2289144 secs] 344936K->344935K(506816K), 0.2289799 secs] [Times: user=0.22 sys=0.00, real=0.23 secs] 
2018-03-17T00:25:05.700+0500: 1731.623: [GC (Allocation Failure) 2018-03-17T00:25:05.700+0500: 1731.624: [DefNew: 157248K->157248K(157248K), 0.0000338 secs]2018-03-17T00:25:05.700+0500: 1731.624: [Tenured: 327463K->55022K(349568K), 0.2262318 secs] 484711K->55022K(506816K), [Metaspace: 5350K->5350K(1056768K)], 0.2263554 secs] [Times: user=0.22 sys=0.00, real=0.23 secs] 
2018-03-17T00:25:05.956+0500: 1731.880: [GC (Allocation Failure) 2018-03-17T00:25:05.956+0500: 1731.880: [DefNew: 139776K->17472K(157248K), 0.2589306 secs] 194798K->194797K(506816K), 0.2589956 secs] [Times: user=0.27 sys=0.00, real=0.26 secs] 
2018-03-17T00:25:06.241+0500: 1732.166: [GC (Allocation Failure) 2018-03-17T00:25:06.241+0500: 1732.166: [DefNew: 157248K->17471K(157248K), 0.3102187 secs] 334573K->334572K(506816K), 0.3103025 secs] [Times: user=0.28 sys=0.02, real=0.31 secs] 
2018-03-17T00:25:06.595+0500: 1732.519: [GC (Allocation Failure) 2018-03-17T00:25:06.595+0500: 1732.519: [DefNew: 157247K->157247K(157248K), 0.0000316 secs]2018-03-17T00:25:06.595+0500: 1732.519: [Tenured: 317100K->44659K(349568K), 0.2054739 secs] 474348K->44659K(506816K), [Metaspace: 5350K->5350K(1056768K)], 0.2056065 secs] [Times: user=0.20 sys=0.00, real=0.21 secs] 
2018-03-17T00:25:06.830+0500: 1732.754: [GC (Allocation Failure) 2018-03-17T00:25:06.830+0500: 1732.754: [DefNew: 139776K->17471K(157248K), 0.2642827 secs] 184435K->184434K(506816K), 0.2643562 secs] [Times: user=0.26 sys=0.00, real=0.27 secs] 
2018-03-17T00:25:07.122+0500: 1733.046: [GC (Allocation Failure) 2018-03-17T00:25:07.122+0500: 1733.046: [DefNew: 157247K->17472K(157248K), 0.3079765 secs] 324210K->324208K(506816K), 0.3080838 secs] [Times: user=0.30 sys=0.00, real=0.31 secs] 
2018-03-17T00:25:07.456+0500: 1733.380: [GC (Allocation Failure) 2018-03-17T00:25:07.456+0500: 1733.380: [DefNew: 157248K->157248K(157248K), 0.0000222 secs]2018-03-17T00:25:07.456+0500: 1733.380: [Tenured: 306736K->34272K(349568K), 0.1804194 secs] 463984K->34272K(506816K), [Metaspace: 5350K->5350K(1056768K)], 0.1805455 secs] [Times: user=0.19 sys=0.00, real=0.18 secs] 
2018-03-17T00:25:07.667+0500: 1733.591: [GC (Allocation Failure) 2018-03-17T00:25:07.667+0500: 1733.591: [DefNew: 139776K->17472K(157248K), 0.2637314 secs] 174048K->174046K(506816K), 0.2637934 secs] [Times: user=0.27 sys=0.00, real=0.26 secs] 
2018-03-17T00:25:07.958+0500: 1733.882: [GC (Allocation Failure) 2018-03-17T00:25:07.958+0500: 1733.882: [DefNew: 157248K->17472K(157248K), 0.2589092 secs] 313822K->313821K(506816K), 0.2589716 secs] [Times: user=0.27 sys=0.00, real=0.26 secs] 
2018-03-17T00:25:08.245+0500: 1734.169: [GC (Allocation Failure) 2018-03-17T00:25:08.245+0500: 1734.169: [DefNew: 157248K->157248K(157248K), 0.0000175 secs]2018-03-17T00:25:08.245+0500: 1734.169: [Tenured: 296349K->23908K(349568K), 0.1567979 secs] 453597K->23908K(506816K), [Metaspace: 5350K->5350K(1056768K)], 0.1568869 secs] [Times: user=0.16 sys=0.00, real=0.16 secs] 
2018-03-17T00:25:08.432+0500: 1734.356: [GC (Allocation Failure) 2018-03-17T00:25:08.432+0500: 1734.356: [DefNew: 139776K->17472K(157248K), 0.2621059 secs] 163684K->163683K(506816K), 0.2621671 secs] [Times: user=0.26 sys=0.00, real=0.26 secs] 
2018-03-17T00:25:08.722+0500: 1734.646: [GC (Allocation Failure) 2018-03-17T00:25:08.722+0500: 1734.646: [DefNew: 157248K->17472K(157248K), 0.2607220 secs] 303459K->303458K(506816K), 0.2607866 secs] [Times: user=0.26 sys=0.00, real=0.26 secs] 
2018-03-17T00:25:09.010+0500: 1734.935: [GC (Allocation Failure) 2018-03-17T00:25:09.010+0500: 1734.935: [DefNew: 146063K->146063K(157248K), 0.0000167 secs]2018-03-17T00:25:09.010+0500: 1734.935: [Tenured: 285986K->715K(349568K), 0.1387586 secs] 432050K->715K(506816K), [Metaspace: 5350K->5350K(1056768K)], 0.1388472 secs] [Times: user=0.14 sys=0.00, real=0.14 secs] 
2018-03-17T00:25:09.177+0500: 1735.101: [GC (Allocation Failure) 2018-03-17T00:25:09.177+0500: 1735.101: [DefNew: 139776K->17472K(157248K), 0.2287263 secs] 140491K->140490K(506816K), 0.2288002 secs] [Times: user=0.23 sys=0.00, real=0.23 secs] 
2018-03-17T00:25:09.433+0500: 1735.357: [GC (Allocation Failure) 2018-03-17T00:25:09.433+0500: 1735.357: [DefNew: 157248K->17472K(157248K), 0.2792600 secs] 280266K->280229K(506816K), 0.2793190 secs] [Times: user=0.25 sys=0.00, real=0.28 secs] 
2018-03-17T00:25:09.748+0500: 1735.672: [GC (Allocation Failure) 2018-03-17T00:25:09.748+0500: 1735.672: [DefNew: 157248K->157248K(157248K), 0.0000184 secs]2018-03-17T00:25:09.748+0500: 1735.672: [Tenured: 262757K->205160K(349568K), 0.4965597 secs] 420005K->205160K(506816K), [Metaspace: 5350K->5350K(1056768K)], 0.4966585 secs] [Times: user=0.50 sys=0.00, real=0.50 secs] 
2018-03-17T00:25:10.271+0500: 1736.195: [GC (Allocation Failure) 2018-03-17T00:25:10.271+0500: 1736.195: [DefNew: 139776K->17472K(157248K), 0.2278000 secs] 344936K->344935K(506816K), 0.2278735 secs] [Times: user=0.24 sys=0.00, real=0.23 secs] 
2018-03-17T00:25:10.526+0500: 1736.450: [GC (Allocation Failure) 2018-03-17T00:25:10.526+0500: 1736.450: [DefNew: 157248K->157248K(157248K), 0.0000167 secs]2018-03-17T00:25:10.526+0500: 1736.450: [Tenured: 327463K->55022K(349568K), 0.2397302 secs] 484711K->55022K(506816K), [Metaspace: 5350K->5350K(1056768K)], 0.2398465 secs] [Times: user=0.23 sys=0.00, real=0.24 secs] 
2018-03-17T00:25:10.800+0500: 1736.724: [GC (Allocation Failure) 2018-03-17T00:25:10.800+0500: 1736.724: [DefNew: 139776K->17472K(157248K), 0.2606301 secs] 194798K->194797K(506816K), 0.2606947 secs] [Times: user=0.27 sys=0.00, real=0.26 secs] 
2018-03-17T00:25:11.088+0500: 1737.012: [GC (Allocation Failure) 2018-03-17T00:25:11.088+0500: 1737.012: [DefNew: 157248K->17471K(157248K), 0.2662606 secs] 334573K->334572K(506816K), 0.2663414 secs] [Times: user=0.26 sys=0.00, real=0.27 secs] 
2018-03-17T00:25:11.381+0500: 1737.305: [GC (Allocation Failure) 2018-03-17T00:25:11.381+0500: 1737.305: [DefNew: 157247K->157247K(157248K), 0.0000163 secs]2018-03-17T00:25:11.381+0500: 1737.305: [Tenured: 317100K->44659K(349568K), 0.2041289 secs] 474348K->44659K(506816K), [Metaspace: 5350K->5350K(1056768K)], 0.2042191 secs] [Times: user=0.20 sys=0.00, real=0.20 secs] 
2018-03-17T00:25:11.616+0500: 1737.540: [GC (Allocation Failure) 2018-03-17T00:25:11.616+0500: 1737.540: [DefNew: 139776K->17471K(157248K), 0.2939537 secs] 184435K->184434K(506816K), 0.2940166 secs] [Times: user=0.28 sys=0.00, real=0.29 secs] 
2018-03-17T00:25:11.936+0500: 1737.860: [GC (Allocation Failure) 2018-03-17T00:25:11.936+0500: 1737.860: [DefNew: 157247K->17472K(157248K), 0.2603187 secs] 324210K->324208K(506816K), 0.2603876 secs] [Times: user=0.27 sys=0.00, real=0.26 secs] 
2018-03-17T00:25:12.225+0500: 1738.149: [GC (Allocation Failure) 2018-03-17T00:25:12.225+0500: 1738.149: [DefNew: 157248K->157248K(157248K), 0.0000171 secs]2018-03-17T00:25:12.225+0500: 1738.149: [Tenured: 306736K->34272K(349568K), 0.1791561 secs] 463984K->34272K(506816K), [Metaspace: 5350K->5350K(1056768K)], 0.1792455 secs] [Times: user=0.17 sys=0.00, real=0.18 secs] 
2018-03-17T00:25:12.437+0500: 1738.360: [GC (Allocation Failure) 2018-03-17T00:25:12.437+0500: 1738.360: [DefNew: 139776K->17472K(157248K), 0.2618938 secs] 174048K->174046K(506816K), 0.2619644 secs] [Times: user=0.27 sys=0.00, real=0.26 secs] 
2018-03-17T00:25:12.732+0500: 1738.656: [GC (Allocation Failure) 2018-03-17T00:25:12.732+0500: 1738.656: [DefNew: 157248K->17472K(157248K), 0.2705824 secs] 313822K->313821K(506816K), 0.2706586 secs] [Times: user=0.27 sys=0.00, real=0.27 secs] 
2018-03-17T00:25:13.032+0500: 1738.957: [GC (Allocation Failure) 2018-03-17T00:25:13.032+0500: 1738.957: [DefNew: 157248K->157248K(157248K), 0.0000171 secs]2018-03-17T00:25:13.032+0500: 1738.957: [Tenured: 296349K->23908K(349568K), 0.1611762 secs] 453597K->23908K(506816K), [Metaspace: 5350K->5350K(1056768K)], 0.1612870 secs] [Times: user=0.16 sys=0.00, real=0.16 secs] 
2018-03-17T00:25:13.223+0500: 1739.148: [GC (Allocation Failure) 2018-03-17T00:25:13.223+0500: 1739.148: [DefNew: 139776K->17472K(157248K), 0.2667323 secs] 163684K->163683K(506816K), 0.2667973 secs] [Times: user=0.28 sys=0.00, real=0.27 secs] 
2018-03-17T00:25:13.518+0500: 1739.441: [GC (Allocation Failure) 2018-03-17T00:25:13.518+0500: 1739.441: [DefNew: 157248K->17472K(157248K), 0.2625686 secs] 303459K->303458K(506816K), 0.2626336 secs] [Times: user=0.26 sys=0.00, real=0.26 secs] 
2018-03-17T00:25:13.808+0500: 1739.732: [GC (Allocation Failure) 2018-03-17T00:25:13.808+0500: 1739.732: [DefNew: 146063K->146063K(157248K), 0.0000154 secs]2018-03-17T00:25:13.808+0500: 1739.732: [Tenured: 285986K->715K(349568K), 0.1382698 secs] 432050K->715K(506816K), [Metaspace: 5350K->5350K(1056768K)], 0.1383554 secs] [Times: user=0.14 sys=0.00, real=0.14 secs] 
2018-03-17T00:25:13.974+0500: 1739.897: [GC (Allocation Failure) 2018-03-17T00:25:13.974+0500: 1739.897: [DefNew: 139776K->17472K(157248K), 0.2277846 secs] 140491K->140490K(506816K), 0.2278654 secs] [Times: user=0.23 sys=0.00, real=0.23 secs] 
2018-03-17T00:25:14.228+0500: 1740.152: [GC (Allocation Failure) 2018-03-17T00:25:14.228+0500: 1740.152: [DefNew: 157248K->17472K(157248K), 0.2604860 secs] 280266K->280229K(506816K), 0.2605510 secs] [Times: user=0.25 sys=0.00, real=0.26 secs] 
2018-03-17T00:25:14.518+0500: 1740.443: [GC (Allocation Failure) 2018-03-17T00:25:14.519+0500: 1740.443: [DefNew: 157248K->157248K(157248K), 0.0000248 secs]2018-03-17T00:25:14.519+0500: 1740.443: [Tenured: 262757K->205160K(349568K), 0.4822013 secs] 420005K->205160K(506816K), [Metaspace: 5350K->5350K(1056768K)], 0.4823304 secs] [Times: user=0.49 sys=0.00, real=0.48 secs] 
2018-03-17T00:25:15.029+0500: 1740.952: [GC (Allocation Failure) 2018-03-17T00:25:15.029+0500: 1740.952: [DefNew: 139776K->17472K(157248K), 0.2316912 secs] 344936K->344935K(506816K), 0.2317562 secs] [Times: user=0.23 sys=0.00, real=0.23 secs] 
2018-03-17T00:25:15.287+0500: 1741.210: [GC (Allocation Failure) 2018-03-17T00:25:15.287+0500: 1741.210: [DefNew: 157248K->157248K(157248K), 0.0000235 secs]2018-03-17T00:25:15.287+0500: 1741.210: [Tenured: 327463K->55022K(349568K), 0.2265645 secs] 484711K->55022K(506816K), [Metaspace: 5350K->5350K(1056768K)], 0.2266812 secs] [Times: user=0.23 sys=0.00, real=0.23 secs] 
2018-03-17T00:25:15.543+0500: 1741.467: [GC (Allocation Failure) 2018-03-17T00:25:15.543+0500: 1741.467: [DefNew: 139776K->17472K(157248K), 0.2639192 secs] 194798K->194797K(506816K), 0.2639850 secs] [Times: user=0.27 sys=0.00, real=0.26 secs] 
2018-03-17T00:25:15.834+0500: 1741.758: [GC (Allocation Failure) 2018-03-17T00:25:15.834+0500: 1741.758: [DefNew: 157248K->17471K(157248K), 0.2655006 secs] 334573K->334572K(506816K), 0.2655635 secs] [Times: user=0.25 sys=0.00, real=0.26 secs] 
2018-03-17T00:25:16.127+0500: 1742.051: [GC (Allocation Failure) 2018-03-17T00:25:16.127+0500: 1742.051: [DefNew: 157247K->157247K(157248K), 0.0000175 secs]2018-03-17T00:25:16.127+0500: 1742.051: [Tenured: 317100K->44659K(349568K), 0.2028532 secs] 474348K->44659K(506816K), [Metaspace: 5350K->5350K(1056768K)], 0.2029597 secs] [Times: user=0.20 sys=0.00, real=0.20 secs] 
2018-03-17T00:25:16.361+0500: 1742.284: [GC (Allocation Failure) 2018-03-17T00:25:16.361+0500: 1742.284: [DefNew: 139776K->17471K(157248K), 0.2618840 secs] 184435K->184434K(506816K), 0.2619605 secs] [Times: user=0.27 sys=0.00, real=0.26 secs] 
2018-03-17T00:25:16.650+0500: 1742.573: [GC (Allocation Failure) 2018-03-17T00:25:16.650+0500: 1742.573: [DefNew: 157247K->17472K(157248K), 0.2654822 secs] 324210K->324208K(506816K), 0.2655472 secs] [Times: user=0.26 sys=0.00, real=0.26 secs] 
2018-03-17T00:25:16.942+0500: 1742.866: [GC (Allocation Failure) 2018-03-17T00:25:16.942+0500: 1742.866: [DefNew: 157248K->157248K(157248K), 0.0000163 secs]2018-03-17T00:25:16.942+0500: 1742.866: [Tenured: 306736K->34272K(349568K), 0.1838196 secs] 463984K->34272K(506816K), [Metaspace: 5350K->5350K(1056768K)], 0.1839159 secs] [Times: user=0.19 sys=0.00, real=0.18 secs] 
2018-03-17T00:25:17.158+0500: 1743.082: [GC (Allocation Failure) 2018-03-17T00:25:17.158+0500: 1743.082: [DefNew: 139776K->17472K(157248K), 0.2804172 secs] 174048K->174046K(506816K), 0.2804920 secs] [Times: user=0.28 sys=0.00, real=0.28 secs] 
2018-03-17T00:25:17.464+0500: 1743.389: [GC (Allocation Failure) 2018-03-17T00:25:17.465+0500: 1743.389: [DefNew: 157248K->17472K(157248K), 0.2607186 secs] 313822K->313821K(506816K), 0.2607973 secs] [Times: user=0.27 sys=0.00, real=0.26 secs] 
2018-03-17T00:25:17.753+0500: 1743.677: [GC (Allocation Failure) 2018-03-17T00:25:17.753+0500: 1743.677: [DefNew: 157248K->157248K(157248K), 0.0000167 secs]2018-03-17T00:25:17.753+0500: 1743.677: [Tenured: 296349K->23908K(349568K), 0.1590149 secs] 453597K->23908K(506816K), [Metaspace: 5350K->5350K(1056768K)], 0.1591025 secs] [Times: user=0.16 sys=0.00, real=0.16 secs] 
2018-03-17T00:25:17.942+0500: 1743.866: [GC (Allocation Failure) 2018-03-17T00:25:17.942+0500: 1743.866: [DefNew: 139776K->17472K(157248K), 0.3335484 secs] 163684K->163683K(506816K), 0.3336173 secs] [Times: user=0.34 sys=0.00, real=0.33 secs] 
2018-03-17T00:25:18.313+0500: 1744.237: [GC (Allocation Failure) 2018-03-17T00:25:18.313+0500: 1744.237: [DefNew: 157248K->17472K(157248K), 0.3484505 secs] 303459K->303458K(506816K), 0.3485202 secs] [Times: user=0.34 sys=0.00, real=0.35 secs] 
2018-03-17T00:25:18.708+0500: 1744.632: [GC (Allocation Failure) 2018-03-17T00:25:18.708+0500: 1744.632: [DefNew: 146063K->146063K(157248K), 0.0000222 secs]2018-03-17T00:25:18.708+0500: 1744.632: [Tenured: 285986K->715K(349568K), 0.1499482 secs] 432050K->715K(506816K), [Metaspace: 5350K->5350K(1056768K)], 0.1500555 secs] [Times: user=0.16 sys=0.00, real=0.15 secs] 
2018-03-17T00:25:18.890+0500: 1744.814: [GC (Allocation Failure) 2018-03-17T00:25:18.890+0500: 1744.814: [DefNew: 139776K->17472K(157248K), 0.3122513 secs] 140491K->140490K(506816K), 0.3123343 secs] [Times: user=0.31 sys=0.00, real=0.31 secs] 
2018-03-17T00:25:19.231+0500: 1745.154: [GC (Allocation Failure) 2018-03-17T00:25:19.231+0500: 1745.154: [DefNew: 157248K->17472K(157248K), 0.2783845 secs] 280266K->280229K(506816K), 0.2784551 secs] [Times: user=0.28 sys=0.00, real=0.28 secs] 
2018-03-17T00:25:19.539+0500: 1745.462: [GC (Allocation Failure) 2018-03-17T00:25:19.539+0500: 1745.462: [DefNew: 157248K->157248K(157248K), 0.0000308 secs]2018-03-17T00:25:19.539+0500: 1745.462: [Tenured: 262757K->205160K(349568K), 0.5175036 secs] 420005K->205160K(506816K), [Metaspace: 5350K->5350K(1056768K)], 0.5176234 secs] [Times: user=0.52 sys=0.00, real=0.52 secs] 
2018-03-17T00:25:20.082+0500: 1746.006: [GC (Allocation Failure) 2018-03-17T00:25:20.082+0500: 1746.006: [DefNew: 139776K->17472K(157248K), 0.2316279 secs] 344936K->344935K(506816K), 0.2316938 secs] [Times: user=0.23 sys=0.00, real=0.23 secs] 
2018-03-17T00:25:20.341+0500: 1746.266: [GC (Allocation Failure) 2018-03-17T00:25:20.341+0500: 1746.266: [DefNew: 157248K->157248K(157248K), 0.0000167 secs]2018-03-17T00:25:20.341+0500: 1746.266: [Tenured: 327463K->55022K(349568K), 0.2248102 secs] 484711K->55022K(506816K), [Metaspace: 5350K->5350K(1056768K)], 0.2249116 secs] [Times: user=0.22 sys=0.00, real=0.23 secs] 
2018-03-17T00:25:20.597+0500: 1746.520: [GC (Allocation Failure) 2018-03-17T00:25:20.597+0500: 1746.520: [DefNew: 139776K->17472K(157248K), 0.2631460 secs] 194798K->194797K(506816K), 0.2632080 secs] [Times: user=0.27 sys=0.00, real=0.26 secs] 
2018-03-17T00:25:20.887+0500: 1746.811: [GC (Allocation Failure) 2018-03-17T00:25:20.887+0500: 1746.811: [DefNew: 157248K->17471K(157248K), 0.2567470 secs] 334573K->334572K(506816K), 0.2568163 secs] [Times: user=0.25 sys=0.00, real=0.26 secs] 
2018-03-17T00:25:21.170+0500: 1747.094: [GC (Allocation Failure) 2018-03-17T00:25:21.170+0500: 1747.094: [DefNew: 157247K->157247K(157248K), 0.0000163 secs]2018-03-17T00:25:21.170+0500: 1747.094: [Tenured: 317100K->44659K(349568K), 0.2033343 secs] 474348K->44659K(506816K), [Metaspace: 5350K->5350K(1056768K)], 0.2034258 secs] [Times: user=0.20 sys=0.00, real=0.20 secs] 
2018-03-17T00:25:21.404+0500: 1747.328: [GC (Allocation Failure) 2018-03-17T00:25:21.404+0500: 1747.328: [DefNew: 139776K->17471K(157248K), 0.2609718 secs] 184435K->184434K(506816K), 0.2610338 secs] [Times: user=0.26 sys=0.00, real=0.26 secs] 
2018-03-17T00:25:21.693+0500: 1747.617: [GC (Allocation Failure) 2018-03-17T00:25:21.693+0500: 1747.617: [DefNew: 157247K->17472K(157248K), 0.2622368 secs] 324210K->324208K(506816K), 0.2622996 secs] [Times: user=0.25 sys=0.00, real=0.26 secs] 
2018-03-17T00:25:21.983+0500: 1747.907: [GC (Allocation Failure) 2018-03-17T00:25:21.983+0500: 1747.907: [DefNew: 157248K->157248K(157248K), 0.0000163 secs]2018-03-17T00:25:21.983+0500: 1747.907: [Tenured: 306736K->34272K(349568K), 0.1804951 secs] 463984K->34272K(506816K), [Metaspace: 5350K->5350K(1056768K)], 0.1805853 secs] [Times: user=0.19 sys=0.00, real=0.18 secs] 
2018-03-17T00:25:22.195+0500: 1748.118: [GC (Allocation Failure) 2018-03-17T00:25:22.195+0500: 1748.118: [DefNew: 139776K->17472K(157248K), 0.2612523 secs] 174048K->174046K(506816K), 0.2613139 secs] [Times: user=0.25 sys=0.00, real=0.26 secs] 
2018-03-17T00:25:22.483+0500: 1748.407: [GC (Allocation Failure) 2018-03-17T00:25:22.483+0500: 1748.407: [DefNew: 157248K->17472K(157248K), 0.2607109 secs] 313822K->313821K(506816K), 0.2607999 secs] [Times: user=0.27 sys=0.00, real=0.26 secs] 
2018-03-17T00:25:22.771+0500: 1748.695: [GC (Allocation Failure) 2018-03-17T00:25:22.771+0500: 1748.695: [DefNew: 157248K->157248K(157248K), 0.0000175 secs]2018-03-17T00:25:22.771+0500: 1748.695: [Tenured: 296349K->23908K(349568K), 0.1565152 secs] 453597K->23908K(506816K), [Metaspace: 5350K->5350K(1056768K)], 0.1566068 secs] [Times: user=0.16 sys=0.00, real=0.16 secs] 
2018-03-17T00:25:22.962+0500: 1748.887: [GC (Allocation Failure) 2018-03-17T00:25:22.963+0500: 1748.887: [DefNew: 139776K->17472K(157248K), 0.2667481 secs] 163684K->163683K(506816K), 0.2668127 secs] [Times: user=0.27 sys=0.00, real=0.27 secs] 
2018-03-17T00:25:23.257+0500: 1749.181: [GC (Allocation Failure) 2018-03-17T00:25:23.257+0500: 1749.181: [DefNew: 157248K->17472K(157248K), 0.2589148 secs] 303459K->303458K(506816K), 0.2589823 secs] [Times: user=0.25 sys=0.00, real=0.26 secs] 
2018-03-17T00:25:23.543+0500: 1749.467: [GC (Allocation Failure) 2018-03-17T00:25:23.543+0500: 1749.467: [DefNew: 146063K->146063K(157248K), 0.0000227 secs]2018-03-17T00:25:23.543+0500: 1749.467: [Tenured: 285986K->715K(349568K), 0.1378144 secs] 432050K->715K(506816K), [Metaspace: 5350K->5350K(1056768K)], 0.1379102 secs] [Times: user=0.14 sys=0.00, real=0.14 secs] 
2018-03-17T00:25:23.708+0500: 1749.632: [GC (Allocation Failure) 2018-03-17T00:25:23.708+0500: 1749.632: [DefNew: 139776K->17472K(157248K), 0.2279334 secs] 140491K->140490K(506816K), 0.2279950 secs] [Times: user=0.23 sys=0.00, real=0.23 secs] 
2018-03-17T00:25:23.963+0500: 1749.887: [GC (Allocation Failure) 2018-03-17T00:25:23.963+0500: 1749.887: [DefNew: 157248K->17472K(157248K), 0.2619913 secs] 280266K->280229K(506816K), 0.2620546 secs] [Times: user=0.27 sys=0.00, real=0.26 secs] 
2018-03-17T00:25:24.254+0500: 1750.179: [GC (Allocation Failure) 2018-03-17T00:25:24.254+0500: 1750.179: [DefNew: 157248K->157248K(157248K), 0.0000171 secs]2018-03-17T00:25:24.254+0500: 1750.179: [Tenured: 262757K->205160K(349568K), 0.4860758 secs] 420005K->205160K(506816K), [Metaspace: 5350K->5350K(1056768K)], 0.4861665 secs] [Times: user=0.50 sys=0.00, real=0.49 secs] 
2018-03-17T00:25:24.768+0500: 1750.692: [GC (Allocation Failure) 2018-03-17T00:25:24.769+0500: 1750.692: [DefNew: 139776K->17472K(157248K), 0.2313636 secs] 344936K->344935K(506816K), 0.2314431 secs] [Times: user=0.24 sys=0.00, real=0.23 secs] 
2018-03-17T00:25:25.026+0500: 1750.950: [GC (Allocation Failure) 2018-03-17T00:25:25.026+0500: 1750.950: [DefNew: 157248K->157248K(157248K), 0.0000158 secs]2018-03-17T00:25:25.026+0500: 1750.950: [Tenured: 327463K->55022K(349568K), 0.2279287 secs] 484711K->55022K(506816K), [Metaspace: 5350K->5350K(1056768K)], 0.2280172 secs] [Times: user=0.22 sys=0.00, real=0.23 secs] 
2018-03-17T00:25:25.284+0500: 1751.208: [GC (Allocation Failure) 2018-03-17T00:25:25.284+0500: 1751.208: [DefNew: 139776K->17472K(157248K), 0.2667126 secs] 194798K->194797K(506816K), 0.2667763 secs] [Times: user=0.26 sys=0.00, real=0.27 secs] 
2018-03-17T00:25:25.578+0500: 1751.502: [GC (Allocation Failure) 2018-03-17T00:25:25.578+0500: 1751.502: [DefNew: 157248K->17471K(157248K), 0.2625314 secs] 334573K->334572K(506816K), 0.2626054 secs] [Times: user=0.27 sys=0.00, real=0.26 secs] 
2018-03-17T00:25:25.868+0500: 1751.792: [GC (Allocation Failure) 2018-03-17T00:25:25.868+0500: 1751.792: [DefNew: 157247K->157247K(157248K), 0.0000158 secs]2018-03-17T00:25:25.868+0500: 1751.792: [Tenured: 317100K->44659K(349568K), 0.2048179 secs] 474348K->44659K(506816K), [Metaspace: 5350K->5350K(1056768K)], 0.2049077 secs] [Times: user=0.20 sys=0.00, real=0.20 secs] 
2018-03-17T00:25:26.104+0500: 1752.027: [GC (Allocation Failure) 2018-03-17T00:25:26.104+0500: 1752.027: [DefNew: 139776K->17471K(157248K), 0.2618326 secs] 184435K->184434K(506816K), 0.2618951 secs] [Times: user=0.23 sys=0.00, real=0.26 secs] 
2018-03-17T00:25:26.392+0500: 1752.316: [GC (Allocation Failure) 2018-03-17T00:25:26.392+0500: 1752.316: [DefNew: 157247K->17472K(157248K), 0.2585735 secs] 324210K->324208K(506816K), 0.2586381 secs] [Times: user=0.25 sys=0.00, real=0.26 secs] 
2018-03-17T00:25:26.677+0500: 1752.601: [GC (Allocation Failure) 2018-03-17T00:25:26.677+0500: 1752.601: [DefNew: 157248K->157248K(157248K), 0.0000158 secs]2018-03-17T00:25:26.677+0500: 1752.601: [Tenured: 306736K->34272K(349568K), 0.1798613 secs] 463984K->34272K(506816K), [Metaspace: 5350K->5350K(1056768K)], 0.1799511 secs] [Times: user=0.19 sys=0.00, real=0.18 secs] 
2018-03-17T00:25:26.889+0500: 1752.813: [GC (Allocation Failure) 2018-03-17T00:25:26.889+0500: 1752.813: [DefNew: 139776K->17472K(157248K), 0.2618955 secs] 174048K->174046K(506816K), 0.2619644 secs] [Times: user=0.27 sys=0.00, real=0.26 secs] 
2018-03-17T00:25:27.178+0500: 1753.102: [GC (Allocation Failure) 2018-03-17T00:25:27.178+0500: 1753.102: [DefNew: 157248K->17472K(157248K), 0.2608623 secs] 313822K->313821K(506816K), 0.2609410 secs] [Times: user=0.25 sys=0.00, real=0.26 secs] 
2018-03-17T00:25:27.467+0500: 1753.391: [GC (Allocation Failure) 2018-03-17T00:25:27.467+0500: 1753.391: [DefNew: 157248K->157248K(157248K), 0.0000620 secs]2018-03-17T00:25:27.467+0500: 1753.392: [Tenured: 296349K->23908K(349568K), 0.1597320 secs] 453597K->23908K(506816K), [Metaspace: 5350K->5350K(1056768K)], 0.1599309 secs] [Times: user=0.16 sys=0.00, real=0.16 secs] 
2018-03-17T00:25:27.658+0500: 1753.582: [GC (Allocation Failure) 2018-03-17T00:25:27.658+0500: 1753.582: [DefNew: 139776K->17472K(157248K), 0.3301110 secs] 163684K->163683K(506816K), 0.3301777 secs] [Times: user=0.26 sys=0.00, real=0.33 secs] 
2018-03-17T00:25:28.028+0500: 1753.951: [GC (Allocation Failure) 2018-03-17T00:25:28.028+0500: 1753.951: [DefNew: 157248K->17472K(157248K), 0.2761406 secs] 303459K->303458K(506816K), 0.2762181 secs] [Times: user=0.28 sys=0.00, real=0.28 secs] 
2018-03-17T00:25:28.331+0500: 1754.255: [GC (Allocation Failure) 2018-03-17T00:25:28.331+0500: 1754.255: [DefNew: 146063K->146063K(157248K), 0.0000321 secs]2018-03-17T00:25:28.331+0500: 1754.255: [Tenured: 285986K->715K(349568K), 0.1385333 secs] 432050K->715K(506816K), [Metaspace: 5350K->5350K(1056768K)], 0.1386684 secs] [Times: user=0.14 sys=0.00, real=0.14 secs] 
2018-03-17T00:25:28.496+0500: 1754.420: [GC (Allocation Failure) 2018-03-17T00:25:28.496+0500: 1754.420: [DefNew: 139776K->17472K(157248K), 0.2456246 secs] 140491K->140490K(506816K), 0.2457024 secs] [Times: user=0.25 sys=0.00, real=0.25 secs] 
2018-03-17T00:25:28.782+0500: 1754.706: [GC (Allocation Failure) 2018-03-17T00:25:28.782+0500: 1754.706: [DefNew: 157248K->17472K(157248K), 0.2733549 secs] 280266K->280229K(506816K), 0.2734400 secs] [Times: user=0.28 sys=0.00, real=0.27 secs] 
2018-03-17T00:25:29.087+0500: 1755.010: [GC (Allocation Failure) 2018-03-17T00:25:29.087+0500: 1755.010: [DefNew: 157248K->157248K(157248K), 0.0000222 secs]2018-03-17T00:25:29.087+0500: 1755.010: [Tenured: 262757K->205160K(349568K), 0.4908997 secs] 420005K->205160K(506816K), [Metaspace: 5350K->5350K(1056768K)], 0.4910178 secs] [Times: user=0.47 sys=0.00, real=0.49 secs] 
2018-03-17T00:25:29.604+0500: 1755.528: [GC (Allocation Failure) 2018-03-17T00:25:29.604+0500: 1755.528: [DefNew: 139776K->17472K(157248K), 0.2348310 secs] 344936K->344935K(506816K), 0.2348960 secs] [Times: user=0.23 sys=0.00, real=0.23 secs] 
2018-03-17T00:25:29.868+0500: 1755.792: [GC (Allocation Failure) 2018-03-17T00:25:29.868+0500: 1755.792: [DefNew: 157248K->157248K(157248K), 0.0000158 secs]2018-03-17T00:25:29.868+0500: 1755.792: [Tenured: 327463K->55022K(349568K), 0.2385961 secs] 484711K->55022K(506816K), [Metaspace: 5350K->5350K(1056768K)], 0.2386987 secs] [Times: user=0.23 sys=0.00, real=0.24 secs] 
2018-03-17T00:25:30.138+0500: 1756.063: [GC (Allocation Failure) 2018-03-17T00:25:30.138+0500: 1756.063: [DefNew: 139776K->17472K(157248K), 0.2879157 secs] 194798K->194797K(506816K), 0.2879764 secs] [Times: user=0.28 sys=0.00, real=0.29 secs] 
2018-03-17T00:25:30.454+0500: 1756.378: [GC (Allocation Failure) 2018-03-17T00:25:30.454+0500: 1756.378: [DefNew: 157248K->17471K(157248K), 0.2641758 secs] 334573K->334572K(506816K), 0.2642403 secs] [Times: user=0.27 sys=0.00, real=0.26 secs] 
2018-03-17T00:25:30.746+0500: 1756.670: [GC (Allocation Failure) 2018-03-17T00:25:30.746+0500: 1756.670: [DefNew: 157247K->157247K(157248K), 0.0000171 secs]2018-03-17T00:25:30.746+0500: 1756.670: [Tenured: 317100K->44659K(349568K), 0.2056300 secs] 474348K->44659K(506816K), [Metaspace: 5350K->5350K(1056768K)], 0.2057407 secs] [Times: user=0.20 sys=0.00, real=0.21 secs] 
2018-03-17T00:25:30.982+0500: 1756.906: [GC (Allocation Failure) 2018-03-17T00:25:30.982+0500: 1756.906: [DefNew: 139776K->17471K(157248K), 0.2661207 secs] 184435K->184434K(506816K), 0.2661866 secs] [Times: user=0.27 sys=0.00, real=0.27 secs] 
2018-03-17T00:25:31.275+0500: 1757.199: [GC (Allocation Failure) 2018-03-17T00:25:31.275+0500: 1757.199: [DefNew: 157247K->17472K(157248K), 0.2558446 secs] 324210K->324208K(506816K), 0.2559062 secs] [Times: user=0.25 sys=0.00, real=0.26 secs] 
2018-03-17T00:25:31.560+0500: 1757.484: [GC (Allocation Failure) 2018-03-17T00:25:31.560+0500: 1757.484: [DefNew: 157248K->157248K(157248K), 0.0000163 secs]2018-03-17T00:25:31.560+0500: 1757.484: [Tenured: 306736K->34272K(349568K), 0.1813452 secs] 463984K->34272K(506816K), [Metaspace: 5350K->5350K(1056768K)], 0.1814380 secs] [Times: user=0.19 sys=0.00, real=0.18 secs] 
2018-03-17T00:25:31.774+0500: 1757.697: [GC (Allocation Failure) 2018-03-17T00:25:31.774+0500: 1757.697: [DefNew: 139776K->17472K(157248K), 0.2625537 secs] 174048K->174046K(506816K), 0.2626165 secs] [Times: user=0.25 sys=0.00, real=0.26 secs] 
2018-03-17T00:25:32.063+0500: 1757.987: [GC (Allocation Failure) 2018-03-17T00:25:32.063+0500: 1757.987: [DefNew: 157248K->17472K(157248K), 0.2665385 secs] 313822K->313821K(506816K), 0.2666035 secs] [Times: user=0.27 sys=0.00, real=0.27 secs] 
2018-03-17T00:25:32.357+0500: 1758.281: [GC (Allocation Failure) 2018-03-17T00:25:32.357+0500: 1758.281: [DefNew: 157248K->157248K(157248K), 0.0000158 secs]2018-03-17T00:25:32.357+0500: 1758.281: [Tenured: 296349K->23908K(349568K), 0.1590978 secs] 453597K->23908K(506816K), [Metaspace: 5350K->5350K(1056768K)], 0.1591898 secs] [Times: user=0.16 sys=0.00, real=0.16 secs] 
2018-03-17T00:25:32.547+0500: 1758.471: [GC (Allocation Failure) 2018-03-17T00:25:32.547+0500: 1758.471: [DefNew: 139776K->17472K(157248K), 0.2696998 secs] 163684K->163683K(506816K), 0.2697630 secs] [Times: user=0.27 sys=0.00, real=0.27 secs] 
2018-03-17T00:25:32.843+0500: 1758.767: [GC (Allocation Failure) 2018-03-17T00:25:32.843+0500: 1758.767: [DefNew: 157248K->17472K(157248K), 0.2627260 secs] 303459K->303458K(506816K), 0.2627953 secs] [Times: user=0.25 sys=0.00, real=0.26 secs] 
2018-03-17T00:25:33.137+0500: 1759.061: [GC (Allocation Failure) 2018-03-17T00:25:33.137+0500: 1759.061: [DefNew: 146063K->146063K(157248K), 0.0000304 secs]2018-03-17T00:25:33.137+0500: 1759.061: [Tenured: 285986K->715K(349568K), 0.1554735 secs] 432050K->715K(506816K), [Metaspace: 5350K->5350K(1056768K)], 0.1556048 secs] [Times: user=0.16 sys=0.00, real=0.16 secs] 
2018-03-17T00:25:33.331+0500: 1759.255: [GC (Allocation Failure) 2018-03-17T00:25:33.331+0500: 1759.255: [DefNew: 139776K->17472K(157248K), 0.2528455 secs] 140491K->140490K(506816K), 0.2529118 secs] [Times: user=0.25 sys=0.00, real=0.25 secs] 
2018-03-17T00:25:33.612+0500: 1759.536: [GC (Allocation Failure) 2018-03-17T00:25:33.612+0500: 1759.536: [DefNew: 157248K->17472K(157248K), 0.2684061 secs] 280266K->280229K(506816K), 0.2684711 secs] [Times: user=0.28 sys=0.00, real=0.27 secs] 
2018-03-17T00:25:33.911+0500: 1759.835: [GC (Allocation Failure) 2018-03-17T00:25:33.911+0500: 1759.835: [DefNew: 157248K->157248K(157248K), 0.0000244 secs]2018-03-17T00:25:33.911+0500: 1759.835: [Tenured: 262757K->205160K(349568K), 0.4908719 secs] 420005K->205160K(506816K), [Metaspace: 5350K->5350K(1056768K)], 0.4910071 secs] [Times: user=0.50 sys=0.00, real=0.49 secs] 
2018-03-17T00:25:34.431+0500: 1760.355: [GC (Allocation Failure) 2018-03-17T00:25:34.431+0500: 1760.355: [DefNew: 139776K->17472K(157248K), 0.2588288 secs] 344936K->344935K(506816K), 0.2589297 secs] [Times: user=0.25 sys=0.00, real=0.26 secs] 
2018-03-17T00:25:34.735+0500: 1760.658: [GC (Allocation Failure) 2018-03-17T00:25:34.735+0500: 1760.658: [DefNew: 157248K->157248K(157248K), 0.0000299 secs]2018-03-17T00:25:34.735+0500: 1760.658: [Tenured: 327463K->55022K(349568K), 0.2409281 secs] 484711K->55022K(506816K), [Metaspace: 5350K->5350K(1056768K)], 0.2410465 secs] [Times: user=0.23 sys=0.00, real=0.24 secs] 
2018-03-17T00:25:35.006+0500: 1760.930: [GC (Allocation Failure) 2018-03-17T00:25:35.006+0500: 1760.930: [DefNew: 139776K->17472K(157248K), 0.2635933 secs] 194798K->194797K(506816K), 0.2636574 secs] [Times: user=0.25 sys=0.00, real=0.26 secs] 
2018-03-17T00:25:35.299+0500: 1761.223: [GC (Allocation Failure) 2018-03-17T00:25:35.299+0500: 1761.223: [DefNew: 157248K->17471K(157248K), 0.2609795 secs] 334573K->334572K(506816K), 0.2610393 secs] [Times: user=0.27 sys=0.00, real=0.26 secs] 
2018-03-17T00:25:35.588+0500: 1761.512: [GC (Allocation Failure) 2018-03-17T00:25:35.588+0500: 1761.512: [DefNew: 157247K->157247K(157248K), 0.0000175 secs]2018-03-17T00:25:35.588+0500: 1761.512: [Tenured: 317100K->44659K(349568K), 0.2045236 secs] 474348K->44659K(506816K), [Metaspace: 5350K->5350K(1056768K)], 0.2046391 secs] [Times: user=0.20 sys=0.00, real=0.20 secs] 
2018-03-17T00:25:35.823+0500: 1761.747: [GC (Allocation Failure) 2018-03-17T00:25:35.823+0500: 1761.747: [DefNew: 139776K->17471K(157248K), 0.2743201 secs] 184435K->184434K(506816K), 0.2743826 secs] [Times: user=0.27 sys=0.00, real=0.28 secs] 
2018-03-17T00:25:36.132+0500: 1762.056: [GC (Allocation Failure) 2018-03-17T00:25:36.132+0500: 1762.056: [DefNew: 157247K->17472K(157248K), 0.2971346 secs] 324210K->324208K(506816K), 0.2972214 secs] [Times: user=0.28 sys=0.00, real=0.30 secs] 
2018-03-17T00:25:36.456+0500: 1762.380: [GC (Allocation Failure) 2018-03-17T00:25:36.456+0500: 1762.380: [DefNew: 157248K->157248K(157248K), 0.0000158 secs]2018-03-17T00:25:36.456+0500: 1762.380: [Tenured: 306736K->34272K(349568K), 0.1810112 secs] 463984K->34272K(506816K), [Metaspace: 5350K->5350K(1056768K)], 0.1811070 secs] [Times: user=0.19 sys=0.00, real=0.18 secs] 
2018-03-17T00:25:36.668+0500: 1762.592: [GC (Allocation Failure) 2018-03-17T00:25:36.668+0500: 1762.592: [DefNew: 139776K->17472K(157248K), 0.2705042 secs] 174048K->174046K(506816K), 0.2705692 secs] [Times: user=0.26 sys=0.00, real=0.27 secs] 
2018-03-17T00:25:36.966+0500: 1762.890: [GC (Allocation Failure) 2018-03-17T00:25:36.966+0500: 1762.890: [DefNew: 157248K->17472K(157248K), 0.2617065 secs] 313822K->313821K(506816K), 0.2617805 secs] [Times: user=0.27 sys=0.00, real=0.26 secs] 
2018-03-17T00:25:37.255+0500: 1763.179: [GC (Allocation Failure) 2018-03-17T00:25:37.255+0500: 1763.179: [DefNew: 157248K->157248K(157248K), 0.0000218 secs]2018-03-17T00:25:37.255+0500: 1763.179: [Tenured: 296349K->23908K(349568K), 0.1612977 secs] 453597K->23908K(506816K), [Metaspace: 5350K->5350K(1056768K)], 0.1614102 secs] [Times: user=0.17 sys=0.00, real=0.16 secs] 
2018-03-17T00:25:37.447+0500: 1763.370: [GC (Allocation Failure) 2018-03-17T00:25:37.447+0500: 1763.370: [DefNew: 139776K->17472K(157248K), 0.3035746 secs] 163684K->163683K(506816K), 0.3036413 secs] [Times: user=0.30 sys=0.00, real=0.30 secs] 
2018-03-17T00:25:37.777+0500: 1763.701: [GC (Allocation Failure) 2018-03-17T00:25:37.777+0500: 1763.701: [DefNew: 157248K->17472K(157248K), 0.2638229 secs] 303459K->303458K(506816K), 0.2639089 secs] [Times: user=0.25 sys=0.00, real=0.26 secs] 
2018-03-17T00:25:38.068+0500: 1763.992: [GC (Allocation Failure) 2018-03-17T00:25:38.068+0500: 1763.992: [DefNew: 146063K->146063K(157248K), 0.0000163 secs]2018-03-17T00:25:38.068+0500: 1763.992: [Tenured: 285986K->715K(349568K), 0.1380415 secs] 432050K->715K(506816K), [Metaspace: 5350K->5350K(1056768K)], 0.1381304 secs] [Times: user=0.14 sys=0.00, real=0.14 secs] 
2018-03-17T00:25:38.233+0500: 1764.157: [GC (Allocation Failure) 2018-03-17T00:25:38.233+0500: 1764.157: [DefNew: 139776K->17472K(157248K), 0.2270336 secs] 140491K->140490K(506816K), 0.2271012 secs] [Times: user=0.24 sys=0.00, real=0.23 secs] 
2018-03-17T00:25:38.486+0500: 1764.411: [GC (Allocation Failure) 2018-03-17T00:25:38.486+0500: 1764.411: [DefNew: 157248K->17472K(157248K), 0.2617244 secs] 280266K->280229K(506816K), 0.2618027 secs] [Times: user=0.27 sys=0.00, real=0.26 secs] 
2018-03-17T00:25:38.778+0500: 1764.703: [GC (Allocation Failure) 2018-03-17T00:25:38.778+0500: 1764.703: [DefNew: 157248K->157248K(157248K), 0.0000167 secs]2018-03-17T00:25:38.778+0500: 1764.703: [Tenured: 262757K->205160K(349568K), 0.5005775 secs] 420005K->205160K(506816K), [Metaspace: 5350K->5350K(1056768K)], 0.5006917 secs] [Times: user=0.50 sys=0.00, real=0.50 secs] 
2018-03-17T00:25:39.307+0500: 1765.231: [GC (Allocation Failure) 2018-03-17T00:25:39.307+0500: 1765.231: [DefNew: 139776K->17472K(157248K), 0.2317220 secs] 344936K->344935K(506816K), 0.2317934 secs] [Times: user=0.23 sys=0.00, real=0.23 secs] 
2018-03-17T00:25:39.566+0500: 1765.490: [GC (Allocation Failure) 2018-03-17T00:25:39.566+0500: 1765.490: [DefNew: 157248K->157248K(157248K), 0.0000154 secs]2018-03-17T00:25:39.566+0500: 1765.490: [Tenured: 327463K->55022K(349568K), 0.2272731 secs] 484711K->55022K(506816K), [Metaspace: 5350K->5350K(1056768K)], 0.2273702 secs] [Times: user=0.23 sys=0.00, real=0.23 secs] 
2018-03-17T00:25:39.823+0500: 1765.748: [GC (Allocation Failure) 2018-03-17T00:25:39.823+0500: 1765.748: [DefNew: 139776K->17472K(157248K), 0.2633243 secs] 194798K->194797K(506816K), 0.2633957 secs] [Times: user=0.27 sys=0.00, real=0.26 secs] 
2018-03-17T00:25:40.117+0500: 1766.041: [GC (Allocation Failure) 2018-03-17T00:25:40.117+0500: 1766.041: [DefNew: 157248K->17471K(157248K), 0.2615731 secs] 334573K->334572K(506816K), 0.2616522 secs] [Times: user=0.25 sys=0.00, real=0.26 secs] 
2018-03-17T00:25:40.406+0500: 1766.329: [GC (Allocation Failure) 2018-03-17T00:25:40.406+0500: 1766.329: [DefNew: 157247K->157247K(157248K), 0.0000167 secs]2018-03-17T00:25:40.406+0500: 1766.329: [Tenured: 317100K->44659K(349568K), 0.2060469 secs] 474348K->44659K(506816K), [Metaspace: 5350K->5350K(1056768K)], 0.2061393 secs] [Times: user=0.20 sys=0.00, real=0.21 secs] 
2018-03-17T00:25:40.642+0500: 1766.566: [GC (Allocation Failure) 2018-03-17T00:25:40.642+0500: 1766.566: [DefNew: 139776K->17471K(157248K), 0.2620234 secs] 184435K->184434K(506816K), 0.2620867 secs] [Times: user=0.27 sys=0.00, real=0.26 secs] 
2018-03-17T00:25:40.931+0500: 1766.855: [GC (Allocation Failure) 2018-03-17T00:25:40.931+0500: 1766.855: [DefNew: 157247K->17472K(157248K), 0.2600356 secs] 324210K->324208K(506816K), 0.2600955 secs] [Times: user=0.25 sys=0.00, real=0.26 secs] 
2018-03-17T00:25:41.218+0500: 1767.142: [GC (Allocation Failure) 2018-03-17T00:25:41.218+0500: 1767.142: [DefNew: 157248K->157248K(157248K), 0.0000171 secs]2018-03-17T00:25:41.218+0500: 1767.142: [Tenured: 306736K->34272K(349568K), 0.1801251 secs] 463984K->34272K(506816K), [Metaspace: 5350K->5350K(1056768K)], 0.1802179 secs] [Times: user=0.19 sys=0.00, real=0.18 secs] 
2018-03-17T00:25:41.429+0500: 1767.353: [GC (Allocation Failure) 2018-03-17T00:25:41.429+0500: 1767.353: [DefNew: 139776K->17472K(157248K), 0.2633983 secs] 174048K->174046K(506816K), 0.2634590 secs] [Times: user=0.25 sys=0.00, real=0.26 secs] 
2018-03-17T00:25:41.721+0500: 1767.644: [GC (Allocation Failure) 2018-03-17T00:25:41.721+0500: 1767.644: [DefNew: 157248K->17472K(157248K), 0.2568509 secs] 313822K->313821K(506816K), 0.2569253 secs] [Times: user=0.26 sys=0.00, real=0.26 secs] 
2018-03-17T00:25:42.004+0500: 1767.928: [GC (Allocation Failure) 2018-03-17T00:25:42.004+0500: 1767.928: [DefNew: 157248K->157248K(157248K), 0.0000167 secs]2018-03-17T00:25:42.004+0500: 1767.928: [Tenured: 296349K->23908K(349568K), 0.1577118 secs] 453597K->23908K(506816K), [Metaspace: 5350K->5350K(1056768K)], 0.1578050 secs] [Times: user=0.16 sys=0.00, real=0.16 secs] 
2018-03-17T00:25:42.192+0500: 1768.116: [GC (Allocation Failure) 2018-03-17T00:25:42.192+0500: 1768.116: [DefNew: 139776K->17472K(157248K), 0.2602666 secs] 163684K->163683K(506816K), 0.2603299 secs] [Times: user=0.26 sys=0.00, real=0.26 secs] 
2018-03-17T00:25:42.479+0500: 1768.403: [GC (Allocation Failure) 2018-03-17T00:25:42.479+0500: 1768.403: [DefNew: 157248K->17472K(157248K), 0.2711209 secs] 303459K->303458K(506816K), 0.2711854 secs] [Times: user=0.27 sys=0.00, real=0.27 secs] 
2018-03-17T00:25:42.778+0500: 1768.702: [GC (Allocation Failure) 2018-03-17T00:25:42.778+0500: 1768.702: [DefNew: 146063K->146063K(157248K), 0.0000171 secs]2018-03-17T00:25:42.778+0500: 1768.702: [Tenured: 285986K->715K(349568K), 0.1378499 secs] 432050K->715K(506816K), [Metaspace: 5350K->5350K(1056768K)], 0.1379628 secs] [Times: user=0.14 sys=0.00, real=0.14 secs] 
2018-03-17T00:25:42.945+0500: 1768.870: [GC (Allocation Failure) 2018-03-17T00:25:42.945+0500: 1768.870: [DefNew: 139776K->17472K(157248K), 0.2326863 secs] 140491K->140490K(506816K), 0.2327526 secs] [Times: user=0.24 sys=0.00, real=0.23 secs] 
2018-03-17T00:25:43.208+0500: 1769.131: [GC (Allocation Failure) 2018-03-17T00:25:43.208+0500: 1769.131: [DefNew: 157248K->17472K(157248K), 0.2641638 secs] 280266K->280229K(506816K), 0.2642309 secs] [Times: user=0.27 sys=0.00, real=0.26 secs] 
2018-03-17T00:25:43.502+0500: 1769.426: [GC (Allocation Failure) 2018-03-17T00:25:43.502+0500: 1769.426: [DefNew: 157248K->157248K(157248K), 0.0000192 secs]2018-03-17T00:25:43.502+0500: 1769.426: [Tenured: 262757K->205160K(349568K), 0.4874020 secs] 420005K->205160K(506816K), [Metaspace: 5350K->5350K(1056768K)], 0.4874999 secs] [Times: user=0.47 sys=0.00, real=0.49 secs] 
2018-03-17T00:25:44.016+0500: 1769.940: [GC (Allocation Failure) 2018-03-17T00:25:44.016+0500: 1769.940: [DefNew: 139776K->17472K(157248K), 0.2338547 secs] 344936K->344935K(506816K), 0.2339167 secs] [Times: user=0.24 sys=0.00, real=0.23 secs] 
2018-03-17T00:25:44.277+0500: 1770.202: [GC (Allocation Failure) 2018-03-17T00:25:44.277+0500: 1770.202: [DefNew: 157248K->157248K(157248K), 0.0000158 secs]2018-03-17T00:25:44.277+0500: 1770.202: [Tenured: 327463K->55022K(349568K), 0.2278367 secs] 484711K->55022K(506816K), [Metaspace: 5350K->5350K(1056768K)], 0.2279270 secs] [Times: user=0.22 sys=0.00, real=0.23 secs] 
2018-03-17T00:25:44.536+0500: 1770.460: [GC (Allocation Failure) 2018-03-17T00:25:44.536+0500: 1770.460: [DefNew: 139776K->17472K(157248K), 0.2659308 secs] 194798K->194797K(506816K), 0.2659980 secs] [Times: user=0.25 sys=0.00, real=0.27 secs] 
2018-03-17T00:25:44.829+0500: 1770.753: [GC (Allocation Failure) 2018-03-17T00:25:44.829+0500: 1770.753: [DefNew: 157248K->17471K(157248K), 0.2670560 secs] 334573K->334572K(506816K), 0.2671347 secs] [Times: user=0.27 sys=0.00, real=0.27 secs] 
2018-03-17T00:25:45.123+0500: 1771.047: [GC (Allocation Failure) 2018-03-17T00:25:45.123+0500: 1771.047: [DefNew: 157247K->157247K(157248K), 0.0000175 secs]2018-03-17T00:25:45.123+0500: 1771.047: [Tenured: 317100K->44659K(349568K), 0.2238181 secs] 474348K->44659K(506816K), [Metaspace: 5350K->5350K(1056768K)], 0.2239276 secs] [Times: user=0.22 sys=0.00, real=0.22 secs] 
2018-03-17T00:25:45.385+0500: 1771.309: [GC (Allocation Failure) 2018-03-17T00:25:45.385+0500: 1771.309: [DefNew: 139776K->17471K(157248K), 0.2881098 secs] 184435K->184434K(506816K), 0.2881829 secs] [Times: user=0.28 sys=0.00, real=0.29 secs] 
2018-03-17T00:25:45.705+0500: 1771.629: [GC (Allocation Failure) 2018-03-17T00:25:45.705+0500: 1771.629: [DefNew: 157247K->17472K(157248K), 0.2567615 secs] 324210K->324208K(506816K), 0.2568248 secs] [Times: user=0.27 sys=0.00, real=0.26 secs] 
2018-03-17T00:25:45.990+0500: 1771.914: [GC (Allocation Failure) 2018-03-17T00:25:45.990+0500: 1771.914: [DefNew: 157248K->157248K(157248K), 0.0000167 secs]2018-03-17T00:25:45.990+0500: 1771.914: [Tenured: 306736K->34272K(349568K), 0.1812302 secs] 463984K->34272K(506816K), [Metaspace: 5350K->5350K(1056768K)], 0.1813448 secs] [Times: user=0.19 sys=0.00, real=0.18 secs] 
2018-03-17T00:25:46.206+0500: 1772.129: [GC (Allocation Failure) 2018-03-17T00:25:46.206+0500: 1772.129: [DefNew: 139776K->17472K(157248K), 0.2641676 secs] 174048K->174046K(506816K), 0.2642497 secs] [Times: user=0.27 sys=0.00, real=0.26 secs] 
2018-03-17T00:25:46.497+0500: 1772.421: [GC (Allocation Failure) 2018-03-17T00:25:46.497+0500: 1772.421: [DefNew: 157248K->17472K(157248K), 0.2677291 secs] 313822K->313821K(506816K), 0.2678014 secs] [Times: user=0.27 sys=0.00, real=0.27 secs] 
2018-03-17T00:25:46.792+0500: 1772.716: [GC (Allocation Failure) 2018-03-17T00:25:46.792+0500: 1772.716: [DefNew: 157248K->157248K(157248K), 0.0000175 secs]2018-03-17T00:25:46.792+0500: 1772.716: [Tenured: 296349K->23908K(349568K), 0.1600780 secs] 453597K->23908K(506816K), [Metaspace: 5350K->5350K(1056768K)], 0.1601751 secs] [Times: user=0.16 sys=0.00, real=0.16 secs] 
2018-03-17T00:25:46.982+0500: 1772.906: [GC (Allocation Failure) 2018-03-17T00:25:46.982+0500: 1772.906: [DefNew: 139776K->17472K(157248K), 0.2653078 secs] 163684K->163683K(506816K), 0.2653706 secs] [Times: user=0.26 sys=0.00, real=0.26 secs] 
2018-03-17T00:25:47.275+0500: 1773.198: [GC (Allocation Failure) 2018-03-17T00:25:47.275+0500: 1773.198: [DefNew: 157248K->17472K(157248K), 0.2614922 secs] 303459K->303458K(506816K), 0.2615589 secs] [Times: user=0.25 sys=0.00, real=0.26 secs] 
2018-03-17T00:25:47.564+0500: 1773.488: [GC (Allocation Failure) 2018-03-17T00:25:47.564+0500: 1773.488: [DefNew: 146063K->146063K(157248K), 0.0000239 secs]2018-03-17T00:25:47.564+0500: 1773.488: [Tenured: 285986K->715K(349568K), 0.1398483 secs] 432050K->715K(506816K), [Metaspace: 5350K->5350K(1056768K)], 0.1399586 secs] [Times: user=0.14 sys=0.00, real=0.14 secs] 
2018-03-17T00:25:47.732+0500: 1773.655: [GC (Allocation Failure) 2018-03-17T00:25:47.732+0500: 1773.655: [DefNew: 139776K->17472K(157248K), 0.2282670 secs] 140491K->140490K(506816K), 0.2283324 secs] [Times: user=0.23 sys=0.00, real=0.23 secs] 
2018-03-17T00:25:47.987+0500: 1773.911: [GC (Allocation Failure) 2018-03-17T00:25:47.987+0500: 1773.911: [DefNew: 157248K->17472K(157248K), 0.2644956 secs] 280266K->280229K(506816K), 0.2645594 secs] [Times: user=0.26 sys=0.00, real=0.27 secs] 
2018-03-17T00:25:48.283+0500: 1774.207: [GC (Allocation Failure) 2018-03-17T00:25:48.283+0500: 1774.207: [DefNew: 157248K->157248K(157248K), 0.0000163 secs]2018-03-17T00:25:48.283+0500: 1774.207: [Tenured: 262757K->205160K(349568K), 0.5170854 secs] 420005K->205160K(506816K), [Metaspace: 5350K->5350K(1056768K)], 0.5171872 secs] [Times: user=0.52 sys=0.00, real=0.52 secs] 
2018-03-17T00:25:48.843+0500: 1774.766: [GC (Allocation Failure) 2018-03-17T00:25:48.843+0500: 1774.766: [DefNew: 139776K->17472K(157248K), 0.2589947 secs] 344936K->344935K(506816K), 0.2590674 secs] [Times: user=0.27 sys=0.00, real=0.26 secs] 
2018-03-17T00:25:49.131+0500: 1775.054: [GC (Allocation Failure) 2018-03-17T00:25:49.131+0500: 1775.054: [DefNew: 157248K->157248K(157248K), 0.0000372 secs]2018-03-17T00:25:49.131+0500: 1775.054: [Tenured: 327463K->55022K(349568K), 0.2309094 secs] 484711K->55022K(506816K), [Metaspace: 5350K->5350K(1056768K)], 0.2310595 secs] [Times: user=0.22 sys=0.00, real=0.23 secs] 
2018-03-17T00:25:49.394+0500: 1775.318: [GC (Allocation Failure) 2018-03-17T00:25:49.394+0500: 1775.318: [DefNew: 139776K->17472K(157248K), 0.2883835 secs] 194798K->194797K(506816K), 0.2884447 secs] [Times: user=0.30 sys=0.00, real=0.29 secs] 
2018-03-17T00:25:49.714+0500: 1775.638: [GC (Allocation Failure) 2018-03-17T00:25:49.714+0500: 1775.638: [DefNew: 157248K->17471K(157248K), 0.2938519 secs] 334573K->334572K(506816K), 0.2939315 secs] [Times: user=0.30 sys=0.00, real=0.29 secs] 
2018-03-17T00:25:50.036+0500: 1775.960: [GC (Allocation Failure) 2018-03-17T00:25:50.036+0500: 1775.960: [DefNew: 157247K->157247K(157248K), 0.0000188 secs]2018-03-17T00:25:50.036+0500: 1775.960: [Tenured: 317100K->44659K(349568K), 0.2079825 secs] 474348K->44659K(506816K), [Metaspace: 5350K->5350K(1056768K)], 0.2080813 secs] [Times: user=0.22 sys=0.00, real=0.21 secs] 
2018-03-17T00:25:50.276+0500: 1776.199: [GC (Allocation Failure) 2018-03-17T00:25:50.276+0500: 1776.200: [DefNew: 139776K->17471K(157248K), 0.2775438 secs] 184435K->184434K(506816K), 0.2776054 secs] [Times: user=0.28 sys=0.00, real=0.28 secs] 
2018-03-17T00:25:50.594+0500: 1776.518: [GC (Allocation Failure) 2018-03-17T00:25:50.594+0500: 1776.518: [DefNew: 157247K->17472K(157248K), 0.2893273 secs] 324210K->324208K(506816K), 0.2894116 secs] [Times: user=0.30 sys=0.00, real=0.29 secs] 
2018-03-17T00:25:50.915+0500: 1776.839: [GC (Allocation Failure) 2018-03-17T00:25:50.915+0500: 1776.839: [DefNew: 157248K->157248K(157248K), 0.0000205 secs]2018-03-17T00:25:50.915+0500: 1776.839: [Tenured: 306736K->34272K(349568K), 0.1872866 secs] 463984K->34272K(506816K), [Metaspace: 5350K->5350K(1056768K)], 0.1873863 secs] [Times: user=0.19 sys=0.00, real=0.19 secs] 
2018-03-17T00:25:51.134+0500: 1777.058: [GC (Allocation Failure) 2018-03-17T00:25:51.134+0500: 1777.059: [DefNew: 139776K->17472K(157248K), 0.2670094 secs] 174048K->174046K(506816K), 0.2671270 secs] [Times: user=0.26 sys=0.00, real=0.27 secs] 
2018-03-17T00:25:51.429+0500: 1777.353: [GC (Allocation Failure) 2018-03-17T00:25:51.429+0500: 1777.353: [DefNew: 157248K->17472K(157248K), 0.2627175 secs] 313822K->313821K(506816K), 0.2627906 secs] [Times: user=0.25 sys=0.00, real=0.26 secs] 
2018-03-17T00:25:51.721+0500: 1777.644: [GC (Allocation Failure) 2018-03-17T00:25:51.721+0500: 1777.644: [DefNew: 157248K->157248K(157248K), 0.0000188 secs]2018-03-17T00:25:51.721+0500: 1777.644: [Tenured: 296349K->23908K(349568K), 0.1610697 secs] 453597K->23908K(506816K), [Metaspace: 5350K->5350K(1056768K)], 0.1611921 secs] [Times: user=0.17 sys=0.00, real=0.16 secs] 
2018-03-17T00:25:51.916+0500: 1777.840: [GC (Allocation Failure) 2018-03-17T00:25:51.916+0500: 1777.840: [DefNew: 139776K->17472K(157248K), 0.2813234 secs] 163684K->163683K(506816K), 0.2814038 secs] [Times: user=0.26 sys=0.00, real=0.28 secs] 
2018-03-17T00:25:52.225+0500: 1778.149: [GC (Allocation Failure) 2018-03-17T00:25:52.225+0500: 1778.149: [DefNew: 157248K->17472K(157248K), 0.2613263 secs] 303459K->303458K(506816K), 0.2613917 secs] [Times: user=0.25 sys=0.00, real=0.26 secs] 
2018-03-17T00:25:52.513+0500: 1778.437: [GC (Allocation Failure) 2018-03-17T00:25:52.513+0500: 1778.438: [DefNew: 146063K->146063K(157248K), 0.0000163 secs]2018-03-17T00:25:52.513+0500: 1778.438: [Tenured: 285986K->715K(349568K), 0.1396759 secs] 432050K->715K(506816K), [Metaspace: 5350K->5350K(1056768K)], 0.1397615 secs] [Times: user=0.13 sys=0.00, real=0.14 secs] 
2018-03-17T00:25:52.680+0500: 1778.605: [GC (Allocation Failure) 2018-03-17T00:25:52.680+0500: 1778.605: [DefNew: 139776K->17472K(157248K), 0.2309903 secs] 140491K->140490K(506816K), 0.2310506 secs] [Times: user=0.22 sys=0.00, real=0.23 secs] 
2018-03-17T00:25:52.940+0500: 1778.863: [GC (Allocation Failure) 2018-03-17T00:25:52.940+0500: 1778.863: [DefNew: 157248K->17472K(157248K), 0.2671890 secs] 280266K->280229K(506816K), 0.2672711 secs] [Times: user=0.27 sys=0.00, real=0.27 secs] 
2018-03-17T00:25:53.237+0500: 1779.160: [GC (Allocation Failure) 2018-03-17T00:25:53.237+0500: 1779.160: [DefNew: 157248K->157248K(157248K), 0.0000167 secs]2018-03-17T00:25:53.237+0500: 1779.160: [Tenured: 262757K->205160K(349568K), 0.4828205 secs] 420005K->205160K(506816K), [Metaspace: 5350K->5350K(1056768K)], 0.4829223 secs] [Times: user=0.48 sys=0.00, real=0.48 secs] 
2018-03-17T00:25:53.746+0500: 1779.670: [GC (Allocation Failure) 2018-03-17T00:25:53.746+0500: 1779.670: [DefNew: 139776K->17472K(157248K), 0.2304758 secs] 344936K->344935K(506816K), 0.2305387 secs] [Times: user=0.23 sys=0.00, real=0.23 secs] 
2018-03-17T00:25:54.003+0500: 1779.927: [GC (Allocation Failure) 2018-03-17T00:25:54.003+0500: 1779.927: [DefNew: 157248K->157248K(157248K), 0.0000167 secs]2018-03-17T00:25:54.003+0500: 1779.928: [Tenured: 327463K->55022K(349568K), 0.2263280 secs] 484711K->55022K(506816K), [Metaspace: 5350K->5350K(1056768K)], 0.2264464 secs] [Times: user=0.22 sys=0.00, real=0.23 secs] 
2018-03-17T00:25:54.260+0500: 1780.184: [GC (Allocation Failure) 2018-03-17T00:25:54.260+0500: 1780.184: [DefNew: 139776K->17472K(157248K), 0.2626807 secs] 194798K->194797K(506816K), 0.2627448 secs] [Times: user=0.27 sys=0.00, real=0.26 secs] 
2018-03-17T00:25:54.550+0500: 1780.474: [GC (Allocation Failure) 2018-03-17T00:25:54.550+0500: 1780.474: [DefNew: 157248K->17471K(157248K), 0.2570694 secs] 334573K->334572K(506816K), 0.2571353 secs] [Times: user=0.27 sys=0.00, real=0.26 secs] 
2018-03-17T00:25:54.834+0500: 1780.758: [GC (Allocation Failure) 2018-03-17T00:25:54.834+0500: 1780.758: [DefNew: 157247K->157247K(157248K), 0.0000163 secs]2018-03-17T00:25:54.834+0500: 1780.758: [Tenured: 317100K->44659K(349568K), 0.2039040 secs] 474348K->44659K(506816K), [Metaspace: 5350K->5350K(1056768K)], 0.2040006 secs] [Times: user=0.22 sys=0.00, real=0.20 secs] 
2018-03-17T00:25:55.068+0500: 1780.992: [GC (Allocation Failure) 2018-03-17T00:25:55.068+0500: 1780.992: [DefNew: 139776K->17471K(157248K), 0.2640513 secs] 184435K->184434K(506816K), 0.2641189 secs] [Times: user=0.27 sys=0.00, real=0.26 secs] 
2018-03-17T00:25:55.360+0500: 1781.284: [GC (Allocation Failure) 2018-03-17T00:25:55.360+0500: 1781.284: [DefNew: 157247K->17472K(157248K), 0.2595836 secs] 324210K->324208K(506816K), 0.2596508 secs] [Times: user=0.26 sys=0.00, real=0.26 secs] 
2018-03-17T00:25:55.646+0500: 1781.570: [GC (Allocation Failure) 2018-03-17T00:25:55.646+0500: 1781.570: [DefNew: 157248K->157248K(157248K), 0.0000287 secs]2018-03-17T00:25:55.646+0500: 1781.570: [Tenured: 306736K->34272K(349568K), 0.1817947 secs] 463984K->34272K(506816K), [Metaspace: 5350K->5350K(1056768K)], 0.1819025 secs] [Times: user=0.17 sys=0.00, real=0.18 secs] 
2018-03-17T00:25:55.861+0500: 1781.785: [GC (Allocation Failure) 2018-03-17T00:25:55.861+0500: 1781.785: [DefNew: 139776K->17472K(157248K), 0.2966411 secs] 174048K->174046K(506816K), 0.2967048 secs] [Times: user=0.30 sys=0.00, real=0.30 secs] 
2018-03-17T00:25:56.185+0500: 1782.109: [GC (Allocation Failure) 2018-03-17T00:25:56.185+0500: 1782.109: [DefNew: 157248K->17472K(157248K), 0.3294913 secs] 313822K->313821K(506816K), 0.3295584 secs] [Times: user=0.33 sys=0.00, real=0.33 secs] 
2018-03-17T00:25:56.549+0500: 1782.473: [GC (Allocation Failure) 2018-03-17T00:25:56.549+0500: 1782.473: [DefNew: 157248K->157248K(157248K), 0.0000308 secs]2018-03-17T00:25:56.549+0500: 1782.473: [Tenured: 296349K->23908K(349568K), 0.1618695 secs] 453597K->23908K(506816K), [Metaspace: 5350K->5350K(1056768K)], 0.1619883 secs] [Times: user=0.17 sys=0.00, real=0.16 secs] 
2018-03-17T00:25:56.741+0500: 1782.665: [GC (Allocation Failure) 2018-03-17T00:25:56.741+0500: 1782.665: [DefNew: 139776K->17472K(157248K), 0.2986224 secs] 163684K->163683K(506816K), 0.2986814 secs] [Times: user=0.30 sys=0.00, real=0.30 secs] 
2018-03-17T00:25:57.073+0500: 1782.997: [GC (Allocation Failure) 2018-03-17T00:25:57.073+0500: 1782.997: [DefNew: 157248K->17472K(157248K), 0.4001059 secs] 303459K->303458K(506816K), 0.4001816 secs] [Times: user=0.38 sys=0.00, real=0.40 secs] 
2018-03-17T00:25:57.511+0500: 1783.435: [GC (Allocation Failure) 2018-03-17T00:25:57.511+0500: 1783.435: [DefNew: 146063K->146063K(157248K), 0.0000222 secs]2018-03-17T00:25:57.511+0500: 1783.435: [Tenured: 285986K->715K(349568K), 0.1468456 secs] 432050K->715K(506816K), [Metaspace: 5350K->5350K(1056768K)], 0.1469452 secs] [Times: user=0.14 sys=0.00, real=0.15 secs] 
2018-03-17T00:25:57.702+0500: 1783.626: [GC (Allocation Failure) 2018-03-17T00:25:57.702+0500: 1783.626: [DefNew: 139776K->17472K(157248K), 0.3415430 secs] 140491K->140490K(506816K), 0.3416251 secs] [Times: user=0.34 sys=0.00, real=0.34 secs] 
2018-03-17T00:25:58.078+0500: 1784.002: [GC (Allocation Failure) 2018-03-17T00:25:58.078+0500: 1784.002: [DefNew: 157248K->17472K(157248K), 0.3976991 secs] 280266K->280229K(506816K), 0.3977705 secs] [Times: user=0.41 sys=0.00, real=0.40 secs] 
2018-03-17T00:25:58.520+0500: 1784.445: [GC (Allocation Failure) 2018-03-17T00:25:58.520+0500: 1784.445: [DefNew: 157248K->157248K(157248K), 0.0000274 secs]2018-03-17T00:25:58.521+0500: 1784.445: [Tenured: 262757K->205160K(349568K), 0.6154551 secs] 420005K->205160K(506816K), [Metaspace: 5350K->5350K(1056768K)], 0.6155668 secs] [Times: user=0.63 sys=0.00, real=0.62 secs] 
2018-03-17T00:25:59.171+0500: 1785.095: [GC (Allocation Failure) 2018-03-17T00:25:59.171+0500: 1785.095: [DefNew: 139776K->17472K(157248K), 0.3061380 secs] 344936K->344935K(506816K), 0.3062103 secs] [Times: user=0.31 sys=0.00, real=0.31 secs] 
2018-03-17T00:25:59.516+0500: 1785.440: [GC (Allocation Failure) 2018-03-17T00:25:59.516+0500: 1785.440: [DefNew: 157248K->157248K(157248K), 0.0000278 secs]2018-03-17T00:25:59.516+0500: 1785.440: [Tenured: 327463K->55022K(349568K), 0.2832825 secs] 484711K->55022K(506816K), [Metaspace: 5350K->5350K(1056768K)], 0.2834026 secs] [Times: user=0.28 sys=0.00, real=0.28 secs] 
2018-03-17T00:25:59.846+0500: 1785.770: [GC (Allocation Failure) 2018-03-17T00:25:59.846+0500: 1785.770: [DefNew: 139776K->17472K(157248K), 0.3789657 secs] 194798K->194797K(506816K), 0.3790619 secs] [Times: user=0.39 sys=0.00, real=0.38 secs] 
2018-03-17T00:26:00.262+0500: 1786.186: [GC (Allocation Failure) 2018-03-17T00:26:00.262+0500: 1786.186: [DefNew: 157248K->17471K(157248K), 0.4055923 secs] 334573K->334572K(506816K), 0.4056680 secs] [Times: user=0.39 sys=0.00, real=0.41 secs] 
2018-03-17T00:26:00.706+0500: 1786.630: [GC (Allocation Failure) 2018-03-17T00:26:00.706+0500: 1786.630: [DefNew: 157247K->157247K(157248K), 0.0000287 secs]2018-03-17T00:26:00.706+0500: 1786.630: [Tenured: 317100K->44659K(349568K), 0.2628299 secs] 474348K->44659K(506816K), [Metaspace: 5350K->5350K(1056768K)], 0.2629629 secs] [Times: user=0.27 sys=0.00, real=0.26 secs] 
2018-03-17T00:26:01.012+0500: 1786.936: [GC (Allocation Failure) 2018-03-17T00:26:01.012+0500: 1786.937: [DefNew: 139776K->17471K(157248K), 0.3328732 secs] 184435K->184434K(506816K), 0.3329433 secs] [Times: user=0.33 sys=0.00, real=0.33 secs] 
2018-03-17T00:26:01.377+0500: 1787.301: [GC (Allocation Failure) 2018-03-17T00:26:01.377+0500: 1787.301: [DefNew: 157247K->17472K(157248K), 0.3538466 secs] 324210K->324208K(506816K), 0.3539129 secs] [Times: user=0.36 sys=0.00, real=0.35 secs] 
2018-03-17T00:26:01.767+0500: 1787.691: [GC (Allocation Failure) 2018-03-17T00:26:01.767+0500: 1787.691: [DefNew: 157248K->157248K(157248K), 0.0000231 secs]2018-03-17T00:26:01.767+0500: 1787.691: [Tenured: 306736K->34272K(349568K), 0.2013603 secs] 463984K->34272K(506816K), [Metaspace: 5350K->5350K(1056768K)], 0.2014766 secs] [Times: user=0.20 sys=0.00, real=0.20 secs] 
2018-03-17T00:26:02.005+0500: 1787.929: [GC (Allocation Failure) 2018-03-17T00:26:02.005+0500: 1787.929: [DefNew: 139776K->17472K(157248K), 0.3891755 secs] 174048K->174046K(506816K), 0.3892426 secs] [Times: user=0.39 sys=0.00, real=0.39 secs] 
2018-03-17T00:26:02.433+0500: 1788.357: [GC (Allocation Failure) 2018-03-17T00:26:02.433+0500: 1788.357: [DefNew: 157248K->17472K(157248K), 0.3665231 secs] 313822K->313821K(506816K), 0.3665937 secs] [Times: user=0.36 sys=0.00, real=0.37 secs] 
2018-03-17T00:26:02.837+0500: 1788.760: [GC (Allocation Failure) 2018-03-17T00:26:02.837+0500: 1788.760: [DefNew: 157248K->157248K(157248K), 0.0000222 secs]2018-03-17T00:26:02.837+0500: 1788.761: [Tenured: 296349K->23908K(349568K), 0.1709284 secs] 453597K->23908K(506816K), [Metaspace: 5350K->5350K(1056768K)], 0.1710242 secs] [Times: user=0.17 sys=0.00, real=0.17 secs] 
2018-03-17T00:26:03.044+0500: 1788.967: [GC (Allocation Failure) 2018-03-17T00:26:03.044+0500: 1788.967: [DefNew: 139776K->17472K(157248K), 0.3486450 secs] 163684K->163683K(506816K), 0.3487079 secs] [Times: user=0.34 sys=0.00, real=0.35 secs] 
2018-03-17T00:26:03.424+0500: 1789.347: [GC (Allocation Failure) 2018-03-17T00:26:03.424+0500: 1789.347: [DefNew: 157248K->17472K(157248K), 0.3711815 secs] 303459K->303458K(506816K), 0.3712585 secs] [Times: user=0.36 sys=0.00, real=0.37 secs] 
2018-03-17T00:26:03.833+0500: 1789.758: [GC (Allocation Failure) 2018-03-17T00:26:03.833+0500: 1789.758: [DefNew: 146063K->146063K(157248K), 0.0000175 secs]2018-03-17T00:26:03.833+0500: 1789.758: [Tenured: 285986K->715K(349568K), 0.1671069 secs] 432050K->715K(506816K), [Metaspace: 5350K->5350K(1056768K)], 0.1672091 secs] [Times: user=0.17 sys=0.00, real=0.17 secs] 
2018-03-17T00:26:04.066+0500: 1789.990: [GC (Allocation Failure) 2018-03-17T00:26:04.066+0500: 1789.990: [DefNew: 139776K->17472K(157248K), 0.3218833 secs] 140491K->140490K(506816K), 0.3219714 secs] [Times: user=0.33 sys=0.00, real=0.32 secs] 
2018-03-17T00:26:04.420+0500: 1790.343: [GC (Allocation Failure) 2018-03-17T00:26:04.420+0500: 1790.343: [DefNew: 157248K->17472K(157248K), 0.3192460 secs] 280266K->280229K(506816K), 0.3193281 secs] [Times: user=0.31 sys=0.00, real=0.32 secs] 
2018-03-17T00:26:04.776+0500: 1790.700: [GC (Allocation Failure) 2018-03-17T00:26:04.776+0500: 1790.700: [DefNew: 157248K->157248K(157248K), 0.0000235 secs]2018-03-17T00:26:04.776+0500: 1790.700: [Tenured: 262757K->205160K(349568K), 0.5914210 secs] 420005K->205160K(506816K), [Metaspace: 5350K->5350K(1056768K)], 0.5915271 secs] [Times: user=0.59 sys=0.00, real=0.59 secs] 
2018-03-17T00:26:05.401+0500: 1791.326: [GC (Allocation Failure) 2018-03-17T00:26:05.401+0500: 1791.326: [DefNew: 139776K->17472K(157248K), 0.2819867 secs] 344936K->344935K(506816K), 0.2820624 secs] [Times: user=0.28 sys=0.00, real=0.28 secs] 
2018-03-17T00:26:05.717+0500: 1791.640: [GC (Allocation Failure) 2018-03-17T00:26:05.717+0500: 1791.640: [DefNew: 157248K->157248K(157248K), 0.0000175 secs]2018-03-17T00:26:05.717+0500: 1791.640: [Tenured: 327463K->55022K(349568K), 0.2809565 secs] 484711K->55022K(506816K), [Metaspace: 5350K->5350K(1056768K)], 0.2811378 secs] [Times: user=0.28 sys=0.00, real=0.28 secs] 
2018-03-17T00:26:06.046+0500: 1791.969: [GC (Allocation Failure) 2018-03-17T00:26:06.046+0500: 1791.969: [DefNew: 139776K->17472K(157248K), 0.3862952 secs] 194798K->194797K(506816K), 0.3863705 secs] [Times: user=0.39 sys=0.00, real=0.39 secs] 
2018-03-17T00:26:06.461+0500: 1792.385: [GC (Allocation Failure) 2018-03-17T00:26:06.461+0500: 1792.385: [DefNew: 157248K->17471K(157248K), 0.3629428 secs] 334573K->334572K(506816K), 0.3630407 secs] [Times: user=0.36 sys=0.00, real=0.36 secs] 
2018-03-17T00:26:06.863+0500: 1792.787: [GC (Allocation Failure) 2018-03-17T00:26:06.863+0500: 1792.788: [DefNew: 157247K->157247K(157248K), 0.0000291 secs]2018-03-17T00:26:06.863+0500: 1792.788: [Tenured: 317100K->44659K(349568K), 0.2463139 secs] 474348K->44659K(506816K), [Metaspace: 5350K->5350K(1056768K)], 0.2464435 secs] [Times: user=0.25 sys=0.00, real=0.25 secs] 
2018-03-17T00:26:07.156+0500: 1793.079: [GC (Allocation Failure) 2018-03-17T00:26:07.156+0500: 1793.079: [DefNew: 139776K->17471K(157248K), 0.3710716 secs] 184435K->184434K(506816K), 0.3711755 secs] [Times: user=0.38 sys=0.00, real=0.37 secs] 
2018-03-17T00:26:07.560+0500: 1793.484: [GC (Allocation Failure) 2018-03-17T00:26:07.560+0500: 1793.484: [DefNew: 157247K->17472K(157248K), 0.3337092 secs] 324210K->324208K(506816K), 0.3337978 secs] [Times: user=0.33 sys=0.00, real=0.33 secs] 
2018-03-17T00:26:07.930+0500: 1793.854: [GC (Allocation Failure) 2018-03-17T00:26:07.930+0500: 1793.854: [DefNew: 157248K->157248K(157248K), 0.0000222 secs]2018-03-17T00:26:07.930+0500: 1793.854: [Tenured: 306736K->34272K(349568K), 0.2136532 secs] 463984K->34272K(506816K), [Metaspace: 5350K->5350K(1056768K)], 0.2137704 secs] [Times: user=0.20 sys=0.00, real=0.21 secs] 
2018-03-17T00:26:08.188+0500: 1794.112: [GC (Allocation Failure) 2018-03-17T00:26:08.188+0500: 1794.112: [DefNew: 139776K->17472K(157248K), 0.4311223 secs] 174048K->174046K(506816K), 0.4311907 secs] [Times: user=0.44 sys=0.00, real=0.43 secs] 
2018-03-17T00:26:08.663+0500: 1794.586: [GC (Allocation Failure) 2018-03-17T00:26:08.663+0500: 1794.587: [DefNew: 157248K->17472K(157248K), 0.3879537 secs] 313822K->313821K(506816K), 0.3880794 secs] [Times: user=0.38 sys=0.00, real=0.39 secs] 
2018-03-17T00:26:09.085+0500: 1795.009: [GC (Allocation Failure) 2018-03-17T00:26:09.085+0500: 1795.009: [DefNew: 157248K->157248K(157248K), 0.0000231 secs]2018-03-17T00:26:09.085+0500: 1795.009: [Tenured: 296349K->23908K(349568K), 0.1678553 secs] 453597K->23908K(506816K), [Metaspace: 5350K->5350K(1056768K)], 0.1679764 secs] [Times: user=0.16 sys=0.00, real=0.17 secs] 
2018-03-17T00:26:09.300+0500: 1795.224: [GC (Allocation Failure) 2018-03-17T00:26:09.300+0500: 1795.224: [DefNew: 139776K->17472K(157248K), 0.3300669 secs] 163684K->163683K(506816K), 0.3301477 secs] [Times: user=0.33 sys=0.00, real=0.33 secs] 
2018-03-17T00:26:09.662+0500: 1795.586: [GC (Allocation Failure) 2018-03-17T00:26:09.662+0500: 1795.586: [DefNew: 157248K->17472K(157248K), 0.3532445 secs] 303459K->303458K(506816K), 0.3533099 secs] [Times: user=0.34 sys=0.00, real=0.35 secs] 
2018-03-17T00:26:10.049+0500: 1795.973: [GC (Allocation Failure) 2018-03-17T00:26:10.049+0500: 1795.973: [DefNew: 146063K->146063K(157248K), 0.0000175 secs]2018-03-17T00:26:10.049+0500: 1795.973: [Tenured: 285986K->715K(349568K), 0.1474255 secs] 432050K->715K(506816K), [Metaspace: 5350K->5350K(1056768K)], 0.1475362 secs] [Times: user=0.16 sys=0.00, real=0.15 secs] 
2018-03-17T00:26:10.238+0500: 1796.161: [GC (Allocation Failure) 2018-03-17T00:26:10.238+0500: 1796.161: [DefNew: 139776K->17472K(157248K), 0.3110483 secs] 140491K->140490K(506816K), 0.3111201 secs] [Times: user=0.31 sys=0.00, real=0.31 secs] 
2018-03-17T00:26:10.583+0500: 1796.506: [GC (Allocation Failure) 2018-03-17T00:26:10.583+0500: 1796.506: [DefNew: 157248K->17472K(157248K), 0.2815825 secs] 280266K->280229K(506816K), 0.2816604 secs] [Times: user=0.28 sys=0.00, real=0.28 secs] 
2018-03-17T00:26:10.894+0500: 1796.819: [GC (Allocation Failure) 2018-03-17T00:26:10.894+0500: 1796.819: [DefNew: 157248K->157248K(157248K), 0.0000231 secs]2018-03-17T00:26:10.894+0500: 1796.819: [Tenured: 262757K->205160K(349568K), 0.5064804 secs] 420005K->205160K(506816K), [Metaspace: 5350K->5350K(1056768K)], 0.5066040 secs] [Times: user=0.52 sys=0.00, real=0.51 secs] 
2018-03-17T00:26:11.428+0500: 1797.352: [GC (Allocation Failure) 2018-03-17T00:26:11.428+0500: 1797.352: [DefNew: 139776K->17472K(157248K), 0.2298442 secs] 344936K->344935K(506816K), 0.2299117 secs] [Times: user=0.22 sys=0.00, real=0.23 secs] 
2018-03-17T00:26:11.685+0500: 1797.609: [GC (Allocation Failure) 2018-03-17T00:26:11.685+0500: 1797.609: [DefNew: 157248K->157248K(157248K), 0.0000175 secs]2018-03-17T00:26:11.685+0500: 1797.609: [Tenured: 327463K->55022K(349568K), 0.2375282 secs] 484711K->55022K(506816K), [Metaspace: 5350K->5350K(1056768K)], 0.2376369 secs] [Times: user=0.23 sys=0.00, real=0.24 secs] 
2018-03-17T00:26:11.974+0500: 1797.898: [GC (Allocation Failure) 2018-03-17T00:26:11.974+0500: 1797.898: [DefNew: 139776K->17472K(157248K), 0.2934448 secs] 194798K->194797K(506816K), 0.2935149 secs] [Times: user=0.30 sys=0.00, real=0.29 secs] 
2018-03-17T00:26:12.294+0500: 1798.218: [GC (Allocation Failure) 2018-03-17T00:26:12.294+0500: 1798.218: [DefNew: 157248K->17471K(157248K), 0.2567252 secs] 334573K->334572K(506816K), 0.2567846 secs] [Times: user=0.25 sys=0.00, real=0.26 secs] 
2018-03-17T00:26:12.578+0500: 1798.502: [GC (Allocation Failure) 2018-03-17T00:26:12.578+0500: 1798.502: [DefNew: 157247K->157247K(157248K), 0.0000163 secs]2018-03-17T00:26:12.578+0500: 1798.502: [Tenured: 317100K->44659K(349568K), 0.2189557 secs] 474348K->44659K(506816K), [Metaspace: 5350K->5350K(1056768K)], 0.2190493 secs] [Times: user=0.22 sys=0.00, real=0.22 secs] 
2018-03-17T00:26:12.828+0500: 1798.751: [GC (Allocation Failure) 2018-03-17T00:26:12.828+0500: 1798.751: [DefNew: 139776K->17471K(157248K), 0.2677920 secs] 184435K->184434K(506816K), 0.2678566 secs] [Times: user=0.27 sys=0.00, real=0.27 secs] 
2018-03-17T00:26:13.122+0500: 1799.046: [GC (Allocation Failure) 2018-03-17T00:26:13.122+0500: 1799.046: [DefNew: 157247K->17472K(157248K), 0.2585829 secs] 324210K->324208K(506816K), 0.2586462 secs] [Times: user=0.27 sys=0.00, real=0.26 secs] 
2018-03-17T00:26:13.408+0500: 1799.332: [GC (Allocation Failure) 2018-03-17T00:26:13.408+0500: 1799.332: [DefNew: 157248K->157248K(157248K), 0.0000175 secs]2018-03-17T00:26:13.408+0500: 1799.332: [Tenured: 306736K->34272K(349568K), 0.1806734 secs] 463984K->34272K(506816K), [Metaspace: 5350K->5350K(1056768K)], 0.1807662 secs] [Times: user=0.19 sys=0.00, real=0.18 secs] 
2018-03-17T00:26:13.620+0500: 1799.544: [GC (Allocation Failure) 2018-03-17T00:26:13.620+0500: 1799.544: [DefNew: 139776K->17472K(157248K), 0.2938207 secs] 174048K->174046K(506816K), 0.2939020 secs] [Times: user=0.30 sys=0.00, real=0.29 secs] 
2018-03-17T00:26:13.945+0500: 1799.869: [GC (Allocation Failure) 2018-03-17T00:26:13.945+0500: 1799.869: [DefNew: 157248K->17472K(157248K), 0.3051535 secs] 313822K->313821K(506816K), 0.3052386 secs] [Times: user=0.30 sys=0.00, real=0.31 secs] 
2018-03-17T00:26:14.286+0500: 1800.209: [GC (Allocation Failure) 2018-03-17T00:26:14.286+0500: 1800.209: [DefNew: 157248K->157248K(157248K), 0.0000231 secs]2018-03-17T00:26:14.286+0500: 1800.209: [Tenured: 296349K->23908K(349568K), 0.1719411 secs] 453597K->23908K(506816K), [Metaspace: 5350K->5350K(1056768K)], 0.1721314 secs] [Times: user=0.17 sys=0.00, real=0.17 secs] 
2018-03-17T00:26:14.503+0500: 1800.426: [GC (Allocation Failure) 2018-03-17T00:26:14.503+0500: 1800.426: [DefNew: 139776K->17472K(157248K), 0.3339380 secs] 163684K->163683K(506816K), 0.3340103 secs] [Times: user=0.34 sys=0.00, real=0.33 secs] 
2018-03-17T00:26:14.871+0500: 1800.795: [GC (Allocation Failure) 2018-03-17T00:26:14.871+0500: 1800.795: [DefNew: 157248K->17472K(157248K), 0.2980613 secs] 303459K->303458K(506816K), 0.2981528 secs] [Times: user=0.30 sys=0.00, real=0.30 secs] 
2018-03-17T00:26:15.198+0500: 1801.122: [GC (Allocation Failure) 2018-03-17T00:26:15.198+0500: 1801.122: [DefNew: 146063K->146063K(157248K), 0.0000299 secs]2018-03-17T00:26:15.198+0500: 1801.122: [Tenured: 285986K->715K(349568K), 0.1388159 secs] 432050K->715K(506816K), [Metaspace: 5350K->5350K(1056768K)], 0.1389494 secs] [Times: user=0.14 sys=0.00, real=0.14 secs] 
2018-03-17T00:26:15.366+0500: 1801.290: [GC (Allocation Failure) 2018-03-17T00:26:15.366+0500: 1801.290: [DefNew: 139776K->17472K(157248K), 0.2302094 secs] 140491K->140490K(506816K), 0.2302727 secs] [Times: user=0.22 sys=0.00, real=0.23 secs] 
2018-03-17T00:26:15.634+0500: 1801.558: [GC (Allocation Failure) 2018-03-17T00:26:15.634+0500: 1801.558: [DefNew: 157248K->17472K(157248K), 0.2779800 secs] 280266K->280229K(506816K), 0.2780595 secs] [Times: user=0.25 sys=0.00, real=0.28 secs] 
2018-03-17T00:26:15.950+0500: 1801.874: [GC (Allocation Failure) 2018-03-17T00:26:15.951+0500: 1801.874: [DefNew: 157248K->157248K(157248K), 0.0000287 secs]2018-03-17T00:26:15.951+0500: 1801.874: [Tenured: 262757K->205160K(349568K), 0.4847360 secs] 420005K->205160K(506816K), [Metaspace: 5350K->5350K(1056768K)], 0.4848809 secs] [Times: user=0.48 sys=0.00, real=0.48 secs] 
2018-03-17T00:26:16.462+0500: 1802.386: [GC (Allocation Failure) 2018-03-17T00:26:16.462+0500: 1802.386: [DefNew: 139776K->17472K(157248K), 0.2307371 secs] 344936K->344935K(506816K), 0.2308008 secs] [Times: user=0.24 sys=0.00, real=0.23 secs] 
2018-03-17T00:26:16.724+0500: 1802.648: [GC (Allocation Failure) 2018-03-17T00:26:16.724+0500: 1802.648: [DefNew: 157248K->157248K(157248K), 0.0000385 secs]2018-03-17T00:26:16.724+0500: 1802.648: [Tenured: 327463K->55022K(349568K), 0.2330678 secs] 484711K->55022K(506816K), [Metaspace: 5350K->5350K(1056768K)], 0.2332068 secs] [Times: user=0.24 sys=0.00, real=0.23 secs] 
2018-03-17T00:26:16.990+0500: 1802.914: [GC (Allocation Failure) 2018-03-17T00:26:16.991+0500: 1802.914: [DefNew: 139776K->17472K(157248K), 0.2709062 secs] 194798K->194797K(506816K), 0.2709861 secs] [Times: user=0.26 sys=0.02, real=0.27 secs] 
2018-03-17T00:26:17.289+0500: 1803.213: [GC (Allocation Failure) 2018-03-17T00:26:17.289+0500: 1803.213: [DefNew: 157248K->17471K(157248K), 0.2648951 secs] 334573K->334572K(506816K), 0.2649746 secs] [Times: user=0.27 sys=0.00, real=0.26 secs] 
2018-03-17T00:26:17.587+0500: 1803.511: [GC (Allocation Failure) 2018-03-17T00:26:17.587+0500: 1803.511: [DefNew: 157247K->157247K(157248K), 0.0000184 secs]2018-03-17T00:26:17.587+0500: 1803.511: [Tenured: 317100K->44659K(349568K), 0.2342148 secs] 474348K->44659K(506816K), [Metaspace: 5350K->5350K(1056768K)], 0.2343230 secs] [Times: user=0.23 sys=0.00, real=0.23 secs] 
2018-03-17T00:26:17.857+0500: 1803.782: [GC (Allocation Failure) 2018-03-17T00:26:17.858+0500: 1803.782: [DefNew: 139776K->17471K(157248K), 0.2973317 secs] 184435K->184434K(506816K), 0.2974464 secs] [Times: user=0.30 sys=0.00, real=0.30 secs] 
2018-03-17T00:26:18.190+0500: 1804.115: [GC (Allocation Failure) 2018-03-17T00:26:18.190+0500: 1804.115: [DefNew: 157247K->17472K(157248K), 0.3064331 secs] 324210K->324208K(506816K), 0.3065041 secs] [Times: user=0.31 sys=0.00, real=0.31 secs] 
2018-03-17T00:26:18.539+0500: 1804.463: [GC (Allocation Failure) 2018-03-17T00:26:18.539+0500: 1804.463: [DefNew: 157248K->157248K(157248K), 0.0000252 secs]2018-03-17T00:26:18.539+0500: 1804.463: [Tenured: 306736K->34272K(349568K), 0.2003711 secs] 463984K->34272K(506816K), [Metaspace: 5350K->5350K(1056768K)], 0.2004951 secs] [Times: user=0.19 sys=0.00, real=0.20 secs] 
2018-03-17T00:26:18.772+0500: 1804.696: [GC (Allocation Failure) 2018-03-17T00:26:18.772+0500: 1804.696: [DefNew: 139776K->17472K(157248K), 0.2585436 secs] 174048K->174046K(506816K), 0.2586064 secs] [Times: user=0.25 sys=0.00, real=0.26 secs] 
2018-03-17T00:26:19.056+0500: 1804.980: [GC (Allocation Failure) 2018-03-17T00:26:19.056+0500: 1804.980: [DefNew: 157248K->17472K(157248K), 0.2533518 secs] 313822K->313821K(506816K), 0.2534151 secs] [Times: user=0.25 sys=0.00, real=0.25 secs] 
2018-03-17T00:26:19.336+0500: 1805.260: [GC (Allocation Failure) 2018-03-17T00:26:19.336+0500: 1805.260: [DefNew: 157248K->157248K(157248K), 0.0000154 secs]2018-03-17T00:26:19.336+0500: 1805.261: [Tenured: 296349K->23908K(349568K), 0.1576160 secs] 453597K->23908K(506816K), [Metaspace: 5350K->5350K(1056768K)], 0.1577003 secs] [Times: user=0.16 sys=0.00, real=0.16 secs] 
2018-03-17T00:26:19.523+0500: 1805.447: [GC (Allocation Failure) 2018-03-17T00:26:19.523+0500: 1805.447: [DefNew: 139776K->17472K(157248K), 0.2574334 secs] 163684K->163683K(506816K), 0.2574920 secs] [Times: user=0.25 sys=0.00, real=0.26 secs] 
2018-03-17T00:26:19.807+0500: 1805.731: [GC (Allocation Failure) 2018-03-17T00:26:19.807+0500: 1805.731: [DefNew: 157248K->17472K(157248K), 0.2523028 secs] 303459K->303458K(506816K), 0.2523674 secs] [Times: user=0.25 sys=0.00, real=0.25 secs] 
2018-03-17T00:26:20.085+0500: 1806.009: [GC (Allocation Failure) 2018-03-17T00:26:20.085+0500: 1806.009: [DefNew: 146063K->146063K(157248K), 0.0000163 secs]2018-03-17T00:26:20.085+0500: 1806.009: [Tenured: 285986K->715K(349568K), 0.1369779 secs] 432050K->715K(506816K), [Metaspace: 5350K->5350K(1056768K)], 0.1370626 secs] [Times: user=0.13 sys=0.00, real=0.14 secs] 
2018-03-17T00:26:20.247+0500: 1806.171: [GC (Allocation Failure) 2018-03-17T00:26:20.247+0500: 1806.171: [DefNew: 139776K->17472K(157248K), 0.2218278 secs] 140491K->140490K(506816K), 0.2218889 secs] [Times: user=0.22 sys=0.00, real=0.22 secs] 
2018-03-17T00:26:20.494+0500: 1806.418: [GC (Allocation Failure) 2018-03-17T00:26:20.494+0500: 1806.418: [DefNew: 157248K->17472K(157248K), 0.2546600 secs] 280266K->280229K(506816K), 0.2547229 secs] [Times: user=0.25 sys=0.00, real=0.26 secs] 
2018-03-17T00:26:20.776+0500: 1806.701: [GC (Allocation Failure) 2018-03-17T00:26:20.776+0500: 1806.701: [DefNew: 157248K->157248K(157248K), 0.0000175 secs]2018-03-17T00:26:20.776+0500: 1806.701: [Tenured: 262757K->205160K(349568K), 0.4761359 secs] 420005K->205160K(506816K), [Metaspace: 5350K->5350K(1056768K)], 0.4762304 secs] [Times: user=0.47 sys=0.00, real=0.48 secs] 
2018-03-17T00:26:21.279+0500: 1807.202: [GC (Allocation Failure) 2018-03-17T00:26:21.279+0500: 1807.202: [DefNew: 139776K->17472K(157248K), 0.2247358 secs] 344936K->344935K(506816K), 0.2247987 secs] [Times: user=0.22 sys=0.00, real=0.22 secs] 
2018-03-17T00:26:21.529+0500: 1807.453: [GC (Allocation Failure) 2018-03-17T00:26:21.529+0500: 1807.453: [DefNew: 157248K->157248K(157248K), 0.0000175 secs]2018-03-17T00:26:21.529+0500: 1807.453: [Tenured: 327463K->55022K(349568K), 0.2219172 secs] 484711K->55022K(506816K), [Metaspace: 5350K->5350K(1056768K)], 0.2220070 secs] [Times: user=0.22 sys=0.00, real=0.22 secs] 
2018-03-17T00:26:21.780+0500: 1807.704: [GC (Allocation Failure) 2018-03-17T00:26:21.780+0500: 1807.704: [DefNew: 139776K->17472K(157248K), 0.2551634 secs] 194798K->194797K(506816K), 0.2552237 secs] [Times: user=0.25 sys=0.00, real=0.26 secs] 
2018-03-17T00:26:22.060+0500: 1807.985: [GC (Allocation Failure) 2018-03-17T00:26:22.060+0500: 1807.985: [DefNew: 157248K->17471K(157248K), 0.2544377 secs] 334573K->334572K(506816K), 0.2544997 secs] [Times: user=0.25 sys=0.00, real=0.26 secs] 
2018-03-17T00:26:22.341+0500: 1808.265: [GC (Allocation Failure) 2018-03-17T00:26:22.341+0500: 1808.265: [DefNew: 157247K->157247K(157248K), 0.0000269 secs]2018-03-17T00:26:22.341+0500: 1808.265: [Tenured: 317100K->44659K(349568K), 0.1989684 secs] 474348K->44659K(506816K), [Metaspace: 5350K->5350K(1056768K)], 0.1990860 secs] [Times: user=0.20 sys=0.00, real=0.20 secs] 
2018-03-17T00:26:22.569+0500: 1808.493: [GC (Allocation Failure) 2018-03-17T00:26:22.569+0500: 1808.493: [DefNew: 139776K->17471K(157248K), 0.2563493 secs] 184435K->184434K(506816K), 0.2564121 secs] [Times: user=0.25 sys=0.00, real=0.26 secs] 
2018-03-17T00:26:22.851+0500: 1808.774: [GC (Allocation Failure) 2018-03-17T00:26:22.851+0500: 1808.774: [DefNew: 157247K->17472K(157248K), 0.2512020 secs] 324210K->324208K(506816K), 0.2512670 secs] [Times: user=0.25 sys=0.00, real=0.25 secs] 
2018-03-17T00:26:23.127+0500: 1809.051: [GC (Allocation Failure) 2018-03-17T00:26:23.127+0500: 1809.051: [DefNew: 157248K->157248K(157248K), 0.0000175 secs]2018-03-17T00:26:23.127+0500: 1809.051: [Tenured: 306736K->34272K(349568K), 0.1778782 secs] 463984K->34272K(506816K), [Metaspace: 5350K->5350K(1056768K)], 0.1780219 secs] [Times: user=0.19 sys=0.00, real=0.18 secs] 
2018-03-17T00:26:23.334+0500: 1809.258: [GC (Allocation Failure) 2018-03-17T00:26:23.334+0500: 1809.258: [DefNew: 139776K->17472K(157248K), 0.2615542 secs] 174048K->174046K(506816K), 0.2616261 secs] [Times: user=0.25 sys=0.00, real=0.26 secs] 
2018-03-17T00:26:23.621+0500: 1809.545: [GC (Allocation Failure) 2018-03-17T00:26:23.621+0500: 1809.545: [DefNew: 157248K->17472K(157248K), 0.2522271 secs] 313822K->313821K(506816K), 0.2522891 secs] [Times: user=0.25 sys=0.00, real=0.25 secs] 
2018-03-17T00:26:23.899+0500: 1809.823: [GC (Allocation Failure) 2018-03-17T00:26:23.899+0500: 1809.823: [DefNew: 157248K->157248K(157248K), 0.0000167 secs]2018-03-17T00:26:23.899+0500: 1809.823: [Tenured: 296349K->23908K(349568K), 0.1551865 secs] 453597K->23908K(506816K), [Metaspace: 5350K->5350K(1056768K)], 0.1552755 secs] [Times: user=0.16 sys=0.00, real=0.16 secs] 
2018-03-17T00:26:24.083+0500: 1810.007: [GC (Allocation Failure) 2018-03-17T00:26:24.083+0500: 1810.007: [DefNew: 139776K->17472K(157248K), 0.2555675 secs] 163684K->163683K(506816K), 0.2556278 secs] [Times: user=0.27 sys=0.00, real=0.26 secs] 
2018-03-17T00:26:24.364+0500: 1810.288: [GC (Allocation Failure) 2018-03-17T00:26:24.364+0500: 1810.288: [DefNew: 157248K->17472K(157248K), 0.2973377 secs] 303459K->303458K(506816K), 0.2974014 secs] [Times: user=0.30 sys=0.00, real=0.30 secs] 
2018-03-17T00:26:24.687+0500: 1810.611: [GC (Allocation Failure) 2018-03-17T00:26:24.687+0500: 1810.611: [DefNew: 146063K->146063K(157248K), 0.0000158 secs]2018-03-17T00:26:24.687+0500: 1810.611: [Tenured: 285986K->715K(349568K), 0.1370326 secs] 432050K->715K(506816K), [Metaspace: 5350K->5350K(1056768K)], 0.1371229 secs] [Times: user=0.14 sys=0.00, real=0.14 secs] 
2018-03-17T00:26:24.850+0500: 1810.774: [GC (Allocation Failure) 2018-03-17T00:26:24.850+0500: 1810.774: [DefNew: 139776K->17472K(157248K), 0.2219351 secs] 140491K->140490K(506816K), 0.2220087 secs] [Times: user=0.22 sys=0.00, real=0.22 secs] 
2018-03-17T00:26:25.097+0500: 1811.021: [GC (Allocation Failure) 2018-03-17T00:26:25.097+0500: 1811.021: [DefNew: 157248K->17472K(157248K), 0.2577036 secs] 280266K->280229K(506816K), 0.2577712 secs] [Times: user=0.27 sys=0.00, real=0.26 secs] 
2018-03-17T00:26:25.384+0500: 1811.307: [GC (Allocation Failure) 2018-03-17T00:26:25.384+0500: 1811.307: [DefNew: 157248K->157248K(157248K), 0.0000154 secs]2018-03-17T00:26:25.384+0500: 1811.307: [Tenured: 262757K->205160K(349568K), 0.4688260 secs] 420005K->205160K(506816K), [Metaspace: 5350K->5350K(1056768K)], 0.4689183 secs] [Times: user=0.47 sys=0.00, real=0.47 secs] 
2018-03-17T00:26:25.878+0500: 1811.802: [GC (Allocation Failure) 2018-03-17T00:26:25.878+0500: 1811.802: [DefNew: 139776K->17472K(157248K), 0.2227058 secs] 344936K->344935K(506816K), 0.2227738 secs] [Times: user=0.24 sys=0.00, real=0.22 secs] 
2018-03-17T00:26:26.127+0500: 1812.051: [GC (Allocation Failure) 2018-03-17T00:26:26.127+0500: 1812.051: [DefNew: 157248K->157248K(157248K), 0.0000171 secs]2018-03-17T00:26:26.127+0500: 1812.051: [Tenured: 327463K->55022K(349568K), 0.2205931 secs] 484711K->55022K(506816K), [Metaspace: 5350K->5350K(1056768K)], 0.2206979 secs] [Times: user=0.22 sys=0.00, real=0.22 secs] 
2018-03-17T00:26:26.376+0500: 1812.300: [GC (Allocation Failure) 2018-03-17T00:26:26.376+0500: 1812.300: [DefNew: 139776K->17472K(157248K), 0.2573448 secs] 194798K->194797K(506816K), 0.2574077 secs] [Times: user=0.27 sys=0.00, real=0.26 secs] 
2018-03-17T00:26:26.658+0500: 1812.583: [GC (Allocation Failure) 2018-03-17T00:26:26.658+0500: 1812.583: [DefNew: 157248K->17471K(157248K), 0.2502779 secs] 334573K->334572K(506816K), 0.2503382 secs] [Times: user=0.25 sys=0.00, real=0.25 secs] 
2018-03-17T00:26:26.935+0500: 1812.858: [GC (Allocation Failure) 2018-03-17T00:26:26.935+0500: 1812.858: [DefNew: 157247K->157247K(157248K), 0.0000175 secs]2018-03-17T00:26:26.935+0500: 1812.858: [Tenured: 317100K->44659K(349568K), 0.1992823 secs] 474348K->44659K(506816K), [Metaspace: 5350K->5350K(1056768K)], 0.1993820 secs] [Times: user=0.19 sys=0.00, real=0.20 secs] 
2018-03-17T00:26:27.163+0500: 1813.087: [GC (Allocation Failure) 2018-03-17T00:26:27.163+0500: 1813.087: [DefNew: 139776K->17471K(157248K), 0.2760975 secs] 184435K->184434K(506816K), 0.2762057 secs] [Times: user=0.27 sys=0.00, real=0.28 secs] 
2018-03-17T00:26:27.477+0500: 1813.401: [GC (Allocation Failure) 2018-03-17T00:26:27.477+0500: 1813.401: [DefNew: 157247K->17472K(157248K), 0.2714660 secs] 324210K->324208K(506816K), 0.2715459 secs] [Times: user=0.27 sys=0.00, real=0.27 secs] 
2018-03-17T00:26:27.774+0500: 1813.698: [GC (Allocation Failure) 2018-03-17T00:26:27.774+0500: 1813.698: [DefNew: 157248K->157248K(157248K), 0.0000167 secs]2018-03-17T00:26:27.774+0500: 1813.698: [Tenured: 306736K->34272K(349568K), 0.1770413 secs] 463984K->34272K(506816K), [Metaspace: 5350K->5350K(1056768K)], 0.1771281 secs] [Times: user=0.17 sys=0.00, real=0.18 secs] 
2018-03-17T00:26:27.980+0500: 1813.905: [GC (Allocation Failure) 2018-03-17T00:26:27.980+0500: 1813.905: [DefNew: 139776K->17472K(157248K), 0.2550903 secs] 174048K->174046K(506816K), 0.2551540 secs] [Times: user=0.25 sys=0.00, real=0.26 secs] 
2018-03-17T00:26:28.261+0500: 1814.185: [GC (Allocation Failure) 2018-03-17T00:26:28.262+0500: 1814.185: [DefNew: 157248K->17472K(157248K), 0.2515168 secs] 313822K->313821K(506816K), 0.2515942 secs] [Times: user=0.25 sys=0.00, real=0.25 secs] 
2018-03-17T00:26:28.539+0500: 1814.463: [GC (Allocation Failure) 2018-03-17T00:26:28.539+0500: 1814.463: [DefNew: 157248K->157248K(157248K), 0.0000184 secs]2018-03-17T00:26:28.539+0500: 1814.463: [Tenured: 296349K->23908K(349568K), 0.1558160 secs] 453597K->23908K(506816K), [Metaspace: 5350K->5350K(1056768K)], 0.1559084 secs] [Times: user=0.16 sys=0.00, real=0.16 secs] 
2018-03-17T00:26:28.727+0500: 1814.651: [GC (Allocation Failure) 2018-03-17T00:26:28.727+0500: 1814.651: [DefNew: 139776K->17472K(157248K), 0.2561538 secs] 163684K->163683K(506816K), 0.2562154 secs] [Times: user=0.25 sys=0.00, real=0.26 secs] 
2018-03-17T00:26:29.009+0500: 1814.933: [GC (Allocation Failure) 2018-03-17T00:26:29.009+0500: 1814.933: [DefNew: 157248K->17472K(157248K), 0.2564545 secs] 303459K->303458K(506816K), 0.2565156 secs] [Times: user=0.25 sys=0.00, real=0.26 secs] 
2018-03-17T00:26:29.291+0500: 1815.215: [GC (Allocation Failure) 2018-03-17T00:26:29.291+0500: 1815.215: [DefNew: 146063K->146063K(157248K), 0.0000163 secs]2018-03-17T00:26:29.291+0500: 1815.215: [Tenured: 285986K->715K(349568K), 0.1376369 secs] 432050K->715K(506816K), [Metaspace: 5350K->5350K(1056768K)], 0.1377246 secs] [Times: user=0.14 sys=0.00, real=0.14 secs] 
2018-03-17T00:26:29.454+0500: 1815.378: [GC (Allocation Failure) 2018-03-17T00:26:29.454+0500: 1815.378: [DefNew: 139776K->17472K(157248K), 0.2334450 secs] 140491K->140490K(506816K), 0.2335066 secs] [Times: user=0.23 sys=0.00, real=0.23 secs] 
2018-03-17T00:26:29.713+0500: 1815.637: [GC (Allocation Failure) 2018-03-17T00:26:29.713+0500: 1815.637: [DefNew: 157248K->17472K(157248K), 0.2548426 secs] 280266K->280229K(506816K), 0.2549025 secs] [Times: user=0.25 sys=0.00, real=0.25 secs] 
2018-03-17T00:26:29.996+0500: 1815.920: [GC (Allocation Failure) 2018-03-17T00:26:29.997+0500: 1815.920: [DefNew: 157248K->157248K(157248K), 0.0000210 secs]2018-03-17T00:26:29.997+0500: 1815.920: [Tenured: 262757K->205160K(349568K), 0.4724734 secs] 420005K->205160K(506816K), [Metaspace: 5350K->5350K(1056768K)], 0.4725863 secs] [Times: user=0.47 sys=0.00, real=0.47 secs] 
2018-03-17T00:26:30.494+0500: 1816.419: [GC (Allocation Failure) 2018-03-17T00:26:30.494+0500: 1816.419: [DefNew: 139776K->17472K(157248K), 0.2259555 secs] 344936K->344935K(506816K), 0.2260192 secs] [Times: user=0.22 sys=0.00, real=0.23 secs] 
2018-03-17T00:26:30.746+0500: 1816.670: [GC (Allocation Failure) 2018-03-17T00:26:30.746+0500: 1816.670: [DefNew: 157248K->157248K(157248K), 0.0000167 secs]2018-03-17T00:26:30.746+0500: 1816.670: [Tenured: 327463K->55022K(349568K), 0.2214472 secs] 484711K->55022K(506816K), [Metaspace: 5350K->5350K(1056768K)], 0.2215430 secs] [Times: user=0.22 sys=0.00, real=0.22 secs] 
2018-03-17T00:26:30.997+0500: 1816.920: [GC (Allocation Failure) 2018-03-17T00:26:30.997+0500: 1816.920: [DefNew: 139776K->17472K(157248K), 0.2553481 secs] 194798K->194797K(506816K), 0.2554118 secs] [Times: user=0.23 sys=0.00, real=0.26 secs] 
2018-03-17T00:26:31.278+0500: 1817.201: [GC (Allocation Failure) 2018-03-17T00:26:31.278+0500: 1817.201: [DefNew: 157248K->17471K(157248K), 0.2511002 secs] 334573K->334572K(506816K), 0.2511610 secs] [Times: user=0.25 sys=0.00, real=0.25 secs] 
2018-03-17T00:26:31.554+0500: 1817.478: [GC (Allocation Failure) 2018-03-17T00:26:31.554+0500: 1817.478: [DefNew: 157247K->157247K(157248K), 0.0000158 secs]2018-03-17T00:26:31.554+0500: 1817.478: [Tenured: 317100K->44659K(349568K), 0.2004413 secs] 474348K->44659K(506816K), [Metaspace: 5350K->5350K(1056768K)], 0.2005905 secs] [Times: user=0.19 sys=0.00, real=0.20 secs] 
2018-03-17T00:26:31.784+0500: 1817.708: [GC (Allocation Failure) 2018-03-17T00:26:31.784+0500: 1817.708: [DefNew: 139776K->17471K(157248K), 0.2540836 secs] 184435K->184434K(506816K), 0.2541460 secs] [Times: user=0.27 sys=0.00, real=0.25 secs] 
2018-03-17T00:26:32.063+0500: 1817.987: [GC (Allocation Failure) 2018-03-17T00:26:32.063+0500: 1817.987: [DefNew: 157247K->17472K(157248K), 0.2521121 secs] 324210K->324208K(506816K), 0.2521741 secs] [Times: user=0.25 sys=0.00, real=0.25 secs] 
2018-03-17T00:26:32.341+0500: 1818.265: [GC (Allocation Failure) 2018-03-17T00:26:32.341+0500: 1818.265: [DefNew: 157248K->157248K(157248K), 0.0000163 secs]2018-03-17T00:26:32.341+0500: 1818.265: [Tenured: 306736K->34272K(349568K), 0.1781117 secs] 463984K->34272K(506816K), [Metaspace: 5350K->5350K(1056768K)], 0.1782071 secs] [Times: user=0.17 sys=0.00, real=0.18 secs] 
2018-03-17T00:26:32.549+0500: 1818.472: [GC (Allocation Failure) 2018-03-17T00:26:32.549+0500: 1818.472: [DefNew: 139776K->17472K(157248K), 0.2553973 secs] 174048K->174046K(506816K), 0.2554559 secs] [Times: user=0.26 sys=0.00, real=0.25 secs] 
2018-03-17T00:26:32.830+0500: 1818.754: [GC (Allocation Failure) 2018-03-17T00:26:32.830+0500: 1818.754: [DefNew: 157248K->17472K(157248K), 0.2513765 secs] 313822K->313821K(506816K), 0.2514372 secs] [Times: user=0.25 sys=0.00, real=0.25 secs] 
2018-03-17T00:26:33.107+0500: 1819.031: [GC (Allocation Failure) 2018-03-17T00:26:33.107+0500: 1819.031: [DefNew: 157248K->157248K(157248K), 0.0000154 secs]2018-03-17T00:26:33.107+0500: 1819.031: [Tenured: 296349K->23908K(349568K), 0.1545258 secs] 453597K->23908K(506816K), [Metaspace: 5350K->5350K(1056768K)], 0.1546126 secs] [Times: user=0.16 sys=0.00, real=0.15 secs] 
2018-03-17T00:26:33.289+0500: 1819.213: [GC (Allocation Failure) 2018-03-17T00:26:33.289+0500: 1819.213: [DefNew: 139776K->17472K(157248K), 0.2679558 secs] 163684K->163683K(506816K), 0.2680182 secs] [Times: user=0.26 sys=0.00, real=0.27 secs] 
2018-03-17T00:26:33.582+0500: 1819.507: [GC (Allocation Failure) 2018-03-17T00:26:33.583+0500: 1819.507: [DefNew: 157248K->17472K(157248K), 0.2535144 secs] 303459K->303458K(506816K), 0.2535913 secs] [Times: user=0.27 sys=0.00, real=0.25 secs] 
2018-03-17T00:26:33.863+0500: 1819.786: [GC (Allocation Failure) 2018-03-17T00:26:33.863+0500: 1819.786: [DefNew: 146063K->146063K(157248K), 0.0000171 secs]2018-03-17T00:26:33.863+0500: 1819.786: [Tenured: 285986K->715K(349568K), 0.1366512 secs] 432050K->715K(506816K), [Metaspace: 5350K->5350K(1056768K)], 0.1367375 secs] [Times: user=0.14 sys=0.00, real=0.14 secs] 
2018-03-17T00:26:34.026+0500: 1819.950: [GC (Allocation Failure) 2018-03-17T00:26:34.026+0500: 1819.950: [DefNew: 139776K->17472K(157248K), 0.2688881 secs] 140491K->140490K(506816K), 0.2689479 secs] [Times: user=0.27 sys=0.00, real=0.27 secs] 
2018-03-17T00:26:34.327+0500: 1820.251: [GC (Allocation Failure) 2018-03-17T00:26:34.327+0500: 1820.251: [DefNew: 157248K->17472K(157248K), 0.3001034 secs] 280266K->280229K(506816K), 0.3002043 secs] [Times: user=0.30 sys=0.00, real=0.30 secs] 
2018-03-17T00:26:34.660+0500: 1820.584: [GC (Allocation Failure) 2018-03-17T00:26:34.660+0500: 1820.584: [DefNew: 157248K->157248K(157248K), 0.0000180 secs]2018-03-17T00:26:34.660+0500: 1820.584: [Tenured: 262757K->205160K(349568K), 0.4803594 secs] 420005K->205160K(506816K), [Metaspace: 5350K->5350K(1056768K)], 0.4804500 secs] [Times: user=0.49 sys=0.00, real=0.48 secs] 
2018-03-17T00:26:35.165+0500: 1821.090: [GC (Allocation Failure) 2018-03-17T00:26:35.166+0500: 1821.090: [DefNew: 139776K->17472K(157248K), 0.2281438 secs] 344936K->344935K(506816K), 0.2282340 secs] [Times: user=0.22 sys=0.00, real=0.23 secs] 
2018-03-17T00:26:35.443+0500: 1821.367: [GC (Allocation Failure) 2018-03-17T00:26:35.443+0500: 1821.367: [DefNew: 157248K->157248K(157248K), 0.0000265 secs]2018-03-17T00:26:35.443+0500: 1821.367: [Tenured: 327463K->55022K(349568K), 0.3008270 secs] 484711K->55022K(506816K), [Metaspace: 5350K->5350K(1056768K)], 0.3009527 secs] [Times: user=0.30 sys=0.00, real=0.30 secs] 
2018-03-17T00:26:35.787+0500: 1821.711: [GC (Allocation Failure) 2018-03-17T00:26:35.787+0500: 1821.711: [DefNew: 139776K->17472K(157248K), 0.3379960 secs] 194798K->194797K(506816K), 0.3380593 secs] [Times: user=0.34 sys=0.00, real=0.34 secs] 
2018-03-17T00:26:36.162+0500: 1822.087: [GC (Allocation Failure) 2018-03-17T00:26:36.163+0500: 1822.087: [DefNew: 157248K->17471K(157248K), 0.3133645 secs] 334573K->334572K(506816K), 0.3134419 secs] [Times: user=0.31 sys=0.00, real=0.31 secs] 
2018-03-17T00:26:36.503+0500: 1822.427: [GC (Allocation Failure) 2018-03-17T00:26:36.503+0500: 1822.427: [DefNew: 157247K->157247K(157248K), 0.0000218 secs]2018-03-17T00:26:36.503+0500: 1822.427: [Tenured: 317100K->44659K(349568K), 0.2077528 secs] 474348K->44659K(506816K), [Metaspace: 5350K->5350K(1056768K)], 0.2078623 secs] [Times: user=0.22 sys=0.00, real=0.21 secs] 
2018-03-17T00:26:36.741+0500: 1822.665: [GC (Allocation Failure) 2018-03-17T00:26:36.741+0500: 1822.665: [DefNew: 139776K->17471K(157248K), 0.2612429 secs] 184435K->184434K(506816K), 0.2613058 secs] [Times: user=0.25 sys=0.00, real=0.26 secs] 
2018-03-17T00:26:37.044+0500: 1822.968: [GC (Allocation Failure) 2018-03-17T00:26:37.044+0500: 1822.968: [DefNew: 157247K->17472K(157248K), 0.3383365 secs] 324210K->324208K(506816K), 0.3384113 secs] [Times: user=0.34 sys=0.00, real=0.34 secs] 
2018-03-17T00:26:37.412+0500: 1823.336: [GC (Allocation Failure) 2018-03-17T00:26:37.412+0500: 1823.336: [DefNew: 157248K->157248K(157248K), 0.0000201 secs]2018-03-17T00:26:37.412+0500: 1823.336: [Tenured: 306736K->34272K(349568K), 0.1916183 secs] 463984K->34272K(506816K), [Metaspace: 5350K->5350K(1056768K)], 0.1917137 secs] [Times: user=0.19 sys=0.00, real=0.19 secs] 
2018-03-17T00:26:37.646+0500: 1823.570: [GC (Allocation Failure) 2018-03-17T00:26:37.646+0500: 1823.570: [DefNew: 139776K->17472K(157248K), 0.3381278 secs] 174048K->174046K(506816K), 0.3381940 secs] [Times: user=0.34 sys=0.00, real=0.34 secs] 
2018-03-17T00:26:38.020+0500: 1823.945: [GC (Allocation Failure) 2018-03-17T00:26:38.020+0500: 1823.945: [DefNew: 157248K->17472K(157248K), 0.3394561 secs] 313822K->313821K(506816K), 0.3395373 secs] [Times: user=0.34 sys=0.00, real=0.34 secs] 
2018-03-17T00:26:38.395+0500: 1824.318: [GC (Allocation Failure) 2018-03-17T00:26:38.395+0500: 1824.319: [DefNew: 157248K->157248K(157248K), 0.0000299 secs]2018-03-17T00:26:38.395+0500: 1824.319: [Tenured: 296349K->23908K(349568K), 0.1679122 secs] 453597K->23908K(506816K), [Metaspace: 5350K->5350K(1056768K)], 0.1680473 secs] [Times: user=0.17 sys=0.00, real=0.17 secs] 
2018-03-17T00:26:38.601+0500: 1824.524: [GC (Allocation Failure) 2018-03-17T00:26:38.601+0500: 1824.524: [DefNew: 139776K->17472K(157248K), 0.3529964 secs] 163684K->163683K(506816K), 0.3530738 secs] [Times: user=0.34 sys=0.00, real=0.35 secs] 
2018-03-17T00:26:38.996+0500: 1824.920: [GC (Allocation Failure) 2018-03-17T00:26:38.996+0500: 1824.920: [DefNew: 157248K->17472K(157248K), 0.2875214 secs] 303459K->303458K(506816K), 0.2875949 secs] [Times: user=0.28 sys=0.00, real=0.29 secs] 
2018-03-17T00:26:39.312+0500: 1825.237: [GC (Allocation Failure) 2018-03-17T00:26:39.312+0500: 1825.237: [DefNew: 146063K->146063K(157248K), 0.0000231 secs]2018-03-17T00:26:39.312+0500: 1825.237: [Tenured: 285986K->715K(349568K), 0.1419314 secs] 432050K->715K(506816K), [Metaspace: 5350K->5350K(1056768K)], 0.1420349 secs] [Times: user=0.14 sys=0.00, real=0.14 secs] 
2018-03-17T00:26:39.483+0500: 1825.407: [GC (Allocation Failure) 2018-03-17T00:26:39.483+0500: 1825.407: [DefNew: 139776K->17472K(157248K), 0.2366357 secs] 140491K->140490K(506816K), 0.2366990 secs] [Times: user=0.23 sys=0.00, real=0.24 secs] 
2018-03-17T00:26:39.746+0500: 1825.670: [GC (Allocation Failure) 2018-03-17T00:26:39.746+0500: 1825.670: [DefNew: 157248K->17472K(157248K), 0.2994657 secs] 280266K->280229K(506816K), 0.2995530 secs] [Times: user=0.28 sys=0.00, real=0.30 secs] 
2018-03-17T00:26:40.077+0500: 1826.001: [GC (Allocation Failure) 2018-03-17T00:26:40.077+0500: 1826.001: [DefNew: 157248K->157248K(157248K), 0.0000175 secs]2018-03-17T00:26:40.077+0500: 1826.001: [Tenured: 262757K->205160K(349568K), 0.5540903 secs] 420005K->205160K(506816K), [Metaspace: 5350K->5350K(1056768K)], 0.5541831 secs] [Times: user=0.55 sys=0.00, real=0.55 secs] 
2018-03-17T00:26:40.658+0500: 1826.582: [GC (Allocation Failure) 2018-03-17T00:26:40.658+0500: 1826.582: [DefNew: 139776K->17472K(157248K), 0.2944994 secs] 344936K->344935K(506816K), 0.2945772 secs] [Times: user=0.30 sys=0.00, real=0.30 secs] 
2018-03-17T00:26:40.992+0500: 1826.915: [GC (Allocation Failure) 2018-03-17T00:26:40.992+0500: 1826.915: [DefNew: 157248K->157248K(157248K), 0.0000222 secs]2018-03-17T00:26:40.992+0500: 1826.915: [Tenured: 327463K->55022K(349568K), 0.2629317 secs] 484711K->55022K(506816K), [Metaspace: 5350K->5350K(1056768K)], 0.2630609 secs] [Times: user=0.25 sys=0.00, real=0.26 secs] 
2018-03-17T00:26:41.297+0500: 1827.220: [GC (Allocation Failure) 2018-03-17T00:26:41.297+0500: 1827.220: [DefNew: 139776K->17472K(157248K), 0.2705859 secs] 194798K->194797K(506816K), 0.2706581 secs] [Times: user=0.27 sys=0.00, real=0.27 secs] 
2018-03-17T00:26:41.594+0500: 1827.518: [GC (Allocation Failure) 2018-03-17T00:26:41.594+0500: 1827.518: [DefNew: 157248K->17471K(157248K), 0.2761958 secs] 334573K->334572K(506816K), 0.2762677 secs] [Times: user=0.28 sys=0.00, real=0.28 secs] 
2018-03-17T00:26:41.906+0500: 1827.830: [GC (Allocation Failure) 2018-03-17T00:26:41.906+0500: 1827.830: [DefNew: 157247K->157247K(157248K), 0.0000197 secs]2018-03-17T00:26:41.906+0500: 1827.830: [Tenured: 317100K->44659K(349568K), 0.2052716 secs] 474348K->44659K(506816K), [Metaspace: 5350K->5350K(1056768K)], 0.2053909 secs] [Times: user=0.20 sys=0.00, real=0.21 secs] 
2018-03-17T00:26:42.141+0500: 1828.065: [GC (Allocation Failure) 2018-03-17T00:26:42.141+0500: 1828.065: [DefNew: 139776K->17471K(157248K), 0.2912569 secs] 184435K->184434K(506816K), 0.2913258 secs] [Times: user=0.30 sys=0.00, real=0.29 secs] 
2018-03-17T00:26:42.460+0500: 1828.384: [GC (Allocation Failure) 2018-03-17T00:26:42.460+0500: 1828.384: [DefNew: 157247K->17472K(157248K), 0.2660934 secs] 324210K->324208K(506816K), 0.2661554 secs] [Times: user=0.26 sys=0.00, real=0.27 secs] 
2018-03-17T00:26:42.754+0500: 1828.678: [GC (Allocation Failure) 2018-03-17T00:26:42.754+0500: 1828.678: [DefNew: 157248K->157248K(157248K), 0.0000163 secs]2018-03-17T00:26:42.754+0500: 1828.678: [Tenured: 306736K->34272K(349568K), 0.1916987 secs] 463984K->34272K(506816K), [Metaspace: 5350K->5350K(1056768K)], 0.1918048 secs] [Times: user=0.20 sys=0.00, real=0.19 secs] 
2018-03-17T00:26:42.986+0500: 1828.910: [GC (Allocation Failure) 2018-03-17T00:26:42.986+0500: 1828.910: [DefNew: 139776K->17472K(157248K), 0.2769241 secs] 174048K->174046K(506816K), 0.2769951 secs] [Times: user=0.28 sys=0.00, real=0.28 secs] 
2018-03-17T00:26:43.289+0500: 1829.213: [GC (Allocation Failure) 2018-03-17T00:26:43.289+0500: 1829.213: [DefNew: 157248K->17472K(157248K), 0.2949146 secs] 313822K->313821K(506816K), 0.2949839 secs] [Times: user=0.28 sys=0.02, real=0.30 secs] 
2018-03-17T00:26:43.611+0500: 1829.535: [GC (Allocation Failure) 2018-03-17T00:26:43.611+0500: 1829.535: [DefNew: 157248K->157248K(157248K), 0.0000269 secs]2018-03-17T00:26:43.611+0500: 1829.535: [Tenured: 296349K->23908K(349568K), 0.1573466 secs] 453597K->23908K(506816K), [Metaspace: 5350K->5350K(1056768K)], 0.1574509 secs] [Times: user=0.16 sys=0.00, real=0.16 secs] 
2018-03-17T00:26:43.800+0500: 1829.723: [GC (Allocation Failure) 2018-03-17T00:26:43.800+0500: 1829.724: [DefNew: 139776K->17472K(157248K), 0.2619913 secs] 163684K->163683K(506816K), 0.2620606 secs] [Times: user=0.27 sys=0.00, real=0.26 secs] 
2018-03-17T00:26:44.092+0500: 1830.015: [GC (Allocation Failure) 2018-03-17T00:26:44.092+0500: 1830.015: [DefNew: 157248K->17472K(157248K), 0.2949279 secs] 303459K->303458K(506816K), 0.2950134 secs] [Times: user=0.28 sys=0.00, real=0.30 secs] 
2018-03-17T00:26:44.415+0500: 1830.338: [GC (Allocation Failure) 2018-03-17T00:26:44.415+0500: 1830.339: [DefNew: 146063K->146063K(157248K), 0.0000210 secs]2018-03-17T00:26:44.415+0500: 1830.339: [Tenured: 285986K->715K(349568K), 0.1399176 secs] 432050K->715K(506816K), [Metaspace: 5350K->5350K(1056768K)], 0.1400352 secs] [Times: user=0.14 sys=0.00, real=0.14 secs] 
2018-03-17T00:26:44.591+0500: 1830.515: [GC (Allocation Failure) 2018-03-17T00:26:44.591+0500: 1830.515: [DefNew: 139776K->17472K(157248K), 0.2809522 secs] 140491K->140490K(506816K), 0.2810270 secs] [Times: user=0.28 sys=0.00, real=0.28 secs] 
2018-03-17T00:26:44.899+0500: 1830.823: [GC (Allocation Failure) 2018-03-17T00:26:44.899+0500: 1830.823: [DefNew: 157248K->17472K(157248K), 0.2732548 secs] 280266K->280229K(506816K), 0.2733305 secs] [Times: user=0.27 sys=0.00, real=0.27 secs] 
2018-03-17T00:26:45.206+0500: 1831.130: [GC (Allocation Failure) 2018-03-17T00:26:45.207+0500: 1831.130: [DefNew: 157248K->157248K(157248K), 0.0000265 secs]2018-03-17T00:26:45.207+0500: 1831.130: [Tenured: 262757K->205160K(349568K), 0.5270609 secs] 420005K->205160K(506816K), [Metaspace: 5350K->5350K(1056768K)], 0.5271763 secs] [Times: user=0.53 sys=0.00, real=0.53 secs] 
2018-03-17T00:26:45.760+0500: 1831.684: [GC (Allocation Failure) 2018-03-17T00:26:45.760+0500: 1831.684: [DefNew: 139776K->17472K(157248K), 0.2431715 secs] 344936K->344935K(506816K), 0.2432344 secs] [Times: user=0.24 sys=0.00, real=0.24 secs] 
2018-03-17T00:26:46.031+0500: 1831.955: [GC (Allocation Failure) 2018-03-17T00:26:46.031+0500: 1831.955: [DefNew: 157248K->157248K(157248K), 0.0000171 secs]2018-03-17T00:26:46.031+0500: 1831.955: [Tenured: 327463K->55022K(349568K), 0.2254859 secs] 484711K->55022K(506816K), [Metaspace: 5350K->5350K(1056768K)], 0.2255975 secs] [Times: user=0.24 sys=0.00, real=0.23 secs] 
2018-03-17T00:26:46.286+0500: 1832.210: [GC (Allocation Failure) 2018-03-17T00:26:46.286+0500: 1832.210: [DefNew: 139776K->17472K(157248K), 0.2879713 secs] 194798K->194797K(506816K), 0.2880559 secs] [Times: user=0.28 sys=0.00, real=0.29 secs] 
2018-03-17T00:26:46.603+0500: 1832.526: [GC (Allocation Failure) 2018-03-17T00:26:46.603+0500: 1832.526: [DefNew: 157248K->17471K(157248K), 0.2660874 secs] 334573K->334572K(506816K), 0.2661742 secs] [Times: user=0.27 sys=0.00, real=0.27 secs] 
2018-03-17T00:26:46.896+0500: 1832.820: [GC (Allocation Failure) 2018-03-17T00:26:46.896+0500: 1832.820: [DefNew: 157247K->157247K(157248K), 0.0000163 secs]2018-03-17T00:26:46.896+0500: 1832.820: [Tenured: 317100K->44659K(349568K), 0.2120174 secs] 474348K->44659K(506816K), [Metaspace: 5350K->5350K(1056768K)], 0.2121068 secs] [Times: user=0.22 sys=0.00, real=0.21 secs] 
2018-03-17T00:26:47.142+0500: 1833.066: [GC (Allocation Failure) 2018-03-17T00:26:47.142+0500: 1833.066: [DefNew: 139776K->17471K(157248K), 0.2716913 secs] 184435K->184434K(506816K), 0.2717581 secs] [Times: user=0.28 sys=0.00, real=0.27 secs] 
2018-03-17T00:26:47.441+0500: 1833.365: [GC (Allocation Failure) 2018-03-17T00:26:47.441+0500: 1833.365: [DefNew: 157247K->17472K(157248K), 0.2616167 secs] 324210K->324208K(506816K), 0.2617061 secs] [Times: user=0.25 sys=0.00, real=0.26 secs] 
2018-03-17T00:26:47.729+0500: 1833.653: [GC (Allocation Failure) 2018-03-17T00:26:47.729+0500: 1833.653: [DefNew: 157248K->157248K(157248K), 0.0000291 secs]2018-03-17T00:26:47.729+0500: 1833.653: [Tenured: 306736K->34272K(349568K), 0.1806152 secs] 463984K->34272K(506816K), [Metaspace: 5350K->5350K(1056768K)], 0.1807367 secs] [Times: user=0.17 sys=0.00, real=0.18 secs] 
2018-03-17T00:26:47.941+0500: 1833.864: [GC (Allocation Failure) 2018-03-17T00:26:47.941+0500: 1833.864: [DefNew: 139776K->17472K(157248K), 0.2623685 secs] 174048K->174046K(506816K), 0.2624519 secs] [Times: user=0.27 sys=0.00, real=0.26 secs] 
2018-03-17T00:26:48.230+0500: 1834.154: [GC (Allocation Failure) 2018-03-17T00:26:48.230+0500: 1834.154: [DefNew: 157248K->17472K(157248K), 0.2671659 secs] 313822K->313821K(506816K), 0.2672313 secs] [Times: user=0.27 sys=0.00, real=0.27 secs] 
2018-03-17T00:26:48.525+0500: 1834.449: [GC (Allocation Failure) 2018-03-17T00:26:48.525+0500: 1834.449: [DefNew: 157248K->157248K(157248K), 0.0000167 secs]2018-03-17T00:26:48.525+0500: 1834.449: [Tenured: 296349K->23908K(349568K), 0.1563638 secs] 453597K->23908K(506816K), [Metaspace: 5350K->5350K(1056768K)], 0.1564541 secs] [Times: user=0.16 sys=0.00, real=0.16 secs] 
2018-03-17T00:26:48.713+0500: 1834.637: [GC (Allocation Failure) 2018-03-17T00:26:48.713+0500: 1834.637: [DefNew: 139776K->17472K(157248K), 0.2652436 secs] 163684K->163683K(506816K), 0.2653065 secs] [Times: user=0.27 sys=0.00, real=0.26 secs] 
2018-03-17T00:26:49.005+0500: 1834.929: [GC (Allocation Failure) 2018-03-17T00:26:49.005+0500: 1834.929: [DefNew: 157248K->17472K(157248K), 0.2657200 secs] 303459K->303458K(506816K), 0.2657957 secs] [Times: user=0.28 sys=0.00, real=0.27 secs] 
2018-03-17T00:26:49.298+0500: 1835.222: [GC (Allocation Failure) 2018-03-17T00:26:49.298+0500: 1835.222: [DefNew: 146063K->146063K(157248K), 0.0000158 secs]2018-03-17T00:26:49.298+0500: 1835.223: [Tenured: 285986K->715K(349568K), 0.1451799 secs] 432050K->715K(506816K), [Metaspace: 5350K->5350K(1056768K)], 0.1452650 secs] [Times: user=0.16 sys=0.00, real=0.15 secs] 
2018-03-17T00:26:49.470+0500: 1835.394: [GC (Allocation Failure) 2018-03-17T00:26:49.470+0500: 1835.394: [DefNew: 139776K->17472K(157248K), 0.2295016 secs] 140491K->140490K(506816K), 0.2295640 secs] [Times: user=0.23 sys=0.00, real=0.23 secs] 
2018-03-17T00:26:49.727+0500: 1835.651: [GC (Allocation Failure) 2018-03-17T00:26:49.727+0500: 1835.651: [DefNew: 157248K->17472K(157248K), 0.2640299 secs] 280266K->280229K(506816K), 0.2640996 secs] [Times: user=0.25 sys=0.00, real=0.26 secs] 
2018-03-17T00:26:50.021+0500: 1835.945: [GC (Allocation Failure) 2018-03-17T00:26:50.021+0500: 1835.945: [DefNew: 157248K->157248K(157248K), 0.0000342 secs]2018-03-17T00:26:50.021+0500: 1835.945: [Tenured: 262757K->205160K(349568K), 0.5027620 secs] 420005K->205160K(506816K), [Metaspace: 5350K->5350K(1056768K)], 0.5028993 secs] [Times: user=0.52 sys=0.00, real=0.50 secs] 
2018-03-17T00:26:50.550+0500: 1836.475: [GC (Allocation Failure) 2018-03-17T00:26:50.550+0500: 1836.475: [DefNew: 139776K->17472K(157248K), 0.2291920 secs] 344936K->344935K(506816K), 0.2292548 secs] [Times: user=0.24 sys=0.00, real=0.23 secs] 
2018-03-17T00:26:50.810+0500: 1836.734: [GC (Allocation Failure) 2018-03-17T00:26:50.810+0500: 1836.734: [DefNew: 157248K->157248K(157248K), 0.0000163 secs]2018-03-17T00:26:50.810+0500: 1836.734: [Tenured: 327463K->55022K(349568K), 0.2327069 secs] 484711K->55022K(506816K), [Metaspace: 5350K->5350K(1056768K)], 0.2327984 secs] [Times: user=0.23 sys=0.00, real=0.23 secs] 
2018-03-17T00:26:51.073+0500: 1836.996: [GC (Allocation Failure) 2018-03-17T00:26:51.073+0500: 1836.997: [DefNew: 139776K->17472K(157248K), 0.3017742 secs] 194798K->194797K(506816K), 0.3018456 secs] [Times: user=0.30 sys=0.00, real=0.30 secs] 
2018-03-17T00:26:51.401+0500: 1837.325: [GC (Allocation Failure) 2018-03-17T00:26:51.401+0500: 1837.325: [DefNew: 157248K->17471K(157248K), 0.2903396 secs] 334573K->334572K(506816K), 0.2904482 secs] [Times: user=0.28 sys=0.00, real=0.29 secs] 
2018-03-17T00:26:51.739+0500: 1837.663: [GC (Allocation Failure) 2018-03-17T00:26:51.739+0500: 1837.663: [DefNew: 157247K->157247K(157248K), 0.0000971 secs]2018-03-17T00:26:51.739+0500: 1837.663: [Tenured: 317100K->44659K(349568K), 0.2419664 secs] 474348K->44659K(506816K), [Metaspace: 5350K->5350K(1056768K)], 0.2423363 secs] [Times: user=0.25 sys=0.00, real=0.24 secs] 
2018-03-17T00:26:52.019+0500: 1837.943: [GC (Allocation Failure) 2018-03-17T00:26:52.019+0500: 1837.943: [DefNew: 139776K->17471K(157248K), 0.2989414 secs] 184435K->184434K(506816K), 0.2990265 secs] [Times: user=0.30 sys=0.00, real=0.30 secs] 
2018-03-17T00:26:52.345+0500: 1838.269: [GC (Allocation Failure) 2018-03-17T00:26:52.345+0500: 1838.269: [DefNew: 157247K->17472K(157248K), 0.2569728 secs] 324210K->324208K(506816K), 0.2570523 secs] [Times: user=0.27 sys=0.00, real=0.26 secs] 
2018-03-17T00:26:52.630+0500: 1838.553: [GC (Allocation Failure) 2018-03-17T00:26:52.630+0500: 1838.553: [DefNew: 157248K->157248K(157248K), 0.0000175 secs]2018-03-17T00:26:52.630+0500: 1838.553: [Tenured: 306736K->34272K(349568K), 0.1816878 secs] 463984K->34272K(506816K), [Metaspace: 5350K->5350K(1056768K)], 0.1817793 secs] [Times: user=0.19 sys=0.00, real=0.18 secs] 
2018-03-17T00:26:52.842+0500: 1838.766: [GC (Allocation Failure) 2018-03-17T00:26:52.842+0500: 1838.766: [DefNew: 139776K->17472K(157248K), 0.2624044 secs] 174048K->174046K(506816K), 0.2624724 secs] [Times: user=0.27 sys=0.00, real=0.26 secs] 
2018-03-17T00:26:53.132+0500: 1839.056: [GC (Allocation Failure) 2018-03-17T00:26:53.132+0500: 1839.056: [DefNew: 157248K->17472K(157248K), 0.3088155 secs] 313822K->313821K(506816K), 0.3088848 secs] [Times: user=0.28 sys=0.00, real=0.31 secs] 
2018-03-17T00:26:53.468+0500: 1839.392: [GC (Allocation Failure) 2018-03-17T00:26:53.468+0500: 1839.392: [DefNew: 157248K->157248K(157248K), 0.0000214 secs]2018-03-17T00:26:53.468+0500: 1839.392: [Tenured: 296349K->23908K(349568K), 0.1587236 secs] 453597K->23908K(506816K), [Metaspace: 5350K->5350K(1056768K)], 0.1588297 secs] [Times: user=0.14 sys=0.00, real=0.16 secs] 
2018-03-17T00:26:53.657+0500: 1839.581: [GC (Allocation Failure) 2018-03-17T00:26:53.657+0500: 1839.581: [DefNew: 139776K->17472K(157248K), 0.2612767 secs] 163684K->163683K(506816K), 0.2613417 secs] [Times: user=0.27 sys=0.00, real=0.26 secs] 
2018-03-17T00:26:53.946+0500: 1839.869: [GC (Allocation Failure) 2018-03-17T00:26:53.946+0500: 1839.870: [DefNew: 157248K->17472K(157248K), 0.2604706 secs] 303459K->303458K(506816K), 0.2605343 secs] [Times: user=0.25 sys=0.00, real=0.26 secs] 
2018-03-17T00:26:54.234+0500: 1840.158: [GC (Allocation Failure) 2018-03-17T00:26:54.234+0500: 1840.158: [DefNew: 146063K->146063K(157248K), 0.0000175 secs]2018-03-17T00:26:54.234+0500: 1840.158: [Tenured: 285986K->715K(349568K), 0.1374864 secs] 432050K->715K(506816K), [Metaspace: 5350K->5350K(1056768K)], 0.1375869 secs] [Times: user=0.14 sys=0.00, real=0.14 secs] 
2018-03-17T00:26:54.406+0500: 1840.330: [GC (Allocation Failure) 2018-03-17T00:26:54.406+0500: 1840.330: [DefNew: 139776K->17472K(157248K), 0.2537491 secs] 140491K->140490K(506816K), 0.2538612 secs] [Times: user=0.25 sys=0.00, real=0.25 secs] 
2018-03-17T00:26:54.687+0500: 1840.611: [GC (Allocation Failure) 2018-03-17T00:26:54.687+0500: 1840.611: [DefNew: 157248K->17472K(157248K), 0.2841801 secs] 280266K->280229K(506816K), 0.2842597 secs] [Times: user=0.28 sys=0.00, real=0.28 secs] 
2018-03-17T00:26:55.006+0500: 1840.929: [GC (Allocation Failure) 2018-03-17T00:26:55.006+0500: 1840.929: [DefNew: 157248K->157248K(157248K), 0.0000261 secs]2018-03-17T00:26:55.006+0500: 1840.929: [Tenured: 262757K->205160K(349568K), 0.5620044 secs] 420005K->205160K(506816K), [Metaspace: 5350K->5350K(1056768K)], 0.5621173 secs] [Times: user=0.56 sys=0.00, real=0.56 secs] 
2018-03-17T00:26:55.600+0500: 1841.524: [GC (Allocation Failure) 2018-03-17T00:26:55.600+0500: 1841.524: [DefNew: 139776K->17472K(157248K), 0.2316527 secs] 344936K->344935K(506816K), 0.2317160 secs] [Times: user=0.22 sys=0.00, real=0.23 secs] 
2018-03-17T00:26:55.859+0500: 1841.783: [GC (Allocation Failure) 2018-03-17T00:26:55.859+0500: 1841.783: [DefNew: 157248K->157248K(157248K), 0.0000171 secs]2018-03-17T00:26:55.859+0500: 1841.783: [Tenured: 327463K->55022K(349568K), 0.2258045 secs] 484711K->55022K(506816K), [Metaspace: 5350K->5350K(1056768K)], 0.2259016 secs] [Times: user=0.22 sys=0.00, real=0.23 secs] 
2018-03-17T00:26:56.114+0500: 1842.038: [GC (Allocation Failure) 2018-03-17T00:26:56.114+0500: 1842.038: [DefNew: 139776K->17472K(157248K), 0.2623475 secs] 194798K->194797K(506816K), 0.2624125 secs] [Times: user=0.26 sys=0.00, real=0.26 secs] 
2018-03-17T00:26:56.404+0500: 1842.328: [GC (Allocation Failure) 2018-03-17T00:26:56.404+0500: 1842.328: [DefNew: 157248K->17471K(157248K), 0.2650717 secs] 334573K->334572K(506816K), 0.2651457 secs] [Times: user=0.25 sys=0.00, real=0.26 secs] 
2018-03-17T00:26:56.695+0500: 1842.620: [GC (Allocation Failure) 2018-03-17T00:26:56.695+0500: 1842.620: [DefNew: 157247K->157247K(157248K), 0.0000163 secs]2018-03-17T00:26:56.695+0500: 1842.620: [Tenured: 317100K->44659K(349568K), 0.2323429 secs] 474348K->44659K(506816K), [Metaspace: 5350K->5350K(1056768K)], 0.2324469 secs] [Times: user=0.20 sys=0.00, real=0.23 secs] 
2018-03-17T00:26:56.960+0500: 1842.884: [GC (Allocation Failure) 2018-03-17T00:26:56.961+0500: 1842.884: [DefNew: 139776K->17471K(157248K), 0.2750677 secs] 184435K->184434K(506816K), 0.2751647 secs] [Times: user=0.27 sys=0.00, real=0.27 secs] 
2018-03-17T00:26:57.266+0500: 1843.190: [GC (Allocation Failure) 2018-03-17T00:26:57.266+0500: 1843.190: [DefNew: 157247K->17472K(157248K), 0.2768805 secs] 324210K->324208K(506816K), 0.2769553 secs] [Times: user=0.28 sys=0.00, real=0.28 secs] 
2018-03-17T00:26:57.577+0500: 1843.500: [GC (Allocation Failure) 2018-03-17T00:26:57.577+0500: 1843.500: [DefNew: 157248K->157248K(157248K), 0.0000175 secs]2018-03-17T00:26:57.577+0500: 1843.500: [Tenured: 306736K->34272K(349568K), 0.2037149 secs] 463984K->34272K(506816K), [Metaspace: 5350K->5350K(1056768K)], 0.2038261 secs] [Times: user=0.20 sys=0.00, real=0.20 secs] 
2018-03-17T00:26:57.812+0500: 1843.736: [GC (Allocation Failure) 2018-03-17T00:26:57.812+0500: 1843.737: [DefNew: 139776K->17472K(157248K), 0.2698007 secs] 174048K->174046K(506816K), 0.2698631 secs] [Times: user=0.27 sys=0.00, real=0.27 secs] 
2018-03-17T00:26:58.110+0500: 1844.034: [GC (Allocation Failure) 2018-03-17T00:26:58.110+0500: 1844.034: [DefNew: 157248K->17472K(157248K), 0.2559947 secs] 313822K->313821K(506816K), 0.2560662 secs] [Times: user=0.27 sys=0.00, real=0.26 secs] 
2018-03-17T00:26:58.394+0500: 1844.318: [GC (Allocation Failure) 2018-03-17T00:26:58.394+0500: 1844.318: [DefNew: 157248K->157248K(157248K), 0.0000163 secs]2018-03-17T00:26:58.394+0500: 1844.318: [Tenured: 296349K->23908K(349568K), 0.1601139 secs] 453597K->23908K(506816K), [Metaspace: 5350K->5350K(1056768K)], 0.1602050 secs] [Times: user=0.17 sys=0.00, real=0.16 secs] 
2018-03-17T00:26:58.584+0500: 1844.507: [GC (Allocation Failure) 2018-03-17T00:26:58.584+0500: 1844.508: [DefNew: 139776K->17472K(157248K), 0.2653056 secs] 163684K->163683K(506816K), 0.2653685 secs] [Times: user=0.27 sys=0.00, real=0.26 secs] 
2018-03-17T00:26:58.876+0500: 1844.800: [GC (Allocation Failure) 2018-03-17T00:26:58.876+0500: 1844.800: [DefNew: 157248K->17472K(157248K), 0.2644379 secs] 303459K->303458K(506816K), 0.2645021 secs] [Times: user=0.26 sys=0.00, real=0.26 secs] 
2018-03-17T00:26:59.170+0500: 1845.094: [GC (Allocation Failure) 2018-03-17T00:26:59.170+0500: 1845.094: [DefNew: 146063K->146063K(157248K), 0.0000171 secs]2018-03-17T00:26:59.170+0500: 1845.094: [Tenured: 285986K->715K(349568K), 0.1398034 secs] 432050K->715K(506816K), [Metaspace: 5350K->5350K(1056768K)], 0.1399030 secs] [Times: user=0.14 sys=0.00, real=0.14 secs] 
2018-03-17T00:26:59.336+0500: 1845.260: [GC (Allocation Failure) 2018-03-17T00:26:59.336+0500: 1845.260: [DefNew: 139776K->17472K(157248K), 0.2546250 secs] 140491K->140490K(506816K), 0.2546947 secs] [Times: user=0.25 sys=0.00, real=0.26 secs] 
2018-03-17T00:26:59.625+0500: 1845.549: [GC (Allocation Failure) 2018-03-17T00:26:59.625+0500: 1845.549: [DefNew: 157248K->17472K(157248K), 0.2740533 secs] 280266K->280229K(506816K), 0.2741226 secs] [Times: user=0.28 sys=0.00, real=0.28 secs] 
2018-03-17T00:26:59.929+0500: 1845.853: [GC (Allocation Failure) 2018-03-17T00:26:59.929+0500: 1845.853: [DefNew: 157248K->157248K(157248K), 0.0000167 secs]2018-03-17T00:26:59.929+0500: 1845.853: [Tenured: 262757K->205160K(349568K), 0.6021303 secs] 420005K->205160K(506816K), [Metaspace: 5350K->5350K(1056768K)], 0.6022201 secs] [Times: user=0.59 sys=0.00, real=0.60 secs] 
2018-03-17T00:27:00.561+0500: 1846.485: [GC (Allocation Failure) 2018-03-17T00:27:00.561+0500: 1846.485: [DefNew: 139776K->17472K(157248K), 0.2571255 secs] 344936K->344935K(506816K), 0.2572037 secs] [Times: user=0.27 sys=0.00, real=0.26 secs] 
2018-03-17T00:27:00.846+0500: 1846.770: [GC (Allocation Failure) 2018-03-17T00:27:00.846+0500: 1846.770: [DefNew: 157248K->157248K(157248K), 0.0000167 secs]2018-03-17T00:27:00.846+0500: 1846.770: [Tenured: 327463K->55022K(349568K), 0.2267330 secs] 484711K->55022K(506816K), [Metaspace: 5350K->5350K(1056768K)], 0.2268330 secs] [Times: user=0.23 sys=0.00, real=0.23 secs] 
2018-03-17T00:27:01.105+0500: 1847.029: [GC (Allocation Failure) 2018-03-17T00:27:01.105+0500: 1847.029: [DefNew: 139776K->17472K(157248K), 0.2636673 secs] 194798K->194797K(506816K), 0.2637301 secs] [Times: user=0.27 sys=0.00, real=0.26 secs] 
2018-03-17T00:27:01.396+0500: 1847.319: [GC (Allocation Failure) 2018-03-17T00:27:01.396+0500: 1847.319: [DefNew: 157248K->17471K(157248K), 0.2651021 secs] 334573K->334572K(506816K), 0.2651649 secs] [Times: user=0.27 sys=0.00, real=0.27 secs] 
2018-03-17T00:27:01.687+0500: 1847.611: [GC (Allocation Failure) 2018-03-17T00:27:01.687+0500: 1847.611: [DefNew: 157247K->157247K(157248K), 0.0000175 secs]2018-03-17T00:27:01.687+0500: 1847.611: [Tenured: 317100K->44659K(349568K), 0.2120674 secs] 474348K->44659K(506816K), [Metaspace: 5350K->5350K(1056768K)], 0.2121744 secs] [Times: user=0.20 sys=0.00, real=0.21 secs] 
2018-03-17T00:27:01.929+0500: 1847.853: [GC (Allocation Failure) 2018-03-17T00:27:01.930+0500: 1847.854: [DefNew: 139776K->17471K(157248K), 0.2641244 secs] 184435K->184434K(506816K), 0.2642155 secs] [Times: user=0.27 sys=0.00, real=0.27 secs] 
2018-03-17T00:27:02.222+0500: 1848.146: [GC (Allocation Failure) 2018-03-17T00:27:02.222+0500: 1848.146: [DefNew: 157247K->17472K(157248K), 0.2607451 secs] 324210K->324208K(506816K), 0.2608200 secs] [Times: user=0.27 sys=0.00, real=0.26 secs] 
2018-03-17T00:27:02.510+0500: 1848.433: [GC (Allocation Failure) 2018-03-17T00:27:02.510+0500: 1848.433: [DefNew: 157248K->157248K(157248K), 0.0000163 secs]2018-03-17T00:27:02.510+0500: 1848.434: [Tenured: 306736K->34272K(349568K), 0.1822814 secs] 463984K->34272K(506816K), [Metaspace: 5350K->5350K(1056768K)], 0.1823729 secs] [Times: user=0.17 sys=0.00, real=0.18 secs] 
2018-03-17T00:27:02.729+0500: 1848.653: [GC (Allocation Failure) 2018-03-17T00:27:02.729+0500: 1848.653: [DefNew: 139776K->17472K(157248K), 0.4300972 secs] 174048K->174046K(506816K), 0.4301892 secs] [Times: user=0.42 sys=0.00, real=0.43 secs] 
2018-03-17T00:27:03.187+0500: 1849.111: [GC (Allocation Failure) 2018-03-17T00:27:03.187+0500: 1849.111: [DefNew: 157248K->17472K(157248K), 0.2623625 secs] 313822K->313821K(506816K), 0.2624450 secs] [Times: user=0.25 sys=0.00, real=0.26 secs] 
2018-03-17T00:27:03.477+0500: 1849.401: [GC (Allocation Failure) 2018-03-17T00:27:03.477+0500: 1849.401: [DefNew: 157248K->157248K(157248K), 0.0000158 secs]2018-03-17T00:27:03.477+0500: 1849.401: [Tenured: 296349K->23908K(349568K), 0.1595597 secs] 453597K->23908K(506816K), [Metaspace: 5350K->5350K(1056768K)], 0.1596499 secs] [Times: user=0.16 sys=0.00, real=0.16 secs] 
2018-03-17T00:27:03.666+0500: 1849.591: [GC (Allocation Failure) 2018-03-17T00:27:03.666+0500: 1849.591: [DefNew: 139776K->17472K(157248K), 0.2627004 secs] 163684K->163683K(506816K), 0.2627688 secs] [Times: user=0.27 sys=0.00, real=0.26 secs] 
2018-03-17T00:27:03.960+0500: 1849.884: [GC (Allocation Failure) 2018-03-17T00:27:03.960+0500: 1849.884: [DefNew: 157248K->17472K(157248K), 0.2638524 secs] 303459K->303458K(506816K), 0.2639179 secs] [Times: user=0.25 sys=0.00, real=0.26 secs] 
2018-03-17T00:27:04.257+0500: 1850.181: [GC (Allocation Failure) 2018-03-17T00:27:04.257+0500: 1850.181: [DefNew: 146063K->146063K(157248K), 0.0000163 secs]2018-03-17T00:27:04.257+0500: 1850.181: [Tenured: 285986K->715K(349568K), 0.1409833 secs] 432050K->715K(506816K), [Metaspace: 5350K->5350K(1056768K)], 0.1410701 secs] [Times: user=0.14 sys=0.00, real=0.14 secs] 
2018-03-17T00:27:04.425+0500: 1850.349: [GC (Allocation Failure) 2018-03-17T00:27:04.425+0500: 1850.349: [DefNew: 139776K->17472K(157248K), 0.2300657 secs] 140491K->140490K(506816K), 0.2301285 secs] [Times: user=0.24 sys=0.00, real=0.23 secs] 
2018-03-17T00:27:04.682+0500: 1850.606: [GC (Allocation Failure) 2018-03-17T00:27:04.682+0500: 1850.606: [DefNew: 157248K->17472K(157248K), 0.2619862 secs] 280266K->280229K(506816K), 0.2620490 secs] [Times: user=0.26 sys=0.00, real=0.26 secs] 
2018-03-17T00:27:04.974+0500: 1850.898: [GC (Allocation Failure) 2018-03-17T00:27:04.974+0500: 1850.898: [DefNew: 157248K->157248K(157248K), 0.0000180 secs]2018-03-17T00:27:04.974+0500: 1850.898: [Tenured: 262757K->205160K(349568K), 0.4845534 secs] 420005K->205160K(506816K), [Metaspace: 5350K->5350K(1056768K)], 0.4846740 secs] [Times: user=0.48 sys=0.00, real=0.49 secs] 
2018-03-17T00:27:05.487+0500: 1851.410: [GC (Allocation Failure) 2018-03-17T00:27:05.487+0500: 1851.410: [DefNew: 139776K->17472K(157248K), 0.2276734 secs] 344936K->344935K(506816K), 0.2277427 secs] [Times: user=0.23 sys=0.00, real=0.23 secs] 
2018-03-17T00:27:05.741+0500: 1851.665: [GC (Allocation Failure) 2018-03-17T00:27:05.741+0500: 1851.665: [DefNew: 157248K->157248K(157248K), 0.0000167 secs]2018-03-17T00:27:05.741+0500: 1851.665: [Tenured: 327463K->55022K(349568K), 0.2262779 secs] 484711K->55022K(506816K), [Metaspace: 5350K->5350K(1056768K)], 0.2263823 secs] [Times: user=0.22 sys=0.00, real=0.23 secs] 
2018-03-17T00:27:05.998+0500: 1851.922: [GC (Allocation Failure) 2018-03-17T00:27:05.998+0500: 1851.922: [DefNew: 139776K->17472K(157248K), 0.2606027 secs] 194798K->194797K(506816K), 0.2606959 secs] [Times: user=0.27 sys=0.00, real=0.26 secs] 
2018-03-17T00:27:06.285+0500: 1852.209: [GC (Allocation Failure) 2018-03-17T00:27:06.285+0500: 1852.209: [DefNew: 157248K->17471K(157248K), 0.2570019 secs] 334573K->334572K(506816K), 0.2570660 secs] [Times: user=0.26 sys=0.00, real=0.26 secs] 
2018-03-17T00:27:06.570+0500: 1852.494: [GC (Allocation Failure) 2018-03-17T00:27:06.570+0500: 1852.494: [DefNew: 157247K->157247K(157248K), 0.0000163 secs]2018-03-17T00:27:06.570+0500: 1852.494: [Tenured: 317100K->44659K(349568K), 0.2055586 secs] 474348K->44659K(506816K), [Metaspace: 5350K->5350K(1056768K)], 0.2056509 secs] [Times: user=0.20 sys=0.00, real=0.21 secs] 
2018-03-17T00:27:06.809+0500: 1852.733: [GC (Allocation Failure) 2018-03-17T00:27:06.809+0500: 1852.733: [DefNew: 139776K->17471K(157248K), 0.2641492 secs] 184435K->184434K(506816K), 0.2642275 secs] [Times: user=0.26 sys=0.00, real=0.26 secs] 
2018-03-17T00:27:07.100+0500: 1853.024: [GC (Allocation Failure) 2018-03-17T00:27:07.100+0500: 1853.024: [DefNew: 157247K->17472K(157248K), 0.2587484 secs] 324210K->324208K(506816K), 0.2588100 secs] [Times: user=0.25 sys=0.00, real=0.26 secs] 
2018-03-17T00:27:07.386+0500: 1853.310: [GC (Allocation Failure) 2018-03-17T00:27:07.386+0500: 1853.310: [DefNew: 157248K->157248K(157248K), 0.0000167 secs]2018-03-17T00:27:07.387+0500: 1853.310: [Tenured: 306736K->34272K(349568K), 0.1806486 secs] 463984K->34272K(506816K), [Metaspace: 5350K->5350K(1056768K)], 0.1808192 secs] [Times: user=0.17 sys=0.00, real=0.18 secs] 
2018-03-17T00:27:07.604+0500: 1853.528: [GC (Allocation Failure) 2018-03-17T00:27:07.604+0500: 1853.528: [DefNew: 139776K->17472K(157248K), 0.2754603 secs] 174048K->174046K(506816K), 0.2755257 secs] [Times: user=0.27 sys=0.00, real=0.27 secs] 
2018-03-17T00:27:07.907+0500: 1853.831: [GC (Allocation Failure) 2018-03-17T00:27:07.907+0500: 1853.831: [DefNew: 157248K->17472K(157248K), 0.2594284 secs] 313822K->313821K(506816K), 0.2594959 secs] [Times: user=0.27 sys=0.00, real=0.26 secs] 
2018-03-17T00:27:08.194+0500: 1854.117: [GC (Allocation Failure) 2018-03-17T00:27:08.194+0500: 1854.117: [DefNew: 157248K->157248K(157248K), 0.0000163 secs]2018-03-17T00:27:08.194+0500: 1854.117: [Tenured: 296349K->23908K(349568K), 0.1591167 secs] 453597K->23908K(506816K), [Metaspace: 5350K->5350K(1056768K)], 0.1592056 secs] [Times: user=0.16 sys=0.00, real=0.16 secs] 
2018-03-17T00:27:08.383+0500: 1854.307: [GC (Allocation Failure) 2018-03-17T00:27:08.383+0500: 1854.307: [DefNew: 139776K->17472K(157248K), 0.2645089 secs] 163684K->163683K(506816K), 0.2645833 secs] [Times: user=0.27 sys=0.00, real=0.26 secs] 
2018-03-17T00:27:08.674+0500: 1854.598: [GC (Allocation Failure) 2018-03-17T00:27:08.674+0500: 1854.598: [DefNew: 157248K->17472K(157248K), 0.2794195 secs] 303459K->303458K(506816K), 0.2794815 secs] [Times: user=0.28 sys=0.00, real=0.28 secs] 
2018-03-17T00:27:08.980+0500: 1854.904: [GC (Allocation Failure) 2018-03-17T00:27:08.981+0500: 1854.905: [DefNew: 146063K->146063K(157248K), 0.0000188 secs]2018-03-17T00:27:08.981+0500: 1854.905: [Tenured: 285986K->715K(349568K), 0.1395609 secs] 432050K->715K(506816K), [Metaspace: 5350K->5350K(1056768K)], 0.1396657 secs] [Times: user=0.14 sys=0.00, real=0.14 secs] 
2018-03-17T00:27:09.147+0500: 1855.071: [GC (Allocation Failure) 2018-03-17T00:27:09.147+0500: 1855.071: [DefNew: 139776K->17472K(157248K), 0.2292707 secs] 140491K->140490K(506816K), 0.2293352 secs] [Times: user=0.22 sys=0.00, real=0.23 secs] 
2018-03-17T00:27:09.404+0500: 1855.329: [GC (Allocation Failure) 2018-03-17T00:27:09.404+0500: 1855.329: [DefNew: 157248K->17472K(157248K), 0.2618754 secs] 280266K->280229K(506816K), 0.2619400 secs] [Times: user=0.27 sys=0.00, real=0.26 secs] 
2018-03-17T00:27:09.697+0500: 1855.621: [GC (Allocation Failure) 2018-03-17T00:27:09.697+0500: 1855.621: [DefNew: 157248K->157248K(157248K), 0.0000163 secs]2018-03-17T00:27:09.697+0500: 1855.621: [Tenured: 262757K->205160K(349568K), 0.4846637 secs] 420005K->205160K(506816K), [Metaspace: 5350K->5350K(1056768K)], 0.4847552 secs] [Times: user=0.48 sys=0.00, real=0.48 secs] 
2018-03-17T00:27:10.209+0500: 1856.133: [GC (Allocation Failure) 2018-03-17T00:27:10.209+0500: 1856.133: [DefNew: 139776K->17472K(157248K), 0.2284154 secs] 344936K->344935K(506816K), 0.2284791 secs] [Times: user=0.22 sys=0.00, real=0.23 secs] 
2018-03-17T00:27:10.464+0500: 1856.388: [GC (Allocation Failure) 2018-03-17T00:27:10.464+0500: 1856.388: [DefNew: 157248K->157248K(157248K), 0.0000163 secs]2018-03-17T00:27:10.464+0500: 1856.388: [Tenured: 327463K->55022K(349568K), 0.2257857 secs] 484711K->55022K(506816K), [Metaspace: 5350K->5350K(1056768K)], 0.2258824 secs] [Times: user=0.22 sys=0.00, real=0.23 secs] 
2018-03-17T00:27:10.721+0500: 1856.646: [GC (Allocation Failure) 2018-03-17T00:27:10.721+0500: 1856.646: [DefNew: 139776K->17472K(157248K), 0.2634227 secs] 194798K->194797K(506816K), 0.2634847 secs] [Times: user=0.27 sys=0.00, real=0.27 secs] 
2018-03-17T00:27:11.013+0500: 1856.937: [GC (Allocation Failure) 2018-03-17T00:27:11.014+0500: 1856.937: [DefNew: 157248K->17471K(157248K), 0.3087082 secs] 334573K->334572K(506816K), 0.3088035 secs] [Times: user=0.31 sys=0.00, real=0.31 secs] 
2018-03-17T00:27:11.363+0500: 1857.287: [GC (Allocation Failure) 2018-03-17T00:27:11.363+0500: 1857.287: [DefNew: 157247K->157247K(157248K), 0.0000265 secs]2018-03-17T00:27:11.363+0500: 1857.287: [Tenured: 317100K->44659K(349568K), 0.2189253 secs] 474348K->44659K(506816K), [Metaspace: 5350K->5350K(1056768K)], 0.2190403 secs] [Times: user=0.22 sys=0.00, real=0.22 secs] 
2018-03-17T00:27:11.613+0500: 1857.537: [GC (Allocation Failure) 2018-03-17T00:27:11.613+0500: 1857.537: [DefNew: 139776K->17471K(157248K), 0.3163961 secs] 184435K->184434K(506816K), 0.3164556 secs] [Times: user=0.33 sys=0.00, real=0.32 secs] 
2018-03-17T00:27:11.956+0500: 1857.880: [GC (Allocation Failure) 2018-03-17T00:27:11.956+0500: 1857.880: [DefNew: 157247K->17472K(157248K), 0.3304642 secs] 324210K->324208K(506816K), 0.3305361 secs] [Times: user=0.33 sys=0.00, real=0.33 secs] 
2018-03-17T00:27:12.313+0500: 1858.238: [GC (Allocation Failure) 2018-03-17T00:27:12.313+0500: 1858.238: [DefNew: 157248K->157248K(157248K), 0.0000158 secs]2018-03-17T00:27:12.313+0500: 1858.238: [Tenured: 306736K->34272K(349568K), 0.1971381 secs] 463984K->34272K(506816K), [Metaspace: 5350K->5350K(1056768K)], 0.1972356 secs] [Times: user=0.20 sys=0.00, real=0.20 secs] 
2018-03-17T00:27:12.563+0500: 1858.486: [GC (Allocation Failure) 2018-03-17T00:27:12.563+0500: 1858.486: [DefNew: 139776K->17472K(157248K), 0.2877241 secs] 174048K->174046K(506816K), 0.2877955 secs] [Times: user=0.30 sys=0.00, real=0.29 secs] 
2018-03-17T00:27:12.882+0500: 1858.806: [GC (Allocation Failure) 2018-03-17T00:27:12.882+0500: 1858.806: [DefNew: 157248K->17472K(157248K), 0.2580218 secs] 313822K->313821K(506816K), 0.2580838 secs] [Times: user=0.25 sys=0.00, real=0.26 secs] 
2018-03-17T00:27:13.168+0500: 1859.092: [GC (Allocation Failure) 2018-03-17T00:27:13.168+0500: 1859.092: [DefNew: 157248K->157248K(157248K), 0.0000269 secs]2018-03-17T00:27:13.168+0500: 1859.092: [Tenured: 296349K->23908K(349568K), 0.1672502 secs] 453597K->23908K(506816K), [Metaspace: 5350K->5350K(1056768K)], 0.1673836 secs] [Times: user=0.17 sys=0.00, real=0.17 secs] 
2018-03-17T00:27:13.369+0500: 1859.293: [GC (Allocation Failure) 2018-03-17T00:27:13.369+0500: 1859.293: [DefNew: 139776K->17472K(157248K), 0.2730581 secs] 163684K->163683K(506816K), 0.2731364 secs] [Times: user=0.27 sys=0.00, real=0.27 secs] 
2018-03-17T00:27:13.669+0500: 1859.593: [GC (Allocation Failure) 2018-03-17T00:27:13.669+0500: 1859.593: [DefNew: 157248K->17472K(157248K), 0.3007081 secs] 303459K->303458K(506816K), 0.3007718 secs] [Times: user=0.30 sys=0.00, real=0.30 secs] 
2018-03-17T00:27:13.998+0500: 1859.922: [GC (Allocation Failure) 2018-03-17T00:27:13.998+0500: 1859.922: [DefNew: 146063K->146063K(157248K), 0.0000158 secs]2018-03-17T00:27:13.998+0500: 1859.922: [Tenured: 285986K->715K(349568K), 0.1398021 secs] 432050K->715K(506816K), [Metaspace: 5350K->5350K(1056768K)], 0.1398876 secs] [Times: user=0.14 sys=0.00, real=0.14 secs] 
2018-03-17T00:27:14.165+0500: 1860.089: [GC (Allocation Failure) 2018-03-17T00:27:14.165+0500: 1860.089: [DefNew: 139776K->17472K(157248K), 0.2308731 secs] 140491K->140490K(506816K), 0.2309368 secs] [Times: user=0.22 sys=0.00, real=0.23 secs] 
2018-03-17T00:27:14.422+0500: 1860.346: [GC (Allocation Failure) 2018-03-17T00:27:14.422+0500: 1860.346: [DefNew: 157248K->17472K(157248K), 0.2643391 secs] 280266K->280229K(506816K), 0.2644016 secs] [Times: user=0.27 sys=0.00, real=0.26 secs] 
2018-03-17T00:27:14.717+0500: 1860.641: [GC (Allocation Failure) 2018-03-17T00:27:14.717+0500: 1860.641: [DefNew: 157248K->157248K(157248K), 0.0000158 secs]2018-03-17T00:27:14.717+0500: 1860.641: [Tenured: 262757K->205160K(349568K), 0.5240788 secs] 420005K->205160K(506816K), [Metaspace: 5350K->5350K(1056768K)], 0.5241823 secs] [Times: user=0.53 sys=0.00, real=0.53 secs] 
2018-03-17T00:27:15.269+0500: 1861.193: [GC (Allocation Failure) 2018-03-17T00:27:15.269+0500: 1861.193: [DefNew: 139776K->17472K(157248K), 0.2342387 secs] 344936K->344935K(506816K), 0.2343037 secs] [Times: user=0.23 sys=0.00, real=0.23 secs] 
2018-03-17T00:27:15.530+0500: 1861.454: [GC (Allocation Failure) 2018-03-17T00:27:15.530+0500: 1861.454: [DefNew: 157248K->157248K(157248K), 0.0000171 secs]2018-03-17T00:27:15.530+0500: 1861.454: [Tenured: 327463K->55022K(349568K), 0.2254470 secs] 484711K->55022K(506816K), [Metaspace: 5350K->5350K(1056768K)], 0.2255586 secs] [Times: user=0.23 sys=0.00, real=0.23 secs] 
2018-03-17T00:27:15.785+0500: 1861.709: [GC (Allocation Failure) 2018-03-17T00:27:15.786+0500: 1861.709: [DefNew: 139776K->17472K(157248K), 0.2629587 secs] 194798K->194797K(506816K), 0.2630459 secs] [Times: user=0.25 sys=0.00, real=0.26 secs] 
2018-03-17T00:27:16.075+0500: 1861.999: [GC (Allocation Failure) 2018-03-17T00:27:16.075+0500: 1861.999: [DefNew: 157248K->17471K(157248K), 0.2593005 secs] 334573K->334572K(506816K), 0.2593736 secs] [Times: user=0.27 sys=0.00, real=0.26 secs] 
2018-03-17T00:27:16.361+0500: 1862.285: [GC (Allocation Failure) 2018-03-17T00:27:16.361+0500: 1862.285: [DefNew: 157247K->157247K(157248K), 0.0000163 secs]2018-03-17T00:27:16.361+0500: 1862.285: [Tenured: 317100K->44659K(349568K), 0.2033489 secs] 474348K->44659K(506816K), [Metaspace: 5350K->5350K(1056768K)], 0.2034434 secs] [Times: user=0.20 sys=0.00, real=0.20 secs] 
2018-03-17T00:27:16.595+0500: 1862.519: [GC (Allocation Failure) 2018-03-17T00:27:16.595+0500: 1862.519: [DefNew: 139776K->17471K(157248K), 0.2705371 secs] 184435K->184434K(506816K), 0.2706214 secs] [Times: user=0.28 sys=0.00, real=0.27 secs] 
2018-03-17T00:27:16.899+0500: 1862.822: [GC (Allocation Failure) 2018-03-17T00:27:16.899+0500: 1862.822: [DefNew: 157247K->17472K(157248K), 0.2817959 secs] 324210K->324208K(506816K), 0.2818900 secs] [Times: user=0.28 sys=0.00, real=0.28 secs] 
2018-03-17T00:27:17.209+0500: 1863.132: [GC (Allocation Failure) 2018-03-17T00:27:17.209+0500: 1863.133: [DefNew: 157248K->157248K(157248K), 0.0000329 secs]2018-03-17T00:27:17.209+0500: 1863.133: [Tenured: 306736K->34272K(349568K), 0.2072717 secs] 463984K->34272K(506816K), [Metaspace: 5350K->5350K(1056768K)], 0.2074077 secs] [Times: user=0.20 sys=0.00, real=0.21 secs] 
2018-03-17T00:27:17.469+0500: 1863.393: [GC (Allocation Failure) 2018-03-17T00:27:17.469+0500: 1863.393: [DefNew: 139776K->17472K(157248K), 0.3402883 secs] 174048K->174046K(506816K), 0.3403909 secs] [Times: user=0.34 sys=0.00, real=0.34 secs] 
2018-03-17T00:27:17.839+0500: 1863.764: [GC (Allocation Failure) 2018-03-17T00:27:17.839+0500: 1863.764: [DefNew: 157248K->17472K(157248K), 0.2694034 secs] 313822K->313821K(506816K), 0.2694697 secs] [Times: user=0.25 sys=0.00, real=0.27 secs] 
2018-03-17T00:27:18.136+0500: 1864.060: [GC (Allocation Failure) 2018-03-17T00:27:18.137+0500: 1864.060: [DefNew: 157248K->157248K(157248K), 0.0000299 secs]2018-03-17T00:27:18.137+0500: 1864.060: [Tenured: 296349K->23908K(349568K), 0.1587968 secs] 453597K->23908K(506816K), [Metaspace: 5350K->5350K(1056768K)], 0.1589127 secs] [Times: user=0.16 sys=0.00, real=0.16 secs] 
2018-03-17T00:27:18.325+0500: 1864.249: [GC (Allocation Failure) 2018-03-17T00:27:18.325+0500: 1864.249: [DefNew: 139776K->17472K(157248K), 0.2699371 secs] 163684K->163683K(506816K), 0.2700846 secs] [Times: user=0.27 sys=0.00, real=0.27 secs] 
2018-03-17T00:27:18.628+0500: 1864.552: [GC (Allocation Failure) 2018-03-17T00:27:18.628+0500: 1864.552: [DefNew: 157248K->17472K(157248K), 0.2802611 secs] 303459K->303458K(506816K), 0.2803252 secs] [Times: user=0.28 sys=0.00, real=0.28 secs] 
2018-03-17T00:27:18.936+0500: 1864.860: [GC (Allocation Failure) 2018-03-17T00:27:18.936+0500: 1864.860: [DefNew: 146063K->146063K(157248K), 0.0000175 secs]2018-03-17T00:27:18.936+0500: 1864.860: [Tenured: 285986K->715K(349568K), 0.1382262 secs] 432050K->715K(506816K), [Metaspace: 5350K->5350K(1056768K)], 0.1383160 secs] [Times: user=0.14 sys=0.00, real=0.14 secs] 
2018-03-17T00:27:19.102+0500: 1865.026: [GC (Allocation Failure) 2018-03-17T00:27:19.102+0500: 1865.026: [DefNew: 139776K->17472K(157248K), 0.2527146 secs] 140491K->140490K(506816K), 0.2527869 secs] [Times: user=0.25 sys=0.00, real=0.25 secs] 
2018-03-17T00:27:19.384+0500: 1865.308: [GC (Allocation Failure) 2018-03-17T00:27:19.384+0500: 1865.308: [DefNew: 157248K->17472K(157248K), 0.2630305 secs] 280266K->280229K(506816K), 0.2630917 secs] [Times: user=0.26 sys=0.00, real=0.26 secs] 
2018-03-17T00:27:19.677+0500: 1865.601: [GC (Allocation Failure) 2018-03-17T00:27:19.677+0500: 1865.601: [DefNew: 157248K->157248K(157248K), 0.0000163 secs]2018-03-17T00:27:19.677+0500: 1865.601: [Tenured: 262757K->205160K(349568K), 0.4835976 secs] 420005K->205160K(506816K), [Metaspace: 5350K->5350K(1056768K)], 0.4836899 secs] [Times: user=0.48 sys=0.00, real=0.48 secs] 
2018-03-17T00:27:20.187+0500: 1866.111: [GC (Allocation Failure) 2018-03-17T00:27:20.187+0500: 1866.111: [DefNew: 139776K->17472K(157248K), 0.2323019 secs] 344936K->344935K(506816K), 0.2323712 secs] [Times: user=0.24 sys=0.00, real=0.23 secs] 
2018-03-17T00:27:20.447+0500: 1866.371: [GC (Allocation Failure) 2018-03-17T00:27:20.447+0500: 1866.371: [DefNew: 157248K->157248K(157248K), 0.0000163 secs]2018-03-17T00:27:20.447+0500: 1866.371: [Tenured: 327463K->55022K(349568K), 0.2252768 secs] 484711K->55022K(506816K), [Metaspace: 5350K->5350K(1056768K)], 0.2253683 secs] [Times: user=0.22 sys=0.00, real=0.22 secs] 
2018-03-17T00:27:20.702+0500: 1866.627: [GC (Allocation Failure) 2018-03-17T00:27:20.702+0500: 1866.627: [DefNew: 139776K->17472K(157248K), 0.2990967 secs] 194798K->194797K(506816K), 0.2991617 secs] [Times: user=0.30 sys=0.00, real=0.30 secs] 
2018-03-17T00:27:21.029+0500: 1866.952: [GC (Allocation Failure) 2018-03-17T00:27:21.029+0500: 1866.953: [DefNew: 157248K->17471K(157248K), 0.2583387 secs] 334573K->334572K(506816K), 0.2584029 secs] [Times: user=0.25 sys=0.00, real=0.26 secs] 
2018-03-17T00:27:21.314+0500: 1867.238: [GC (Allocation Failure) 2018-03-17T00:27:21.314+0500: 1867.238: [DefNew: 157247K->157247K(157248K), 0.0000163 secs]2018-03-17T00:27:21.314+0500: 1867.238: [Tenured: 317100K->44659K(349568K), 0.2049184 secs] 474348K->44659K(506816K), [Metaspace: 5350K->5350K(1056768K)], 0.2050124 secs] [Times: user=0.20 sys=0.00, real=0.21 secs] 
2018-03-17T00:27:21.554+0500: 1867.478: [GC (Allocation Failure) 2018-03-17T00:27:21.554+0500: 1867.478: [DefNew: 139776K->17471K(157248K), 0.3610320 secs] 184435K->184434K(506816K), 0.3611270 secs] [Times: user=0.36 sys=0.00, real=0.36 secs] 
2018-03-17T00:27:21.950+0500: 1867.874: [GC (Allocation Failure) 2018-03-17T00:27:21.950+0500: 1867.875: [DefNew: 157247K->17472K(157248K), 0.2775446 secs] 324210K->324208K(506816K), 0.2776190 secs] [Times: user=0.28 sys=0.00, real=0.28 secs] 
2018-03-17T00:27:22.255+0500: 1868.179: [GC (Allocation Failure) 2018-03-17T00:27:22.255+0500: 1868.179: [DefNew: 157248K->157248K(157248K), 0.0000158 secs]2018-03-17T00:27:22.255+0500: 1868.179: [Tenured: 306736K->34272K(349568K), 0.1795906 secs] 463984K->34272K(506816K), [Metaspace: 5350K->5350K(1056768K)], 0.1796872 secs] [Times: user=0.19 sys=0.00, real=0.18 secs] 
2018-03-17T00:27:22.467+0500: 1868.390: [GC (Allocation Failure) 2018-03-17T00:27:22.467+0500: 1868.391: [DefNew: 139776K->17472K(157248K), 0.3031388 secs] 174048K->174046K(506816K), 0.3032013 secs] [Times: user=0.30 sys=0.00, real=0.30 secs] 
2018-03-17T00:27:22.797+0500: 1868.721: [GC (Allocation Failure) 2018-03-17T00:27:22.797+0500: 1868.721: [DefNew: 157248K->17472K(157248K), 0.3430928 secs] 313822K->313821K(506816K), 0.3432446 secs] [Times: user=0.34 sys=0.00, real=0.34 secs] 
2018-03-17T00:27:23.175+0500: 1869.099: [GC (Allocation Failure) 2018-03-17T00:27:23.175+0500: 1869.099: [DefNew: 157248K->157248K(157248K), 0.0000163 secs]2018-03-17T00:27:23.175+0500: 1869.100: [Tenured: 296349K->23908K(349568K), 0.1613969 secs] 453597K->23908K(506816K), [Metaspace: 5350K->5350K(1056768K)], 0.1615158 secs] [Times: user=0.17 sys=0.00, real=0.16 secs] 
2018-03-17T00:27:23.369+0500: 1869.293: [GC (Allocation Failure) 2018-03-17T00:27:23.369+0500: 1869.293: [DefNew: 139776K->17472K(157248K), 0.2663367 secs] 163684K->163683K(506816K), 0.2664128 secs] [Times: user=0.27 sys=0.00, real=0.27 secs] 
2018-03-17T00:27:23.663+0500: 1869.586: [GC (Allocation Failure) 2018-03-17T00:27:23.663+0500: 1869.586: [DefNew: 157248K->17472K(157248K), 0.2595101 secs] 303459K->303458K(506816K), 0.2595716 secs] [Times: user=0.25 sys=0.00, real=0.26 secs] 
2018-03-17T00:27:23.950+0500: 1869.874: [GC (Allocation Failure) 2018-03-17T00:27:23.950+0500: 1869.874: [DefNew: 146063K->146063K(157248K), 0.0000175 secs]2018-03-17T00:27:23.950+0500: 1869.874: [Tenured: 285986K->715K(349568K), 0.1527844 secs] 432050K->715K(506816K), [Metaspace: 5350K->5350K(1056768K)], 0.1528725 secs] [Times: user=0.16 sys=0.00, real=0.15 secs] 
2018-03-17T00:27:24.138+0500: 1870.061: [GC (Allocation Failure) 2018-03-17T00:27:24.138+0500: 1870.061: [DefNew: 139776K->17472K(157248K), 0.2402229 secs] 140491K->140490K(506816K), 0.2402994 secs] [Times: user=0.23 sys=0.00, real=0.24 secs] 
2018-03-17T00:27:24.405+0500: 1870.329: [GC (Allocation Failure) 2018-03-17T00:27:24.405+0500: 1870.329: [DefNew: 157248K->17472K(157248K), 0.2877352 secs] 280266K->280229K(506816K), 0.2878096 secs] [Times: user=0.28 sys=0.00, real=0.29 secs] 
2018-03-17T00:27:24.721+0500: 1870.646: [GC (Allocation Failure) 2018-03-17T00:27:24.721+0500: 1870.646: [DefNew: 157248K->157248K(157248K), 0.0000167 secs]2018-03-17T00:27:24.721+0500: 1870.646: [Tenured: 262757K->205160K(349568K), 0.4866771 secs] 420005K->205160K(506816K), [Metaspace: 5350K->5350K(1056768K)], 0.4867712 secs] [Times: user=0.48 sys=0.00, real=0.49 secs] 
2018-03-17T00:27:25.236+0500: 1871.159: [GC (Allocation Failure) 2018-03-17T00:27:25.236+0500: 1871.159: [DefNew: 139776K->17472K(157248K), 0.2314949 secs] 344936K->344935K(506816K), 0.2315595 secs] [Times: user=0.22 sys=0.00, real=0.23 secs] 
2018-03-17T00:27:25.495+0500: 1871.418: [GC (Allocation Failure) 2018-03-17T00:27:25.495+0500: 1871.418: [DefNew: 157248K->157248K(157248K), 0.0000175 secs]2018-03-17T00:27:25.495+0500: 1871.418: [Tenured: 327463K->55022K(349568K), 0.2265722 secs] 484711K->55022K(506816K), [Metaspace: 5350K->5350K(1056768K)], 0.2266769 secs] [Times: user=0.22 sys=0.00, real=0.23 secs] 
2018-03-17T00:27:25.750+0500: 1871.674: [GC (Allocation Failure) 2018-03-17T00:27:25.750+0500: 1871.674: [DefNew: 139776K->17472K(157248K), 0.2974596 secs] 194798K->194797K(506816K), 0.2975516 secs] [Times: user=0.30 sys=0.00, real=0.30 secs] 
2018-03-17T00:27:26.085+0500: 1872.009: [GC (Allocation Failure) 2018-03-17T00:27:26.085+0500: 1872.009: [DefNew: 157248K->17471K(157248K), 0.3194727 secs] 334573K->334572K(506816K), 0.3195462 secs] [Times: user=0.31 sys=0.00, real=0.32 secs] 
2018-03-17T00:27:26.434+0500: 1872.358: [GC (Allocation Failure) 2018-03-17T00:27:26.434+0500: 1872.358: [DefNew: 157247K->157247K(157248K), 0.0000180 secs]2018-03-17T00:27:26.434+0500: 1872.358: [Tenured: 317100K->44659K(349568K), 0.2067859 secs] 474348K->44659K(506816K), [Metaspace: 5350K->5350K(1056768K)], 0.2068804 secs] [Times: user=0.20 sys=0.00, real=0.21 secs] 
2018-03-17T00:27:26.671+0500: 1872.595: [GC (Allocation Failure) 2018-03-17T00:27:26.671+0500: 1872.595: [DefNew: 139776K->17471K(157248K), 0.2611095 secs] 184435K->184434K(506816K), 0.2611783 secs] [Times: user=0.27 sys=0.00, real=0.26 secs] 
2018-03-17T00:27:26.959+0500: 1872.882: [GC (Allocation Failure) 2018-03-17T00:27:26.959+0500: 1872.882: [DefNew: 157247K->17472K(157248K), 0.2964465 secs] 324210K->324208K(506816K), 0.2965692 secs] [Times: user=0.30 sys=0.00, real=0.30 secs] 
2018-03-17T00:27:27.290+0500: 1873.214: [GC (Allocation Failure) 2018-03-17T00:27:27.290+0500: 1873.214: [DefNew: 157248K->157248K(157248K), 0.0000171 secs]2018-03-17T00:27:27.290+0500: 1873.214: [Tenured: 306736K->34272K(349568K), 0.1891940 secs] 463984K->34272K(506816K), [Metaspace: 5350K->5350K(1056768K)], 0.1892876 secs] [Times: user=0.19 sys=0.00, real=0.19 secs] 
2018-03-17T00:27:27.520+0500: 1873.444: [GC (Allocation Failure) 2018-03-17T00:27:27.520+0500: 1873.444: [DefNew: 139776K->17472K(157248K), 0.2791197 secs] 174048K->174046K(506816K), 0.2792086 secs] [Times: user=0.28 sys=0.00, real=0.28 secs] 
2018-03-17T00:27:27.846+0500: 1873.770: [GC (Allocation Failure) 2018-03-17T00:27:27.846+0500: 1873.770: [DefNew: 157248K->17472K(157248K), 0.2661169 secs] 313822K->313821K(506816K), 0.2661772 secs] [Times: user=0.27 sys=0.00, real=0.27 secs] 
2018-03-17T00:27:28.141+0500: 1874.064: [GC (Allocation Failure) 2018-03-17T00:27:28.141+0500: 1874.064: [DefNew: 157248K->157248K(157248K), 0.0000163 secs]2018-03-17T00:27:28.141+0500: 1874.064: [Tenured: 296349K->23908K(349568K), 0.1685888 secs] 453597K->23908K(506816K), [Metaspace: 5350K->5350K(1056768K)], 0.1689176 secs] [Times: user=0.17 sys=0.00, real=0.17 secs] 
2018-03-17T00:27:28.371+0500: 1874.294: [GC (Allocation Failure) 2018-03-17T00:27:28.371+0500: 1874.294: [DefNew: 139776K->17472K(157248K), 0.2749659 secs] 163684K->163683K(506816K), 0.2750531 secs] [Times: user=0.27 sys=0.00, real=0.27 secs] 
2018-03-17T00:27:28.679+0500: 1874.603: [GC (Allocation Failure) 2018-03-17T00:27:28.679+0500: 1874.603: [DefNew: 157248K->17472K(157248K), 0.3828907 secs] 303459K->303458K(506816K), 0.3829745 secs] [Times: user=0.38 sys=0.00, real=0.38 secs] 
2018-03-17T00:27:29.091+0500: 1875.015: [GC (Allocation Failure) 2018-03-17T00:27:29.091+0500: 1875.015: [DefNew: 146063K->146063K(157248K), 0.0000210 secs]2018-03-17T00:27:29.091+0500: 1875.015: [Tenured: 285986K->715K(349568K), 0.1390477 secs] 432050K->715K(506816K), [Metaspace: 5350K->5350K(1056768K)], 0.1391495 secs] [Times: user=0.14 sys=0.00, real=0.14 secs] 
2018-03-17T00:27:29.257+0500: 1875.181: [GC (Allocation Failure) 2018-03-17T00:27:29.257+0500: 1875.181: [DefNew: 139776K->17472K(157248K), 0.2409443 secs] 140491K->140490K(506816K), 0.2410093 secs] [Times: user=0.23 sys=0.00, real=0.24 secs] 
2018-03-17T00:27:29.533+0500: 1875.456: [GC (Allocation Failure) 2018-03-17T00:27:29.533+0500: 1875.456: [DefNew: 157248K->17472K(157248K), 0.2678809 secs] 280266K->280229K(506816K), 0.2679622 secs] [Times: user=0.27 sys=0.00, real=0.27 secs] 
2018-03-17T00:27:29.831+0500: 1875.754: [GC (Allocation Failure) 2018-03-17T00:27:29.831+0500: 1875.754: [DefNew: 157248K->157248K(157248K), 0.0000184 secs]2018-03-17T00:27:29.831+0500: 1875.755: [Tenured: 262757K->205160K(349568K), 0.4845983 secs] 420005K->205160K(506816K), [Metaspace: 5350K->5350K(1056768K)], 0.4846898 secs] [Times: user=0.48 sys=0.00, real=0.48 secs] 
2018-03-17T00:27:30.342+0500: 1876.266: [GC (Allocation Failure) 2018-03-17T00:27:30.342+0500: 1876.266: [DefNew: 139776K->17472K(157248K), 0.2316536 secs] 344936K->344935K(506816K), 0.2317156 secs] [Times: user=0.24 sys=0.00, real=0.23 secs] 
2018-03-17T00:27:30.600+0500: 1876.524: [GC (Allocation Failure) 2018-03-17T00:27:30.600+0500: 1876.524: [DefNew: 157248K->157248K(157248K), 0.0000167 secs]2018-03-17T00:27:30.600+0500: 1876.525: [Tenured: 327463K->55022K(349568K), 0.2247653 secs] 484711K->55022K(506816K), [Metaspace: 5350K->5350K(1056768K)], 0.2248500 secs] [Times: user=0.22 sys=0.00, real=0.23 secs] 
2018-03-17T00:27:30.856+0500: 1876.779: [GC (Allocation Failure) 2018-03-17T00:27:30.856+0500: 1876.779: [DefNew: 139776K->17472K(157248K), 0.2597735 secs] 194798K->194797K(506816K), 0.2598423 secs] [Times: user=0.25 sys=0.00, real=0.26 secs] 
2018-03-17T00:27:31.143+0500: 1877.066: [GC (Allocation Failure) 2018-03-17T00:27:31.143+0500: 1877.066: [DefNew: 157248K->17471K(157248K), 0.2575287 secs] 334573K->334572K(506816K), 0.2576288 secs] [Times: user=0.27 sys=0.00, real=0.26 secs] 
2018-03-17T00:27:31.428+0500: 1877.352: [GC (Allocation Failure) 2018-03-17T00:27:31.428+0500: 1877.352: [DefNew: 157247K->157247K(157248K), 0.0000171 secs]2018-03-17T00:27:31.428+0500: 1877.352: [Tenured: 317100K->44659K(349568K), 0.2039604 secs] 474348K->44659K(506816K), [Metaspace: 5350K->5350K(1056768K)], 0.2040532 secs] [Times: user=0.20 sys=0.00, real=0.20 secs] 
2018-03-17T00:27:31.662+0500: 1877.587: [GC (Allocation Failure) 2018-03-17T00:27:31.663+0500: 1877.587: [DefNew: 139776K->17471K(157248K), 0.2605856 secs] 184435K->184434K(506816K), 0.2606643 secs] [Times: user=0.25 sys=0.00, real=0.26 secs] 
2018-03-17T00:27:31.950+0500: 1877.874: [GC (Allocation Failure) 2018-03-17T00:27:31.950+0500: 1877.874: [DefNew: 157247K->17472K(157248K), 0.2594758 secs] 324210K->324208K(506816K), 0.2595379 secs] [Times: user=0.26 sys=0.00, real=0.26 secs] 
2018-03-17T00:27:32.237+0500: 1878.160: [GC (Allocation Failure) 2018-03-17T00:27:32.237+0500: 1878.161: [DefNew: 157248K->157248K(157248K), 0.0000158 secs]2018-03-17T00:27:32.237+0500: 1878.161: [Tenured: 306736K->34272K(349568K), 0.1809039 secs] 463984K->34272K(506816K), [Metaspace: 5350K->5350K(1056768K)], 0.1810198 secs] [Times: user=0.19 sys=0.00, real=0.18 secs] 
2018-03-17T00:27:32.449+0500: 1878.373: [GC (Allocation Failure) 2018-03-17T00:27:32.449+0500: 1878.373: [DefNew: 139776K->17472K(157248K), 0.2646787 secs] 174048K->174046K(506816K), 0.2647428 secs] [Times: user=0.26 sys=0.00, real=0.27 secs] 
2018-03-17T00:27:32.747+0500: 1878.671: [GC (Allocation Failure) 2018-03-17T00:27:32.747+0500: 1878.671: [DefNew: 157248K->17472K(157248K), 0.2594596 secs] 313822K->313821K(506816K), 0.2595254 secs] [Times: user=0.27 sys=0.00, real=0.26 secs] 
2018-03-17T00:27:33.033+0500: 1878.957: [GC (Allocation Failure) 2018-03-17T00:27:33.033+0500: 1878.958: [DefNew: 157248K->157248K(157248K), 0.0000163 secs]2018-03-17T00:27:33.033+0500: 1878.958: [Tenured: 296349K->23908K(349568K), 0.1569476 secs] 453597K->23908K(506816K), [Metaspace: 5350K->5350K(1056768K)], 0.1570353 secs] [Times: user=0.16 sys=0.00, real=0.16 secs] 
2018-03-17T00:27:33.221+0500: 1879.145: [GC (Allocation Failure) 2018-03-17T00:27:33.221+0500: 1879.145: [DefNew: 139776K->17472K(157248K), 0.2638306 secs] 163684K->163683K(506816K), 0.2639102 secs] [Times: user=0.27 sys=0.00, real=0.26 secs] 
2018-03-17T00:27:33.512+0500: 1879.436: [GC (Allocation Failure) 2018-03-17T00:27:33.512+0500: 1879.436: [DefNew: 157248K->17472K(157248K), 0.2595498 secs] 303459K->303458K(506816K), 0.2596384 secs] [Times: user=0.27 sys=0.00, real=0.26 secs] 
2018-03-17T00:27:33.800+0500: 1879.724: [GC (Allocation Failure) 2018-03-17T00:27:33.801+0500: 1879.724: [DefNew: 146063K->146063K(157248K), 0.0000329 secs]2018-03-17T00:27:33.801+0500: 1879.724: [Tenured: 285986K->715K(349568K), 0.1393723 secs] 432050K->715K(506816K), [Metaspace: 5350K->5350K(1056768K)], 0.1395365 secs] [Times: user=0.13 sys=0.00, real=0.14 secs] 
2018-03-17T00:27:33.967+0500: 1879.891: [GC (Allocation Failure) 2018-03-17T00:27:33.967+0500: 1879.891: [DefNew: 139776K->17472K(157248K), 0.2280339 secs] 140491K->140490K(506816K), 0.2281092 secs] [Times: user=0.23 sys=0.00, real=0.23 secs] 
2018-03-17T00:27:34.223+0500: 1880.146: [GC (Allocation Failure) 2018-03-17T00:27:34.223+0500: 1880.146: [DefNew: 157248K->17472K(157248K), 0.2630215 secs] 280266K->280229K(506816K), 0.2630852 secs] [Times: user=0.26 sys=0.00, real=0.26 secs] 
2018-03-17T00:27:34.514+0500: 1880.438: [GC (Allocation Failure) 2018-03-17T00:27:34.514+0500: 1880.438: [DefNew: 157248K->157248K(157248K), 0.0000163 secs]2018-03-17T00:27:34.514+0500: 1880.438: [Tenured: 262757K->205160K(349568K), 0.5104157 secs] 420005K->205160K(506816K), [Metaspace: 5350K->5350K(1056768K)], 0.5105051 secs] [Times: user=0.52 sys=0.00, real=0.51 secs] 
2018-03-17T00:27:35.053+0500: 1880.976: [GC (Allocation Failure) 2018-03-17T00:27:35.053+0500: 1880.976: [DefNew: 139776K->17472K(157248K), 0.2298296 secs] 344936K->344935K(506816K), 0.2298955 secs] [Times: user=0.23 sys=0.00, real=0.23 secs] 
2018-03-17T00:27:35.310+0500: 1881.233: [GC (Allocation Failure) 2018-03-17T00:27:35.310+0500: 1881.233: [DefNew: 157248K->157248K(157248K), 0.0000167 secs]2018-03-17T00:27:35.310+0500: 1881.233: [Tenured: 327463K->55022K(349568K), 0.2255933 secs] 484711K->55022K(506816K), [Metaspace: 5350K->5350K(1056768K)], 0.2256844 secs] [Times: user=0.22 sys=0.00, real=0.23 secs] 
2018-03-17T00:27:35.565+0500: 1881.489: [GC (Allocation Failure) 2018-03-17T00:27:35.565+0500: 1881.489: [DefNew: 139776K->17472K(157248K), 0.2924094 secs] 194798K->194797K(506816K), 0.2924719 secs] [Times: user=0.28 sys=0.00, real=0.29 secs] 
2018-03-17T00:27:35.884+0500: 1881.808: [GC (Allocation Failure) 2018-03-17T00:27:35.884+0500: 1881.808: [DefNew: 157248K->17471K(157248K), 0.2577272 secs] 334573K->334572K(506816K), 0.2577913 secs] [Times: user=0.25 sys=0.00, real=0.26 secs] 
2018-03-17T00:27:36.169+0500: 1882.093: [GC (Allocation Failure) 2018-03-17T00:27:36.169+0500: 1882.093: [DefNew: 157247K->157247K(157248K), 0.0000158 secs]2018-03-17T00:27:36.169+0500: 1882.093: [Tenured: 317100K->44659K(349568K), 0.2020646 secs] 474348K->44659K(506816K), [Metaspace: 5350K->5350K(1056768K)], 0.2021549 secs] [Times: user=0.20 sys=0.00, real=0.20 secs] 
2018-03-17T00:27:36.401+0500: 1882.325: [GC (Allocation Failure) 2018-03-17T00:27:36.401+0500: 1882.325: [DefNew: 139776K->17471K(157248K), 0.2622068 secs] 184435K->184434K(506816K), 0.2622872 secs] [Times: user=0.27 sys=0.00, real=0.26 secs] 
2018-03-17T00:27:36.690+0500: 1882.614: [GC (Allocation Failure) 2018-03-17T00:27:36.691+0500: 1882.614: [DefNew: 157247K->17472K(157248K), 0.2636142 secs] 324210K->324208K(506816K), 0.2637088 secs] [Times: user=0.27 sys=0.00, real=0.26 secs] 
2018-03-17T00:27:36.984+0500: 1882.908: [GC (Allocation Failure) 2018-03-17T00:27:36.984+0500: 1882.908: [DefNew: 157248K->157248K(157248K), 0.0000295 secs]2018-03-17T00:27:36.984+0500: 1882.908: [Tenured: 306736K->34272K(349568K), 0.2062869 secs] 463984K->34272K(506816K), [Metaspace: 5350K->5350K(1056768K)], 0.2064528 secs] [Times: user=0.20 sys=0.00, real=0.21 secs] 
2018-03-17T00:27:37.232+0500: 1883.156: [GC (Allocation Failure) 2018-03-17T00:27:37.232+0500: 1883.156: [DefNew: 139776K->17472K(157248K), 0.2619618 secs] 174048K->174046K(506816K), 0.2620306 secs] [Times: user=0.26 sys=0.00, real=0.26 secs] 
2018-03-17T00:27:37.521+0500: 1883.445: [GC (Allocation Failure) 2018-03-17T00:27:37.521+0500: 1883.445: [DefNew: 157248K->17472K(157248K), 0.3123954 secs] 313822K->313821K(506816K), 0.3124737 secs] [Times: user=0.31 sys=0.00, real=0.31 secs] 
2018-03-17T00:27:37.877+0500: 1883.800: [GC (Allocation Failure) 2018-03-17T00:27:37.877+0500: 1883.800: [DefNew: 157248K->157248K(157248K), 0.0000214 secs]2018-03-17T00:27:37.877+0500: 1883.800: [Tenured: 296349K->23908K(349568K), 0.1760017 secs] 453597K->23908K(506816K), [Metaspace: 5350K->5350K(1056768K)], 0.1762113 secs] [Times: user=0.19 sys=0.00, real=0.18 secs] 
2018-03-17T00:27:38.094+0500: 1884.018: [GC (Allocation Failure) 2018-03-17T00:27:38.094+0500: 1884.018: [DefNew: 139776K->17472K(157248K), 0.3775104 secs] 163684K->163683K(506816K), 0.3776122 secs] [Times: user=0.38 sys=0.00, real=0.38 secs] 
2018-03-17T00:27:38.499+0500: 1884.423: [GC (Allocation Failure) 2018-03-17T00:27:38.499+0500: 1884.423: [DefNew: 157248K->17472K(157248K), 0.2866575 secs] 303459K->303458K(506816K), 0.2867259 secs] [Times: user=0.28 sys=0.00, real=0.29 secs] 
2018-03-17T00:27:38.824+0500: 1884.748: [GC (Allocation Failure) 2018-03-17T00:27:38.824+0500: 1884.748: [DefNew: 146063K->146063K(157248K), 0.0000252 secs]2018-03-17T00:27:38.824+0500: 1884.748: [Tenured: 285986K->715K(349568K), 0.1503014 secs] 432050K->715K(506816K), [Metaspace: 5350K->5350K(1056768K)], 0.1504139 secs] [Times: user=0.14 sys=0.00, real=0.15 secs] 
2018-03-17T00:27:39.012+0500: 1884.936: [GC (Allocation Failure) 2018-03-17T00:27:39.012+0500: 1884.936: [DefNew: 139776K->17472K(157248K), 0.2563997 secs] 140491K->140490K(506816K), 0.2564673 secs] [Times: user=0.25 sys=0.00, real=0.26 secs] 
2018-03-17T00:27:39.297+0500: 1885.220: [GC (Allocation Failure) 2018-03-17T00:27:39.297+0500: 1885.220: [DefNew: 157248K->17472K(157248K), 0.2871925 secs] 280266K->280229K(506816K), 0.2872588 secs] [Times: user=0.28 sys=0.00, real=0.29 secs] 
2018-03-17T00:27:39.614+0500: 1885.538: [GC (Allocation Failure) 2018-03-17T00:27:39.614+0500: 1885.538: [DefNew: 157248K->157248K(157248K), 0.0000210 secs]2018-03-17T00:27:39.614+0500: 1885.538: [Tenured: 262757K->205160K(349568K), 0.4971140 secs] 420005K->205160K(506816K), [Metaspace: 5350K->5350K(1056768K)], 0.4972158 secs] [Times: user=0.50 sys=0.00, real=0.50 secs] 
2018-03-17T00:27:40.138+0500: 1886.063: [GC (Allocation Failure) 2018-03-17T00:27:40.138+0500: 1886.063: [DefNew: 139776K->17472K(157248K), 0.2379161 secs] 344936K->344935K(506816K), 0.2379764 secs] [Times: user=0.24 sys=0.00, real=0.24 secs] 
2018-03-17T00:27:40.405+0500: 1886.329: [GC (Allocation Failure) 2018-03-17T00:27:40.405+0500: 1886.329: [DefNew: 157248K->157248K(157248K), 0.0000278 secs]2018-03-17T00:27:40.405+0500: 1886.329: [Tenured: 327463K->55022K(349568K), 0.2248697 secs] 484711K->55022K(506816K), [Metaspace: 5350K->5350K(1056768K)], 0.2250129 secs] [Times: user=0.22 sys=0.00, real=0.23 secs] 
2018-03-17T00:27:40.662+0500: 1886.586: [GC (Allocation Failure) 2018-03-17T00:27:40.662+0500: 1886.586: [DefNew: 139776K->17472K(157248K), 0.2840428 secs] 194798K->194797K(506816K), 0.2841040 secs] [Times: user=0.28 sys=0.00, real=0.28 secs] 
2018-03-17T00:27:40.977+0500: 1886.901: [GC (Allocation Failure) 2018-03-17T00:27:40.977+0500: 1886.901: [DefNew: 157248K->17471K(157248K), 0.2595802 secs] 334573K->334572K(506816K), 0.2596499 secs] [Times: user=0.25 sys=0.00, real=0.26 secs] 
2018-03-17T00:27:41.264+0500: 1887.188: [GC (Allocation Failure) 2018-03-17T00:27:41.264+0500: 1887.188: [DefNew: 157247K->157247K(157248K), 0.0000351 secs]2018-03-17T00:27:41.264+0500: 1887.188: [Tenured: 317100K->44659K(349568K), 0.2078794 secs] 474348K->44659K(506816K), [Metaspace: 5350K->5350K(1056768K)], 0.2080317 secs] [Times: user=0.20 sys=0.00, real=0.21 secs] 
2018-03-17T00:27:41.503+0500: 1887.427: [GC (Allocation Failure) 2018-03-17T00:27:41.503+0500: 1887.427: [DefNew: 139776K->17471K(157248K), 0.2686041 secs] 184435K->184434K(506816K), 0.2686888 secs] [Times: user=0.28 sys=0.00, real=0.27 secs] 
2018-03-17T00:27:41.805+0500: 1887.730: [GC (Allocation Failure) 2018-03-17T00:27:41.805+0500: 1887.730: [DefNew: 157247K->17472K(157248K), 0.3311694 secs] 324210K->324208K(506816K), 0.3312310 secs] [Times: user=0.33 sys=0.00, real=0.33 secs] 
2018-03-17T00:27:42.164+0500: 1888.088: [GC (Allocation Failure) 2018-03-17T00:27:42.164+0500: 1888.088: [DefNew: 157248K->157248K(157248K), 0.0000282 secs]2018-03-17T00:27:42.164+0500: 1888.088: [Tenured: 306736K->34272K(349568K), 0.2052613 secs] 463984K->34272K(506816K), [Metaspace: 5350K->5350K(1056768K)], 0.2054106 secs] [Times: user=0.20 sys=0.00, real=0.20 secs] 
2018-03-17T00:27:42.410+0500: 1888.334: [GC (Allocation Failure) 2018-03-17T00:27:42.410+0500: 1888.334: [DefNew: 139776K->17472K(157248K), 0.4076591 secs] 174048K->174046K(506816K), 0.4077339 secs] [Times: user=0.41 sys=0.00, real=0.41 secs] 
2018-03-17T00:27:42.863+0500: 1888.787: [GC (Allocation Failure) 2018-03-17T00:27:42.863+0500: 1888.787: [DefNew: 157248K->17472K(157248K), 0.4076283 secs] 313822K->313821K(506816K), 0.4077023 secs] [Times: user=0.41 sys=0.00, real=0.41 secs] 
2018-03-17T00:27:43.315+0500: 1889.239: [GC (Allocation Failure) 2018-03-17T00:27:43.315+0500: 1889.239: [DefNew: 157248K->157248K(157248K), 0.0000291 secs]2018-03-17T00:27:43.315+0500: 1889.239: [Tenured: 296349K->23908K(349568K), 0.1783850 secs] 453597K->23908K(506816K), [Metaspace: 5350K->5350K(1056768K)], 0.1785013 secs] [Times: user=0.19 sys=0.00, real=0.18 secs] 
2018-03-17T00:27:43.551+0500: 1889.474: [GC (Allocation Failure) 2018-03-17T00:27:43.551+0500: 1889.474: [DefNew: 139776K->17472K(157248K), 0.3456917 secs] 163684K->163683K(506816K), 0.3458242 secs] [Times: user=0.33 sys=0.00, real=0.34 secs] 
2018-03-17T00:27:43.928+0500: 1889.852: [GC (Allocation Failure) 2018-03-17T00:27:43.928+0500: 1889.852: [DefNew: 157248K->17472K(157248K), 0.3647586 secs] 303459K->303458K(506816K), 0.3648309 secs] [Times: user=0.36 sys=0.00, real=0.37 secs] 
2018-03-17T00:27:44.336+0500: 1890.260: [GC (Allocation Failure) 2018-03-17T00:27:44.336+0500: 1890.260: [DefNew: 146063K->146063K(157248K), 0.0000184 secs]2018-03-17T00:27:44.336+0500: 1890.260: [Tenured: 285986K->715K(349568K), 0.1475499 secs] 432050K->715K(506816K), [Metaspace: 5350K->5350K(1056768K)], 0.1476581 secs] [Times: user=0.14 sys=0.00, real=0.15 secs] 
2018-03-17T00:27:44.523+0500: 1890.447: [GC (Allocation Failure) 2018-03-17T00:27:44.523+0500: 1890.447: [DefNew: 139776K->17472K(157248K), 0.2914896 secs] 140491K->140490K(506816K), 0.2915832 secs] [Times: user=0.28 sys=0.00, real=0.29 secs] 
2018-03-17T00:27:44.856+0500: 1890.780: [GC (Allocation Failure) 2018-03-17T00:27:44.856+0500: 1890.780: [DefNew: 157248K->17472K(157248K), 0.3809923 secs] 280266K->280229K(506816K), 0.3810727 secs] [Times: user=0.38 sys=0.00, real=0.38 secs] 
2018-03-17T00:27:45.284+0500: 1891.207: [GC (Allocation Failure) 2018-03-17T00:27:45.284+0500: 1891.207: [DefNew: 157248K->157248K(157248K), 0.0000197 secs]2018-03-17T00:27:45.284+0500: 1891.207: [Tenured: 262757K->205160K(349568K), 0.5407885 secs] 420005K->205160K(506816K), [Metaspace: 5350K->5350K(1056768K)], 0.5408886 secs] [Times: user=0.55 sys=0.00, real=0.54 secs] 
2018-03-17T00:27:45.852+0500: 1891.776: [GC (Allocation Failure) 2018-03-17T00:27:45.852+0500: 1891.776: [DefNew: 139776K->17472K(157248K), 0.2351599 secs] 344936K->344935K(506816K), 0.2352249 secs] [Times: user=0.23 sys=0.00, real=0.23 secs] 
2018-03-17T00:27:46.115+0500: 1892.039: [GC (Allocation Failure) 2018-03-17T00:27:46.115+0500: 1892.039: [DefNew: 157248K->157248K(157248K), 0.0000334 secs]2018-03-17T00:27:46.115+0500: 1892.039: [Tenured: 327463K->55022K(349568K), 0.2346031 secs] 484711K->55022K(506816K), [Metaspace: 5350K->5350K(1056768K)], 0.2347395 secs] [Times: user=0.23 sys=0.00, real=0.23 secs] 
2018-03-17T00:27:46.384+0500: 1892.307: [GC (Allocation Failure) 2018-03-17T00:27:46.384+0500: 1892.307: [DefNew: 139776K->17472K(157248K), 0.2670081 secs] 194798K->194797K(506816K), 0.2670889 secs] [Times: user=0.25 sys=0.00, real=0.27 secs] 
2018-03-17T00:27:46.679+0500: 1892.602: [GC (Allocation Failure) 2018-03-17T00:27:46.679+0500: 1892.603: [DefNew: 157248K->17471K(157248K), 0.2627405 secs] 334573K->334572K(506816K), 0.2628013 secs] [Times: user=0.25 sys=0.00, real=0.26 secs] 
2018-03-17T00:27:46.970+0500: 1892.894: [GC (Allocation Failure) 2018-03-17T00:27:46.970+0500: 1892.894: [DefNew: 157247K->157247K(157248K), 0.0000184 secs]2018-03-17T00:27:46.970+0500: 1892.894: [Tenured: 317100K->44659K(349568K), 0.2292365 secs] 474348K->44659K(506816K), [Metaspace: 5350K->5350K(1056768K)], 0.2293348 secs] [Times: user=0.23 sys=0.00, real=0.23 secs] 
2018-03-17T00:27:47.241+0500: 1893.165: [GC (Allocation Failure) 2018-03-17T00:27:47.241+0500: 1893.165: [DefNew: 139776K->17471K(157248K), 0.3415344 secs] 184435K->184434K(506816K), 0.3416084 secs] [Times: user=0.33 sys=0.00, real=0.34 secs] 
2018-03-17T00:27:47.613+0500: 1893.537: [GC (Allocation Failure) 2018-03-17T00:27:47.613+0500: 1893.537: [DefNew: 157247K->17472K(157248K), 0.3478171 secs] 324210K->324208K(506816K), 0.3479018 secs] [Times: user=0.36 sys=0.00, real=0.35 secs] 
2018-03-17T00:27:48.003+0500: 1893.926: [GC (Allocation Failure) 2018-03-17T00:27:48.003+0500: 1893.926: [DefNew: 157248K->157248K(157248K), 0.0000248 secs]2018-03-17T00:27:48.003+0500: 1893.926: [Tenured: 306736K->34272K(349568K), 0.1987251 secs] 463984K->34272K(506816K), [Metaspace: 5350K->5350K(1056768K)], 0.1988316 secs] [Times: user=0.20 sys=0.00, real=0.20 secs] 
2018-03-17T00:27:48.240+0500: 1894.164: [GC (Allocation Failure) 2018-03-17T00:27:48.240+0500: 1894.164: [DefNew: 139776K->17472K(157248K), 0.3471431 secs] 174048K->174046K(506816K), 0.3472676 secs] [Times: user=0.36 sys=0.00, real=0.35 secs] 
2018-03-17T00:27:48.631+0500: 1894.555: [GC (Allocation Failure) 2018-03-17T00:27:48.631+0500: 1894.555: [DefNew: 157248K->17472K(157248K), 0.2645226 secs] 313822K->313821K(506816K), 0.2645872 secs] [Times: user=0.25 sys=0.00, real=0.26 secs] 
2018-03-17T00:27:48.923+0500: 1894.847: [GC (Allocation Failure) 2018-03-17T00:27:48.923+0500: 1894.847: [DefNew: 157248K->157248K(157248K), 0.0000167 secs]2018-03-17T00:27:48.923+0500: 1894.847: [Tenured: 296349K->23908K(349568K), 0.1660780 secs] 453597K->23908K(506816K), [Metaspace: 5350K->5350K(1056768K)], 0.1662037 secs] [Times: user=0.17 sys=0.00, real=0.17 secs] 
2018-03-17T00:27:49.120+0500: 1895.044: [GC (Allocation Failure) 2018-03-17T00:27:49.120+0500: 1895.044: [DefNew: 139776K->17472K(157248K), 0.2653903 secs] 163684K->163683K(506816K), 0.2654574 secs] [Times: user=0.27 sys=0.00, real=0.27 secs] 
2018-03-17T00:27:49.413+0500: 1895.336: [GC (Allocation Failure) 2018-03-17T00:27:49.413+0500: 1895.336: [DefNew: 157248K->17472K(157248K), 0.2617112 secs] 303459K->303458K(506816K), 0.2617775 secs] [Times: user=0.25 sys=0.00, real=0.26 secs] 
2018-03-17T00:27:49.702+0500: 1895.625: [GC (Allocation Failure) 2018-03-17T00:27:49.702+0500: 1895.625: [DefNew: 146063K->146063K(157248K), 0.0000167 secs]2018-03-17T00:27:49.702+0500: 1895.625: [Tenured: 285986K->715K(349568K), 0.1378409 secs] 432050K->715K(506816K), [Metaspace: 5350K->5350K(1056768K)], 0.1379410 secs] [Times: user=0.14 sys=0.00, real=0.14 secs] 
2018-03-17T00:27:49.866+0500: 1895.790: [GC (Allocation Failure) 2018-03-17T00:27:49.866+0500: 1895.790: [DefNew: 139776K->17472K(157248K), 0.2294759 secs] 140491K->140490K(506816K), 0.2295418 secs] [Times: user=0.20 sys=0.00, real=0.23 secs] 
2018-03-17T00:27:50.123+0500: 1896.047: [GC (Allocation Failure) 2018-03-17T00:27:50.123+0500: 1896.047: [DefNew: 157248K->17472K(157248K), 0.2640372 secs] 280266K->280229K(506816K), 0.2640984 secs] [Times: user=0.27 sys=0.00, real=0.26 secs] 
2018-03-17T00:27:50.416+0500: 1896.341: [GC (Allocation Failure) 2018-03-17T00:27:50.416+0500: 1896.341: [DefNew: 157248K->157248K(157248K), 0.0000269 secs]2018-03-17T00:27:50.417+0500: 1896.341: [Tenured: 262757K->205160K(349568K), 0.5463480 secs] 420005K->205160K(506816K), [Metaspace: 5350K->5350K(1056768K)], 0.5464678 secs] [Times: user=0.55 sys=0.00, real=0.55 secs] 
2018-03-17T00:27:50.991+0500: 1896.915: [GC (Allocation Failure) 2018-03-17T00:27:50.991+0500: 1896.915: [DefNew: 139776K->17472K(157248K), 0.2411415 secs] 344936K->344935K(506816K), 0.2412283 secs] [Times: user=0.23 sys=0.00, real=0.24 secs] 
2018-03-17T00:27:51.260+0500: 1897.184: [GC (Allocation Failure) 2018-03-17T00:27:51.260+0500: 1897.184: [DefNew: 157248K->157248K(157248K), 0.0000163 secs]2018-03-17T00:27:51.260+0500: 1897.184: [Tenured: 327463K->55022K(349568K), 0.2350577 secs] 484711K->55022K(506816K), [Metaspace: 5350K->5350K(1056768K)], 0.2351535 secs] [Times: user=0.23 sys=0.00, real=0.23 secs] 
2018-03-17T00:27:51.537+0500: 1897.462: [GC (Allocation Failure) 2018-03-17T00:27:51.537+0500: 1897.462: [DefNew: 139776K->17472K(157248K), 0.2897319 secs] 194798K->194797K(506816K), 0.2898063 secs] [Times: user=0.28 sys=0.00, real=0.29 secs] 
2018-03-17T00:27:51.855+0500: 1897.779: [GC (Allocation Failure) 2018-03-17T00:27:51.855+0500: 1897.779: [DefNew: 157248K->17471K(157248K), 0.3067431 secs] 334573K->334572K(506816K), 0.3068077 secs] [Times: user=0.30 sys=0.00, real=0.31 secs] 
2018-03-17T00:27:52.190+0500: 1898.114: [GC (Allocation Failure) 2018-03-17T00:27:52.190+0500: 1898.114: [DefNew: 157247K->157247K(157248K), 0.0000171 secs]2018-03-17T00:27:52.190+0500: 1898.114: [Tenured: 317100K->44659K(349568K), 0.2067607 secs] 474348K->44659K(506816K), [Metaspace: 5350K->5350K(1056768K)], 0.2068543 secs] [Times: user=0.22 sys=0.00, real=0.21 secs] 
2018-03-17T00:27:52.429+0500: 1898.353: [GC (Allocation Failure) 2018-03-17T00:27:52.429+0500: 1898.353: [DefNew: 139776K->17471K(157248K), 0.2983474 secs] 184435K->184434K(506816K), 0.2984903 secs] [Times: user=0.30 sys=0.00, real=0.30 secs] 
2018-03-17T00:27:52.758+0500: 1898.682: [GC (Allocation Failure) 2018-03-17T00:27:52.758+0500: 1898.682: [DefNew: 157247K->17472K(157248K), 0.2699628 secs] 324210K->324208K(506816K), 0.2700385 secs] [Times: user=0.27 sys=0.00, real=0.27 secs] 
2018-03-17T00:27:53.055+0500: 1898.979: [GC (Allocation Failure) 2018-03-17T00:27:53.055+0500: 1898.979: [DefNew: 157248K->157248K(157248K), 0.0000248 secs]2018-03-17T00:27:53.055+0500: 1898.979: [Tenured: 306736K->34272K(349568K), 0.1821154 secs] 463984K->34272K(506816K), [Metaspace: 5350K->5350K(1056768K)], 0.1822348 secs] [Times: user=0.17 sys=0.00, real=0.18 secs] 
2018-03-17T00:27:53.270+0500: 1899.194: [GC (Allocation Failure) 2018-03-17T00:27:53.270+0500: 1899.194: [DefNew: 139776K->17472K(157248K), 0.2678549 secs] 174048K->174046K(506816K), 0.2679297 secs] [Times: user=0.28 sys=0.00, real=0.27 secs] 
2018-03-17T00:27:53.567+0500: 1899.490: [GC (Allocation Failure) 2018-03-17T00:27:53.567+0500: 1899.490: [DefNew: 157248K->17472K(157248K), 0.2692871 secs] 313822K->313821K(506816K), 0.2693589 secs] [Times: user=0.28 sys=0.00, real=0.27 secs] 
2018-03-17T00:27:53.864+0500: 1899.788: [GC (Allocation Failure) 2018-03-17T00:27:53.864+0500: 1899.788: [DefNew: 157248K->157248K(157248K), 0.0000158 secs]2018-03-17T00:27:53.864+0500: 1899.788: [Tenured: 296349K->23908K(349568K), 0.1595725 secs] 453597K->23908K(506816K), [Metaspace: 5350K->5350K(1056768K)], 0.1596777 secs] [Times: user=0.17 sys=0.00, real=0.16 secs] 
2018-03-17T00:27:54.053+0500: 1899.977: [GC (Allocation Failure) 2018-03-17T00:27:54.053+0500: 1899.977: [DefNew: 139776K->17472K(157248K), 0.2674952 secs] 163684K->163683K(506816K), 0.2675636 secs] [Times: user=0.26 sys=0.00, real=0.27 secs] 
2018-03-17T00:27:54.348+0500: 1900.273: [GC (Allocation Failure) 2018-03-17T00:27:54.349+0500: 1900.273: [DefNew: 157248K->17472K(157248K), 0.3003510 secs] 303459K->303458K(506816K), 0.3004331 secs] [Times: user=0.31 sys=0.00, real=0.30 secs] 
2018-03-17T00:27:54.679+0500: 1900.604: [GC (Allocation Failure) 2018-03-17T00:27:54.680+0500: 1900.604: [DefNew: 146063K->146063K(157248K), 0.0000231 secs]2018-03-17T00:27:54.680+0500: 1900.604: [Tenured: 285986K->715K(349568K), 0.1445465 secs] 432050K->715K(506816K), [Metaspace: 5350K->5350K(1056768K)], 0.1446675 secs] [Times: user=0.14 sys=0.00, real=0.15 secs] 
2018-03-17T00:27:54.858+0500: 1900.781: [GC (Allocation Failure) 2018-03-17T00:27:54.858+0500: 1900.781: [DefNew: 139776K->17472K(157248K), 0.2447966 secs] 140491K->140490K(506816K), 0.2448740 secs] [Times: user=0.25 sys=0.00, real=0.24 secs] 
2018-03-17T00:27:55.133+0500: 1901.057: [GC (Allocation Failure) 2018-03-17T00:27:55.133+0500: 1901.057: [DefNew: 157248K->17472K(157248K), 0.3084725 secs] 280266K->280229K(506816K), 0.3085465 secs] [Times: user=0.25 sys=0.00, real=0.31 secs] 
2018-03-17T00:27:55.485+0500: 1901.409: [GC (Allocation Failure) 2018-03-17T00:27:55.485+0500: 1901.409: [DefNew: 157248K->157248K(157248K), 0.0000175 secs]2018-03-17T00:27:55.485+0500: 1901.409: [Tenured: 262757K->205160K(349568K), 0.4913235 secs] 420005K->205160K(506816K), [Metaspace: 5350K->5350K(1056768K)], 0.4914193 secs] [Times: user=0.50 sys=0.00, real=0.49 secs] 
2018-03-17T00:27:56.004+0500: 1901.928: [GC (Allocation Failure) 2018-03-17T00:27:56.004+0500: 1901.928: [DefNew: 139776K->17472K(157248K), 0.2300323 secs] 344936K->344935K(506816K), 0.2300952 secs] [Times: user=0.24 sys=0.00, real=0.23 secs] 
2018-03-17T00:27:56.262+0500: 1902.185: [GC (Allocation Failure) 2018-03-17T00:27:56.262+0500: 1902.185: [DefNew: 157248K->157248K(157248K), 0.0000163 secs]2018-03-17T00:27:56.262+0500: 1902.185: [Tenured: 327463K->55022K(349568K), 0.2288212 secs] 484711K->55022K(506816K), [Metaspace: 5350K->5350K(1056768K)], 0.2289191 secs] [Times: user=0.22 sys=0.00, real=0.23 secs] 
2018-03-17T00:27:56.521+0500: 1902.445: [GC (Allocation Failure) 2018-03-17T00:27:56.521+0500: 1902.445: [DefNew: 139776K->17472K(157248K), 0.2657619 secs] 194798K->194797K(506816K), 0.2658256 secs] [Times: user=0.27 sys=0.00, real=0.27 secs] 
2018-03-17T00:27:56.814+0500: 1902.738: [GC (Allocation Failure) 2018-03-17T00:27:56.814+0500: 1902.738: [DefNew: 157248K->17471K(157248K), 0.2595349 secs] 334573K->334572K(506816K), 0.2596140 secs] [Times: user=0.27 sys=0.00, real=0.26 secs] 
2018-03-17T00:27:57.102+0500: 1903.026: [GC (Allocation Failure) 2018-03-17T00:27:57.102+0500: 1903.026: [DefNew: 157247K->157247K(157248K), 0.0000158 secs]2018-03-17T00:27:57.102+0500: 1903.026: [Tenured: 317100K->44659K(349568K), 0.2068419 secs] 474348K->44659K(506816K), [Metaspace: 5350K->5350K(1056768K)], 0.2069305 secs] [Times: user=0.20 sys=0.00, real=0.21 secs] 
2018-03-17T00:27:57.340+0500: 1903.264: [GC (Allocation Failure) 2018-03-17T00:27:57.340+0500: 1903.264: [DefNew: 139776K->17471K(157248K), 0.2707663 secs] 184435K->184434K(506816K), 0.2708275 secs] [Times: user=0.26 sys=0.00, real=0.27 secs] 
2018-03-17T00:27:57.639+0500: 1903.563: [GC (Allocation Failure) 2018-03-17T00:27:57.639+0500: 1903.563: [DefNew: 157247K->17472K(157248K), 0.2666998 secs] 324210K->324208K(506816K), 0.2667712 secs] [Times: user=0.27 sys=0.00, real=0.27 secs] 
2018-03-17T00:27:57.944+0500: 1903.867: [GC (Allocation Failure) 2018-03-17T00:27:57.944+0500: 1903.867: [DefNew: 157248K->157248K(157248K), 0.0000184 secs]2018-03-17T00:27:57.944+0500: 1903.867: [Tenured: 306736K->34272K(349568K), 0.1866794 secs] 463984K->34272K(506816K), [Metaspace: 5350K->5350K(1056768K)], 0.1867777 secs] [Times: user=0.17 sys=0.00, real=0.19 secs] 
2018-03-17T00:27:58.162+0500: 1904.086: [GC (Allocation Failure) 2018-03-17T00:27:58.163+0500: 1904.086: [DefNew: 139776K->17472K(157248K), 0.2648301 secs] 174048K->174046K(506816K), 0.2649224 secs] [Times: user=0.25 sys=0.01, real=0.27 secs] 
2018-03-17T00:27:58.454+0500: 1904.378: [GC (Allocation Failure) 2018-03-17T00:27:58.454+0500: 1904.378: [DefNew: 157248K->17472K(157248K), 0.2632525 secs] 313822K->313821K(506816K), 0.2633179 secs] [Times: user=0.27 sys=0.00, real=0.26 secs] 
2018-03-17T00:27:58.745+0500: 1904.669: [GC (Allocation Failure) 2018-03-17T00:27:58.745+0500: 1904.669: [DefNew: 157248K->157248K(157248K), 0.0000167 secs]2018-03-17T00:27:58.745+0500: 1904.669: [Tenured: 296349K->23908K(349568K), 0.1631028 secs] 453597K->23908K(506816K), [Metaspace: 5350K->5350K(1056768K)], 0.1631913 secs] [Times: user=0.16 sys=0.00, real=0.16 secs] 
2018-03-17T00:27:58.952+0500: 1904.876: [GC (Allocation Failure) 2018-03-17T00:27:58.952+0500: 1904.876: [DefNew: 139776K->17472K(157248K), 0.2870261 secs] 163684K->163683K(506816K), 0.2871130 secs] [Times: user=0.28 sys=0.00, real=0.29 secs] 
2018-03-17T00:27:59.267+0500: 1905.191: [GC (Allocation Failure) 2018-03-17T00:27:59.267+0500: 1905.191: [DefNew: 157248K->17472K(157248K), 0.2644259 secs] 303459K->303458K(506816K), 0.2645337 secs] [Times: user=0.26 sys=0.00, real=0.26 secs] 
2018-03-17T00:27:59.561+0500: 1905.485: [GC (Allocation Failure) 2018-03-17T00:27:59.561+0500: 1905.485: [DefNew: 146063K->146063K(157248K), 0.0000210 secs]2018-03-17T00:27:59.562+0500: 1905.485: [Tenured: 285986K->715K(349568K), 0.1408229 secs] 432050K->715K(506816K), [Metaspace: 5350K->5350K(1056768K)], 0.1409315 secs] [Times: user=0.14 sys=0.00, real=0.14 secs] 
2018-03-17T00:27:59.731+0500: 1905.655: [GC (Allocation Failure) 2018-03-17T00:27:59.731+0500: 1905.655: [DefNew: 139776K->17472K(157248K), 0.2386696 secs] 140491K->140490K(506816K), 0.2387535 secs] [Times: user=0.23 sys=0.00, real=0.24 secs] 
2018-03-17T00:27:59.997+0500: 1905.921: [GC (Allocation Failure) 2018-03-17T00:27:59.997+0500: 1905.921: [DefNew: 157248K->17472K(157248K), 0.3458999 secs] 280266K->280229K(506816K), 0.3459867 secs] [Times: user=0.33 sys=0.00, real=0.35 secs] 
2018-03-17T00:28:00.388+0500: 1906.311: [GC (Allocation Failure) 2018-03-17T00:28:00.388+0500: 1906.311: [DefNew: 157248K->157248K(157248K), 0.0000222 secs]2018-03-17T00:28:00.388+0500: 1906.311: [Tenured: 262757K->205160K(349568K), 0.5200726 secs] 420005K->205160K(506816K), [Metaspace: 5350K->5350K(1056768K)], 0.5201846 secs] [Times: user=0.49 sys=0.00, real=0.52 secs] 
2018-03-17T00:28:00.936+0500: 1906.860: [GC (Allocation Failure) 2018-03-17T00:28:00.936+0500: 1906.860: [DefNew: 139776K->17472K(157248K), 0.2416085 secs] 344936K->344935K(506816K), 0.2416765 secs] [Times: user=0.25 sys=0.00, real=0.24 secs] 
2018-03-17T00:28:01.205+0500: 1907.129: [GC (Allocation Failure) 2018-03-17T00:28:01.205+0500: 1907.129: [DefNew: 157248K->157248K(157248K), 0.0000201 secs]2018-03-17T00:28:01.205+0500: 1907.129: [Tenured: 327463K->55022K(349568K), 0.2309107 secs] 484711K->55022K(506816K), [Metaspace: 5350K->5350K(1056768K)], 0.2310129 secs] [Times: user=0.24 sys=0.00, real=0.23 secs] 
2018-03-17T00:28:01.467+0500: 1907.391: [GC (Allocation Failure) 2018-03-17T00:28:01.467+0500: 1907.391: [DefNew: 139776K->17472K(157248K), 0.3200906 secs] 194798K->194797K(506816K), 0.3201663 secs] [Times: user=0.33 sys=0.00, real=0.32 secs] 
2018-03-17T00:28:01.816+0500: 1907.740: [GC (Allocation Failure) 2018-03-17T00:28:01.816+0500: 1907.740: [DefNew: 157248K->17471K(157248K), 0.3065999 secs] 334573K->334572K(506816K), 0.3066644 secs] [Times: user=0.31 sys=0.00, real=0.31 secs] 
2018-03-17T00:28:02.156+0500: 1908.080: [GC (Allocation Failure) 2018-03-17T00:28:02.156+0500: 1908.080: [DefNew: 157247K->157247K(157248K), 0.0000239 secs]2018-03-17T00:28:02.156+0500: 1908.080: [Tenured: 317100K->44659K(349568K), 0.2214065 secs] 474348K->44659K(506816K), [Metaspace: 5350K->5350K(1056768K)], 0.2215314 secs] [Times: user=0.22 sys=0.00, real=0.22 secs] 
2018-03-17T00:28:02.412+0500: 1908.336: [GC (Allocation Failure) 2018-03-17T00:28:02.412+0500: 1908.336: [DefNew: 139776K->17471K(157248K), 0.3999797 secs] 184435K->184434K(506816K), 0.4000580 secs] [Times: user=0.41 sys=0.00, real=0.40 secs] 
2018-03-17T00:28:02.844+0500: 1908.768: [GC (Allocation Failure) 2018-03-17T00:28:02.844+0500: 1908.768: [DefNew: 157247K->17472K(157248K), 0.2606639 secs] 324210K->324208K(506816K), 0.2607340 secs] [Times: user=0.27 sys=0.00, real=0.26 secs] 
2018-03-17T00:28:03.146+0500: 1909.070: [GC (Allocation Failure) 2018-03-17T00:28:03.146+0500: 1909.070: [DefNew: 157248K->157248K(157248K), 0.0000278 secs]2018-03-17T00:28:03.146+0500: 1909.071: [Tenured: 306736K->34272K(349568K), 0.1821009 secs] 463984K->34272K(506816K), [Metaspace: 5350K->5350K(1056768K)], 0.1822172 secs] [Times: user=0.17 sys=0.00, real=0.18 secs] 
2018-03-17T00:28:03.364+0500: 1909.287: [GC (Allocation Failure) 2018-03-17T00:28:03.364+0500: 1909.287: [DefNew: 139776K->17472K(157248K), 0.2927567 secs] 174048K->174046K(506816K), 0.2928247 secs] [Times: user=0.28 sys=0.00, real=0.29 secs] 
2018-03-17T00:28:03.684+0500: 1909.608: [GC (Allocation Failure) 2018-03-17T00:28:03.684+0500: 1909.608: [DefNew: 157248K->17472K(157248K), 0.2584114 secs] 313822K->313821K(506816K), 0.2584691 secs] [Times: user=0.25 sys=0.00, real=0.26 secs] 
2018-03-17T00:28:03.968+0500: 1909.892: [GC (Allocation Failure) 2018-03-17T00:28:03.968+0500: 1909.892: [DefNew: 157248K->157248K(157248K), 0.0000188 secs]2018-03-17T00:28:03.968+0500: 1909.892: [Tenured: 296349K->23908K(349568K), 0.1564413 secs] 453597K->23908K(506816K), [Metaspace: 5350K->5350K(1056768K)], 0.1565366 secs] [Times: user=0.16 sys=0.00, real=0.16 secs] 
2018-03-17T00:28:04.153+0500: 1910.077: [GC (Allocation Failure) 2018-03-17T00:28:04.153+0500: 1910.077: [DefNew: 139776K->17472K(157248K), 0.2797894 secs] 163684K->163683K(506816K), 0.2798561 secs] [Times: user=0.28 sys=0.00, real=0.28 secs] 
2018-03-17T00:28:04.465+0500: 1910.389: [GC (Allocation Failure) 2018-03-17T00:28:04.465+0500: 1910.389: [DefNew: 157248K->17472K(157248K), 0.2775194 secs] 303459K->303458K(506816K), 0.2775810 secs] [Times: user=0.28 sys=0.00, real=0.28 secs] 
2018-03-17T00:28:04.771+0500: 1910.694: [GC (Allocation Failure) 2018-03-17T00:28:04.771+0500: 1910.694: [DefNew: 146063K->146063K(157248K), 0.0000154 secs]2018-03-17T00:28:04.771+0500: 1910.694: [Tenured: 285986K->715K(349568K), 0.1373144 secs] 432050K->715K(506816K), [Metaspace: 5350K->5350K(1056768K)], 0.1374120 secs] [Times: user=0.14 sys=0.00, real=0.14 secs] 
2018-03-17T00:28:04.933+0500: 1910.857: [GC (Allocation Failure) 2018-03-17T00:28:04.933+0500: 1910.857: [DefNew: 139776K->17472K(157248K), 0.2275767 secs] 140491K->140490K(506816K), 0.2276392 secs] [Times: user=0.22 sys=0.00, real=0.23 secs] 
2018-03-17T00:28:05.187+0500: 1911.111: [GC (Allocation Failure) 2018-03-17T00:28:05.187+0500: 1911.111: [DefNew: 157248K->17472K(157248K), 0.2616372 secs] 280266K->280229K(506816K), 0.2616975 secs] [Times: user=0.26 sys=0.00, real=0.26 secs] 
2018-03-17T00:28:05.476+0500: 1911.400: [GC (Allocation Failure) 2018-03-17T00:28:05.476+0500: 1911.401: [DefNew: 157248K->157248K(157248K), 0.0000163 secs]2018-03-17T00:28:05.476+0500: 1911.401: [Tenured: 262757K->205160K(349568K), 0.5403027 secs] 420005K->205160K(506816K), [Metaspace: 5350K->5350K(1056768K)], 0.5403947 secs] [Times: user=0.52 sys=0.00, real=0.54 secs] 
2018-03-17T00:28:06.043+0500: 1911.967: [GC (Allocation Failure) 2018-03-17T00:28:06.043+0500: 1911.967: [DefNew: 139776K->17472K(157248K), 0.2344692 secs] 344936K->344935K(506816K), 0.2345317 secs] [Times: user=0.23 sys=0.00, real=0.23 secs] 
2018-03-17T00:28:06.305+0500: 1912.229: [GC (Allocation Failure) 2018-03-17T00:28:06.305+0500: 1912.229: [DefNew: 157248K->157248K(157248K), 0.0000154 secs]2018-03-17T00:28:06.305+0500: 1912.229: [Tenured: 327463K->55022K(349568K), 0.2251498 secs] 484711K->55022K(506816K), [Metaspace: 5350K->5350K(1056768K)], 0.2252422 secs] [Times: user=0.22 sys=0.00, real=0.22 secs] 
2018-03-17T00:28:06.560+0500: 1912.484: [GC (Allocation Failure) 2018-03-17T00:28:06.561+0500: 1912.484: [DefNew: 139776K->17472K(157248K), 0.2558292 secs] 194798K->194797K(506816K), 0.2559092 secs] [Times: user=0.25 sys=0.00, real=0.26 secs] 
2018-03-17T00:28:06.842+0500: 1912.766: [GC (Allocation Failure) 2018-03-17T00:28:06.842+0500: 1912.766: [DefNew: 157248K->17471K(157248K), 0.2531855 secs] 334573K->334572K(506816K), 0.2532513 secs] [Times: user=0.25 sys=0.00, real=0.25 secs] 
2018-03-17T00:28:07.121+0500: 1913.045: [GC (Allocation Failure) 2018-03-17T00:28:07.121+0500: 1913.045: [DefNew: 157247K->157247K(157248K), 0.0000171 secs]2018-03-17T00:28:07.121+0500: 1913.045: [Tenured: 317100K->44659K(349568K), 0.2038757 secs] 474348K->44659K(506816K), [Metaspace: 5350K->5350K(1056768K)], 0.2039775 secs] [Times: user=0.20 sys=0.00, real=0.20 secs] 
2018-03-17T00:28:07.354+0500: 1913.278: [GC (Allocation Failure) 2018-03-17T00:28:07.354+0500: 1913.278: [DefNew: 139776K->17471K(157248K), 0.2607537 secs] 184435K->184434K(506816K), 0.2608170 secs] [Times: user=0.23 sys=0.00, real=0.26 secs] 
2018-03-17T00:28:07.641+0500: 1913.565: [GC (Allocation Failure) 2018-03-17T00:28:07.641+0500: 1913.565: [DefNew: 157247K->17472K(157248K), 0.2521737 secs] 324210K->324208K(506816K), 0.2522365 secs] [Times: user=0.25 sys=0.00, real=0.25 secs] 
2018-03-17T00:28:07.919+0500: 1913.843: [GC (Allocation Failure) 2018-03-17T00:28:07.919+0500: 1913.843: [DefNew: 157248K->157248K(157248K), 0.0000150 secs]2018-03-17T00:28:07.919+0500: 1913.843: [Tenured: 306736K->34272K(349568K), 0.1809077 secs] 463984K->34272K(506816K), [Metaspace: 5350K->5350K(1056768K)], 0.1809967 secs] [Times: user=0.19 sys=0.00, real=0.18 secs] 
2018-03-17T00:28:08.129+0500: 1914.053: [GC (Allocation Failure) 2018-03-17T00:28:08.129+0500: 1914.053: [DefNew: 139776K->17472K(157248K), 0.2939909 secs] 174048K->174046K(506816K), 0.2940576 secs] [Times: user=0.30 sys=0.00, real=0.29 secs] 
2018-03-17T00:28:08.448+0500: 1914.373: [GC (Allocation Failure) 2018-03-17T00:28:08.449+0500: 1914.373: [DefNew: 157248K->17472K(157248K), 0.2539766 secs] 313822K->313821K(506816K), 0.2540647 secs] [Times: user=0.23 sys=0.00, real=0.25 secs] 
2018-03-17T00:28:08.728+0500: 1914.653: [GC (Allocation Failure) 2018-03-17T00:28:08.728+0500: 1914.653: [DefNew: 157248K->157248K(157248K), 0.0000154 secs]2018-03-17T00:28:08.728+0500: 1914.653: [Tenured: 296349K->23908K(349568K), 0.1563219 secs] 453597K->23908K(506816K), [Metaspace: 5350K->5350K(1056768K)], 0.1564280 secs] [Times: user=0.16 sys=0.00, real=0.16 secs] 
2018-03-17T00:28:08.915+0500: 1914.838: [GC (Allocation Failure) 2018-03-17T00:28:08.915+0500: 1914.838: [DefNew: 139776K->17472K(157248K), 0.2620490 secs] 163684K->163683K(506816K), 0.2621170 secs] [Times: user=0.25 sys=0.00, real=0.26 secs] 
2018-03-17T00:28:09.202+0500: 1915.126: [GC (Allocation Failure) 2018-03-17T00:28:09.202+0500: 1915.126: [DefNew: 157248K->17472K(157248K), 0.2540476 secs] 303459K->303458K(506816K), 0.2541088 secs] [Times: user=0.25 sys=0.00, real=0.25 secs] 
2018-03-17T00:28:09.482+0500: 1915.406: [GC (Allocation Failure) 2018-03-17T00:28:09.482+0500: 1915.406: [DefNew: 146063K->146063K(157248K), 0.0000167 secs]2018-03-17T00:28:09.482+0500: 1915.406: [Tenured: 285986K->715K(349568K), 0.1363984 secs] 432050K->715K(506816K), [Metaspace: 5350K->5350K(1056768K)], 0.1364878 secs] [Times: user=0.14 sys=0.00, real=0.14 secs] 
2018-03-17T00:28:09.644+0500: 1915.568: [GC (Allocation Failure) 2018-03-17T00:28:09.644+0500: 1915.568: [DefNew: 139776K->17472K(157248K), 0.2234024 secs] 140491K->140490K(506816K), 0.2234636 secs] [Times: user=0.23 sys=0.00, real=0.22 secs] 
2018-03-17T00:28:09.893+0500: 1915.817: [GC (Allocation Failure) 2018-03-17T00:28:09.893+0500: 1915.817: [DefNew: 157248K->17472K(157248K), 0.2562954 secs] 280266K->280229K(506816K), 0.2563582 secs] [Times: user=0.26 sys=0.00, real=0.26 secs] 
2018-03-17T00:28:10.177+0500: 1916.101: [GC (Allocation Failure) 2018-03-17T00:28:10.177+0500: 1916.101: [DefNew: 157248K->157248K(157248K), 0.0000175 secs]2018-03-17T00:28:10.177+0500: 1916.101: [Tenured: 262757K->205160K(349568K), 0.4718666 secs] 420005K->205160K(506816K), [Metaspace: 5350K->5350K(1056768K)], 0.4719581 secs] [Times: user=0.48 sys=0.00, real=0.47 secs] 
2018-03-17T00:28:10.675+0500: 1916.599: [GC (Allocation Failure) 2018-03-17T00:28:10.675+0500: 1916.599: [DefNew: 139776K->17472K(157248K), 0.2246011 secs] 344936K->344935K(506816K), 0.2246661 secs] [Times: user=0.23 sys=0.00, real=0.23 secs] 
2018-03-17T00:28:10.925+0500: 1916.849: [GC (Allocation Failure) 2018-03-17T00:28:10.925+0500: 1916.849: [DefNew: 157248K->157248K(157248K), 0.0000171 secs]2018-03-17T00:28:10.925+0500: 1916.849: [Tenured: 327463K->55022K(349568K), 0.2222482 secs] 484711K->55022K(506816K), [Metaspace: 5350K->5350K(1056768K)], 0.2223495 secs] [Times: user=0.23 sys=0.00, real=0.22 secs] 
2018-03-17T00:28:11.177+0500: 1917.101: [GC (Allocation Failure) 2018-03-17T00:28:11.177+0500: 1917.101: [DefNew: 139776K->17472K(157248K), 0.2586654 secs] 194798K->194797K(506816K), 0.2587296 secs] [Times: user=0.27 sys=0.00, real=0.26 secs] 
2018-03-17T00:28:11.461+0500: 1917.386: [GC (Allocation Failure) 2018-03-17T00:28:11.461+0500: 1917.386: [DefNew: 157248K->17471K(157248K), 0.2504583 secs] 334573K->334572K(506816K), 0.2505203 secs] [Times: user=0.25 sys=0.00, real=0.25 secs] 
2018-03-17T00:28:11.738+0500: 1917.662: [GC (Allocation Failure) 2018-03-17T00:28:11.738+0500: 1917.662: [DefNew: 157247K->157247K(157248K), 0.0000163 secs]2018-03-17T00:28:11.738+0500: 1917.662: [Tenured: 317100K->44659K(349568K), 0.1989534 secs] 474348K->44659K(506816K), [Metaspace: 5350K->5350K(1056768K)], 0.1990458 secs] [Times: user=0.20 sys=0.00, real=0.20 secs] 
2018-03-17T00:28:11.966+0500: 1917.890: [GC (Allocation Failure) 2018-03-17T00:28:11.966+0500: 1917.890: [DefNew: 139776K->17471K(157248K), 0.2572452 secs] 184435K->184434K(506816K), 0.2573076 secs] [Times: user=0.25 sys=0.00, real=0.26 secs] 
2018-03-17T00:28:12.251+0500: 1918.175: [GC (Allocation Failure) 2018-03-17T00:28:12.251+0500: 1918.175: [DefNew: 157247K->17472K(157248K), 0.2541447 secs] 324210K->324208K(506816K), 0.2542260 secs] [Times: user=0.25 sys=0.00, real=0.25 secs] 
2018-03-17T00:28:12.530+0500: 1918.454: [GC (Allocation Failure) 2018-03-17T00:28:12.530+0500: 1918.454: [DefNew: 157248K->157248K(157248K), 0.0000158 secs]2018-03-17T00:28:12.530+0500: 1918.454: [Tenured: 306736K->34272K(349568K), 0.1800486 secs] 463984K->34272K(506816K), [Metaspace: 5350K->5350K(1056768K)], 0.1801367 secs] [Times: user=0.19 sys=0.00, real=0.18 secs] 
2018-03-17T00:28:12.739+0500: 1918.663: [GC (Allocation Failure) 2018-03-17T00:28:12.739+0500: 1918.663: [DefNew: 139776K->17472K(157248K), 0.2570553 secs] 174048K->174046K(506816K), 0.2571280 secs] [Times: user=0.26 sys=0.00, real=0.26 secs] 
2018-03-17T00:28:13.021+0500: 1918.946: [GC (Allocation Failure) 2018-03-17T00:28:13.021+0500: 1918.946: [DefNew: 157248K->17472K(157248K), 0.2547156 secs] 313822K->313821K(506816K), 0.2547755 secs] [Times: user=0.24 sys=0.00, real=0.26 secs] 
2018-03-17T00:28:13.302+0500: 1919.226: [GC (Allocation Failure) 2018-03-17T00:28:13.302+0500: 1919.226: [DefNew: 157248K->157248K(157248K), 0.0000274 secs]2018-03-17T00:28:13.303+0500: 1919.226: [Tenured: 296349K->23908K(349568K), 0.1576194 secs] 453597K->23908K(506816K), [Metaspace: 5350K->5350K(1056768K)], 0.1577238 secs] [Times: user=0.16 sys=0.02, real=0.16 secs] 
2018-03-17T00:28:13.489+0500: 1919.412: [GC (Allocation Failure) 2018-03-17T00:28:13.489+0500: 1919.412: [DefNew: 139776K->17472K(157248K), 0.2571691 secs] 163684K->163683K(506816K), 0.2572709 secs] [Times: user=0.25 sys=0.00, real=0.26 secs] 
2018-03-17T00:28:13.771+0500: 1919.695: [GC (Allocation Failure) 2018-03-17T00:28:13.771+0500: 1919.695: [DefNew: 157248K->17472K(157248K), 0.2541990 secs] 303459K->303458K(506816K), 0.2542598 secs] [Times: user=0.27 sys=0.00, real=0.25 secs] 
2018-03-17T00:28:14.051+0500: 1919.975: [GC (Allocation Failure) 2018-03-17T00:28:14.051+0500: 1919.975: [DefNew: 146063K->146063K(157248K), 0.0000133 secs]2018-03-17T00:28:14.051+0500: 1919.975: [Tenured: 285986K->715K(349568K), 0.1361611 secs] 432050K->715K(506816K), [Metaspace: 5350K->5350K(1056768K)], 0.1362427 secs] [Times: user=0.14 sys=0.00, real=0.14 secs] 
2018-03-17T00:28:14.212+0500: 1920.136: [GC (Allocation Failure) 2018-03-17T00:28:14.212+0500: 1920.136: [DefNew: 139776K->17472K(157248K), 0.2234832 secs] 140491K->140490K(506816K), 0.2235576 secs] [Times: user=0.22 sys=0.00, real=0.23 secs] 
2018-03-17T00:28:14.462+0500: 1920.386: [GC (Allocation Failure) 2018-03-17T00:28:14.462+0500: 1920.386: [DefNew: 157248K->17472K(157248K), 0.2568680 secs] 280266K->280229K(506816K), 0.2569304 secs] [Times: user=0.25 sys=0.00, real=0.26 secs] 
2018-03-17T00:28:14.747+0500: 1920.671: [GC (Allocation Failure) 2018-03-17T00:28:14.747+0500: 1920.671: [DefNew: 157248K->157248K(157248K), 0.0000171 secs]2018-03-17T00:28:14.747+0500: 1920.671: [Tenured: 262757K->205160K(349568K), 0.4751843 secs] 420005K->205160K(506816K), [Metaspace: 5350K->5350K(1056768K)], 0.4752776 secs] [Times: user=0.47 sys=0.00, real=0.47 secs] 
2018-03-17T00:28:15.247+0500: 1921.171: [GC (Allocation Failure) 2018-03-17T00:28:15.247+0500: 1921.171: [DefNew: 139776K->17472K(157248K), 0.2245139 secs] 344936K->344935K(506816K), 0.2245750 secs] [Times: user=0.22 sys=0.00, real=0.22 secs] 
2018-03-17T00:28:15.498+0500: 1921.422: [GC (Allocation Failure) 2018-03-17T00:28:15.498+0500: 1921.422: [DefNew: 157248K->157248K(157248K), 0.0000150 secs]2018-03-17T00:28:15.498+0500: 1921.422: [Tenured: 327463K->55022K(349568K), 0.2212321 secs] 484711K->55022K(506816K), [Metaspace: 5350K->5350K(1056768K)], 0.2213206 secs] [Times: user=0.22 sys=0.00, real=0.22 secs] 
2018-03-17T00:28:15.748+0500: 1921.673: [GC (Allocation Failure) 2018-03-17T00:28:15.748+0500: 1921.673: [DefNew: 139776K->17472K(157248K), 0.2538573 secs] 194798K->194797K(506816K), 0.2539181 secs] [Times: user=0.25 sys=0.00, real=0.26 secs] 
2018-03-17T00:28:16.028+0500: 1921.952: [GC (Allocation Failure) 2018-03-17T00:28:16.029+0500: 1921.952: [DefNew: 157248K->17471K(157248K), 0.2514839 secs] 334573K->334572K(506816K), 0.2515604 secs] [Times: user=0.25 sys=0.00, real=0.25 secs] 
2018-03-17T00:28:16.306+0500: 1922.229: [GC (Allocation Failure) 2018-03-17T00:28:16.306+0500: 1922.229: [DefNew: 157247K->157247K(157248K), 0.0000150 secs]2018-03-17T00:28:16.306+0500: 1922.229: [Tenured: 317100K->44659K(349568K), 0.2102944 secs] 474348K->44659K(506816K), [Metaspace: 5350K->5350K(1056768K)], 0.2104009 secs] [Times: user=0.20 sys=0.00, real=0.21 secs] 
2018-03-17T00:28:16.563+0500: 1922.486: [GC (Allocation Failure) 2018-03-17T00:28:16.563+0500: 1922.486: [DefNew: 139776K->17471K(157248K), 0.2598633 secs] 184435K->184434K(506816K), 0.2599407 secs] [Times: user=0.26 sys=0.00, real=0.26 secs] 
2018-03-17T00:28:16.848+0500: 1922.772: [GC (Allocation Failure) 2018-03-17T00:28:16.848+0500: 1922.772: [DefNew: 157247K->17472K(157248K), 0.2510506 secs] 324210K->324208K(506816K), 0.2511131 secs] [Times: user=0.25 sys=0.00, real=0.25 secs] 
2018-03-17T00:28:17.125+0500: 1923.049: [GC (Allocation Failure) 2018-03-17T00:28:17.125+0500: 1923.050: [DefNew: 157248K->157248K(157248K), 0.0000218 secs]2018-03-17T00:28:17.125+0500: 1923.050: [Tenured: 306736K->34272K(349568K), 0.1824952 secs] 463984K->34272K(506816K), [Metaspace: 5350K->5350K(1056768K)], 0.1826231 secs] [Times: user=0.19 sys=0.00, real=0.18 secs] 
2018-03-17T00:28:17.339+0500: 1923.263: [GC (Allocation Failure) 2018-03-17T00:28:17.339+0500: 1923.263: [DefNew: 139776K->17472K(157248K), 0.2602550 secs] 174048K->174046K(506816K), 0.2603192 secs] [Times: user=0.25 sys=0.00, real=0.26 secs] 
2018-03-17T00:28:17.627+0500: 1923.550: [GC (Allocation Failure) 2018-03-17T00:28:17.627+0500: 1923.550: [DefNew: 157248K->17472K(157248K), 0.2774839 secs] 313822K->313821K(506816K), 0.2775737 secs] [Times: user=0.28 sys=0.00, real=0.28 secs] 
2018-03-17T00:28:17.942+0500: 1923.865: [GC (Allocation Failure) 2018-03-17T00:28:17.942+0500: 1923.866: [DefNew: 157248K->157248K(157248K), 0.0000167 secs]2018-03-17T00:28:17.942+0500: 1923.866: [Tenured: 296349K->23908K(349568K), 0.1578350 secs] 453597K->23908K(506816K), [Metaspace: 5350K->5350K(1056768K)], 0.1579256 secs] [Times: user=0.16 sys=0.00, real=0.16 secs] 
2018-03-17T00:28:18.128+0500: 1924.052: [GC (Allocation Failure) 2018-03-17T00:28:18.128+0500: 1924.052: [DefNew: 139776K->17472K(157248K), 0.2587150 secs] 163684K->163683K(506816K), 0.2588557 secs] [Times: user=0.25 sys=0.00, real=0.26 secs] 
2018-03-17T00:28:18.412+0500: 1924.337: [GC (Allocation Failure) 2018-03-17T00:28:18.413+0500: 1924.337: [DefNew: 157248K->17472K(157248K), 0.2601229 secs] 303459K->303458K(506816K), 0.2602512 secs] [Times: user=0.25 sys=0.00, real=0.26 secs] 
2018-03-17T00:28:18.699+0500: 1924.623: [GC (Allocation Failure) 2018-03-17T00:28:18.699+0500: 1924.623: [DefNew: 146063K->146063K(157248K), 0.0000158 secs]2018-03-17T00:28:18.699+0500: 1924.623: [Tenured: 285986K->715K(349568K), 0.1366503 secs] 432050K->715K(506816K), [Metaspace: 5350K->5350K(1056768K)], 0.1367529 secs] [Times: user=0.14 sys=0.00, real=0.14 secs] 
2018-03-17T00:28:18.862+0500: 1924.786: [GC (Allocation Failure) 2018-03-17T00:28:18.862+0500: 1924.786: [DefNew: 139776K->17472K(157248K), 0.2232643 secs] 140491K->140490K(506816K), 0.2233276 secs] [Times: user=0.23 sys=0.00, real=0.22 secs] 
2018-03-17T00:28:19.111+0500: 1925.035: [GC (Allocation Failure) 2018-03-17T00:28:19.111+0500: 1925.035: [DefNew: 157248K->17472K(157248K), 0.2581805 secs] 280266K->280229K(506816K), 0.2582421 secs] [Times: user=0.27 sys=0.00, real=0.26 secs] 
2018-03-17T00:28:19.398+0500: 1925.322: [GC (Allocation Failure) 2018-03-17T00:28:19.398+0500: 1925.322: [DefNew: 157248K->157248K(157248K), 0.0000171 secs]2018-03-17T00:28:19.398+0500: 1925.322: [Tenured: 262757K->205160K(349568K), 0.4899320 secs] 420005K->205160K(506816K), [Metaspace: 5350K->5350K(1056768K)], 0.4900260 secs] [Times: user=0.48 sys=0.00, real=0.49 secs] 
2018-03-17T00:28:19.916+0500: 1925.840: [GC (Allocation Failure) 2018-03-17T00:28:19.916+0500: 1925.840: [DefNew: 139776K->17472K(157248K), 0.2372716 secs] 344936K->344935K(506816K), 0.2373811 secs] [Times: user=0.23 sys=0.00, real=0.24 secs] 
2018-03-17T00:28:20.180+0500: 1926.103: [GC (Allocation Failure) 2018-03-17T00:28:20.180+0500: 1926.103: [DefNew: 157248K->157248K(157248K), 0.0000171 secs]2018-03-17T00:28:20.180+0500: 1926.103: [Tenured: 327463K->55022K(349568K), 0.2301743 secs] 484711K->55022K(506816K), [Metaspace: 5350K->5350K(1056768K)], 0.2302650 secs] [Times: user=0.22 sys=0.00, real=0.23 secs] 
2018-03-17T00:28:20.442+0500: 1926.366: [GC (Allocation Failure) 2018-03-17T00:28:20.442+0500: 1926.366: [DefNew: 139776K->17472K(157248K), 0.3002359 secs] 194798K->194797K(506816K), 0.3003005 secs] [Times: user=0.30 sys=0.00, real=0.30 secs] 
2018-03-17T00:28:20.769+0500: 1926.693: [GC (Allocation Failure) 2018-03-17T00:28:20.769+0500: 1926.693: [DefNew: 157248K->17471K(157248K), 0.2613703 secs] 334573K->334572K(506816K), 0.2614426 secs] [Times: user=0.27 sys=0.00, real=0.26 secs] 
2018-03-17T00:28:21.057+0500: 1926.981: [GC (Allocation Failure) 2018-03-17T00:28:21.057+0500: 1926.981: [DefNew: 157247K->157247K(157248K), 0.0000141 secs]2018-03-17T00:28:21.057+0500: 1926.981: [Tenured: 317100K->44659K(349568K), 0.2052998 secs] 474348K->44659K(506816K), [Metaspace: 5350K->5350K(1056768K)], 0.2053866 secs] [Times: user=0.20 sys=0.00, real=0.21 secs] 
2018-03-17T00:28:21.291+0500: 1927.216: [GC (Allocation Failure) 2018-03-17T00:28:21.291+0500: 1927.216: [DefNew: 139776K->17471K(157248K), 0.2593629 secs] 184435K->184434K(506816K), 0.2594416 secs] [Times: user=0.25 sys=0.00, real=0.26 secs] 
2018-03-17T00:28:21.577+0500: 1927.501: [GC (Allocation Failure) 2018-03-17T00:28:21.577+0500: 1927.501: [DefNew: 157247K->17472K(157248K), 0.2534870 secs] 324210K->324208K(506816K), 0.2535601 secs] [Times: user=0.25 sys=0.00, real=0.25 secs] 
2018-03-17T00:28:21.856+0500: 1927.780: [GC (Allocation Failure) 2018-03-17T00:28:21.856+0500: 1927.780: [DefNew: 157248K->157248K(157248K), 0.0000167 secs]2018-03-17T00:28:21.856+0500: 1927.780: [Tenured: 306736K->34272K(349568K), 0.1777457 secs] 463984K->34272K(506816K), [Metaspace: 5350K->5350K(1056768K)], 0.1778436 secs] [Times: user=0.17 sys=0.00, real=0.18 secs] 
2018-03-17T00:28:22.065+0500: 1927.989: [GC (Allocation Failure) 2018-03-17T00:28:22.065+0500: 1927.989: [DefNew: 139776K->17472K(157248K), 0.2596811 secs] 174048K->174046K(506816K), 0.2597478 secs] [Times: user=0.26 sys=0.00, real=0.26 secs] 
2018-03-17T00:28:22.351+0500: 1928.275: [GC (Allocation Failure) 2018-03-17T00:28:22.351+0500: 1928.275: [DefNew: 157248K->17472K(157248K), 0.2582750 secs] 313822K->313821K(506816K), 0.2583396 secs] [Times: user=0.25 sys=0.00, real=0.26 secs] 
2018-03-17T00:28:22.635+0500: 1928.559: [GC (Allocation Failure) 2018-03-17T00:28:22.635+0500: 1928.559: [DefNew: 157248K->157248K(157248K), 0.0000158 secs]2018-03-17T00:28:22.635+0500: 1928.559: [Tenured: 296349K->23908K(349568K), 0.1579988 secs] 453597K->23908K(506816K), [Metaspace: 5350K->5350K(1056768K)], 0.1581070 secs] [Times: user=0.16 sys=0.00, real=0.16 secs] 
2018-03-17T00:28:22.822+0500: 1928.747: [GC (Allocation Failure) 2018-03-17T00:28:22.822+0500: 1928.747: [DefNew: 139776K->17472K(157248K), 0.2600904 secs] 163684K->163683K(506816K), 0.2601545 secs] [Times: user=0.25 sys=0.00, real=0.26 secs] 
2018-03-17T00:28:23.109+0500: 1929.032: [GC (Allocation Failure) 2018-03-17T00:28:23.109+0500: 1929.033: [DefNew: 157248K->17472K(157248K), 0.2581369 secs] 303459K->303458K(506816K), 0.2582121 secs] [Times: user=0.27 sys=0.00, real=0.26 secs] 
2018-03-17T00:28:23.402+0500: 1929.325: [GC (Allocation Failure) 2018-03-17T00:28:23.402+0500: 1929.325: [DefNew: 146063K->146063K(157248K), 0.0000163 secs]2018-03-17T00:28:23.402+0500: 1929.325: [Tenured: 285986K->715K(349568K), 0.1397174 secs] 432050K->715K(506816K), [Metaspace: 5350K->5350K(1056768K)], 0.1398060 secs] [Times: user=0.14 sys=0.00, real=0.14 secs] 
2018-03-17T00:28:23.568+0500: 1929.492: [GC (Allocation Failure) 2018-03-17T00:28:23.568+0500: 1929.492: [DefNew: 139776K->17472K(157248K), 0.2284906 secs] 140491K->140490K(506816K), 0.2285633 secs] [Times: user=0.23 sys=0.00, real=0.23 secs] 
2018-03-17T00:28:23.823+0500: 1929.747: [GC (Allocation Failure) 2018-03-17T00:28:23.823+0500: 1929.747: [DefNew: 157248K->17472K(157248K), 0.2590473 secs] 280266K->280229K(506816K), 0.2591136 secs] [Times: user=0.25 sys=0.00, real=0.26 secs] 
2018-03-17T00:28:24.110+0500: 1930.035: [GC (Allocation Failure) 2018-03-17T00:28:24.110+0500: 1930.035: [DefNew: 157248K->157248K(157248K), 0.0000163 secs]2018-03-17T00:28:24.110+0500: 1930.035: [Tenured: 262757K->205160K(349568K), 0.4789246 secs] 420005K->205160K(506816K), [Metaspace: 5350K->5350K(1056768K)], 0.4790161 secs] [Times: user=0.49 sys=0.00, real=0.48 secs] 
2018-03-17T00:28:24.616+0500: 1930.539: [GC (Allocation Failure) 2018-03-17T00:28:24.616+0500: 1930.539: [DefNew: 139776K->17472K(157248K), 0.2283367 secs] 344936K->344935K(506816K), 0.2283940 secs] [Times: user=0.22 sys=0.00, real=0.23 secs] 
2018-03-17T00:28:24.872+0500: 1930.795: [GC (Allocation Failure) 2018-03-17T00:28:24.872+0500: 1930.795: [DefNew: 157248K->157248K(157248K), 0.0000158 secs]2018-03-17T00:28:24.872+0500: 1930.795: [Tenured: 327463K->55022K(349568K), 0.2280099 secs] 484711K->55022K(506816K), [Metaspace: 5350K->5350K(1056768K)], 0.2281053 secs] [Times: user=0.22 sys=0.00, real=0.23 secs] 
2018-03-17T00:28:25.130+0500: 1931.054: [GC (Allocation Failure) 2018-03-17T00:28:25.130+0500: 1931.054: [DefNew: 139776K->17472K(157248K), 0.2598308 secs] 194798K->194797K(506816K), 0.2598996 secs] [Times: user=0.27 sys=0.00, real=0.26 secs] 
2018-03-17T00:28:25.415+0500: 1931.340: [GC (Allocation Failure) 2018-03-17T00:28:25.416+0500: 1931.340: [DefNew: 157248K->17471K(157248K), 0.2532017 secs] 334573K->334572K(506816K), 0.2532984 secs] [Times: user=0.25 sys=0.00, real=0.25 secs] 
2018-03-17T00:28:25.694+0500: 1931.618: [GC (Allocation Failure) 2018-03-17T00:28:25.694+0500: 1931.618: [DefNew: 157247K->157247K(157248K), 0.0000158 secs]2018-03-17T00:28:25.694+0500: 1931.618: [Tenured: 317100K->44659K(349568K), 0.2004177 secs] 474348K->44659K(506816K), [Metaspace: 5350K->5350K(1056768K)], 0.2005110 secs] [Times: user=0.19 sys=0.00, real=0.20 secs] 
2018-03-17T00:28:25.925+0500: 1931.849: [GC (Allocation Failure) 2018-03-17T00:28:25.925+0500: 1931.849: [DefNew: 139776K->17471K(157248K), 0.2635219 secs] 184435K->184434K(506816K), 0.2635941 secs] [Times: user=0.27 sys=0.00, real=0.26 secs] 
2018-03-17T00:28:26.214+0500: 1932.138: [GC (Allocation Failure) 2018-03-17T00:28:26.214+0500: 1932.138: [DefNew: 157247K->17472K(157248K), 0.2555701 secs] 324210K->324208K(506816K), 0.2556475 secs] [Times: user=0.25 sys=0.00, real=0.26 secs] 
2018-03-17T00:28:26.496+0500: 1932.420: [GC (Allocation Failure) 2018-03-17T00:28:26.496+0500: 1932.420: [DefNew: 157248K->157248K(157248K), 0.0000167 secs]2018-03-17T00:28:26.496+0500: 1932.420: [Tenured: 306736K->34272K(349568K), 0.1780326 secs] 463984K->34272K(506816K), [Metaspace: 5350K->5350K(1056768K)], 0.1781229 secs] [Times: user=0.17 sys=0.00, real=0.18 secs] 
2018-03-17T00:28:26.705+0500: 1932.629: [GC (Allocation Failure) 2018-03-17T00:28:26.705+0500: 1932.629: [DefNew: 139776K->17472K(157248K), 0.2606023 secs] 174048K->174046K(506816K), 0.2606660 secs] [Times: user=0.27 sys=0.00, real=0.26 secs] 
2018-03-17T00:28:26.994+0500: 1932.919: [GC (Allocation Failure) 2018-03-17T00:28:26.994+0500: 1932.919: [DefNew: 157248K->17472K(157248K), 0.3138670 secs] 313822K->313821K(506816K), 0.3139324 secs] [Times: user=0.31 sys=0.00, real=0.32 secs] 
2018-03-17T00:28:27.338+0500: 1933.261: [GC (Allocation Failure) 2018-03-17T00:28:27.338+0500: 1933.261: [DefNew: 157248K->157248K(157248K), 0.0000252 secs]2018-03-17T00:28:27.338+0500: 1933.261: [Tenured: 296349K->23908K(349568K), 0.1628056 secs] 453597K->23908K(506816K), [Metaspace: 5350K->5350K(1056768K)], 0.1629159 secs] [Times: user=0.16 sys=0.00, real=0.16 secs] 
2018-03-17T00:28:27.532+0500: 1933.456: [GC (Allocation Failure) 2018-03-17T00:28:27.532+0500: 1933.456: [DefNew: 139776K->17472K(157248K), 0.2796846 secs] 163684K->163683K(506816K), 0.2797475 secs] [Times: user=0.28 sys=0.00, real=0.28 secs] 
2018-03-17T00:28:27.840+0500: 1933.764: [GC (Allocation Failure) 2018-03-17T00:28:27.840+0500: 1933.764: [DefNew: 157248K->17472K(157248K), 0.2611317 secs] 303459K->303458K(506816K), 0.2611933 secs] [Times: user=0.26 sys=0.00, real=0.26 secs] 
2018-03-17T00:28:28.134+0500: 1934.058: [GC (Allocation Failure) 2018-03-17T00:28:28.134+0500: 1934.058: [DefNew: 146063K->146063K(157248K), 0.0000154 secs]2018-03-17T00:28:28.134+0500: 1934.058: [Tenured: 285986K->715K(349568K), 0.1398667 secs] 432050K->715K(506816K), [Metaspace: 5350K->5350K(1056768K)], 0.1399505 secs] [Times: user=0.14 sys=0.00, real=0.14 secs] 
2018-03-17T00:28:28.301+0500: 1934.225: [GC (Allocation Failure) 2018-03-17T00:28:28.301+0500: 1934.225: [DefNew: 139776K->17472K(157248K), 0.2296633 secs] 140491K->140490K(506816K), 0.2297445 secs] [Times: user=0.23 sys=0.00, real=0.23 secs] 
2018-03-17T00:28:28.572+0500: 1934.495: [GC (Allocation Failure) 2018-03-17T00:28:28.572+0500: 1934.495: [DefNew: 157248K->17472K(157248K), 0.2794340 secs] 280266K->280229K(506816K), 0.2795012 secs] [Times: user=0.28 sys=0.00, real=0.28 secs] 
2018-03-17T00:28:28.880+0500: 1934.804: [GC (Allocation Failure) 2018-03-17T00:28:28.880+0500: 1934.804: [DefNew: 157248K->157248K(157248K), 0.0000163 secs]2018-03-17T00:28:28.880+0500: 1934.804: [Tenured: 262757K->205160K(349568K), 0.4810312 secs] 420005K->205160K(506816K), [Metaspace: 5350K->5350K(1056768K)], 0.4811227 secs] [Times: user=0.48 sys=0.00, real=0.48 secs] 
2018-03-17T00:28:29.388+0500: 1935.312: [GC (Allocation Failure) 2018-03-17T00:28:29.388+0500: 1935.312: [DefNew: 139776K->17472K(157248K), 0.2236949 secs] 344936K->344935K(506816K), 0.2237625 secs] [Times: user=0.22 sys=0.00, real=0.22 secs] 
2018-03-17T00:28:29.639+0500: 1935.563: [GC (Allocation Failure) 2018-03-17T00:28:29.639+0500: 1935.563: [DefNew: 157248K->157248K(157248K), 0.0000141 secs]2018-03-17T00:28:29.639+0500: 1935.563: [Tenured: 327463K->55022K(349568K), 0.2280365 secs] 484711K->55022K(506816K), [Metaspace: 5350K->5350K(1056768K)], 0.2281352 secs] [Times: user=0.22 sys=0.00, real=0.23 secs] 
2018-03-17T00:28:29.902+0500: 1935.826: [GC (Allocation Failure) 2018-03-17T00:28:29.902+0500: 1935.826: [DefNew: 139776K->17472K(157248K), 0.3023550 secs] 194798K->194797K(506816K), 0.3024238 secs] [Times: user=0.28 sys=0.00, real=0.30 secs] 
2018-03-17T00:28:30.232+0500: 1936.155: [GC (Allocation Failure) 2018-03-17T00:28:30.232+0500: 1936.155: [DefNew: 157248K->17471K(157248K), 0.2558814 secs] 334573K->334572K(506816K), 0.2559545 secs] [Times: user=0.25 sys=0.00, real=0.26 secs] 
2018-03-17T00:28:30.514+0500: 1936.437: [GC (Allocation Failure) 2018-03-17T00:28:30.514+0500: 1936.437: [DefNew: 157247K->157247K(157248K), 0.0000167 secs]2018-03-17T00:28:30.514+0500: 1936.437: [Tenured: 317100K->44659K(349568K), 0.2005148 secs] 474348K->44659K(506816K), [Metaspace: 5350K->5350K(1056768K)], 0.2006127 secs] [Times: user=0.20 sys=0.00, real=0.20 secs] 
2018-03-17T00:28:30.745+0500: 1936.669: [GC (Allocation Failure) 2018-03-17T00:28:30.745+0500: 1936.669: [DefNew: 139776K->17471K(157248K), 0.2636219 secs] 184435K->184434K(506816K), 0.2636912 secs] [Times: user=0.26 sys=0.00, real=0.26 secs] 
2018-03-17T00:28:31.036+0500: 1936.960: [GC (Allocation Failure) 2018-03-17T00:28:31.036+0500: 1936.960: [DefNew: 157247K->17472K(157248K), 0.2598039 secs] 324210K->324208K(506816K), 0.2598667 secs] [Times: user=0.27 sys=0.00, real=0.26 secs] 
2018-03-17T00:28:31.321+0500: 1937.246: [GC (Allocation Failure) 2018-03-17T00:28:31.321+0500: 1937.246: [DefNew: 157248K->157248K(157248K), 0.0000244 secs]2018-03-17T00:28:31.322+0500: 1937.246: [Tenured: 306736K->34272K(349568K), 0.1938947 secs] 463984K->34272K(506816K), [Metaspace: 5350K->5350K(1056768K)], 0.1940115 secs] [Times: user=0.19 sys=0.00, real=0.19 secs] 
2018-03-17T00:28:31.557+0500: 1937.480: [GC (Allocation Failure) 2018-03-17T00:28:31.557+0500: 1937.480: [DefNew: 139776K->17472K(157248K), 0.3126858 secs] 174048K->174046K(506816K), 0.3127499 secs] [Times: user=0.31 sys=0.00, real=0.31 secs] 
2018-03-17T00:28:31.897+0500: 1937.820: [GC (Allocation Failure) 2018-03-17T00:28:31.897+0500: 1937.820: [DefNew: 157248K->17472K(157248K), 0.2583678 secs] 313822K->313821K(506816K), 0.2584345 secs] [Times: user=0.25 sys=0.00, real=0.26 secs] 
2018-03-17T00:28:32.180+0500: 1938.104: [GC (Allocation Failure) 2018-03-17T00:28:32.180+0500: 1938.104: [DefNew: 157248K->157248K(157248K), 0.0000163 secs]2018-03-17T00:28:32.180+0500: 1938.104: [Tenured: 296349K->23908K(349568K), 0.1560632 secs] 453597K->23908K(506816K), [Metaspace: 5350K->5350K(1056768K)], 0.1561509 secs] [Times: user=0.16 sys=0.00, real=0.16 secs] 
2018-03-17T00:28:32.364+0500: 1938.288: [GC (Allocation Failure) 2018-03-17T00:28:32.364+0500: 1938.288: [DefNew: 139776K->17472K(157248K), 0.2645949 secs] 163684K->163683K(506816K), 0.2646658 secs] [Times: user=0.27 sys=0.00, real=0.26 secs] 
2018-03-17T00:28:32.663+0500: 1938.587: [GC (Allocation Failure) 2018-03-17T00:28:32.663+0500: 1938.587: [DefNew: 157248K->17472K(157248K), 0.2613464 secs] 303459K->303458K(506816K), 0.2614071 secs] [Times: user=0.25 sys=0.00, real=0.26 secs] 
2018-03-17T00:28:32.953+0500: 1938.876: [GC (Allocation Failure) 2018-03-17T00:28:32.953+0500: 1938.876: [DefNew: 146063K->146063K(157248K), 0.0000205 secs]2018-03-17T00:28:32.953+0500: 1938.876: [Tenured: 285986K->715K(349568K), 0.1395404 secs] 432050K->715K(506816K), [Metaspace: 5350K->5350K(1056768K)], 0.1396370 secs] [Times: user=0.14 sys=0.00, real=0.14 secs] 
2018-03-17T00:28:33.121+0500: 1939.044: [GC (Allocation Failure) 2018-03-17T00:28:33.121+0500: 1939.044: [DefNew: 139776K->17472K(157248K), 0.2351659 secs] 140491K->140490K(506816K), 0.2352279 secs] [Times: user=0.23 sys=0.00, real=0.23 secs] 
2018-03-17T00:28:33.385+0500: 1939.309: [GC (Allocation Failure) 2018-03-17T00:28:33.385+0500: 1939.309: [DefNew: 157248K->17472K(157248K), 0.2622663 secs] 280266K->280229K(506816K), 0.2623279 secs] [Times: user=0.27 sys=0.00, real=0.26 secs] 
2018-03-17T00:28:33.675+0500: 1939.599: [GC (Allocation Failure) 2018-03-17T00:28:33.675+0500: 1939.599: [DefNew: 157248K->157248K(157248K), 0.0000167 secs]2018-03-17T00:28:33.675+0500: 1939.599: [Tenured: 262757K->205160K(349568K), 0.5180750 secs] 420005K->205160K(506816K), [Metaspace: 5350K->5350K(1056768K)], 0.5181648 secs] [Times: user=0.53 sys=0.00, real=0.52 secs] 
2018-03-17T00:28:34.221+0500: 1940.144: [GC (Allocation Failure) 2018-03-17T00:28:34.221+0500: 1940.144: [DefNew: 139776K->17472K(157248K), 0.2343999 secs] 344936K->344935K(506816K), 0.2345334 secs] [Times: user=0.23 sys=0.00, real=0.23 secs] 
2018-03-17T00:28:34.482+0500: 1940.405: [GC (Allocation Failure) 2018-03-17T00:28:34.482+0500: 1940.405: [DefNew: 157248K->157248K(157248K), 0.0000158 secs]2018-03-17T00:28:34.482+0500: 1940.405: [Tenured: 327463K->55022K(349568K), 0.2239023 secs] 484711K->55022K(506816K), [Metaspace: 5350K->5350K(1056768K)], 0.2240045 secs] [Times: user=0.22 sys=0.00, real=0.22 secs] 
2018-03-17T00:28:34.735+0500: 1940.659: [GC (Allocation Failure) 2018-03-17T00:28:34.735+0500: 1940.659: [DefNew: 139776K->17472K(157248K), 0.2564981 secs] 194798K->194797K(506816K), 0.2565648 secs] [Times: user=0.27 sys=0.00, real=0.26 secs] 
2018-03-17T00:28:35.017+0500: 1940.941: [GC (Allocation Failure) 2018-03-17T00:28:35.017+0500: 1940.941: [DefNew: 157248K->17471K(157248K), 0.2585239 secs] 334573K->334572K(506816K), 0.2585902 secs] [Times: user=0.27 sys=0.00, real=0.26 secs] 
2018-03-17T00:28:35.301+0500: 1941.226: [GC (Allocation Failure) 2018-03-17T00:28:35.301+0500: 1941.226: [DefNew: 157247K->157247K(157248K), 0.0000167 secs]2018-03-17T00:28:35.301+0500: 1941.226: [Tenured: 317100K->44659K(349568K), 0.2009587 secs] 474348K->44659K(506816K), [Metaspace: 5350K->5350K(1056768K)], 0.2010686 secs] [Times: user=0.20 sys=0.00, real=0.20 secs] 
2018-03-17T00:28:35.531+0500: 1941.455: [GC (Allocation Failure) 2018-03-17T00:28:35.531+0500: 1941.455: [DefNew: 139776K->17471K(157248K), 0.2892149 secs] 184435K->184434K(506816K), 0.2893684 secs] [Times: user=0.28 sys=0.02, real=0.29 secs] 
2018-03-17T00:28:35.857+0500: 1941.780: [GC (Allocation Failure) 2018-03-17T00:28:35.857+0500: 1941.780: [DefNew: 157247K->17472K(157248K), 0.2854909 secs] 324210K->324208K(506816K), 0.2855520 secs] [Times: user=0.28 sys=0.00, real=0.28 secs] 
2018-03-17T00:28:36.172+0500: 1942.095: [GC (Allocation Failure) 2018-03-17T00:28:36.172+0500: 1942.095: [DefNew: 157248K->157248K(157248K), 0.0000171 secs]2018-03-17T00:28:36.172+0500: 1942.096: [Tenured: 306736K->34272K(349568K), 0.1869064 secs] 463984K->34272K(506816K), [Metaspace: 5350K->5350K(1056768K)], 0.1869992 secs] [Times: user=0.19 sys=0.00, real=0.19 secs] 
2018-03-17T00:28:36.390+0500: 1942.314: [GC (Allocation Failure) 2018-03-17T00:28:36.390+0500: 1942.314: [DefNew: 139776K->17472K(157248K), 0.2698422 secs] 174048K->174046K(506816K), 0.2699076 secs] [Times: user=0.26 sys=0.00, real=0.27 secs] 
2018-03-17T00:28:36.688+0500: 1942.612: [GC (Allocation Failure) 2018-03-17T00:28:36.688+0500: 1942.612: [DefNew: 157248K->17472K(157248K), 0.2540793 secs] 313822K->313821K(506816K), 0.2541434 secs] [Times: user=0.25 sys=0.00, real=0.25 secs] 
2018-03-17T00:28:36.968+0500: 1942.892: [GC (Allocation Failure) 2018-03-17T00:28:36.968+0500: 1942.893: [DefNew: 157248K->157248K(157248K), 0.0000163 secs]2018-03-17T00:28:36.968+0500: 1942.893: [Tenured: 296349K->23908K(349568K), 0.1583405 secs] 453597K->23908K(506816K), [Metaspace: 5350K->5350K(1056768K)], 0.1584504 secs] [Times: user=0.16 sys=0.00, real=0.16 secs] 
2018-03-17T00:28:37.156+0500: 1943.079: [GC (Allocation Failure) 2018-03-17T00:28:37.156+0500: 1943.079: [DefNew: 139776K->17472K(157248K), 0.2703455 secs] 163684K->163683K(506816K), 0.2704075 secs] [Times: user=0.25 sys=0.00, real=0.27 secs] 
2018-03-17T00:28:37.457+0500: 1943.381: [GC (Allocation Failure) 2018-03-17T00:28:37.457+0500: 1943.381: [DefNew: 157248K->17472K(157248K), 0.2910585 secs] 303459K->303458K(506816K), 0.2911256 secs] [Times: user=0.30 sys=0.00, real=0.29 secs] 
2018-03-17T00:28:37.778+0500: 1943.702: [GC (Allocation Failure) 2018-03-17T00:28:37.778+0500: 1943.702: [DefNew: 146063K->146063K(157248K), 0.0000150 secs]2018-03-17T00:28:37.778+0500: 1943.702: [Tenured: 285986K->715K(349568K), 0.1383028 secs] 432050K->715K(506816K), [Metaspace: 5350K->5350K(1056768K)], 0.1383900 secs] [Times: user=0.14 sys=0.00, real=0.14 secs] 
2018-03-17T00:28:37.941+0500: 1943.865: [GC (Allocation Failure) 2018-03-17T00:28:37.941+0500: 1943.865: [DefNew: 139776K->17472K(157248K), 0.2226301 secs] 140491K->140490K(506816K), 0.2226934 secs] [Times: user=0.23 sys=0.00, real=0.22 secs] 
2018-03-17T00:28:38.189+0500: 1944.113: [GC (Allocation Failure) 2018-03-17T00:28:38.189+0500: 1944.113: [DefNew: 157248K->17472K(157248K), 0.2576215 secs] 280266K->280229K(506816K), 0.2576917 secs] [Times: user=0.27 sys=0.00, real=0.26 secs] 
2018-03-17T00:28:38.476+0500: 1944.400: [GC (Allocation Failure) 2018-03-17T00:28:38.476+0500: 1944.400: [DefNew: 157248K->157248K(157248K), 0.0000171 secs]2018-03-17T00:28:38.476+0500: 1944.400: [Tenured: 262757K->205160K(349568K), 0.4741545 secs] 420005K->205160K(506816K), [Metaspace: 5350K->5350K(1056768K)], 0.4742473 secs] [Times: user=0.45 sys=0.00, real=0.47 secs] 
2018-03-17T00:28:38.979+0500: 1944.902: [GC (Allocation Failure) 2018-03-17T00:28:38.979+0500: 1944.902: [DefNew: 139776K->17472K(157248K), 0.2274553 secs] 344936K->344935K(506816K), 0.2275365 secs] [Times: user=0.22 sys=0.00, real=0.23 secs] 
2018-03-17T00:28:39.232+0500: 1945.156: [GC (Allocation Failure) 2018-03-17T00:28:39.232+0500: 1945.156: [DefNew: 157248K->157248K(157248K), 0.0000265 secs]2018-03-17T00:28:39.232+0500: 1945.156: [Tenured: 327463K->55022K(349568K), 0.2231026 secs] 484711K->55022K(506816K), [Metaspace: 5350K->5350K(1056768K)], 0.2232087 secs] [Times: user=0.22 sys=0.00, real=0.22 secs] 
2018-03-17T00:28:39.483+0500: 1945.407: [GC (Allocation Failure) 2018-03-17T00:28:39.483+0500: 1945.407: [DefNew: 139776K->17472K(157248K), 0.2568723 secs] 194798K->194797K(506816K), 0.2569339 secs] [Times: user=0.27 sys=0.00, real=0.26 secs] 
2018-03-17T00:28:39.765+0500: 1945.690: [GC (Allocation Failure) 2018-03-17T00:28:39.765+0500: 1945.690: [DefNew: 157248K->17471K(157248K), 0.2523199 secs] 334573K->334572K(506816K), 0.2523824 secs] [Times: user=0.25 sys=0.00, real=0.25 secs] 
2018-03-17T00:28:40.044+0500: 1945.967: [GC (Allocation Failure) 2018-03-17T00:28:40.044+0500: 1945.967: [DefNew: 157247K->157247K(157248K), 0.0000167 secs]2018-03-17T00:28:40.044+0500: 1945.967: [Tenured: 317100K->44659K(349568K), 0.2004053 secs] 474348K->44659K(506816K), [Metaspace: 5350K->5350K(1056768K)], 0.2005024 secs] [Times: user=0.20 sys=0.00, real=0.20 secs] 
2018-03-17T00:28:40.273+0500: 1946.196: [GC (Allocation Failure) 2018-03-17T00:28:40.273+0500: 1946.196: [DefNew: 139776K->17471K(157248K), 0.2588921 secs] 184435K->184434K(506816K), 0.2589541 secs] [Times: user=0.25 sys=0.00, real=0.26 secs] 
2018-03-17T00:28:40.558+0500: 1946.482: [GC (Allocation Failure) 2018-03-17T00:28:40.558+0500: 1946.482: [DefNew: 157247K->17472K(157248K), 0.2619785 secs] 324210K->324208K(506816K), 0.2620499 secs] [Times: user=0.27 sys=0.00, real=0.26 secs] 
2018-03-17T00:28:40.851+0500: 1946.775: [GC (Allocation Failure) 2018-03-17T00:28:40.851+0500: 1946.775: [DefNew: 157248K->157248K(157248K), 0.0000154 secs]2018-03-17T00:28:40.851+0500: 1946.775: [Tenured: 306736K->34272K(349568K), 0.1772560 secs] 463984K->34272K(506816K), [Metaspace: 5350K->5350K(1056768K)], 0.1773424 secs] [Times: user=0.17 sys=0.00, real=0.18 secs] 
2018-03-17T00:28:41.059+0500: 1946.983: [GC (Allocation Failure) 2018-03-17T00:28:41.059+0500: 1946.983: [DefNew: 139776K->17472K(157248K), 0.2702668 secs] 174048K->174046K(506816K), 0.2703280 secs] [Times: user=0.27 sys=0.00, real=0.27 secs] 
2018-03-17T00:28:41.356+0500: 1947.280: [GC (Allocation Failure) 2018-03-17T00:28:41.356+0500: 1947.280: [DefNew: 157248K->17472K(157248K), 0.3000704 secs] 313822K->313821K(506816K), 0.3001320 secs] [Times: user=0.30 sys=0.00, real=0.30 secs] 
2018-03-17T00:28:41.682+0500: 1947.606: [GC (Allocation Failure) 2018-03-17T00:28:41.682+0500: 1947.606: [DefNew: 157248K->157248K(157248K), 0.0000167 secs]2018-03-17T00:28:41.682+0500: 1947.606: [Tenured: 296349K->23908K(349568K), 0.1569497 secs] 453597K->23908K(506816K), [Metaspace: 5350K->5350K(1056768K)], 0.1570387 secs] [Times: user=0.16 sys=0.00, real=0.16 secs] 
2018-03-17T00:28:41.867+0500: 1947.791: [GC (Allocation Failure) 2018-03-17T00:28:41.867+0500: 1947.791: [DefNew: 139776K->17472K(157248K), 0.2638559 secs] 163684K->163683K(506816K), 0.2639247 secs] [Times: user=0.27 sys=0.00, real=0.26 secs] 
2018-03-17T00:28:42.157+0500: 1948.081: [GC (Allocation Failure) 2018-03-17T00:28:42.157+0500: 1948.081: [DefNew: 157248K->17472K(157248K), 0.2570793 secs] 303459K->303458K(506816K), 0.2571426 secs] [Times: user=0.27 sys=0.00, real=0.26 secs] 
2018-03-17T00:28:42.440+0500: 1948.364: [GC (Allocation Failure) 2018-03-17T00:28:42.440+0500: 1948.364: [DefNew: 146063K->146063K(157248K), 0.0000167 secs]2018-03-17T00:28:42.440+0500: 1948.364: [Tenured: 285986K->715K(349568K), 0.1378828 secs] 432050K->715K(506816K), [Metaspace: 5350K->5350K(1056768K)], 0.1379713 secs] [Times: user=0.14 sys=0.00, real=0.14 secs] 
2018-03-17T00:28:42.603+0500: 1948.528: [GC (Allocation Failure) 2018-03-17T00:28:42.603+0500: 1948.528: [DefNew: 139776K->17472K(157248K), 0.2664650 secs] 140491K->140490K(506816K), 0.2665317 secs] [Times: user=0.25 sys=0.00, real=0.27 secs] 
2018-03-17T00:28:42.897+0500: 1948.821: [GC (Allocation Failure) 2018-03-17T00:28:42.897+0500: 1948.821: [DefNew: 157248K->17472K(157248K), 0.2627902 secs] 280266K->280229K(506816K), 0.2628556 secs] [Times: user=0.25 sys=0.00, real=0.26 secs] 
2018-03-17T00:28:43.188+0500: 1949.112: [GC (Allocation Failure) 2018-03-17T00:28:43.188+0500: 1949.112: [DefNew: 157248K->157248K(157248K), 0.0000137 secs]2018-03-17T00:28:43.188+0500: 1949.112: [Tenured: 262757K->205160K(349568K), 0.4800476 secs] 420005K->205160K(506816K), [Metaspace: 5350K->5350K(1056768K)], 0.4801331 secs] [Times: user=0.48 sys=0.00, real=0.48 secs] 
2018-03-17T00:28:43.695+0500: 1949.619: [GC (Allocation Failure) 2018-03-17T00:28:43.695+0500: 1949.619: [DefNew: 139776K->17472K(157248K), 0.2283371 secs] 344936K->344935K(506816K), 0.2284008 secs] [Times: user=0.22 sys=0.00, real=0.23 secs] 
2018-03-17T00:28:43.950+0500: 1949.874: [GC (Allocation Failure) 2018-03-17T00:28:43.950+0500: 1949.874: [DefNew: 157248K->157248K(157248K), 0.0000235 secs]2018-03-17T00:28:43.950+0500: 1949.874: [Tenured: 327463K->55022K(349568K), 0.2421221 secs] 484711K->55022K(506816K), [Metaspace: 5350K->5350K(1056768K)], 0.2422534 secs] [Times: user=0.24 sys=0.00, real=0.24 secs] 
2018-03-17T00:28:44.226+0500: 1950.150: [GC (Allocation Failure) 2018-03-17T00:28:44.226+0500: 1950.150: [DefNew: 139776K->17472K(157248K), 0.3006567 secs] 194798K->194797K(506816K), 0.3007200 secs] [Times: user=0.30 sys=0.00, real=0.30 secs] 
2018-03-17T00:28:44.555+0500: 1950.478: [GC (Allocation Failure) 2018-03-17T00:28:44.555+0500: 1950.478: [DefNew: 157248K->17471K(157248K), 0.2534002 secs] 334573K->334572K(506816K), 0.2534831 secs] [Times: user=0.25 sys=0.00, real=0.25 secs] 
2018-03-17T00:28:44.833+0500: 1950.757: [GC (Allocation Failure) 2018-03-17T00:28:44.833+0500: 1950.757: [DefNew: 157247K->157247K(157248K), 0.0000175 secs]2018-03-17T00:28:44.833+0500: 1950.757: [Tenured: 317100K->44659K(349568K), 0.2038954 secs] 474348K->44659K(506816K), [Metaspace: 5350K->5350K(1056768K)], 0.2040122 secs] [Times: user=0.20 sys=0.02, real=0.20 secs] 
2018-03-17T00:28:45.067+0500: 1950.992: [GC (Allocation Failure) 2018-03-17T00:28:45.067+0500: 1950.992: [DefNew: 139776K->17471K(157248K), 0.2691866 secs] 184435K->184434K(506816K), 0.2692717 secs] [Times: user=0.28 sys=0.00, real=0.27 secs] 
2018-03-17T00:28:45.365+0500: 1951.289: [GC (Allocation Failure) 2018-03-17T00:28:45.365+0500: 1951.289: [DefNew: 157247K->17472K(157248K), 0.2573675 secs] 324210K->324208K(506816K), 0.2574475 secs] [Times: user=0.25 sys=0.00, real=0.26 secs] 
2018-03-17T00:28:45.652+0500: 1951.575: [GC (Allocation Failure) 2018-03-17T00:28:45.652+0500: 1951.575: [DefNew: 157248K->157248K(157248K), 0.0000167 secs]2018-03-17T00:28:45.652+0500: 1951.575: [Tenured: 306736K->34272K(349568K), 0.1919810 secs] 463984K->34272K(506816K), [Metaspace: 5350K->5350K(1056768K)], 0.1920755 secs] [Times: user=0.19 sys=0.00, real=0.19 secs] 
2018-03-17T00:28:45.875+0500: 1951.799: [GC (Allocation Failure) 2018-03-17T00:28:45.875+0500: 1951.799: [DefNew: 139776K->17472K(157248K), 0.2556107 secs] 174048K->174046K(506816K), 0.2556796 secs] [Times: user=0.27 sys=0.00, real=0.26 secs] 
2018-03-17T00:28:46.156+0500: 1952.080: [GC (Allocation Failure) 2018-03-17T00:28:46.156+0500: 1952.080: [DefNew: 157248K->17472K(157248K), 0.2514509 secs] 313822K->313821K(506816K), 0.2515129 secs] [Times: user=0.25 sys=0.00, real=0.25 secs] 
2018-03-17T00:28:46.435+0500: 1952.359: [GC (Allocation Failure) 2018-03-17T00:28:46.435+0500: 1952.359: [DefNew: 157248K->157248K(157248K), 0.0000163 secs]2018-03-17T00:28:46.435+0500: 1952.359: [Tenured: 296349K->23908K(349568K), 0.1648686 secs] 453597K->23908K(506816K), [Metaspace: 5350K->5350K(1056768K)], 0.1649593 secs] [Times: user=0.17 sys=0.00, real=0.16 secs] 
2018-03-17T00:28:46.629+0500: 1952.553: [GC (Allocation Failure) 2018-03-17T00:28:46.629+0500: 1952.553: [DefNew: 139776K->17472K(157248K), 0.2594339 secs] 163684K->163683K(506816K), 0.2595079 secs] [Times: user=0.23 sys=0.00, real=0.26 secs] 
2018-03-17T00:28:46.915+0500: 1952.838: [GC (Allocation Failure) 2018-03-17T00:28:46.915+0500: 1952.838: [DefNew: 157248K->17472K(157248K), 0.2546019 secs] 303459K->303458K(506816K), 0.2546617 secs] [Times: user=0.25 sys=0.00, real=0.25 secs] 
2018-03-17T00:28:47.195+0500: 1953.118: [GC (Allocation Failure) 2018-03-17T00:28:47.195+0500: 1953.118: [DefNew: 146063K->146063K(157248K), 0.0000171 secs]2018-03-17T00:28:47.195+0500: 1953.118: [Tenured: 285986K->715K(349568K), 0.1368688 secs] 432050K->715K(506816K), [Metaspace: 5350K->5350K(1056768K)], 0.1369663 secs] [Times: user=0.13 sys=0.00, real=0.14 secs] 
2018-03-17T00:28:47.359+0500: 1953.283: [GC (Allocation Failure) 2018-03-17T00:28:47.359+0500: 1953.283: [DefNew: 139776K->17472K(157248K), 0.2245618 secs] 140491K->140490K(506816K), 0.2246263 secs] [Times: user=0.22 sys=0.00, real=0.22 secs] 
2018-03-17T00:28:47.609+0500: 1953.533: [GC (Allocation Failure) 2018-03-17T00:28:47.609+0500: 1953.533: [DefNew: 157248K->17472K(157248K), 0.2573119 secs] 280266K->280229K(506816K), 0.2573735 secs] [Times: user=0.26 sys=0.00, real=0.26 secs] 
2018-03-17T00:28:47.896+0500: 1953.820: [GC (Allocation Failure) 2018-03-17T00:28:47.896+0500: 1953.820: [DefNew: 157248K->157248K(157248K), 0.0000167 secs]2018-03-17T00:28:47.896+0500: 1953.820: [Tenured: 262757K->205160K(349568K), 0.4866407 secs] 420005K->205160K(506816K), [Metaspace: 5350K->5350K(1056768K)], 0.4867323 secs] [Times: user=0.48 sys=0.00, real=0.49 secs] 
2018-03-17T00:28:48.410+0500: 1954.333: [GC (Allocation Failure) 2018-03-17T00:28:48.410+0500: 1954.333: [DefNew: 139776K->17472K(157248K), 0.2386538 secs] 344936K->344935K(506816K), 0.2387346 secs] [Times: user=0.23 sys=0.02, real=0.24 secs] 
2018-03-17T00:28:48.675+0500: 1954.599: [GC (Allocation Failure) 2018-03-17T00:28:48.675+0500: 1954.599: [DefNew: 157248K->157248K(157248K), 0.0000291 secs]2018-03-17T00:28:48.675+0500: 1954.599: [Tenured: 327463K->55022K(349568K), 0.2256993 secs] 484711K->55022K(506816K), [Metaspace: 5350K->5350K(1056768K)], 0.2258033 secs] [Times: user=0.23 sys=0.00, real=0.23 secs] 
2018-03-17T00:28:48.937+0500: 1954.861: [GC (Allocation Failure) 2018-03-17T00:28:48.937+0500: 1954.861: [DefNew: 139776K->17472K(157248K), 0.2726001 secs] 194798K->194797K(506816K), 0.2726625 secs] [Times: user=0.28 sys=0.00, real=0.27 secs] 
2018-03-17T00:28:49.241+0500: 1955.165: [GC (Allocation Failure) 2018-03-17T00:28:49.241+0500: 1955.165: [DefNew: 157248K->17471K(157248K), 0.2578191 secs] 334573K->334572K(506816K), 0.2578987 secs] [Times: user=0.25 sys=0.00, real=0.26 secs] 
2018-03-17T00:28:49.524+0500: 1955.448: [GC (Allocation Failure) 2018-03-17T00:28:49.524+0500: 1955.448: [DefNew: 157247K->157247K(157248K), 0.0000167 secs]2018-03-17T00:28:49.524+0500: 1955.448: [Tenured: 317100K->44659K(349568K), 0.2018110 secs] 474348K->44659K(506816K), [Metaspace: 5350K->5350K(1056768K)], 0.2019013 secs] [Times: user=0.20 sys=0.00, real=0.20 secs] 
2018-03-17T00:28:49.755+0500: 1955.679: [GC (Allocation Failure) 2018-03-17T00:28:49.755+0500: 1955.679: [DefNew: 139776K->17471K(157248K), 0.2712534 secs] 184435K->184434K(506816K), 0.2713223 secs] [Times: user=0.28 sys=0.00, real=0.27 secs] 
2018-03-17T00:28:50.052+0500: 1955.976: [GC (Allocation Failure) 2018-03-17T00:28:50.052+0500: 1955.976: [DefNew: 157247K->17472K(157248K), 0.2502197 secs] 324210K->324208K(506816K), 0.2502967 secs] [Times: user=0.25 sys=0.00, real=0.25 secs] 
2018-03-17T00:28:50.328+0500: 1956.252: [GC (Allocation Failure) 2018-03-17T00:28:50.328+0500: 1956.252: [DefNew: 157248K->157248K(157248K), 0.0000141 secs]2018-03-17T00:28:50.328+0500: 1956.252: [Tenured: 306736K->34272K(349568K), 0.1773249 secs] 463984K->34272K(506816K), [Metaspace: 5350K->5350K(1056768K)], 0.1774113 secs] [Times: user=0.17 sys=0.00, real=0.18 secs] 
2018-03-17T00:28:50.536+0500: 1956.460: [GC (Allocation Failure) 2018-03-17T00:28:50.536+0500: 1956.460: [DefNew: 139776K->17472K(157248K), 0.2673549 secs] 174048K->174046K(506816K), 0.2674456 secs] [Times: user=0.27 sys=0.00, real=0.27 secs] 
2018-03-17T00:28:50.830+0500: 1956.754: [GC (Allocation Failure) 2018-03-17T00:28:50.830+0500: 1956.754: [DefNew: 157248K->17472K(157248K), 0.3217324 secs] 313822K->313821K(506816K), 0.3218042 secs] [Times: user=0.33 sys=0.00, real=0.32 secs] 
2018-03-17T00:28:51.180+0500: 1957.104: [GC (Allocation Failure) 2018-03-17T00:28:51.180+0500: 1957.104: [DefNew: 157248K->157248K(157248K), 0.0000385 secs]2018-03-17T00:28:51.180+0500: 1957.104: [Tenured: 296349K->23908K(349568K), 0.1580792 secs] 453597K->23908K(506816K), [Metaspace: 5350K->5350K(1056768K)], 0.1582417 secs] [Times: user=0.16 sys=0.00, real=0.16 secs] 
2018-03-17T00:28:51.369+0500: 1957.292: [GC (Allocation Failure) 2018-03-17T00:28:51.369+0500: 1957.292: [DefNew: 139776K->17472K(157248K), 0.2679545 secs] 163684K->163683K(506816K), 0.2680191 secs] [Times: user=0.26 sys=0.00, real=0.27 secs] 
2018-03-17T00:28:51.687+0500: 1957.611: [GC (Allocation Failure) 2018-03-17T00:28:51.687+0500: 1957.611: [DefNew: 157248K->17472K(157248K), 0.4137463 secs] 303459K->303458K(506816K), 0.4138224 secs] [Times: user=0.42 sys=0.00, real=0.41 secs] 
2018-03-17T00:28:52.139+0500: 1958.063: [GC (Allocation Failure) 2018-03-17T00:28:52.139+0500: 1958.063: [DefNew: 146063K->146063K(157248K), 0.0000197 secs]2018-03-17T00:28:52.139+0500: 1958.063: [Tenured: 285986K->715K(349568K), 0.1549103 secs] 432050K->715K(506816K), [Metaspace: 5350K->5350K(1056768K)], 0.1550257 secs] [Times: user=0.16 sys=0.00, real=0.15 secs] 
2018-03-17T00:28:52.337+0500: 1958.262: [GC (Allocation Failure) 2018-03-17T00:28:52.337+0500: 1958.262: [DefNew: 139776K->17472K(157248K), 0.3191784 secs] 140491K->140490K(506816K), 0.3192614 secs] [Times: user=0.31 sys=0.00, real=0.32 secs] 
2018-03-17T00:28:52.691+0500: 1958.615: [GC (Allocation Failure) 2018-03-17T00:28:52.691+0500: 1958.615: [DefNew: 157248K->17472K(157248K), 0.4168152 secs] 280266K->280229K(506816K), 0.4169362 secs] [Times: user=0.41 sys=0.00, real=0.42 secs] 
2018-03-17T00:28:53.156+0500: 1959.080: [GC (Allocation Failure) 2018-03-17T00:28:53.156+0500: 1959.080: [DefNew: 157248K->157248K(157248K), 0.0000325 secs]2018-03-17T00:28:53.156+0500: 1959.080: [Tenured: 262757K->205160K(349568K), 0.6130470 secs] 420005K->205160K(506816K), [Metaspace: 5350K->5350K(1056768K)], 0.6131822 secs] [Times: user=0.61 sys=0.00, real=0.61 secs] 
2018-03-17T00:28:53.807+0500: 1959.731: [GC (Allocation Failure) 2018-03-17T00:28:53.807+0500: 1959.731: [DefNew: 139776K->17472K(157248K), 0.2938156 secs] 344936K->344935K(506816K), 0.2939020 secs] [Times: user=0.30 sys=0.00, real=0.30 secs] 
2018-03-17T00:28:54.132+0500: 1960.056: [GC (Allocation Failure) 2018-03-17T00:28:54.132+0500: 1960.056: [DefNew: 157248K->157248K(157248K), 0.0000192 secs]2018-03-17T00:28:54.132+0500: 1960.056: [Tenured: 327463K->55022K(349568K), 0.2641723 secs] 484711K->55022K(506816K), [Metaspace: 5350K->5350K(1056768K)], 0.2642899 secs] [Times: user=0.25 sys=0.00, real=0.26 secs] 
2018-03-17T00:28:54.436+0500: 1960.360: [GC (Allocation Failure) 2018-03-17T00:28:54.436+0500: 1960.360: [DefNew: 139776K->17472K(157248K), 0.3674759 secs] 194798K->194797K(506816K), 0.3675499 secs] [Times: user=0.38 sys=0.00, real=0.37 secs] 
2018-03-17T00:28:54.842+0500: 1960.766: [GC (Allocation Failure) 2018-03-17T00:28:54.842+0500: 1960.766: [DefNew: 157248K->17471K(157248K), 0.3481511 secs] 334573K->334572K(506816K), 0.3482298 secs] [Times: user=0.34 sys=0.00, real=0.35 secs] 
2018-03-17T00:28:55.224+0500: 1961.149: [GC (Allocation Failure) 2018-03-17T00:28:55.224+0500: 1961.149: [DefNew: 157247K->157247K(157248K), 0.0000257 secs]2018-03-17T00:28:55.224+0500: 1961.149: [Tenured: 317100K->44659K(349568K), 0.2320684 secs] 474348K->44659K(506816K), [Metaspace: 5350K->5350K(1056768K)], 0.2321911 secs] [Times: user=0.24 sys=0.00, real=0.23 secs] 
2018-03-17T00:28:55.498+0500: 1961.422: [GC (Allocation Failure) 2018-03-17T00:28:55.498+0500: 1961.422: [DefNew: 139776K->17471K(157248K), 0.3364274 secs] 184435K->184434K(506816K), 0.3365138 secs] [Times: user=0.34 sys=0.00, real=0.34 secs] 
2018-03-17T00:28:55.870+0500: 1961.794: [GC (Allocation Failure) 2018-03-17T00:28:55.870+0500: 1961.794: [DefNew: 157247K->17472K(157248K), 0.3016044 secs] 324210K->324208K(506816K), 0.3016823 secs] [Times: user=0.30 sys=0.00, real=0.30 secs] 
2018-03-17T00:28:56.204+0500: 1962.128: [GC (Allocation Failure) 2018-03-17T00:28:56.204+0500: 1962.128: [DefNew: 157248K->157248K(157248K), 0.0000175 secs]2018-03-17T00:28:56.204+0500: 1962.128: [Tenured: 306736K->34272K(349568K), 0.1839415 secs] 463984K->34272K(506816K), [Metaspace: 5350K->5350K(1056768K)], 0.1840369 secs] [Times: user=0.19 sys=0.00, real=0.18 secs] 
2018-03-17T00:28:56.420+0500: 1962.345: [GC (Allocation Failure) 2018-03-17T00:28:56.420+0500: 1962.345: [DefNew: 139776K->17472K(157248K), 0.2700119 secs] 174048K->174046K(506816K), 0.2700808 secs] [Times: user=0.27 sys=0.00, real=0.27 secs] 
2018-03-17T00:28:56.718+0500: 1962.642: [GC (Allocation Failure) 2018-03-17T00:28:56.718+0500: 1962.642: [DefNew: 157248K->17472K(157248K), 0.2873931 secs] 313822K->313821K(506816K), 0.2874748 secs] [Times: user=0.28 sys=0.00, real=0.29 secs] 
2018-03-17T00:28:57.033+0500: 1962.957: [GC (Allocation Failure) 2018-03-17T00:28:57.033+0500: 1962.957: [DefNew: 157248K->157248K(157248K), 0.0000171 secs]2018-03-17T00:28:57.033+0500: 1962.957: [Tenured: 296349K->23908K(349568K), 0.1577542 secs] 453597K->23908K(506816K), [Metaspace: 5350K->5350K(1056768K)], 0.1578457 secs] [Times: user=0.16 sys=0.00, real=0.16 secs] 
2018-03-17T00:28:57.223+0500: 1963.147: [GC (Allocation Failure) 2018-03-17T00:28:57.223+0500: 1963.147: [DefNew: 139776K->17472K(157248K), 0.2813815 secs] 163684K->163683K(506816K), 0.2814572 secs] [Times: user=0.28 sys=0.00, real=0.28 secs] 
2018-03-17T00:28:57.532+0500: 1963.456: [GC (Allocation Failure) 2018-03-17T00:28:57.532+0500: 1963.456: [DefNew: 157248K->17472K(157248K), 0.2635026 secs] 303459K->303458K(506816K), 0.2635796 secs] [Times: user=0.27 sys=0.00, real=0.26 secs] 
2018-03-17T00:28:57.834+0500: 1963.758: [GC (Allocation Failure) 2018-03-17T00:28:57.834+0500: 1963.758: [DefNew: 146063K->146063K(157248K), 0.0000274 secs]2018-03-17T00:28:57.834+0500: 1963.758: [Tenured: 285986K->715K(349568K), 0.1489252 secs] 432050K->715K(506816K), [Metaspace: 5350K->5350K(1056768K)], 0.1490403 secs] [Times: user=0.14 sys=0.00, real=0.15 secs] 
2018-03-17T00:28:58.009+0500: 1963.933: [GC (Allocation Failure) 2018-03-17T00:28:58.009+0500: 1963.933: [DefNew: 139776K->17472K(157248K), 0.2527839 secs] 140491K->140490K(506816K), 0.2528481 secs] [Times: user=0.25 sys=0.00, real=0.25 secs] 
2018-03-17T00:28:58.290+0500: 1964.214: [GC (Allocation Failure) 2018-03-17T00:28:58.290+0500: 1964.214: [DefNew: 157248K->17472K(157248K), 0.2648065 secs] 280266K->280229K(506816K), 0.2649015 secs] [Times: user=0.27 sys=0.00, real=0.27 secs] 
