Java HotSpot(TM) 64-Bit Server VM (25.131-b11) for windows-amd64 JRE (1.8.0_131-b11), built on Mar 15 2017 01:23:53 by "java_re" with MS VC++ 10.0 (VS2010)
Memory: 4k page, physical 8300384k(3128476k free), swap 10135392k(2303168k free)
CommandLine flags: -XX:GCLogFileSize=1048576 -XX:InitialHeapSize=268435456 -XX:MaxHeapSize=268435456 -XX:+PrintGC -XX:+PrintGCDateStamps -XX:+PrintGCDetails -XX:+PrintGCTimeStamps -XX:+UseCompressedClassPointers -XX:+UseCompressedOops -XX:-UseLargePagesIndividualAllocation -XX:+UseSerialGC 
2018-07-09T23:20:52.003+0500: 1.351: [GC (Allocation Failure) 2018-07-09T23:20:52.003+0500: 1.351: [DefNew: 69952K->8703K(78656K), 0.0192017 secs] 69952K->20298K(253440K), 0.0193723 secs] [Times: user=0.00 sys=0.01, real=0.02 secs] 
2018-07-09T23:20:53.036+0500: 2.385: [GC (Allocation Failure) 2018-07-09T23:20:53.036+0500: 2.385: [DefNew: 78655K->8703K(78656K), 0.0297370 secs] 90250K->51137K(253440K), 0.0298182 secs] [Times: user=0.01 sys=0.02, real=0.03 secs] 
2018-07-09T23:20:55.085+0500: 4.433: [GC (Allocation Failure) 2018-07-09T23:20:55.085+0500: 4.433: [DefNew: 78655K->8703K(78656K), 0.0199984 secs] 121089K->79657K(253440K), 0.0200792 secs] [Times: user=0.00 sys=0.02, real=0.02 secs] 
2018-07-09T23:20:56.121+0500: 5.471: [GC (Allocation Failure) 2018-07-09T23:20:56.121+0500: 5.471: [DefNew: 78655K->8703K(78656K), 0.0229321 secs] 149609K->111067K(253440K), 0.0230083 secs] [Times: user=0.03 sys=0.00, real=0.02 secs] 
2018-07-09T23:20:57.161+0500: 6.510: [GC (Allocation Failure) 2018-07-09T23:20:57.161+0500: 6.510: [DefNew: 78655K->8703K(78656K), 0.0223129 secs] 181019K->146040K(253440K), 0.0223813 secs] [Times: user=0.00 sys=0.02, real=0.02 secs] 
2018-07-09T23:20:59.212+0500: 8.560: [GC (Allocation Failure) 2018-07-09T23:20:59.212+0500: 8.560: [DefNew: 78655K->78655K(78656K), 0.0000218 secs]2018-07-09T23:20:59.212+0500: 8.560: [Tenured: 137336K->121456K(174784K), 0.0396543 secs] 215992K->121456K(253440K), [Metaspace: 5320K->5320K(1056768K)], 0.0397894 secs] [Times: user=0.05 sys=0.00, real=0.04 secs] 
2018-07-09T23:21:00.271+0500: 9.620: [GC (Allocation Failure) 2018-07-09T23:21:00.271+0500: 9.620: [DefNew: 69952K->8703K(78656K), 0.0138214 secs] 191408K->156427K(253440K), 0.0138847 secs] [Times: user=0.00 sys=0.02, real=0.01 secs] 
2018-07-09T23:21:02.317+0500: 11.666: [GC (Allocation Failure) 2018-07-09T23:21:02.317+0500: 11.666: [DefNew: 78655K->78655K(78656K), 0.0000141 secs]2018-07-09T23:21:02.318+0500: 11.666: [Tenured: 147723K->152747K(174784K), 0.0513002 secs] 226379K->152747K(253440K), [Metaspace: 5320K->5320K(1056768K)], 0.0514413 secs] [Times: user=0.05 sys=0.00, real=0.05 secs] 
2018-07-09T23:21:03.395+0500: 12.744: [GC (Allocation Failure) 2018-07-09T23:21:03.395+0500: 12.744: [DefNew: 69952K->69952K(78656K), 0.0000154 secs]2018-07-09T23:21:03.395+0500: 12.744: [Tenured: 152747K->174777K(174784K), 0.0571312 secs] 222699K->176739K(253440K), [Metaspace: 5320K->5320K(1056768K)], 0.0572288 secs] [Times: user=0.05 sys=0.00, real=0.06 secs] 
2018-07-09T23:21:05.494+0500: 14.843: [Full GC (Allocation Failure) 2018-07-09T23:21:05.494+0500: 14.843: [Tenured: 174781K->174779K(174784K), 0.0579515 secs] 253434K->181742K(253440K), [Metaspace: 5320K->5320K(1056768K)], 0.0580268 secs] [Times: user=0.06 sys=0.00, real=0.06 secs] 
2018-07-09T23:21:06.578+0500: 15.927: [Full GC (Allocation Failure) 2018-07-09T23:21:06.578+0500: 15.927: [Tenured: 174779K->174780K(174784K), 0.0569409 secs] 253429K->211994K(253440K), [Metaspace: 5320K->5320K(1056768K)], 0.0570179 secs] [Times: user=0.05 sys=0.00, real=0.06 secs] 
2018-07-09T23:21:07.659+0500: 17.007: [Full GC (Allocation Failure) 2018-07-09T23:21:07.659+0500: 17.007: [Tenured: 174780K->174777K(174784K), 0.0656557 secs] 253431K->222450K(253440K), [Metaspace: 5320K->5320K(1056768K)], 0.0657622 secs] [Times: user=0.06 sys=0.00, real=0.07 secs] 
2018-07-09T23:21:08.745+0500: 18.094: [Full GC (Allocation Failure) 2018-07-09T23:21:08.745+0500: 18.094: [Tenured: 174783K->174782K(174784K), 0.0628233 secs] 253437K->223594K(253440K), [Metaspace: 5320K->5320K(1056768K)], 0.0628986 secs] [Times: user=0.06 sys=0.00, real=0.06 secs] 
2018-07-09T23:21:08.812+0500: 18.161: [Full GC (Allocation Failure) 2018-07-09T23:21:08.812+0500: 18.161: [Tenured: 174782K->174777K(174784K), 0.0677871 secs] 253434K->229774K(253440K), [Metaspace: 5320K->5320K(1056768K)], 0.0678603 secs] [Times: user=0.06 sys=0.00, real=0.07 secs] 
2018-07-09T23:21:09.901+0500: 19.250: [Full GC (Allocation Failure) 2018-07-09T23:21:09.901+0500: 19.250: [Tenured: 174781K->174780K(174784K), 0.0540372 secs] 253436K->240024K(253440K), [Metaspace: 5320K->5320K(1056768K)], 0.0541270 secs] [Times: user=0.06 sys=0.00, real=0.05 secs] 
2018-07-09T23:21:09.958+0500: 19.308: [Full GC (Allocation Failure) 2018-07-09T23:21:09.958+0500: 19.308: [Tenured: 174780K->174783K(174784K), 0.0297836 secs] 253435K->246734K(253440K), [Metaspace: 5320K->5320K(1056768K)], 0.0298948 secs] [Times: user=0.03 sys=0.00, real=0.03 secs] 
2018-07-09T23:21:09.990+0500: 19.339: [Full GC (Allocation Failure) 2018-07-09T23:21:09.990+0500: 19.339: [Tenured: 174783K->174780K(174784K), 0.0460653 secs] 253439K->250033K(253440K), [Metaspace: 5320K->5320K(1056768K)], 0.0461388 secs] [Times: user=0.05 sys=0.00, real=0.05 secs] 
2018-07-09T23:21:10.037+0500: 19.387: [Full GC (Allocation Failure) 2018-07-09T23:21:10.038+0500: 19.387: [Tenured: 174780K->174782K(174784K), 0.0712789 secs] 253436K->242999K(253440K), [Metaspace: 5320K->5320K(1056768K)], 0.0713542 secs] [Times: user=0.08 sys=0.00, real=0.07 secs] 
2018-07-09T23:21:10.110+0500: 19.460: [Full GC (Allocation Failure) 2018-07-09T23:21:10.111+0500: 19.460: [Tenured: 174782K->174782K(174784K), 0.0210988 secs] 253437K->248211K(253440K), [Metaspace: 5320K->5320K(1056768K)], 0.0212112 secs] [Times: user=0.01 sys=0.00, real=0.02 secs] 
2018-07-09T23:21:10.133+0500: 19.482: [Full GC (Allocation Failure) 2018-07-09T23:21:10.133+0500: 19.482: [Tenured: 174782K->174782K(174784K), 0.0214747 secs] 253435K->250828K(253440K), [Metaspace: 5320K->5320K(1056768K)], 0.0215777 secs] [Times: user=0.02 sys=0.00, real=0.02 secs] 
2018-07-09T23:21:11.177+0500: 20.525: [Full GC (Allocation Failure) 2018-07-09T23:21:11.177+0500: 20.525: [Tenured: 174782K->174781K(174784K), 0.0666098 secs] 253437K->246533K(253440K), [Metaspace: 5320K->5320K(1056768K)], 0.0667099 secs] [Times: user=0.05 sys=0.00, real=0.07 secs] 
2018-07-09T23:21:11.245+0500: 20.593: [Full GC (Allocation Failure) 2018-07-09T23:21:11.245+0500: 20.593: [Tenured: 174781K->174782K(174784K), 0.0731674 secs] 253436K->241260K(253440K), [Metaspace: 5320K->5320K(1056768K)], 0.0732508 secs] [Times: user=0.08 sys=0.00, real=0.07 secs] 
2018-07-09T23:21:11.321+0500: 20.669: [Full GC (Allocation Failure) 2018-07-09T23:21:11.321+0500: 20.669: [Tenured: 174782K->174782K(174784K), 0.0205313 secs] 253436K->247346K(253440K), [Metaspace: 5320K->5320K(1056768K)], 0.0206296 secs] [Times: user=0.02 sys=0.00, real=0.02 secs] 
2018-07-09T23:21:11.343+0500: 20.691: [Full GC (Allocation Failure) 2018-07-09T23:21:11.343+0500: 20.691: [Tenured: 174782K->174782K(174784K), 0.0197983 secs] 253434K->250395K(253440K), [Metaspace: 5320K->5320K(1056768K)], 0.0198641 secs] [Times: user=0.03 sys=0.00, real=0.02 secs] 
2018-07-09T23:21:11.363+0500: 20.711: [Full GC (Allocation Failure) 2018-07-09T23:21:11.363+0500: 20.712: [Tenured: 174782K->174782K(174784K), 0.0192359 secs] 253433K->251915K(253440K), [Metaspace: 5320K->5320K(1056768K)], 0.0192941 secs] [Times: user=0.02 sys=0.00, real=0.02 secs] 
2018-07-09T23:21:11.383+0500: 20.731: [Full GC (Allocation Failure) 2018-07-09T23:21:11.383+0500: 20.731: [Tenured: 174782K->174782K(174784K), 0.0211360 secs] 253433K->252675K(253440K), [Metaspace: 5320K->5320K(1056768K)], 0.0211907 secs] [Times: user=0.01 sys=0.00, real=0.02 secs] 
2018-07-09T23:21:11.404+0500: 20.753: [Full GC (Allocation Failure) 2018-07-09T23:21:11.404+0500: 20.753: [Tenured: 174782K->174782K(174784K), 0.0196127 secs] 253433K->253054K(253440K), [Metaspace: 5320K->5320K(1056768K)], 0.0196683 secs] [Times: user=0.03 sys=0.00, real=0.02 secs] 
2018-07-09T23:21:11.424+0500: 20.773: [Full GC (Allocation Failure) 2018-07-09T23:21:11.424+0500: 20.773: [Tenured: 174782K->174782K(174784K), 0.0186680 secs] 253437K->253245K(253440K), [Metaspace: 5320K->5320K(1056768K)], 0.0187663 secs] [Times: user=0.02 sys=0.00, real=0.02 secs] 
2018-07-09T23:21:11.443+0500: 20.792: [Full GC (Allocation Failure) 2018-07-09T23:21:11.443+0500: 20.792: [Tenured: 174782K->174782K(174784K), 0.0190435 secs] 253438K->253341K(253440K), [Metaspace: 5320K->5320K(1056768K)], 0.0190952 secs] [Times: user=0.02 sys=0.00, real=0.02 secs] 
2018-07-09T23:21:11.462+0500: 20.811: [Full GC (Allocation Failure) 2018-07-09T23:21:11.462+0500: 20.811: [Tenured: 174782K->174782K(174784K), 0.0186761 secs] 253430K->253389K(253440K), [Metaspace: 5320K->5320K(1056768K)], 0.0187240 secs] [Times: user=0.02 sys=0.00, real=0.02 secs] 
2018-07-09T23:21:11.481+0500: 20.830: [Full GC (Allocation Failure) 2018-07-09T23:21:11.481+0500: 20.830: [Tenured: 174782K->174782K(174784K), 0.0206728 secs] 253430K->253405K(253440K), [Metaspace: 5320K->5320K(1056768K)], 0.0207331 secs] [Times: user=0.03 sys=0.00, real=0.02 secs] 
2018-07-09T23:21:11.502+0500: 20.851: [Full GC (Allocation Failure) 2018-07-09T23:21:11.502+0500: 20.851: [Tenured: 174782K->174782K(174784K), 0.0194061 secs] 253430K->253421K(253440K), [Metaspace: 5320K->5320K(1056768K)], 0.0194754 secs] [Times: user=0.01 sys=0.00, real=0.02 secs] 
2018-07-09T23:21:11.522+0500: 20.870: [Full GC (Allocation Failure) 2018-07-09T23:21:11.522+0500: 20.870: [Tenured: 174782K->174782K(174784K), 0.0202490 secs] 253430K->253421K(253440K), [Metaspace: 5320K->5320K(1056768K)], 0.0202995 secs] [Times: user=0.02 sys=0.00, real=0.02 secs] 
2018-07-09T23:21:11.543+0500: 20.891: [Full GC (Allocation Failure) 2018-07-09T23:21:11.543+0500: 20.891: [Tenured: 174782K->174782K(174784K), 0.0201207 secs] 253429K->253429K(253440K), [Metaspace: 5320K->5320K(1056768K)], 0.0201977 secs] [Times: user=0.03 sys=0.00, real=0.02 secs] 
2018-07-09T23:21:11.563+0500: 20.911: [Full GC (Allocation Failure) 2018-07-09T23:21:11.563+0500: 20.911: [Tenured: 174782K->174782K(174784K), 0.0190713 secs] 253429K->253429K(253440K), [Metaspace: 5320K->5320K(1056768K)], 0.0191183 secs] [Times: user=0.02 sys=0.00, real=0.02 secs] 
2018-07-09T23:21:11.582+0500: 20.931: [Full GC (Allocation Failure) 2018-07-09T23:21:11.582+0500: 20.931: [Tenured: 174783K->716K(174784K), 0.0092314 secs] 253439K->716K(253440K), [Metaspace: 5330K->5330K(1056768K)], 0.0092801 secs] [Times: user=0.00 sys=0.00, real=0.01 secs] 
Heap
 def new generation   total 78656K, used 2802K [0x00000000f0000000, 0x00000000f5550000, 0x00000000f5550000)
  eden space 69952K,   4% used [0x00000000f0000000, 0x00000000f02bca50, 0x00000000f4450000)
  from space 8704K,   0% used [0x00000000f4450000, 0x00000000f4450000, 0x00000000f4cd0000)
  to   space 8704K,   0% used [0x00000000f4cd0000, 0x00000000f4cd0000, 0x00000000f5550000)
 tenured generation   total 174784K, used 716K [0x00000000f5550000, 0x0000000100000000, 0x0000000100000000)
   the space 174784K,   0% used [0x00000000f5550000, 0x00000000f5603228, 0x00000000f5603400, 0x0000000100000000)
 Metaspace       used 5338K, capacity 5420K, committed 5632K, reserved 1056768K
  class space    used 633K, capacity 652K, committed 768K, reserved 1048576K
