Java HotSpot(TM) 64-Bit Server VM (25.131-b11) for windows-amd64 JRE (1.8.0_131-b11), built on Mar 15 2017 01:23:53 by "java_re" with MS VC++ 10.0 (VS2010)
Memory: 4k page, physical 8300384k(2973320k free), swap 10135392k(2123488k free)
CommandLine flags: -XX:GCLogFileSize=1048576 -XX:InitialHeapSize=268435456 -XX:MaxHeapSize=268435456 -XX:MaxNewSize=89481216 -XX:MaxTenuringThreshold=6 -XX:NewSize=89481216 -XX:OldPLABSize=16 -XX:OldSize=178954240 -XX:+PrintGC -XX:+PrintGCDateStamps -XX:+PrintGCDetails -XX:+PrintGCTimeStamps -XX:+UseCompressedClassPointers -XX:+UseCompressedOops -XX:+UseConcMarkSweepGC -XX:-UseLargePagesIndividualAllocation -XX:+UseParNewGC 
2018-07-09T23:27:21.214+0500: 1.292: [GC (Allocation Failure) 2018-07-09T23:27:21.214+0500: 1.292: [ParNew: 69952K->8703K(78656K), 0.0168996 secs] 69952K->20319K(253440K), 0.0171541 secs] [Times: user=0.05 sys=0.00, real=0.02 secs] 
2018-07-09T23:27:22.246+0500: 2.324: [GC (Allocation Failure) 2018-07-09T23:27:22.246+0500: 2.324: [ParNew: 78655K->8704K(78656K), 0.0243708 secs] 90271K->51343K(253440K), 0.0244353 secs] [Times: user=0.02 sys=0.03, real=0.02 secs] 
2018-07-09T23:27:24.286+0500: 4.363: [GC (Allocation Failure) 2018-07-09T23:27:24.286+0500: 4.363: [ParNew: 78656K->8704K(78656K), 0.0211843 secs] 121295K->79848K(253440K), 0.0212514 secs] [Times: user=0.02 sys=0.02, real=0.02 secs] 
2018-07-09T23:27:25.320+0500: 5.398: [GC (Allocation Failure) 2018-07-09T23:27:25.320+0500: 5.398: [ParNew: 78656K->8704K(78656K), 0.0224638 secs] 149800K->111314K(253440K), 0.0225314 secs] [Times: user=0.01 sys=0.01, real=0.02 secs] 
2018-07-09T23:27:25.343+0500: 5.421: [GC (CMS Initial Mark) [1 CMS-initial-mark: 102610K(174784K)] 112717K(253440K), 0.0021357 secs] [Times: user=0.00 sys=0.00, real=0.00 secs] 
2018-07-09T23:27:25.345+0500: 5.423: [CMS-concurrent-mark-start]
2018-07-09T23:27:25.352+0500: 5.429: [CMS-concurrent-mark: 0.006/0.006 secs] [Times: user=0.00 sys=0.00, real=0.01 secs] 
2018-07-09T23:27:25.352+0500: 5.429: [CMS-concurrent-preclean-start]
2018-07-09T23:27:25.352+0500: 5.430: [CMS-concurrent-preclean: 0.000/0.000 secs] [Times: user=0.00 sys=0.00, real=0.00 secs] 
2018-07-09T23:27:25.352+0500: 5.430: [CMS-concurrent-abortable-preclean-start]
2018-07-09T23:27:26.360+0500: 6.438: [GC (Allocation Failure) 2018-07-09T23:27:26.360+0500: 6.438: [ParNew2018-07-09T23:27:26.363+0500: 6.441: [CMS-concurrent-abortable-preclean: 0.014/1.011 secs] [Times: user=0.02 sys=0.00, real=1.01 secs] 
: 78656K->8704K(78656K), 0.0253304 secs] 181266K->146316K(253440K), 0.0254006 secs] [Times: user=0.00 sys=0.02, real=0.03 secs] 
2018-07-09T23:27:26.385+0500: 6.464: [GC (CMS Final Remark) [YG occupancy: 10114 K (78656 K)]2018-07-09T23:27:26.385+0500: 6.464: [Rescan (parallel) , 0.0008925 secs]2018-07-09T23:27:26.386+0500: 6.465: [weak refs processing, 0.0000244 secs]2018-07-09T23:27:26.386+0500: 6.465: [class unloading, 0.0004691 secs]2018-07-09T23:27:26.387+0500: 6.465: [scrub symbol table, 0.0005029 secs]2018-07-09T23:27:26.387+0500: 6.466: [scrub string table, 0.0001215 secs][1 CMS-remark: 137612K(174784K)] 147727K(253440K), 0.0021199 secs] [Times: user=0.00 sys=0.00, real=0.00 secs] 
2018-07-09T23:27:26.388+0500: 6.466: [CMS-concurrent-sweep-start]
2018-07-09T23:27:26.393+0500: 6.471: [CMS-concurrent-sweep: 0.005/0.005 secs] [Times: user=0.03 sys=0.00, real=0.00 secs] 
2018-07-09T23:27:26.393+0500: 6.471: [CMS-concurrent-reset-start]
2018-07-09T23:27:26.393+0500: 6.472: [CMS-concurrent-reset: 0.000/0.000 secs] [Times: user=0.00 sys=0.00, real=0.00 secs] 
2018-07-09T23:27:28.393+0500: 8.471: [GC (CMS Initial Mark) [1 CMS-initial-mark: 104240K(174784K)] 164677K(253440K), 0.0008399 secs] [Times: user=0.00 sys=0.00, real=0.00 secs] 
2018-07-09T23:27:28.394+0500: 8.472: [CMS-concurrent-mark-start]
2018-07-09T23:27:28.398+0500: 8.476: [CMS-concurrent-mark: 0.005/0.005 secs] [Times: user=0.00 sys=0.00, real=0.00 secs] 
2018-07-09T23:27:28.398+0500: 8.476: [CMS-concurrent-preclean-start]
2018-07-09T23:27:28.399+0500: 8.477: [CMS-concurrent-preclean: 0.000/0.000 secs] [Times: user=0.00 sys=0.00, real=0.00 secs] 
2018-07-09T23:27:28.399+0500: 8.477: [CMS-concurrent-abortable-preclean-start]
2018-07-09T23:27:28.413+0500: 8.491: [GC (Allocation Failure) 2018-07-09T23:27:28.413+0500: 8.491: [ParNew: 78656K->8704K(78656K), 0.0176596 secs] 182896K->147984K(253440K), 0.0177276 secs] [Times: user=0.03 sys=0.00, real=0.02 secs] 
2018-07-09T23:27:28.439+0500: 8.517: [CMS-concurrent-abortable-preclean: 0.008/0.040 secs] [Times: user=0.06 sys=0.00, real=0.04 secs] 
2018-07-09T23:27:28.439+0500: 8.517: [GC (CMS Final Remark) [YG occupancy: 39375 K (78656 K)]2018-07-09T23:27:28.439+0500: 8.517: [Rescan (parallel) , 0.0006483 secs]2018-07-09T23:27:28.440+0500: 8.518: [weak refs processing, 0.0000137 secs]2018-07-09T23:27:28.440+0500: 8.518: [class unloading, 0.0003883 secs]2018-07-09T23:27:28.440+0500: 8.518: [scrub symbol table, 0.0004756 secs]2018-07-09T23:27:28.441+0500: 8.519: [scrub string table, 0.0001035 secs][1 CMS-remark: 139280K(174784K)] 178656K(253440K), 0.0017081 secs] [Times: user=0.00 sys=0.00, real=0.00 secs] 
2018-07-09T23:27:28.441+0500: 8.519: [CMS-concurrent-sweep-start]
2018-07-09T23:27:28.447+0500: 8.525: [CMS-concurrent-sweep: 0.006/0.006 secs] [Times: user=0.00 sys=0.00, real=0.01 secs] 
2018-07-09T23:27:28.447+0500: 8.525: [CMS-concurrent-reset-start]
2018-07-09T23:27:28.448+0500: 8.526: [CMS-concurrent-reset: 0.000/0.000 secs] [Times: user=0.00 sys=0.00, real=0.00 secs] 
2018-07-09T23:27:29.452+0500: 9.530: [GC (Allocation Failure) 2018-07-09T23:27:29.452+0500: 9.530: [ParNew: 78656K->8704K(78656K), 0.0201832 secs] 183064K->147384K(253440K), 0.0202546 secs] [Times: user=0.03 sys=0.00, real=0.02 secs] 
2018-07-09T23:27:29.473+0500: 9.550: [GC (CMS Initial Mark) [1 CMS-initial-mark: 138680K(174784K)] 148788K(253440K), 0.0002322 secs] [Times: user=0.00 sys=0.00, real=0.00 secs] 
2018-07-09T23:27:29.473+0500: 9.551: [CMS-concurrent-mark-start]
2018-07-09T23:27:29.481+0500: 9.558: [CMS-concurrent-mark: 0.008/0.008 secs] [Times: user=0.00 sys=0.00, real=0.01 secs] 
2018-07-09T23:27:29.481+0500: 9.558: [CMS-concurrent-preclean-start]
2018-07-09T23:27:29.482+0500: 9.559: [CMS-concurrent-preclean: 0.001/0.001 secs] [Times: user=0.00 sys=0.00, real=0.00 secs] 
2018-07-09T23:27:29.482+0500: 9.559: [CMS-concurrent-abortable-preclean-start]
2018-07-09T23:27:30.496+0500: 10.573: [CMS-concurrent-abortable-preclean: 0.015/1.014 secs] [Times: user=0.05 sys=0.00, real=1.01 secs] 
2018-07-09T23:27:30.496+0500: 10.574: [GC (CMS Final Remark) [YG occupancy: 70123 K (78656 K)]2018-07-09T23:27:30.496+0500: 10.574: [Rescan (parallel) , 0.0014459 secs]2018-07-09T23:27:30.497+0500: 10.575: [weak refs processing, 0.0000133 secs]2018-07-09T23:27:30.497+0500: 10.575: [class unloading, 0.0004020 secs]2018-07-09T23:27:30.498+0500: 10.575: [scrub symbol table, 0.0004683 secs]2018-07-09T23:27:30.498+0500: 10.576: [scrub string table, 0.0001048 secs][1 CMS-remark: 138680K(174784K)] 208803K(253440K), 0.0025163 secs] [Times: user=0.00 sys=0.00, real=0.00 secs] 
2018-07-09T23:27:30.498+0500: 10.576: [CMS-concurrent-sweep-start]
2018-07-09T23:27:30.504+0500: 10.581: [CMS-concurrent-sweep: 0.005/0.005 secs] [Times: user=0.03 sys=0.00, real=0.01 secs] 
2018-07-09T23:27:30.504+0500: 10.581: [CMS-concurrent-reset-start]
2018-07-09T23:27:30.504+0500: 10.582: [CMS-concurrent-reset: 0.000/0.000 secs] [Times: user=0.00 sys=0.00, real=0.00 secs] 
2018-07-09T23:27:31.507+0500: 11.586: [GC (Allocation Failure) 2018-07-09T23:27:31.507+0500: 11.586: [ParNew: 78656K->8704K(78656K), 0.0282727 secs] 203001K->168062K(253440K), 0.0283390 secs] [Times: user=0.00 sys=0.03, real=0.03 secs] 
2018-07-09T23:27:31.536+0500: 11.614: [GC (CMS Initial Mark) [1 CMS-initial-mark: 159358K(174784K)] 169463K(253440K), 0.0005046 secs] [Times: user=0.00 sys=0.00, real=0.00 secs] 
2018-07-09T23:27:31.536+0500: 11.615: [CMS-concurrent-mark-start]
2018-07-09T23:27:31.544+0500: 11.622: [CMS-concurrent-mark: 0.008/0.008 secs] [Times: user=0.00 sys=0.00, real=0.01 secs] 
2018-07-09T23:27:31.544+0500: 11.622: [CMS-concurrent-preclean-start]
2018-07-09T23:27:31.544+0500: 11.623: [CMS-concurrent-preclean: 0.000/0.000 secs] [Times: user=0.00 sys=0.00, real=0.00 secs] 
2018-07-09T23:27:31.545+0500: 11.623: [CMS-concurrent-abortable-preclean-start]
2018-07-09T23:27:31.545+0500: 11.623: [CMS-concurrent-abortable-preclean: 0.000/0.000 secs] [Times: user=0.00 sys=0.00, real=0.00 secs] 
2018-07-09T23:27:31.545+0500: 11.623: [GC (CMS Final Remark) [YG occupancy: 49217 K (78656 K)]2018-07-09T23:27:31.545+0500: 11.623: [Rescan (parallel) , 0.0012381 secs]2018-07-09T23:27:31.546+0500: 11.624: [weak refs processing, 0.0000128 secs]2018-07-09T23:27:31.546+0500: 11.624: [class unloading, 0.0003986 secs]2018-07-09T23:27:31.546+0500: 11.625: [scrub symbol table, 0.0005016 secs]2018-07-09T23:27:31.547+0500: 11.625: [scrub string table, 0.0001035 secs][1 CMS-remark: 159358K(174784K)] 208575K(253440K), 0.0023444 secs] [Times: user=0.06 sys=0.00, real=0.00 secs] 
2018-07-09T23:27:31.547+0500: 11.625: [CMS-concurrent-sweep-start]
2018-07-09T23:27:31.556+0500: 11.634: [CMS-concurrent-sweep: 0.009/0.009 secs] [Times: user=0.00 sys=0.00, real=0.01 secs] 
2018-07-09T23:27:31.556+0500: 11.634: [CMS-concurrent-reset-start]
2018-07-09T23:27:31.556+0500: 11.635: [CMS-concurrent-reset: 0.000/0.000 secs] [Times: user=0.00 sys=0.00, real=0.00 secs] 
2018-07-09T23:27:32.562+0500: 12.640: [GC (Allocation Failure) 2018-07-09T23:27:32.562+0500: 12.640: [ParNew (promotion failed): 78656K->78656K(78656K), 0.0178306 secs]2018-07-09T23:27:32.580+0500: 12.658: [CMS: 165881K->167991K(174784K), 0.0512754 secs] 213402K->167991K(253440K), [Metaspace: 5312K->5312K(1056768K)], 0.0692185 secs] [Times: user=0.13 sys=0.00, real=0.07 secs] 
2018-07-09T23:27:32.632+0500: 12.709: [GC (CMS Initial Mark) [1 CMS-initial-mark: 167991K(174784K)] 169396K(253440K), 0.0002805 secs] [Times: user=0.00 sys=0.00, real=0.00 secs] 
2018-07-09T23:27:32.632+0500: 12.710: [CMS-concurrent-mark-start]
2018-07-09T23:27:32.639+0500: 12.716: [CMS-concurrent-mark: 0.007/0.007 secs] [Times: user=0.00 sys=0.00, real=0.01 secs] 
2018-07-09T23:27:32.639+0500: 12.716: [CMS-concurrent-preclean-start]
2018-07-09T23:27:32.639+0500: 12.717: [CMS-concurrent-preclean: 0.000/0.000 secs] [Times: user=0.00 sys=0.00, real=0.00 secs] 
2018-07-09T23:27:32.639+0500: 12.717: [CMS-concurrent-abortable-preclean-start]
2018-07-09T23:27:32.639+0500: 12.717: [CMS-concurrent-abortable-preclean: 0.000/0.000 secs] [Times: user=0.00 sys=0.00, real=0.00 secs] 
2018-07-09T23:27:32.639+0500: 12.717: [GC (CMS Final Remark) [YG occupancy: 19574 K (78656 K)]2018-07-09T23:27:32.639+0500: 12.717: [Rescan (parallel) , 0.0006680 secs]2018-07-09T23:27:32.640+0500: 12.718: [weak refs processing, 0.0000120 secs]2018-07-09T23:27:32.640+0500: 12.718: [class unloading, 0.0004212 secs]2018-07-09T23:27:32.640+0500: 12.718: [scrub symbol table, 0.0005367 secs]2018-07-09T23:27:32.641+0500: 12.719: [scrub string table, 0.0001039 secs][1 CMS-remark: 167991K(174784K)] 187565K(253440K), 0.0018192 secs] [Times: user=0.02 sys=0.00, real=0.00 secs] 
2018-07-09T23:27:32.641+0500: 12.719: [CMS-concurrent-sweep-start]
2018-07-09T23:27:32.645+0500: 12.722: [CMS-concurrent-sweep: 0.004/0.004 secs] [Times: user=0.00 sys=0.00, real=0.00 secs] 
2018-07-09T23:27:32.645+0500: 12.722: [CMS-concurrent-reset-start]
2018-07-09T23:27:32.645+0500: 12.723: [CMS-concurrent-reset: 0.000/0.000 secs] [Times: user=0.00 sys=0.00, real=0.00 secs] 
2018-07-09T23:27:34.645+0500: 14.722: [GC (CMS Initial Mark) [1 CMS-initial-mark: 167991K(174784K)] 236482K(253440K), 0.0016730 secs] [Times: user=0.00 sys=0.00, real=0.00 secs] 
2018-07-09T23:27:34.646+0500: 14.724: [CMS-concurrent-mark-start]
2018-07-09T23:27:34.652+0500: 14.729: [CMS-concurrent-mark: 0.005/0.005 secs] [Times: user=0.00 sys=0.00, real=0.01 secs] 
2018-07-09T23:27:34.652+0500: 14.729: [CMS-concurrent-preclean-start]
2018-07-09T23:27:34.652+0500: 14.730: [CMS-concurrent-preclean: 0.000/0.000 secs] [Times: user=0.00 sys=0.00, real=0.00 secs] 
2018-07-09T23:27:34.652+0500: 14.730: [CMS-concurrent-abortable-preclean-start]
2018-07-09T23:27:34.652+0500: 14.730: [CMS-concurrent-abortable-preclean: 0.000/0.000 secs] [Times: user=0.00 sys=0.00, real=0.00 secs] 
2018-07-09T23:27:34.652+0500: 14.730: [GC (CMS Final Remark) [YG occupancy: 68491 K (78656 K)]2018-07-09T23:27:34.652+0500: 14.730: [Rescan (parallel) , 0.0014746 secs]2018-07-09T23:27:34.654+0500: 14.731: [weak refs processing, 0.0000218 secs]2018-07-09T23:27:34.654+0500: 14.731: [class unloading, 0.0004798 secs]2018-07-09T23:27:34.654+0500: 14.732: [scrub symbol table, 0.0004961 secs]2018-07-09T23:27:34.655+0500: 14.732: [scrub string table, 0.0001039 secs][1 CMS-remark: 167991K(174784K)] 236482K(253440K), 0.0026600 secs] [Times: user=0.00 sys=0.00, real=0.00 secs] 
2018-07-09T23:27:34.655+0500: 14.733: [CMS-concurrent-sweep-start]
2018-07-09T23:27:34.660+0500: 14.737: [CMS-concurrent-sweep: 0.005/0.005 secs] [Times: user=0.01 sys=0.00, real=0.01 secs] 
2018-07-09T23:27:34.660+0500: 14.737: [CMS-concurrent-reset-start]
2018-07-09T23:27:34.660+0500: 14.738: [CMS-concurrent-reset: 0.000/0.000 secs] [Times: user=0.00 sys=0.00, real=0.00 secs] 
2018-07-09T23:27:34.671+0500: 14.749: [GC (Allocation Failure) 2018-07-09T23:27:34.671+0500: 14.749: [ParNew: 69952K->69952K(78656K), 0.0000192 secs]2018-07-09T23:27:34.671+0500: 14.749: [CMS: 143372K->174777K(174784K), 0.0521037 secs] 213324K->178348K(253440K), [Metaspace: 5312K->5312K(1056768K)], 0.0522119 secs] [Times: user=0.06 sys=0.00, real=0.05 secs] 
2018-07-09T23:27:34.724+0500: 14.801: [GC (CMS Initial Mark) [1 CMS-initial-mark: 174777K(174784K)] 179748K(253440K), 0.0003926 secs] [Times: user=0.00 sys=0.00, real=0.00 secs] 
2018-07-09T23:27:34.724+0500: 14.801: [CMS-concurrent-mark-start]
2018-07-09T23:27:34.735+0500: 14.812: [CMS-concurrent-mark: 0.011/0.011 secs] [Times: user=0.03 sys=0.00, real=0.01 secs] 
2018-07-09T23:27:34.735+0500: 14.812: [CMS-concurrent-preclean-start]
2018-07-09T23:27:34.742+0500: 14.819: [CMS-concurrent-preclean: 0.007/0.007 secs] [Times: user=0.00 sys=0.00, real=0.01 secs] 
2018-07-09T23:27:34.742+0500: 14.819: [CMS-concurrent-abortable-preclean-start]
2018-07-09T23:27:34.742+0500: 14.819: [CMS-concurrent-abortable-preclean: 0.000/0.000 secs] [Times: user=0.00 sys=0.00, real=0.00 secs] 
2018-07-09T23:27:34.742+0500: 14.820: [GC (CMS Final Remark) [YG occupancy: 51127 K (78656 K)]2018-07-09T23:27:34.742+0500: 14.820: [Rescan (parallel) , 0.0009755 secs]2018-07-09T23:27:34.743+0500: 14.821: [weak refs processing, 0.0000235 secs]2018-07-09T23:27:34.743+0500: 14.821: [class unloading, 0.0004550 secs]2018-07-09T23:27:34.744+0500: 14.821: [scrub symbol table, 0.0004781 secs]2018-07-09T23:27:34.744+0500: 14.822: [scrub string table, 0.0001039 secs][1 CMS-remark: 174777K(174784K)] 225905K(253440K), 0.0021152 secs] [Times: user=0.00 sys=0.00, real=0.00 secs] 
2018-07-09T23:27:34.744+0500: 14.822: [CMS-concurrent-sweep-start]
2018-07-09T23:27:34.749+0500: 14.826: [CMS-concurrent-sweep: 0.005/0.005 secs] [Times: user=0.00 sys=0.00, real=0.01 secs] 
2018-07-09T23:27:34.749+0500: 14.826: [CMS-concurrent-reset-start]
2018-07-09T23:27:34.749+0500: 14.827: [CMS-concurrent-reset: 0.000/0.000 secs] [Times: user=0.00 sys=0.00, real=0.00 secs] 
2018-07-09T23:27:35.754+0500: 15.831: [GC (Allocation Failure) 2018-07-09T23:27:35.754+0500: 15.831: [ParNew: 78651K->78651K(78656K), 0.0000201 secs]2018-07-09T23:27:35.754+0500: 15.831: [CMS: 174777K->174778K(174784K), 0.0574939 secs] 253428K->201568K(253440K), [Metaspace: 5312K->5312K(1056768K)], 0.0576038 secs] [Times: user=0.05 sys=0.00, real=0.06 secs] 
2018-07-09T23:27:35.811+0500: 15.889: [GC (CMS Initial Mark) [1 CMS-initial-mark: 174778K(174784K)] 202981K(253440K), 0.0009100 secs] [Times: user=0.00 sys=0.00, real=0.00 secs] 
2018-07-09T23:27:35.812+0500: 15.890: [CMS-concurrent-mark-start]
2018-07-09T23:27:35.820+0500: 15.898: [CMS-concurrent-mark: 0.008/0.008 secs] [Times: user=0.03 sys=0.00, real=0.01 secs] 
2018-07-09T23:27:35.820+0500: 15.898: [CMS-concurrent-preclean-start]
2018-07-09T23:27:35.827+0500: 15.904: [CMS-concurrent-preclean: 0.006/0.006 secs] [Times: user=0.00 sys=0.00, real=0.01 secs] 
2018-07-09T23:27:35.827+0500: 15.905: [CMS-concurrent-abortable-preclean-start]
2018-07-09T23:27:35.827+0500: 15.905: [CMS-concurrent-abortable-preclean: 0.000/0.000 secs] [Times: user=0.00 sys=0.00, real=0.00 secs] 
2018-07-09T23:27:35.827+0500: 15.905: [GC (CMS Final Remark) [YG occupancy: 49310 K (78656 K)]2018-07-09T23:27:35.827+0500: 15.905: [Rescan (parallel) , 0.0008190 secs]2018-07-09T23:27:35.828+0500: 15.906: [weak refs processing, 0.0000120 secs]2018-07-09T23:27:35.828+0500: 15.906: [class unloading, 0.0003755 secs]2018-07-09T23:27:35.828+0500: 15.906: [scrub symbol table, 0.0004901 secs]2018-07-09T23:27:35.829+0500: 15.906: [scrub string table, 0.0001043 secs][1 CMS-remark: 174778K(174784K)] 224088K(253440K), 0.0018842 secs] [Times: user=0.06 sys=0.00, real=0.00 secs] 
2018-07-09T23:27:35.829+0500: 15.907: [CMS-concurrent-sweep-start]
2018-07-09T23:27:35.833+0500: 15.911: [CMS-concurrent-sweep: 0.004/0.004 secs] [Times: user=0.00 sys=0.00, real=0.00 secs] 
2018-07-09T23:27:35.833+0500: 15.911: [CMS-concurrent-reset-start]
2018-07-09T23:27:35.833+0500: 15.911: [CMS-concurrent-reset: 0.000/0.000 secs] [Times: user=0.00 sys=0.00, real=0.00 secs] 
2018-07-09T23:27:36.836+0500: 16.914: [GC (Allocation Failure) 2018-07-09T23:27:36.836+0500: 16.914: [ParNew: 78655K->78655K(78656K), 0.0000175 secs]2018-07-09T23:27:36.836+0500: 16.914: [CMS: 174778K->174777K(174784K), 0.0591810 secs] 253434K->217237K(253440K), [Metaspace: 5312K->5312K(1056768K)], 0.0592888 secs] [Times: user=0.06 sys=0.00, real=0.06 secs] 
2018-07-09T23:27:36.895+0500: 16.973: [GC (CMS Initial Mark) [1 CMS-initial-mark: 174777K(174784K)] 218524K(253440K), 0.0013899 secs] [Times: user=0.00 sys=0.00, real=0.00 secs] 
2018-07-09T23:27:36.897+0500: 16.975: [CMS-concurrent-mark-start]
2018-07-09T23:27:36.904+0500: 16.982: [CMS-concurrent-mark: 0.007/0.007 secs] [Times: user=0.00 sys=0.00, real=0.01 secs] 
2018-07-09T23:27:36.904+0500: 16.982: [CMS-concurrent-preclean-start]
2018-07-09T23:27:36.910+0500: 16.988: [CMS-concurrent-preclean: 0.006/0.006 secs] [Times: user=0.03 sys=0.00, real=0.01 secs] 
2018-07-09T23:27:36.910+0500: 16.988: [CMS-concurrent-abortable-preclean-start]
2018-07-09T23:27:36.910+0500: 16.988: [CMS-concurrent-abortable-preclean: 0.000/0.000 secs] [Times: user=0.00 sys=0.00, real=0.00 secs] 
2018-07-09T23:27:36.910+0500: 16.988: [GC (CMS Final Remark) [YG occupancy: 61669 K (78656 K)]2018-07-09T23:27:36.910+0500: 16.988: [Rescan (parallel) , 0.0013398 secs]2018-07-09T23:27:36.912+0500: 16.990: [weak refs processing, 0.0000175 secs]2018-07-09T23:27:36.912+0500: 16.990: [class unloading, 0.0004341 secs]2018-07-09T23:27:36.912+0500: 16.990: [scrub symbol table, 0.0006436 secs]2018-07-09T23:27:36.913+0500: 16.991: [scrub string table, 0.0001078 secs][1 CMS-remark: 174777K(174784K)] 236446K(253440K), 0.0026399 secs] [Times: user=0.00 sys=0.00, real=0.00 secs] 
2018-07-09T23:27:36.913+0500: 16.991: [CMS-concurrent-sweep-start]
2018-07-09T23:27:36.917+0500: 16.995: [CMS-concurrent-sweep: 0.004/0.004 secs] [Times: user=0.00 sys=0.00, real=0.00 secs] 
2018-07-09T23:27:36.917+0500: 16.995: [CMS-concurrent-reset-start]
2018-07-09T23:27:36.917+0500: 16.995: [CMS-concurrent-reset: 0.000/0.000 secs] [Times: user=0.00 sys=0.00, real=0.00 secs] 
2018-07-09T23:27:37.921+0500: 17.999: [GC (Allocation Failure) 2018-07-09T23:27:37.921+0500: 17.999: [ParNew: 78650K->78650K(78656K), 0.0000171 secs]2018-07-09T23:27:37.921+0500: 17.999: [CMS: 174777K->174778K(174784K), 0.0629687 secs] 253428K->221003K(253440K), [Metaspace: 5312K->5312K(1056768K)], 0.0630795 secs] [Times: user=0.06 sys=0.02, real=0.06 secs] 
2018-07-09T23:27:37.985+0500: 18.062: [GC (CMS Initial Mark) [1 CMS-initial-mark: 174778K(174784K)] 222088K(253440K), 0.0013210 secs] [Times: user=0.00 sys=0.00, real=0.00 secs] 
2018-07-09T23:27:37.986+0500: 18.064: [CMS-concurrent-mark-start]
2018-07-09T23:27:37.997+0500: 18.075: [CMS-concurrent-mark: 0.011/0.011 secs] [Times: user=0.00 sys=0.00, real=0.01 secs] 
2018-07-09T23:27:37.997+0500: 18.075: [CMS-concurrent-preclean-start]
2018-07-09T23:27:38.005+0500: 18.082: [CMS-concurrent-preclean: 0.007/0.007 secs] [Times: user=0.03 sys=0.00, real=0.01 secs] 
2018-07-09T23:27:38.005+0500: 18.082: [CMS-concurrent-abortable-preclean-start]
2018-07-09T23:27:38.005+0500: 18.082: [CMS-concurrent-abortable-preclean: 0.000/0.000 secs] [Times: user=0.00 sys=0.00, real=0.00 secs] 
2018-07-09T23:27:38.005+0500: 18.083: [GC (CMS Final Remark) [YG occupancy: 78328 K (78656 K)]2018-07-09T23:27:38.005+0500: 18.083: [Rescan (parallel) , 0.0013407 secs]2018-07-09T23:27:38.006+0500: 18.084: [weak refs processing, 0.0000120 secs]2018-07-09T23:27:38.006+0500: 18.084: [class unloading, 0.0003900 secs]2018-07-09T23:27:38.007+0500: 18.084: [scrub symbol table, 0.0004798 secs]2018-07-09T23:27:38.007+0500: 18.085: [scrub string table, 0.0001065 secs][1 CMS-remark: 174778K(174784K)] 253107K(253440K), 0.0024086 secs] [Times: user=0.00 sys=0.00, real=0.00 secs] 
2018-07-09T23:27:38.008+0500: 18.085: [CMS-concurrent-sweep-start]
2018-07-09T23:27:38.012+0500: 18.089: [CMS-concurrent-sweep: 0.004/0.004 secs] [Times: user=0.00 sys=0.00, real=0.00 secs] 
2018-07-09T23:27:38.012+0500: 18.089: [CMS-concurrent-reset-start]
2018-07-09T23:27:38.012+0500: 18.089: [CMS-concurrent-reset: 0.000/0.000 secs] [Times: user=0.00 sys=0.00, real=0.00 secs] 
2018-07-09T23:27:39.011+0500: 19.089: [GC (Allocation Failure) 2018-07-09T23:27:39.011+0500: 19.089: [ParNew: 78655K->78655K(78656K), 0.0000205 secs]2018-07-09T23:27:39.011+0500: 19.089: [CMS: 174778K->174780K(174784K), 0.0623965 secs] 253434K->226818K(253440K), [Metaspace: 5312K->5312K(1056768K)], 0.0625039 secs] [Times: user=0.06 sys=0.00, real=0.06 secs] 
2018-07-09T23:27:39.074+0500: 19.152: [GC (CMS Initial Mark) [1 CMS-initial-mark: 174780K(174784K)] 227747K(253440K), 0.0021900 secs] [Times: user=0.00 sys=0.00, real=0.00 secs] 
2018-07-09T23:27:39.076+0500: 19.154: [CMS-concurrent-mark-start]
2018-07-09T23:27:39.080+0500: 19.158: [Full GC (Allocation Failure) 2018-07-09T23:27:39.080+0500: 19.158: [CMS2018-07-09T23:27:39.086+0500: 19.164: [CMS-concurrent-mark: 0.009/0.010 secs] [Times: user=0.03 sys=0.00, real=0.01 secs] 
 (concurrent mode failure): 174780K->174780K(174784K), 0.0275812 secs] 253431K->240141K(253440K), [Metaspace: 5312K->5312K(1056768K)], 0.0276646 secs] [Times: user=0.02 sys=0.00, real=0.03 secs] 
2018-07-09T23:27:39.110+0500: 19.187: [Full GC (Allocation Failure) 2018-07-09T23:27:39.110+0500: 19.188: [CMS: 174780K->174780K(174784K), 0.0199125 secs] 253431K->246786K(253440K), [Metaspace: 5312K->5312K(1056768K)], 0.0199792 secs] [Times: user=0.01 sys=0.00, real=0.02 secs] 
2018-07-09T23:27:39.130+0500: 19.208: [GC (CMS Initial Mark) [1 CMS-initial-mark: 174780K(174784K)] 246805K(253440K), 0.0025800 secs] [Times: user=0.00 sys=0.00, real=0.00 secs] 
2018-07-09T23:27:39.132+0500: 19.210: [CMS-concurrent-mark-start]
2018-07-09T23:27:39.133+0500: 19.211: [Full GC (Allocation Failure) 2018-07-09T23:27:39.133+0500: 19.211: [CMS2018-07-09T23:27:39.141+0500: 19.219: [CMS-concurrent-mark: 0.008/0.009 secs] [Times: user=0.02 sys=0.00, real=0.01 secs] 
 (concurrent mode failure): 174780K->174780K(174784K), 0.0271655 secs] 253428K->250115K(253440K), [Metaspace: 5312K->5312K(1056768K)], 0.0272506 secs] [Times: user=0.03 sys=0.00, real=0.03 secs] 
2018-07-09T23:27:40.179+0500: 20.258: [Full GC (Allocation Failure) 2018-07-09T23:27:40.179+0500: 20.258: [CMS: 174783K->174778K(174784K), 0.0651827 secs] 253438K->237441K(253440K), [Metaspace: 5312K->5312K(1056768K)], 0.0652670 secs] [Times: user=0.06 sys=0.00, real=0.07 secs] 
2018-07-09T23:27:40.245+0500: 20.323: [GC (CMS Initial Mark) [1 CMS-initial-mark: 174778K(174784K)] 237752K(253440K), 0.0024517 secs] [Times: user=0.00 sys=0.00, real=0.00 secs] 
2018-07-09T23:27:40.247+0500: 20.326: [CMS-concurrent-mark-start]
2018-07-09T23:27:40.250+0500: 20.328: [Full GC (Allocation Failure) 2018-07-09T23:27:40.250+0500: 20.328: [CMS2018-07-09T23:27:40.256+0500: 20.335: [CMS-concurrent-mark: 0.009/0.009 secs] [Times: user=0.03 sys=0.00, real=0.01 secs] 
 (concurrent mode failure): 174778K->174777K(174784K), 0.0292332 secs] 253430K->245449K(253440K), [Metaspace: 5312K->5312K(1056768K)], 0.0293055 secs] [Times: user=0.01 sys=0.00, real=0.03 secs] 
2018-07-09T23:27:40.280+0500: 20.359: [Full GC (Allocation Failure) 2018-07-09T23:27:40.281+0500: 20.359: [CMS: 174777K->174777K(174784K), 0.0195708 secs] 253431K->249443K(253440K), [Metaspace: 5312K->5312K(1056768K)], 0.0196584 secs] [Times: user=0.03 sys=0.00, real=0.02 secs] 
2018-07-09T23:27:40.300+0500: 20.378: [GC (CMS Initial Mark) [1 CMS-initial-mark: 174777K(174784K)] 249460K(253440K), 0.0026647 secs] [Times: user=0.00 sys=0.00, real=0.00 secs] 
2018-07-09T23:27:40.303+0500: 20.381: [CMS-concurrent-mark-start]
2018-07-09T23:27:40.304+0500: 20.382: [Full GC (Allocation Failure) 2018-07-09T23:27:40.304+0500: 20.382: [CMS2018-07-09T23:27:40.312+0500: 20.390: [CMS-concurrent-mark: 0.008/0.008 secs] [Times: user=0.02 sys=0.00, real=0.01 secs] 
 (concurrent mode failure): 174777K->174777K(174784K), 0.0270406 secs] 253433K->251440K(253440K), [Metaspace: 5312K->5312K(1056768K)], 0.0271048 secs] [Times: user=0.03 sys=0.00, real=0.03 secs] 
2018-07-09T23:27:40.331+0500: 20.409: [Full GC (Allocation Failure) 2018-07-09T23:27:40.331+0500: 20.410: [CMS: 174777K->174777K(174784K), 0.0194241 secs] 253430K->252435K(253440K), [Metaspace: 5312K->5312K(1056768K)], 0.0194792 secs] [Times: user=0.02 sys=0.00, real=0.02 secs] 
2018-07-09T23:27:40.351+0500: 20.429: [GC (CMS Initial Mark) [1 CMS-initial-mark: 174777K(174784K)] 252443K(253440K), 0.0026681 secs] [Times: user=0.00 sys=0.00, real=0.00 secs] 
2018-07-09T23:27:40.354+0500: 20.432: [CMS-concurrent-mark-start]
2018-07-09T23:27:40.354+0500: 20.432: [Full GC (Allocation Failure) 2018-07-09T23:27:40.354+0500: 20.432: [CMS2018-07-09T23:27:40.362+0500: 20.440: [CMS-concurrent-mark: 0.008/0.008 secs] [Times: user=0.01 sys=0.00, real=0.01 secs] 
 (concurrent mode failure): 174777K->174777K(174784K), 0.0274794 secs] 253433K->252938K(253440K), [Metaspace: 5312K->5312K(1056768K)], 0.0275328 secs] [Times: user=0.03 sys=0.00, real=0.03 secs] 
2018-07-09T23:27:40.382+0500: 20.460: [Full GC (Allocation Failure) 2018-07-09T23:27:40.382+0500: 20.460: [CMS: 174777K->174777K(174784K), 0.0186885 secs] 253431K->253184K(253440K), [Metaspace: 5312K->5312K(1056768K)], 0.0187398 secs] [Times: user=0.01 sys=0.00, real=0.02 secs] 
2018-07-09T23:27:40.401+0500: 20.479: [GC (CMS Initial Mark) [1 CMS-initial-mark: 174777K(174784K)] 253305K(253440K), 0.0026609 secs] [Times: user=0.00 sys=0.00, real=0.00 secs] 
2018-07-09T23:27:40.403+0500: 20.482: [CMS-concurrent-mark-start]
2018-07-09T23:27:40.404+0500: 20.482: [Full GC (Allocation Failure) 2018-07-09T23:27:40.404+0500: 20.482: [CMS2018-07-09T23:27:40.412+0500: 20.490: [CMS-concurrent-mark: 0.009/0.009 secs] [Times: user=0.02 sys=0.00, real=0.01 secs] 
 (concurrent mode failure): 174777K->174777K(174784K), 0.0279485 secs] 253433K->253303K(253440K), [Metaspace: 5312K->5312K(1056768K)], 0.0280195 secs] [Times: user=0.03 sys=0.00, real=0.03 secs] 
2018-07-09T23:27:40.432+0500: 20.510: [Full GC (Allocation Failure) 2018-07-09T23:27:40.432+0500: 20.510: [CMS: 174777K->174777K(174784K), 0.0190554 secs] 253425K->253367K(253440K), [Metaspace: 5312K->5312K(1056768K)], 0.0191085 secs] [Times: user=0.02 sys=0.00, real=0.02 secs] 
2018-07-09T23:27:40.451+0500: 20.529: [GC (CMS Initial Mark) [1 CMS-initial-mark: 174777K(174784K)] 253385K(253440K), 0.0025492 secs] [Times: user=0.02 sys=0.00, real=0.00 secs] 
2018-07-09T23:27:40.454+0500: 20.532: [CMS-concurrent-mark-start]
2018-07-09T23:27:40.454+0500: 20.532: [Full GC (Allocation Failure) 2018-07-09T23:27:40.454+0500: 20.532: [CMS2018-07-09T23:27:40.463+0500: 20.541: [CMS-concurrent-mark: 0.009/0.009 secs] [Times: user=0.00 sys=0.00, real=0.01 secs] 
 (concurrent mode failure): 174777K->174777K(174784K), 0.0288406 secs] 253425K->253392K(253440K), [Metaspace: 5312K->5312K(1056768K)], 0.0288936 secs] [Times: user=0.02 sys=0.00, real=0.03 secs] 
2018-07-09T23:27:40.483+0500: 20.561: [Full GC (Allocation Failure) 2018-07-09T23:27:40.483+0500: 20.561: [CMS: 174777K->174777K(174784K), 0.0198261 secs] 253425K->253408K(253440K), [Metaspace: 5312K->5312K(1056768K)], 0.0198817 secs] [Times: user=0.03 sys=0.00, real=0.02 secs] 
2018-07-09T23:27:40.503+0500: 20.581: [GC (CMS Initial Mark) [1 CMS-initial-mark: 174777K(174784K)] 253425K(253440K), 0.0026143 secs] [Times: user=0.00 sys=0.00, real=0.00 secs] 
2018-07-09T23:27:40.506+0500: 20.584: [CMS-concurrent-mark-start]
2018-07-09T23:27:40.506+0500: 20.584: [Full GC (Allocation Failure) 2018-07-09T23:27:40.506+0500: 20.584: [CMS2018-07-09T23:27:40.514+0500: 20.592: [CMS-concurrent-mark: 0.008/0.008 secs] [Times: user=0.00 sys=0.00, real=0.01 secs] 
 (concurrent mode failure): 174777K->174777K(174784K), 0.0276175 secs] 253425K->253416K(253440K), [Metaspace: 5312K->5312K(1056768K)], 0.0276693 secs] [Times: user=0.03 sys=0.00, real=0.03 secs] 
2018-07-09T23:27:40.533+0500: 20.612: [Full GC (Allocation Failure) 2018-07-09T23:27:40.533+0500: 20.612: [CMS: 174777K->174777K(174784K), 0.0205351 secs] 253424K->253424K(253440K), [Metaspace: 5312K->5312K(1056768K)], 0.0205924 secs] [Times: user=0.02 sys=0.00, real=0.02 secs] 
2018-07-09T23:27:40.554+0500: 20.632: [Full GC (Allocation Failure) 2018-07-09T23:27:40.554+0500: 20.632: [CMS: 174777K->174777K(174784K), 0.0195156 secs] 253424K->253424K(253440K), [Metaspace: 5312K->5312K(1056768K)], 0.0195695 secs] [Times: user=0.02 sys=0.00, real=0.02 secs] 
2018-07-09T23:27:40.574+0500: 20.652: [GC (CMS Initial Mark) [1 CMS-initial-mark: 174777K(174784K)] 253424K(253440K), 0.0024795 secs] [Times: user=0.00 sys=0.00, real=0.00 secs] 
2018-07-09T23:27:40.576+0500: 20.654: [CMS-concurrent-mark-start]
2018-07-09T23:27:40.578+0500: 20.656: [Full GC (Allocation Failure) 2018-07-09T23:27:40.578+0500: 20.656: [CMS2018-07-09T23:27:40.585+0500: 20.664: [CMS-concurrent-mark: 0.009/0.009 secs] [Times: user=0.02 sys=0.02, real=0.01 secs] 
 (concurrent mode failure): 174780K->725K(174784K), 0.0167795 secs] 253436K->725K(253440K), [Metaspace: 5323K->5323K(1056768K)], 0.0168410 secs] [Times: user=0.02 sys=0.00, real=0.02 secs] 
Heap
 par new generation   total 78656K, used 2800K [0x00000000f0000000, 0x00000000f5550000, 0x00000000f5550000)
  eden space 69952K,   4% used [0x00000000f0000000, 0x00000000f02bc258, 0x00000000f4450000)
  from space 8704K,   0% used [0x00000000f4cd0000, 0x00000000f4cd0000, 0x00000000f5550000)
  to   space 8704K,   0% used [0x00000000f4450000, 0x00000000f4450000, 0x00000000f4cd0000)
 concurrent mark-sweep generation total 174784K, used 725K [0x00000000f5550000, 0x0000000100000000, 0x0000000100000000)
 Metaspace       used 5329K, capacity 5356K, committed 5632K, reserved 1056768K
  class space    used 633K, capacity 652K, committed 768K, reserved 1048576K
