Java HotSpot(TM) 64-Bit Server VM (25.131-b11) for windows-amd64 JRE (1.8.0_131-b11), built on Mar 15 2017 01:23:53 by "java_re" with MS VC++ 10.0 (VS2010)
Memory: 4k page, physical 8300384k(3043524k free), swap 10135392k(2229232k free)
CommandLine flags: -XX:GCLogFileSize=1048576 -XX:InitialHeapSize=268435456 -XX:MaxHeapSize=268435456 -XX:+PrintGC -XX:+PrintGCDateStamps -XX:+PrintGCDetails -XX:+PrintGCTimeStamps -XX:+UseCompressedClassPointers -XX:+UseCompressedOops -XX:-UseLargePagesIndividualAllocation -XX:+UseParallelGC 
2018-07-09T23:25:25.042+0500: 1.282: [GC (Allocation Failure) [PSYoungGen: 65536K->10752K(76288K)] 65536K->19612K(251392K), 0.0178208 secs] [Times: user=0.00 sys=0.02, real=0.02 secs] 
2018-07-09T23:25:26.073+0500: 2.314: [GC (Allocation Failure) [PSYoungGen: 76288K->10724K(76288K)] 85148K->48065K(251392K), 0.0112640 secs] [Times: user=0.03 sys=0.03, real=0.01 secs] 
2018-07-09T23:25:27.096+0500: 3.336: [GC (Allocation Failure) [PSYoungGen: 76260K->10742K(76288K)] 113601K->82042K(251392K), 0.0114791 secs] [Times: user=0.00 sys=0.00, real=0.01 secs] 
2018-07-09T23:25:29.125+0500: 5.366: [GC (Allocation Failure) [PSYoungGen: 76278K->10738K(76288K)] 147578K->114952K(251392K), 0.0116497 secs] [Times: user=0.00 sys=0.00, real=0.01 secs] 
2018-07-09T23:25:30.152+0500: 6.392: [GC (Allocation Failure) [PSYoungGen: 76274K->10738K(76288K)] 180488K->149120K(251392K), 0.0116301 secs] [Times: user=0.03 sys=0.03, real=0.01 secs] 
2018-07-09T23:25:30.164+0500: 6.404: [Full GC (Ergonomics) [PSYoungGen: 10738K->0K(76288K)] [ParOldGen: 138381K->91652K(175104K)] 149120K->91652K(251392K), [Metaspace: 5309K->5309K(1056768K)], 0.0330389 secs] [Times: user=0.08 sys=0.00, real=0.03 secs] 
2018-07-09T23:25:31.211+0500: 7.452: [GC (Allocation Failure) [PSYoungGen: 65536K->10747K(40448K)] 157188K->126725K(215552K), 0.0070016 secs] [Times: user=0.00 sys=0.00, real=0.01 secs] 
2018-07-09T23:25:32.231+0500: 8.471: [GC (Allocation Failure) [PSYoungGen: 40443K->26971K(58368K)] 156421K->142949K(233472K), 0.0051263 secs] [Times: user=0.06 sys=0.00, real=0.01 secs] 
2018-07-09T23:25:33.249+0500: 9.490: [GC (Allocation Failure) [PSYoungGen: 56667K->28667K(58368K)] 172645K->158418K(233472K), 0.0081088 secs] [Times: user=0.06 sys=0.00, real=0.01 secs] 
2018-07-09T23:25:33.262+0500: 9.503: [GC (Allocation Failure) [PSYoungGen: 58363K->28672K(58368K)] 188114K->173307K(233472K), 0.0087002 secs] [Times: user=0.06 sys=0.00, real=0.01 secs] 
2018-07-09T23:25:33.271+0500: 9.511: [Full GC (Ergonomics) [PSYoungGen: 28672K->0K(58368K)] [ParOldGen: 144635K->129900K(175104K)] 173307K->129900K(233472K), [Metaspace: 5313K->5313K(1056768K)], 0.0386305 secs] [Times: user=0.08 sys=0.00, real=0.04 secs] 
2018-07-09T23:25:34.323+0500: 10.564: [GC (Allocation Failure) [PSYoungGen: 29696K->16512K(58368K)] 159596K->146412K(233472K), 0.0035008 secs] [Times: user=0.00 sys=0.00, real=0.00 secs] 
2018-07-09T23:25:34.330+0500: 10.571: [GC (Allocation Failure) [PSYoungGen: 46208K->16960K(58368K)] 176108K->162040K(233472K), 0.0064700 secs] [Times: user=0.00 sys=0.00, real=0.01 secs] 
2018-07-09T23:25:34.337+0500: 10.578: [Full GC (Ergonomics) [PSYoungGen: 16960K->0K(58368K)] [ParOldGen: 145080K->148918K(175104K)] 162040K->148918K(233472K), [Metaspace: 5314K->5314K(1056768K)], 0.0411062 secs] [Times: user=0.19 sys=0.00, real=0.04 secs] 
2018-07-09T23:25:35.393+0500: 11.633: [Full GC (Ergonomics) [PSYoungGen: 29696K->0K(58368K)] [ParOldGen: 148918K->149407K(175104K)] 178614K->149407K(233472K), [Metaspace: 5314K->5314K(1056768K)], 0.0417318 secs] [Times: user=0.13 sys=0.00, real=0.04 secs] 
2018-07-09T23:25:36.450+0500: 12.691: [Full GC (Ergonomics) [PSYoungGen: 29696K->0K(58368K)] [ParOldGen: 149407K->153873K(175104K)] 179103K->153873K(233472K), [Metaspace: 5314K->5314K(1056768K)], 0.0413380 secs] [Times: user=0.19 sys=0.00, real=0.04 secs] 
2018-07-09T23:25:36.496+0500: 12.737: [Full GC (Ergonomics) [PSYoungGen: 29691K->0K(58368K)] [ParOldGen: 153873K->168689K(175104K)] 183564K->168689K(233472K), [Metaspace: 5314K->5314K(1056768K)], 0.0187137 secs] [Times: user=0.09 sys=0.02, real=0.02 secs] 
2018-07-09T23:25:37.533+0500: 13.773: [Full GC (Ergonomics) [PSYoungGen: 29696K->0K(58368K)] [ParOldGen: 168689K->169152K(175104K)] 198385K->169152K(233472K), [Metaspace: 5314K->5314K(1056768K)], 0.0471023 secs] [Times: user=0.19 sys=0.00, real=0.05 secs] 
2018-07-09T23:25:37.584+0500: 13.824: [Full GC (Ergonomics) [PSYoungGen: 29696K->8919K(58368K)] [ParOldGen: 169152K->175026K(175104K)] 198848K->183945K(233472K), [Metaspace: 5314K->5314K(1056768K)], 0.0187591 secs] [Times: user=0.06 sys=0.00, real=0.02 secs] 
2018-07-09T23:25:38.619+0500: 14.859: [Full GC (Ergonomics) [PSYoungGen: 29696K->8956K(58368K)] [ParOldGen: 175026K->175091K(175104K)] 204722K->184047K(233472K), [Metaspace: 5314K->5314K(1056768K)], 0.0504072 secs] [Times: user=0.19 sys=0.00, real=0.05 secs] 
2018-07-09T23:25:38.672+0500: 14.913: [Full GC (Ergonomics) [PSYoungGen: 29696K->19275K(58368K)] [ParOldGen: 175091K->175091K(175104K)] 204787K->194367K(233472K), [Metaspace: 5314K->5314K(1056768K)], 0.0183079 secs] [Times: user=0.06 sys=0.00, real=0.02 secs] 
2018-07-09T23:25:38.692+0500: 14.933: [Full GC (Ergonomics) [PSYoungGen: 29696K->24451K(58368K)] [ParOldGen: 175091K->175091K(175104K)] 204787K->199543K(233472K), [Metaspace: 5314K->5314K(1056768K)], 0.0164925 secs] [Times: user=0.06 sys=0.00, real=0.02 secs] 
2018-07-09T23:25:39.724+0500: 15.965: [Full GC (Ergonomics) [PSYoungGen: 29696K->12721K(58368K)] [ParOldGen: 175091K->175087K(175104K)] 204787K->187809K(233472K), [Metaspace: 5314K->5314K(1056768K)], 0.0569187 secs] [Times: user=0.19 sys=0.00, real=0.06 secs] 
2018-07-09T23:25:39.783+0500: 16.024: [Full GC (Ergonomics) [PSYoungGen: 29696K->21191K(58368K)] [ParOldGen: 175087K->175087K(175104K)] 204783K->196279K(233472K), [Metaspace: 5314K->5314K(1056768K)], 0.0171605 secs] [Times: user=0.06 sys=0.00, real=0.02 secs] 
2018-07-09T23:25:39.801+0500: 16.042: [Full GC (Ergonomics) [PSYoungGen: 29696K->25414K(58368K)] [ParOldGen: 175087K->175087K(175104K)] 204783K->200502K(233472K), [Metaspace: 5314K->5314K(1056768K)], 0.0176356 secs] [Times: user=0.06 sys=0.00, real=0.02 secs] 
2018-07-09T23:25:39.820+0500: 16.060: [Full GC (Ergonomics) [PSYoungGen: 29696K->27543K(58368K)] [ParOldGen: 175087K->175087K(175104K)] 204783K->202631K(233472K), [Metaspace: 5314K->5314K(1056768K)], 0.0172199 secs] [Times: user=0.06 sys=0.00, real=0.02 secs] 
2018-07-09T23:25:39.837+0500: 16.078: [Full GC (Ergonomics) [PSYoungGen: 29696K->28610K(58368K)] [ParOldGen: 175087K->175087K(175104K)] 204783K->203698K(233472K), [Metaspace: 5314K->5314K(1056768K)], 0.0174248 secs] [Times: user=0.06 sys=0.00, real=0.02 secs] 
2018-07-09T23:25:39.855+0500: 16.096: [Full GC (Ergonomics) [PSYoungGen: 29695K->29153K(58368K)] [ParOldGen: 175087K->175087K(175104K)] 204783K->204240K(233472K), [Metaspace: 5314K->5314K(1056768K)], 0.0163783 secs] [Times: user=0.06 sys=0.00, real=0.02 secs] 
2018-07-09T23:25:39.871+0500: 16.112: [Full GC (Ergonomics) [PSYoungGen: 29690K->29419K(58368K)] [ParOldGen: 175087K->175087K(175104K)] 204778K->204507K(233472K), [Metaspace: 5314K->5314K(1056768K)], 0.0171220 secs] [Times: user=0.06 sys=0.00, real=0.02 secs] 
2018-07-09T23:25:39.889+0500: 16.130: [Full GC (Ergonomics) [PSYoungGen: 29691K->29549K(58368K)] [ParOldGen: 175087K->175087K(175104K)] 204779K->204637K(233472K), [Metaspace: 5314K->5314K(1056768K)], 0.0168380 secs] [Times: user=0.08 sys=0.00, real=0.02 secs] 
2018-07-09T23:25:39.906+0500: 16.147: [Full GC (Ergonomics) [PSYoungGen: 29694K->29623K(58368K)] [ParOldGen: 175087K->175087K(175104K)] 204782K->204711K(233472K), [Metaspace: 5314K->5314K(1056768K)], 0.0172914 secs] [Times: user=0.06 sys=0.00, real=0.02 secs] 
2018-07-09T23:25:39.923+0500: 16.164: [Full GC (Ergonomics) [PSYoungGen: 29695K->29655K(58368K)] [ParOldGen: 175087K->175087K(175104K)] 204783K->204743K(233472K), [Metaspace: 5314K->5314K(1056768K)], 0.0163522 secs] [Times: user=0.06 sys=0.00, real=0.02 secs] 
2018-07-09T23:25:39.940+0500: 16.180: [Full GC (Ergonomics) [PSYoungGen: 29693K->29672K(58368K)] [ParOldGen: 175087K->175087K(175104K)] 204781K->204760K(233472K), [Metaspace: 5314K->5314K(1056768K)], 0.0172281 secs] [Times: user=0.02 sys=0.00, real=0.02 secs] 
2018-07-09T23:25:39.957+0500: 16.198: [Full GC (Ergonomics) [PSYoungGen: 29694K->29680K(58368K)] [ParOldGen: 175087K->175087K(175104K)] 204782K->204768K(233472K), [Metaspace: 5314K->5314K(1056768K)], 0.0162996 secs] [Times: user=0.06 sys=0.00, real=0.02 secs] 
2018-07-09T23:25:39.974+0500: 16.214: [Full GC (Ergonomics) [PSYoungGen: 29696K->29680K(58368K)] [ParOldGen: 175087K->175087K(175104K)] 204783K->204768K(233472K), [Metaspace: 5314K->5314K(1056768K)], 0.0174663 secs] [Times: user=0.06 sys=0.00, real=0.02 secs] 
2018-07-09T23:25:39.991+0500: 16.232: [Full GC (Ergonomics) [PSYoungGen: 29688K->29688K(58368K)] [ParOldGen: 175087K->175087K(175104K)] 204776K->204776K(233472K), [Metaspace: 5314K->5314K(1056768K)], 0.0171126 secs] [Times: user=0.06 sys=0.00, real=0.02 secs] 
2018-07-09T23:25:40.008+0500: 16.249: [Full GC (Ergonomics) [PSYoungGen: 29694K->29680K(58368K)] [ParOldGen: 175096K->175096K(175104K)] 204790K->204776K(233472K), [Metaspace: 5314K->5314K(1056768K)], 0.0171391 secs] [Times: user=0.06 sys=0.00, real=0.02 secs] 
2018-07-09T23:25:40.026+0500: 16.266: [Full GC (Ergonomics) [PSYoungGen: 29688K->29688K(58368K)] [ParOldGen: 175096K->175096K(175104K)] 204784K->204784K(233472K), [Metaspace: 5314K->5314K(1056768K)], 0.0171840 secs] [Times: user=0.06 sys=0.00, real=0.02 secs] 
2018-07-09T23:25:40.043+0500: 16.284: [Full GC (Allocation Failure) [PSYoungGen: 29688K->29688K(58368K)] [ParOldGen: 175096K->175034K(175104K)] 204784K->204722K(233472K), [Metaspace: 5314K->5314K(1056768K)], 0.0506792 secs] [Times: user=0.20 sys=0.00, real=0.05 secs] 
2018-07-09T23:25:40.094+0500: 16.335: [Full GC (Ergonomics) [PSYoungGen: 29692K->29680K(58368K)] [ParOldGen: 175099K->175075K(175104K)] 204792K->204755K(233472K), [Metaspace: 5314K->5314K(1056768K)], 0.0178901 secs] [Times: user=0.05 sys=0.00, real=0.02 secs] 
2018-07-09T23:25:40.112+0500: 16.353: [Full GC (Ergonomics) [PSYoungGen: 29691K->29688K(58368K)] [ParOldGen: 175075K->175066K(175104K)] 204766K->204755K(233472K), [Metaspace: 5314K->5314K(1056768K)], 0.0169796 secs] [Times: user=0.02 sys=0.00, real=0.02 secs] 
2018-07-09T23:25:40.129+0500: 16.370: [Full GC (Ergonomics) [PSYoungGen: 29690K->29688K(58368K)] [ParOldGen: 175099K->175083K(175104K)] 204790K->204772K(233472K), [Metaspace: 5314K->5314K(1056768K)], 0.0171549 secs] [Times: user=0.06 sys=0.00, real=0.02 secs] 
2018-07-09T23:25:40.146+0500: 16.387: [Full GC (Ergonomics) [PSYoungGen: 29690K->29688K(58368K)] [ParOldGen: 175099K->175091K(175104K)] 204790K->204780K(233472K), [Metaspace: 5314K->5314K(1056768K)], 0.0165036 secs] [Times: user=0.06 sys=0.00, real=0.02 secs] 
2018-07-09T23:25:40.163+0500: 16.404: [Full GC (Ergonomics) [PSYoungGen: 29688K->29688K(58368K)] [ParOldGen: 175099K->175099K(175104K)] 204788K->204788K(233472K), [Metaspace: 5314K->5314K(1056768K)], 0.0171126 secs] [Times: user=0.06 sys=0.00, real=0.02 secs] 
2018-07-09T23:25:40.180+0500: 16.421: [Full GC (Allocation Failure) [PSYoungGen: 29688K->29688K(58368K)] [ParOldGen: 175099K->175099K(175104K)] 204788K->204788K(233472K), [Metaspace: 5314K->5314K(1056768K)], 0.0177002 secs] [Times: user=0.06 sys=0.00, real=0.02 secs] 
2018-07-09T23:25:40.199+0500: 16.439: [Full GC (Ergonomics) [PSYoungGen: 29696K->0K(58368K)] [ParOldGen: 175102K->2049K(175104K)] 204798K->2049K(233472K), [Metaspace: 5323K->5323K(1056768K)], 0.0034413 secs] [Times: user=0.00 sys=0.00, real=0.00 secs] 
Heap
 PSYoungGen      total 58368K, used 1190K [0x00000000fab00000, 0x0000000100000000, 0x0000000100000000)
  eden space 29696K, 4% used [0x00000000fab00000,0x00000000fac29978,0x00000000fc800000)
  from space 28672K, 0% used [0x00000000fc800000,0x00000000fc800000,0x00000000fe400000)
  to   space 28672K, 0% used [0x00000000fe400000,0x00000000fe400000,0x0000000100000000)
 ParOldGen       total 175104K, used 2049K [0x00000000f0000000, 0x00000000fab00000, 0x00000000fab00000)
  object space 175104K, 1% used [0x00000000f0000000,0x00000000f0200790,0x00000000fab00000)
 Metaspace       used 5331K, capacity 5356K, committed 5632K, reserved 1056768K
  class space    used 633K, capacity 652K, committed 768K, reserved 1048576K
