Java HotSpot(TM) 64-Bit Server VM (25.131-b11) for windows-amd64 JRE (1.8.0_131-b11), built on Mar 15 2017 01:23:53 by "java_re" with MS VC++ 10.0 (VS2010)
Memory: 4k page, physical 8300384k(3036600k free), swap 10135392k(2230400k free)
CommandLine flags: -XX:GCLogFileSize=1048576 -XX:InitialHeapSize=268435456 -XX:MaxHeapSize=268435456 -XX:+PrintGC -XX:+PrintGCDateStamps -XX:+PrintGCDetails -XX:+PrintGCTimeStamps -XX:+UseCompressedClassPointers -XX:+UseCompressedOops -XX:-UseLargePagesIndividualAllocation -XX:+UseParallelOldGC 
2018-07-09T23:26:35.876+0500: 1.284: [GC (Allocation Failure) [PSYoungGen: 65536K->10728K(76288K)] 65536K->19543K(251392K), 0.0081609 secs] [Times: user=0.00 sys=0.00, real=0.01 secs] 
2018-07-09T23:26:36.898+0500: 2.305: [GC (Allocation Failure) [PSYoungGen: 76264K->10724K(76288K)] 85079K->48278K(251392K), 0.0109604 secs] [Times: user=0.02 sys=0.05, real=0.01 secs] 
2018-07-09T23:26:37.920+0500: 3.327: [GC (Allocation Failure) [PSYoungGen: 76260K->10742K(76288K)] 113814K->82226K(251392K), 0.0114992 secs] [Times: user=0.06 sys=0.00, real=0.01 secs] 
2018-07-09T23:26:39.949+0500: 5.356: [GC (Allocation Failure) [PSYoungGen: 76278K->10738K(76288K)] 147762K->115080K(251392K), 0.0110976 secs] [Times: user=0.03 sys=0.03, real=0.01 secs] 
2018-07-09T23:26:40.974+0500: 6.382: [GC (Allocation Failure) [PSYoungGen: 76274K->10738K(74752K)] 180616K->149362K(249856K), 0.0114992 secs] [Times: user=0.00 sys=0.06, real=0.01 secs] 
2018-07-09T23:26:40.986+0500: 6.393: [Full GC (Ergonomics) [PSYoungGen: 10738K->0K(74752K)] [ParOldGen: 138623K->91647K(175104K)] 149362K->91647K(249856K), [Metaspace: 5308K->5308K(1056768K)], 0.0284048 secs] [Times: user=0.06 sys=0.00, real=0.03 secs] 
2018-07-09T23:26:42.030+0500: 7.437: [GC (Allocation Failure) [PSYoungGen: 64000K->10747K(40448K)] 155647K->125226K(215552K), 0.0067839 secs] [Times: user=0.06 sys=0.00, real=0.01 secs] 
2018-07-09T23:26:43.049+0500: 8.456: [GC (Allocation Failure) [PSYoungGen: 40443K->27099K(58368K)] 154922K->141578K(233472K), 0.0053226 secs] [Times: user=0.00 sys=0.00, real=0.00 secs] 
2018-07-09T23:26:43.059+0500: 8.466: [GC (Allocation Failure) [PSYoungGen: 56795K->28667K(58368K)] 171274K->156836K(233472K), 0.0078607 secs] [Times: user=0.06 sys=0.00, real=0.01 secs] 
2018-07-09T23:26:44.080+0500: 9.487: [GC (Allocation Failure) [PSYoungGen: 58363K->28672K(58368K)] 186532K->171925K(233472K), 0.0086908 secs] [Times: user=0.00 sys=0.00, real=0.01 secs] 
2018-07-09T23:26:44.089+0500: 9.495: [Full GC (Ergonomics) [PSYoungGen: 28672K->0K(58368K)] [ParOldGen: 143253K->128470K(175104K)] 171925K->128470K(233472K), [Metaspace: 5312K->5312K(1056768K)], 0.0344553 secs] [Times: user=0.13 sys=0.00, real=0.03 secs] 
2018-07-09T23:26:45.136+0500: 10.543: [GC (Allocation Failure) [PSYoungGen: 29696K->16768K(58368K)] 158166K->145238K(233472K), 0.0036757 secs] [Times: user=0.00 sys=0.00, real=0.00 secs] 
2018-07-09T23:26:45.144+0500: 10.552: [GC (Allocation Failure) [PSYoungGen: 46464K->16864K(58368K)] 174934K->160832K(233472K), 0.0064084 secs] [Times: user=0.00 sys=0.00, real=0.01 secs] 
2018-07-09T23:26:45.151+0500: 10.558: [Full GC (Ergonomics) [PSYoungGen: 16864K->0K(58368K)] [ParOldGen: 143968K->147796K(175104K)] 160832K->147796K(233472K), [Metaspace: 5312K->5312K(1056768K)], 0.0379689 secs] [Times: user=0.14 sys=0.00, real=0.04 secs] 
2018-07-09T23:26:46.204+0500: 11.611: [Full GC (Ergonomics) [PSYoungGen: 29696K->0K(58368K)] [ParOldGen: 147796K->148268K(175104K)] 177492K->148268K(233472K), [Metaspace: 5312K->5312K(1056768K)], 0.0375943 secs] [Times: user=0.13 sys=0.00, real=0.04 secs] 
2018-07-09T23:26:46.246+0500: 11.653: [Full GC (Ergonomics) [PSYoungGen: 29696K->0K(58368K)] [ParOldGen: 148268K->162991K(175104K)] 177964K->162991K(233472K), [Metaspace: 5312K->5312K(1056768K)], 0.0291549 secs] [Times: user=0.13 sys=0.00, real=0.03 secs] 
2018-07-09T23:26:47.291+0500: 12.698: [Full GC (Ergonomics) [PSYoungGen: 29688K->0K(58368K)] [ParOldGen: 162991K->167535K(175104K)] 192679K->167535K(233472K), [Metaspace: 5312K->5312K(1056768K)], 0.0428750 secs] [Times: user=0.19 sys=0.00, real=0.04 secs] 
2018-07-09T23:26:48.350+0500: 13.758: [Full GC (Ergonomics) [PSYoungGen: 29692K->0K(58368K)] [ParOldGen: 167535K->167990K(175104K)] 197228K->167990K(233472K), [Metaspace: 5312K->5312K(1056768K)], 0.0454849 secs] [Times: user=0.16 sys=0.02, real=0.05 secs] 
2018-07-09T23:26:48.400+0500: 13.808: [Full GC (Ergonomics) [PSYoungGen: 29693K->7904K(58368K)] [ParOldGen: 167990K->174882K(175104K)] 197683K->182786K(233472K), [Metaspace: 5312K->5312K(1056768K)], 0.0202080 secs] [Times: user=0.05 sys=0.00, real=0.02 secs] 
2018-07-09T23:26:49.441+0500: 14.848: [Full GC (Ergonomics) [PSYoungGen: 29696K->8447K(58368K)] [ParOldGen: 174882K->174933K(175104K)] 204578K->183381K(233472K), [Metaspace: 5312K->5312K(1056768K)], 0.0466563 secs] [Times: user=0.14 sys=0.00, real=0.05 secs] 
2018-07-09T23:26:49.490+0500: 14.897: [Full GC (Ergonomics) [PSYoungGen: 29696K->19021K(58368K)] [ParOldGen: 174933K->174933K(175104K)] 204629K->193954K(233472K), [Metaspace: 5312K->5312K(1056768K)], 0.0168851 secs] [Times: user=0.06 sys=0.00, real=0.02 secs] 
2018-07-09T23:26:49.508+0500: 14.916: [Full GC (Ergonomics) [PSYoungGen: 29696K->24322K(58368K)] [ParOldGen: 174933K->174933K(175104K)] 204629K->199255K(233472K), [Metaspace: 5312K->5312K(1056768K)], 0.0164442 secs] [Times: user=0.06 sys=0.00, real=0.02 secs] 
2018-07-09T23:26:49.526+0500: 14.933: [Full GC (Ergonomics) [PSYoungGen: 29689K->26987K(58368K)] [ParOldGen: 174933K->174933K(175104K)] 204622K->201920K(233472K), [Metaspace: 5312K->5312K(1056768K)], 0.0157060 secs] [Times: user=0.06 sys=0.00, real=0.01 secs] 
2018-07-09T23:26:50.558+0500: 15.965: [Full GC (Ergonomics) [PSYoungGen: 29696K->14009K(58368K)] [ParOldGen: 174933K->174930K(175104K)] 204629K->188939K(233472K), [Metaspace: 5312K->5312K(1056768K)], 0.0508896 secs] [Times: user=0.17 sys=0.00, real=0.05 secs] 
2018-07-09T23:26:50.611+0500: 16.018: [Full GC (Ergonomics) [PSYoungGen: 29696K->21814K(58368K)] [ParOldGen: 174930K->174930K(175104K)] 204626K->196744K(233472K), [Metaspace: 5312K->5312K(1056768K)], 0.0169621 secs] [Times: user=0.06 sys=0.00, real=0.02 secs] 
2018-07-09T23:26:50.629+0500: 16.036: [Full GC (Ergonomics) [PSYoungGen: 29696K->25727K(58368K)] [ParOldGen: 174930K->174930K(175104K)] 204626K->200658K(233472K), [Metaspace: 5312K->5312K(1056768K)], 0.0164485 secs] [Times: user=0.02 sys=0.00, real=0.02 secs] 
2018-07-09T23:26:50.646+0500: 16.053: [Full GC (Ergonomics) [PSYoungGen: 29696K->27693K(58368K)] [ParOldGen: 174930K->174930K(175104K)] 204626K->202623K(233472K), [Metaspace: 5312K->5312K(1056768K)], 0.0167384 secs] [Times: user=0.06 sys=0.00, real=0.02 secs] 
2018-07-09T23:26:50.663+0500: 16.070: [Full GC (Ergonomics) [PSYoungGen: 29696K->28688K(58368K)] [ParOldGen: 174930K->174930K(175104K)] 204626K->203618K(233472K), [Metaspace: 5312K->5312K(1056768K)], 0.0159203 secs] [Times: user=0.06 sys=0.00, real=0.02 secs] 
2018-07-09T23:26:50.679+0500: 16.086: [Full GC (Ergonomics) [PSYoungGen: 29690K->29189K(58368K)] [ParOldGen: 174930K->174930K(175104K)] 204620K->204120K(233472K), [Metaspace: 5312K->5312K(1056768K)], 0.0163886 secs] [Times: user=0.06 sys=0.00, real=0.02 secs] 
2018-07-09T23:26:50.696+0500: 16.103: [Full GC (Ergonomics) [PSYoungGen: 29694K->29439K(58368K)] [ParOldGen: 174930K->174930K(175104K)] 204624K->204370K(233472K), [Metaspace: 5312K->5312K(1056768K)], 0.0161636 secs] [Times: user=0.06 sys=0.00, real=0.02 secs] 
2018-07-09T23:26:50.712+0500: 16.119: [Full GC (Ergonomics) [PSYoungGen: 29693K->29560K(58368K)] [ParOldGen: 174930K->174930K(175104K)] 204624K->204491K(233472K), [Metaspace: 5312K->5312K(1056768K)], 0.0162449 secs] [Times: user=0.06 sys=0.00, real=0.02 secs] 
2018-07-09T23:26:50.729+0500: 16.136: [Full GC (Ergonomics) [PSYoungGen: 29696K->29625K(58368K)] [ParOldGen: 174930K->174930K(175104K)] 204626K->204556K(233472K), [Metaspace: 5312K->5312K(1056768K)], 0.0157822 secs] [Times: user=0.06 sys=0.00, real=0.02 secs] 
2018-07-09T23:26:50.745+0500: 16.152: [Full GC (Ergonomics) [PSYoungGen: 29694K->29658K(58368K)] [ParOldGen: 174930K->174930K(175104K)] 204624K->204588K(233472K), [Metaspace: 5312K->5312K(1056768K)], 0.0160820 secs] [Times: user=0.06 sys=0.00, real=0.02 secs] 
2018-07-09T23:26:50.761+0500: 16.168: [Full GC (Ergonomics) [PSYoungGen: 29693K->29674K(58368K)] [ParOldGen: 174930K->174930K(175104K)] 204623K->204605K(233472K), [Metaspace: 5312K->5312K(1056768K)], 0.0161675 secs] [Times: user=0.06 sys=0.00, real=0.02 secs] 
2018-07-09T23:26:50.777+0500: 16.184: [Full GC (Ergonomics) [PSYoungGen: 29696K->29682K(58368K)] [ParOldGen: 174930K->174930K(175104K)] 204626K->204613K(233472K), [Metaspace: 5312K->5312K(1056768K)], 0.0162496 secs] [Times: user=0.06 sys=0.00, real=0.02 secs] 
2018-07-09T23:26:50.794+0500: 16.201: [Full GC (Ergonomics) [PSYoungGen: 29690K->29690K(58368K)] [ParOldGen: 174930K->174930K(175104K)] 204621K->204621K(233472K), [Metaspace: 5312K->5312K(1056768K)], 0.0158891 secs] [Times: user=0.06 sys=0.00, real=0.02 secs] 
2018-07-09T23:26:50.810+0500: 16.217: [Full GC (Ergonomics) [PSYoungGen: 29696K->29683K(58368K)] [ParOldGen: 175101K->175020K(175104K)] 204797K->204703K(233472K), [Metaspace: 5312K->5312K(1056768K)], 0.0160460 secs] [Times: user=0.06 sys=0.00, real=0.02 secs] 
2018-07-09T23:26:50.826+0500: 16.233: [Full GC (Ergonomics) [PSYoungGen: 29691K->29691K(58368K)] [ParOldGen: 175020K->175020K(175104K)] 204711K->204711K(233472K), [Metaspace: 5312K->5312K(1056768K)], 0.0154640 secs] [Times: user=0.06 sys=0.00, real=0.02 secs] 
2018-07-09T23:26:50.842+0500: 16.248: [Full GC (Ergonomics) [PSYoungGen: 29696K->29683K(58368K)] [ParOldGen: 175101K->175068K(175104K)] 204797K->204752K(233472K), [Metaspace: 5312K->5312K(1056768K)], 0.0161431 secs] [Times: user=0.06 sys=0.00, real=0.02 secs] 
2018-07-09T23:26:50.858+0500: 16.265: [Full GC (Ergonomics) [PSYoungGen: 29696K->29691K(58368K)] [ParOldGen: 175068K->175060K(175104K)] 204764K->204752K(233472K), [Metaspace: 5312K->5312K(1056768K)], 0.0162030 secs] [Times: user=0.06 sys=0.00, real=0.02 secs] 
2018-07-09T23:26:50.874+0500: 16.281: [Full GC (Ergonomics) [PSYoungGen: 29694K->29691K(58368K)] [ParOldGen: 175101K->175085K(175104K)] 204796K->204776K(233472K), [Metaspace: 5312K->5312K(1056768K)], 0.0164566 secs] [Times: user=0.08 sys=0.00, real=0.02 secs] 
2018-07-09T23:26:50.891+0500: 16.298: [Full GC (Ergonomics) [PSYoungGen: 29693K->29691K(58368K)] [ParOldGen: 175101K->175093K(175104K)] 204795K->204784K(233472K), [Metaspace: 5312K->5312K(1056768K)], 0.0162919 secs] [Times: user=0.05 sys=0.00, real=0.02 secs] 
2018-07-09T23:26:50.907+0500: 16.314: [Full GC (Ergonomics) [PSYoungGen: 29693K->29691K(58368K)] [ParOldGen: 175101K->175093K(175104K)] 204794K->204784K(233472K), [Metaspace: 5312K->5312K(1056768K)], 0.0162440 secs] [Times: user=0.06 sys=0.00, real=0.02 secs] 
2018-07-09T23:26:50.924+0500: 16.331: [Full GC (Ergonomics) [PSYoungGen: 29691K->29691K(58368K)] [ParOldGen: 175101K->175101K(175104K)] 204792K->204792K(233472K), [Metaspace: 5312K->5312K(1056768K)], 0.0164925 secs] [Times: user=0.06 sys=0.00, real=0.02 secs] 
2018-07-09T23:26:50.940+0500: 16.347: [Full GC (Allocation Failure) [PSYoungGen: 29691K->29691K(58368K)] [ParOldGen: 175101K->175039K(175104K)] 204792K->204731K(233472K), [Metaspace: 5312K->5312K(1056768K)], 0.0493462 secs] [Times: user=0.09 sys=0.00, real=0.05 secs] 
2018-07-09T23:26:50.990+0500: 16.397: [Full GC (Ergonomics) [PSYoungGen: 29693K->29691K(58368K)] [ParOldGen: 175096K->175064K(175104K)] 204790K->204755K(233472K), [Metaspace: 5312K->5312K(1056768K)], 0.0163065 secs] [Times: user=0.06 sys=0.00, real=0.02 secs] 
2018-07-09T23:26:51.006+0500: 16.413: [Full GC (Ergonomics) [PSYoungGen: 29693K->29691K(58368K)] [ParOldGen: 175096K->175080K(175104K)] 204790K->204772K(233472K), [Metaspace: 5312K->5312K(1056768K)], 0.0163749 secs] [Times: user=0.06 sys=0.00, real=0.02 secs] 
2018-07-09T23:26:51.023+0500: 16.430: [Full GC (Ergonomics) [PSYoungGen: 29693K->29691K(58368K)] [ParOldGen: 175096K->175088K(175104K)] 204790K->204780K(233472K), [Metaspace: 5312K->5312K(1056768K)], 0.0161380 secs] [Times: user=0.06 sys=0.00, real=0.02 secs] 
2018-07-09T23:26:51.039+0500: 16.446: [Full GC (Ergonomics) [PSYoungGen: 29691K->29691K(58368K)] [ParOldGen: 175096K->175096K(175104K)] 204788K->204788K(233472K), [Metaspace: 5312K->5312K(1056768K)], 0.0160991 secs] [Times: user=0.06 sys=0.00, real=0.02 secs] 
2018-07-09T23:26:51.055+0500: 16.462: [Full GC (Allocation Failure) [PSYoungGen: 29691K->29691K(58368K)] [ParOldGen: 175096K->175096K(175104K)] 204788K->204788K(233472K), [Metaspace: 5312K->5312K(1056768K)], 0.0160713 secs] [Times: user=0.06 sys=0.00, real=0.02 secs] 
2018-07-09T23:26:51.072+0500: 16.479: [Full GC (Ergonomics) [PSYoungGen: 29696K->0K(58368K)] [ParOldGen: 175101K->2155K(175104K)] 204797K->2155K(233472K), [Metaspace: 5322K->5322K(1056768K)], 0.0038468 secs] [Times: user=0.00 sys=0.00, real=0.00 secs] 
Heap
 PSYoungGen      total 58368K, used 1190K [0x00000000fab00000, 0x0000000100000000, 0x0000000100000000)
  eden space 29696K, 4% used [0x00000000fab00000,0x00000000fac299e8,0x00000000fc800000)
  from space 28672K, 0% used [0x00000000fc800000,0x00000000fc800000,0x00000000fe400000)
  to   space 28672K, 0% used [0x00000000fe400000,0x00000000fe400000,0x0000000100000000)
 ParOldGen       total 175104K, used 2155K [0x00000000f0000000, 0x00000000fab00000, 0x00000000fab00000)
  object space 175104K, 1% used [0x00000000f0000000,0x00000000f021ae00,0x00000000fab00000)
 Metaspace       used 5330K, capacity 5356K, committed 5632K, reserved 1056768K
  class space    used 633K, capacity 652K, committed 768K, reserved 1048576K
